#-----------------------------------------------------------
# xsim v2025.2 (64-bit)
# SW Build 6299465 on Fri Nov 14 19:35:11 GMT 2025
# IP Build 6300035 on Fri Nov 14 10:48:45 MST 2025
# SharedData Build 6298862 on Thu Nov 13 04:50:51 MST 2025
# Start of session at: Sat Oct 10 10:45:41 2026
# Process ID         : 22088
# Current directory  : D:/repo/XCKU5PMini/udp_hls_10g/_proj_10g/notes/p7b_p5wrapper_diag_20261010/work/H
# Command line       : xsim.exe -log xsim_uw.log -mode tcl -source {xsim.dir/tb_p5e_udp_wrapper/xsim_script.tcl}
# Log file           : D:/repo/XCKU5PMini/udp_hls_10g/_proj_10g/notes/p7b_p5wrapper_diag_20261010/work/H/xsim_uw.log
# Journal file       : D:/repo/XCKU5PMini/udp_hls_10g/_proj_10g/notes/p7b_p5wrapper_diag_20261010/work/H\xsim.jou
# Running On         : xyz-intel
# Platform           : Windows Server 2016 or Windows 10
# Operating System   : 26300
# Processor Detail   : Intel(R) Core(TM) Ultra 7 265K
# CPU Frequency      : 3878 MHz
# CPU Physical cores : 20
# CPU Logical cores  : 20
# Host memory        : 68053 MB
# Swap memory        : 4294 MB
# Total Virtual      : 72348 MB
# Available Virtual  : 49191 MB
#-----------------------------------------------------------
source xsim.dir/tb_p5e_udp_wrapper/xsim_script.tcl
# xsim {tb_p5e_udp_wrapper} -autoloadwcfg -runall
Time resolution is 1 ps
run -all
  [dbg] CRC32 self-test = cbf43926 (expect CBF43926)
Memory Collision Error on RAMB36E1 : tb_p5e_udp_wrapper.u_dut.u_udp_split.u_uf.gen_mem[0].u_main.gen_sdp.gen_wide.INT_RAMB_SDP.chk_for_col_msg at simulation time 55464.000 ns.
A read was performed on address 803f (hex) of port A while a write was requested to the same address on port B.  The write will be successful however the read value on port A is unknown until the next CLKA cycle.
  [dbg] injected 1526 GMII bytes (MAC 帧 1514 + 前导/FCS)
    [gmii] UDP 帧 #1: 1526 字节 (MAC 长 1514)
    [gmii] UDP 帧 #2: 1526 字节 (MAC 长 1514)
    [gmii] UDP 帧 #3: 1526 字节 (MAC 长 1514)
    [gmii] UDP 帧 #4: 1526 字节 (MAC 长 1514)
    [gmii] UDP 帧 #5: 1526 字节 (MAC 长 1514)
    [gmii] UDP 帧 #6: 1526 字节 (MAC 长 1514)
    [gmii] UDP 帧 #7: 1526 字节 (MAC 长 1514)
    [gmii] UDP 帧 #8: 1526 字节 (MAC 长 1514)
    [gmii] UDP 帧 #9: 1526 字节 (MAC 长 1514)
    [gmii] UDP 帧 #10: 1526 字节 (MAC 长 1514)
    [gmii] UDP 帧 #11: 1526 字节 (MAC 长 1514)
    [gmii] UDP 帧 #12: 1526 字节 (MAC 长 1514)
    [gmii] UDP 帧 #13: 1526 字节 (MAC 长 1514)
  [dbg] RX: app_rx_frames=1 app_rx_bytes=1472 mismatch=0 null=0 split_frames=1
  [dbg] mac_rx: frames=1 crc_err=0 drop=0 bytes=1518 | classify fast=0 slow=1 | split hls_frames=0 excl=0 part=0 ovf=0
  [dbg] udp_rx: pass=1 nonmatch=0 ipcsum=0 crc=0 bytes=1472
P5E-T5 UDP WRAPPER: gnfr=20 udp=13 tcp=7 tcp_tx_fr=7 udp_tx_fr=13
P5E-T5 UDP WRAPPER GATE: OK
$finish called at time : 307168 ns : File "D:/repo/XCKU5PMini/udp_hls_10g/tb/tb_p5e_udp_wrapper.v" Line 991
run: Time (s): cpu = 00:00:00 ; elapsed = 00:00:13 . Memory (MB): peak = 245.344 ; gain = 0.000
exit
INFO: xsimkernel Simulation Memory Usage: 34412 KB (Peak: 34412 KB), Simulation CPU Usage: 13250 ms
INFO: [Common 17-206] Exiting xsim at Sat Oct 10 10:45:57 2026...
