Copyright 1986-2022 Xilinx, Inc. All Rights Reserved. Copyright 2022-2025 Advanced Micro Devices, Inc. All Rights Reserved.
---------------------------------------------------------------------------------------------------------------------------------------------
| Tool Version : Vivado v.2025.2 (win64) Build 6299465 Fri Nov 14 19:35:11 GMT 2025
| Date         : Tue Sep 29 01:50:41 2026
| Host         : xyz-intel running 64-bit major release  (build 9200)
| Command      : report_utilization -file D:/repo/XCKU5PMini/udp_hls_10g/board/p6e_verify/p6e_utilization.routed.rpt
| Design       : wrapper_p4
| Device       : xcku5p-ffvb676-1-e
| Speed File   : -1
| Design State : Routed
---------------------------------------------------------------------------------------------------------------------------------------------

Utilization Design Information

Table of Contents
-----------------
1. CLB Logic
1.1 Summary of Registers by Type
2. CLB Logic Distribution
3. BLOCKRAM
4. ARITHMETIC
5. I/O
6. CLOCK
7. ADVANCED
8. CONFIGURATION
9. Primitives
10. Black Boxes
11. Instantiated Netlists

1. CLB Logic
------------

+----------------------------+-------+-------+------------+-----------+-------+
|          Site Type         |  Used | Fixed | Prohibited | Available | Util% |
+----------------------------+-------+-------+------------+-----------+-------+
| CLB LUTs                   | 63307 |     0 |          0 |    216960 | 29.18 |
|   LUT as Logic             | 57817 |     0 |          0 |    216960 | 26.65 |
|   LUT as Memory            |  5490 |     0 |          0 |     99840 |  5.50 |
|     LUT as Distributed RAM |  5440 |     0 |            |           |       |
|     LUT as Shift Register  |    50 |     0 |            |           |       |
| CLB Registers              | 59232 |     0 |          0 |    433920 | 13.65 |
|   Register as Flip Flop    | 59232 |     0 |          0 |    433920 | 13.65 |
|   Register as Latch        |     0 |     0 |          0 |    433920 |  0.00 |
| CARRY8                     |  1271 |     0 |          0 |     27120 |  4.69 |
| F7 Muxes                   |  3437 |     0 |          0 |    108480 |  3.17 |
| F8 Muxes                   |  1204 |     0 |          0 |     54240 |  2.22 |
| F9 Muxes                   |     0 |     0 |          0 |     27120 |  0.00 |
| Unique Control Sets        |  2304 |       |          0 |     54240 |  4.25 |
+----------------------------+-------+-------+------------+-----------+-------+
* Warning! LUT value is adjusted to account for LUT combining.
** Note: Available Control Sets calculated as Slices * 2, Review the Control Sets Report for more information regarding control sets.


1.1 Summary of Registers by Type
--------------------------------

+-------+--------------+-------------+--------------+
| Total | Clock Enable | Synchronous | Asynchronous |
+-------+--------------+-------------+--------------+
| 0     |            _ |           - |            - |
| 0     |            _ |           - |          Set |
| 0     |            _ |           - |        Reset |
| 0     |            _ |         Set |            - |
| 0     |            _ |       Reset |            - |
| 0     |          Yes |           - |            - |
| 334   |          Yes |           - |          Set |
| 27501 |          Yes |           - |        Reset |
| 243   |          Yes |         Set |            - |
| 31154 |          Yes |       Reset |            - |
+-------+--------------+-------------+--------------+


2. CLB Logic Distribution
-------------------------

+--------------------------------------------+-------+-------+------------+-----------+-------+
|                  Site Type                 |  Used | Fixed | Prohibited | Available | Util% |
+--------------------------------------------+-------+-------+------------+-----------+-------+
| CLB                                        | 14013 |     0 |          0 |     27120 | 51.67 |
|   CLBL                                     |  7668 |     0 |            |           |       |
|   CLBM                                     |  6345 |     0 |            |           |       |
| LUT as Logic                               | 57817 |     0 |          0 |    216960 | 26.65 |
|   using O5 output only                     |   560 |       |            |           |       |
|   using O6 output only                     | 44726 |       |            |           |       |
|   using O5 and O6                          | 12531 |       |            |           |       |
| LUT as Memory                              |  5490 |     0 |          0 |     99840 |  5.50 |
|   LUT as Distributed RAM                   |  5440 |     0 |            |           |       |
|     using O5 output only                   |     0 |       |            |           |       |
|     using O6 output only                   |  4048 |       |            |           |       |
|     using O5 and O6                        |  1392 |       |            |           |       |
|   LUT as Shift Register                    |    50 |     0 |            |           |       |
|     using O5 output only                   |     0 |       |            |           |       |
|     using O6 output only                   |    50 |       |            |           |       |
|     using O5 and O6                        |     0 |       |            |           |       |
| CLB Registers                              | 59232 |     0 |          0 |    433920 | 13.65 |
|   Register driven from within the CLB      | 34221 |       |            |           |       |
|   Register driven from outside the CLB     | 25011 |       |            |           |       |
|     LUT in front of the register is unused | 16628 |       |            |           |       |
|     LUT in front of the register is used   |  8383 |       |            |           |       |
+--------------------------------------------+-------+-------+------------+-----------+-------+


3. BLOCKRAM
-----------

+-------------------+------+-------+------------+-----------+-------+
|     Site Type     | Used | Fixed | Prohibited | Available | Util% |
+-------------------+------+-------+------------+-----------+-------+
| Block RAM Tile    |  348 |     0 |          0 |       480 | 72.50 |
|   RAMB36/FIFO*    |  317 |     0 |          0 |       480 | 66.04 |
|     RAMB36E2 only |  317 |       |            |           |       |
|   RAMB18          |   62 |     0 |          0 |       960 |  6.46 |
|     RAMB18E2 only |   62 |       |            |           |       |
| URAM              |    0 |     0 |          0 |        64 |  0.00 |
+-------------------+------+-------+------------+-----------+-------+
* Note: Each Block RAM Tile only has one FIFO logic available and therefore can accommodate only one FIFO36E2 or one FIFO18E2. However, if a FIFO18E2 occupies a Block RAM Tile, that tile can still accommodate a RAMB18E2


4. ARITHMETIC
-------------

+----------------+------+-------+------------+-----------+-------+
|    Site Type   | Used | Fixed | Prohibited | Available | Util% |
+----------------+------+-------+------------+-----------+-------+
| DSPs           |    4 |     0 |          0 |      1824 |  0.22 |
|   DSP48E2 only |    4 |       |            |           |       |
+----------------+------+-------+------------+-----------+-------+


5. I/O
------

+------------------+------+-------+------------+-----------+-------+
|     Site Type    | Used | Fixed | Prohibited | Available | Util% |
+------------------+------+-------+------------+-----------+-------+
| Bonded IOB       |   18 |    18 |          0 |       280 |  6.43 |
|   HPIOB_M        |    0 |     0 |          0 |        96 |  0.00 |
|   HPIOB_S        |    0 |     0 |          0 |        96 |  0.00 |
|   HDIOB_M        |    9 |     9 |          0 |        36 | 25.00 |
|     INPUT        |    4 |       |            |           |       |
|     OUTPUT       |    5 |       |            |           |       |
|     BIDIR        |    0 |       |            |           |       |
|   HDIOB_S        |    9 |     9 |          0 |        36 | 25.00 |
|     INPUT        |    3 |       |            |           |       |
|     OUTPUT       |    6 |       |            |           |       |
|     BIDIR        |    0 |       |            |           |       |
|   HPIOB_SNGL     |    0 |     0 |          0 |        16 |  0.00 |
| HPIOBDIFFINBUF   |    0 |     0 |          0 |        96 |  0.00 |
| HPIOBDIFFOUTBUF  |    0 |     0 |          0 |        96 |  0.00 |
| HDIOBDIFFINBUF   |    0 |     0 |          0 |        48 |  0.00 |
| BITSLICE_CONTROL |    0 |     0 |          0 |        32 |  0.00 |
| BITSLICE_RX_TX   |    0 |     0 |          0 |      1248 |  0.00 |
| BITSLICE_TX      |    0 |     0 |          0 |        32 |  0.00 |
| RIU_OR           |    0 |     0 |          0 |        16 |  0.00 |
+------------------+------+-------+------------+-----------+-------+


6. CLOCK
--------

+------------+------+-------+------------+-----------+-------+
|  Site Type | Used | Fixed | Prohibited | Available | Util% |
+------------+------+-------+------------+-----------+-------+
| BUFGCE     |    2 |     0 |          0 |       112 |  1.79 |
| BUFGCE_DIV |    0 |     0 |          0 |        16 |  0.00 |
| BUFG_GT    |    9 |     0 |          0 |        96 |  9.38 |
| BUFGCTRL*  |    0 |     0 |          0 |        32 |  0.00 |
| PLL        |    0 |     0 |          0 |         8 |  0.00 |
| MMCM       |    0 |     0 |          0 |         4 |  0.00 |
+------------+------+-------+------------+-----------+-------+
* Note: Each used BUFGCTRL counts as two GLOBAL CLOCK BUFFERs. This table does not include global clocking resources, only buffer cell usage. See the Clock Utilization Report (report_clock_utilization) for detailed accounting of global clocking resource availability.


7. ADVANCED
-----------

+-----------------+------+-------+------------+-----------+--------+
|    Site Type    | Used | Fixed | Prohibited | Available |  Util% |
+-----------------+------+-------+------------+-----------+--------+
| CMACE4          |    0 |     0 |          0 |         1 |   0.00 |
| GTYE4_CHANNEL   |    4 |     4 |          0 |        16 |  25.00 |
| GTYE4_COMMON    |    1 |     0 |          0 |         4 |  25.00 |
| OBUFDS_GTE4     |    0 |     0 |          0 |         8 |   0.00 |
| OBUFDS_GTE4_ADV |    0 |     0 |          0 |         8 |   0.00 |
| PCIE40E4        |    1 |     1 |          0 |         1 | 100.00 |
| SYSMONE4        |    0 |     0 |          0 |         1 |   0.00 |
+-----------------+------+-------+------------+-----------+--------+


8. CONFIGURATION
----------------

+-------------+------+-------+------------+-----------+-------+
|  Site Type  | Used | Fixed | Prohibited | Available | Util% |
+-------------+------+-------+------------+-----------+-------+
| BSCANE2     |    0 |     0 |          0 |         4 |  0.00 |
| DNA_PORTE2  |    0 |     0 |          0 |         1 |  0.00 |
| EFUSE_USR   |    0 |     0 |          0 |         1 |  0.00 |
| FRAME_ECCE4 |    0 |     0 |          0 |         1 |  0.00 |
| ICAPE3      |    0 |     0 |          0 |         2 |  0.00 |
| MASTER_JTAG |    0 |     0 |          0 |         1 |  0.00 |
| STARTUPE3   |    0 |     0 |          0 |         1 |  0.00 |
+-------------+------+-------+------------+-----------+-------+


9. Primitives
-------------

+---------------+-------+---------------------+
|    Ref Name   |  Used | Functional Category |
+---------------+-------+---------------------+
| FDRE          | 31154 |            Register |
| LUT6          | 29559 |                 CLB |
| FDCE          | 27501 |            Register |
| LUT5          | 12458 |                 CLB |
| LUT3          | 12314 |                 CLB |
| LUT4          |  8321 |                 CLB |
| LUT2          |  6966 |                 CLB |
| RAMD64E       |  4004 |                 CLB |
| MUXF7         |  3437 |                 CLB |
| RAMD32        |  2244 |                 CLB |
| CARRY8        |  1271 |                 CLB |
| MUXF8         |  1204 |                 CLB |
| LUT1          |   730 |                 CLB |
| RAMS32        |   552 |                 CLB |
| FDPE          |   334 |            Register |
| RAMB36E2      |   317 |            BLOCKRAM |
| FDSE          |   243 |            Register |
| RAMB18E2      |    62 |            BLOCKRAM |
| SRL16E        |    43 |                 CLB |
| RAMS64E       |    32 |                 CLB |
| OBUF          |    11 |                 I/O |
| BUFG_GT       |     9 |               Clock |
| SRLC32E       |     7 |                 CLB |
| INBUF         |     7 |                 I/O |
| IBUFCTRL      |     7 |              Others |
| OSERDESE3     |     6 |                 I/O |
| IDDRE1        |     5 |            Register |
| BUFG_GT_SYNC  |     5 |               Clock |
| GTYE4_CHANNEL |     4 |            Advanced |
| DSP48E2       |     4 |          Arithmetic |
| BUFGCE        |     2 |               Clock |
| PCIE40E4      |     1 |            Advanced |
| IBUFDS_GTE4   |     1 |                 I/O |
| GTYE4_COMMON  |     1 |            Advanced |
+---------------+-------+---------------------+


10. Black Boxes
---------------

+----------+------+
| Ref Name | Used |
+----------+------+


11. Instantiated Netlists
-------------------------

+----------+------+
| Ref Name | Used |
+----------+------+
| xdma_0   |    1 |
+----------+------+


