Vivado Simulator v2025.2
Copyright 1986-2022 Xilinx, Inc. All Rights Reserved.
Copyright 2022-2025 Advanced Micro Devices, Inc. All Rights Reserved.
Running: C:/AMDDesignTools/2025.2/Vivado/bin/unwrapped/win64.o/xelab.exe -debug typical -L unisims_ver xil_defaultlib.tb_fifo_async xil_defaultlib.glbl -s tb_fifo_async -log xe_rv.log 
Multi-threading is on. Using 18 slave threads.
Starting static elaboration
Pass Through NonSizing Optimizer
WARNING: [VRFC 10-3645] port 'dbg_occ_w' remains unconnected for this instance [D:/repo/XCKU5PMini/udp_hls_10g/review_scratch/rw/tb_fifo_async.v:112]
Completed static elaboration
Starting simulation data flow analysis
Completed simulation data flow analysis
Time Resolution for simulation is 1ps
Compiling module xil_defaultlib.fifo_async(AW=4)
Compiling module xil_defaultlib.fifo_async_chk_default
Compiling module xil_defaultlib.fifo_async(FWFT=0,AW=4)
Compiling module xil_defaultlib.fifo_async_chk(FWFT=0)
Compiling module xil_defaultlib.fifo_async(WIDTH=40,DEPTH=4,AW=2...
Compiling module xil_defaultlib.fifo_async_chk(WIDTH=40,DEPTH=4)
Compiling module xil_defaultlib.fifo_async(WIDTH=40,DEPTH=4,FWFT...
Compiling module xil_defaultlib.fifo_async_chk(WIDTH=40,DEPTH=4,...
Compiling module xil_defaultlib.tb_fifo_async
Compiling module xil_defaultlib.glbl
Built simulation snapshot tb_fifo_async
