#-----------------------------------------------------------
# xsim v2025.2 (64-bit)
# SW Build 6299465 on Fri Nov 14 19:35:11 GMT 2025
# IP Build 6300035 on Fri Nov 14 10:48:45 MST 2025
# SharedData Build 6298862 on Thu Nov 13 04:50:51 MST 2025
# Start of session at: Sat Oct 10 09:08:14 2026
# Process ID         : 23876
# Current directory  : D:/repo/XCKU5PMini/udp_hls_10g/_proj_10g/notes/p7b_biz_win
# Command line       : xsim.exe -log xsim_biz.log -mode tcl -source {xsim.dir/tb_biz_win/xsim_script.tcl}
# Log file           : D:/repo/XCKU5PMini/udp_hls_10g/_proj_10g/notes/p7b_biz_win/xsim_biz.log
# Journal file       : D:/repo/XCKU5PMini/udp_hls_10g/_proj_10g/notes/p7b_biz_win\xsim.jou
# Running On         : xyz-intel
# Platform           : Windows Server 2016 or Windows 10
# Operating System   : 26300
# Processor Detail   : Intel(R) Core(TM) Ultra 7 265K
# CPU Frequency      : 3878 MHz
# CPU Physical cores : 20
# CPU Logical cores  : 20
# Host memory        : 68053 MB
# Swap memory        : 4294 MB
# Total Virtual      : 72348 MB
# Available Virtual  : 49270 MB
#-----------------------------------------------------------
source xsim.dir/tb_biz_win/xsim_script.tcl
# xsim {tb_biz_win} -autoloadwcfg -runall
Time resolution is 1 ps
run -all
=== tb_biz_win: P7B-BIZ å¿«ç…§çª—å£é€å­—è¯»å›é—¨ (SNAP_NW=70) ===
  [PASS] 1a MAGIC = 50360001
  [PASS] 1b BUILD_ID = 00000008
  [PASS] 1c MARKEÿÿÿåÿÿÿÿÿÿ‘ÿÿ) = deadbeef
  [PASS] 2a geÿÿÿÿÿÿ½ = 1 = 00000001
  [PASS] 2b donÿÿÿ½ÿÿÿ· = 00000001
  [PASS] 2c [15:7] ÿÿÿåÿÿÿ…ÿÿÿº = 00000000
  [PASS] 3 W0..W69 å…± 70 å­—é€å­—ä¸€ä¸€å¯¹åº” (æ— é”™ä½/æ— å›ç»•)
  [PASS] ÿÿÿåÿÿÿ¡» 0 ÿÿ’ ÿÿÿæÿ® 3ÿÿÿ‰ÿÿ™) = 00000000
  [PASS] (NW-1) = 0x134 @NW=7ÿÿÿèÿÿÿ¾ÿÿÿ° = b17b0045
  [PASS] 5bÿÿÿ«ÿÿ— rresp = OKAY rresp=00
  [PASS] (0x20+4*NW = 0x138 @NW=7ÿÿÿåÿ 0 = 00000000
  [PASS] ÿÿÿœÿÿÿÿÿÿåÿÿÿ€ rresp = SLVERR rresp=10
  [PASS]  OKAÿÿÿåÿÿÿ»ÿÿÿ«ÿÿÿæÿÿÿœÿÿÿÿÿ„) rresp=00
  [PASS] AGICÿÿÿ‡ÿÿÿ¦ÿÿÿºÿÿÿçÿÿÿœ¨ 0x200) = 50360001
  [PASS] ÿÿÿÿÿ° ÿÿ’ ÿÿÿäÿÿÿ™ 11ÿÿÿˆÿÿÿ‹ rresp=10
  [PASS] 8aÿÿÿˆÿÿ™ SCRATCH ÿÿÿºÿÿ†) = a5a51234
  [PASS]  0x108 = SLVERR ÿÿÿÿÿ¯ SCRATCH) rresp=10
  [PASS] 8c SCRATCHÿÿÿªÿÿ« 0x10ÿÿÿ”ÿÿÿ° = a5a51234
  [PASS] 9ÿÿÿ‰ÿÿÿ®: doÿÿÿåÿÿÿ½ÿÿÿ· = 00000001
  [PASS] 9ÿÿÿ†™ 0x118 = SLVERR rresp=10
  [PASS] 9c genÿÿÿªÿÿ« 0x11ÿÿÿŠÿÿÿ‡ = 00000001
  [PASS] ÿÿ‰ ÿÿÿ’ÿÿÿƒÿÿÿåÿÿÿ¸­ SNAP_CTRL) = 00000001
  [PASS] ÿÿÿ¹ÿÿ§:ÿÿÿ™ 0x1ÿÿÿ¸ÿÿÿ‰ÿÿ† done = 00000000
  [PASS]  0x1ÿÿÿ½ÿÿÿÿÿÿÿÿÿ‰ snap_valid) = 00000001
  [PASS] ÿÿ¡ snap_valÿÿÿâÿ’ gÿÿÿæÿÿÿ¥½ +1 = 00000002
  [PASS] ÿÿÿÿÿÿ€ÿÿÿçÿÿÿÿÿÿçÿÿÿÿÿÿ»ÿÿ“) = b17b0005
----------------------------------------------------------
PASS_ALL  tb_biz_win: 26 é¡¹åˆ¤æ®å…¨è¿‡ (çª—å£ 70 å­—)
$finish called at time : 3695 ns : File "D:/repo/XCKU5PMini/udp_hls_10g/_proj_10g/notes/p7b_biz_win/tb_biz_win.v" Line 235
exit
INFO: [Common 17-206] Exiting xsim at Sat Oct 10 09:08:16 2026...
