#-----------------------------------------------------------
# xsim v2025.2 (64-bit)
# SW Build 6299465 on Fri Nov 14 19:35:11 GMT 2025
# IP Build 6300035 on Fri Nov 14 10:48:45 MST 2025
# SharedData Build 6298862 on Thu Nov 13 04:50:51 MST 2025
# Start of session at: Sat Oct 10 20:35:17 2026
# Process ID         : 10088
# Current directory  : D:/repo/XCKU5PMini/udp_hls_10g/sim/p7b_stagec_tx_regress/author_gate/runS
# Command line       : xsim.exe -log xs.log -mode tcl -source {xsim.dir/txovl/xsim_script.tcl}
# Log file           : D:/repo/XCKU5PMini/udp_hls_10g/sim/p7b_stagec_tx_regress/author_gate/runS/xs.log
# Journal file       : D:/repo/XCKU5PMini/udp_hls_10g/sim/p7b_stagec_tx_regress/author_gate/runS\xsim.jou
# Running On         : xyz-intel
# Platform           : Windows Server 2016 or Windows 10
# Operating System   : 26300
# Processor Detail   : Intel(R) Core(TM) Ultra 7 265K
# CPU Frequency      : 3878 MHz
# CPU Physical cores : 20
# CPU Logical cores  : 20
# Host memory        : 68053 MB
# Swap memory        : 4294 MB
# Total Virtual      : 72348 MB
# Available Virtual  : 46846 MB
#-----------------------------------------------------------
source xsim.dir/txovl/xsim_script.tcl
# xsim {txovl} -autoloadwcfg -runall
Time resolution is 1 ps
run -all
DBG ack_req rise @39 id=0 syn=1 fin=0 rst=0
DBG sex @56 c=0 op=1 pos=0 n=8 td=0000000000000000 tk=00 tl=0
DBG sex @57 c=0 op=0 pos=0 n=8 td=f5fa73026962393b tk=ff tl=0
DBG sex @58 c=0 op=0 pos=8 n=8 td=42787031c7f15f66 tk=ff tl=0
DBG sex @59 c=0 op=0 pos=16 n=8 td=afa56c37f3be86c6 tk=ff tl=0
DBG sex @60 c=0 op=0 pos=24 n=8 td=7c227825cccc557b tk=ff tl=0
DBG ack_req rise @61 id=1 syn=1 fin=0 rst=0
DBG sex @61 c=0 op=0 pos=32 n=8 td=eecfcbdfe908e2b8 tk=ff tl=0
DBG sex @62 c=0 op=0 pos=40 n=8 td=a9721fca156d653b tk=ff tl=0
DBG sex @63 c=0 op=0 pos=48 n=8 td=9235701f18f6c575 tk=ff tl=0
DBG sex @64 c=0 op=0 pos=56 n=8 td=c5f5160bbd2b67a3 tk=ff tl=0
DBG sex @65 c=0 op=0 pos=64 n=8 td=d173851f62d5e16e tk=ff tl=0
DBG sex @66 c=0 op=0 pos=72 n=8 td=cf9b7557d0c4f83c tk=ff tl=0
DBG sex @67 c=0 op=0 pos=80 n=8 td=df7c1cb73e67070f tk=ff tl=0
DBG sex @68 c=0 op=0 pos=88 n=8 td=80919bb923f12c20 tk=ff tl=0
DBG sex @69 c=0 op=0 pos=96 n=8 td=6bf71f2f0da02eae tk=ff tl=0
DBG sex @70 c=0 op=0 pos=104 n=8 td=41ee18027aeb4db6 tk=ff tl=0
DBG sex @71 c=0 op=0 pos=112 n=8 td=b1e7fc9c3bfe9c43 tk=ff tl=0
DBG sex @72 c=0 op=0 pos=120 n=8 td=30e621b183beb613 tk=ff tl=0
DBG sex @73 c=0 op=0 pos=128 n=8 td=4752dc22156bda35 tk=ff tl=0
DBG sex @74 c=0 op=0 pos=136 n=8 td=cdb0b52ad2722177 tk=ff tl=0
DBG sex @75 c=0 op=0 pos=144 n=8 td=072d9963425899a1 tk=ff tl=0
DBG sex @76 c=0 op=0 pos=152 n=8 td=fcbd851bbb3ba28a tk=ff tl=0
DBG sex @77 c=0 op=0 pos=160 n=8 td=977e729050469a60 tk=ff tl=0
DBG sex @78 c=0 op=0 pos=168 n=8 td=1a7c3d49808f4886 tk=ff tl=0
DBG sex @79 c=0 op=0 pos=176 n=8 td=94c1a551c3879f11 tk=ff tl=0
DBG ack_req rise @455 id=2 syn=1 fin=0 rst=0
DBG ack_req rise @654 id=3 syn=1 fin=0 rst=0
DBG ack_req rise @32762 id=1 syn=0 fin=0 rst=0
DBG ack_req rise @40954 id=1 syn=0 fin=0 rst=0
DBG ack_req rise @49146 id=1 syn=0 fin=0 rst=0
DBG ack_req rise @57338 id=1 syn=0 fin=0 rst=0
DBG ack_req rise @62346 id=0 syn=1 fin=0 rst=0
DBG ack_req rise @65530 id=1 syn=0 fin=0 rst=0
DBG ack_req rise @73722 id=1 syn=0 fin=0 rst=0
DBG ack_req rise @81914 id=1 syn=0 fin=0 rst=0
DBG ack_req rise @90106 id=1 syn=0 fin=0 rst=0
DBG ack_req rise @98298 id=1 syn=0 fin=0 rst=0
DBG W67CAP#1 @100696 prev_id=1 eff=bffe infl=ee95 win_open=0
DBG ack_req rise @106490 id=1 syn=0 fin=0 rst=0
DBG ack_req rise @112346 id=0 syn=1 fin=0 rst=0
DBG ack_req rise @114682 id=1 syn=0 fin=0 rst=0
DBG ack_req rise @122874 id=1 syn=0 fin=0 rst=0
DBG ack_req rise @131066 id=1 syn=0 fin=0 rst=0
DBG ack_req rise @139258 id=1 syn=0 fin=0 rst=0
DBG ack_req rise @147450 id=1 syn=0 fin=0 rst=0
DBG C1DATA @150179 ps=3 fseq=00045585 plen=1460 wcl=1 nxt=00045b39 una=00043ea6
DBG ack_req rise @155642 id=1 syn=0 fin=0 rst=0
DBG W67CAP#2 @160821 prev_id=0 eff=bffe infl=eed5 win_open=0
DBG ack_req rise @162346 id=0 syn=1 fin=0 rst=0
DBG ack_req rise @163834 id=1 syn=0 fin=0 rst=0
DBG C1DATA @215714 ps=6 fseq=00043ea6 plen=1460 wcl=0 nxt=00044a0e una=00043ea6
DBG C1DATA @215905 ps=6 fseq=0004445a plen=1460 wcl=0 nxt=00044fc2 una=00043ea6
DBG C1DATA @216097 ps=6 fseq=00044a0e plen=1460 wcl=0 nxt=00045b39 una=00043ea6
DBG C1DATA @216486 ps=6 fseq=00045b39 plen=1 wcl=0 nxt=00045b3a una=00043ea6
DBG C1DATA @216875 ps=6 fseq=00045b3a plen=63 wcl=0 nxt=00045b79 una=00043ea6
DBG C1DATA @217252 ps=6 fseq=00045b79 plen=0 wcl=0 nxt=00045b79 una=00043ea6
DBG C1DATA @217815 ps=9 fseq=00045b79 plen=1460 wcl=1 nxt=0004612d una=00043ea6
[FAIL] payload conn=0 seq=000bce9f off=0 got=a0 exp=27 @263613
   dump54..69: a0 31 47 a2 c3 14 2b 2e  83 a9 63 f2 d0 9c b0 74
   exp0..7  : 27 31 47 a2 c3 14 2b 2e   (fseq-isn=712095)
DBG C1DATA @273109 ps=27 fseq=0004612d plen=7 wcl=1 nxt=00046134 una=0004612d
DBG C1DATA @281360 ps=40 fseq=00046134 plen=0 wcl=0 nxt=00046134 una=0004612d
DBG C1DATA @281927 ps=40 fseq=00046134 plen=1460 wcl=0 nxt=000466e8 una=0004612d
DBG C1DATA @282309 ps=40 fseq=000466e8 plen=1460 wcl=0 nxt=00046c9c una=0004612d
DBG C1DATA @282691 ps=40 fseq=00046c9c plen=1460 wcl=0 nxt=00047250 una=0004612d
DBG C1DATA @283082 ps=40 fseq=00047250 plen=8 wcl=0 nxt=00047258 una=0004612d
DBG E7 @290401 t=0 rdy=1 rxidle=0 rf=1 tval=1 tid=0 blk=1 busy=0 aqem=1 svc=0 re=0 scn=0 ract=1 wo=1 apen=0 fifo=0 bkr=0 coll=0
DBG E7 @290402 t=1 rdy=1 rxidle=0 rf=1 tval=1 tid=0 blk=0 busy=0 aqem=1 svc=0 re=0 scn=0 ract=1 wo=1 apen=0 fifo=0 bkr=0 coll=0
DBG E7 @290403 t=2 rdy=1 rxidle=0 rf=1 tval=1 tid=0 blk=0 busy=0 aqem=1 svc=0 re=0 scn=0 ract=1 wo=1 apen=0 fifo=0 bkr=0 coll=0
DBG E7 @290404 t=3 rdy=1 rxidle=0 rf=1 tval=1 tid=0 blk=0 busy=0 aqem=1 svc=0 re=0 scn=0 ract=1 wo=1 apen=0 fifo=0 bkr=0 coll=0
DBG E7 @290405 t=4 rdy=1 rxidle=0 rf=1 tval=1 tid=0 blk=0 busy=0 aqem=1 svc=0 re=0 scn=0 ract=1 wo=1 apen=0 fifo=0 bkr=0 coll=0
DBG E7 @290406 t=5 rdy=1 rxidle=0 rf=1 tval=1 tid=0 blk=0 busy=0 aqem=1 svc=0 re=0 scn=0 ract=1 wo=1 apen=0 fifo=0 bkr=0 coll=0
DBG E7 @290407 t=6 rdy=1 rxidle=0 rf=1 tval=1 tid=0 blk=0 busy=0 aqem=1 svc=0 re=0 scn=0 ract=1 wo=1 apen=0 fifo=0 bkr=0 coll=0
DBG E7 @290408 t=7 rdy=1 rxidle=0 rf=1 tval=1 tid=0 blk=0 busy=0 aqem=1 svc=0 re=0 scn=0 ract=1 wo=1 apen=0 fifo=0 bkr=0 coll=0
DBG E7 @290409 t=8 rdy=1 rxidle=1 rf=1 tval=1 tid=0 blk=0 busy=0 aqem=1 svc=0 re=0 scn=0 ract=1 wo=1 apen=0 fifo=0 bkr=1 coll=0
DBG E7 @290410 t=9 rdy=1 rxidle=1 rf=1 tval=1 tid=0 blk=0 busy=0 aqem=1 svc=0 re=0 scn=0 ract=1 wo=1 apen=0 fifo=0 bkr=1 coll=0
DBG E7 @290411 t=10 rdy=1 rxidle=1 rf=1 tval=1 tid=0 blk=0 busy=0 aqem=1 svc=0 re=0 scn=0 ract=1 wo=1 apen=0 fifo=0 bkr=1 coll=0
DBG E7 @290412 t=11 rdy=1 rxidle=1 rf=1 tval=1 tid=0 blk=0 busy=0 aqem=1 svc=0 re=0 scn=0 ract=1 wo=1 apen=0 fifo=0 bkr=1 coll=0
DBG E7 @290413 t=12 rdy=1 rxidle=1 rf=1 tval=1 tid=0 blk=0 busy=0 aqem=1 svc=0 re=0 scn=0 ract=1 wo=1 apen=0 fifo=0 bkr=1 coll=0
DBG E7 @290414 t=13 rdy=1 rxidle=1 rf=1 tval=1 tid=0 blk=0 busy=0 aqem=1 svc=0 re=0 scn=1 ract=1 wo=1 apen=0 fifo=0 bkr=1 coll=0
DBG E7 @290415 t=14 rdy=1 rxidle=1 rf=1 tval=1 tid=0 blk=0 busy=0 aqem=1 svc=0 re=0 scn=0 ract=1 wo=1 apen=0 fifo=0 bkr=1 coll=0
DBG W67CAP#3 @303097 prev_id=0 eff=bffe infl=eedd win_open=0
[FAIL] payload conn=1 seq=00048f23 off=0 got=90 exp=16 @310303
   dump54..69: 90 28 e4 ea 08 d0 6b 37  34 d3 39 6b 89 0d c0 7e
   exp0..7  : 16 53 89 5c 09 50 2b 35   (fseq-isn=224291)
[FAIL] payload conn=1 seq=00048f23 off=0 got=90 exp=16 @317315
   dump54..69: 90 28 e4 ea 08 d0 6b 37  34 d3 39 6b 89 0d c0 7e
   exp0..7  : 16 53 89 5c 09 50 2b 35   (fseq-isn=224291)
---------------- TB_TCP_TX_OVL SUMMARY ----------------
FRAMES recv=2498 data=2100 ctrl=398 dead_skip=16 cyc=376201
COV frames=2100 replay_sessions=187 replay_frames=354 conns=4 plen0=176 singlebeat=653 ctrlblock=9541 rewinds=132
MINGAP handoff_to_next_start=1 finmin1_hits=624 advwrite_to_next_start=5
CYCRX min=6 avg_milli=115772 n=1732
CYCTX min=8 avg_milli=118272 n=2094
FRAMEPERIOD min=8 avg_milli=179534 n=2093
WIRE fin=17 rst=34 syn=11
DUT stat_frames=2497 stat_bytes=1840669 stat_ack=404 adrop=353 drop_len=30 eend=0 fin=17 rst=34 retx=132 tlast_in=1762
OVL F1 overtop_cyc=7212 wrap_ev=578 delta_red=0 cyc_red=0 cov_aborts=30 cov_cdadj=1943 ctrlblk_real=9537
OVL C6 wins=29 req_win=3397 gated=3374 grant_in_win=0 servedwhile=0_chk_red_0
OVL wsrc data=2095 ctrl=62 rew=159 pendclr_wrong=0 ovf=0 issued fin/rst/syn=17/34/11
OVL RETXFIX span_max=4 span_over=0 jump_bad=0 c2resv_n=62 c2resv_bad=0 jump_ev=27
REDS parse=0 csum=0 payload=4 seqcont=0 seqmono=0 ctrl=0 ctrl_to=0 onehot=0 pendbusy=0 replay=0 stuck=0 ovf=0 ackf=0
REDS2 replay_gap=67 below_una_during_retx=35 replay_tail_short=59 (info) F1_ring=0 J9=0
T8 rx1460 min=189 n=968 (expect <=190)  tx1460 min=191 n=1252 (expect <=192)
T8 fp1460 min=191 (expect <=200)  overlap=53/100 of RX-inflight (134788/253599)
W66 dut=541 tb=541 wndclosed_seen=1 wc_st=4
W67 dut=3 tb_cap=3 tb_peer=538 (W66=541)
W69 dut=00000000 tb=00000000
W69DIR hits=343 dut=1cd305b4 tb=1cd305b4 (末尾值 dut=00000000 tb=00000000)
PACE fpc_milli=5563
PS1 fire probe_ep=6 probe_out=0 probe_bad=0 d_ev=2100
PS2 LAD n=3 visits dc=9 d1=24 d2=48 gap4=9 (want 8/24/48/8) n2=0
PS2b LAD cycles t_close=150005 t1=157172 t2=177323 t3=214951 reopen=214953 reclose=217458 gap4=6410 leak1=10
PS3 EP probes E2=0 E3=0 E4=0 E5=0 E6=0 E7wit=2
PS4 WIT drain=1 blocked=1 rdy=1 posctrl=1 coll=0 e5ok=5202 e6ok=5202 de=34 rst1=5203 qto=0
PS5 STATE e5=101 e6=011 sn_first=00048f23 sn_last=00048f23 (win 00045b39->0004612d) dstat=19 dreq=32 retxreq=32
PS6 BAD ladder=0 stop=0 field=0 side=0 sndnxt=0 e2=0 e3=0 e4=0 e5=0 e6=0 coll=0
[FAIL] PS j8: blocked 后窗内探询=0 < 2
TB_TCP_TX_OVL: FAIL reds=5
$finish called at time : 2407689600 ps : File "D:/repo/XCKU5PMini/udp_hls_10g/tb/tb_tcp_tx_ovl.v" Line 2438
exit
INFO: [Common 17-206] Exiting xsim at Sat Oct 10 20:35:21 2026...
