#-----------------------------------------------------------
# xsim v2025.2 (64-bit)
# SW Build 6299465 on Fri Nov 14 19:35:11 GMT 2025
# IP Build 6300035 on Fri Nov 14 10:48:45 MST 2025
# SharedData Build 6298862 on Thu Nov 13 04:50:51 MST 2025
# Start of session at: Sat Oct 10 20:35:23 2026
# Process ID         : 29640
# Current directory  : D:/repo/XCKU5PMini/udp_hls_10g/sim/p7b_stagec_tx_regress/author_gate/runT
# Command line       : xsim.exe -log xs.log -mode tcl -source {xsim.dir/txovl/xsim_script.tcl}
# Log file           : D:/repo/XCKU5PMini/udp_hls_10g/sim/p7b_stagec_tx_regress/author_gate/runT/xs.log
# Journal file       : D:/repo/XCKU5PMini/udp_hls_10g/sim/p7b_stagec_tx_regress/author_gate/runT\xsim.jou
# Running On         : xyz-intel
# Platform           : Windows Server 2016 or Windows 10
# Operating System   : 26300
# Processor Detail   : Intel(R) Core(TM) Ultra 7 265K
# CPU Frequency      : 3878 MHz
# CPU Physical cores : 20
# CPU Logical cores  : 20
# Host memory        : 68053 MB
# Swap memory        : 4294 MB
# Total Virtual      : 72348 MB
# Available Virtual  : 46835 MB
#-----------------------------------------------------------
source xsim.dir/txovl/xsim_script.tcl
# xsim {txovl} -autoloadwcfg -runall
Time resolution is 1 ps
run -all
DBG ack_req rise @39 id=0 syn=1 fin=0 rst=0
DBG sex @56 c=0 op=1 pos=0 n=8 td=0000000000000000 tk=00 tl=0
DBG sex @57 c=0 op=0 pos=0 n=8 td=f5fa73026962393b tk=ff tl=0
DBG sex @58 c=0 op=0 pos=8 n=8 td=42787031c7f15f66 tk=ff tl=0
DBG sex @59 c=0 op=0 pos=16 n=8 td=afa56c37f3be86c6 tk=ff tl=0
DBG sex @60 c=0 op=0 pos=24 n=8 td=7c227825cccc557b tk=ff tl=0
DBG ack_req rise @61 id=1 syn=1 fin=0 rst=0
DBG sex @61 c=0 op=0 pos=32 n=8 td=eecfcbdfe908e2b8 tk=ff tl=0
DBG sex @62 c=0 op=0 pos=40 n=8 td=a9721fca156d653b tk=ff tl=0
DBG sex @63 c=0 op=0 pos=48 n=8 td=9235701f18f6c575 tk=ff tl=0
DBG sex @64 c=0 op=0 pos=56 n=8 td=c5f5160bbd2b67a3 tk=ff tl=0
DBG sex @65 c=0 op=0 pos=64 n=8 td=d173851f62d5e16e tk=ff tl=0
DBG sex @66 c=0 op=0 pos=72 n=8 td=cf9b7557d0c4f83c tk=ff tl=0
DBG sex @67 c=0 op=0 pos=80 n=8 td=df7c1cb73e67070f tk=ff tl=0
DBG sex @68 c=0 op=0 pos=88 n=8 td=80919bb923f12c20 tk=ff tl=0
DBG sex @69 c=0 op=0 pos=96 n=8 td=6bf71f2f0da02eae tk=ff tl=0
DBG sex @70 c=0 op=0 pos=104 n=8 td=41ee18027aeb4db6 tk=ff tl=0
DBG sex @71 c=0 op=0 pos=112 n=8 td=b1e7fc9c3bfe9c43 tk=ff tl=0
DBG sex @72 c=0 op=0 pos=120 n=8 td=30e621b183beb613 tk=ff tl=0
DBG sex @73 c=0 op=0 pos=128 n=8 td=4752dc22156bda35 tk=ff tl=0
DBG sex @74 c=0 op=0 pos=136 n=8 td=cdb0b52ad2722177 tk=ff tl=0
DBG sex @75 c=0 op=0 pos=144 n=8 td=072d9963425899a1 tk=ff tl=0
DBG sex @76 c=0 op=0 pos=152 n=8 td=fcbd851bbb3ba28a tk=ff tl=0
DBG sex @77 c=0 op=0 pos=160 n=8 td=977e729050469a60 tk=ff tl=0
DBG sex @78 c=0 op=0 pos=168 n=8 td=1a7c3d49808f4886 tk=ff tl=0
DBG sex @79 c=0 op=0 pos=176 n=8 td=94c1a551c3879f11 tk=ff tl=0
DBG ack_req rise @455 id=2 syn=1 fin=0 rst=0
DBG ack_req rise @654 id=3 syn=1 fin=0 rst=0
DBG ack_req rise @32762 id=1 syn=0 fin=0 rst=0
DBG ack_req rise @40954 id=1 syn=0 fin=0 rst=0
DBG ack_req rise @49146 id=1 syn=0 fin=0 rst=0
DBG ack_req rise @57338 id=1 syn=0 fin=0 rst=0
DBG ack_req rise @62346 id=0 syn=1 fin=0 rst=0
DBG ack_req rise @65530 id=1 syn=0 fin=0 rst=0
DBG ack_req rise @73722 id=1 syn=0 fin=0 rst=0
DBG ack_req rise @81914 id=1 syn=0 fin=0 rst=0
DBG ack_req rise @90106 id=1 syn=0 fin=0 rst=0
DBG ack_req rise @98298 id=1 syn=0 fin=0 rst=0
DBG W67CAP#1 @100696 prev_id=1 eff=bffe infl=ee95 win_open=0
DBG ack_req rise @106490 id=1 syn=0 fin=0 rst=0
DBG ack_req rise @112346 id=0 syn=1 fin=0 rst=0
DBG ack_req rise @114682 id=1 syn=0 fin=0 rst=0
DBG ack_req rise @122874 id=1 syn=0 fin=0 rst=0
DBG ack_req rise @131066 id=1 syn=0 fin=0 rst=0
DBG ack_req rise @139258 id=1 syn=0 fin=0 rst=0
DBG ack_req rise @147450 id=1 syn=0 fin=0 rst=0
DBG C1DATA @150179 ps=3 fseq=00045585 plen=1460 wcl=1 nxt=00045b39 una=00043ea6
DBG ack_req rise @155642 id=1 syn=0 fin=0 rst=0
DBG W67CAP#2 @160819 prev_id=0 eff=bffe infl=eed5 win_open=0
DBG ack_req rise @162346 id=0 syn=1 fin=0 rst=0
DBG ack_req rise @163834 id=1 syn=0 fin=0 rst=0
DBG C1DATA @241116 ps=6 fseq=00043ea6 plen=1460 wcl=0 nxt=00044a0e una=00043ea6
DBG C1DATA @241307 ps=6 fseq=0004445a plen=1460 wcl=0 nxt=00044fc2 una=00043ea6
DBG C1DATA @241499 ps=6 fseq=00044a0e plen=1460 wcl=0 nxt=00045b39 una=00043ea6
DBG C1DATA @241703 ps=6 fseq=00045b39 plen=1 wcl=0 nxt=00045b3a una=00043ea6
DBG C1DATA @241734 ps=6 fseq=00045b3a plen=63 wcl=0 nxt=00045b79 una=00043ea6
DBG C1DATA @242299 ps=6 fseq=00045b79 plen=0 wcl=0 nxt=00045b79 una=00043ea6
DBG C1DATA @242862 ps=9 fseq=00045b79 plen=1460 wcl=1 nxt=0004612d una=00043ea6
DBG C1DATA @338692 ps=21 fseq=0004612d plen=7 wcl=0 nxt=00046134 una=0004612d
DBG C1DATA @338702 ps=21 fseq=0004612d plen=7 wcl=0 nxt=00046134 una=0004612d
DBG C1DATA @338713 ps=21 fseq=0004612d plen=7 wcl=0 nxt=00046134 una=0004612d
DBG C1DATA @338724 ps=21 fseq=0004612d plen=7 wcl=0 nxt=00046134 una=0004612d
DBG C1DATA @338735 ps=21 fseq=0004612d plen=7 wcl=0 nxt=00046134 una=0004612d
DBG C1DATA @338746 ps=21 fseq=0004612d plen=7 wcl=0 nxt=00046134 una=0004612d
DBG E7 @457354 t=0 rdy=0 rxidle=1 rf=1 tval=1 tid=0 blk=1 busy=0 aqem=1 svc=0 re=0 scn=0 ract=0 wo=1 apen=0 fifo=0 bkr=0 coll=0
DBG E7 @457355 t=1 rdy=0 rxidle=1 rf=1 tval=1 tid=0 blk=0 busy=0 aqem=1 svc=0 re=0 scn=0 ract=0 wo=1 apen=0 fifo=0 bkr=0 coll=0
DBG E7 @457356 t=2 rdy=0 rxidle=0 rf=0 tval=1 tid=0 blk=0 busy=0 aqem=1 svc=0 re=0 scn=0 ract=0 wo=1 apen=0 fifo=0 bkr=0 coll=0
DBG E7 @457357 t=3 rdy=0 rxidle=0 rf=0 tval=0 tid=0 blk=0 busy=0 aqem=1 svc=0 re=0 scn=0 ract=0 wo=1 apen=0 fifo=0 bkr=0 coll=0
DBG E7 @457358 t=4 rdy=0 rxidle=0 rf=0 tval=0 tid=0 blk=0 busy=0 aqem=1 svc=0 re=0 scn=0 ract=0 wo=1 apen=0 fifo=0 bkr=0 coll=0
DBG E7 @457359 t=5 rdy=0 rxidle=0 rf=0 tval=0 tid=0 blk=0 busy=0 aqem=1 svc=0 re=0 scn=0 ract=0 wo=1 apen=0 fifo=0 bkr=0 coll=0
DBG E7 @457360 t=6 rdy=0 rxidle=0 rf=0 tval=0 tid=0 blk=0 busy=0 aqem=1 svc=0 re=0 scn=0 ract=0 wo=1 apen=0 fifo=0 bkr=0 coll=0
DBG E7 @457361 t=7 rdy=0 rxidle=0 rf=0 tval=1 tid=0 blk=0 busy=0 aqem=1 svc=0 re=0 scn=0 ract=0 wo=1 apen=0 fifo=0 bkr=0 coll=0
DBG E7 @457362 t=8 rdy=0 rxidle=1 rf=1 tval=1 tid=0 blk=0 busy=0 aqem=1 svc=0 re=0 scn=0 ract=0 wo=1 apen=0 fifo=0 bkr=0 coll=0
DBG E7 @457363 t=9 rdy=0 rxidle=0 rf=0 tval=1 tid=0 blk=0 busy=0 aqem=1 svc=0 re=0 scn=0 ract=0 wo=1 apen=0 fifo=0 bkr=0 coll=0
DBG E7 @457364 t=10 rdy=0 rxidle=0 rf=0 tval=1 tid=0 blk=0 busy=0 aqem=1 svc=0 re=0 scn=0 ract=0 wo=1 apen=0 fifo=0 bkr=0 coll=0
DBG E7 @457365 t=11 rdy=0 rxidle=0 rf=0 tval=1 tid=0 blk=0 busy=0 aqem=1 svc=0 re=0 scn=0 ract=0 wo=1 apen=0 fifo=0 bkr=0 coll=0
DBG E7 @457366 t=12 rdy=0 rxidle=0 rf=0 tval=1 tid=0 blk=0 busy=0 aqem=1 svc=0 re=0 scn=0 ract=0 wo=1 apen=0 fifo=0 bkr=0 coll=0
DBG E7 @457367 t=13 rdy=0 rxidle=0 rf=0 tval=1 tid=0 blk=0 busy=0 aqem=1 svc=0 re=0 scn=0 ract=0 wo=1 apen=0 fifo=0 bkr=0 coll=0
DBG E7 @457368 t=14 rdy=0 rxidle=0 rf=0 tval=1 tid=0 blk=0 busy=0 aqem=1 svc=0 re=0 scn=0 ract=0 wo=1 apen=0 fifo=0 bkr=0 coll=0
---------------- TB_TCP_TX_OVL SUMMARY ----------------
FRAMES recv=2871 data=2375 ctrl=496 dead_skip=16 cyc=468791
COV frames=2375 replay_sessions=233 replay_frames=421 conns=4 plen0=194 singlebeat=738 ctrlblock=10853 rewinds=166
MINGAP handoff_to_next_start=1 finmin1_hits=705 advwrite_to_next_start=5
CYCRX min=6 avg_milli=115443 n=1943
CYCTX min=8 avg_milli=117235 n=2375
FRAMEPERIOD min=8 avg_milli=197196 n=2374
WIRE fin=17 rst=34 syn=13
DUT stat_frames=2871 stat_bytes=2069651 stat_ack=496 adrop=163 drop_len=30 eend=0 fin=17 rst=34 retx=166 tlast_in=1973
OVL F1 overtop_cyc=8363 wrap_ev=679 delta_red=0 cyc_red=0 cov_aborts=30 cov_cdadj=2192 ctrlblk_real=10853
OVL C6 wins=33 req_win=3808 gated=3784 grant_in_win=0 servedwhile=0_chk_red_0
OVL wsrc data=2377 ctrl=64 rew=178 pendclr_wrong=0 ovf=0 issued fin/rst/syn=17/34/13
OVL RETXFIX span_max=3 span_over=0 jump_bad=0 c2resv_n=64 c2resv_bad=0 jump_ev=12
REDS parse=0 csum=0 payload=0 seqcont=0 seqmono=0 ctrl=0 ctrl_to=0 onehot=0 pendbusy=0 replay=0 stuck=0 ovf=0 ackf=0
REDS2 replay_gap=60 below_una_during_retx=44 replay_tail_short=84 (info) F1_ring=0 J9=0
T8 rx1460 min=189 n=1090 (expect <=190)  tx1460 min=191 n=1406 (expect <=192)
T8 fp1460 min=191 (expect <=200)  overlap=51/100 of RX-inflight (146044/283873)
W66 dut=584 tb=584 wndclosed_seen=1 wc_st=4
W67 dut=2 tb_cap=2 tb_peer=582 (W66=584)
W69 dut=22b00000 tb=22b00000
W69DIR hits=343 dut=1cd305b4 tb=1cd305b4 (末尾值 dut=22b00000 tb=22b00000)
PACE fpc_milli=-4097
PS1 fire probe_ep=0 probe_out=0 probe_bad=0 d_ev=2375
PS2 LAD n=0 visits dc=-151 d1=0 d2=0 gap4=114 (want 8/24/48/8) n2=0
PS2b LAD cycles t_close=150005 t1=0 t2=0 t3=0 reopen=240008 reclose=242513 gap4=0 leak1=7
PS3 EP probes E2=0 E3=0 E4=0 E5=0 E6=0 E7wit=0
PS4 WIT drain=1 blocked=1 rdy=0 posctrl=0 coll=0 e5ok=5202 e6ok=5202 de=32 rst1=5203 qto=0
PS5 STATE e5=101 e6=011 sn_first=xxxxxxxx sn_last=xxxxxxxx (win 00045b39->00046134) dstat=21 dreq=17 retxreq=17
PS6 BAD ladder=0 stop=0 field=0 side=0 sndnxt=0 e2=0 e3=0 e4=0 e5=0 e6=0 coll=0
[FAIL] PS 空判据: episode 内探询总数=0 < 2
[FAIL] PS j1: 阶梯窗内探询数=0 != 3
[FAIL] PS j7: 再关窗后首探询间隔=114 visits (want≈8 ⇒ 首档未退回 RTO; 拍口径 0)
[FAIL] PS j9: Δstat_retx=21 > TB 注入的 retx 请求数=17 (探询引出会话?)
[FAIL] PS j8: blocked 后窗内探询=0 < 2
[FAIL] PS j10 空判据: 未见暂存落地 (rdy 见证=0)
[FAIL] PS j10 空判据: 正控未出探询 (posctrl=0)
[FAIL] PS j13 空判据: 相撞条件从未成立 (wit=0)
TB_TCP_TX_OVL: FAIL reds=8
$finish called at time : 3000265600 ps : File "D:/repo/XCKU5PMini/udp_hls_10g/tb/tb_tcp_tx_ovl.v" Line 2438
exit
INFO: [Common 17-206] Exiting xsim at Sat Oct 10 20:35:28 2026...
