Copyright 1986-2022 Xilinx, Inc. All Rights Reserved. Copyright 2022-2025 Advanced Micro Devices, Inc. All Rights Reserved.
--------------------------------------------------------------------------------------------------------------------------------------------------------------------------------
| Tool Version      : Vivado v.2025.2 (win64) Build 6299465 Fri Nov 14 19:35:11 GMT 2025
| Date              : Sun Oct 11 04:46:17 2026
| Host              : xyz-intel running 64-bit major release  (build 9200)
| Command           : report_timing -delay_type max -max_paths 5 -sort_by slack -file {D:\repo\XCKU5PMini\udp_hls_10g\_proj_10g\notes\p7b_build_0x1E\query\out/global_top5.rpt}
| Design            : wrapper_p4
| Device            : xcku5p-ffvb676
| Speed File        : -1  PRODUCTION 1.29 05-01-2022
| Design State      : Routed
| Temperature Grade : E
--------------------------------------------------------------------------------------------------------------------------------------------------------------------------------

Timing Report

Slack (MET) :             0.034ns  (required time - arrival time)
  Source:                 u_tcp_tx/u_fifo_a/rptr_reg[6]_replica/C
                            (rising edge-triggered cell FDCE clocked by g_hw.clk_out0  {rise@0.000ns fall@3.200ns period=6.400ns})
  Destination:            u_tcb/rcv_wnd_r_reg[2][9]/CE
                            (rising edge-triggered cell FDCE clocked by g_hw.clk_out0  {rise@0.000ns fall@3.200ns period=6.400ns})
  Path Group:             g_hw.clk_out0
  Path Type:              Setup (Max at Slow Process Corner)
  Requirement:            6.400ns  (g_hw.clk_out0 rise@6.400ns - g_hw.clk_out0 rise@0.000ns)
  Data Path Delay:        6.067ns  (logic 1.702ns (28.054%)  route 4.365ns (71.946%))
  Logic Levels:           16  (CARRY8=2 LUT3=1 LUT4=2 LUT5=3 LUT6=8)
  Clock Path Skew:        -0.194ns (DCD - SCD + CPR)
    Destination Clock Delay (DCD):    5.190ns = ( 11.590 - 6.400 ) 
    Source Clock Delay      (SCD):    5.156ns
    Clock Pessimism Removal (CPR):    -0.228ns
  Clock Uncertainty:      0.062ns  ((TSJ^2 + DJ^2)^1/2) / 2 + PE
    Total System Jitter     (TSJ):    0.071ns
    Discrete Jitter          (DJ):    0.101ns
    Phase Error              (PE):    0.000ns
  Clock Net Delay (Source):      1.841ns (routing 0.616ns, distribution 1.225ns)
  Clock Net Delay (Destination): 1.531ns (routing 0.562ns, distribution 0.969ns)

    Location             Delay type                Incr(ns)  Path(ns)    Netlist Resource(s)
  -------------------------------------------------------------------    -------------------
                         (clock g_hw.clk_out0 rise edge)
                                                      0.000     0.000 r  
    T25                                               0.000     0.000 r  sys_clk_p (IN)
                         net (fo=0)                   0.100     0.100    u_clkgen/g_hw.u_ibufds/I
    HPIOBDIFFINBUF_X0Y37 DIFFINBUF (Prop_DIFFINBUF_HPIOBDIFFINBUF_DIFF_IN_P_O)
                                                      0.479     0.579 r  u_clkgen/g_hw.u_ibufds/DIFFINBUF_INST/O
                         net (fo=1, routed)           0.050     0.629    u_clkgen/g_hw.u_ibufds/OUT
    T25                  IBUFCTRL (Prop_IBUFCTRL_HPIOB_M_I_O)
                                                      0.000     0.629 r  u_clkgen/g_hw.u_ibufds/IBUFCTRL_INST/O
                         net (fo=1, routed)           0.345     0.974    u_clkgen/g_hw.clk_in_ibuf
    BUFGCE_X0Y41         BUFGCE (Prop_BUFCE_BUFGCE_I_O)
                                                      0.028     1.002 r  u_clkgen/g_hw.u_bufg_in/O
                         net (fo=485, routed)         2.135     3.137    u_clkgen/clk_in_100
    MMCM_X0Y1            MMCME4_ADV (Prop_MMCM_CLKIN1_CLKOUT0)
                                                     -0.106     3.031 r  u_clkgen/g_hw.u_mmcm/CLKOUT0
                         net (fo=1, routed)           0.256     3.287    u_clkgen/g_hw.clk_out0
    BUFGCE_X0Y31         BUFGCE (Prop_BUFCE_BUFGCE_I_O)
                                                      0.028     3.315 r  u_clkgen/g_hw.u_bufg_out/O
    X1Y1 (CLOCK_ROOT)    net (fo=50610, routed)       1.841     5.156    u_tcp_tx/u_fifo_a/dp_clk
    SLICE_X23Y172        FDCE                                         r  u_tcp_tx/u_fifo_a/rptr_reg[6]_replica/C
  -------------------------------------------------------------------    -------------------
    SLICE_X23Y172        FDCE (Prop_AFF_SLICEL_C_Q)
                                                      0.096     5.252 r  u_tcp_tx/u_fifo_a/rptr_reg[6]_replica/Q
                         net (fo=1, routed)           0.159     5.411    u_tcp_tx/u_fifo_a/rptr_reg[8]_0[6]_repN
    SLICE_X23Y173        LUT4 (Prop_G6LUT_SLICEL_I0_O)
                                                      0.100     5.511 f  u_tcp_tx/u_fifo_a/pfl_l_i_8/O
                         net (fo=1, routed)           0.105     5.616    u_tcp_tx/u_fifo_a/pfl_l_i_8_n_53
    SLICE_X24Y173        LUT6 (Prop_E6LUT_SLICEL_I0_O)
                                                      0.116     5.732 r  u_tcp_tx/u_fifo_a/pfl_l_i_3/O
                         net (fo=2, routed)           0.220     5.952    u_tcp_tx/u_fifo_a/fu_a
    SLICE_X27Y173        LUT5 (Prop_A6LUT_SLICEL_I2_O)
                                                      0.100     6.052 r  u_tcp_tx/u_fifo_a/stat_winstall[0]_i_5/O
                         net (fo=3, routed)           0.585     6.637    u_tcp_tx/u_ackq/o_win_at_winstall_reg[31]_1
    SLICE_X29Y131        LUT6 (Prop_C6LUT_SLICEM_I3_O)
                                                      0.038     6.675 r  u_tcp_tx/u_ackq/ctrl_doff[3]_i_1/O
                         net (fo=105, routed)         0.175     6.850    u_tcp_tx/u_ackq/win_open_reg
    SLICE_X28Y131        LUT6 (Prop_F6LUT_SLICEM_I4_O)
                                                      0.148     6.998 r  u_tcp_tx/u_ackq/f_seq[1][22]_i_6/O
                         net (fo=90, routed)          0.533     7.531    u_tcb/f_seq_reg[1][22]
    SLICE_X17Y131        LUT6 (Prop_H6LUT_SLICEL_I2_O)
                                                      0.040     7.571 r  u_tcb/f_seq[1][22]_i_2/O
                         net (fo=2, routed)           0.206     7.777    u_tcb/f_seq[1][22]_i_2_n_53
    SLICE_X17Y132        LUT6 (Prop_H6LUT_SLICEL_I0_O)
                                                      0.179     7.956 r  u_tcb/f_seq[1][22]_i_1/O
                         net (fo=17, routed)          0.402     8.358    u_tcp_tx/u_retx/ra_o_r_reg[0]_rep_i_22_0[22]
    SLICE_X16Y143        LUT6 (Prop_H6LUT_SLICEM_I4_O)
                                                      0.151     8.509 r  u_tcp_tx/u_retx/ra_o_r[0]_rep_i_66/O
                         net (fo=1, routed)           0.017     8.526    u_tcp_tx/u_retx/ra_o_r[0]_rep_i_66_n_53
    SLICE_X16Y143        CARRY8 (Prop_CARRY8_SLICEM_S[7]_CO[7])
                                                      0.150     8.676 r  u_tcp_tx/u_retx/ra_o_r_reg[0]_rep_i_49/CO[7]
                         net (fo=1, routed)           0.028     8.704    u_tcp_tx/u_retx/ra_o_r_reg[0]_rep_i_49_n_53
    SLICE_X16Y144        CARRY8 (Prop_CARRY8_SLICEM_CI_CO[2])
                                                      0.073     8.777 r  u_tcp_tx/u_retx/ra_o_r_reg[0]_rep_i_22/CO[2]
                         net (fo=12, routed)          0.430     9.207    u_tcp_tx/ring_hi_reg[31]_0[0]
    SLICE_X21Y146        LUT5 (Prop_A6LUT_SLICEM_I1_O)
                                                      0.116     9.323 r  u_tcp_tx/fc_rr[3]_i_7/O
                         net (fo=1, routed)           0.050     9.373    u_tcp_tx/fc_rr[3]_i_7_n_53
    SLICE_X21Y146        LUT5 (Prop_C6LUT_SLICEM_I0_O)
                                                      0.038     9.411 r  u_tcp_tx/fc_rr[3]_i_5/O
                         net (fo=37, routed)          0.214     9.626    u_tcp_tx/u_ackq/upd_id3
    SLICE_X21Y148        LUT4 (Prop_A6LUT_SLICEM_I0_O)
                                                      0.040     9.666 r  u_tcp_tx/u_ackq/fc_rr[3]_i_4/O
                         net (fo=56, routed)          0.261     9.927    u_tcp_rx/tx_upd_wr
    SLICE_X23Y146        LUT6 (Prop_H6LUT_SLICEL_I2_O)
                                                      0.040     9.967 f  u_tcp_rx/rcv_nxt_r[0][31]_i_16/O
                         net (fo=1, routed)           0.048    10.015    u_tcp_tx/u_ackq/rcv_nxt_r_reg[15][31]
    SLICE_X23Y146        LUT3 (Prop_E6LUT_SLICEL_I2_O)
                                                      0.100    10.115 f  u_tcp_tx/u_ackq/rcv_nxt_r[0][31]_i_4/O
                         net (fo=116, routed)         0.472    10.586    u_tcp_tx/u_ackq/tcb_id[0]
    SLICE_X23Y151        LUT6 (Prop_B6LUT_SLICEL_I3_O)
                                                      0.177    10.763 r  u_tcp_tx/u_ackq/rcv_wnd_r[2][15]_i_1/O
                         net (fo=16, routed)          0.459    11.222    u_tcb/rcv_wnd_r_reg[2][15]_0[0]
    SLICE_X31Y151        FDCE                                         r  u_tcb/rcv_wnd_r_reg[2][9]/CE
  -------------------------------------------------------------------    -------------------

                         (clock g_hw.clk_out0 rise edge)
                                                      6.400     6.400 r  
    T25                                               0.000     6.400 r  sys_clk_p (IN)
                         net (fo=0)                   0.079     6.479    u_clkgen/g_hw.u_ibufds/I
    HPIOBDIFFINBUF_X0Y37 DIFFINBUF (Prop_DIFFINBUF_HPIOBDIFFINBUF_DIFF_IN_P_O)
                                                      0.398     6.877 r  u_clkgen/g_hw.u_ibufds/DIFFINBUF_INST/O
                         net (fo=1, routed)           0.040     6.917    u_clkgen/g_hw.u_ibufds/OUT
    T25                  IBUFCTRL (Prop_IBUFCTRL_HPIOB_M_I_O)
                                                      0.000     6.917 r  u_clkgen/g_hw.u_ibufds/IBUFCTRL_INST/O
                         net (fo=1, routed)           0.304     7.221    u_clkgen/g_hw.clk_in_ibuf
    BUFGCE_X0Y41         BUFGCE (Prop_BUFCE_BUFGCE_I_O)
                                                      0.024     7.245 r  u_clkgen/g_hw.u_bufg_in/O
                         net (fo=485, routed)         1.918     9.163    u_clkgen/clk_in_100
    MMCM_X0Y1            MMCME4_ADV (Prop_MMCM_CLKIN1_CLKOUT0)
                                                      0.644     9.807 r  u_clkgen/g_hw.u_mmcm/CLKOUT0
                         net (fo=1, routed)           0.228    10.035    u_clkgen/g_hw.clk_out0
    BUFGCE_X0Y31         BUFGCE (Prop_BUFCE_BUFGCE_I_O)
                                                      0.024    10.059 r  u_clkgen/g_hw.u_bufg_out/O
    X1Y1 (CLOCK_ROOT)    net (fo=50610, routed)       1.531    11.590    u_tcb/dp_clk
    SLICE_X31Y151        FDCE                                         r  u_tcb/rcv_wnd_r_reg[2][9]/C
                         clock pessimism             -0.228    11.361    
                         clock uncertainty           -0.062    11.300    
    SLICE_X31Y151        FDCE (Setup_HFF2_SLICEM_C_CE)
                                                     -0.043    11.257    u_tcb/rcv_wnd_r_reg[2][9]
  -------------------------------------------------------------------
                         required time                         11.257    
                         arrival time                         -11.222    
  -------------------------------------------------------------------
                         slack                                  0.034    

Slack (MET) :             0.043ns  (required time - arrival time)
  Source:                 u_tcp_tx/u_fifo_a/rptr_reg[6]_replica/C
                            (rising edge-triggered cell FDCE clocked by g_hw.clk_out0  {rise@0.000ns fall@3.200ns period=6.400ns})
  Destination:            u_tcb/rcv_wnd_r_reg[14][15]/D
                            (rising edge-triggered cell FDCE clocked by g_hw.clk_out0  {rise@0.000ns fall@3.200ns period=6.400ns})
  Path Group:             g_hw.clk_out0
  Path Type:              Setup (Max at Slow Process Corner)
  Requirement:            6.400ns  (g_hw.clk_out0 rise@6.400ns - g_hw.clk_out0 rise@0.000ns)
  Data Path Delay:        6.147ns  (logic 1.632ns (26.549%)  route 4.515ns (73.451%))
  Logic Levels:           16  (CARRY8=2 LUT2=1 LUT4=2 LUT5=5 LUT6=6)
  Clock Path Skew:        -0.175ns (DCD - SCD + CPR)
    Destination Clock Delay (DCD):    5.209ns = ( 11.609 - 6.400 ) 
    Source Clock Delay      (SCD):    5.156ns
    Clock Pessimism Removal (CPR):    -0.229ns
  Clock Uncertainty:      0.062ns  ((TSJ^2 + DJ^2)^1/2) / 2 + PE
    Total System Jitter     (TSJ):    0.071ns
    Discrete Jitter          (DJ):    0.101ns
    Phase Error              (PE):    0.000ns
  Clock Net Delay (Source):      1.841ns (routing 0.616ns, distribution 1.225ns)
  Clock Net Delay (Destination): 1.550ns (routing 0.562ns, distribution 0.988ns)

    Location             Delay type                Incr(ns)  Path(ns)    Netlist Resource(s)
  -------------------------------------------------------------------    -------------------
                         (clock g_hw.clk_out0 rise edge)
                                                      0.000     0.000 r  
    T25                                               0.000     0.000 r  sys_clk_p (IN)
                         net (fo=0)                   0.100     0.100    u_clkgen/g_hw.u_ibufds/I
    HPIOBDIFFINBUF_X0Y37 DIFFINBUF (Prop_DIFFINBUF_HPIOBDIFFINBUF_DIFF_IN_P_O)
                                                      0.479     0.579 r  u_clkgen/g_hw.u_ibufds/DIFFINBUF_INST/O
                         net (fo=1, routed)           0.050     0.629    u_clkgen/g_hw.u_ibufds/OUT
    T25                  IBUFCTRL (Prop_IBUFCTRL_HPIOB_M_I_O)
                                                      0.000     0.629 r  u_clkgen/g_hw.u_ibufds/IBUFCTRL_INST/O
                         net (fo=1, routed)           0.345     0.974    u_clkgen/g_hw.clk_in_ibuf
    BUFGCE_X0Y41         BUFGCE (Prop_BUFCE_BUFGCE_I_O)
                                                      0.028     1.002 r  u_clkgen/g_hw.u_bufg_in/O
                         net (fo=485, routed)         2.135     3.137    u_clkgen/clk_in_100
    MMCM_X0Y1            MMCME4_ADV (Prop_MMCM_CLKIN1_CLKOUT0)
                                                     -0.106     3.031 r  u_clkgen/g_hw.u_mmcm/CLKOUT0
                         net (fo=1, routed)           0.256     3.287    u_clkgen/g_hw.clk_out0
    BUFGCE_X0Y31         BUFGCE (Prop_BUFCE_BUFGCE_I_O)
                                                      0.028     3.315 r  u_clkgen/g_hw.u_bufg_out/O
    X1Y1 (CLOCK_ROOT)    net (fo=50610, routed)       1.841     5.156    u_tcp_tx/u_fifo_a/dp_clk
    SLICE_X23Y172        FDCE                                         r  u_tcp_tx/u_fifo_a/rptr_reg[6]_replica/C
  -------------------------------------------------------------------    -------------------
    SLICE_X23Y172        FDCE (Prop_AFF_SLICEL_C_Q)
                                                      0.096     5.252 r  u_tcp_tx/u_fifo_a/rptr_reg[6]_replica/Q
                         net (fo=1, routed)           0.159     5.411    u_tcp_tx/u_fifo_a/rptr_reg[8]_0[6]_repN
    SLICE_X23Y173        LUT4 (Prop_G6LUT_SLICEL_I0_O)
                                                      0.100     5.511 f  u_tcp_tx/u_fifo_a/pfl_l_i_8/O
                         net (fo=1, routed)           0.105     5.616    u_tcp_tx/u_fifo_a/pfl_l_i_8_n_53
    SLICE_X24Y173        LUT6 (Prop_E6LUT_SLICEL_I0_O)
                                                      0.116     5.732 r  u_tcp_tx/u_fifo_a/pfl_l_i_3/O
                         net (fo=2, routed)           0.220     5.952    u_tcp_tx/u_fifo_a/fu_a
    SLICE_X27Y173        LUT5 (Prop_A6LUT_SLICEL_I2_O)
                                                      0.100     6.052 r  u_tcp_tx/u_fifo_a/stat_winstall[0]_i_5/O
                         net (fo=3, routed)           0.585     6.637    u_tcp_tx/u_ackq/o_win_at_winstall_reg[31]_1
    SLICE_X29Y131        LUT6 (Prop_C6LUT_SLICEM_I3_O)
                                                      0.038     6.675 r  u_tcp_tx/u_ackq/ctrl_doff[3]_i_1/O
                         net (fo=105, routed)         0.175     6.850    u_tcp_tx/u_ackq/win_open_reg
    SLICE_X28Y131        LUT6 (Prop_F6LUT_SLICEM_I4_O)
                                                      0.148     6.998 r  u_tcp_tx/u_ackq/f_seq[1][22]_i_6/O
                         net (fo=90, routed)          0.533     7.531    u_tcb/f_seq_reg[1][22]
    SLICE_X17Y131        LUT6 (Prop_H6LUT_SLICEL_I2_O)
                                                      0.040     7.571 r  u_tcb/f_seq[1][22]_i_2/O
                         net (fo=2, routed)           0.206     7.777    u_tcb/f_seq[1][22]_i_2_n_53
    SLICE_X17Y132        LUT6 (Prop_H6LUT_SLICEL_I0_O)
                                                      0.179     7.956 r  u_tcb/f_seq[1][22]_i_1/O
                         net (fo=17, routed)          0.402     8.358    u_tcp_tx/u_retx/ra_o_r_reg[0]_rep_i_22_0[22]
    SLICE_X16Y143        LUT6 (Prop_H6LUT_SLICEM_I4_O)
                                                      0.151     8.509 r  u_tcp_tx/u_retx/ra_o_r[0]_rep_i_66/O
                         net (fo=1, routed)           0.017     8.526    u_tcp_tx/u_retx/ra_o_r[0]_rep_i_66_n_53
    SLICE_X16Y143        CARRY8 (Prop_CARRY8_SLICEM_S[7]_CO[7])
                                                      0.150     8.676 f  u_tcp_tx/u_retx/ra_o_r_reg[0]_rep_i_49/CO[7]
                         net (fo=1, routed)           0.028     8.704    u_tcp_tx/u_retx/ra_o_r_reg[0]_rep_i_49_n_53
    SLICE_X16Y144        CARRY8 (Prop_CARRY8_SLICEM_CI_CO[2])
                                                      0.073     8.777 f  u_tcp_tx/u_retx/ra_o_r_reg[0]_rep_i_22/CO[2]
                         net (fo=12, routed)          0.430     9.207    u_tcp_tx/ring_hi_reg[31]_0[0]
    SLICE_X21Y146        LUT5 (Prop_A6LUT_SLICEM_I1_O)
                                                      0.116     9.323 f  u_tcp_tx/fc_rr[3]_i_7/O
                         net (fo=1, routed)           0.050     9.373    u_tcp_tx/fc_rr[3]_i_7_n_53
    SLICE_X21Y146        LUT5 (Prop_C6LUT_SLICEM_I0_O)
                                                      0.038     9.411 f  u_tcp_tx/fc_rr[3]_i_5/O
                         net (fo=37, routed)          0.214     9.626    u_tcp_tx/u_ackq/upd_id3
    SLICE_X21Y148        LUT4 (Prop_A6LUT_SLICEM_I0_O)
                                                      0.040     9.666 f  u_tcp_tx/u_ackq/fc_rr[3]_i_4/O
                         net (fo=56, routed)          0.222     9.888    u_tcp_rx/tx_upd_wr
    SLICE_X22Y146        LUT2 (Prop_A6LUT_SLICEL_I1_O)
                                                      0.039     9.927 r  u_tcp_rx/FSM_onehot_drn[3]_i_4/O
                         net (fo=37, routed)          0.165    10.092    u_tcp_rx/sel_rx
    SLICE_X22Y148        LUT5 (Prop_E5LUT_SLICEL_I1_O)
                                                      0.170    10.262 r  u_tcp_rx/rcv_nxt_r[0][15]_i_4/O
                         net (fo=1, routed)           0.133    10.395    u_tcp_tx/u_ackq/snd_wnd_r_reg[14][15]_0
    SLICE_X22Y149        LUT5 (Prop_G6LUT_SLICEL_I4_O)
                                                      0.038    10.433 r  u_tcp_tx/u_ackq/rcv_nxt_r[0][15]_i_1/O
                         net (fo=80, routed)          0.870    11.303    u_tcb/upd_val[15]
    SLICE_X29Y149        FDCE                                         r  u_tcb/rcv_wnd_r_reg[14][15]/D
  -------------------------------------------------------------------    -------------------

                         (clock g_hw.clk_out0 rise edge)
                                                      6.400     6.400 r  
    T25                                               0.000     6.400 r  sys_clk_p (IN)
                         net (fo=0)                   0.079     6.479    u_clkgen/g_hw.u_ibufds/I
    HPIOBDIFFINBUF_X0Y37 DIFFINBUF (Prop_DIFFINBUF_HPIOBDIFFINBUF_DIFF_IN_P_O)
                                                      0.398     6.877 r  u_clkgen/g_hw.u_ibufds/DIFFINBUF_INST/O
                         net (fo=1, routed)           0.040     6.917    u_clkgen/g_hw.u_ibufds/OUT
    T25                  IBUFCTRL (Prop_IBUFCTRL_HPIOB_M_I_O)
                                                      0.000     6.917 r  u_clkgen/g_hw.u_ibufds/IBUFCTRL_INST/O
                         net (fo=1, routed)           0.304     7.221    u_clkgen/g_hw.clk_in_ibuf
    BUFGCE_X0Y41         BUFGCE (Prop_BUFCE_BUFGCE_I_O)
                                                      0.024     7.245 r  u_clkgen/g_hw.u_bufg_in/O
                         net (fo=485, routed)         1.918     9.163    u_clkgen/clk_in_100
    MMCM_X0Y1            MMCME4_ADV (Prop_MMCM_CLKIN1_CLKOUT0)
                                                      0.644     9.807 r  u_clkgen/g_hw.u_mmcm/CLKOUT0
                         net (fo=1, routed)           0.228    10.035    u_clkgen/g_hw.clk_out0
    BUFGCE_X0Y31         BUFGCE (Prop_BUFCE_BUFGCE_I_O)
                                                      0.024    10.059 r  u_clkgen/g_hw.u_bufg_out/O
    X1Y1 (CLOCK_ROOT)    net (fo=50610, routed)       1.550    11.609    u_tcb/dp_clk
    SLICE_X29Y149        FDCE                                         r  u_tcb/rcv_wnd_r_reg[14][15]/C
                         clock pessimism             -0.229    11.380    
                         clock uncertainty           -0.062    11.319    
    SLICE_X29Y149        FDCE (Setup_FFF2_SLICEM_C_D)
                                                      0.027    11.346    u_tcb/rcv_wnd_r_reg[14][15]
  -------------------------------------------------------------------
                         required time                         11.346    
                         arrival time                         -11.303    
  -------------------------------------------------------------------
                         slack                                  0.043    

Slack (MET) :             0.046ns  (required time - arrival time)
  Source:                 u_tcp_tx/u_fifo_a/rptr_reg[6]_replica/C
                            (rising edge-triggered cell FDCE clocked by g_hw.clk_out0  {rise@0.000ns fall@3.200ns period=6.400ns})
  Destination:            u_tcb/snd_una_r_reg[13][0]/CE
                            (rising edge-triggered cell FDCE clocked by g_hw.clk_out0  {rise@0.000ns fall@3.200ns period=6.400ns})
  Path Group:             g_hw.clk_out0
  Path Type:              Setup (Max at Slow Process Corner)
  Requirement:            6.400ns  (g_hw.clk_out0 rise@6.400ns - g_hw.clk_out0 rise@0.000ns)
  Data Path Delay:        6.077ns  (logic 1.722ns (28.335%)  route 4.355ns (71.665%))
  Logic Levels:           16  (CARRY8=2 LUT3=1 LUT4=2 LUT5=3 LUT6=8)
  Clock Path Skew:        -0.173ns (DCD - SCD + CPR)
    Destination Clock Delay (DCD):    5.211ns = ( 11.611 - 6.400 ) 
    Source Clock Delay      (SCD):    5.156ns
    Clock Pessimism Removal (CPR):    -0.229ns
  Clock Uncertainty:      0.062ns  ((TSJ^2 + DJ^2)^1/2) / 2 + PE
    Total System Jitter     (TSJ):    0.071ns
    Discrete Jitter          (DJ):    0.101ns
    Phase Error              (PE):    0.000ns
  Clock Net Delay (Source):      1.841ns (routing 0.616ns, distribution 1.225ns)
  Clock Net Delay (Destination): 1.552ns (routing 0.562ns, distribution 0.990ns)

    Location             Delay type                Incr(ns)  Path(ns)    Netlist Resource(s)
  -------------------------------------------------------------------    -------------------
                         (clock g_hw.clk_out0 rise edge)
                                                      0.000     0.000 r  
    T25                                               0.000     0.000 r  sys_clk_p (IN)
                         net (fo=0)                   0.100     0.100    u_clkgen/g_hw.u_ibufds/I
    HPIOBDIFFINBUF_X0Y37 DIFFINBUF (Prop_DIFFINBUF_HPIOBDIFFINBUF_DIFF_IN_P_O)
                                                      0.479     0.579 r  u_clkgen/g_hw.u_ibufds/DIFFINBUF_INST/O
                         net (fo=1, routed)           0.050     0.629    u_clkgen/g_hw.u_ibufds/OUT
    T25                  IBUFCTRL (Prop_IBUFCTRL_HPIOB_M_I_O)
                                                      0.000     0.629 r  u_clkgen/g_hw.u_ibufds/IBUFCTRL_INST/O
                         net (fo=1, routed)           0.345     0.974    u_clkgen/g_hw.clk_in_ibuf
    BUFGCE_X0Y41         BUFGCE (Prop_BUFCE_BUFGCE_I_O)
                                                      0.028     1.002 r  u_clkgen/g_hw.u_bufg_in/O
                         net (fo=485, routed)         2.135     3.137    u_clkgen/clk_in_100
    MMCM_X0Y1            MMCME4_ADV (Prop_MMCM_CLKIN1_CLKOUT0)
                                                     -0.106     3.031 r  u_clkgen/g_hw.u_mmcm/CLKOUT0
                         net (fo=1, routed)           0.256     3.287    u_clkgen/g_hw.clk_out0
    BUFGCE_X0Y31         BUFGCE (Prop_BUFCE_BUFGCE_I_O)
                                                      0.028     3.315 r  u_clkgen/g_hw.u_bufg_out/O
    X1Y1 (CLOCK_ROOT)    net (fo=50610, routed)       1.841     5.156    u_tcp_tx/u_fifo_a/dp_clk
    SLICE_X23Y172        FDCE                                         r  u_tcp_tx/u_fifo_a/rptr_reg[6]_replica/C
  -------------------------------------------------------------------    -------------------
    SLICE_X23Y172        FDCE (Prop_AFF_SLICEL_C_Q)
                                                      0.096     5.252 r  u_tcp_tx/u_fifo_a/rptr_reg[6]_replica/Q
                         net (fo=1, routed)           0.159     5.411    u_tcp_tx/u_fifo_a/rptr_reg[8]_0[6]_repN
    SLICE_X23Y173        LUT4 (Prop_G6LUT_SLICEL_I0_O)
                                                      0.100     5.511 f  u_tcp_tx/u_fifo_a/pfl_l_i_8/O
                         net (fo=1, routed)           0.105     5.616    u_tcp_tx/u_fifo_a/pfl_l_i_8_n_53
    SLICE_X24Y173        LUT6 (Prop_E6LUT_SLICEL_I0_O)
                                                      0.116     5.732 r  u_tcp_tx/u_fifo_a/pfl_l_i_3/O
                         net (fo=2, routed)           0.220     5.952    u_tcp_tx/u_fifo_a/fu_a
    SLICE_X27Y173        LUT5 (Prop_A6LUT_SLICEL_I2_O)
                                                      0.100     6.052 r  u_tcp_tx/u_fifo_a/stat_winstall[0]_i_5/O
                         net (fo=3, routed)           0.585     6.637    u_tcp_tx/u_ackq/o_win_at_winstall_reg[31]_1
    SLICE_X29Y131        LUT6 (Prop_C6LUT_SLICEM_I3_O)
                                                      0.038     6.675 r  u_tcp_tx/u_ackq/ctrl_doff[3]_i_1/O
                         net (fo=105, routed)         0.175     6.850    u_tcp_tx/u_ackq/win_open_reg
    SLICE_X28Y131        LUT6 (Prop_F6LUT_SLICEM_I4_O)
                                                      0.148     6.998 r  u_tcp_tx/u_ackq/f_seq[1][22]_i_6/O
                         net (fo=90, routed)          0.533     7.531    u_tcb/f_seq_reg[1][22]
    SLICE_X17Y131        LUT6 (Prop_H6LUT_SLICEL_I2_O)
                                                      0.040     7.571 r  u_tcb/f_seq[1][22]_i_2/O
                         net (fo=2, routed)           0.206     7.777    u_tcb/f_seq[1][22]_i_2_n_53
    SLICE_X17Y132        LUT6 (Prop_H6LUT_SLICEL_I0_O)
                                                      0.179     7.956 r  u_tcb/f_seq[1][22]_i_1/O
                         net (fo=17, routed)          0.402     8.358    u_tcp_tx/u_retx/ra_o_r_reg[0]_rep_i_22_0[22]
    SLICE_X16Y143        LUT6 (Prop_H6LUT_SLICEM_I4_O)
                                                      0.151     8.509 r  u_tcp_tx/u_retx/ra_o_r[0]_rep_i_66/O
                         net (fo=1, routed)           0.017     8.526    u_tcp_tx/u_retx/ra_o_r[0]_rep_i_66_n_53
    SLICE_X16Y143        CARRY8 (Prop_CARRY8_SLICEM_S[7]_CO[7])
                                                      0.150     8.676 r  u_tcp_tx/u_retx/ra_o_r_reg[0]_rep_i_49/CO[7]
                         net (fo=1, routed)           0.028     8.704    u_tcp_tx/u_retx/ra_o_r_reg[0]_rep_i_49_n_53
    SLICE_X16Y144        CARRY8 (Prop_CARRY8_SLICEM_CI_CO[2])
                                                      0.073     8.777 r  u_tcp_tx/u_retx/ra_o_r_reg[0]_rep_i_22/CO[2]
                         net (fo=12, routed)          0.430     9.207    u_tcp_tx/ring_hi_reg[31]_0[0]
    SLICE_X21Y146        LUT5 (Prop_A6LUT_SLICEM_I1_O)
                                                      0.116     9.323 r  u_tcp_tx/fc_rr[3]_i_7/O
                         net (fo=1, routed)           0.050     9.373    u_tcp_tx/fc_rr[3]_i_7_n_53
    SLICE_X21Y146        LUT5 (Prop_C6LUT_SLICEM_I0_O)
                                                      0.038     9.411 r  u_tcp_tx/fc_rr[3]_i_5/O
                         net (fo=37, routed)          0.214     9.626    u_tcp_tx/u_ackq/upd_id3
    SLICE_X21Y148        LUT4 (Prop_A6LUT_SLICEM_I0_O)
                                                      0.040     9.666 r  u_tcp_tx/u_ackq/fc_rr[3]_i_4/O
                         net (fo=56, routed)          0.150     9.815    u_tcp_rx/tx_upd_wr
    SLICE_X21Y149        LUT6 (Prop_C6LUT_SLICEM_I2_O)
                                                      0.038     9.853 f  u_tcp_rx/rcv_nxt_r[0][31]_i_14/O
                         net (fo=1, routed)           0.112     9.965    u_tcp_tx/u_ackq/rcv_nxt_r_reg[15][31]_0
    SLICE_X23Y149        LUT3 (Prop_E6LUT_SLICEL_I2_O)
                                                      0.148    10.113 f  u_tcp_tx/u_ackq/rcv_nxt_r[0][31]_i_3/O
                         net (fo=116, routed)         0.509    10.622    u_tcp_tx/u_ackq/tcb_id[1]
    SLICE_X25Y147        LUT6 (Prop_H6LUT_SLICEM_I2_O)
                                                      0.151    10.773 r  u_tcp_tx/u_ackq/snd_una_r[13][31]_i_1/O
                         net (fo=32, routed)          0.460    11.233    u_tcb/snd_una_r_reg[13][31]_0[0]
    SLICE_X30Y147        FDCE                                         r  u_tcb/snd_una_r_reg[13][0]/CE
  -------------------------------------------------------------------    -------------------

                         (clock g_hw.clk_out0 rise edge)
                                                      6.400     6.400 r  
    T25                                               0.000     6.400 r  sys_clk_p (IN)
                         net (fo=0)                   0.079     6.479    u_clkgen/g_hw.u_ibufds/I
    HPIOBDIFFINBUF_X0Y37 DIFFINBUF (Prop_DIFFINBUF_HPIOBDIFFINBUF_DIFF_IN_P_O)
                                                      0.398     6.877 r  u_clkgen/g_hw.u_ibufds/DIFFINBUF_INST/O
                         net (fo=1, routed)           0.040     6.917    u_clkgen/g_hw.u_ibufds/OUT
    T25                  IBUFCTRL (Prop_IBUFCTRL_HPIOB_M_I_O)
                                                      0.000     6.917 r  u_clkgen/g_hw.u_ibufds/IBUFCTRL_INST/O
                         net (fo=1, routed)           0.304     7.221    u_clkgen/g_hw.clk_in_ibuf
    BUFGCE_X0Y41         BUFGCE (Prop_BUFCE_BUFGCE_I_O)
                                                      0.024     7.245 r  u_clkgen/g_hw.u_bufg_in/O
                         net (fo=485, routed)         1.918     9.163    u_clkgen/clk_in_100
    MMCM_X0Y1            MMCME4_ADV (Prop_MMCM_CLKIN1_CLKOUT0)
                                                      0.644     9.807 r  u_clkgen/g_hw.u_mmcm/CLKOUT0
                         net (fo=1, routed)           0.228    10.035    u_clkgen/g_hw.clk_out0
    BUFGCE_X0Y31         BUFGCE (Prop_BUFCE_BUFGCE_I_O)
                                                      0.024    10.059 r  u_clkgen/g_hw.u_bufg_out/O
    X1Y1 (CLOCK_ROOT)    net (fo=50610, routed)       1.552    11.611    u_tcb/dp_clk
    SLICE_X30Y147        FDCE                                         r  u_tcb/snd_una_r_reg[13][0]/C
                         clock pessimism             -0.229    11.382    
                         clock uncertainty           -0.062    11.320    
    SLICE_X30Y147        FDCE (Setup_HFF2_SLICEL_C_CE)
                                                     -0.042    11.278    u_tcb/snd_una_r_reg[13][0]
  -------------------------------------------------------------------
                         required time                         11.278    
                         arrival time                         -11.233    
  -------------------------------------------------------------------
                         slack                                  0.046    

Slack (MET) :             0.053ns  (required time - arrival time)
  Source:                 u_tcp_tx/u_fifo_a/rptr_reg[6]_replica/C
                            (rising edge-triggered cell FDCE clocked by g_hw.clk_out0  {rise@0.000ns fall@3.200ns period=6.400ns})
  Destination:            u_tcb/rcv_wnd_r_reg[4][5]/D
                            (rising edge-triggered cell FDCE clocked by g_hw.clk_out0  {rise@0.000ns fall@3.200ns period=6.400ns})
  Path Group:             g_hw.clk_out0
  Path Type:              Setup (Max at Slow Process Corner)
  Requirement:            6.400ns  (g_hw.clk_out0 rise@6.400ns - g_hw.clk_out0 rise@0.000ns)
  Data Path Delay:        6.132ns  (logic 1.688ns (27.527%)  route 4.444ns (72.473%))
  Logic Levels:           16  (CARRY8=2 LUT2=1 LUT4=2 LUT5=5 LUT6=6)
  Clock Path Skew:        -0.180ns (DCD - SCD + CPR)
    Destination Clock Delay (DCD):    5.204ns = ( 11.604 - 6.400 ) 
    Source Clock Delay      (SCD):    5.156ns
    Clock Pessimism Removal (CPR):    -0.229ns
  Clock Uncertainty:      0.062ns  ((TSJ^2 + DJ^2)^1/2) / 2 + PE
    Total System Jitter     (TSJ):    0.071ns
    Discrete Jitter          (DJ):    0.101ns
    Phase Error              (PE):    0.000ns
  Clock Net Delay (Source):      1.841ns (routing 0.616ns, distribution 1.225ns)
  Clock Net Delay (Destination): 1.545ns (routing 0.562ns, distribution 0.983ns)

    Location             Delay type                Incr(ns)  Path(ns)    Netlist Resource(s)
  -------------------------------------------------------------------    -------------------
                         (clock g_hw.clk_out0 rise edge)
                                                      0.000     0.000 r  
    T25                                               0.000     0.000 r  sys_clk_p (IN)
                         net (fo=0)                   0.100     0.100    u_clkgen/g_hw.u_ibufds/I
    HPIOBDIFFINBUF_X0Y37 DIFFINBUF (Prop_DIFFINBUF_HPIOBDIFFINBUF_DIFF_IN_P_O)
                                                      0.479     0.579 r  u_clkgen/g_hw.u_ibufds/DIFFINBUF_INST/O
                         net (fo=1, routed)           0.050     0.629    u_clkgen/g_hw.u_ibufds/OUT
    T25                  IBUFCTRL (Prop_IBUFCTRL_HPIOB_M_I_O)
                                                      0.000     0.629 r  u_clkgen/g_hw.u_ibufds/IBUFCTRL_INST/O
                         net (fo=1, routed)           0.345     0.974    u_clkgen/g_hw.clk_in_ibuf
    BUFGCE_X0Y41         BUFGCE (Prop_BUFCE_BUFGCE_I_O)
                                                      0.028     1.002 r  u_clkgen/g_hw.u_bufg_in/O
                         net (fo=485, routed)         2.135     3.137    u_clkgen/clk_in_100
    MMCM_X0Y1            MMCME4_ADV (Prop_MMCM_CLKIN1_CLKOUT0)
                                                     -0.106     3.031 r  u_clkgen/g_hw.u_mmcm/CLKOUT0
                         net (fo=1, routed)           0.256     3.287    u_clkgen/g_hw.clk_out0
    BUFGCE_X0Y31         BUFGCE (Prop_BUFCE_BUFGCE_I_O)
                                                      0.028     3.315 r  u_clkgen/g_hw.u_bufg_out/O
    X1Y1 (CLOCK_ROOT)    net (fo=50610, routed)       1.841     5.156    u_tcp_tx/u_fifo_a/dp_clk
    SLICE_X23Y172        FDCE                                         r  u_tcp_tx/u_fifo_a/rptr_reg[6]_replica/C
  -------------------------------------------------------------------    -------------------
    SLICE_X23Y172        FDCE (Prop_AFF_SLICEL_C_Q)
                                                      0.096     5.252 r  u_tcp_tx/u_fifo_a/rptr_reg[6]_replica/Q
                         net (fo=1, routed)           0.159     5.411    u_tcp_tx/u_fifo_a/rptr_reg[8]_0[6]_repN
    SLICE_X23Y173        LUT4 (Prop_G6LUT_SLICEL_I0_O)
                                                      0.100     5.511 f  u_tcp_tx/u_fifo_a/pfl_l_i_8/O
                         net (fo=1, routed)           0.105     5.616    u_tcp_tx/u_fifo_a/pfl_l_i_8_n_53
    SLICE_X24Y173        LUT6 (Prop_E6LUT_SLICEL_I0_O)
                                                      0.116     5.732 r  u_tcp_tx/u_fifo_a/pfl_l_i_3/O
                         net (fo=2, routed)           0.220     5.952    u_tcp_tx/u_fifo_a/fu_a
    SLICE_X27Y173        LUT5 (Prop_A6LUT_SLICEL_I2_O)
                                                      0.100     6.052 r  u_tcp_tx/u_fifo_a/stat_winstall[0]_i_5/O
                         net (fo=3, routed)           0.585     6.637    u_tcp_tx/u_ackq/o_win_at_winstall_reg[31]_1
    SLICE_X29Y131        LUT6 (Prop_C6LUT_SLICEM_I3_O)
                                                      0.038     6.675 r  u_tcp_tx/u_ackq/ctrl_doff[3]_i_1/O
                         net (fo=105, routed)         0.175     6.850    u_tcp_tx/u_ackq/win_open_reg
    SLICE_X28Y131        LUT6 (Prop_F6LUT_SLICEM_I4_O)
                                                      0.148     6.998 r  u_tcp_tx/u_ackq/f_seq[1][22]_i_6/O
                         net (fo=90, routed)          0.533     7.531    u_tcb/f_seq_reg[1][22]
    SLICE_X17Y131        LUT6 (Prop_H6LUT_SLICEL_I2_O)
                                                      0.040     7.571 r  u_tcb/f_seq[1][22]_i_2/O
                         net (fo=2, routed)           0.206     7.777    u_tcb/f_seq[1][22]_i_2_n_53
    SLICE_X17Y132        LUT6 (Prop_H6LUT_SLICEL_I0_O)
                                                      0.179     7.956 r  u_tcb/f_seq[1][22]_i_1/O
                         net (fo=17, routed)          0.402     8.358    u_tcp_tx/u_retx/ra_o_r_reg[0]_rep_i_22_0[22]
    SLICE_X16Y143        LUT6 (Prop_H6LUT_SLICEM_I4_O)
                                                      0.151     8.509 r  u_tcp_tx/u_retx/ra_o_r[0]_rep_i_66/O
                         net (fo=1, routed)           0.017     8.526    u_tcp_tx/u_retx/ra_o_r[0]_rep_i_66_n_53
    SLICE_X16Y143        CARRY8 (Prop_CARRY8_SLICEM_S[7]_CO[7])
                                                      0.150     8.676 f  u_tcp_tx/u_retx/ra_o_r_reg[0]_rep_i_49/CO[7]
                         net (fo=1, routed)           0.028     8.704    u_tcp_tx/u_retx/ra_o_r_reg[0]_rep_i_49_n_53
    SLICE_X16Y144        CARRY8 (Prop_CARRY8_SLICEM_CI_CO[2])
                                                      0.073     8.777 f  u_tcp_tx/u_retx/ra_o_r_reg[0]_rep_i_22/CO[2]
                         net (fo=12, routed)          0.430     9.207    u_tcp_tx/ring_hi_reg[31]_0[0]
    SLICE_X21Y146        LUT5 (Prop_A6LUT_SLICEM_I1_O)
                                                      0.116     9.323 f  u_tcp_tx/fc_rr[3]_i_7/O
                         net (fo=1, routed)           0.050     9.373    u_tcp_tx/fc_rr[3]_i_7_n_53
    SLICE_X21Y146        LUT5 (Prop_C6LUT_SLICEM_I0_O)
                                                      0.038     9.411 f  u_tcp_tx/fc_rr[3]_i_5/O
                         net (fo=37, routed)          0.214     9.626    u_tcp_tx/u_ackq/upd_id3
    SLICE_X21Y148        LUT4 (Prop_A6LUT_SLICEM_I0_O)
                                                      0.040     9.666 f  u_tcp_tx/u_ackq/fc_rr[3]_i_4/O
                         net (fo=56, routed)          0.222     9.888    u_tcp_rx/tx_upd_wr
    SLICE_X22Y146        LUT2 (Prop_A6LUT_SLICEL_I1_O)
                                                      0.039     9.927 r  u_tcp_rx/FSM_onehot_drn[3]_i_4/O
                         net (fo=37, routed)          0.264    10.191    u_tcp_rx/sel_rx
    SLICE_X23Y148        LUT5 (Prop_D6LUT_SLICEL_I1_O)
                                                      0.116    10.307 r  u_tcp_rx/rcv_nxt_r[0][5]_i_3/O
                         net (fo=1, routed)           0.055    10.362    u_tcp_tx/u_ackq/snd_wnd_r_reg[14][5]
    SLICE_X23Y148        LUT5 (Prop_F6LUT_SLICEL_I4_O)
                                                      0.148    10.510 r  u_tcp_tx/u_ackq/rcv_nxt_r[0][5]_i_1/O
                         net (fo=80, routed)          0.778    11.288    u_tcb/upd_val[5]
    SLICE_X29Y150        FDCE                                         r  u_tcb/rcv_wnd_r_reg[4][5]/D
  -------------------------------------------------------------------    -------------------

                         (clock g_hw.clk_out0 rise edge)
                                                      6.400     6.400 r  
    T25                                               0.000     6.400 r  sys_clk_p (IN)
                         net (fo=0)                   0.079     6.479    u_clkgen/g_hw.u_ibufds/I
    HPIOBDIFFINBUF_X0Y37 DIFFINBUF (Prop_DIFFINBUF_HPIOBDIFFINBUF_DIFF_IN_P_O)
                                                      0.398     6.877 r  u_clkgen/g_hw.u_ibufds/DIFFINBUF_INST/O
                         net (fo=1, routed)           0.040     6.917    u_clkgen/g_hw.u_ibufds/OUT
    T25                  IBUFCTRL (Prop_IBUFCTRL_HPIOB_M_I_O)
                                                      0.000     6.917 r  u_clkgen/g_hw.u_ibufds/IBUFCTRL_INST/O
                         net (fo=1, routed)           0.304     7.221    u_clkgen/g_hw.clk_in_ibuf
    BUFGCE_X0Y41         BUFGCE (Prop_BUFCE_BUFGCE_I_O)
                                                      0.024     7.245 r  u_clkgen/g_hw.u_bufg_in/O
                         net (fo=485, routed)         1.918     9.163    u_clkgen/clk_in_100
    MMCM_X0Y1            MMCME4_ADV (Prop_MMCM_CLKIN1_CLKOUT0)
                                                      0.644     9.807 r  u_clkgen/g_hw.u_mmcm/CLKOUT0
                         net (fo=1, routed)           0.228    10.035    u_clkgen/g_hw.clk_out0
    BUFGCE_X0Y31         BUFGCE (Prop_BUFCE_BUFGCE_I_O)
                                                      0.024    10.059 r  u_clkgen/g_hw.u_bufg_out/O
    X1Y1 (CLOCK_ROOT)    net (fo=50610, routed)       1.545    11.604    u_tcb/dp_clk
    SLICE_X29Y150        FDCE                                         r  u_tcb/rcv_wnd_r_reg[4][5]/C
                         clock pessimism             -0.229    11.375    
                         clock uncertainty           -0.062    11.314    
    SLICE_X29Y150        FDCE (Setup_CFF_SLICEM_C_D)
                                                      0.027    11.341    u_tcb/rcv_wnd_r_reg[4][5]
  -------------------------------------------------------------------
                         required time                         11.341    
                         arrival time                         -11.288    
  -------------------------------------------------------------------
                         slack                                  0.053    

Slack (MET) :             0.063ns  (required time - arrival time)
  Source:                 u_tcp_tx/u_fifo_a/rptr_reg[6]_replica/C
                            (rising edge-triggered cell FDCE clocked by g_hw.clk_out0  {rise@0.000ns fall@3.200ns period=6.400ns})
  Destination:            u_tcb/snd_una_r_reg[1][18]/D
                            (rising edge-triggered cell FDCE clocked by g_hw.clk_out0  {rise@0.000ns fall@3.200ns period=6.400ns})
  Path Group:             g_hw.clk_out0
  Path Type:              Setup (Max at Slow Process Corner)
  Requirement:            6.400ns  (g_hw.clk_out0 rise@6.400ns - g_hw.clk_out0 rise@0.000ns)
  Data Path Delay:        6.218ns  (logic 1.688ns (27.147%)  route 4.530ns (72.853%))
  Logic Levels:           16  (CARRY8=2 LUT2=1 LUT4=3 LUT5=4 LUT6=6)
  Clock Path Skew:        -0.084ns (DCD - SCD + CPR)
    Destination Clock Delay (DCD):    5.297ns = ( 11.697 - 6.400 ) 
    Source Clock Delay      (SCD):    5.156ns
    Clock Pessimism Removal (CPR):    -0.225ns
  Clock Uncertainty:      0.062ns  ((TSJ^2 + DJ^2)^1/2) / 2 + PE
    Total System Jitter     (TSJ):    0.071ns
    Discrete Jitter          (DJ):    0.101ns
    Phase Error              (PE):    0.000ns
  Clock Net Delay (Source):      1.841ns (routing 0.616ns, distribution 1.225ns)
  Clock Net Delay (Destination): 1.638ns (routing 0.562ns, distribution 1.076ns)

    Location             Delay type                Incr(ns)  Path(ns)    Netlist Resource(s)
  -------------------------------------------------------------------    -------------------
                         (clock g_hw.clk_out0 rise edge)
                                                      0.000     0.000 r  
    T25                                               0.000     0.000 r  sys_clk_p (IN)
                         net (fo=0)                   0.100     0.100    u_clkgen/g_hw.u_ibufds/I
    HPIOBDIFFINBUF_X0Y37 DIFFINBUF (Prop_DIFFINBUF_HPIOBDIFFINBUF_DIFF_IN_P_O)
                                                      0.479     0.579 r  u_clkgen/g_hw.u_ibufds/DIFFINBUF_INST/O
                         net (fo=1, routed)           0.050     0.629    u_clkgen/g_hw.u_ibufds/OUT
    T25                  IBUFCTRL (Prop_IBUFCTRL_HPIOB_M_I_O)
                                                      0.000     0.629 r  u_clkgen/g_hw.u_ibufds/IBUFCTRL_INST/O
                         net (fo=1, routed)           0.345     0.974    u_clkgen/g_hw.clk_in_ibuf
    BUFGCE_X0Y41         BUFGCE (Prop_BUFCE_BUFGCE_I_O)
                                                      0.028     1.002 r  u_clkgen/g_hw.u_bufg_in/O
                         net (fo=485, routed)         2.135     3.137    u_clkgen/clk_in_100
    MMCM_X0Y1            MMCME4_ADV (Prop_MMCM_CLKIN1_CLKOUT0)
                                                     -0.106     3.031 r  u_clkgen/g_hw.u_mmcm/CLKOUT0
                         net (fo=1, routed)           0.256     3.287    u_clkgen/g_hw.clk_out0
    BUFGCE_X0Y31         BUFGCE (Prop_BUFCE_BUFGCE_I_O)
                                                      0.028     3.315 r  u_clkgen/g_hw.u_bufg_out/O
    X1Y1 (CLOCK_ROOT)    net (fo=50610, routed)       1.841     5.156    u_tcp_tx/u_fifo_a/dp_clk
    SLICE_X23Y172        FDCE                                         r  u_tcp_tx/u_fifo_a/rptr_reg[6]_replica/C
  -------------------------------------------------------------------    -------------------
    SLICE_X23Y172        FDCE (Prop_AFF_SLICEL_C_Q)
                                                      0.096     5.252 r  u_tcp_tx/u_fifo_a/rptr_reg[6]_replica/Q
                         net (fo=1, routed)           0.159     5.411    u_tcp_tx/u_fifo_a/rptr_reg[8]_0[6]_repN
    SLICE_X23Y173        LUT4 (Prop_G6LUT_SLICEL_I0_O)
                                                      0.100     5.511 f  u_tcp_tx/u_fifo_a/pfl_l_i_8/O
                         net (fo=1, routed)           0.105     5.616    u_tcp_tx/u_fifo_a/pfl_l_i_8_n_53
    SLICE_X24Y173        LUT6 (Prop_E6LUT_SLICEL_I0_O)
                                                      0.116     5.732 r  u_tcp_tx/u_fifo_a/pfl_l_i_3/O
                         net (fo=2, routed)           0.220     5.952    u_tcp_tx/u_fifo_a/fu_a
    SLICE_X27Y173        LUT5 (Prop_A6LUT_SLICEL_I2_O)
                                                      0.100     6.052 r  u_tcp_tx/u_fifo_a/stat_winstall[0]_i_5/O
                         net (fo=3, routed)           0.585     6.637    u_tcp_tx/u_ackq/o_win_at_winstall_reg[31]_1
    SLICE_X29Y131        LUT6 (Prop_C6LUT_SLICEM_I3_O)
                                                      0.038     6.675 r  u_tcp_tx/u_ackq/ctrl_doff[3]_i_1/O
                         net (fo=105, routed)         0.175     6.850    u_tcp_tx/u_ackq/win_open_reg
    SLICE_X28Y131        LUT6 (Prop_F6LUT_SLICEM_I4_O)
                                                      0.148     6.998 r  u_tcp_tx/u_ackq/f_seq[1][22]_i_6/O
                         net (fo=90, routed)          0.533     7.531    u_tcb/f_seq_reg[1][22]
    SLICE_X17Y131        LUT6 (Prop_H6LUT_SLICEL_I2_O)
                                                      0.040     7.571 r  u_tcb/f_seq[1][22]_i_2/O
                         net (fo=2, routed)           0.206     7.777    u_tcb/f_seq[1][22]_i_2_n_53
    SLICE_X17Y132        LUT6 (Prop_H6LUT_SLICEL_I0_O)
                                                      0.179     7.956 r  u_tcb/f_seq[1][22]_i_1/O
                         net (fo=17, routed)          0.402     8.358    u_tcp_tx/u_retx/ra_o_r_reg[0]_rep_i_22_0[22]
    SLICE_X16Y143        LUT6 (Prop_H6LUT_SLICEM_I4_O)
                                                      0.151     8.509 r  u_tcp_tx/u_retx/ra_o_r[0]_rep_i_66/O
                         net (fo=1, routed)           0.017     8.526    u_tcp_tx/u_retx/ra_o_r[0]_rep_i_66_n_53
    SLICE_X16Y143        CARRY8 (Prop_CARRY8_SLICEM_S[7]_CO[7])
                                                      0.150     8.676 f  u_tcp_tx/u_retx/ra_o_r_reg[0]_rep_i_49/CO[7]
                         net (fo=1, routed)           0.028     8.704    u_tcp_tx/u_retx/ra_o_r_reg[0]_rep_i_49_n_53
    SLICE_X16Y144        CARRY8 (Prop_CARRY8_SLICEM_CI_CO[2])
                                                      0.073     8.777 f  u_tcp_tx/u_retx/ra_o_r_reg[0]_rep_i_22/CO[2]
                         net (fo=12, routed)          0.430     9.207    u_tcp_tx/ring_hi_reg[31]_0[0]
    SLICE_X21Y146        LUT5 (Prop_A6LUT_SLICEM_I1_O)
                                                      0.116     9.323 f  u_tcp_tx/fc_rr[3]_i_7/O
                         net (fo=1, routed)           0.050     9.373    u_tcp_tx/fc_rr[3]_i_7_n_53
    SLICE_X21Y146        LUT5 (Prop_C6LUT_SLICEM_I0_O)
                                                      0.038     9.411 f  u_tcp_tx/fc_rr[3]_i_5/O
                         net (fo=37, routed)          0.214     9.626    u_tcp_tx/u_ackq/upd_id3
    SLICE_X21Y148        LUT4 (Prop_A6LUT_SLICEM_I0_O)
                                                      0.040     9.666 f  u_tcp_tx/u_ackq/fc_rr[3]_i_4/O
                         net (fo=56, routed)          0.222     9.888    u_tcp_rx/tx_upd_wr
    SLICE_X22Y146        LUT2 (Prop_A6LUT_SLICEL_I1_O)
                                                      0.039     9.927 r  u_tcp_rx/FSM_onehot_drn[3]_i_4/O
                         net (fo=37, routed)          0.357    10.283    u_tcp_rx/sel_rx
    SLICE_X23Y150        LUT4 (Prop_D6LUT_SLICEL_I1_O)
                                                      0.116    10.399 r  u_tcp_rx/rcv_nxt_r[0][18]_i_3/O
                         net (fo=1, routed)           0.055    10.454    u_tcp_tx/u_ackq/snd_una_r_reg[14][18]
    SLICE_X23Y150        LUT5 (Prop_F6LUT_SLICEL_I4_O)
                                                      0.148    10.602 r  u_tcp_tx/u_ackq/rcv_nxt_r[0][18]_i_1/O
                         net (fo=48, routed)          0.771    11.374    u_tcb/upd_val[18]
    SLICE_X25Y140        FDCE                                         r  u_tcb/snd_una_r_reg[1][18]/D
  -------------------------------------------------------------------    -------------------

                         (clock g_hw.clk_out0 rise edge)
                                                      6.400     6.400 r  
    T25                                               0.000     6.400 r  sys_clk_p (IN)
                         net (fo=0)                   0.079     6.479    u_clkgen/g_hw.u_ibufds/I
    HPIOBDIFFINBUF_X0Y37 DIFFINBUF (Prop_DIFFINBUF_HPIOBDIFFINBUF_DIFF_IN_P_O)
                                                      0.398     6.877 r  u_clkgen/g_hw.u_ibufds/DIFFINBUF_INST/O
                         net (fo=1, routed)           0.040     6.917    u_clkgen/g_hw.u_ibufds/OUT
    T25                  IBUFCTRL (Prop_IBUFCTRL_HPIOB_M_I_O)
                                                      0.000     6.917 r  u_clkgen/g_hw.u_ibufds/IBUFCTRL_INST/O
                         net (fo=1, routed)           0.304     7.221    u_clkgen/g_hw.clk_in_ibuf
    BUFGCE_X0Y41         BUFGCE (Prop_BUFCE_BUFGCE_I_O)
                                                      0.024     7.245 r  u_clkgen/g_hw.u_bufg_in/O
                         net (fo=485, routed)         1.918     9.163    u_clkgen/clk_in_100
    MMCM_X0Y1            MMCME4_ADV (Prop_MMCM_CLKIN1_CLKOUT0)
                                                      0.644     9.807 r  u_clkgen/g_hw.u_mmcm/CLKOUT0
                         net (fo=1, routed)           0.228    10.035    u_clkgen/g_hw.clk_out0
    BUFGCE_X0Y31         BUFGCE (Prop_BUFCE_BUFGCE_I_O)
                                                      0.024    10.059 r  u_clkgen/g_hw.u_bufg_out/O
    X1Y1 (CLOCK_ROOT)    net (fo=50610, routed)       1.638    11.697    u_tcb/dp_clk
    SLICE_X25Y140        FDCE                                         r  u_tcb/snd_una_r_reg[1][18]/C
                         clock pessimism             -0.225    11.472    
                         clock uncertainty           -0.062    11.410    
    SLICE_X25Y140        FDCE (Setup_FFF_SLICEM_C_D)
                                                      0.027    11.437    u_tcb/snd_una_r_reg[1][18]
  -------------------------------------------------------------------
                         required time                         11.437    
                         arrival time                         -11.374    
  -------------------------------------------------------------------
                         slack                                  0.063    




