#-----------------------------------------------------------
# xsim v2025.2 (64-bit)
# SW Build 6299465 on Fri Nov 14 19:35:11 GMT 2025
# IP Build 6300035 on Fri Nov 14 10:48:45 MST 2025
# SharedData Build 6298862 on Thu Nov 13 04:50:51 MST 2025
# Start of session at: Wed Oct  7 09:59:09 2026
# Process ID         : 28168
# Current directory  : D:/repo/XCKU5PMini/udp_hls_10g/sim/p5wu_p1p2/runsnap
# Command line       : xsim.exe -log xsim_snap63.log -mode tcl -source {xsim.dir/tb_snap63/xsim_script.tcl}
# Log file           : D:/repo/XCKU5PMini/udp_hls_10g/sim/p5wu_p1p2/runsnap/xsim_snap63.log
# Journal file       : D:/repo/XCKU5PMini/udp_hls_10g/sim/p5wu_p1p2/runsnap\xsim.jou
# Running On         : xyz-intel
# Platform           : Windows Server 2016 or Windows 10
# Operating System   : 26300
# Processor Detail   : Intel(R) Core(TM) Ultra 7 265K
# CPU Frequency      : 3878 MHz
# CPU Physical cores : 20
# CPU Logical cores  : 20
# Host memory        : 68053 MB
# Swap memory        : 4294 MB
# Total Virtual      : 72348 MB
# Available Virtual  : 47673 MB
#-----------------------------------------------------------
source xsim.dir/tb_snap63/xsim_script.tcl
# xsim {tb_snap63} -autoloadwcfg -runall
Time resolution is 1 ps
run -all
=== tb_snap63: snapshot window readback gate (SNAP_NW=63) ===
  [PASS] 1a MAGIC = 50360001
  [PASS] 1b BUILD_ID (P7B-WU: 9) = 00000009
  [PASS] 1c MARKEÿÿÿåÿÿÿÿÿÿ‘ÿÿ) = deadbeef
  [PASS] 2a geÿÿÿÿÿÿ½ = 1 = 00000001
  [PASS] 2b donÿÿÿ½ÿÿÿ· = 00000001
  [PASS] 2c [15:7] ÿÿÿåÿÿÿ…ÿÿÿº = 00000000
  [PASS] 3 W0..W62 å…± 63 å­—é€å­—ä¸€ä¸€å¯¹åº” (æ— é”™ä½/æ— å›ç»•)
  [PASS] ÿÿÿåÿÿÿ¡» 0 ÿÿ’ ÿÿÿæÿ® 3ÿÿÿ‰ÿÿ™) = 00000000
  [PASS] 20+4*62 = 0x118 = W6ÿÿÿèÿÿÿ¾ÿÿÿ° = b17b003e
  [PASS] 5bÿÿÿ«ÿÿ— rresp = OKAY rresp=00
  [PASS] ÿÿÿœÿÿÿ€ (0x11C = word 7ÿÿÿåÿ 0 = 00000000
  [PASS] ÿÿÿœÿÿÿÿÿÿåÿÿÿ€ rresp = SLVERR rresp=10
  [PASS]  OKAÿÿÿåÿÿÿ»ÿÿÿ«ÿÿÿæÿÿÿœÿÿÿÿÿ„) rresp=00
  [PASS] AGICÿÿÿ‡ÿÿÿ¦ÿÿÿºÿÿÿçÿÿÿœ¨ 0x200) = 50360001
  [PASS] ÿÿÿÿÿ° ÿÿ’ ÿÿÿäÿÿÿ™ 11ÿÿÿˆÿÿÿ‹ rresp=10
  [PASS] 8aÿÿÿˆÿÿ™ SCRATCH ÿÿÿºÿÿ†) = a5a51234
  [PASS]  0x108 = SLVERR ÿÿÿÿÿ¯ SCRATCH) rresp=10
  [PASS] 8c SCRATCHÿÿÿªÿÿ« 0x10ÿÿÿ”ÿÿÿ° = a5a51234
  [PASS] 9ÿÿÿ‰ÿÿÿ®: doÿÿÿåÿÿÿ½ÿÿÿ· = 00000001
  [PASS] 9ÿÿÿ†™ 0x118 = SLVERR rresp=10
  [PASS] 9c genÿÿÿªÿÿ« 0x11ÿÿÿŠÿÿÿ‡ = 00000001
  [PASS] ÿÿ‰ ÿÿÿ’ÿÿÿƒÿÿÿåÿÿÿ¸­ SNAP_CTRL) = 00000001
  [PASS] ÿÿÿ¹ÿÿ§:ÿÿÿ™ 0x1ÿÿÿ¸ÿÿÿ‰ÿÿ† done = 00000000
  [PASS]  0x1ÿÿÿ½ÿÿÿÿÿÿÿÿÿ‰ snap_valid) = 00000001
  [PASS] ÿÿ¡ snap_valÿÿÿâÿ’ gÿÿÿæÿÿÿ¥½ +1 = 00000002
  [PASS] ÿÿÿÿÿÿ€ÿÿÿçÿÿÿÿÿÿçÿÿÿÿÿÿ»ÿÿ“) = b17b0005
----------------------------------------------------------
PASS_ALL  tb_snap63: 26 é¡¹åˆ¤æ®å…¨è¿‡ (çª—å£ 63 å­—)
$finish called at time : 3415 ns : File "D:/repo/XCKU5PMini/udp_hls_10g/tb/tb_snap63.v" Line 238
exit
INFO: [Common 17-206] Exiting xsim at Wed Oct  7 09:59:11 2026...
SNAP63 GATE PASS
