Copyright 1986-2022 Xilinx, Inc. All Rights Reserved. Copyright 2022-2025 Advanced Micro Devices, Inc. All Rights Reserved.
------------------------------------------------------------------------------------------------------------------------------------------------------------------
| Tool Version      : Vivado v.2025.2 (win64) Build 6299465 Fri Nov 14 19:35:11 GMT 2025
| Date              : Sat Oct 10 10:15:04 2026
| Host              : xyz-intel running 64-bit major release  (build 9200)
| Command           : report_timing -max_paths 5 -delay_type min -file {D:\repo\XCKU5PMini\udp_hls_10g\_proj_10g\notes\p7b_buildF_build\query_E/E_worst_hold.rpt}
| Design            : wrapper_p4
| Device            : xcku5p-ffvb676
| Speed File        : -1  PRODUCTION 1.29 05-01-2022
| Design State      : Routed
| Temperature Grade : E
------------------------------------------------------------------------------------------------------------------------------------------------------------------

Timing Report

Slack (MET) :             0.010ns  (arrival time - required time)
  Source:                 u_pcie_xdma/inst/pcie4_ip_i/inst/xdma_0_pcie4_ip_pcie_4_0_pipe_inst/pcie_4_0_bram_inst/bram_post_inst/TOWRPIPELINE.wdata1_reg[99]/C
                            (rising edge-triggered cell FDRE clocked by pcie_axi_aclk  {rise@0.000ns fall@2.000ns period=4.000ns})
  Destination:            u_pcie_xdma/inst/pcie4_ip_i/inst/xdma_0_pcie4_ip_pcie_4_0_pipe_inst/pcie_4_0_bram_inst/bram_post_inst/bram_16k_int/ECC_RAM.RAMB36E2[4].ramb36e2_inst/DINBDIN[3]
                            (rising edge-triggered cell RAMB36E2 clocked by pcie_axi_aclk  {rise@0.000ns fall@2.000ns period=4.000ns})
  Path Group:             pcie_axi_aclk
  Path Type:              Hold (Min at Slow Process Corner)
  Requirement:            0.000ns  (pcie_axi_aclk rise@0.000ns - pcie_axi_aclk rise@0.000ns)
  Data Path Delay:        0.208ns  (logic 0.073ns (35.096%)  route 0.135ns (64.904%))
  Logic Levels:           0  
  Clock Path Skew:        0.227ns (DCD - SCD - CPR)
    Destination Clock Delay (DCD):    1.919ns
    Source Clock Delay      (SCD):    1.569ns
    Clock Pessimism Removal (CPR):    0.123ns
  Clock Net Delay (Source):      1.365ns (routing 0.479ns, distribution 0.886ns)
  Clock Net Delay (Destination): 1.690ns (routing 0.527ns, distribution 1.163ns)

    Location             Delay type                Incr(ns)  Path(ns)    Netlist Resource(s)
  -------------------------------------------------------------------    -------------------
                         (clock pcie_axi_aclk rise edge)
                                                      0.000     0.000 r  
    GTYE4_CHANNEL_X0Y3   GTYE4_CHANNEL                0.000     0.000 r  u_pcie_xdma/inst/pcie4_ip_i/inst/xdma_0_pcie4_ip_gt_top_i/diablo_gt.diablo_gt_phy_wrapper/gt_wizard.gtwizard_top_i/xdma_0_pcie4_ip_gt_i/inst/gen_gtwizard_gtye4_top.xdma_0_pcie4_ip_gt_gtwizard_gtye4_inst/gen_gtwizard_gtye4.gen_channel_container[3].gen_enabled_channel.gtye4_channel_wrapper_inst/channel_inst/gtye4_channel_gen.gen_gtye4_channel_inst[3].GTYE4_CHANNEL_PRIM_INST/TXOUTCLK
                         net (fo=6, routed)           0.082     0.082    u_pcie_xdma/inst/pcie4_ip_i/inst/xdma_0_pcie4_ip_gt_top_i/diablo_gt.diablo_gt_phy_wrapper/phy_clk_i/CLK_TXOUTCLK
    BUFG_GT_X0Y18        BUFG_GT (Prop_BUFG_GT_I_O)
                                                      0.122     0.204 r  u_pcie_xdma/inst/pcie4_ip_i/inst/xdma_0_pcie4_ip_gt_top_i/diablo_gt.diablo_gt_phy_wrapper/phy_clk_i/bufg_gt_coreclk/O
    X2Y0 (CLOCK_ROOT)    net (fo=20800, routed)       1.365     1.569    u_pcie_xdma/inst/pcie4_ip_i/inst/xdma_0_pcie4_ip_pcie_4_0_pipe_inst/pcie_4_0_bram_inst/bram_post_inst/PHY_CORECLK
    SLICE_X99Y53         FDRE                                         r  u_pcie_xdma/inst/pcie4_ip_i/inst/xdma_0_pcie4_ip_pcie_4_0_pipe_inst/pcie_4_0_bram_inst/bram_post_inst/TOWRPIPELINE.wdata1_reg[99]/C
  -------------------------------------------------------------------    -------------------
    SLICE_X99Y53         FDRE (Prop_DFF2_SLICEL_C_Q)
                                                      0.073     1.642 r  u_pcie_xdma/inst/pcie4_ip_i/inst/xdma_0_pcie4_ip_pcie_4_0_pipe_inst/pcie_4_0_bram_inst/bram_post_inst/TOWRPIPELINE.wdata1_reg[99]/Q
                         net (fo=1, routed)           0.135     1.777    u_pcie_xdma/inst/pcie4_ip_i/inst/xdma_0_pcie4_ip_pcie_4_0_pipe_inst/pcie_4_0_bram_inst/bram_post_inst/bram_16k_int/ECC_RAM.RAMB36E2[5].ramb36e2_inst_2[99]
    RAMB36_X8Y10         RAMB36E2                                     r  u_pcie_xdma/inst/pcie4_ip_i/inst/xdma_0_pcie4_ip_pcie_4_0_pipe_inst/pcie_4_0_bram_inst/bram_post_inst/bram_16k_int/ECC_RAM.RAMB36E2[4].ramb36e2_inst/DINBDIN[3]
  -------------------------------------------------------------------    -------------------

                         (clock pcie_axi_aclk rise edge)
                                                      0.000     0.000 r  
    GTYE4_CHANNEL_X0Y3   GTYE4_CHANNEL                0.000     0.000 r  u_pcie_xdma/inst/pcie4_ip_i/inst/xdma_0_pcie4_ip_gt_top_i/diablo_gt.diablo_gt_phy_wrapper/gt_wizard.gtwizard_top_i/xdma_0_pcie4_ip_gt_i/inst/gen_gtwizard_gtye4_top.xdma_0_pcie4_ip_gt_gtwizard_gtye4_inst/gen_gtwizard_gtye4.gen_channel_container[3].gen_enabled_channel.gtye4_channel_wrapper_inst/channel_inst/gtye4_channel_gen.gen_gtye4_channel_inst[3].GTYE4_CHANNEL_PRIM_INST/TXOUTCLK
                         net (fo=6, routed)           0.090     0.090    u_pcie_xdma/inst/pcie4_ip_i/inst/xdma_0_pcie4_ip_gt_top_i/diablo_gt.diablo_gt_phy_wrapper/phy_clk_i/CLK_TXOUTCLK
    BUFG_GT_X0Y18        BUFG_GT (Prop_BUFG_GT_I_O)
                                                      0.139     0.229 r  u_pcie_xdma/inst/pcie4_ip_i/inst/xdma_0_pcie4_ip_gt_top_i/diablo_gt.diablo_gt_phy_wrapper/phy_clk_i/bufg_gt_coreclk/O
    X2Y0 (CLOCK_ROOT)    net (fo=20800, routed)       1.690     1.919    u_pcie_xdma/inst/pcie4_ip_i/inst/xdma_0_pcie4_ip_pcie_4_0_pipe_inst/pcie_4_0_bram_inst/bram_post_inst/bram_16k_int/PHY_CORECLK
    RAMB36_X8Y10         RAMB36E2                                     r  u_pcie_xdma/inst/pcie4_ip_i/inst/xdma_0_pcie4_ip_pcie_4_0_pipe_inst/pcie_4_0_bram_inst/bram_post_inst/bram_16k_int/ECC_RAM.RAMB36E2[4].ramb36e2_inst/CLKBWRCLK
                         clock pessimism             -0.123     1.797    
    RAMB36_X8Y10         RAMB36E2 (Hold_RAMB36E2_RAMB36_CLKBWRCLK_DINBDIN[3])
                                                     -0.029     1.768    u_pcie_xdma/inst/pcie4_ip_i/inst/xdma_0_pcie4_ip_pcie_4_0_pipe_inst/pcie_4_0_bram_inst/bram_post_inst/bram_16k_int/ECC_RAM.RAMB36E2[4].ramb36e2_inst
  -------------------------------------------------------------------
                         required time                         -1.768    
                         arrival time                           1.777    
  -------------------------------------------------------------------
                         slack                                  0.010    

Slack (MET) :             0.010ns  (arrival time - required time)
  Source:                 u_txcdc/wbin_r_reg[2]/C
                            (rising edge-triggered cell FDCE clocked by g_hw.clk_out0  {rise@0.000ns fall@3.200ns period=6.400ns})
  Destination:            u_txcdc/mem_reg_0_63_63_69/RAMA/WADR2
                            (rising edge-triggered cell RAMD64E clocked by g_hw.clk_out0  {rise@0.000ns fall@3.200ns period=6.400ns})
  Path Group:             g_hw.clk_out0
  Path Type:              Hold (Min at Slow Process Corner)
  Requirement:            0.000ns  (g_hw.clk_out0 rise@0.000ns - g_hw.clk_out0 rise@0.000ns)
  Data Path Delay:        0.184ns  (logic 0.069ns (37.457%)  route 0.115ns (62.543%))
  Logic Levels:           0  
  Clock Path Skew:        0.079ns (DCD - SCD - CPR)
    Destination Clock Delay (DCD):    4.736ns
    Source Clock Delay      (SCD):    4.865ns
    Clock Pessimism Removal (CPR):    -0.209ns
  Clock Net Delay (Source):      1.649ns (routing 0.564ns, distribution 1.085ns)
  Clock Net Delay (Destination): 1.910ns (routing 0.619ns, distribution 1.291ns)

    Location             Delay type                Incr(ns)  Path(ns)    Netlist Resource(s)
  -------------------------------------------------------------------    -------------------
                         (clock g_hw.clk_out0 rise edge)
                                                      0.000     0.000 r  
    T25                                               0.000     0.000 r  sys_clk_p (IN)
                         net (fo=0)                   0.079     0.079    u_clkgen/g_hw.u_ibufds/I
    HPIOBDIFFINBUF_X0Y37 DIFFINBUF (Prop_DIFFINBUF_HPIOBDIFFINBUF_DIFF_IN_P_O)
                                                      0.398     0.477 r  u_clkgen/g_hw.u_ibufds/DIFFINBUF_INST/O
                         net (fo=1, routed)           0.040     0.517    u_clkgen/g_hw.u_ibufds/OUT
    T25                  IBUFCTRL (Prop_IBUFCTRL_HPIOB_M_I_O)
                                                      0.000     0.517 r  u_clkgen/g_hw.u_ibufds/IBUFCTRL_INST/O
                         net (fo=1, routed)           0.303     0.820    u_clkgen/g_hw.clk_in_ibuf
    BUFGCE_X0Y24         BUFGCE (Prop_BUFCE_BUFGCE_I_O)
                                                      0.024     0.844 r  u_clkgen/g_hw.u_bufg_in/O
                         net (fo=485, routed)         1.476     2.320    u_clkgen/clk_in_100
    MMCM_X0Y1            MMCME4_ADV (Prop_MMCM_CLKIN1_CLKOUT0)
                                                      0.644     2.964 r  u_clkgen/g_hw.u_mmcm/CLKOUT0
                         net (fo=1, routed)           0.228     3.192    u_clkgen/g_hw.clk_out0
    BUFGCE_X0Y35         BUFGCE (Prop_BUFCE_BUFGCE_I_O)
                                                      0.024     3.216 r  u_clkgen/g_hw.u_bufg_out/O
    X1Y1 (CLOCK_ROOT)    net (fo=49391, routed)       1.649     4.865    u_txcdc/dp_clk
    SLICE_X71Y82         FDCE                                         r  u_txcdc/wbin_r_reg[2]/C
  -------------------------------------------------------------------    -------------------
    SLICE_X71Y82         FDCE (Prop_FFF_SLICEM_C_Q)
                                                      0.069     4.934 r  u_txcdc/wbin_r_reg[2]/Q
                         net (fo=388, routed)         0.115     5.049    u_txcdc/mem_reg_0_63_63_69/ADDRH2
    SLICE_X71Y79         RAMD64E                                      r  u_txcdc/mem_reg_0_63_63_69/RAMA/WADR2
  -------------------------------------------------------------------    -------------------

                         (clock g_hw.clk_out0 rise edge)
                                                      0.000     0.000 r  
    T25                                               0.000     0.000 r  sys_clk_p (IN)
                         net (fo=0)                   0.100     0.100    u_clkgen/g_hw.u_ibufds/I
    HPIOBDIFFINBUF_X0Y37 DIFFINBUF (Prop_DIFFINBUF_HPIOBDIFFINBUF_DIFF_IN_P_O)
                                                      0.479     0.579 r  u_clkgen/g_hw.u_ibufds/DIFFINBUF_INST/O
                         net (fo=1, routed)           0.050     0.629    u_clkgen/g_hw.u_ibufds/OUT
    T25                  IBUFCTRL (Prop_IBUFCTRL_HPIOB_M_I_O)
                                                      0.000     0.629 r  u_clkgen/g_hw.u_ibufds/IBUFCTRL_INST/O
                         net (fo=1, routed)           0.343     0.972    u_clkgen/g_hw.clk_in_ibuf
    BUFGCE_X0Y24         BUFGCE (Prop_BUFCE_BUFGCE_I_O)
                                                      0.028     1.000 r  u_clkgen/g_hw.u_bufg_in/O
                         net (fo=485, routed)         1.647     2.647    u_clkgen/clk_in_100
    MMCM_X0Y1            MMCME4_ADV (Prop_MMCM_CLKIN1_CLKOUT0)
                                                     -0.106     2.541 r  u_clkgen/g_hw.u_mmcm/CLKOUT0
                         net (fo=1, routed)           0.257     2.798    u_clkgen/g_hw.clk_out0
    BUFGCE_X0Y35         BUFGCE (Prop_BUFCE_BUFGCE_I_O)
                                                      0.028     2.826 r  u_clkgen/g_hw.u_bufg_out/O
    X1Y1 (CLOCK_ROOT)    net (fo=49391, routed)       1.910     4.736    u_txcdc/mem_reg_0_63_63_69/WCLK
    SLICE_X71Y79         RAMD64E                                      r  u_txcdc/mem_reg_0_63_63_69/RAMA/CLK
                         clock pessimism              0.209     4.944    
    SLICE_X71Y79         RAMD64E (Hold_A6LUT_SLICEM_CLK_WADR2)
                                                      0.095     5.039    u_txcdc/mem_reg_0_63_63_69/RAMA
  -------------------------------------------------------------------
                         required time                         -5.039    
                         arrival time                           5.049    
  -------------------------------------------------------------------
                         slack                                  0.010    

Slack (MET) :             0.010ns  (arrival time - required time)
  Source:                 u_txcdc/wbin_r_reg[2]/C
                            (rising edge-triggered cell FDCE clocked by g_hw.clk_out0  {rise@0.000ns fall@3.200ns period=6.400ns})
  Destination:            u_txcdc/mem_reg_0_63_63_69/RAMB/WADR2
                            (rising edge-triggered cell RAMD64E clocked by g_hw.clk_out0  {rise@0.000ns fall@3.200ns period=6.400ns})
  Path Group:             g_hw.clk_out0
  Path Type:              Hold (Min at Slow Process Corner)
  Requirement:            0.000ns  (g_hw.clk_out0 rise@0.000ns - g_hw.clk_out0 rise@0.000ns)
  Data Path Delay:        0.184ns  (logic 0.069ns (37.457%)  route 0.115ns (62.543%))
  Logic Levels:           0  
  Clock Path Skew:        0.079ns (DCD - SCD - CPR)
    Destination Clock Delay (DCD):    4.736ns
    Source Clock Delay      (SCD):    4.865ns
    Clock Pessimism Removal (CPR):    -0.209ns
  Clock Net Delay (Source):      1.649ns (routing 0.564ns, distribution 1.085ns)
  Clock Net Delay (Destination): 1.910ns (routing 0.619ns, distribution 1.291ns)

    Location             Delay type                Incr(ns)  Path(ns)    Netlist Resource(s)
  -------------------------------------------------------------------    -------------------
                         (clock g_hw.clk_out0 rise edge)
                                                      0.000     0.000 r  
    T25                                               0.000     0.000 r  sys_clk_p (IN)
                         net (fo=0)                   0.079     0.079    u_clkgen/g_hw.u_ibufds/I
    HPIOBDIFFINBUF_X0Y37 DIFFINBUF (Prop_DIFFINBUF_HPIOBDIFFINBUF_DIFF_IN_P_O)
                                                      0.398     0.477 r  u_clkgen/g_hw.u_ibufds/DIFFINBUF_INST/O
                         net (fo=1, routed)           0.040     0.517    u_clkgen/g_hw.u_ibufds/OUT
    T25                  IBUFCTRL (Prop_IBUFCTRL_HPIOB_M_I_O)
                                                      0.000     0.517 r  u_clkgen/g_hw.u_ibufds/IBUFCTRL_INST/O
                         net (fo=1, routed)           0.303     0.820    u_clkgen/g_hw.clk_in_ibuf
    BUFGCE_X0Y24         BUFGCE (Prop_BUFCE_BUFGCE_I_O)
                                                      0.024     0.844 r  u_clkgen/g_hw.u_bufg_in/O
                         net (fo=485, routed)         1.476     2.320    u_clkgen/clk_in_100
    MMCM_X0Y1            MMCME4_ADV (Prop_MMCM_CLKIN1_CLKOUT0)
                                                      0.644     2.964 r  u_clkgen/g_hw.u_mmcm/CLKOUT0
                         net (fo=1, routed)           0.228     3.192    u_clkgen/g_hw.clk_out0
    BUFGCE_X0Y35         BUFGCE (Prop_BUFCE_BUFGCE_I_O)
                                                      0.024     3.216 r  u_clkgen/g_hw.u_bufg_out/O
    X1Y1 (CLOCK_ROOT)    net (fo=49391, routed)       1.649     4.865    u_txcdc/dp_clk
    SLICE_X71Y82         FDCE                                         r  u_txcdc/wbin_r_reg[2]/C
  -------------------------------------------------------------------    -------------------
    SLICE_X71Y82         FDCE (Prop_FFF_SLICEM_C_Q)
                                                      0.069     4.934 r  u_txcdc/wbin_r_reg[2]/Q
                         net (fo=388, routed)         0.115     5.049    u_txcdc/mem_reg_0_63_63_69/ADDRH2
    SLICE_X71Y79         RAMD64E                                      r  u_txcdc/mem_reg_0_63_63_69/RAMB/WADR2
  -------------------------------------------------------------------    -------------------

                         (clock g_hw.clk_out0 rise edge)
                                                      0.000     0.000 r  
    T25                                               0.000     0.000 r  sys_clk_p (IN)
                         net (fo=0)                   0.100     0.100    u_clkgen/g_hw.u_ibufds/I
    HPIOBDIFFINBUF_X0Y37 DIFFINBUF (Prop_DIFFINBUF_HPIOBDIFFINBUF_DIFF_IN_P_O)
                                                      0.479     0.579 r  u_clkgen/g_hw.u_ibufds/DIFFINBUF_INST/O
                         net (fo=1, routed)           0.050     0.629    u_clkgen/g_hw.u_ibufds/OUT
    T25                  IBUFCTRL (Prop_IBUFCTRL_HPIOB_M_I_O)
                                                      0.000     0.629 r  u_clkgen/g_hw.u_ibufds/IBUFCTRL_INST/O
                         net (fo=1, routed)           0.343     0.972    u_clkgen/g_hw.clk_in_ibuf
    BUFGCE_X0Y24         BUFGCE (Prop_BUFCE_BUFGCE_I_O)
                                                      0.028     1.000 r  u_clkgen/g_hw.u_bufg_in/O
                         net (fo=485, routed)         1.647     2.647    u_clkgen/clk_in_100
    MMCM_X0Y1            MMCME4_ADV (Prop_MMCM_CLKIN1_CLKOUT0)
                                                     -0.106     2.541 r  u_clkgen/g_hw.u_mmcm/CLKOUT0
                         net (fo=1, routed)           0.257     2.798    u_clkgen/g_hw.clk_out0
    BUFGCE_X0Y35         BUFGCE (Prop_BUFCE_BUFGCE_I_O)
                                                      0.028     2.826 r  u_clkgen/g_hw.u_bufg_out/O
    X1Y1 (CLOCK_ROOT)    net (fo=49391, routed)       1.910     4.736    u_txcdc/mem_reg_0_63_63_69/WCLK
    SLICE_X71Y79         RAMD64E                                      r  u_txcdc/mem_reg_0_63_63_69/RAMB/CLK
                         clock pessimism              0.209     4.944    
    SLICE_X71Y79         RAMD64E (Hold_B6LUT_SLICEM_CLK_WADR2)
                                                      0.095     5.039    u_txcdc/mem_reg_0_63_63_69/RAMB
  -------------------------------------------------------------------
                         required time                         -5.039    
                         arrival time                           5.049    
  -------------------------------------------------------------------
                         slack                                  0.010    

Slack (MET) :             0.010ns  (arrival time - required time)
  Source:                 u_txcdc/wbin_r_reg[2]/C
                            (rising edge-triggered cell FDCE clocked by g_hw.clk_out0  {rise@0.000ns fall@3.200ns period=6.400ns})
  Destination:            u_txcdc/mem_reg_0_63_63_69/RAMC/WADR2
                            (rising edge-triggered cell RAMD64E clocked by g_hw.clk_out0  {rise@0.000ns fall@3.200ns period=6.400ns})
  Path Group:             g_hw.clk_out0
  Path Type:              Hold (Min at Slow Process Corner)
  Requirement:            0.000ns  (g_hw.clk_out0 rise@0.000ns - g_hw.clk_out0 rise@0.000ns)
  Data Path Delay:        0.184ns  (logic 0.069ns (37.457%)  route 0.115ns (62.543%))
  Logic Levels:           0  
  Clock Path Skew:        0.079ns (DCD - SCD - CPR)
    Destination Clock Delay (DCD):    4.736ns
    Source Clock Delay      (SCD):    4.865ns
    Clock Pessimism Removal (CPR):    -0.209ns
  Clock Net Delay (Source):      1.649ns (routing 0.564ns, distribution 1.085ns)
  Clock Net Delay (Destination): 1.910ns (routing 0.619ns, distribution 1.291ns)

    Location             Delay type                Incr(ns)  Path(ns)    Netlist Resource(s)
  -------------------------------------------------------------------    -------------------
                         (clock g_hw.clk_out0 rise edge)
                                                      0.000     0.000 r  
    T25                                               0.000     0.000 r  sys_clk_p (IN)
                         net (fo=0)                   0.079     0.079    u_clkgen/g_hw.u_ibufds/I
    HPIOBDIFFINBUF_X0Y37 DIFFINBUF (Prop_DIFFINBUF_HPIOBDIFFINBUF_DIFF_IN_P_O)
                                                      0.398     0.477 r  u_clkgen/g_hw.u_ibufds/DIFFINBUF_INST/O
                         net (fo=1, routed)           0.040     0.517    u_clkgen/g_hw.u_ibufds/OUT
    T25                  IBUFCTRL (Prop_IBUFCTRL_HPIOB_M_I_O)
                                                      0.000     0.517 r  u_clkgen/g_hw.u_ibufds/IBUFCTRL_INST/O
                         net (fo=1, routed)           0.303     0.820    u_clkgen/g_hw.clk_in_ibuf
    BUFGCE_X0Y24         BUFGCE (Prop_BUFCE_BUFGCE_I_O)
                                                      0.024     0.844 r  u_clkgen/g_hw.u_bufg_in/O
                         net (fo=485, routed)         1.476     2.320    u_clkgen/clk_in_100
    MMCM_X0Y1            MMCME4_ADV (Prop_MMCM_CLKIN1_CLKOUT0)
                                                      0.644     2.964 r  u_clkgen/g_hw.u_mmcm/CLKOUT0
                         net (fo=1, routed)           0.228     3.192    u_clkgen/g_hw.clk_out0
    BUFGCE_X0Y35         BUFGCE (Prop_BUFCE_BUFGCE_I_O)
                                                      0.024     3.216 r  u_clkgen/g_hw.u_bufg_out/O
    X1Y1 (CLOCK_ROOT)    net (fo=49391, routed)       1.649     4.865    u_txcdc/dp_clk
    SLICE_X71Y82         FDCE                                         r  u_txcdc/wbin_r_reg[2]/C
  -------------------------------------------------------------------    -------------------
    SLICE_X71Y82         FDCE (Prop_FFF_SLICEM_C_Q)
                                                      0.069     4.934 r  u_txcdc/wbin_r_reg[2]/Q
                         net (fo=388, routed)         0.115     5.049    u_txcdc/mem_reg_0_63_63_69/ADDRH2
    SLICE_X71Y79         RAMD64E                                      r  u_txcdc/mem_reg_0_63_63_69/RAMC/WADR2
  -------------------------------------------------------------------    -------------------

                         (clock g_hw.clk_out0 rise edge)
                                                      0.000     0.000 r  
    T25                                               0.000     0.000 r  sys_clk_p (IN)
                         net (fo=0)                   0.100     0.100    u_clkgen/g_hw.u_ibufds/I
    HPIOBDIFFINBUF_X0Y37 DIFFINBUF (Prop_DIFFINBUF_HPIOBDIFFINBUF_DIFF_IN_P_O)
                                                      0.479     0.579 r  u_clkgen/g_hw.u_ibufds/DIFFINBUF_INST/O
                         net (fo=1, routed)           0.050     0.629    u_clkgen/g_hw.u_ibufds/OUT
    T25                  IBUFCTRL (Prop_IBUFCTRL_HPIOB_M_I_O)
                                                      0.000     0.629 r  u_clkgen/g_hw.u_ibufds/IBUFCTRL_INST/O
                         net (fo=1, routed)           0.343     0.972    u_clkgen/g_hw.clk_in_ibuf
    BUFGCE_X0Y24         BUFGCE (Prop_BUFCE_BUFGCE_I_O)
                                                      0.028     1.000 r  u_clkgen/g_hw.u_bufg_in/O
                         net (fo=485, routed)         1.647     2.647    u_clkgen/clk_in_100
    MMCM_X0Y1            MMCME4_ADV (Prop_MMCM_CLKIN1_CLKOUT0)
                                                     -0.106     2.541 r  u_clkgen/g_hw.u_mmcm/CLKOUT0
                         net (fo=1, routed)           0.257     2.798    u_clkgen/g_hw.clk_out0
    BUFGCE_X0Y35         BUFGCE (Prop_BUFCE_BUFGCE_I_O)
                                                      0.028     2.826 r  u_clkgen/g_hw.u_bufg_out/O
    X1Y1 (CLOCK_ROOT)    net (fo=49391, routed)       1.910     4.736    u_txcdc/mem_reg_0_63_63_69/WCLK
    SLICE_X71Y79         RAMD64E                                      r  u_txcdc/mem_reg_0_63_63_69/RAMC/CLK
                         clock pessimism              0.209     4.944    
    SLICE_X71Y79         RAMD64E (Hold_C6LUT_SLICEM_CLK_WADR2)
                                                      0.095     5.039    u_txcdc/mem_reg_0_63_63_69/RAMC
  -------------------------------------------------------------------
                         required time                         -5.039    
                         arrival time                           5.049    
  -------------------------------------------------------------------
                         slack                                  0.010    

Slack (MET) :             0.010ns  (arrival time - required time)
  Source:                 u_txcdc/wbin_r_reg[2]/C
                            (rising edge-triggered cell FDCE clocked by g_hw.clk_out0  {rise@0.000ns fall@3.200ns period=6.400ns})
  Destination:            u_txcdc/mem_reg_0_63_63_69/RAMD/WADR2
                            (rising edge-triggered cell RAMD64E clocked by g_hw.clk_out0  {rise@0.000ns fall@3.200ns period=6.400ns})
  Path Group:             g_hw.clk_out0
  Path Type:              Hold (Min at Slow Process Corner)
  Requirement:            0.000ns  (g_hw.clk_out0 rise@0.000ns - g_hw.clk_out0 rise@0.000ns)
  Data Path Delay:        0.184ns  (logic 0.069ns (37.457%)  route 0.115ns (62.543%))
  Logic Levels:           0  
  Clock Path Skew:        0.079ns (DCD - SCD - CPR)
    Destination Clock Delay (DCD):    4.736ns
    Source Clock Delay      (SCD):    4.865ns
    Clock Pessimism Removal (CPR):    -0.209ns
  Clock Net Delay (Source):      1.649ns (routing 0.564ns, distribution 1.085ns)
  Clock Net Delay (Destination): 1.910ns (routing 0.619ns, distribution 1.291ns)

    Location             Delay type                Incr(ns)  Path(ns)    Netlist Resource(s)
  -------------------------------------------------------------------    -------------------
                         (clock g_hw.clk_out0 rise edge)
                                                      0.000     0.000 r  
    T25                                               0.000     0.000 r  sys_clk_p (IN)
                         net (fo=0)                   0.079     0.079    u_clkgen/g_hw.u_ibufds/I
    HPIOBDIFFINBUF_X0Y37 DIFFINBUF (Prop_DIFFINBUF_HPIOBDIFFINBUF_DIFF_IN_P_O)
                                                      0.398     0.477 r  u_clkgen/g_hw.u_ibufds/DIFFINBUF_INST/O
                         net (fo=1, routed)           0.040     0.517    u_clkgen/g_hw.u_ibufds/OUT
    T25                  IBUFCTRL (Prop_IBUFCTRL_HPIOB_M_I_O)
                                                      0.000     0.517 r  u_clkgen/g_hw.u_ibufds/IBUFCTRL_INST/O
                         net (fo=1, routed)           0.303     0.820    u_clkgen/g_hw.clk_in_ibuf
    BUFGCE_X0Y24         BUFGCE (Prop_BUFCE_BUFGCE_I_O)
                                                      0.024     0.844 r  u_clkgen/g_hw.u_bufg_in/O
                         net (fo=485, routed)         1.476     2.320    u_clkgen/clk_in_100
    MMCM_X0Y1            MMCME4_ADV (Prop_MMCM_CLKIN1_CLKOUT0)
                                                      0.644     2.964 r  u_clkgen/g_hw.u_mmcm/CLKOUT0
                         net (fo=1, routed)           0.228     3.192    u_clkgen/g_hw.clk_out0
    BUFGCE_X0Y35         BUFGCE (Prop_BUFCE_BUFGCE_I_O)
                                                      0.024     3.216 r  u_clkgen/g_hw.u_bufg_out/O
    X1Y1 (CLOCK_ROOT)    net (fo=49391, routed)       1.649     4.865    u_txcdc/dp_clk
    SLICE_X71Y82         FDCE                                         r  u_txcdc/wbin_r_reg[2]/C
  -------------------------------------------------------------------    -------------------
    SLICE_X71Y82         FDCE (Prop_FFF_SLICEM_C_Q)
                                                      0.069     4.934 r  u_txcdc/wbin_r_reg[2]/Q
                         net (fo=388, routed)         0.115     5.049    u_txcdc/mem_reg_0_63_63_69/ADDRH2
    SLICE_X71Y79         RAMD64E                                      r  u_txcdc/mem_reg_0_63_63_69/RAMD/WADR2
  -------------------------------------------------------------------    -------------------

                         (clock g_hw.clk_out0 rise edge)
                                                      0.000     0.000 r  
    T25                                               0.000     0.000 r  sys_clk_p (IN)
                         net (fo=0)                   0.100     0.100    u_clkgen/g_hw.u_ibufds/I
    HPIOBDIFFINBUF_X0Y37 DIFFINBUF (Prop_DIFFINBUF_HPIOBDIFFINBUF_DIFF_IN_P_O)
                                                      0.479     0.579 r  u_clkgen/g_hw.u_ibufds/DIFFINBUF_INST/O
                         net (fo=1, routed)           0.050     0.629    u_clkgen/g_hw.u_ibufds/OUT
    T25                  IBUFCTRL (Prop_IBUFCTRL_HPIOB_M_I_O)
                                                      0.000     0.629 r  u_clkgen/g_hw.u_ibufds/IBUFCTRL_INST/O
                         net (fo=1, routed)           0.343     0.972    u_clkgen/g_hw.clk_in_ibuf
    BUFGCE_X0Y24         BUFGCE (Prop_BUFCE_BUFGCE_I_O)
                                                      0.028     1.000 r  u_clkgen/g_hw.u_bufg_in/O
                         net (fo=485, routed)         1.647     2.647    u_clkgen/clk_in_100
    MMCM_X0Y1            MMCME4_ADV (Prop_MMCM_CLKIN1_CLKOUT0)
                                                     -0.106     2.541 r  u_clkgen/g_hw.u_mmcm/CLKOUT0
                         net (fo=1, routed)           0.257     2.798    u_clkgen/g_hw.clk_out0
    BUFGCE_X0Y35         BUFGCE (Prop_BUFCE_BUFGCE_I_O)
                                                      0.028     2.826 r  u_clkgen/g_hw.u_bufg_out/O
    X1Y1 (CLOCK_ROOT)    net (fo=49391, routed)       1.910     4.736    u_txcdc/mem_reg_0_63_63_69/WCLK
    SLICE_X71Y79         RAMD64E                                      r  u_txcdc/mem_reg_0_63_63_69/RAMD/CLK
                         clock pessimism              0.209     4.944    
    SLICE_X71Y79         RAMD64E (Hold_D6LUT_SLICEM_CLK_WADR2)
                                                      0.095     5.039    u_txcdc/mem_reg_0_63_63_69/RAMD
  -------------------------------------------------------------------
                         required time                         -5.039    
                         arrival time                           5.049    
  -------------------------------------------------------------------
                         slack                                  0.010    




