Copyright 1986-2022 Xilinx, Inc. All Rights Reserved. Copyright 2022-2025 Advanced Micro Devices, Inc. All Rights Reserved.
---------------------------------------------------------------------------------------------------------------------------------------------------------------------------------------------------------------------------------------------------------------------------------------------------
| Tool Version      : Vivado v.2025.2 (win64) Build 6299465 Fri Nov 14 19:35:11 GMT 2025
| Date              : Fri Oct  9 08:43:57 2026
| Host              : xyz-intel running 64-bit major release  (build 9200)
| Command           : report_timing -quiet -delay_type max -max_paths 3 -nworst 1 -from [get_pins -quiet u_tcp_tx/recv_first_reg/C] -to [get_pins -quiet {u_app/tx_lfsr_reg[10]/D}] -file {D:\repo\XCKU5PMini\udp_hls_10g\_proj_10g\notes\p7b_build_longflow\_t3_family\out\S1/fam_S1_C_exact.rpt}
| Design            : wrapper_p4
| Device            : xcku5p-ffvb676
| Speed File        : -1  PRODUCTION 1.29 05-01-2022
| Design State      : Routed
| Temperature Grade : E
---------------------------------------------------------------------------------------------------------------------------------------------------------------------------------------------------------------------------------------------------------------------------------------------------

Timing Report

Slack (MET) :             0.722ns  (required time - arrival time)
  Source:                 u_tcp_tx/recv_first_reg/C
                            (rising edge-triggered cell FDPE clocked by g_hw.clk_out0  {rise@0.000ns fall@3.200ns period=6.400ns})
  Destination:            u_app/tx_lfsr_reg[10]/D
                            (rising edge-triggered cell FDPE clocked by g_hw.clk_out0  {rise@0.000ns fall@3.200ns period=6.400ns})
  Path Group:             g_hw.clk_out0
  Path Type:              Setup (Max at Slow Process Corner)
  Requirement:            6.400ns  (g_hw.clk_out0 rise@6.400ns - g_hw.clk_out0 rise@0.000ns)
  Data Path Delay:        5.638ns  (logic 1.533ns (27.190%)  route 4.105ns (72.810%))
  Logic Levels:           18  (CARRY8=2 LUT2=2 LUT3=1 LUT4=2 LUT5=2 LUT6=7 MUXF7=1 MUXF8=1)
  Clock Path Skew:        -0.005ns (DCD - SCD + CPR)
    Destination Clock Delay (DCD):    5.465ns = ( 11.865 - 6.400 ) 
    Source Clock Delay      (SCD):    5.176ns
    Clock Pessimism Removal (CPR):    -0.293ns
  Clock Uncertainty:      0.062ns  ((TSJ^2 + DJ^2)^1/2) / 2 + PE
    Total System Jitter     (TSJ):    0.071ns
    Discrete Jitter          (DJ):    0.101ns
    Phase Error              (PE):    0.000ns
  Clock Net Delay (Source):      2.286ns (routing 0.995ns, distribution 1.291ns)
  Clock Net Delay (Destination): 2.191ns (routing 0.905ns, distribution 1.286ns)

    Location             Delay type                Incr(ns)  Path(ns)    Netlist Resource(s)
  -------------------------------------------------------------------    -------------------
                         (clock g_hw.clk_out0 rise edge)
                                                      0.000     0.000 r  
    T25                                               0.000     0.000 r  sys_clk_p (IN)
                         net (fo=0)                   0.100     0.100    u_clkgen/g_hw.u_ibufds/I
    HPIOBDIFFINBUF_X0Y37 DIFFINBUF (Prop_DIFFINBUF_HPIOBDIFFINBUF_DIFF_IN_P_O)
                                                      0.479     0.579 r  u_clkgen/g_hw.u_ibufds/DIFFINBUF_INST/O
                         net (fo=1, routed)           0.050     0.629    u_clkgen/g_hw.u_ibufds/OUT
    T25                  IBUFCTRL (Prop_IBUFCTRL_HPIOB_M_I_O)
                                                      0.000     0.629 r  u_clkgen/g_hw.u_ibufds/IBUFCTRL_INST/O
                         net (fo=1, routed)           0.345     0.974    u_clkgen/g_hw.clk_in_ibuf
    BUFGCE_X0Y41         BUFGCE (Prop_BUFCE_BUFGCE_I_O)
                                                      0.028     1.002 r  u_clkgen/g_hw.u_bufg_in/O
                         net (fo=485, routed)         1.711     2.713    u_clkgen/clk_in_100
    MMCM_X0Y1            MMCME4_ADV (Prop_MMCM_CLKIN1_CLKOUT0)
                                                     -0.106     2.607 r  u_clkgen/g_hw.u_mmcm/CLKOUT0
                         net (fo=1, routed)           0.256     2.863    u_clkgen/g_hw.clk_out0
    BUFGCE_X0Y31         BUFGCE (Prop_BUFCE_BUFGCE_I_O)
                                                      0.028     2.891 r  u_clkgen/g_hw.u_bufg_out/O
    X1Y0 (CLOCK_ROOT)    net (fo=49108, routed)       2.286     5.176    u_tcp_tx/dp_clk
    SLICE_X34Y44         FDPE                                         r  u_tcp_tx/recv_first_reg/C
  -------------------------------------------------------------------    -------------------
    SLICE_X34Y44         FDPE (Prop_CFF_SLICEM_C_Q)
                                                      0.095     5.271 r  u_tcp_tx/recv_first_reg/Q
                         net (fo=74, routed)          0.295     5.566    u_tcp_tx/u_csum/retx_id_r_reg[3]_0
    SLICE_X30Y44         LUT6 (Prop_G6LUT_SLICEL_I3_O)
                                                      0.178     5.744 r  u_tcp_tx/u_csum/retx_id_r[3]_i_4/O
                         net (fo=31, routed)          0.423     6.168    u_tcp_tx/u_ackq/f_dmac_reg[0][31]_0
    SLICE_X25Y42         LUT5 (Prop_F6LUT_SLICEM_I1_O)
                                                      0.113     6.281 r  u_tcp_tx/u_ackq/f_wnd[1][15]_i_5_replica/O
                         net (fo=10, routed)          0.320     6.601    u_tcb/svc_id_r_reg[2]_repN_alias
    SLICE_X24Y43         MUXF7 (Prop_F7MUX_AB_SLICEL_S_O)
                                                      0.086     6.687 r  u_tcb/rto_pend_reg[15]_i_13/O
                         net (fo=1, routed)           0.000     6.687    u_tcb/rto_pend_reg[15]_i_13_n_53
    SLICE_X24Y43         MUXF8 (Prop_F8MUX_BOT_SLICEL_I1_O)
                                                      0.027     6.714 r  u_tcb/rto_pend_reg[15]_i_6/O
                         net (fo=7, routed)           0.233     6.947    u_tcb/rb_state[0]
    SLICE_X25Y44         LUT4 (Prop_E6LUT_SLICEM_I1_O)
                                                      0.148     7.095 r  u_tcb/fin_sent_r[13]_i_2_replica/O
                         net (fo=1, routed)           0.656     7.751    u_tcp_tx/u_ackq/rto_pend_reg[15]_i_4_0_repN_alias
    SLICE_X43Y59         LUT6 (Prop_C6LUT_SLICEL_I0_O)
                                                      0.038     7.789 f  u_tcp_tx/u_ackq/trace_mem[1033]_i_3_rewire_rewire/O
                         net (fo=2, routed)           0.054     7.843    u_tcp_tx/u_fifo_b/trace_mem_reg[15]_1
    SLICE_X43Y59         LUT5 (Prop_D6LUT_SLICEL_I4_O)
                                                      0.039     7.882 r  u_tcp_tx/u_fifo_b/trace_mem[1033]_i_2_replica/O
                         net (fo=1, routed)           0.108     7.990    u_tcp_tx/u_fifo_b/bank_rdy_reg[1]_repN
    SLICE_X43Y61         LUT2 (Prop_E6LUT_SLICEL_I0_O)
                                                      0.039     8.029 r  u_tcp_tx/u_fifo_b/remain[31]_i_3/O
                         net (fo=79, routed)          0.058     8.087    u_app/app_tx_tready
    SLICE_X43Y61         LUT3 (Prop_C6LUT_SLICEL_I1_O)
                                                      0.038     8.125 r  u_app/stat_tx_bytes[0]_i_1/O
                         net (fo=46, routed)          0.121     8.246    u_app/pw_take
    SLICE_X43Y63         LUT6 (Prop_A6LUT_SLICEL_I3_O)
                                                      0.039     8.285 r  u_app/pw_n[3]_i_48/O
                         net (fo=1, routed)           0.828     9.113    u_app/pw_n[3]_i_48_n_53
    SLICE_X62Y103        LUT2 (Prop_F6LUT_SLICEM_I1_O)
                                                      0.038     9.151 r  u_app/pw_n[3]_i_21/O
                         net (fo=1, routed)           0.024     9.175    u_app/pw_n[3]_i_21_n_53
    SLICE_X62Y103        CARRY8 (Prop_CARRY8_SLICEM_S[5]_CO[7])
                                                      0.202     9.377 r  u_app/pw_n_reg[3]_i_10/CO[7]
                         net (fo=1, routed)           0.028     9.405    u_app/pw_n_reg[3]_i_10_n_53
    SLICE_X62Y104        CARRY8 (Prop_CARRY8_SLICEM_CI_O[2])
                                                      0.086     9.491 f  u_app/pw_n_reg[3]_i_17/O[2]
                         net (fo=2, routed)           0.196     9.687    u_app/pw_n_reg[3]_i_17_n_66
    SLICE_X62Y104        LUT6 (Prop_F6LUT_SLICEM_I1_O)
                                                      0.098     9.785 f  u_app/pw_n[3]_i_18/O
                         net (fo=3, routed)           0.054     9.839    u_app/pw_n[3]_i_18_n_53
    SLICE_X62Y104        LUT4 (Prop_G6LUT_SLICEM_I3_O)
                                                      0.064     9.903 r  u_app/pw_n[3]_i_9/O
                         net (fo=7, routed)           0.074     9.977    u_app_ctrl/tx_lfsr_reg[0]
    SLICE_X62Y104        LUT6 (Prop_H6LUT_SLICEM_I3_O)
                                                      0.066    10.043 f  u_app_ctrl/bcnt[3]_i_5__1/O
                         net (fo=134, routed)         0.271    10.314    u_app/tx_lfsr_reg[0]_0
    SLICE_X64Y102        LUT6 (Prop_E6LUT_SLICEL_I4_O)
                                                      0.100    10.414 f  u_app/pw_n[3]_i_7/O
                         net (fo=58, routed)          0.307    10.722    u_app/pw_n[3]_i_7_n_53
    SLICE_X65Y106        LUT6 (Prop_E6LUT_SLICEL_I1_O)
                                                      0.039    10.761 r  u_app/tx_lfsr[10]_i_1/O
                         net (fo=1, routed)           0.054    10.815    u_app/tx_lfsr[10]_i_1_n_53
    SLICE_X65Y106        FDPE                                         r  u_app/tx_lfsr_reg[10]/D
  -------------------------------------------------------------------    -------------------

                         (clock g_hw.clk_out0 rise edge)
                                                      6.400     6.400 r  
    T25                                               0.000     6.400 r  sys_clk_p (IN)
                         net (fo=0)                   0.079     6.479    u_clkgen/g_hw.u_ibufds/I
    HPIOBDIFFINBUF_X0Y37 DIFFINBUF (Prop_DIFFINBUF_HPIOBDIFFINBUF_DIFF_IN_P_O)
                                                      0.398     6.877 r  u_clkgen/g_hw.u_ibufds/DIFFINBUF_INST/O
                         net (fo=1, routed)           0.040     6.917    u_clkgen/g_hw.u_ibufds/OUT
    T25                  IBUFCTRL (Prop_IBUFCTRL_HPIOB_M_I_O)
                                                      0.000     6.917 r  u_clkgen/g_hw.u_ibufds/IBUFCTRL_INST/O
                         net (fo=1, routed)           0.304     7.221    u_clkgen/g_hw.clk_in_ibuf
    BUFGCE_X0Y41         BUFGCE (Prop_BUFCE_BUFGCE_I_O)
                                                      0.024     7.245 r  u_clkgen/g_hw.u_bufg_in/O
                         net (fo=485, routed)         1.533     8.778    u_clkgen/clk_in_100
    MMCM_X0Y1            MMCME4_ADV (Prop_MMCM_CLKIN1_CLKOUT0)
                                                      0.644     9.422 r  u_clkgen/g_hw.u_mmcm/CLKOUT0
                         net (fo=1, routed)           0.228     9.650    u_clkgen/g_hw.clk_out0
    BUFGCE_X0Y31         BUFGCE (Prop_BUFCE_BUFGCE_I_O)
                                                      0.024     9.674 r  u_clkgen/g_hw.u_bufg_out/O
    X1Y0 (CLOCK_ROOT)    net (fo=49108, routed)       2.191    11.865    u_app/dp_clk
    SLICE_X65Y106        FDPE                                         r  u_app/tx_lfsr_reg[10]/C
                         clock pessimism             -0.293    11.572    
                         clock uncertainty           -0.062    11.510    
    SLICE_X65Y106        FDPE (Setup_EFF_SLICEL_C_D)
                                                      0.027    11.537    u_app/tx_lfsr_reg[10]
  -------------------------------------------------------------------
                         required time                         11.537    
                         arrival time                         -10.815    
  -------------------------------------------------------------------
                         slack                                  0.722    




