[static]: OK  no implicit-net signature in sim\p5wu\run\xvlog_wu.log
[static]: OK  no implicit-net signature in sim\p5wu\run\xelab_wu.log
[static]: OK  no implicit-net signature in sim\p5sim\fcrun\xvlog_fc.log
[static]: OK  no implicit-net signature in sim\p5sim\fcrun\xelab_fc.log
[static]: OK  no implicit-net signature in sim\p5sim\flowrun\xvlog_flow.log
[static]: OK  no implicit-net signature in sim\p5sim\flowrun\xelab_flow.log
[static]: OK  no implicit-net signature in sim\p5sim\xvlog_tb.log
[static]: OK  no implicit-net signature in sim\p5sim\xelab_run.log
[static]: OK  no implicit-net signature in sim\p5sim\xvlog_st.log
[static]: OK  no implicit-net signature in sim\p5sim\xelab_st.log
[static]: OK  no implicit-net signature in sim\p5sim\xvlog_p.log
[static]: OK  no implicit-net signature in sim\p5sim\xelab_p.log
[static]: OK  no implicit-net signature in sim\p5sim\xvlog_w.log
[static]: OK  no implicit-net signature in sim\p5sim\xvlog_w_hls.log
[static]: OK  no implicit-net signature in sim\p5sim\xelab_w.log
[static]: OK  no implicit-net signature in sim\p5sim\xvlog_adv.log
[static]: OK  no implicit-net signature in sim\p5sim\xelab_adv.log
[static]: OK  no implicit-net signature in sim\p5d_multi\main\xvlog_multi.log
[static]: OK  no implicit-net signature in sim\p5d_multi\main\xelab_multi.log
[static]: OK  no implicit-net signature in sim\p5wu_regress\wraphead\xvlog_w.log
[static]: OK  no implicit-net signature in sim\p5wu_regress\wraphead\xelab_w.log
[static]: OK  no implicit-net signature in sim\p5wu_regress\wraphead\xvlog_w_hls.log
[static]: OK  no implicit-net signature in sim\p5wu_regress\wrapnew\xvlog_w.log
[static]: OK  no implicit-net signature in sim\p5wu_regress\wrapnew\xelab_w.log
[static]: OK  no implicit-net signature in sim\p5wu_regress\wrapnew\xvlog_w_hls.log
[matrix]: OK  no implicit-net signature in D:\repo\XCKU5PMini\udp_hls_10g\sim\p4gates\work_20261007_014439\burst200\xelab_run.log
[matrix]: OK  no implicit-net signature in D:\repo\XCKU5PMini\udp_hls_10g\sim\p4gates\work_20261007_014439\burst200\xsim_run.log
[matrix]: OK  no implicit-net signature in D:\repo\XCKU5PMini\udp_hls_10g\sim\p4gates\work_20261007_014439\burst200\xvlog.log
[matrix]: OK  no implicit-net signature in D:\repo\XCKU5PMini\udp_hls_10g\sim\p4gates\work_20261007_014439\burst200\xvlog_hls.log
[matrix]: OK  no implicit-net signature in D:\repo\XCKU5PMini\udp_hls_10g\sim\p4gates\work_20261007_014439\burst200\xvlog_tb.log
[matrix]: OK  no implicit-net signature in D:\repo\XCKU5PMini\udp_hls_10g\sim\p4gates\work_20261007_014439\burst200\_gate_console.log
[matrix]: OK  no implicit-net signature in D:\repo\XCKU5PMini\udp_hls_10g\sim\p4gates\work_20261007_014439\burst200\xsim.dir\tb_p4_chain\xsimcrash.log
[matrix]: OK  no implicit-net signature in D:\repo\XCKU5PMini\udp_hls_10g\sim\p4gates\work_20261007_014439\burst200\xsim.dir\tb_p4_chain\xsimkernel.log
[matrix]: OK  no implicit-net signature in D:\repo\XCKU5PMini\udp_hls_10g\sim\p4gates\work_20261007_014439\chain\xelab_run.log
[matrix]: OK  no implicit-net signature in D:\repo\XCKU5PMini\udp_hls_10g\sim\p4gates\work_20261007_014439\chain\xsim_run.log
[matrix]: OK  no implicit-net signature in D:\repo\XCKU5PMini\udp_hls_10g\sim\p4gates\work_20261007_014439\chain\xvlog.log
[matrix]: OK  no implicit-net signature in D:\repo\XCKU5PMini\udp_hls_10g\sim\p4gates\work_20261007_014439\chain\xvlog_hls.log
[matrix]: OK  no implicit-net signature in D:\repo\XCKU5PMini\udp_hls_10g\sim\p4gates\work_20261007_014439\chain\xvlog_tb.log
[matrix]: OK  no implicit-net signature in D:\repo\XCKU5PMini\udp_hls_10g\sim\p4gates\work_20261007_014439\chain\_gate_console.log
[matrix]: OK  no implicit-net signature in D:\repo\XCKU5PMini\udp_hls_10g\sim\p4gates\work_20261007_014439\chain\xsim.dir\tb_p4_chain\xsimcrash.log
[matrix]: OK  no implicit-net signature in D:\repo\XCKU5PMini\udp_hls_10g\sim\p4gates\work_20261007_014439\chain\xsim.dir\tb_p4_chain\xsimkernel.log
[matrix]: OK  no implicit-net signature in D:\repo\XCKU5PMini\udp_hls_10g\sim\p4gates\work_20261007_014439\dupstorm\xelab_run.log
[matrix]: OK  no implicit-net signature in D:\repo\XCKU5PMini\udp_hls_10g\sim\p4gates\work_20261007_014439\dupstorm\xsim_run.log
[matrix]: OK  no implicit-net signature in D:\repo\XCKU5PMini\udp_hls_10g\sim\p4gates\work_20261007_014439\dupstorm\xvlog.log
[matrix]: OK  no implicit-net signature in D:\repo\XCKU5PMini\udp_hls_10g\sim\p4gates\work_20261007_014439\dupstorm\xvlog_hls.log
[matrix]: OK  no implicit-net signature in D:\repo\XCKU5PMini\udp_hls_10g\sim\p4gates\work_20261007_014439\dupstorm\xvlog_tb.log
[matrix]: OK  no implicit-net signature in D:\repo\XCKU5PMini\udp_hls_10g\sim\p4gates\work_20261007_014439\dupstorm\_gate_console.log
[matrix]: OK  no implicit-net signature in D:\repo\XCKU5PMini\udp_hls_10g\sim\p4gates\work_20261007_014439\dupstorm\xsim.dir\tb_p4_chain\xsimcrash.log
[matrix]: OK  no implicit-net signature in D:\repo\XCKU5PMini\udp_hls_10g\sim\p4gates\work_20261007_014439\dupstorm\xsim.dir\tb_p4_chain\xsimkernel.log
[matrix]: OK  no implicit-net signature in D:\repo\XCKU5PMini\udp_hls_10g\sim\p4gates\work_20261007_014439\gate4096\xelab_run.log
[matrix]: OK  no implicit-net signature in D:\repo\XCKU5PMini\udp_hls_10g\sim\p4gates\work_20261007_014439\gate4096\xsim_run.log
[matrix]: OK  no implicit-net signature in D:\repo\XCKU5PMini\udp_hls_10g\sim\p4gates\work_20261007_014439\gate4096\xvlog.log
[matrix]: OK  no implicit-net signature in D:\repo\XCKU5PMini\udp_hls_10g\sim\p4gates\work_20261007_014439\gate4096\xvlog_hls.log
[matrix]: OK  no implicit-net signature in D:\repo\XCKU5PMini\udp_hls_10g\sim\p4gates\work_20261007_014439\gate4096\xvlog_tb.log
[matrix]: OK  no implicit-net signature in D:\repo\XCKU5PMini\udp_hls_10g\sim\p4gates\work_20261007_014439\gate4096\_gate_console.log
[matrix]: OK  no implicit-net signature in D:\repo\XCKU5PMini\udp_hls_10g\sim\p4gates\work_20261007_014439\gate4096\xsim.dir\tb_p4_chain\xsimcrash.log
[matrix]: OK  no implicit-net signature in D:\repo\XCKU5PMini\udp_hls_10g\sim\p4gates\work_20261007_014439\gate4096\xsim.dir\tb_p4_chain\xsimkernel.log
[matrix]: OK  no implicit-net signature in D:\repo\XCKU5PMini\udp_hls_10g\sim\p4gates\work_20261007_014439\halfdrop\xelab_run.log
[matrix]: OK  no implicit-net signature in D:\repo\XCKU5PMini\udp_hls_10g\sim\p4gates\work_20261007_014439\halfdrop\xsim_run.log
[matrix]: OK  no implicit-net signature in D:\repo\XCKU5PMini\udp_hls_10g\sim\p4gates\work_20261007_014439\halfdrop\xvlog.log
[matrix]: OK  no implicit-net signature in D:\repo\XCKU5PMini\udp_hls_10g\sim\p4gates\work_20261007_014439\halfdrop\xvlog_hls.log
[matrix]: OK  no implicit-net signature in D:\repo\XCKU5PMini\udp_hls_10g\sim\p4gates\work_20261007_014439\halfdrop\xvlog_tb.log
[matrix]: OK  no implicit-net signature in D:\repo\XCKU5PMini\udp_hls_10g\sim\p4gates\work_20261007_014439\halfdrop\_gate_console.log
[matrix]: OK  no implicit-net signature in D:\repo\XCKU5PMini\udp_hls_10g\sim\p4gates\work_20261007_014439\halfdrop\xsim.dir\tb_p4_chain\xsimcrash.log
[matrix]: OK  no implicit-net signature in D:\repo\XCKU5PMini\udp_hls_10g\sim\p4gates\work_20261007_014439\halfdrop\xsim.dir\tb_p4_chain\xsimkernel.log
[matrix]: OK  no implicit-net signature in D:\repo\XCKU5PMini\udp_hls_10g\sim\p4gates\work_20261007_014439\pcackoob\xelab_run.log
[matrix]: OK  no implicit-net signature in D:\repo\XCKU5PMini\udp_hls_10g\sim\p4gates\work_20261007_014439\pcackoob\xsim_run.log
[matrix]: OK  no implicit-net signature in D:\repo\XCKU5PMini\udp_hls_10g\sim\p4gates\work_20261007_014439\pcackoob\xvlog.log
[matrix]: OK  no implicit-net signature in D:\repo\XCKU5PMini\udp_hls_10g\sim\p4gates\work_20261007_014439\pcackoob\xvlog_hls.log
[matrix]: OK  no implicit-net signature in D:\repo\XCKU5PMini\udp_hls_10g\sim\p4gates\work_20261007_014439\pcackoob\xvlog_tb.log
[matrix]: OK  no implicit-net signature in D:\repo\XCKU5PMini\udp_hls_10g\sim\p4gates\work_20261007_014439\pcackoob\_gate_console.log
[matrix]: OK  no implicit-net signature in D:\repo\XCKU5PMini\udp_hls_10g\sim\p4gates\work_20261007_014439\pcackoob\xsim.dir\tb_p4_chain\xsimcrash.log
[matrix]: OK  no implicit-net signature in D:\repo\XCKU5PMini\udp_hls_10g\sim\p4gates\work_20261007_014439\pcackoob\xsim.dir\tb_p4_chain\xsimkernel.log
[matrix]: OK  no implicit-net signature in D:\repo\XCKU5PMini\udp_hls_10g\sim\p4gates\work_20261007_014439\stallgate\xelab_run.log
[matrix]: OK  no implicit-net signature in D:\repo\XCKU5PMini\udp_hls_10g\sim\p4gates\work_20261007_014439\stallgate\xsim_run.log
[matrix]: OK  no implicit-net signature in D:\repo\XCKU5PMini\udp_hls_10g\sim\p4gates\work_20261007_014439\stallgate\xvlog.log
[matrix]: OK  no implicit-net signature in D:\repo\XCKU5PMini\udp_hls_10g\sim\p4gates\work_20261007_014439\stallgate\xvlog_hls.log
[matrix]: OK  no implicit-net signature in D:\repo\XCKU5PMini\udp_hls_10g\sim\p4gates\work_20261007_014439\stallgate\xvlog_tb.log
[matrix]: OK  no implicit-net signature in D:\repo\XCKU5PMini\udp_hls_10g\sim\p4gates\work_20261007_014439\stallgate\_gate_console.log
[matrix]: OK  no implicit-net signature in D:\repo\XCKU5PMini\udp_hls_10g\sim\p4gates\work_20261007_014439\stallgate\xsim.dir\tb_p4_chain\xsimcrash.log
[matrix]: OK  no implicit-net signature in D:\repo\XCKU5PMini\udp_hls_10g\sim\p4gates\work_20261007_014439\stallgate\xsim.dir\tb_p4_chain\xsimkernel.log
[matrix]: OK  no implicit-net signature in D:\repo\XCKU5PMini\udp_hls_10g\sim\p4gates\work_20261007_014439\trunc100\xelab_run.log
[matrix]: OK  no implicit-net signature in D:\repo\XCKU5PMini\udp_hls_10g\sim\p4gates\work_20261007_014439\trunc100\xsim_run.log
[matrix]: OK  no implicit-net signature in D:\repo\XCKU5PMini\udp_hls_10g\sim\p4gates\work_20261007_014439\trunc100\xvlog.log
[matrix]: OK  no implicit-net signature in D:\repo\XCKU5PMini\udp_hls_10g\sim\p4gates\work_20261007_014439\trunc100\xvlog_hls.log
[matrix]: OK  no implicit-net signature in D:\repo\XCKU5PMini\udp_hls_10g\sim\p4gates\work_20261007_014439\trunc100\xvlog_tb.log
[matrix]: OK  no implicit-net signature in D:\repo\XCKU5PMini\udp_hls_10g\sim\p4gates\work_20261007_014439\trunc100\_gate_console.log
[matrix]: OK  no implicit-net signature in D:\repo\XCKU5PMini\udp_hls_10g\sim\p4gates\work_20261007_014439\trunc100\xsim.dir\tb_p4_chain\xsimcrash.log
[matrix]: OK  no implicit-net signature in D:\repo\XCKU5PMini\udp_hls_10g\sim\p4gates\work_20261007_014439\trunc100\xsim.dir\tb_p4_chain\xsimkernel.log
[matrix]: OK  no implicit-net signature in D:\repo\XCKU5PMini\udp_hls_10g\sim\p4gates\work_20261007_014439\trunc50\xelab_run.log
[matrix]: OK  no implicit-net signature in D:\repo\XCKU5PMini\udp_hls_10g\sim\p4gates\work_20261007_014439\trunc50\xsim_run.log
[matrix]: OK  no implicit-net signature in D:\repo\XCKU5PMini\udp_hls_10g\sim\p4gates\work_20261007_014439\trunc50\xvlog.log
[matrix]: OK  no implicit-net signature in D:\repo\XCKU5PMini\udp_hls_10g\sim\p4gates\work_20261007_014439\trunc50\xvlog_hls.log
[matrix]: OK  no implicit-net signature in D:\repo\XCKU5PMini\udp_hls_10g\sim\p4gates\work_20261007_014439\trunc50\xvlog_tb.log
[matrix]: OK  no implicit-net signature in D:\repo\XCKU5PMini\udp_hls_10g\sim\p4gates\work_20261007_014439\trunc50\_gate_console.log
[matrix]: OK  no implicit-net signature in D:\repo\XCKU5PMini\udp_hls_10g\sim\p4gates\work_20261007_014439\trunc50\xsim.dir\tb_p4_chain\xsimcrash.log
[matrix]: OK  no implicit-net signature in D:\repo\XCKU5PMini\udp_hls_10g\sim\p4gates\work_20261007_014439\trunc50\xsim.dir\tb_p4_chain\xsimkernel.log
[matrix]: OK  no implicit-net signature in D:\repo\XCKU5PMini\udp_hls_10g\sim\p4gates\work_20261007_014439\txdrop50\xelab_run.log
[matrix]: OK  no implicit-net signature in D:\repo\XCKU5PMini\udp_hls_10g\sim\p4gates\work_20261007_014439\txdrop50\xsim_run.log
[matrix]: OK  no implicit-net signature in D:\repo\XCKU5PMini\udp_hls_10g\sim\p4gates\work_20261007_014439\txdrop50\xvlog.log
[matrix]: OK  no implicit-net signature in D:\repo\XCKU5PMini\udp_hls_10g\sim\p4gates\work_20261007_014439\txdrop50\xvlog_hls.log
[matrix]: OK  no implicit-net signature in D:\repo\XCKU5PMini\udp_hls_10g\sim\p4gates\work_20261007_014439\txdrop50\xvlog_tb.log
[matrix]: OK  no implicit-net signature in D:\repo\XCKU5PMini\udp_hls_10g\sim\p4gates\work_20261007_014439\txdrop50\_gate_console.log
[matrix]: OK  no implicit-net signature in D:\repo\XCKU5PMini\udp_hls_10g\sim\p4gates\work_20261007_014439\txdrop50\xsim.dir\tb_p4_chain\xsimcrash.log
[matrix]: OK  no implicit-net signature in D:\repo\XCKU5PMini\udp_hls_10g\sim\p4gates\work_20261007_014439\txdrop50\xsim.dir\tb_p4_chain\xsimkernel.log
[matrix]: OK  no implicit-net signature in D:\repo\XCKU5PMini\udp_hls_10g\sim\p4gates\work_20261007_014439\unit_fifo\xelab_ff.log
[matrix]: OK  no implicit-net signature in D:\repo\XCKU5PMini\udp_hls_10g\sim\p4gates\work_20261007_014439\unit_fifo\xsim_ff.log
[matrix]: OK  no implicit-net signature in D:\repo\XCKU5PMini\udp_hls_10g\sim\p4gates\work_20261007_014439\unit_fifo\xvlog.log
[matrix]: OK  no implicit-net signature in D:\repo\XCKU5PMini\udp_hls_10g\sim\p4gates\work_20261007_014439\unit_fifo\xvlog_ff.log
[matrix]: OK  no implicit-net signature in D:\repo\XCKU5PMini\udp_hls_10g\sim\p4gates\work_20261007_014439\unit_fifo\_gate_console.log
[matrix]: OK  no implicit-net signature in D:\repo\XCKU5PMini\udp_hls_10g\sim\p4gates\work_20261007_014439\unit_fifo\xsim.dir\tb_frame_fifo\xsimcrash.log
[matrix]: OK  no implicit-net signature in D:\repo\XCKU5PMini\udp_hls_10g\sim\p4gates\work_20261007_014439\unit_fifo\xsim.dir\tb_frame_fifo\xsimkernel.log
[matrix]: OK  no implicit-net signature in D:\repo\XCKU5PMini\udp_hls_10g\sim\p4gates\work_20261007_014439\unit_retx\xelab.log
[matrix]: OK  no implicit-net signature in D:\repo\XCKU5PMini\udp_hls_10g\sim\p4gates\work_20261007_014439\unit_retx\xsim.log
[matrix]: OK  no implicit-net signature in D:\repo\XCKU5PMini\udp_hls_10g\sim\p4gates\work_20261007_014439\unit_retx\xvlog.log
[matrix]: OK  no implicit-net signature in D:\repo\XCKU5PMini\udp_hls_10g\sim\p4gates\work_20261007_014439\unit_retx\xvlog_c.log
[matrix]: OK  no implicit-net signature in D:\repo\XCKU5PMini\udp_hls_10g\sim\p4gates\work_20261007_014439\unit_retx\_gate_console.log
[matrix]: OK  no implicit-net signature in D:\repo\XCKU5PMini\udp_hls_10g\sim\p4gates\work_20261007_014439\unit_retx\xsim.dir\tb_retx_ram\xsimcrash.log
[matrix]: OK  no implicit-net signature in D:\repo\XCKU5PMini\udp_hls_10g\sim\p4gates\work_20261007_014439\unit_retx\xsim.dir\tb_retx_ram\xsimkernel.log
[matrix]: OK  no implicit-net signature in D:\repo\XCKU5PMini\udp_hls_10g\sim\p4gates\work_20261007_014439\unit_uart\xelab_uart.log
[matrix]: OK  no implicit-net signature in D:\repo\XCKU5PMini\udp_hls_10g\sim\p4gates\work_20261007_014439\unit_uart\xsim_uart.log
[matrix]: OK  no implicit-net signature in D:\repo\XCKU5PMini\udp_hls_10g\sim\p4gates\work_20261007_014439\unit_uart\xvlog.log
[matrix]: OK  no implicit-net signature in D:\repo\XCKU5PMini\udp_hls_10g\sim\p4gates\work_20261007_014439\unit_uart\xvlog_uart.log
[matrix]: OK  no implicit-net signature in D:\repo\XCKU5PMini\udp_hls_10g\sim\p4gates\work_20261007_014439\unit_uart\_gate_console.log
[matrix]: OK  no implicit-net signature in D:\repo\XCKU5PMini\udp_hls_10g\sim\p4gates\work_20261007_014439\unit_uart\xsim.dir\tb_uart_dbg\xsimcrash.log
[matrix]: OK  no implicit-net signature in D:\repo\XCKU5PMini\udp_hls_10g\sim\p4gates\work_20261007_014439\unit_uart\xsim.dir\tb_uart_dbg\xsimkernel.log
[matrix]: OK  no implicit-net signature in D:\repo\XCKU5PMini\udp_hls_10g\sim\p4gates\work_20261007_014439\unit_vlan\xelab_run.log
[matrix]: OK  no implicit-net signature in D:\repo\XCKU5PMini\udp_hls_10g\sim\p4gates\work_20261007_014439\unit_vlan\xsim_run.log
[matrix]: OK  no implicit-net signature in D:\repo\XCKU5PMini\udp_hls_10g\sim\p4gates\work_20261007_014439\unit_vlan\xvlog.log
[matrix]: OK  no implicit-net signature in D:\repo\XCKU5PMini\udp_hls_10g\sim\p4gates\work_20261007_014439\unit_vlan\xvlog_tb.log
[matrix]: OK  no implicit-net signature in D:\repo\XCKU5PMini\udp_hls_10g\sim\p4gates\work_20261007_014439\unit_vlan\_gate_console.log
[matrix]: OK  no implicit-net signature in D:\repo\XCKU5PMini\udp_hls_10g\sim\p4gates\work_20261007_014439\unit_vlan\xsim.dir\tb_vlan_strip\xsimcrash.log
[matrix]: OK  no implicit-net signature in D:\repo\XCKU5PMini\udp_hls_10g\sim\p4gates\work_20261007_014439\unit_vlan\xsim.dir\tb_vlan_strip\xsimkernel.log
[matrix]: OK  no implicit-net signature in D:\repo\XCKU5PMini\udp_hls_10g\sim\p4gates\work_20261007_014439\vlanburst\xelab_run.log
[matrix]: OK  no implicit-net signature in D:\repo\XCKU5PMini\udp_hls_10g\sim\p4gates\work_20261007_014439\vlanburst\xsim_run.log
[matrix]: OK  no implicit-net signature in D:\repo\XCKU5PMini\udp_hls_10g\sim\p4gates\work_20261007_014439\vlanburst\xvlog.log
[matrix]: OK  no implicit-net signature in D:\repo\XCKU5PMini\udp_hls_10g\sim\p4gates\work_20261007_014439\vlanburst\xvlog_hls.log
[matrix]: OK  no implicit-net signature in D:\repo\XCKU5PMini\udp_hls_10g\sim\p4gates\work_20261007_014439\vlanburst\xvlog_tb.log
[matrix]: OK  no implicit-net signature in D:\repo\XCKU5PMini\udp_hls_10g\sim\p4gates\work_20261007_014439\vlanburst\_gate_console.log
[matrix]: OK  no implicit-net signature in D:\repo\XCKU5PMini\udp_hls_10g\sim\p4gates\work_20261007_014439\vlanburst\xsim.dir\tb_p4_chain\xsimcrash.log
[matrix]: OK  no implicit-net signature in D:\repo\XCKU5PMini\udp_hls_10g\sim\p4gates\work_20261007_014439\vlanburst\xsim.dir\tb_p4_chain\xsimkernel.log
[matrix]: OK  no implicit-net signature in D:\repo\XCKU5PMini\udp_hls_10g\sim\p4gates\work_20261007_014439\vlanchain\xelab_run.log
[matrix]: OK  no implicit-net signature in D:\repo\XCKU5PMini\udp_hls_10g\sim\p4gates\work_20261007_014439\vlanchain\xsim_run.log
[matrix]: OK  no implicit-net signature in D:\repo\XCKU5PMini\udp_hls_10g\sim\p4gates\work_20261007_014439\vlanchain\xvlog.log
[matrix]: OK  no implicit-net signature in D:\repo\XCKU5PMini\udp_hls_10g\sim\p4gates\work_20261007_014439\vlanchain\xvlog_hls.log
[matrix]: OK  no implicit-net signature in D:\repo\XCKU5PMini\udp_hls_10g\sim\p4gates\work_20261007_014439\vlanchain\xvlog_tb.log
[matrix]: OK  no implicit-net signature in D:\repo\XCKU5PMini\udp_hls_10g\sim\p4gates\work_20261007_014439\vlanchain\_gate_console.log
[matrix]: OK  no implicit-net signature in D:\repo\XCKU5PMini\udp_hls_10g\sim\p4gates\work_20261007_014439\vlanchain\xsim.dir\tb_p4_chain\xsimcrash.log
[matrix]: OK  no implicit-net signature in D:\repo\XCKU5PMini\udp_hls_10g\sim\p4gates\work_20261007_014439\vlanchain\xsim.dir\tb_p4_chain\xsimkernel.log
