#-----------------------------------------------------------
# xsim v2025.2 (64-bit)
# SW Build 6299465 on Fri Nov 14 19:35:11 GMT 2025
# IP Build 6300035 on Fri Nov 14 10:48:45 MST 2025
# SharedData Build 6298862 on Thu Nov 13 04:50:51 MST 2025
# Start of session at: Wed Sep 30 19:25:19 2026
# Process ID         : 39456
# Current directory  : D:/repo/XCKU5PMini/udp_hls_10g/_proj_10g/notes/p7b_gatecov/logs/H7_fix_p996
# Command line       : xsim.exe -log xsim_run.log -mode tcl -source {xsim.dir/tb_rate_g0p996/xsim_script.tcl}
# Log file           : D:/repo/XCKU5PMini/udp_hls_10g/_proj_10g/notes/p7b_gatecov/logs/H7_fix_p996/xsim_run.log
# Journal file       : D:/repo/XCKU5PMini/udp_hls_10g/_proj_10g/notes/p7b_gatecov/logs/H7_fix_p996\xsim.jou
# Running On         : xyz-intel
# Platform           : Windows Server 2016 or Windows 10
# Operating System   : 26200
# Processor Detail   : Intel(R) Core(TM) Ultra 7 265K
# CPU Frequency      : 3878 MHz
# CPU Physical cores : 20
# CPU Logical cores  : 20
# Host memory        : 68053 MB
# Swap memory        : 4294 MB
# Total Virtual      : 72348 MB
# Available Virtual  : 45453 MB
#-----------------------------------------------------------
source xsim.dir/tb_rate_g0p996/xsim_script.tcl
# xsim {tb_rate_g0p996} -autoloadwcfg -runall
Time resolution is 1 ps
run -all
  [pre 0] cyc=1015 d=1015 wire=0 | app txs=1 gap=0 sent=0 bcnt=6 wr=0 fifo_full=0 utx_busy=1
  [pre 1] cyc=2078 d=1063 wire=1049 | app txs=1 gap=0 sent=64 bcnt=7 wr=0 fifo_full=0 utx_busy=1
  [pre 2] cyc=3141 d=1063 wire=1049 | app txs=1 gap=0 sent=136 bcnt=0 wr=1 fifo_full=0 utx_busy=1
  [pre 3] cyc=4204 d=1063 wire=1049 | app txs=1 gap=0 sent=200 bcnt=1 wr=0 fifo_full=0 utx_busy=1
  [pre 4] cyc=5267 d=1063 wire=1049 | app txs=1 gap=0 sent=264 bcnt=2 wr=0 fifo_full=0 utx_busy=1
  [pre 5] cyc=6330 d=1063 wire=1049 | app txs=1 gap=0 sent=328 bcnt=3 wr=0 fifo_full=0 utx_busy=1
  [pre 6] cyc=7393 d=1063 wire=1049 | app txs=1 gap=0 sent=392 bcnt=4 wr=0 fifo_full=0 utx_busy=1
  [pre 7] cyc=8456 d=1063 wire=1049 | app txs=1 gap=0 sent=456 bcnt=5 wr=0 fifo_full=0 utx_busy=1
  [pre 8] cyc=9519 d=1063 wire=1049 | app txs=1 gap=0 sent=520 bcnt=6 wr=0 fifo_full=0 utx_busy=1
  [pre 9] cyc=10582 d=1063 wire=1049 | app txs=1 gap=0 sent=584 bcnt=7 wr=0 fifo_full=0 utx_busy=1
  [pre 10] cyc=11645 d=1063 wire=1049 | app txs=1 gap=0 sent=656 bcnt=0 wr=1 fifo_full=0 utx_busy=1
  [pre 11] cyc=12708 d=1063 wire=1049 | app txs=1 gap=0 sent=720 bcnt=1 wr=0 fifo_full=0 utx_busy=1
--- tb_app_udp_rate: TXGAP=0 paylen=996 ---
  frames on wire      = 41 (period samples 35)
  mean frame period   = 1063 cycles (8.504 us)
  mean wire len       = 1049 B
  PAYLOAD RATE        = 937.0 Mbps
  WIRE RATE           = 986.8 Mbps
  app tx_frames=42 bytes=42032 | utx frames=40 bytes=39840 drop=0 | mac frames=40 abort=0
  --- P7B-W9 判据 ---
  C1 contract: txf_wr && txf_full on 0 cycles (first @cyc 0); checked pushes=5274
  C2 framer frames=40 len min/max = 1038/1038 (exp 1038)
  C3 wire   samples=35 len min/max = 1049/1049 (exp 1049)
  coverage: full_cyc=1411 (satreq=0 floor 20000)
RATE GATE: OK (C1 ovf=0 over 5274 pushes; framer 1038 x40; wire 1049 x35; full_cyc=1411)
RATE TB DONE
$finish called at time : 348468 ns : File "D:/repo/XCKU5PMini/udp_hls_10g/tb/tb_app_udp_rate.v" Line 356
exit
INFO: [Common 17-206] Exiting xsim at Wed Sep 30 19:25:21 2026...
