Copyright 1986-2022 Xilinx, Inc. All Rights Reserved. Copyright 2022-2025 Advanced Micro Devices, Inc. All Rights Reserved.
----------------------------------------------------------------------------------------------------------------------------------------------------
| Tool Version : Vivado v.2025.2 (win64) Build 6299465 Fri Nov 14 19:35:11 GMT 2025
| Date         : Mon Sep 28 22:36:04 2026
| Host         : xyz-intel running 64-bit major release  (build 9200)
| Command      : report_utilization -hierarchical -hierarchical_depth 2 -file D:/repo/XCKU5PMini/udp_hls_10g/p6a_ku5p_verify/p6a_t8p0_util_hier.rpt
| Design       : wrapper_p4
| Device       : xcku5p-ffvb676-1-e
| Speed File   : -1
| Design State : Routed
----------------------------------------------------------------------------------------------------------------------------------------------------

Utilization Design Information

Table of Contents
-----------------
1. Utilization by Hierarchy

1. Utilization by Hierarchy
---------------------------

+----------------------------------------------------+---------------------------------------------------+------------+------------+---------+------+-------+--------+--------+------+------------+
|                      Instance                      |                       Module                      | Total LUTs | Logic LUTs | LUTRAMs | SRLs |  FFs  | RAMB36 | RAMB18 | URAM | DSP Blocks |
+----------------------------------------------------+---------------------------------------------------+------------+------------+---------+------+-------+--------+--------+------+------------+
| wrapper_p4                                         |                                             (top) |      51089 |      46842 |    4208 |   39 | 40688 |    281 |     62 |    0 |          4 |
|   (wrapper_p4)                                     |                                             (top) |        302 |        302 |       0 |    0 |  3556 |      0 |      0 |    0 |          0 |
|   u_app                                            |                                       app_pattern |        661 |        661 |       0 |    0 |   553 |      0 |      0 |    0 |          0 |
|   u_app_ctrl                                       |                                          app_ctrl |       3485 |       3485 |       0 |    0 |  3319 |      0 |      0 |    0 |          0 |
|     (u_app_ctrl)                                   |                                          app_ctrl |       3480 |       3480 |       0 |    0 |  3314 |      0 |      0 |    0 |          0 |
|   u_app_pipe                                       |                                         axis_pipe |        251 |        251 |       0 |    0 |    78 |      0 |      0 |    0 |          0 |
|   u_app_status                                     |                                   app_status_uart |       1121 |       1121 |       0 |    0 |   927 |      0 |      0 |    0 |          0 |
|     (u_app_status)                                 |                                   app_status_uart |       1033 |       1033 |       0 |    0 |   899 |      0 |      0 |    0 |          0 |
|     u_uart                                         |                                  uart_tx_9600_193 |         88 |         88 |       0 |    0 |    28 |      0 |      0 |    0 |          0 |
|   u_app_udp                                        |                                   app_udp_pattern |        897 |        561 |     336 |    0 |   647 |      0 |      0 |    0 |          0 |
|     (u_app_udp)                                    |                                   app_udp_pattern |        254 |        254 |       0 |    0 |   556 |      0 |      0 |    0 |          0 |
|     u_txf                                          |                     fifo_sync__parameterized3_192 |        643 |        307 |     336 |    0 |    91 |      0 |      0 |    0 |          0 |
|   u_cam                                            |                                           tcp_cam |       1081 |       1081 |       0 |    0 |  2304 |      0 |      0 |    0 |          0 |
|   u_classify                                       |                                       rx_classify |        489 |        489 |       0 |    0 |   534 |      0 |      0 |    0 |          0 |
|   u_dbg_line                                       |                                       dbg_line_tx |       3324 |       3324 |       0 |    0 |   953 |      0 |      0 |    0 |          0 |
|     (u_dbg_line)                                   |                                       dbg_line_tx |       3211 |       3211 |       0 |    0 |   925 |      0 |      0 |    0 |          0 |
|     u_tx                                           |                                      uart_tx_9600 |        117 |        117 |       0 |    0 |    28 |      0 |      0 |    0 |          0 |
|   u_eco_pipe                                       |                                       axis_pipe_0 |         23 |         23 |       0 |    0 |    73 |      0 |      0 |    0 |          0 |
|   u_hls                                            |                                          udp_echo |      19810 |      19667 |     112 |   31 | 17894 |      6 |     62 |    0 |          4 |
|     (u_hls)                                        |                                          udp_echo |        186 |        186 |       0 |    0 |  1712 |      0 |      0 |    0 |          0 |
|     buffer_r_U                                     |                udp_echo_buffer_r_RAM_2P_BRAM_1R1W |        268 |        268 |       0 |    0 |   769 |      1 |      0 |    0 |          0 |
|     frame_buf_U                                    |                  udp_echo_frame_buf_RAM_AUTO_1R1W |        319 |        319 |       0 |    0 |   402 |      1 |      0 |    0 |          0 |
|     frame_fifo_fifo_U                              |                          udp_echo_fifo_w32_d512_A |         52 |         52 |       0 |    0 |    41 |      0 |      1 |    0 |          0 |
|     grp_arp_rx_process_fu_1773                     |                           udp_echo_arp_rx_process |        730 |        730 |       0 |    0 |   307 |      0 |      4 |    0 |          0 |
|     grp_dhcp_tx_process_fu_1977                    |                          udp_echo_dhcp_tx_process |       1438 |       1430 |       8 |    0 |   422 |      0 |      2 |    0 |          0 |
|     grp_icmp_rx_process_fu_1942                    |                          udp_echo_icmp_rx_process |       1074 |       1066 |       8 |    0 |   950 |      0 |      4 |    0 |          0 |
|     grp_igmp_rx_process_fu_1923                    |                          udp_echo_igmp_rx_process |        309 |        301 |       8 |    0 |   241 |      0 |      3 |    0 |          0 |
|     grp_ip_rx_process_fu_1766                      |                            udp_echo_ip_rx_process |        276 |        268 |       8 |    0 |   291 |      0 |      2 |    0 |          0 |
|     grp_mac_rx_process_fu_1679                     |                           udp_echo_mac_rx_process |        422 |        422 |       0 |    0 |   561 |      0 |      0 |    0 |          0 |
|     grp_mac_tx_process_fu_1710                     |                           udp_echo_mac_tx_process |        266 |        266 |       0 |    0 |   371 |      0 |      0 |    0 |          0 |
|     grp_stats_report_fu_2264                       |                             udp_echo_stats_report |        703 |        675 |       0 |   28 |   575 |      0 |      0 |    0 |          4 |
|     grp_tcp_active_tick_fu_2164                    |                          udp_echo_tcp_active_tick |       1684 |       1676 |       8 |    0 |  1279 |      0 |      6 |    0 |          0 |
|     grp_tcp_rx_process_fu_1827                     |                           udp_echo_tcp_rx_process |       3885 |       3874 |       8 |    3 |  2414 |      1 |      7 |    0 |          0 |
|     grp_tcp_send_1_fu_2055                         |                               udp_echo_tcp_send_1 |       2914 |       2906 |       8 |    0 |  1125 |      0 |      4 |    0 |          0 |
|     grp_tcp_send_fu_2113                           |                                 udp_echo_tcp_send |        884 |        876 |       8 |    0 |   867 |      0 |      4 |    0 |          0 |
|     grp_udp_echo_Pipeline_VITIS_LOOP_162_1_fu_1749 |       udp_echo_udp_echo_Pipeline_VITIS_LOOP_162_1 |        456 |        456 |       0 |    0 |    21 |      0 |      0 |    0 |          0 |
|     grp_udp_echo_Pipeline_VITIS_LOOP_198_3_fu_1818 |       udp_echo_udp_echo_Pipeline_VITIS_LOOP_198_3 |        294 |        294 |       0 |    0 |    28 |      0 |      0 |    0 |          0 |
|     grp_udp_echo_Pipeline_VITIS_LOOP_39_1_fu_1806  |        udp_echo_udp_echo_Pipeline_VITIS_LOOP_39_1 |         42 |         42 |       0 |    0 |    54 |      0 |      0 |    0 |          0 |
|     grp_udp_tx_process_fu_2004                     |                           udp_echo_udp_tx_process |       1071 |       1063 |       8 |    0 |   912 |      0 |      4 |    0 |          0 |
|     l1_age_U                                       |                     udp_echo_l1_age_RAM_AUTO_1R1W |         78 |         78 |       0 |    0 |    10 |      0 |      1 |    0 |          0 |
|     l1_cache_ip_U                                  |                udp_echo_l1_cache_ip_RAM_AUTO_1R1W |        160 |        144 |      16 |    0 |    41 |      0 |      0 |    0 |          0 |
|     l1_cache_mac_U                                 |               udp_echo_l1_cache_mac_RAM_AUTO_1R1W |        127 |        103 |      24 |    0 |    57 |      0 |      0 |    0 |          0 |
|     l2_table_ip_U                                  |             udp_echo_l2_table_ip_RAM_2P_BRAM_1R1W |        162 |        162 |       0 |    0 |   257 |      0 |      1 |    0 |          0 |
|     l2_table_mac_U                                 |            udp_echo_l2_table_mac_RAM_2P_BRAM_1R1W |         96 |         96 |       0 |    0 |   257 |      1 |      0 |    0 |          0 |
|     l2_table_valid_U                               |          udp_echo_l2_table_valid_RAM_2P_BRAM_1R1W |         78 |         78 |       0 |    0 |   257 |      0 |      1 |    0 |          0 |
|     regslice_both_cfg_stream_U                     |            udp_echo_regslice_both__parameterized0 |         39 |         39 |       0 |    0 |    69 |      0 |      0 |    0 |          0 |
|     tcp_conn_cwnd_U                                |           udp_echo_tcp_conn_cwnd_RAM_2P_BRAM_1R1W |         62 |         62 |       0 |    0 |     4 |      0 |      1 |    0 |          0 |
|     tcp_conn_flight_size_U                         |    udp_echo_tcp_conn_flight_size_RAM_2P_BRAM_1R1W |        182 |        182 |       0 |    0 |     7 |      1 |      0 |    0 |          0 |
|     tcp_conn_last_ack_recv_U                       |        udp_echo_tcp_conn_cwnd_RAM_2P_BRAM_1R1W_10 |         56 |         56 |       0 |    0 |     4 |      0 |      1 |    0 |          0 |
|     tcp_conn_peer_ip_U                             | udp_echo_tcp_conn_flight_size_RAM_2P_BRAM_1R1W_11 |        133 |        133 |       0 |    0 |     5 |      1 |      0 |    0 |          0 |
|     tcp_conn_seq_U                                 |        udp_echo_tcp_conn_cwnd_RAM_2P_BRAM_1R1W_17 |         78 |         78 |       0 |    0 |     4 |      0 |      1 |    0 |          0 |
|     tcp_conn_ssthresh_U                            |       udp_echo_tcp_conn_ssthresh_RAM_2P_BRAM_1R1W |         71 |         71 |       0 |    0 |     4 |      0 |      1 |    0 |          0 |
|     tcp_retrans_buf_U                              |           udp_echo_tcp_send_bufs_RAM_2P_BRAM_1R1W |        472 |        472 |       0 |    0 |  1729 |      0 |      1 |    0 |          0 |
|     tcp_send_bufs_U                                |        udp_echo_tcp_send_bufs_RAM_2P_BRAM_1R1W_18 |        463 |        463 |       0 |    0 |  1729 |      0 |      1 |    0 |          0 |
|   u_mac_rx                                         |                                         mac_rx_64 |        605 |        561 |      44 |    0 |   432 |      0 |      0 |    0 |          0 |
|     (u_mac_rx)                                     |                                         mac_rx_64 |        254 |        254 |       0 |    0 |   316 |      0 |      0 |    0 |          0 |
|     u_fifo                                         |                                         fifo_sync |        304 |        260 |      44 |    0 |    84 |      0 |      0 |    0 |          0 |
|   u_mac_tx                                         |                                         mac_tx_64 |        311 |        267 |      44 |    0 |   257 |      0 |      0 |    0 |          0 |
|     (u_mac_tx)                                     |                                         mac_tx_64 |         61 |         61 |       0 |    0 |   142 |      0 |      0 |    0 |          0 |
|     u_crc                                          |                                          crc32_8b |         99 |         99 |       0 |    0 |    32 |      0 |      0 |    0 |          0 |
|     u_fifo                                         |                         fifo_sync__parameterized6 |        152 |        108 |      44 |    0 |    83 |      0 |      0 |    0 |          0 |
|   u_slow_cfg                                       |                                      slow_cfg_adp |        408 |        388 |      20 |    0 |   485 |      0 |      0 |    0 |          0 |
|     (u_slow_cfg)                                   |                                      slow_cfg_adp |        352 |        352 |       0 |    0 |   443 |      0 |      0 |    0 |          0 |
|     u_fifo                                         |                         fifo_sync__parameterized2 |         56 |         36 |      20 |    0 |    42 |      0 |      0 |    0 |          0 |
|   u_slow_rx                                        |                                       slow_rx_adp |        861 |        381 |     480 |    0 |   352 |      1 |      0 |    0 |          0 |
|     (u_slow_rx)                                    |                                       slow_rx_adp |        114 |        114 |       0 |    0 |   206 |      0 |      0 |    0 |          0 |
|     u_ff                                           |                      frame_fifo__parameterized0_5 |        195 |         99 |      96 |    0 |   113 |      1 |      0 |    0 |          0 |
|     u_ofifo                                        |                       fifo_sync__parameterized5_6 |        553 |        169 |     384 |    0 |    33 |      0 |      0 |    0 |          0 |
|   u_slow_tx                                        |                                       slow_tx_adp |        883 |        395 |     480 |    8 |   384 |      1 |      0 |    0 |          0 |
|     (u_slow_tx)                                    |                                       slow_tx_adp |         86 |         78 |       0 |    8 |   238 |      0 |      0 |    0 |          0 |
|     u_ififo                                        |                         fifo_sync__parameterized5 |        566 |        182 |     384 |    0 |    33 |      0 |      0 |    0 |          0 |
|     u_wf                                           |                      frame_fifo__parameterized0_4 |        235 |        139 |      96 |    0 |   113 |      1 |      0 |    0 |          0 |
|   u_tcb                                            |                                               tcb |       1854 |       1854 |       0 |    0 |  2209 |      0 |      0 |    0 |          0 |
|   u_tcp_echo                                       |                                          tcp_echo |       3485 |       1693 |    1792 |    0 |   239 |     16 |      0 |    0 |          0 |
|     (u_tcp_echo)                                   |                                          tcp_echo |         12 |         12 |       0 |    0 |    77 |      0 |      0 |    0 |          0 |
|     u_fifo                                         |                                        frame_fifo |       3473 |       1681 |    1792 |    0 |   162 |     16 |      0 |    0 |          0 |
|   u_tcp_rx                                         |                                            tcp_rx |       4306 |       4306 |       0 |    0 |   782 |      0 |      0 |    0 |          0 |
|   u_tcp_tx                                         |                                      tcp_tx_frame |       5111 |       4751 |     360 |    0 |  3388 |    256 |      0 |    0 |          0 |
|     (u_tcp_tx)                                     |                                      tcp_tx_frame |       2399 |       2399 |       0 |    0 |  2320 |      0 |      0 |    0 |          0 |
|     u_ackq                                         |                         fifo_sync__parameterized4 |        822 |        798 |      24 |    0 |    51 |      0 |      0 |    0 |          0 |
|     u_csum                                         |                                      checksum16_2 |        285 |        285 |       0 |    0 |    49 |      0 |      0 |    0 |          0 |
|     u_fifo                                         |                       fifo_sync__parameterized3_3 |        710 |        374 |     336 |    0 |    91 |      0 |      0 |    0 |          0 |
|     u_retx                                         |                                          retx_ram |        900 |        900 |       0 |    0 |   877 |    256 |      0 |    0 |          0 |
|   u_udp_split                                      |                                         udp_split |        865 |        661 |     204 |    0 |   650 |      1 |      0 |    0 |          0 |
|     (u_udp_split)                                  |                                         udp_split |          9 |          9 |       0 |    0 |    82 |      0 |      0 |    0 |          0 |
|     u_pb                                           |                    udp_split_fifo__parameterized1 |         75 |         31 |      44 |    0 |    18 |      0 |      0 |    0 |          0 |
|     u_pre                                          |                                    udp_split_fifo |        237 |        193 |      44 |    0 |    10 |      0 |      0 |    0 |          0 |
|     u_udp_rx                                       |                                            udp_rx |        263 |        263 |       0 |    0 |   413 |      0 |      0 |    0 |          0 |
|     u_uf                                           |                        frame_fifo__parameterized0 |        242 |        146 |      96 |    0 |   113 |      1 |      0 |    0 |          0 |
|   u_udp_tx                                         |                                      udp_tx_frame |        875 |        539 |     336 |    0 |   369 |      0 |      0 |    0 |          0 |
|     (u_udp_tx)                                     |                                      udp_tx_frame |        196 |        196 |       0 |    0 |   229 |      0 |      0 |    0 |          0 |
|     u_csum                                         |                                        checksum16 |        104 |        104 |       0 |    0 |    49 |      0 |      0 |    0 |          0 |
|     u_fifo                                         |                         fifo_sync__parameterized3 |        576 |        240 |     336 |    0 |    91 |      0 |      0 |    0 |          0 |
|   u_udp_tx_cfg                                     |                                        udp_tx_cfg |        108 |        108 |       0 |    0 |   163 |      0 |      0 |    0 |          0 |
|   u_vlan_strip                                     |                                        vlan_strip |         45 |         45 |       0 |    0 |   117 |      0 |      0 |    0 |          0 |
+----------------------------------------------------+---------------------------------------------------+------------+------------+---------+------+-------+--------+--------+------+------------+
* Note: The sum of lower-level cells may be larger than their parent cells total, due to cross-hierarchy LUT combining


