Copyright 1986-2022 Xilinx, Inc. All Rights Reserved. Copyright 2022-2025 Advanced Micro Devices, Inc. All Rights Reserved.
---------------------------------------------------------------------------------------------------------------------------------------------
| Tool Version : Vivado v.2025.2 (win64) Build 6299465 Fri Nov 14 19:35:11 GMT 2025
| Date         : Mon Sep 28 22:36:03 2026
| Host         : xyz-intel running 64-bit major release  (build 9200)
| Command      : report_utilization -file D:/repo/XCKU5PMini/udp_hls_10g/p6a_ku5p_verify/p6a_t8p0_utilization_routed.rpt
| Design       : wrapper_p4
| Device       : xcku5p-ffvb676-1-e
| Speed File   : -1
| Design State : Routed
---------------------------------------------------------------------------------------------------------------------------------------------

Utilization Design Information

Table of Contents
-----------------
1. CLB Logic
1.1 Summary of Registers by Type
2. CLB Logic Distribution
3. BLOCKRAM
4. ARITHMETIC
5. I/O
6. CLOCK
7. ADVANCED
8. CONFIGURATION
9. Primitives
10. Black Boxes
11. Instantiated Netlists

1. CLB Logic
------------

+----------------------------+-------+-------+------------+-----------+-------+
|          Site Type         |  Used | Fixed | Prohibited | Available | Util% |
+----------------------------+-------+-------+------------+-----------+-------+
| CLB LUTs                   | 51089 |     0 |          0 |    216960 | 23.55 |
|   LUT as Logic             | 46842 |     0 |          0 |    216960 | 21.59 |
|   LUT as Memory            |  4247 |     0 |          0 |     99840 |  4.25 |
|     LUT as Distributed RAM |  4208 |     0 |            |           |       |
|     LUT as Shift Register  |    39 |     0 |            |           |       |
| CLB Registers              | 40688 |     0 |          0 |    433920 |  9.38 |
|   Register as Flip Flop    | 40688 |     0 |          0 |    433920 |  9.38 |
|   Register as Latch        |     0 |     0 |          0 |    433920 |  0.00 |
| CARRY8                     |   954 |     0 |          0 |     27120 |  3.52 |
| F7 Muxes                   |  3190 |     0 |          0 |    108480 |  2.94 |
| F8 Muxes                   |  1156 |     0 |          0 |     54240 |  2.13 |
| F9 Muxes                   |     0 |     0 |          0 |     27120 |  0.00 |
| Unique Control Sets        |  1618 |       |          0 |     54240 |  2.98 |
+----------------------------+-------+-------+------------+-----------+-------+
* Warning! LUT value is adjusted to account for LUT combining.
** Note: Available Control Sets calculated as Slices * 2, Review the Control Sets Report for more information regarding control sets.


1.1 Summary of Registers by Type
--------------------------------

+-------+--------------+-------------+--------------+
| Total | Clock Enable | Synchronous | Asynchronous |
+-------+--------------+-------------+--------------+
| 0     |            _ |           - |            - |
| 0     |            _ |           - |          Set |
| 0     |            _ |           - |        Reset |
| 0     |            _ |         Set |            - |
| 0     |            _ |       Reset |            - |
| 0     |          Yes |           - |            - |
| 241   |          Yes |           - |          Set |
| 25280 |          Yes |           - |        Reset |
| 102   |          Yes |         Set |            - |
| 15065 |          Yes |       Reset |            - |
+-------+--------------+-------------+--------------+


2. CLB Logic Distribution
-------------------------

+--------------------------------------------+-------+-------+------------+-----------+-------+
|                  Site Type                 |  Used | Fixed | Prohibited | Available | Util% |
+--------------------------------------------+-------+-------+------------+-----------+-------+
| CLB                                        | 10633 |     0 |          0 |     27120 | 39.21 |
|   CLBL                                     |  5913 |     0 |            |           |       |
|   CLBM                                     |  4720 |     0 |            |           |       |
| LUT as Logic                               | 46842 |     0 |          0 |    216960 | 21.59 |
|   using O5 output only                     |   298 |       |            |           |       |
|   using O6 output only                     | 36612 |       |            |           |       |
|   using O5 and O6                          |  9932 |       |            |           |       |
| LUT as Memory                              |  4247 |     0 |          0 |     99840 |  4.25 |
|   LUT as Distributed RAM                   |  4208 |     0 |            |           |       |
|     using O5 output only                   |     0 |       |            |           |       |
|     using O6 output only                   |  3876 |       |            |           |       |
|     using O5 and O6                        |   332 |       |            |           |       |
|   LUT as Shift Register                    |    39 |     0 |            |           |       |
|     using O5 output only                   |     0 |       |            |           |       |
|     using O6 output only                   |    39 |       |            |           |       |
|     using O5 and O6                        |     0 |       |            |           |       |
| CLB Registers                              | 40688 |     0 |          0 |    433920 |  9.38 |
|   Register driven from within the CLB      | 24644 |       |            |           |       |
|   Register driven from outside the CLB     | 16044 |       |            |           |       |
|     LUT in front of the register is unused |  9348 |       |            |           |       |
|     LUT in front of the register is used   |  6696 |       |            |           |       |
+--------------------------------------------+-------+-------+------------+-----------+-------+


3. BLOCKRAM
-----------

+-------------------+------+-------+------------+-----------+-------+
|     Site Type     | Used | Fixed | Prohibited | Available | Util% |
+-------------------+------+-------+------------+-----------+-------+
| Block RAM Tile    |  312 |     0 |          0 |       480 | 65.00 |
|   RAMB36/FIFO*    |  281 |     0 |          0 |       480 | 58.54 |
|     RAMB36E2 only |  281 |       |            |           |       |
|   RAMB18          |   62 |     0 |          0 |       960 |  6.46 |
|     RAMB18E2 only |   62 |       |            |           |       |
| URAM              |    0 |     0 |          0 |        64 |  0.00 |
+-------------------+------+-------+------------+-----------+-------+
* Note: Each Block RAM Tile only has one FIFO logic available and therefore can accommodate only one FIFO36E2 or one FIFO18E2. However, if a FIFO18E2 occupies a Block RAM Tile, that tile can still accommodate a RAMB18E2


4. ARITHMETIC
-------------

+----------------+------+-------+------------+-----------+-------+
|    Site Type   | Used | Fixed | Prohibited | Available | Util% |
+----------------+------+-------+------------+-----------+-------+
| DSPs           |    4 |     0 |          0 |      1824 |  0.22 |
|   DSP48E2 only |    4 |       |            |           |       |
+----------------+------+-------+------------+-----------+-------+


5. I/O
------

+------------------+------+-------+------------+-----------+-------+
|     Site Type    | Used | Fixed | Prohibited | Available | Util% |
+------------------+------+-------+------------+-----------+-------+
| Bonded IOB       |   18 |    18 |          0 |       280 |  6.43 |
|   HPIOB_M        |    0 |     0 |          0 |        96 |  0.00 |
|   HPIOB_S        |    0 |     0 |          0 |        96 |  0.00 |
|   HDIOB_M        |    9 |     9 |          0 |        36 | 25.00 |
|     INPUT        |    4 |       |            |           |       |
|     OUTPUT       |    5 |       |            |           |       |
|     BIDIR        |    0 |       |            |           |       |
|   HDIOB_S        |    9 |     9 |          0 |        36 | 25.00 |
|     INPUT        |    3 |       |            |           |       |
|     OUTPUT       |    6 |       |            |           |       |
|     BIDIR        |    0 |       |            |           |       |
|   HPIOB_SNGL     |    0 |     0 |          0 |        16 |  0.00 |
| HPIOBDIFFINBUF   |    0 |     0 |          0 |        96 |  0.00 |
| HPIOBDIFFOUTBUF  |    0 |     0 |          0 |        96 |  0.00 |
| HDIOBDIFFINBUF   |    0 |     0 |          0 |        48 |  0.00 |
| BITSLICE_CONTROL |    0 |     0 |          0 |        32 |  0.00 |
| BITSLICE_RX_TX   |    0 |     0 |          0 |      1248 |  0.00 |
| BITSLICE_TX      |    0 |     0 |          0 |        32 |  0.00 |
| RIU_OR           |    0 |     0 |          0 |        16 |  0.00 |
+------------------+------+-------+------------+-----------+-------+


6. CLOCK
--------

+------------+------+-------+------------+-----------+-------+
|  Site Type | Used | Fixed | Prohibited | Available | Util% |
+------------+------+-------+------------+-----------+-------+
| BUFGCE     |    2 |     0 |          0 |       112 |  1.79 |
| BUFGCE_DIV |    0 |     0 |          0 |        16 |  0.00 |
| BUFG_GT    |    0 |     0 |          0 |        96 |  0.00 |
| BUFGCTRL*  |    0 |     0 |          0 |        32 |  0.00 |
| PLL        |    0 |     0 |          0 |         8 |  0.00 |
| MMCM       |    0 |     0 |          0 |         4 |  0.00 |
+------------+------+-------+------------+-----------+-------+
* Note: Each used BUFGCTRL counts as two GLOBAL CLOCK BUFFERs. This table does not include global clocking resources, only buffer cell usage. See the Clock Utilization Report (report_clock_utilization) for detailed accounting of global clocking resource availability.


7. ADVANCED
-----------

+-----------------+------+-------+------------+-----------+-------+
|    Site Type    | Used | Fixed | Prohibited | Available | Util% |
+-----------------+------+-------+------------+-----------+-------+
| CMACE4          |    0 |     0 |          0 |         1 |  0.00 |
| GTYE4_CHANNEL   |    0 |     0 |          0 |        16 |  0.00 |
| GTYE4_COMMON    |    0 |     0 |          0 |         4 |  0.00 |
| OBUFDS_GTE4     |    0 |     0 |          0 |         8 |  0.00 |
| OBUFDS_GTE4_ADV |    0 |     0 |          0 |         8 |  0.00 |
| PCIE40E4        |    0 |     0 |          0 |         1 |  0.00 |
| SYSMONE4        |    0 |     0 |          0 |         1 |  0.00 |
+-----------------+------+-------+------------+-----------+-------+


8. CONFIGURATION
----------------

+-------------+------+-------+------------+-----------+-------+
|  Site Type  | Used | Fixed | Prohibited | Available | Util% |
+-------------+------+-------+------------+-----------+-------+
| BSCANE2     |    0 |     0 |          0 |         4 |  0.00 |
| DNA_PORTE2  |    0 |     0 |          0 |         1 |  0.00 |
| EFUSE_USR   |    0 |     0 |          0 |         1 |  0.00 |
| FRAME_ECCE4 |    0 |     0 |          0 |         1 |  0.00 |
| ICAPE3      |    0 |     0 |          0 |         2 |  0.00 |
| MASTER_JTAG |    0 |     0 |          0 |         1 |  0.00 |
| STARTUPE3   |    0 |     0 |          0 |         1 |  0.00 |
+-------------+------+-------+------------+-----------+-------+


9. Primitives
-------------

+-----------+-------+---------------------+
|  Ref Name |  Used | Functional Category |
+-----------+-------+---------------------+
| LUT6      | 25336 |                 CLB |
| FDCE      | 25280 |            Register |
| FDRE      | 15065 |            Register |
| LUT5      | 10147 |                 CLB |
| LUT3      |  9315 |                 CLB |
| LUT4      |  6247 |                 CLB |
| LUT2      |  5242 |                 CLB |
| RAMD64E   |  3876 |                 CLB |
| MUXF7     |  3190 |                 CLB |
| MUXF8     |  1156 |                 CLB |
| CARRY8    |   954 |                 CLB |
| LUT1      |   487 |                 CLB |
| RAMD32    |   380 |                 CLB |
| RAMS32    |   284 |                 CLB |
| RAMB36E2  |   281 |            BLOCKRAM |
| FDPE      |   241 |            Register |
| FDSE      |   102 |            Register |
| RAMB18E2  |    62 |            BLOCKRAM |
| SRL16E    |    36 |                 CLB |
| OBUF      |    11 |                 I/O |
| INBUF     |     7 |                 I/O |
| IBUFCTRL  |     7 |              Others |
| OSERDESE3 |     6 |                 I/O |
| IDDRE1    |     5 |            Register |
| DSP48E2   |     4 |          Arithmetic |
| SRLC32E   |     3 |                 CLB |
| BUFGCE    |     2 |               Clock |
+-----------+-------+---------------------+


10. Black Boxes
---------------

+----------+------+
| Ref Name | Used |
+----------+------+


11. Instantiated Netlists
-------------------------

+----------+------+
| Ref Name | Used |
+----------+------+


