SNAP_T 1791658657.364297769
SNAP_BEGIN N3_PA_N0 gen=1
W5   0x34   gmii_free_FE           0xf4e91783
W14  0x58   tx_stat_frames_TCP     0x0000030c
W15  0x5C   tx_stat_bytes_TCP      0x00116070
W20  0x70   mac_tx_frames          0x0000031f
W43  0xCC   mtx_stat_tx_words      0xf4e5bf17
W51  0xEC   app_tx_bytes           0x000194ec
W55  0xFC   tx_stat_retx           0x00000038
W57  0x104  tx_retx_hi             0x12354bb5
W58  0x108  tx_retx_active         0x00000000
W66  0x128  tx_stat_winstall       0x2989b855
W67  0x12C  tx_winstall_cap        0x0029c029
W68  0x130  rx_stat_ack_adv        0x00000035
W69  0x134  tx_win_at_winstall     0x00000000
SNAP_END N3_PA_N0 nff=0
SNAP_T 1791658657.523925920
SNAP_BEGIN N3_PA_N1 gen=2
W5   0x34   gmii_free_FE           0xf66394a8
W14  0x58   tx_stat_frames_TCP     0x0000030c
W15  0x5C   tx_stat_bytes_TCP      0x00116070
W20  0x70   mac_tx_frames          0x0000031f
W43  0xCC   mtx_stat_tx_words      0xf6603b49
W51  0xEC   app_tx_bytes           0x000194ec
W55  0xFC   tx_stat_retx           0x00000038
W57  0x104  tx_retx_hi             0x12354bb5
W58  0x108  tx_retx_active         0x00000000
W66  0x128  tx_stat_winstall       0x2aec8d48
W67  0x12C  tx_winstall_cap        0x0029c029
W68  0x130  rx_stat_ack_adv        0x00000035
W69  0x134  tx_win_at_winstall     0x2da00000
SNAP_END N3_PA_N1 nff=0
SNAP_T 1791658657.680890079
SNAP_BEGIN N3_PA_N2 gen=3
W5   0x34   gmii_free_FE           0xf7de292f
W14  0x58   tx_stat_frames_TCP     0x0000030c
W15  0x5C   tx_stat_bytes_TCP      0x00116070
W20  0x70   mac_tx_frames          0x0000031f
W43  0xCC   mtx_stat_tx_words      0xf7dacedd
W51  0xEC   app_tx_bytes           0x000194ec
W55  0xFC   tx_stat_retx           0x00000038
W57  0x104  tx_retx_hi             0x12354bb5
W58  0x108  tx_retx_active         0x00000000
W66  0x128  tx_stat_winstall       0x2c4f7826
W67  0x12C  tx_winstall_cap        0x0029c029
W68  0x130  rx_stat_ack_adv        0x00000035
W69  0x134  tx_win_at_winstall     0x2da00000
SNAP_END N3_PA_N2 nff=0
SNAP_T 1791658657.840935512
SNAP_BEGIN N3_PA_N3 gen=4
W5   0x34   gmii_free_FE           0xf9574088
W14  0x58   tx_stat_frames_TCP     0x0000030c
W15  0x5C   tx_stat_bytes_TCP      0x00116070
W20  0x70   mac_tx_frames          0x0000031f
W43  0xCC   mtx_stat_tx_words      0xf953e544
W51  0xEC   app_tx_bytes           0x000194ec
W55  0xFC   tx_stat_retx           0x00000038
W57  0x104  tx_retx_hi             0x12354bb5
W58  0x108  tx_retx_active         0x00000000
W66  0x128  tx_stat_winstall       0x2db0fda9
W67  0x12C  tx_winstall_cap        0x0029c029
W68  0x130  rx_stat_ack_adv        0x00000035
W69  0x134  tx_win_at_winstall     0x2da00000
SNAP_END N3_PA_N3 nff=0
SNAP_T 1791658657.999116001
SNAP_BEGIN N3_PA_N4 gen=5
W5   0x34   gmii_free_FE           0xfad45a38
W14  0x58   tx_stat_frames_TCP     0x0000030c
W15  0x5C   tx_stat_bytes_TCP      0x00116070
W20  0x70   mac_tx_frames          0x0000031f
W43  0xCC   mtx_stat_tx_words      0xfad0fe00
W51  0xEC   app_tx_bytes           0x000194ec
W55  0xFC   tx_stat_retx           0x00000038
W57  0x104  tx_retx_hi             0x12354bb5
W58  0x108  tx_retx_active         0x00000000
W66  0x128  tx_stat_winstall       0x2f16455f
W67  0x12C  tx_winstall_cap        0x0029c029
W68  0x130  rx_stat_ack_adv        0x00000035
W69  0x134  tx_win_at_winstall     0x2da00000
SNAP_END N3_PA_N4 nff=0
SNAP_T 1791658658.157798831
SNAP_BEGIN N3_PA_N5 gen=6
W5   0x34   gmii_free_FE           0xfc4e4bdf
W14  0x58   tx_stat_frames_TCP     0x0000030c
W15  0x5C   tx_stat_bytes_TCP      0x00116070
W20  0x70   mac_tx_frames          0x0000031f
W43  0xCC   mtx_stat_tx_words      0xfc4aeeb4
W51  0xEC   app_tx_bytes           0x000194ec
W55  0xFC   tx_stat_retx           0x00000038
W57  0x104  tx_retx_hi             0x12354bb5
W58  0x108  tx_retx_active         0x00000000
W66  0x128  tx_stat_winstall       0x3078978b
W67  0x12C  tx_winstall_cap        0x0029c029
W68  0x130  rx_stat_ack_adv        0x00000035
W69  0x134  tx_win_at_winstall     0x2da00000
SNAP_END N3_PA_N5 nff=0
SNAP_T 1791658658.315981925
SNAP_BEGIN N3_PA_N6 gen=7
W5   0x34   gmii_free_FE           0xfdc81811
W14  0x58   tx_stat_frames_TCP     0x0000030c
W15  0x5C   tx_stat_bytes_TCP      0x00116070
W20  0x70   mac_tx_frames          0x0000031f
W43  0xCC   mtx_stat_tx_words      0xfdc4b9f4
W51  0xEC   app_tx_bytes           0x000194ec
W55  0xFC   tx_stat_retx           0x00000038
W57  0x104  tx_retx_hi             0x12354bb5
W58  0x108  tx_retx_active         0x00000000
W66  0x128  tx_stat_winstall       0x31dac69a
W67  0x12C  tx_winstall_cap        0x0029c029
W68  0x130  rx_stat_ack_adv        0x00000035
W69  0x134  tx_win_at_winstall     0x2da00000
SNAP_END N3_PA_N6 nff=0
SNAP_T 1791658658.474588575
SNAP_BEGIN N3_PA_N7 gen=8
W5   0x34   gmii_free_FE           0xff3dd68d
W14  0x58   tx_stat_frames_TCP     0x0000030c
W15  0x5C   tx_stat_bytes_TCP      0x00116070
W20  0x70   mac_tx_frames          0x0000031f
W43  0xCC   mtx_stat_tx_words      0xff3a7780
W51  0xEC   app_tx_bytes           0x000194ec
W55  0xFC   tx_stat_retx           0x00000038
W57  0x104  tx_retx_hi             0x12354bb5
W58  0x108  tx_retx_active         0x00000000
W66  0x128  tx_stat_winstall       0x333928d0
W67  0x12C  tx_winstall_cap        0x0029c029
W68  0x130  rx_stat_ack_adv        0x00000035
W69  0x134  tx_win_at_winstall     0x2da00000
SNAP_END N3_PA_N7 nff=0
SNAP_T 1791658658.631590442
SNAP_BEGIN N3_PA_N8 gen=9
W5   0x34   gmii_free_FE           0x00b816ef
W14  0x58   tx_stat_frames_TCP     0x0000030c
W15  0x5C   tx_stat_bytes_TCP      0x00116070
W20  0x70   mac_tx_frames          0x0000031f
W43  0xCC   mtx_stat_tx_words      0x00b4b6f0
W51  0xEC   app_tx_bytes           0x000194ec
W55  0xFC   tx_stat_retx           0x00000038
W57  0x104  tx_retx_hi             0x12354bb5
W58  0x108  tx_retx_active         0x00000000
W66  0x128  tx_stat_winstall       0x349bc4cd
W67  0x12C  tx_winstall_cap        0x0029c029
W68  0x130  rx_stat_ack_adv        0x00000035
W69  0x134  tx_win_at_winstall     0x2da00000
SNAP_END N3_PA_N8 nff=0
SNAP_T 1791658658.790037538
SNAP_BEGIN N3_PA_N9 gen=10
W5   0x34   gmii_free_FE           0x022e086b
W14  0x58   tx_stat_frames_TCP     0x0000030c
W15  0x5C   tx_stat_bytes_TCP      0x00116070
W20  0x70   mac_tx_frames          0x0000031f
W43  0xCC   mtx_stat_tx_words      0x022aa77c
W51  0xEC   app_tx_bytes           0x000194ec
W55  0xFC   tx_stat_retx           0x00000038
W57  0x104  tx_retx_hi             0x12354bb5
W58  0x108  tx_retx_active         0x00000000
W66  0x128  tx_stat_winstall       0x35fa56d1
W67  0x12C  tx_winstall_cap        0x0029c029
W68  0x130  rx_stat_ack_adv        0x00000035
W69  0x134  tx_win_at_winstall     0x2da00000
SNAP_END N3_PA_N9 nff=0
SNAP_T 1791658658.946651844
SNAP_BEGIN N3_PA_N10 gen=11
W5   0x34   gmii_free_FE           0x03a790bf
W14  0x58   tx_stat_frames_TCP     0x0000030c
W15  0x5C   tx_stat_bytes_TCP      0x00116070
W20  0x70   mac_tx_frames          0x0000031f
W43  0xCC   mtx_stat_tx_words      0x03a42ede
W51  0xEC   app_tx_bytes           0x000194ec
W55  0xFC   tx_stat_retx           0x00000038
W57  0x104  tx_retx_hi             0x12354bb5
W58  0x108  tx_retx_active         0x00000000
W66  0x128  tx_stat_winstall       0x375c4640
W67  0x12C  tx_winstall_cap        0x0029c029
W68  0x130  rx_stat_ack_adv        0x00000035
W69  0x134  tx_win_at_winstall     0x2da00000
SNAP_END N3_PA_N10 nff=0
SNAP_T 1791658659.104766222
SNAP_BEGIN N3_PA_N11 gen=12
W5   0x34   gmii_free_FE           0x05202c93
W14  0x58   tx_stat_frames_TCP     0x0000030c
W15  0x5C   tx_stat_bytes_TCP      0x00116070
W20  0x70   mac_tx_frames          0x0000031f
W43  0xCC   mtx_stat_tx_words      0x051cc9c0
W51  0xEC   app_tx_bytes           0x000194ec
W55  0xFC   tx_stat_retx           0x00000038
W57  0x104  tx_retx_hi             0x12354bb5
W58  0x108  tx_retx_active         0x00000000
W66  0x128  tx_stat_winstall       0x38bd57f8
W67  0x12C  tx_winstall_cap        0x0029c029
W68  0x130  rx_stat_ack_adv        0x00000035
W69  0x134  tx_win_at_winstall     0x2da00000
SNAP_END N3_PA_N11 nff=0
SNAP_T 1791658659.263181713
SNAP_BEGIN N3_PA_N12 gen=13
W5   0x34   gmii_free_FE           0x069aaac8
W14  0x58   tx_stat_frames_TCP     0x0000030c
W15  0x5C   tx_stat_bytes_TCP      0x00116070
W20  0x70   mac_tx_frames          0x0000031f
W43  0xCC   mtx_stat_tx_words      0x06974702
W51  0xEC   app_tx_bytes           0x000194ec
W55  0xFC   tx_stat_retx           0x00000038
W57  0x104  tx_retx_hi             0x12354bb5
W58  0x108  tx_retx_active         0x00000000
W66  0x128  tx_stat_winstall       0x3a202dea
W67  0x12C  tx_winstall_cap        0x0029c029
W68  0x130  rx_stat_ack_adv        0x00000035
W69  0x134  tx_win_at_winstall     0x2da00000
SNAP_END N3_PA_N12 nff=0
SNAP_T 1791658659.421283607
SNAP_BEGIN N3_PA_N13 gen=14
W5   0x34   gmii_free_FE           0x080fb3ec
W14  0x58   tx_stat_frames_TCP     0x00000393
W15  0x5C   tx_stat_bytes_TCP      0x0014625c
W20  0x70   mac_tx_frames          0x000003a7
W43  0xCC   mtx_stat_tx_words      0x080c4f36
W51  0xEC   app_tx_bytes           0x00028fdc
W55  0xFC   tx_stat_retx           0x0000003c
W57  0x104  tx_retx_hi             0x12355169
W58  0x108  tx_retx_active         0x00000000
W66  0x128  tx_stat_winstall       0x3b50a6c4
W67  0x12C  tx_winstall_cap        0x005390ee
W68  0x130  rx_stat_ack_adv        0x00000039
W69  0x134  tx_win_at_winstall     0xe4200340
SNAP_END N3_PA_N13 nff=0
SNAP_T 1791658659.582804916
SNAP_BEGIN N3_PA_N14 gen=15
W5   0x34   gmii_free_FE           0x0990871c
W14  0x58   tx_stat_frames_TCP     0x000003e7
W15  0x5C   tx_stat_bytes_TCP      0x0016416c
W20  0x70   mac_tx_frames          0x000003fb
W43  0xCC   mtx_stat_tx_words      0x098d2170
W51  0xEC   app_tx_bytes           0x00028fdc
W55  0xFC   tx_stat_retx           0x00000040
W57  0x104  tx_retx_hi             0x12355169
W58  0x108  tx_retx_active         0x00000000
W66  0x128  tx_stat_winstall       0x3cb93149
W67  0x12C  tx_winstall_cap        0x005390ee
W68  0x130  rx_stat_ack_adv        0x0000003d
W69  0x134  tx_win_at_winstall     0xcd500000
SNAP_END N3_PA_N14 nff=0
SNAP_T 1791658659.744270368
SNAP_BEGIN N3_PA_N15 gen=16
W5   0x34   gmii_free_FE           0x0b118c2f
W14  0x58   tx_stat_frames_TCP     0x000003e7
W15  0x5C   tx_stat_bytes_TCP      0x0016416c
W20  0x70   mac_tx_frames          0x000003fb
W43  0xCC   mtx_stat_tx_words      0x0b0e258c
W51  0xEC   app_tx_bytes           0x00028fdc
W55  0xFC   tx_stat_retx           0x00000040
W57  0x104  tx_retx_hi             0x12355169
W58  0x108  tx_retx_active         0x00000000
W66  0x128  tx_stat_winstall       0x3e2225aa
W67  0x12C  tx_winstall_cap        0x005390ee
W68  0x130  rx_stat_ack_adv        0x0000003d
W69  0x134  tx_win_at_winstall     0xcd500000
SNAP_END N3_PA_N15 nff=0
SNAP_T 1791658659.905367418
SNAP_BEGIN N3_PA_N16 gen=17
W5   0x34   gmii_free_FE           0x0c924489
W14  0x58   tx_stat_frames_TCP     0x000003e7
W15  0x5C   tx_stat_bytes_TCP      0x0016416c
W20  0x70   mac_tx_frames          0x000003fb
W43  0xCC   mtx_stat_tx_words      0x0c8edcef
W51  0xEC   app_tx_bytes           0x00028fdc
W55  0xFC   tx_stat_retx           0x00000040
W57  0x104  tx_retx_hi             0x12355169
W58  0x108  tx_retx_active         0x00000000
W66  0x128  tx_stat_winstall       0x3f8ad21c
W67  0x12C  tx_winstall_cap        0x005390ee
W68  0x130  rx_stat_ack_adv        0x0000003d
W69  0x134  tx_win_at_winstall     0x00000000
SNAP_END N3_PA_N16 nff=0
SNAP_T 1791658660.066270929
SNAP_BEGIN N3_PA_N17 gen=18
W5   0x34   gmii_free_FE           0x0e11664f
W14  0x58   tx_stat_frames_TCP     0x000003e7
W15  0x5C   tx_stat_bytes_TCP      0x0016416c
W20  0x70   mac_tx_frames          0x000003fb
W43  0xCC   mtx_stat_tx_words      0x0e0dfdbf
W51  0xEC   app_tx_bytes           0x00028fdc
W55  0xFC   tx_stat_retx           0x00000040
W57  0x104  tx_retx_hi             0x12355169
W58  0x108  tx_retx_active         0x00000000
W66  0x128  tx_stat_winstall       0x40f20165
W67  0x12C  tx_winstall_cap        0x005390ee
W68  0x130  rx_stat_ack_adv        0x0000003d
W69  0x134  tx_win_at_winstall     0xcd500000
SNAP_END N3_PA_N17 nff=0
SNAP_T 1791658660.227879865
SNAP_BEGIN N3_PA_N18 gen=19
W5   0x34   gmii_free_FE           0x0f92c0a8
W14  0x58   tx_stat_frames_TCP     0x000003e7
W15  0x5C   tx_stat_bytes_TCP      0x0016416c
W20  0x70   mac_tx_frames          0x000003fb
W43  0xCC   mtx_stat_tx_words      0x0f8f5720
W51  0xEC   app_tx_bytes           0x00028fdc
W55  0xFC   tx_stat_retx           0x00000040
W57  0x104  tx_retx_hi             0x12355169
W58  0x108  tx_retx_active         0x00000000
W66  0x128  tx_stat_winstall       0x425b45b6
W67  0x12C  tx_winstall_cap        0x005390ee
W68  0x130  rx_stat_ack_adv        0x0000003d
W69  0x134  tx_win_at_winstall     0xcd500000
SNAP_END N3_PA_N18 nff=0
SNAP_T 1791658660.388890760
SNAP_BEGIN N3_PA_N19 gen=20
W5   0x34   gmii_free_FE           0x11128185
W14  0x58   tx_stat_frames_TCP     0x000003e7
W15  0x5C   tx_stat_bytes_TCP      0x0016416c
W20  0x70   mac_tx_frames          0x000003fb
W43  0xCC   mtx_stat_tx_words      0x110f1707
W51  0xEC   app_tx_bytes           0x00028fdc
W55  0xFC   tx_stat_retx           0x00000040
W57  0x104  tx_retx_hi             0x12355169
W58  0x108  tx_retx_active         0x00000000
W66  0x128  tx_stat_winstall       0x43c30a23
W67  0x12C  tx_winstall_cap        0x005390ee
W68  0x130  rx_stat_ack_adv        0x0000003d
W69  0x134  tx_win_at_winstall     0xcd500000
SNAP_END N3_PA_N19 nff=0
SNAP_T 1791658660.549761634
SNAP_BEGIN N3_PA_N20 gen=21
W5   0x34   gmii_free_FE           0x1292467d
W14  0x58   tx_stat_frames_TCP     0x000003e7
W15  0x5C   tx_stat_bytes_TCP      0x0016416c
W20  0x70   mac_tx_frames          0x000003fb
W43  0xCC   mtx_stat_tx_words      0x128edb09
W51  0xEC   app_tx_bytes           0x00028fdc
W55  0xFC   tx_stat_retx           0x00000040
W57  0x104  tx_retx_hi             0x12355169
W58  0x108  tx_retx_active         0x00000000
W66  0x128  tx_stat_winstall       0x452ad26a
W67  0x12C  tx_winstall_cap        0x005390ee
W68  0x130  rx_stat_ack_adv        0x0000003d
W69  0x134  tx_win_at_winstall     0xcd500000
SNAP_END N3_PA_N20 nff=0
SNAP_T 1791658660.711184787
SNAP_BEGIN N3_PA_N21 gen=22
W5   0x34   gmii_free_FE           0x141306e2
W14  0x58   tx_stat_frames_TCP     0x000003e7
W15  0x5C   tx_stat_bytes_TCP      0x0016416c
W20  0x70   mac_tx_frames          0x000003fb
W43  0xCC   mtx_stat_tx_words      0x140f9a77
W51  0xEC   app_tx_bytes           0x00028fdc
W55  0xFC   tx_stat_retx           0x00000040
W57  0x104  tx_retx_hi             0x12355169
W58  0x108  tx_retx_active         0x00000000
W66  0x128  tx_stat_winstall       0x46938667
W67  0x12C  tx_winstall_cap        0x005390ee
W68  0x130  rx_stat_ack_adv        0x0000003d
W69  0x134  tx_win_at_winstall     0x00000000
SNAP_END N3_PA_N21 nff=0
SNAP_T 1791658660.873754099
SNAP_BEGIN N3_PA_N22 gen=23
W5   0x34   gmii_free_FE           0x1596cfa5
W14  0x58   tx_stat_frames_TCP     0x000003e7
W15  0x5C   tx_stat_bytes_TCP      0x0016416c
W20  0x70   mac_tx_frames          0x000003fb
W43  0xCC   mtx_stat_tx_words      0x15936242
W51  0xEC   app_tx_bytes           0x00028fdc
W55  0xFC   tx_stat_retx           0x00000040
W57  0x104  tx_retx_hi             0x12355169
W58  0x108  tx_retx_active         0x00000000
W66  0x128  tx_stat_winstall       0x47ff123d
W67  0x12C  tx_winstall_cap        0x005390ee
W68  0x130  rx_stat_ack_adv        0x0000003d
W69  0x134  tx_win_at_winstall     0xcd500000
SNAP_END N3_PA_N22 nff=0
SNAP_T 1791658661.035125926
SNAP_BEGIN N3_PA_N23 gen=24
W5   0x34   gmii_free_FE           0x171740e4
W14  0x58   tx_stat_frames_TCP     0x000003e7
W15  0x5C   tx_stat_bytes_TCP      0x0016416c
W20  0x70   mac_tx_frames          0x000003fb
W43  0xCC   mtx_stat_tx_words      0x1713d28a
W51  0xEC   app_tx_bytes           0x00028fdc
W55  0xFC   tx_stat_retx           0x00000040
W57  0x104  tx_retx_hi             0x12355169
W58  0x108  tx_retx_active         0x00000000
W66  0x128  tx_stat_winstall       0x49677c06
W67  0x12C  tx_winstall_cap        0x005390ee
W68  0x130  rx_stat_ack_adv        0x0000003d
W69  0x134  tx_win_at_winstall     0xcd500000
SNAP_END N3_PA_N23 nff=0
SNAP_T 1791658661.196269106
SNAP_BEGIN N3_PA_N24 gen=25
W5   0x34   gmii_free_FE           0x18974d85
W14  0x58   tx_stat_frames_TCP     0x000003e7
W15  0x5C   tx_stat_bytes_TCP      0x0016416c
W20  0x70   mac_tx_frames          0x000003fb
W43  0xCC   mtx_stat_tx_words      0x1893de34
W51  0xEC   app_tx_bytes           0x00028fdc
W55  0xFC   tx_stat_retx           0x00000040
W57  0x104  tx_retx_hi             0x12355169
W58  0x108  tx_retx_active         0x00000000
W66  0x128  tx_stat_winstall       0x4acf877c
W67  0x12C  tx_winstall_cap        0x005390ee
W68  0x130  rx_stat_ack_adv        0x0000003d
W69  0x134  tx_win_at_winstall     0xcd500000
SNAP_END N3_PA_N24 nff=0
SNAP_T 1791658661.357249905
SNAP_BEGIN N3_PA_N25 gen=26
W5   0x34   gmii_free_FE           0x1a1747bd
W14  0x58   tx_stat_frames_TCP     0x000003e7
W15  0x5C   tx_stat_bytes_TCP      0x0016416c
W20  0x70   mac_tx_frames          0x000003fb
W43  0xCC   mtx_stat_tx_words      0x1a13d776
W51  0xEC   app_tx_bytes           0x00028fdc
W55  0xFC   tx_stat_retx           0x00000040
W57  0x104  tx_retx_hi             0x12355169
W58  0x108  tx_retx_active         0x00000000
W66  0x128  tx_stat_winstall       0x4c3781af
W67  0x12C  tx_winstall_cap        0x005390ee
W68  0x130  rx_stat_ack_adv        0x0000003d
W69  0x134  tx_win_at_winstall     0xcd500000
SNAP_END N3_PA_N25 nff=0
SNAP_T 1791658661.518394399
SNAP_BEGIN N3_PA_N26 gen=27
W5   0x34   gmii_free_FE           0x1b9789a2
W14  0x58   tx_stat_frames_TCP     0x000003e7
W15  0x5C   tx_stat_bytes_TCP      0x0016416c
W20  0x70   mac_tx_frames          0x000003fb
W43  0xCC   mtx_stat_tx_words      0x1b941864
W51  0xEC   app_tx_bytes           0x00028fdc
W55  0xFC   tx_stat_retx           0x00000040
W57  0x104  tx_retx_hi             0x12355169
W58  0x108  tx_retx_active         0x00000000
W66  0x128  tx_stat_winstall       0x4d9fbf14
W67  0x12C  tx_winstall_cap        0x005390ee
W68  0x130  rx_stat_ack_adv        0x0000003d
W69  0x134  tx_win_at_winstall     0xcd500000
SNAP_END N3_PA_N26 nff=0
SNAP_T 1791658661.679498542
SNAP_BEGIN N3_PA_N27 gen=28
W5   0x34   gmii_free_FE           0x1d178db3
W14  0x58   tx_stat_frames_TCP     0x000003e7
W15  0x5C   tx_stat_bytes_TCP      0x0016416c
W20  0x70   mac_tx_frames          0x000003fb
W43  0xCC   mtx_stat_tx_words      0x1d141b7f
W51  0xEC   app_tx_bytes           0x00028fdc
W55  0xFC   tx_stat_retx           0x00000040
W57  0x104  tx_retx_hi             0x12355169
W58  0x108  tx_retx_active         0x00000000
W66  0x128  tx_stat_winstall       0x4f07c282
W67  0x12C  tx_winstall_cap        0x005390ee
W68  0x130  rx_stat_ack_adv        0x0000003d
W69  0x134  tx_win_at_winstall     0xcd500000
SNAP_END N3_PA_N27 nff=0
SNAP_T 1791658661.840177889
SNAP_BEGIN N3_PA_N28 gen=29
W5   0x34   gmii_free_FE           0x1e96778f
W14  0x58   tx_stat_frames_TCP     0x000003e7
W15  0x5C   tx_stat_bytes_TCP      0x0016416c
W20  0x70   mac_tx_frames          0x000003fb
W43  0xCC   mtx_stat_tx_words      0x1e930464
W51  0xEC   app_tx_bytes           0x00028fdc
W55  0xFC   tx_stat_retx           0x00000040
W57  0x104  tx_retx_hi             0x12355169
W58  0x108  tx_retx_active         0x00000000
W66  0x128  tx_stat_winstall       0x506ebd5f
W67  0x12C  tx_winstall_cap        0x005390ee
W68  0x130  rx_stat_ack_adv        0x0000003d
W69  0x134  tx_win_at_winstall     0xcd500000
SNAP_END N3_PA_N28 nff=0
SNAP_T 1791658662.000615477
SNAP_BEGIN N3_PA_N29 gen=30
W5   0x34   gmii_free_FE           0x20158d09
W14  0x58   tx_stat_frames_TCP     0x000003e7
W15  0x5C   tx_stat_bytes_TCP      0x0016416c
W20  0x70   mac_tx_frames          0x000003fb
W43  0xCC   mtx_stat_tx_words      0x201218e9
W51  0xEC   app_tx_bytes           0x00028fdc
W55  0xFC   tx_stat_retx           0x00000040
W57  0x104  tx_retx_hi             0x12355169
W58  0x108  tx_retx_active         0x00000000
W66  0x128  tx_stat_winstall       0x51d5e121
W67  0x12C  tx_winstall_cap        0x005390ee
W68  0x130  rx_stat_ack_adv        0x0000003d
W69  0x134  tx_win_at_winstall     0xcd500000
SNAP_END N3_PA_N29 nff=0
SNAP_T 1791658662.161789476
SNAP_BEGIN N3_PA_N30 gen=31
W5   0x34   gmii_free_FE           0x219593d6
W14  0x58   tx_stat_frames_TCP     0x000003e7
W15  0x5C   tx_stat_bytes_TCP      0x0016416c
W20  0x70   mac_tx_frames          0x000003fb
W43  0xCC   mtx_stat_tx_words      0x21921ebf
W51  0xEC   app_tx_bytes           0x00028fdc
W55  0xFC   tx_stat_retx           0x00000040
W57  0x104  tx_retx_hi             0x12355169
W58  0x108  tx_retx_active         0x00000000
W66  0x128  tx_stat_winstall       0x533de720
W67  0x12C  tx_winstall_cap        0x005390ee
W68  0x130  rx_stat_ack_adv        0x0000003d
W69  0x134  tx_win_at_winstall     0xcd500000
SNAP_END N3_PA_N30 nff=0
SNAP_T 1791658662.323339781
SNAP_BEGIN N3_PA_N31 gen=32
W5   0x34   gmii_free_FE           0x2316e4bc
W14  0x58   tx_stat_frames_TCP     0x000003e7
W15  0x5C   tx_stat_bytes_TCP      0x0016416c
W20  0x70   mac_tx_frames          0x000003fb
W43  0xCC   mtx_stat_tx_words      0x23136eae
W51  0xEC   app_tx_bytes           0x00028fdc
W55  0xFC   tx_stat_retx           0x00000040
W57  0x104  tx_retx_hi             0x12355169
W58  0x108  tx_retx_active         0x00000000
W66  0x128  tx_stat_winstall       0x54a72296
W67  0x12C  tx_winstall_cap        0x005390ee
W68  0x130  rx_stat_ack_adv        0x0000003d
W69  0x134  tx_win_at_winstall     0xcd500000
SNAP_END N3_PA_N31 nff=0
SNAP_T 1791658662.485056925
SNAP_BEGIN N3_PA_N32 gen=33
W5   0x34   gmii_free_FE           0x2498298c
W14  0x58   tx_stat_frames_TCP     0x000003e7
W15  0x5C   tx_stat_bytes_TCP      0x0016416c
W20  0x70   mac_tx_frames          0x000003fb
W43  0xCC   mtx_stat_tx_words      0x2494b286
W51  0xEC   app_tx_bytes           0x00028fdc
W55  0xFC   tx_stat_retx           0x00000040
W57  0x104  tx_retx_hi             0x12355169
W58  0x108  tx_retx_active         0x00000000
W66  0x128  tx_stat_winstall       0x561052b6
W67  0x12C  tx_winstall_cap        0x005390ee
W68  0x130  rx_stat_ack_adv        0x0000003d
W69  0x134  tx_win_at_winstall     0xcd500000
SNAP_END N3_PA_N32 nff=0
SNAP_T 1791658662.646631895
SNAP_BEGIN N3_PA_N33 gen=34
W5   0x34   gmii_free_FE           0x261a21f8
W14  0x58   tx_stat_frames_TCP     0x00000411
W15  0x5C   tx_stat_bytes_TCP      0x001730f4
W20  0x70   mac_tx_frames          0x00000425
W43  0xCC   mtx_stat_tx_words      0x2616a9fb
W51  0xEC   app_tx_bytes           0x00028fdc
W55  0xFC   tx_stat_retx           0x00000043
W57  0x104  tx_retx_hi             0x12355169
W58  0x108  tx_retx_active         0x00000000
W66  0x128  tx_stat_winstall       0x577a0dab
W67  0x12C  tx_winstall_cap        0x005390ee
W68  0x130  rx_stat_ack_adv        0x0000003f
W69  0x134  tx_win_at_winstall     0xc1e80340
SNAP_END N3_PA_N33 nff=0
SNAP_T 1791658662.808264550
SNAP_BEGIN N3_PA_N34 gen=35
W5   0x34   gmii_free_FE           0x279add92
W14  0x58   tx_stat_frames_TCP     0x000004d1
W15  0x5C   tx_stat_bytes_TCP      0x001b77f4
W20  0x70   mac_tx_frames          0x000004e5
W43  0xCC   mtx_stat_tx_words      0x2797649e
W51  0xEC   app_tx_bytes           0x00028fdc
W55  0xFC   tx_stat_retx           0x0000004f
W57  0x104  tx_retx_hi             0x12355169
W58  0x108  tx_retx_active         0x00000000
W66  0x128  tx_stat_winstall       0x58e23614
W67  0x12C  tx_winstall_cap        0x005390ee
W68  0x130  rx_stat_ack_adv        0x0000004b
W69  0x134  tx_win_at_winstall     0x7d780000
SNAP_END N3_PA_N34 nff=0
SNAP_T 1791658662.969261278
SNAP_BEGIN N3_PA_N35 gen=36
W5   0x34   gmii_free_FE           0x291ab26d
W14  0x58   tx_stat_frames_TCP     0x000004d1
W15  0x5C   tx_stat_bytes_TCP      0x001b77f4
W20  0x70   mac_tx_frames          0x000004e5
W43  0xCC   mtx_stat_tx_words      0x29173883
W51  0xEC   app_tx_bytes           0x00028fdc
W55  0xFC   tx_stat_retx           0x0000004f
W57  0x104  tx_retx_hi             0x12355169
W58  0x108  tx_retx_active         0x00000000
W66  0x128  tx_stat_winstall       0x5a4a0d40
W67  0x12C  tx_winstall_cap        0x005390ee
W68  0x130  rx_stat_ack_adv        0x0000004b
W69  0x134  tx_win_at_winstall     0x7d780000
SNAP_END N3_PA_N35 nff=0
SNAP_T 1791658663.130960158
SNAP_BEGIN N3_PA_N36 gen=37
W5   0x34   gmii_free_FE           0x2a9c4915
W14  0x58   tx_stat_frames_TCP     0x000004d1
W15  0x5C   tx_stat_bytes_TCP      0x001b77f4
W20  0x70   mac_tx_frames          0x000004e5
W43  0xCC   mtx_stat_tx_words      0x2a98ce33
W51  0xEC   app_tx_bytes           0x00028fdc
W55  0xFC   tx_stat_retx           0x0000004f
W57  0x104  tx_retx_hi             0x12355169
W58  0x108  tx_retx_active         0x00000000
W66  0x128  tx_stat_winstall       0x5bb38a1b
W67  0x12C  tx_winstall_cap        0x005390ee
W68  0x130  rx_stat_ack_adv        0x0000004b
W69  0x134  tx_win_at_winstall     0x7d780000
SNAP_END N3_PA_N36 nff=0
SNAP_T 1791658663.291968287
SNAP_BEGIN N3_PA_N37 gen=38
W5   0x34   gmii_free_FE           0x2c1c1903
W14  0x58   tx_stat_frames_TCP     0x000004d1
W15  0x5C   tx_stat_bytes_TCP      0x001b77f4
W20  0x70   mac_tx_frames          0x000004e5
W43  0xCC   mtx_stat_tx_words      0x2c189d2b
W51  0xEC   app_tx_bytes           0x00028fdc
W55  0xFC   tx_stat_retx           0x0000004f
W57  0x104  tx_retx_hi             0x12355169
W58  0x108  tx_retx_active         0x00000000
W66  0x128  tx_stat_winstall       0x5d1b5ca8
W67  0x12C  tx_winstall_cap        0x005390ee
W68  0x130  rx_stat_ack_adv        0x0000004b
W69  0x134  tx_win_at_winstall     0x00000000
SNAP_END N3_PA_N37 nff=0
SNAP_T 1791658663.452640470
SNAP_BEGIN N3_PA_N38 gen=39
W5   0x34   gmii_free_FE           0x2d9b11f0
W14  0x58   tx_stat_frames_TCP     0x000004d1
W15  0x5C   tx_stat_bytes_TCP      0x001b77f4
W20  0x70   mac_tx_frames          0x000004e5
W43  0xCC   mtx_stat_tx_words      0x2d979522
W51  0xEC   app_tx_bytes           0x00028fdc
W55  0xFC   tx_stat_retx           0x0000004f
W57  0x104  tx_retx_hi             0x12355169
W58  0x108  tx_retx_active         0x00000000
W66  0x128  tx_stat_winstall       0x5e8265a6
W67  0x12C  tx_winstall_cap        0x005390ee
W68  0x130  rx_stat_ack_adv        0x0000004b
W69  0x134  tx_win_at_winstall     0x7d780000
SNAP_END N3_PA_N38 nff=0
SNAP_T 1791658663.613761476
SNAP_BEGIN N3_PA_N39 gen=40
W5   0x34   gmii_free_FE           0x2f1b75df
W14  0x58   tx_stat_frames_TCP     0x000004d1
W15  0x5C   tx_stat_bytes_TCP      0x001b77f4
W20  0x70   mac_tx_frames          0x000004e5
W43  0xCC   mtx_stat_tx_words      0x2f17f81b
W51  0xEC   app_tx_bytes           0x00028fdc
W55  0xFC   tx_stat_retx           0x0000004f
W57  0x104  tx_retx_hi             0x12355169
W58  0x108  tx_retx_active         0x00000000
W66  0x128  tx_stat_winstall       0x5feac2f5
W67  0x12C  tx_winstall_cap        0x005390ee
W68  0x130  rx_stat_ack_adv        0x0000004b
W69  0x134  tx_win_at_winstall     0x7d780000
SNAP_END N3_PA_N39 nff=0
SNAP_T 1791658663.774170040
SNAP_BEGIN N3_PA_N40 gen=41
W5   0x34   gmii_free_FE           0x3099bae8
W14  0x58   tx_stat_frames_TCP     0x000004d1
W15  0x5C   tx_stat_bytes_TCP      0x001b77f4
W20  0x70   mac_tx_frames          0x000004e5
W43  0xCC   mtx_stat_tx_words      0x30963c2e
W51  0xEC   app_tx_bytes           0x00028fdc
W55  0xFC   tx_stat_retx           0x0000004f
W57  0x104  tx_retx_hi             0x12355169
W58  0x108  tx_retx_active         0x00000000
W66  0x128  tx_stat_winstall       0x6151234c
W67  0x12C  tx_winstall_cap        0x005390ee
W68  0x130  rx_stat_ack_adv        0x0000004b
W69  0x134  tx_win_at_winstall     0x7d780000
SNAP_END N3_PA_N40 nff=0
SNAP_T 1791658663.935970320
SNAP_BEGIN N3_PA_N41 gen=42
W5   0x34   gmii_free_FE           0x321bbf5b
W14  0x58   tx_stat_frames_TCP     0x000004d1
W15  0x5C   tx_stat_bytes_TCP      0x001b77f4
W20  0x70   mac_tx_frames          0x000004e5
W43  0xCC   mtx_stat_tx_words      0x32183faa
W51  0xEC   app_tx_bytes           0x00028fdc
W55  0xFC   tx_stat_retx           0x0000004f
W57  0x104  tx_retx_hi             0x12355169
W58  0x108  tx_retx_active         0x00000000
W66  0x128  tx_stat_winstall       0x62bb0716
W67  0x12C  tx_winstall_cap        0x005390ee
W68  0x130  rx_stat_ack_adv        0x0000004b
W69  0x134  tx_win_at_winstall     0x7d780000
SNAP_END N3_PA_N41 nff=0
SNAP_T 1791658664.097098771
SNAP_BEGIN N3_PA_N42 gen=43
W5   0x34   gmii_free_FE           0x339bbfa8
W14  0x58   tx_stat_frames_TCP     0x000004d1
W15  0x5C   tx_stat_bytes_TCP      0x001b77f4
W20  0x70   mac_tx_frames          0x000004e5
W43  0xCC   mtx_stat_tx_words      0x33983f00
W51  0xEC   app_tx_bytes           0x00028fdc
W55  0xFC   tx_stat_retx           0x0000004f
W57  0x104  tx_retx_hi             0x12355169
W58  0x108  tx_retx_active         0x00000000
W66  0x128  tx_stat_winstall       0x642306fd
W67  0x12C  tx_winstall_cap        0x005390ee
W68  0x130  rx_stat_ack_adv        0x0000004b
W69  0x134  tx_win_at_winstall     0x7d780000
SNAP_END N3_PA_N42 nff=0
SNAP_T 1791658664.258240406
SNAP_BEGIN N3_PA_N43 gen=44
W5   0x34   gmii_free_FE           0x351c0a4e
W14  0x58   tx_stat_frames_TCP     0x000004d1
W15  0x5C   tx_stat_bytes_TCP      0x001b77f4
W20  0x70   mac_tx_frames          0x000004e5
W43  0xCC   mtx_stat_tx_words      0x351888b0
W51  0xEC   app_tx_bytes           0x00028fdc
W55  0xFC   tx_stat_retx           0x0000004f
W57  0x104  tx_retx_hi             0x12355169
W58  0x108  tx_retx_active         0x00000000
W66  0x128  tx_stat_winstall       0x658b4c97
W67  0x12C  tx_winstall_cap        0x005390ee
W68  0x130  rx_stat_ack_adv        0x0000004b
W69  0x134  tx_win_at_winstall     0x7d780000
SNAP_END N3_PA_N43 nff=0
SNAP_T 1791658664.419458167
SNAP_BEGIN N3_PA_N44 gen=45
W5   0x34   gmii_free_FE           0x369bf955
W14  0x58   tx_stat_frames_TCP     0x000004d1
W15  0x5C   tx_stat_bytes_TCP      0x001b77f4
W20  0x70   mac_tx_frames          0x000004e5
W43  0xCC   mtx_stat_tx_words      0x369876c1
W51  0xEC   app_tx_bytes           0x00028fdc
W55  0xFC   tx_stat_retx           0x0000004f
W57  0x104  tx_retx_hi             0x12355169
W58  0x108  tx_retx_active         0x00000000
W66  0x128  tx_stat_winstall       0x66f33c4c
W67  0x12C  tx_winstall_cap        0x005390ee
W68  0x130  rx_stat_ack_adv        0x0000004b
W69  0x134  tx_win_at_winstall     0x7d780000
SNAP_END N3_PA_N44 nff=0
SNAP_T 1791658664.580362094
SNAP_BEGIN N3_PA_N45 gen=46
W5   0x34   gmii_free_FE           0x381c0315
W14  0x58   tx_stat_frames_TCP     0x000004d1
W15  0x5C   tx_stat_bytes_TCP      0x001b77f4
W20  0x70   mac_tx_frames          0x000004e5
W43  0xCC   mtx_stat_tx_words      0x38187f89
W51  0xEC   app_tx_bytes           0x00028fdc
W55  0xFC   tx_stat_retx           0x0000004f
W57  0x104  tx_retx_hi             0x12355169
W58  0x108  tx_retx_active         0x00000000
W66  0x128  tx_stat_winstall       0x685b450e
W67  0x12C  tx_winstall_cap        0x005390ee
W68  0x130  rx_stat_ack_adv        0x0000004b
W69  0x134  tx_win_at_winstall     0x7d780000
SNAP_END N3_PA_N45 nff=0
SNAP_T 1791658664.741576209
SNAP_BEGIN N3_PA_N46 gen=47
W5   0x34   gmii_free_FE           0x399bfecd
W14  0x58   tx_stat_frames_TCP     0x000004d1
W15  0x5C   tx_stat_bytes_TCP      0x001b77f4
W20  0x70   mac_tx_frames          0x000004e5
W43  0xCC   mtx_stat_tx_words      0x39987a4b
W51  0xEC   app_tx_bytes           0x00028fdc
W55  0xFC   tx_stat_retx           0x0000004f
W57  0x104  tx_retx_hi             0x12355169
W58  0x108  tx_retx_active         0x00000000
W66  0x128  tx_stat_winstall       0x69c340a9
W67  0x12C  tx_winstall_cap        0x005390ee
W68  0x130  rx_stat_ack_adv        0x0000004b
W69  0x134  tx_win_at_winstall     0x7d780000
SNAP_END N3_PA_N46 nff=0
SNAP_T 1791658664.902256485
SNAP_BEGIN N3_PA_N47 gen=48
W5   0x34   gmii_free_FE           0x3b1b241f
W14  0x58   tx_stat_frames_TCP     0x000004d1
W15  0x5C   tx_stat_bytes_TCP      0x001b77f4
W20  0x70   mac_tx_frames          0x000004e5
W43  0xCC   mtx_stat_tx_words      0x3b179ea8
W51  0xEC   app_tx_bytes           0x00028fdc
W55  0xFC   tx_stat_retx           0x0000004f
W57  0x104  tx_retx_hi             0x12355169
W58  0x108  tx_retx_active         0x00000000
W66  0x128  tx_stat_winstall       0x6b2a7345
W67  0x12C  tx_winstall_cap        0x005390ee
W68  0x130  rx_stat_ack_adv        0x0000004b
W69  0x134  tx_win_at_winstall     0x7d780000
SNAP_END N3_PA_N47 nff=0
SNAP_T 1791658665.063652915
SNAP_BEGIN N3_PA_N48 gen=49
W5   0x34   gmii_free_FE           0x3c9c6b5f
W14  0x58   tx_stat_frames_TCP     0x000004d1
W15  0x5C   tx_stat_bytes_TCP      0x001b77f4
W20  0x70   mac_tx_frames          0x000004e5
W43  0xCC   mtx_stat_tx_words      0x3c98e4f1
W51  0xEC   app_tx_bytes           0x00028fdc
W55  0xFC   tx_stat_retx           0x0000004f
W57  0x104  tx_retx_hi             0x12355169
W58  0x108  tx_retx_active         0x00000000
W66  0x128  tx_stat_winstall       0x6c93a5af
W67  0x12C  tx_winstall_cap        0x005390ee
W68  0x130  rx_stat_ack_adv        0x0000004b
W69  0x134  tx_win_at_winstall     0x7d780000
SNAP_END N3_PA_N48 nff=0
SNAP_T 1791658665.224793302
SNAP_BEGIN N3_PA_N49 gen=50
W5   0x34   gmii_free_FE           0x3e1c4f85
W14  0x58   tx_stat_frames_TCP     0x000004d1
W15  0x5C   tx_stat_bytes_TCP      0x001b77f4
W20  0x70   mac_tx_frames          0x000004e5
W43  0xCC   mtx_stat_tx_words      0x3e18c820
W51  0xEC   app_tx_bytes           0x00028fdc
W55  0xFC   tx_stat_retx           0x0000004f
W57  0x104  tx_retx_hi             0x12355169
W58  0x108  tx_retx_active         0x00000000
W66  0x128  tx_stat_winstall       0x6dfb8b30
W67  0x12C  tx_winstall_cap        0x005390ee
W68  0x130  rx_stat_ack_adv        0x0000004b
W69  0x134  tx_win_at_winstall     0x7d780000
SNAP_END N3_PA_N49 nff=0
SNAP_T 1791658665.385731934
SNAP_BEGIN N3_PA_N50 gen=51
W5   0x34   gmii_free_FE           0x3f9c4443
W14  0x58   tx_stat_frames_TCP     0x000004d1
W15  0x5C   tx_stat_bytes_TCP      0x001b77f4
W20  0x70   mac_tx_frames          0x000004e5
W43  0xCC   mtx_stat_tx_words      0x3f98bbe7
W51  0xEC   app_tx_bytes           0x00028fdc
W55  0xFC   tx_stat_retx           0x0000004f
W57  0x104  tx_retx_hi             0x12355169
W58  0x108  tx_retx_active         0x00000000
W66  0x128  tx_stat_winstall       0x6f638041
W67  0x12C  tx_winstall_cap        0x005390ee
W68  0x130  rx_stat_ack_adv        0x0000004b
W69  0x134  tx_win_at_winstall     0x7d780000
SNAP_END N3_PA_N50 nff=0
SNAP_T 1791658665.547230805
SNAP_BEGIN N3_PA_N51 gen=52
W5   0x34   gmii_free_FE           0x411cfab4
W14  0x58   tx_stat_frames_TCP     0x000004d1
W15  0x5C   tx_stat_bytes_TCP      0x001b77f4
W20  0x70   mac_tx_frames          0x000004e5
W43  0xCC   mtx_stat_tx_words      0x41197162
W51  0xEC   app_tx_bytes           0x00028fdc
W55  0xFC   tx_stat_retx           0x0000004f
W57  0x104  tx_retx_hi             0x12355169
W58  0x108  tx_retx_active         0x00000000
W66  0x128  tx_stat_winstall       0x70cc2aea
W67  0x12C  tx_winstall_cap        0x005390ee
W68  0x130  rx_stat_ack_adv        0x0000004b
W69  0x134  tx_win_at_winstall     0x7d780000
SNAP_END N3_PA_N51 nff=0
SNAP_T 1791658665.708822559
SNAP_BEGIN N3_PA_N52 gen=53
W5   0x34   gmii_free_FE           0x429e67eb
W14  0x58   tx_stat_frames_TCP     0x000004d1
W15  0x5C   tx_stat_bytes_TCP      0x001b77f4
W20  0x70   mac_tx_frames          0x000004e5
W43  0xCC   mtx_stat_tx_words      0x429adda1
W51  0xEC   app_tx_bytes           0x00028fdc
W55  0xFC   tx_stat_retx           0x0000004f
W57  0x104  tx_retx_hi             0x12355169
W58  0x108  tx_retx_active         0x00000000
W66  0x128  tx_stat_winstall       0x723580eb
W67  0x12C  tx_winstall_cap        0x005390ee
W68  0x130  rx_stat_ack_adv        0x0000004b
W69  0x134  tx_win_at_winstall     0x00000000
SNAP_END N3_PA_N52 nff=0
SNAP_T 1791658665.870576595
SNAP_BEGIN N3_PA_N53 gen=54
W5   0x34   gmii_free_FE           0x441fc092
W14  0x58   tx_stat_frames_TCP     0x000004d1
W15  0x5C   tx_stat_bytes_TCP      0x001b77f4
W20  0x70   mac_tx_frames          0x000004e5
W43  0xCC   mtx_stat_tx_words      0x441c3551
W51  0xEC   app_tx_bytes           0x00028fdc
W55  0xFC   tx_stat_retx           0x0000004f
W57  0x104  tx_retx_hi             0x12355169
W58  0x108  tx_retx_active         0x00000000
W66  0x128  tx_stat_winstall       0x739ec3a6
W67  0x12C  tx_winstall_cap        0x005390ee
W68  0x130  rx_stat_ack_adv        0x0000004b
W69  0x134  tx_win_at_winstall     0x7d780000
SNAP_END N3_PA_N53 nff=0
SNAP_T 1791658666.031628465
SNAP_BEGIN N3_PA_N54 gen=55
W5   0x34   gmii_free_FE           0x459fba6d
W14  0x58   tx_stat_frames_TCP     0x000004d1
W15  0x5C   tx_stat_bytes_TCP      0x001b77f4
W20  0x70   mac_tx_frames          0x000004e5
W43  0xCC   mtx_stat_tx_words      0x459c2e35
W51  0xEC   app_tx_bytes           0x00028fdc
W55  0xFC   tx_stat_retx           0x0000004f
W57  0x104  tx_retx_hi             0x12355169
W58  0x108  tx_retx_active         0x00000000
W66  0x128  tx_stat_winstall       0x7506bd81
W67  0x12C  tx_winstall_cap        0x005390ee
W68  0x130  rx_stat_ack_adv        0x0000004b
W69  0x134  tx_win_at_winstall     0x7d780000
SNAP_END N3_PA_N54 nff=0
SNAP_T 1791658666.191940957
SNAP_BEGIN N3_PA_N55 gen=56
W5   0x34   gmii_free_FE           0x471e239c
W14  0x58   tx_stat_frames_TCP     0x000004d1
W15  0x5C   tx_stat_bytes_TCP      0x001b77f4
W20  0x70   mac_tx_frames          0x000004e5
W43  0xCC   mtx_stat_tx_words      0x471a966f
W51  0xEC   app_tx_bytes           0x00028fdc
W55  0xFC   tx_stat_retx           0x0000004f
W57  0x104  tx_retx_hi             0x12355169
W58  0x108  tx_retx_active         0x00000000
W66  0x128  tx_stat_winstall       0x766d3fbd
W67  0x12C  tx_winstall_cap        0x005390ee
W68  0x130  rx_stat_ack_adv        0x0000004b
W69  0x134  tx_win_at_winstall     0x7d780000
SNAP_END N3_PA_N55 nff=0
SNAP_T 1791658666.353199762
SNAP_BEGIN N3_PA_N56 gen=57
W5   0x34   gmii_free_FE           0x489ea6df
W14  0x58   tx_stat_frames_TCP     0x000004d1
W15  0x5C   tx_stat_bytes_TCP      0x001b77f4
W20  0x70   mac_tx_frames          0x000004e5
W43  0xCC   mtx_stat_tx_words      0x489b18bb
W51  0xEC   app_tx_bytes           0x00028fdc
W55  0xFC   tx_stat_retx           0x0000004f
W57  0x104  tx_retx_hi             0x12355169
W58  0x108  tx_retx_active         0x00000000
W66  0x128  tx_stat_winstall       0x77d5ba6a
W67  0x12C  tx_winstall_cap        0x005390ee
W68  0x130  rx_stat_ack_adv        0x0000004b
W69  0x134  tx_win_at_winstall     0x7d780000
SNAP_END N3_PA_N56 nff=0
SNAP_T 1791658666.514519011
SNAP_BEGIN N3_PA_N57 gen=58
W5   0x34   gmii_free_FE           0x4a1f42be
W14  0x58   tx_stat_frames_TCP     0x000004d1
W15  0x5C   tx_stat_bytes_TCP      0x001b77f4
W20  0x70   mac_tx_frames          0x000004e5
W43  0xCC   mtx_stat_tx_words      0x4a1bb3a4
W51  0xEC   app_tx_bytes           0x00028fdc
W55  0xFC   tx_stat_retx           0x0000004f
W57  0x104  tx_retx_hi             0x12355169
W58  0x108  tx_retx_active         0x00000000
W66  0x128  tx_stat_winstall       0x793e4c2a
W67  0x12C  tx_winstall_cap        0x005390ee
W68  0x130  rx_stat_ack_adv        0x0000004b
W69  0x134  tx_win_at_winstall     0x7d780000
SNAP_END N3_PA_N57 nff=0
SNAP_T 1791658666.676127482
SNAP_BEGIN N3_PA_N58 gen=59
W5   0x34   gmii_free_FE           0x4ba06b5e
W14  0x58   tx_stat_frames_TCP     0x000004d1
W15  0x5C   tx_stat_bytes_TCP      0x001b77f4
W20  0x70   mac_tx_frames          0x000004e5
W43  0xCC   mtx_stat_tx_words      0x4b9cdb4d
W51  0xEC   app_tx_bytes           0x00028fdc
W55  0xFC   tx_stat_retx           0x0000004f
W57  0x104  tx_retx_hi             0x12355169
W58  0x108  tx_retx_active         0x00000000
W66  0x128  tx_stat_winstall       0x7aa761de
W67  0x12C  tx_winstall_cap        0x005390ee
W68  0x130  rx_stat_ack_adv        0x0000004b
W69  0x134  tx_win_at_winstall     0x7d780000
SNAP_END N3_PA_N58 nff=0
SNAP_T 1791658666.837344446
SNAP_BEGIN N3_PA_N59 gen=60
W5   0x34   gmii_free_FE           0x4d20dd2b
W14  0x58   tx_stat_frames_TCP     0x000004d1
W15  0x5C   tx_stat_bytes_TCP      0x001b77f4
W20  0x70   mac_tx_frames          0x000004e5
W43  0xCC   mtx_stat_tx_words      0x4d1d4c23
W51  0xEC   app_tx_bytes           0x00028fdc
W55  0xFC   tx_stat_retx           0x0000004f
W57  0x104  tx_retx_hi             0x12355169
W58  0x108  tx_retx_active         0x00000000
W66  0x128  tx_stat_winstall       0x7c0fcc2c
W67  0x12C  tx_winstall_cap        0x005390ee
W68  0x130  rx_stat_ack_adv        0x0000004b
W69  0x134  tx_win_at_winstall     0x7d780000
SNAP_END N3_PA_N59 nff=0
SNAP_T 1791658666.999207915
SNAP_BEGIN N3_PA_N60 gen=61
W5   0x34   gmii_free_FE           0x4ea2fbf8
W14  0x58   tx_stat_frames_TCP     0x000004d1
W15  0x5C   tx_stat_bytes_TCP      0x001b77f4
W20  0x70   mac_tx_frames          0x000004e5
W43  0xCC   mtx_stat_tx_words      0x4e9f69f8
W51  0xEC   app_tx_bytes           0x00028fdc
W55  0xFC   tx_stat_retx           0x0000004f
W57  0x104  tx_retx_hi             0x12355169
W58  0x108  tx_retx_active         0x00000000
W66  0x128  tx_stat_winstall       0x7d79c8ab
W67  0x12C  tx_winstall_cap        0x005390ee
W68  0x130  rx_stat_ack_adv        0x0000004b
W69  0x134  tx_win_at_winstall     0x7d780000
SNAP_END N3_PA_N60 nff=0
SNAP_T 1791658667.160139676
SNAP_BEGIN N3_PA_N61 gen=62
W5   0x34   gmii_free_FE           0x50227e85
W14  0x58   tx_stat_frames_TCP     0x000004d1
W15  0x5C   tx_stat_bytes_TCP      0x001b77f4
W20  0x70   mac_tx_frames          0x000004e5
W43  0xCC   mtx_stat_tx_words      0x501eeb90
W51  0xEC   app_tx_bytes           0x00028fdc
W55  0xFC   tx_stat_retx           0x0000004f
W57  0x104  tx_retx_hi             0x12355169
W58  0x108  tx_retx_active         0x00000000
W66  0x128  tx_stat_winstall       0x7ee152ad
W67  0x12C  tx_winstall_cap        0x005390ee
W68  0x130  rx_stat_ack_adv        0x0000004b
W69  0x134  tx_win_at_winstall     0x7d780000
SNAP_END N3_PA_N61 nff=0
SNAP_T 1791658667.321447294
SNAP_BEGIN N3_PA_N62 gen=63
W5   0x34   gmii_free_FE           0x51a30237
W14  0x58   tx_stat_frames_TCP     0x000004d1
W15  0x5C   tx_stat_bytes_TCP      0x001b77f4
W20  0x70   mac_tx_frames          0x000004e5
W43  0xCC   mtx_stat_tx_words      0x519f6e4b
W51  0xEC   app_tx_bytes           0x00028fdc
W55  0xFC   tx_stat_retx           0x0000004f
W57  0x104  tx_retx_hi             0x12355169
W58  0x108  tx_retx_active         0x00000000
W66  0x128  tx_stat_winstall       0x8049cdc3
W67  0x12C  tx_winstall_cap        0x005390ee
W68  0x130  rx_stat_ack_adv        0x0000004b
W69  0x134  tx_win_at_winstall     0x7d780000
SNAP_END N3_PA_N62 nff=0
SNAP_T 1791658667.482200399
SNAP_BEGIN N3_PA_N63 gen=64
W5   0x34   gmii_free_FE           0x53225534
W14  0x58   tx_stat_frames_TCP     0x000004d1
W15  0x5C   tx_stat_bytes_TCP      0x001b77f4
W20  0x70   mac_tx_frames          0x000004e5
W43  0xCC   mtx_stat_tx_words      0x531ec052
W51  0xEC   app_tx_bytes           0x00028fdc
W55  0xFC   tx_stat_retx           0x0000004f
W57  0x104  tx_retx_hi             0x12355169
W58  0x108  tx_retx_active         0x00000000
W66  0x128  tx_stat_winstall       0x81b12b2e
W67  0x12C  tx_winstall_cap        0x005390ee
W68  0x130  rx_stat_ack_adv        0x0000004b
W69  0x134  tx_win_at_winstall     0x00000000
SNAP_END N3_PA_N63 nff=0
SNAP_T 1791658667.642952710
SNAP_BEGIN N3_PA_N64 gen=65
W5   0x34   gmii_free_FE           0x54a1e4d8
W14  0x58   tx_stat_frames_TCP     0x000004d1
W15  0x5C   tx_stat_bytes_TCP      0x001b77f4
W20  0x70   mac_tx_frames          0x000004e5
W43  0xCC   mtx_stat_tx_words      0x549e4f00
W51  0xEC   app_tx_bytes           0x00028fdc
W55  0xFC   tx_stat_retx           0x0000004f
W57  0x104  tx_retx_hi             0x12355169
W58  0x108  tx_retx_active         0x00000000
W66  0x128  tx_stat_winstall       0x8318c178
W67  0x12C  tx_winstall_cap        0x005390ee
W68  0x130  rx_stat_ack_adv        0x0000004b
W69  0x134  tx_win_at_winstall     0x7d780000
SNAP_END N3_PA_N64 nff=0
SNAP_T 1791658667.804303331
SNAP_BEGIN N3_PA_N65 gen=66
W5   0x34   gmii_free_FE           0x56221fbc
W14  0x58   tx_stat_frames_TCP     0x000004d1
W15  0x5C   tx_stat_bytes_TCP      0x001b77f4
W20  0x70   mac_tx_frames          0x000004e5
W43  0xCC   mtx_stat_tx_words      0x561e88ee
W51  0xEC   app_tx_bytes           0x00028fdc
W55  0xFC   tx_stat_retx           0x0000004f
W57  0x104  tx_retx_hi             0x12355169
W58  0x108  tx_retx_active         0x00000000
W66  0x128  tx_stat_winstall       0x8480f84c
W67  0x12C  tx_winstall_cap        0x005390ee
W68  0x130  rx_stat_ack_adv        0x0000004b
W69  0x134  tx_win_at_winstall     0x7d780000
SNAP_END N3_PA_N65 nff=0
SNAP_T 1791658667.965154932
SNAP_BEGIN N3_PA_N66 gen=67
W5   0x34   gmii_free_FE           0x57a192fa
W14  0x58   tx_stat_frames_TCP     0x000004d1
W15  0x5C   tx_stat_bytes_TCP      0x001b77f4
W20  0x70   mac_tx_frames          0x000004e5
W43  0xCC   mtx_stat_tx_words      0x579dfb35
W51  0xEC   app_tx_bytes           0x00028fdc
W55  0xFC   tx_stat_retx           0x0000004f
W57  0x104  tx_retx_hi             0x12355169
W58  0x108  tx_retx_active         0x00000000
W66  0x128  tx_stat_winstall       0x85e873f4
W67  0x12C  tx_winstall_cap        0x005390ee
W68  0x130  rx_stat_ack_adv        0x0000004b
W69  0x134  tx_win_at_winstall     0x7d780000
SNAP_END N3_PA_N66 nff=0
SNAP_T 1791658668.126111863
SNAP_BEGIN N3_PA_N67 gen=68
W5   0x34   gmii_free_FE           0x5921a2bf
W14  0x58   tx_stat_frames_TCP     0x000004d1
W15  0x5C   tx_stat_bytes_TCP      0x001b77f4
W20  0x70   mac_tx_frames          0x000004e5
W43  0xCC   mtx_stat_tx_words      0x591e0a05
W51  0xEC   app_tx_bytes           0x00028fdc
W55  0xFC   tx_stat_retx           0x0000004f
W57  0x104  tx_retx_hi             0x12355169
W58  0x108  tx_retx_active         0x00000000
W66  0x128  tx_stat_winstall       0x8750825c
W67  0x12C  tx_winstall_cap        0x005390ee
W68  0x130  rx_stat_ack_adv        0x0000004b
W69  0x134  tx_win_at_winstall     0x7d780000
SNAP_END N3_PA_N67 nff=0
SNAP_T 1791658668.287045772
SNAP_BEGIN N3_PA_N68 gen=69
W5   0x34   gmii_free_FE           0x5aa136cb
W14  0x58   tx_stat_frames_TCP     0x000004d1
W15  0x5C   tx_stat_bytes_TCP      0x001b77f4
W20  0x70   mac_tx_frames          0x000004e5
W43  0xCC   mtx_stat_tx_words      0x5a9d9d1b
W51  0xEC   app_tx_bytes           0x00028fdc
W55  0xFC   tx_stat_retx           0x0000004f
W57  0x104  tx_retx_hi             0x12355169
W58  0x108  tx_retx_active         0x00000000
W66  0x128  tx_stat_winstall       0x88b81cc5
W67  0x12C  tx_winstall_cap        0x005390ee
W68  0x130  rx_stat_ack_adv        0x0000004b
W69  0x134  tx_win_at_winstall     0x00000000
SNAP_END N3_PA_N68 nff=0
SNAP_T 1791658668.448992502
SNAP_BEGIN N3_PA_N69 gen=70
W5   0x34   gmii_free_FE           0x5c23f9bc
W14  0x58   tx_stat_frames_TCP     0x000004d1
W15  0x5C   tx_stat_bytes_TCP      0x001b77f4
W20  0x70   mac_tx_frames          0x000004e5
W43  0xCC   mtx_stat_tx_words      0x5c205f13
W51  0xEC   app_tx_bytes           0x00028fdc
W55  0xFC   tx_stat_retx           0x0000004f
W57  0x104  tx_retx_hi             0x12355169
W58  0x108  tx_retx_active         0x00000000
W66  0x128  tx_stat_winstall       0x8a22b324
W67  0x12C  tx_winstall_cap        0x005390ee
W68  0x130  rx_stat_ack_adv        0x0000004b
W69  0x134  tx_win_at_winstall     0x7d780000
SNAP_END N3_PA_N69 nff=0
SNAP_T 1791658668.610683037
SNAP_BEGIN N3_PA_N70 gen=71
W5   0x34   gmii_free_FE           0x5da534d7
W14  0x58   tx_stat_frames_TCP     0x000004d1
W15  0x5C   tx_stat_bytes_TCP      0x001b77f4
W20  0x70   mac_tx_frames          0x000004e5
W43  0xCC   mtx_stat_tx_words      0x5da19937
W51  0xEC   app_tx_bytes           0x00028fdc
W55  0xFC   tx_stat_retx           0x0000004f
W57  0x104  tx_retx_hi             0x12355169
W58  0x108  tx_retx_active         0x00000000
W66  0x128  tx_stat_winstall       0x8b8bda2c
W67  0x12C  tx_winstall_cap        0x005390ee
W68  0x130  rx_stat_ack_adv        0x0000004b
W69  0x134  tx_win_at_winstall     0x7d780000
SNAP_END N3_PA_N70 nff=0
SNAP_T 1791658668.772252441
SNAP_BEGIN N3_PA_N71 gen=72
W5   0x34   gmii_free_FE           0x5f25f5b9
W14  0x58   tx_stat_frames_TCP     0x000004d1
W15  0x5C   tx_stat_bytes_TCP      0x001b77f4
W20  0x70   mac_tx_frames          0x000004e5
W43  0xCC   mtx_stat_tx_words      0x5f225923
W51  0xEC   app_tx_bytes           0x00028fdc
W55  0xFC   tx_stat_retx           0x0000004f
W57  0x104  tx_retx_hi             0x12355169
W58  0x108  tx_retx_active         0x00000000
W66  0x128  tx_stat_winstall       0x8cf48e9e
W67  0x12C  tx_winstall_cap        0x005390ee
W68  0x130  rx_stat_ack_adv        0x0000004b
W69  0x134  tx_win_at_winstall     0x7d780000
SNAP_END N3_PA_N71 nff=0
SNAP_T 1791658668.933058494
SNAP_BEGIN N3_PA_N72 gen=73
W5   0x34   gmii_free_FE           0x60a56adc
W14  0x58   tx_stat_frames_TCP     0x000004d1
W15  0x5C   tx_stat_bytes_TCP      0x001b77f4
W20  0x70   mac_tx_frames          0x000004e5
W43  0xCC   mtx_stat_tx_words      0x60a1cd50
W51  0xEC   app_tx_bytes           0x00028fdc
W55  0xFC   tx_stat_retx           0x0000004f
W57  0x104  tx_retx_hi             0x12355169
W58  0x108  tx_retx_active         0x00000000
W66  0x128  tx_stat_winstall       0x8e5c0c0d
W67  0x12C  tx_winstall_cap        0x005390ee
W68  0x130  rx_stat_ack_adv        0x0000004b
W69  0x134  tx_win_at_winstall     0x7d780000
SNAP_END N3_PA_N72 nff=0
SNAP_T 1791658669.093833870
SNAP_BEGIN N3_PA_N73 gen=74
W5   0x34   gmii_free_FE           0x62249d16
W14  0x58   tx_stat_frames_TCP     0x000004d1
W15  0x5C   tx_stat_bytes_TCP      0x001b77f4
W20  0x70   mac_tx_frames          0x000004e5
W43  0xCC   mtx_stat_tx_words      0x6220fe94
W51  0xEC   app_tx_bytes           0x00028fdc
W55  0xFC   tx_stat_retx           0x0000004f
W57  0x104  tx_retx_hi             0x12355169
W58  0x108  tx_retx_active         0x00000000
W66  0x128  tx_stat_winstall       0x8fc34ac3
W67  0x12C  tx_winstall_cap        0x005390ee
W68  0x130  rx_stat_ack_adv        0x0000004b
W69  0x134  tx_win_at_winstall     0x7d780000
SNAP_END N3_PA_N73 nff=0
SNAP_T 1791658669.254410710
SNAP_BEGIN N3_PA_N74 gen=75
W5   0x34   gmii_free_FE           0x63a3a86d
W14  0x58   tx_stat_frames_TCP     0x000004d1
W15  0x5C   tx_stat_bytes_TCP      0x001b77f4
W20  0x70   mac_tx_frames          0x000004e5
W43  0xCC   mtx_stat_tx_words      0x63a008f5
W51  0xEC   app_tx_bytes           0x00028fdc
W55  0xFC   tx_stat_retx           0x0000004f
W57  0x104  tx_retx_hi             0x12355169
W58  0x108  tx_retx_active         0x00000000
W66  0x128  tx_stat_winstall       0x912a6503
W67  0x12C  tx_winstall_cap        0x005390ee
W68  0x130  rx_stat_ack_adv        0x0000004b
W69  0x134  tx_win_at_winstall     0x7d780000
SNAP_END N3_PA_N74 nff=0
SNAP_T 1791658669.415654445
SNAP_BEGIN N3_PA_N75 gen=76
W5   0x34   gmii_free_FE           0x6523efed
W14  0x58   tx_stat_frames_TCP     0x000004d1
W15  0x5C   tx_stat_bytes_TCP      0x001b77f4
W20  0x70   mac_tx_frames          0x000004e5
W43  0xCC   mtx_stat_tx_words      0x65204f7f
W51  0xEC   app_tx_bytes           0x00028fdc
W55  0xFC   tx_stat_retx           0x0000004f
W57  0x104  tx_retx_hi             0x12355169
W58  0x108  tx_retx_active         0x00000000
W66  0x128  tx_stat_winstall       0x9292a7a9
W67  0x12C  tx_winstall_cap        0x005390ee
W68  0x130  rx_stat_ack_adv        0x0000004b
W69  0x134  tx_win_at_winstall     0x7d780000
SNAP_END N3_PA_N75 nff=0
SNAP_T 1791658669.576609210
SNAP_BEGIN N3_PA_N76 gen=77
W5   0x34   gmii_free_FE           0x66a3a889
W14  0x58   tx_stat_frames_TCP     0x000004d1
W15  0x5C   tx_stat_bytes_TCP      0x001b77f4
W20  0x70   mac_tx_frames          0x000004e5
W43  0xCC   mtx_stat_tx_words      0x66a00725
W51  0xEC   app_tx_bytes           0x00028fdc
W55  0xFC   tx_stat_retx           0x0000004f
W57  0x104  tx_retx_hi             0x12355169
W58  0x108  tx_retx_active         0x00000000
W66  0x128  tx_stat_winstall       0x93fa645b
W67  0x12C  tx_winstall_cap        0x005390ee
W68  0x130  rx_stat_ack_adv        0x0000004b
W69  0x134  tx_win_at_winstall     0x7d780000
SNAP_END N3_PA_N76 nff=0
SNAP_T 1791658669.738253974
SNAP_BEGIN N3_PA_N77 gen=78
W5   0x34   gmii_free_FE           0x68250c5e
W14  0x58   tx_stat_frames_TCP     0x000004d1
W15  0x5C   tx_stat_bytes_TCP      0x001b77f4
W20  0x70   mac_tx_frames          0x000004e5
W43  0xCC   mtx_stat_tx_words      0x68216a02
W51  0xEC   app_tx_bytes           0x00028fdc
W55  0xFC   tx_stat_retx           0x0000004f
W57  0x104  tx_retx_hi             0x12355169
W58  0x108  tx_retx_active         0x00000000
W66  0x128  tx_stat_winstall       0x9563b190
W67  0x12C  tx_winstall_cap        0x005390ee
W68  0x130  rx_stat_ack_adv        0x0000004b
W69  0x134  tx_win_at_winstall     0x7d780000
SNAP_END N3_PA_N77 nff=0
SNAP_T 1791658669.898604965
SNAP_BEGIN N3_PA_N78 gen=79
W5   0x34   gmii_free_FE           0x69a35bfb
W14  0x58   tx_stat_frames_TCP     0x000004d1
W15  0x5C   tx_stat_bytes_TCP      0x001b77f4
W20  0x70   mac_tx_frames          0x000004e5
W43  0xCC   mtx_stat_tx_words      0x699fb8ab
W51  0xEC   app_tx_bytes           0x00028fdc
W55  0xFC   tx_stat_retx           0x0000004f
W57  0x104  tx_retx_hi             0x12355169
W58  0x108  tx_retx_active         0x00000000
W66  0x128  tx_stat_winstall       0x96ca1bd2
W67  0x12C  tx_winstall_cap        0x005390ee
W68  0x130  rx_stat_ack_adv        0x0000004b
W69  0x134  tx_win_at_winstall     0x7d780000
SNAP_END N3_PA_N78 nff=0
SNAP_T 1791658670.060898193
SNAP_BEGIN N3_PA_N79 gen=80
W5   0x34   gmii_free_FE           0x6b26a8b2
W14  0x58   tx_stat_frames_TCP     0x000004d1
W15  0x5C   tx_stat_bytes_TCP      0x001b77f4
W20  0x70   mac_tx_frames          0x000004e5
W43  0xCC   mtx_stat_tx_words      0x6b230469
W51  0xEC   app_tx_bytes           0x00028fdc
W55  0xFC   tx_stat_retx           0x0000004f
W57  0x104  tx_retx_hi             0x12355169
W58  0x108  tx_retx_active         0x00000000
W66  0x128  tx_stat_winstall       0x9835335b
W67  0x12C  tx_winstall_cap        0x005390ee
W68  0x130  rx_stat_ack_adv        0x0000004b
W69  0x134  tx_win_at_winstall     0x7d780000
SNAP_END N3_PA_N79 nff=0
SNAP_T 1791658670.222283743
SNAP_BEGIN N3_PA_N80 gen=81
W5   0x34   gmii_free_FE           0x6ca75733
W14  0x58   tx_stat_frames_TCP     0x000004d1
W15  0x5C   tx_stat_bytes_TCP      0x001b77f4
W20  0x70   mac_tx_frames          0x000004e5
W43  0xCC   mtx_stat_tx_words      0x6ca3b1f4
W51  0xEC   app_tx_bytes           0x00028fdc
W55  0xFC   tx_stat_retx           0x0000004f
W57  0x104  tx_retx_hi             0x12355169
W58  0x108  tx_retx_active         0x00000000
W66  0x128  tx_stat_winstall       0x999dd692
W67  0x12C  tx_winstall_cap        0x005390ee
W68  0x130  rx_stat_ack_adv        0x0000004b
W69  0x134  tx_win_at_winstall     0x7d780000
SNAP_END N3_PA_N80 nff=0
SNAP_T 1791658670.383415940
SNAP_BEGIN N3_PA_N81 gen=82
W5   0x34   gmii_free_FE           0x6e275bd6
W14  0x58   tx_stat_frames_TCP     0x000004d1
W15  0x5C   tx_stat_bytes_TCP      0x001b77f4
W20  0x70   mac_tx_frames          0x000004e5
W43  0xCC   mtx_stat_tx_words      0x6e23b5a0
W51  0xEC   app_tx_bytes           0x00028fdc
W55  0xFC   tx_stat_retx           0x0000004f
W57  0x104  tx_retx_hi             0x12355169
W58  0x108  tx_retx_active         0x00000000
W66  0x128  tx_stat_winstall       0x9b05da89
W67  0x12C  tx_winstall_cap        0x005390ee
W68  0x130  rx_stat_ack_adv        0x0000004b
W69  0x134  tx_win_at_winstall     0x00000000
SNAP_END N3_PA_N81 nff=0
SNAP_T 1791658670.544147606
SNAP_BEGIN N3_PA_N82 gen=83
W5   0x34   gmii_free_FE           0x6fa678fd
W14  0x58   tx_stat_frames_TCP     0x000004d1
W15  0x5C   tx_stat_bytes_TCP      0x001b77f4
W20  0x70   mac_tx_frames          0x000004e5
W43  0xCC   mtx_stat_tx_words      0x6fa2d1d1
W51  0xEC   app_tx_bytes           0x00028fdc
W55  0xFC   tx_stat_retx           0x0000004f
W57  0x104  tx_retx_hi             0x12355169
W58  0x108  tx_retx_active         0x00000000
W66  0x128  tx_stat_winstall       0x9c6d057c
W67  0x12C  tx_winstall_cap        0x005390ee
W68  0x130  rx_stat_ack_adv        0x0000004b
W69  0x134  tx_win_at_winstall     0x7d780000
SNAP_END N3_PA_N82 nff=0
SNAP_T 1791658670.705460837
SNAP_BEGIN N3_PA_N83 gen=84
W5   0x34   gmii_free_FE           0x71274c6c
W14  0x58   tx_stat_frames_TCP     0x000004d1
W15  0x5C   tx_stat_bytes_TCP      0x001b77f4
W20  0x70   mac_tx_frames          0x000004e5
W43  0xCC   mtx_stat_tx_words      0x7123a44a
W51  0xEC   app_tx_bytes           0x00028fdc
W55  0xFC   tx_stat_retx           0x0000004f
W57  0x104  tx_retx_hi             0x12355169
W58  0x108  tx_retx_active         0x00000000
W66  0x128  tx_stat_winstall       0x9dd5cb53
W67  0x12C  tx_winstall_cap        0x005390ee
W68  0x130  rx_stat_ack_adv        0x0000004b
W69  0x134  tx_win_at_winstall     0x7d780000
SNAP_END N3_PA_N83 nff=0
SNAP_T 1791658670.866644631
SNAP_BEGIN N3_PA_N84 gen=85
W5   0x34   gmii_free_FE           0x72a7717d
W14  0x58   tx_stat_frames_TCP     0x000004d1
W15  0x5C   tx_stat_bytes_TCP      0x001b77f4
W20  0x70   mac_tx_frames          0x000004e5
W43  0xCC   mtx_stat_tx_words      0x72a3c864
W51  0xEC   app_tx_bytes           0x00028fdc
W55  0xFC   tx_stat_retx           0x0000004f
W57  0x104  tx_retx_hi             0x12355169
W58  0x108  tx_retx_active         0x00000000
W66  0x128  tx_stat_winstall       0x9f3dedb1
W67  0x12C  tx_winstall_cap        0x005390ee
W68  0x130  rx_stat_ack_adv        0x0000004b
W69  0x134  tx_win_at_winstall     0x7d780000
SNAP_END N3_PA_N84 nff=0
SNAP_T 1791658671.027666072
SNAP_BEGIN N3_PA_N85 gen=86
W5   0x34   gmii_free_FE           0x7427420b
W14  0x58   tx_stat_frames_TCP     0x000004d1
W15  0x5C   tx_stat_bytes_TCP      0x001b77f4
W20  0x70   mac_tx_frames          0x000004e5
W43  0xCC   mtx_stat_tx_words      0x742397fd
W51  0xEC   app_tx_bytes           0x00028fdc
W55  0xFC   tx_stat_retx           0x0000004f
W57  0x104  tx_retx_hi             0x12355169
W58  0x108  tx_retx_active         0x00000000
W66  0x128  tx_stat_winstall       0xa0a5c0d5
W67  0x12C  tx_winstall_cap        0x005390ee
W68  0x130  rx_stat_ack_adv        0x0000004b
W69  0x134  tx_win_at_winstall     0x7d780000
SNAP_END N3_PA_N85 nff=0
SNAP_T 1791658671.188716475
SNAP_BEGIN N3_PA_N86 gen=87
W5   0x34   gmii_free_FE           0x75a76603
W14  0x58   tx_stat_frames_TCP     0x000004d1
W15  0x5C   tx_stat_bytes_TCP      0x001b77f4
W20  0x70   mac_tx_frames          0x000004e5
W43  0xCC   mtx_stat_tx_words      0x75a3bafe
W51  0xEC   app_tx_bytes           0x00028fdc
W55  0xFC   tx_stat_retx           0x0000004f
W57  0x104  tx_retx_hi             0x12355169
W58  0x108  tx_retx_active         0x00000000
W66  0x128  tx_stat_winstall       0xa20de22c
W67  0x12C  tx_winstall_cap        0x005390ee
W68  0x130  rx_stat_ack_adv        0x0000004b
W69  0x134  tx_win_at_winstall     0x7d780000
SNAP_END N3_PA_N86 nff=0
SNAP_T 1791658671.349671688
SNAP_BEGIN N3_PA_N87 gen=88
W5   0x34   gmii_free_FE           0x772730eb
W14  0x58   tx_stat_frames_TCP     0x000004d1
W15  0x5C   tx_stat_bytes_TCP      0x001b77f4
W20  0x70   mac_tx_frames          0x000004e5
W43  0xCC   mtx_stat_tx_words      0x772384f1
W51  0xEC   app_tx_bytes           0x00028fdc
W55  0xFC   tx_stat_retx           0x0000004f
W57  0x104  tx_retx_hi             0x12355169
W58  0x108  tx_retx_active         0x00000000
W66  0x128  tx_stat_winstall       0xa375b004
W67  0x12C  tx_winstall_cap        0x005390ee
W68  0x130  rx_stat_ack_adv        0x0000004b
W69  0x134  tx_win_at_winstall     0x7d780000
SNAP_END N3_PA_N87 nff=0
SNAP_T 1791658671.510581546
SNAP_BEGIN N3_PA_N88 gen=89
W5   0x34   gmii_free_FE           0x78a7b9e5
W14  0x58   tx_stat_frames_TCP     0x000004d1
W15  0x5C   tx_stat_bytes_TCP      0x001b77f4
W20  0x70   mac_tx_frames          0x000004e5
W43  0xCC   mtx_stat_tx_words      0x78a40cf4
W51  0xEC   app_tx_bytes           0x00028fdc
W55  0xFC   tx_stat_retx           0x0000004f
W57  0x104  tx_retx_hi             0x12355169
W58  0x108  tx_retx_active         0x00000000
W66  0x128  tx_stat_winstall       0xa4de300d
W67  0x12C  tx_winstall_cap        0x005390ee
W68  0x130  rx_stat_ack_adv        0x0000004b
W69  0x134  tx_win_at_winstall     0x7d780000
SNAP_END N3_PA_N88 nff=0
SNAP_T 1791658671.672257243
SNAP_BEGIN N3_PA_N89 gen=90
W5   0x34   gmii_free_FE           0x7a286ee1
W14  0x58   tx_stat_frames_TCP     0x000004d1
W15  0x5C   tx_stat_bytes_TCP      0x001b77f4
W20  0x70   mac_tx_frames          0x000004e5
W43  0xCC   mtx_stat_tx_words      0x7a24c0fa
W51  0xEC   app_tx_bytes           0x00028fdc
W55  0xFC   tx_stat_retx           0x0000004f
W57  0x104  tx_retx_hi             0x12355169
W58  0x108  tx_retx_active         0x00000000
W66  0x128  tx_stat_winstall       0xa646d958
W67  0x12C  tx_winstall_cap        0x005390ee
W68  0x130  rx_stat_ack_adv        0x0000004b
W69  0x134  tx_win_at_winstall     0x7d780000
SNAP_END N3_PA_N89 nff=0
SNAP_T 1791658671.833748556
SNAP_BEGIN N3_PA_N90 gen=91
W5   0x34   gmii_free_FE           0x7ba94ce4
W14  0x58   tx_stat_frames_TCP     0x000004d1
W15  0x5C   tx_stat_bytes_TCP      0x001b77f4
W20  0x70   mac_tx_frames          0x000004e5
W43  0xCC   mtx_stat_tx_words      0x7ba59e06
W51  0xEC   app_tx_bytes           0x00028fdc
W55  0xFC   tx_stat_retx           0x0000004f
W57  0x104  tx_retx_hi             0x12355169
W58  0x108  tx_retx_active         0x00000000
W66  0x128  tx_stat_winstall       0xa7afa919
W67  0x12C  tx_winstall_cap        0x005390ee
W68  0x130  rx_stat_ack_adv        0x0000004b
W69  0x134  tx_win_at_winstall     0x7d780000
SNAP_END N3_PA_N90 nff=0
SNAP_T 1791658671.994652215
SNAP_BEGIN N3_PA_N91 gen=92
W5   0x34   gmii_free_FE           0x7d28ab5a
W14  0x58   tx_stat_frames_TCP     0x000004d1
W15  0x5C   tx_stat_bytes_TCP      0x001b77f4
W20  0x70   mac_tx_frames          0x000004e5
W43  0xCC   mtx_stat_tx_words      0x7d24fb86
W51  0xEC   app_tx_bytes           0x00028fdc
W55  0xFC   tx_stat_retx           0x0000004f
W57  0x104  tx_retx_hi             0x12355169
W58  0x108  tx_retx_active         0x00000000
W66  0x128  tx_stat_winstall       0xa9171145
W67  0x12C  tx_winstall_cap        0x005390ee
W68  0x130  rx_stat_ack_adv        0x0000004b
W69  0x134  tx_win_at_winstall     0x7d780000
SNAP_END N3_PA_N91 nff=0
SNAP_T 1791658672.155814669
SNAP_BEGIN N3_PA_N92 gen=93
W5   0x34   gmii_free_FE           0x7ea94c10
W14  0x58   tx_stat_frames_TCP     0x000004d1
W15  0x5C   tx_stat_bytes_TCP      0x001b77f4
W20  0x70   mac_tx_frames          0x000004e5
W43  0xCC   mtx_stat_tx_words      0x7ea59b46
W51  0xEC   app_tx_bytes           0x00028fdc
W55  0xFC   tx_stat_retx           0x0000004f
W57  0x104  tx_retx_hi             0x12355169
W58  0x108  tx_retx_active         0x00000000
W66  0x128  tx_stat_winstall       0xaa7fa78e
W67  0x12C  tx_winstall_cap        0x005390ee
W68  0x130  rx_stat_ack_adv        0x0000004b
W69  0x134  tx_win_at_winstall     0x7d780000
SNAP_END N3_PA_N92 nff=0
SNAP_T 1791658672.316556286
SNAP_BEGIN N3_PA_N93 gen=94
W5   0x34   gmii_free_FE           0x80281b4a
W14  0x58   tx_stat_frames_TCP     0x000004d1
W15  0x5C   tx_stat_bytes_TCP      0x001b77f4
W20  0x70   mac_tx_frames          0x000004e5
W43  0xCC   mtx_stat_tx_words      0x8024698a
W51  0xEC   app_tx_bytes           0x00028fdc
W55  0xFC   tx_stat_retx           0x0000004f
W57  0x104  tx_retx_hi             0x12355169
W58  0x108  tx_retx_active         0x00000000
W66  0x128  tx_stat_winstall       0xabe68974
W67  0x12C  tx_winstall_cap        0x005390ee
W68  0x130  rx_stat_ack_adv        0x0000004b
W69  0x134  tx_win_at_winstall     0x7d780000
SNAP_END N3_PA_N93 nff=0
SNAP_T 1791658672.477236132
SNAP_BEGIN N3_PA_N94 gen=95
W5   0x34   gmii_free_FE           0x81a785df
W14  0x58   tx_stat_frames_TCP     0x000004d1
W15  0x5C   tx_stat_bytes_TCP      0x001b77f4
W20  0x70   mac_tx_frames          0x000004e5
W43  0xCC   mtx_stat_tx_words      0x81a3d329
W51  0xEC   app_tx_bytes           0x00028fdc
W55  0xFC   tx_stat_retx           0x0000004f
W57  0x104  tx_retx_hi             0x12355169
W58  0x108  tx_retx_active         0x00000000
W66  0x128  tx_stat_winstall       0xad4dfcfd
W67  0x12C  tx_winstall_cap        0x005390ee
W68  0x130  rx_stat_ack_adv        0x0000004b
W69  0x134  tx_win_at_winstall     0x00000000
SNAP_END N3_PA_N94 nff=0
SNAP_T 1791658672.638469718
SNAP_BEGIN N3_PA_N95 gen=96
W5   0x34   gmii_free_FE           0x8327d08d
W14  0x58   tx_stat_frames_TCP     0x000004d1
W15  0x5C   tx_stat_bytes_TCP      0x001b77f4
W20  0x70   mac_tx_frames          0x000004e5
W43  0xCC   mtx_stat_tx_words      0x83241ce1
W51  0xEC   app_tx_bytes           0x00028fdc
W55  0xFC   tx_stat_retx           0x0000004f
W57  0x104  tx_retx_hi             0x12355169
W58  0x108  tx_retx_active         0x00000000
W66  0x128  tx_stat_winstall       0xaeb6429f
W67  0x12C  tx_winstall_cap        0x005390ee
W68  0x130  rx_stat_ack_adv        0x0000004b
W69  0x134  tx_win_at_winstall     0x7d780000
SNAP_END N3_PA_N95 nff=0
SNAP_T 1791658672.799648418
SNAP_BEGIN N3_PA_N96 gen=97
W5   0x34   gmii_free_FE           0x84a84839
W14  0x58   tx_stat_frames_TCP     0x000004d1
W15  0x5C   tx_stat_bytes_TCP      0x001b77f4
W20  0x70   mac_tx_frames          0x000004e5
W43  0xCC   mtx_stat_tx_words      0x84a49397
W51  0xEC   app_tx_bytes           0x00028fdc
W55  0xFC   tx_stat_retx           0x0000004f
W57  0x104  tx_retx_hi             0x12355169
W58  0x108  tx_retx_active         0x00000000
W66  0x128  tx_stat_winstall       0xb01eb26f
W67  0x12C  tx_winstall_cap        0x005390ee
W68  0x130  rx_stat_ack_adv        0x0000004b
W69  0x134  tx_win_at_winstall     0x7d780000
SNAP_END N3_PA_N96 nff=0
SNAP_T 1791658672.960579632
SNAP_BEGIN N3_PA_N97 gen=98
W5   0x34   gmii_free_FE           0x8627e743
W14  0x58   tx_stat_frames_TCP     0x000004d1
W15  0x5C   tx_stat_bytes_TCP      0x001b77f4
W20  0x70   mac_tx_frames          0x000004e5
W43  0xCC   mtx_stat_tx_words      0x862431ab
W51  0xEC   app_tx_bytes           0x00028fdc
W55  0xFC   tx_stat_retx           0x0000004f
W57  0x104  tx_retx_hi             0x12355169
W58  0x108  tx_retx_active         0x00000000
W66  0x128  tx_stat_winstall       0xb1865727
W67  0x12C  tx_winstall_cap        0x005390ee
W68  0x130  rx_stat_ack_adv        0x0000004b
W69  0x134  tx_win_at_winstall     0x7d780000
SNAP_END N3_PA_N97 nff=0
SNAP_T 1791658673.122861131
SNAP_BEGIN N3_PA_N98 gen=99
W5   0x34   gmii_free_FE           0x87ab0818
W14  0x58   tx_stat_frames_TCP     0x000004d1
W15  0x5C   tx_stat_bytes_TCP      0x001b77f4
W20  0x70   mac_tx_frames          0x000004e5
W43  0xCC   mtx_stat_tx_words      0x87a75188
W51  0xEC   app_tx_bytes           0x00028fdc
W55  0xFC   tx_stat_retx           0x0000004f
W57  0x104  tx_retx_hi             0x12355169
W58  0x108  tx_retx_active         0x00000000
W66  0x128  tx_stat_winstall       0xb2f1458c
W67  0x12C  tx_winstall_cap        0x005390ee
W68  0x130  rx_stat_ack_adv        0x0000004b
W69  0x134  tx_win_at_winstall     0x7d780000
SNAP_END N3_PA_N98 nff=0
SNAP_T 1791658673.284242211
SNAP_BEGIN N3_PA_N99 gen=100
W5   0x34   gmii_free_FE           0x892bbdda
W14  0x58   tx_stat_frames_TCP     0x000004d1
W15  0x5C   tx_stat_bytes_TCP      0x001b77f4
W20  0x70   mac_tx_frames          0x000004e5
W43  0xCC   mtx_stat_tx_words      0x89280653
W51  0xEC   app_tx_bytes           0x00028fdc
W55  0xFC   tx_stat_retx           0x0000004f
W57  0x104  tx_retx_hi             0x12355169
W58  0x108  tx_retx_active         0x00000000
W66  0x128  tx_stat_winstall       0xb459ef8f
W67  0x12C  tx_winstall_cap        0x005390ee
W68  0x130  rx_stat_ack_adv        0x0000004b
W69  0x134  tx_win_at_winstall     0x7d780000
SNAP_END N3_PA_N99 nff=0
SNAP_T 1791658673.445628059
SNAP_BEGIN N3_PA_N100 gen=101
W5   0x34   gmii_free_FE           0x8aac4558
W14  0x58   tx_stat_frames_TCP     0x000004d1
W15  0x5C   tx_stat_bytes_TCP      0x001b77f4
W20  0x70   mac_tx_frames          0x000004e5
W43  0xCC   mtx_stat_tx_words      0x8aa88cdb
W51  0xEC   app_tx_bytes           0x00028fdc
W55  0xFC   tx_stat_retx           0x0000004f
W57  0x104  tx_retx_hi             0x12355169
W58  0x108  tx_retx_active         0x00000000
W66  0x128  tx_stat_winstall       0xb5c26e34
W67  0x12C  tx_winstall_cap        0x005390ee
W68  0x130  rx_stat_ack_adv        0x0000004b
W69  0x134  tx_win_at_winstall     0x7d780000
SNAP_END N3_PA_N100 nff=0
SNAP_T 1791658673.607099816
SNAP_BEGIN N3_PA_N101 gen=102
W5   0x34   gmii_free_FE           0x8c2d128e
W14  0x58   tx_stat_frames_TCP     0x000004d1
W15  0x5C   tx_stat_bytes_TCP      0x001b77f4
W20  0x70   mac_tx_frames          0x000004e5
W43  0xCC   mtx_stat_tx_words      0x8c29591b
W51  0xEC   app_tx_bytes           0x00028fdc
W55  0xFC   tx_stat_retx           0x0000004f
W57  0x104  tx_retx_hi             0x12355169
W58  0x108  tx_retx_active         0x00000000
W66  0x128  tx_stat_winstall       0xb72b2e35
W67  0x12C  tx_winstall_cap        0x005390ee
W68  0x130  rx_stat_ack_adv        0x0000004b
W69  0x134  tx_win_at_winstall     0x7d780000
SNAP_END N3_PA_N101 nff=0
SNAP_T 1791658673.768240962
SNAP_BEGIN N3_PA_N102 gen=103
W5   0x34   gmii_free_FE           0x8dad7a08
W14  0x58   tx_stat_frames_TCP     0x000004d1
W15  0x5C   tx_stat_bytes_TCP      0x001b77f4
W20  0x70   mac_tx_frames          0x000004e5
W43  0xCC   mtx_stat_tx_words      0x8da9bf9e
W51  0xEC   app_tx_bytes           0x00028fdc
W55  0xFC   tx_stat_retx           0x0000004f
W57  0x104  tx_retx_hi             0x12355169
W58  0x108  tx_retx_active         0x00000000
W66  0x128  tx_stat_winstall       0xb8938ed6
W67  0x12C  tx_winstall_cap        0x005390ee
W68  0x130  rx_stat_ack_adv        0x0000004b
W69  0x134  tx_win_at_winstall     0x7d780000
SNAP_END N3_PA_N102 nff=0
SNAP_T 1791658673.929527846
SNAP_BEGIN N3_PA_N103 gen=104
W5   0x34   gmii_free_FE           0x8f2df362
W14  0x58   tx_stat_frames_TCP     0x000004d1
W15  0x5C   tx_stat_bytes_TCP      0x001b77f4
W20  0x70   mac_tx_frames          0x000004e5
W43  0xCC   mtx_stat_tx_words      0x8f2a3801
W51  0xEC   app_tx_bytes           0x00028fdc
W55  0xFC   tx_stat_retx           0x0000004f
W57  0x104  tx_retx_hi             0x12355169
W58  0x108  tx_retx_active         0x00000000
W66  0x128  tx_stat_winstall       0xb9fc0039
W67  0x12C  tx_winstall_cap        0x005390ee
W68  0x130  rx_stat_ack_adv        0x0000004b
W69  0x134  tx_win_at_winstall     0x7d780000
SNAP_END N3_PA_N103 nff=0
SNAP_T 1791658674.090569792
SNAP_BEGIN N3_PA_N104 gen=105
W5   0x34   gmii_free_FE           0x90adc88a
W14  0x58   tx_stat_frames_TCP     0x000004d1
W15  0x5C   tx_stat_bytes_TCP      0x001b77f4
W20  0x70   mac_tx_frames          0x000004e5
W43  0xCC   mtx_stat_tx_words      0x90aa0c34
W51  0xEC   app_tx_bytes           0x00028fdc
W55  0xFC   tx_stat_retx           0x0000004f
W57  0x104  tx_retx_hi             0x12355169
W58  0x108  tx_retx_active         0x00000000
W66  0x128  tx_stat_winstall       0xbb63d7ad
W67  0x12C  tx_winstall_cap        0x005390ee
W68  0x130  rx_stat_ack_adv        0x0000004b
W69  0x134  tx_win_at_winstall     0x7d780000
SNAP_END N3_PA_N104 nff=0
SNAP_T 1791658674.251316920
SNAP_BEGIN N3_PA_N105 gen=106
W5   0x34   gmii_free_FE           0x922d1e71
W14  0x58   tx_stat_frames_TCP     0x000004d1
W15  0x5C   tx_stat_bytes_TCP      0x001b77f4
W20  0x70   mac_tx_frames          0x000004e5
W43  0xCC   mtx_stat_tx_words      0x92296125
W51  0xEC   app_tx_bytes           0x00028fdc
W55  0xFC   tx_stat_retx           0x0000004f
W57  0x104  tx_retx_hi             0x12355169
W58  0x108  tx_retx_active         0x00000000
W66  0x128  tx_stat_winstall       0xbccb37d4
W67  0x12C  tx_winstall_cap        0x005390ee
W68  0x130  rx_stat_ack_adv        0x0000004b
W69  0x134  tx_win_at_winstall     0x7d780000
SNAP_END N3_PA_N105 nff=0
SNAP_T 1791658674.413238475
SNAP_BEGIN N3_PA_N106 gen=107
W5   0x34   gmii_free_FE           0x93af49be
W14  0x58   tx_stat_frames_TCP     0x000004d1
W15  0x5C   tx_stat_bytes_TCP      0x001b77f4
W20  0x70   mac_tx_frames          0x000004e5
W43  0xCC   mtx_stat_tx_words      0x93ab8b7b
W51  0xEC   app_tx_bytes           0x00028fdc
W55  0xFC   tx_stat_retx           0x0000004f
W57  0x104  tx_retx_hi             0x12355169
W58  0x108  tx_retx_active         0x00000000
W66  0x128  tx_stat_winstall       0xbe35400a
W67  0x12C  tx_winstall_cap        0x005390ee
W68  0x130  rx_stat_ack_adv        0x0000004b
W69  0x134  tx_win_at_winstall     0x7d780000
SNAP_END N3_PA_N106 nff=0
SNAP_T 1791658674.574708682
SNAP_BEGIN N3_PA_N107 gen=108
W5   0x34   gmii_free_FE           0x95309de1
W14  0x58   tx_stat_frames_TCP     0x000004d1
W15  0x5C   tx_stat_bytes_TCP      0x001b77f4
W20  0x70   mac_tx_frames          0x000004e5
W43  0xCC   mtx_stat_tx_words      0x952cdea7
W51  0xEC   app_tx_bytes           0x00028fdc
W55  0xFC   tx_stat_retx           0x0000004f
W57  0x104  tx_retx_hi             0x12355169
W58  0x108  tx_retx_active         0x00000000
W66  0x128  tx_stat_winstall       0xbf9e7e89
W67  0x12C  tx_winstall_cap        0x005390ee
W68  0x130  rx_stat_ack_adv        0x0000004b
W69  0x134  tx_win_at_winstall     0x7d780000
SNAP_END N3_PA_N107 nff=0
SNAP_T 1791658674.736253270
SNAP_BEGIN N3_PA_N108 gen=109
W5   0x34   gmii_free_FE           0x96b19225
W14  0x58   tx_stat_frames_TCP     0x000004d1
W15  0x5C   tx_stat_bytes_TCP      0x001b77f4
W20  0x70   mac_tx_frames          0x000004e5
W43  0xCC   mtx_stat_tx_words      0x96add1f5
W51  0xEC   app_tx_bytes           0x00028fdc
W55  0xFC   tx_stat_retx           0x0000004f
W57  0x104  tx_retx_hi             0x12355169
W58  0x108  tx_retx_active         0x00000000
W66  0x128  tx_stat_winstall       0xc1076327
W67  0x12C  tx_winstall_cap        0x005390ee
W68  0x130  rx_stat_ack_adv        0x0000004b
W69  0x134  tx_win_at_winstall     0x7d780000
SNAP_END N3_PA_N108 nff=0
SNAP_T 1791658674.897848485
SNAP_BEGIN N3_PA_N109 gen=110
W5   0x34   gmii_free_FE           0x9832a3b1
W14  0x58   tx_stat_frames_TCP     0x000004d1
W15  0x5C   tx_stat_bytes_TCP      0x001b77f4
W20  0x70   mac_tx_frames          0x000004e5
W43  0xCC   mtx_stat_tx_words      0x982ee28a
W51  0xEC   app_tx_bytes           0x00028fdc
W55  0xFC   tx_stat_retx           0x0000004f
W57  0x104  tx_retx_hi             0x12355169
W58  0x108  tx_retx_active         0x00000000
W66  0x128  tx_stat_winstall       0xc2706338
W67  0x12C  tx_winstall_cap        0x005390ee
W68  0x130  rx_stat_ack_adv        0x0000004b
W69  0x134  tx_win_at_winstall     0x7d780000
SNAP_END N3_PA_N109 nff=0
SNAP_T 1791658675.058662658
SNAP_BEGIN N3_PA_N110 gen=111
W5   0x34   gmii_free_FE           0x99b26e0e
W14  0x58   tx_stat_frames_TCP     0x000004d1
W15  0x5C   tx_stat_bytes_TCP      0x001b77f4
W20  0x70   mac_tx_frames          0x000004e5
W43  0xCC   mtx_stat_tx_words      0x99aeabf1
W51  0xEC   app_tx_bytes           0x00028fdc
W55  0xFC   tx_stat_retx           0x0000004f
W57  0x104  tx_retx_hi             0x12355169
W58  0x108  tx_retx_active         0x00000000
W66  0x128  tx_stat_winstall       0xc3d8308e
W67  0x12C  tx_winstall_cap        0x005390ee
W68  0x130  rx_stat_ack_adv        0x0000004b
W69  0x134  tx_win_at_winstall     0x7d780000
SNAP_END N3_PA_N110 nff=0
SNAP_T 1791658675.222579970
SNAP_BEGIN N3_PA_N111 gen=112
W5   0x34   gmii_free_FE           0x9b38fcaa
W14  0x58   tx_stat_frames_TCP     0x000004d1
W15  0x5C   tx_stat_bytes_TCP      0x001b77f4
W20  0x70   mac_tx_frames          0x000004e5
W43  0xCC   mtx_stat_tx_words      0x9b353993
W51  0xEC   app_tx_bytes           0x00028fdc
W55  0xFC   tx_stat_retx           0x0000004f
W57  0x104  tx_retx_hi             0x12355169
W58  0x108  tx_retx_active         0x00000000
W66  0x128  tx_stat_winstall       0xc54655dd
W67  0x12C  tx_winstall_cap        0x005390ee
W68  0x130  rx_stat_ack_adv        0x0000004b
W69  0x134  tx_win_at_winstall     0x7d780000
SNAP_END N3_PA_N111 nff=0
SNAP_T 1791658675.383445938
SNAP_BEGIN N3_PA_N112 gen=113
W5   0x34   gmii_free_FE           0x9cb8604a
W14  0x58   tx_stat_frames_TCP     0x000004d1
W15  0x5C   tx_stat_bytes_TCP      0x001b77f4
W20  0x70   mac_tx_frames          0x000004e5
W43  0xCC   mtx_stat_tx_words      0x9cb49c3d
W51  0xEC   app_tx_bytes           0x00028fdc
W55  0xFC   tx_stat_retx           0x0000004f
W57  0x104  tx_retx_hi             0x12355169
W58  0x108  tx_retx_active         0x00000000
W66  0x128  tx_stat_winstall       0xc6adc2e2
W67  0x12C  tx_winstall_cap        0x005390ee
W68  0x130  rx_stat_ack_adv        0x0000004b
W69  0x134  tx_win_at_winstall     0x7d780000
SNAP_END N3_PA_N112 nff=0
SNAP_T 1791658675.544436408
SNAP_BEGIN N3_PA_N113 gen=114
W5   0x34   gmii_free_FE           0x9e385e27
W14  0x58   tx_stat_frames_TCP     0x000004d1
W15  0x5C   tx_stat_bytes_TCP      0x001b77f4
W20  0x70   mac_tx_frames          0x000004e5
W43  0xCC   mtx_stat_tx_words      0x9e349924
W51  0xEC   app_tx_bytes           0x00028fdc
W55  0xFC   tx_stat_retx           0x0000004f
W57  0x104  tx_retx_hi             0x12355169
W58  0x108  tx_retx_active         0x00000000
W66  0x128  tx_stat_winstall       0xc815c07f
W67  0x12C  tx_winstall_cap        0x005390ee
W68  0x130  rx_stat_ack_adv        0x0000004b
W69  0x134  tx_win_at_winstall     0x7d780000
SNAP_END N3_PA_N113 nff=0
SNAP_T 1791658675.705763192
SNAP_BEGIN N3_PA_N114 gen=115
W5   0x34   gmii_free_FE           0x9fb8cd8a
W14  0x58   tx_stat_frames_TCP     0x000004d1
W15  0x5C   tx_stat_bytes_TCP      0x001b77f4
W20  0x70   mac_tx_frames          0x000004e5
W43  0xCC   mtx_stat_tx_words      0x9fb50791
W51  0xEC   app_tx_bytes           0x00028fdc
W55  0xFC   tx_stat_retx           0x0000004f
W57  0x104  tx_retx_hi             0x12355169
W58  0x108  tx_retx_active         0x00000000
W66  0x128  tx_stat_winstall       0xc97e288a
W67  0x12C  tx_winstall_cap        0x005390ee
W68  0x130  rx_stat_ack_adv        0x0000004b
W69  0x134  tx_win_at_winstall     0x7d780000
SNAP_END N3_PA_N114 nff=0
SNAP_T 1791658675.867013359
SNAP_BEGIN N3_PA_N115 gen=116
W5   0x34   gmii_free_FE           0xa1394283
W14  0x58   tx_stat_frames_TCP     0x000004d1
W15  0x5C   tx_stat_bytes_TCP      0x001b77f4
W20  0x70   mac_tx_frames          0x000004e5
W43  0xCC   mtx_stat_tx_words      0xa1357b93
W51  0xEC   app_tx_bytes           0x00028fdc
W55  0xFC   tx_stat_retx           0x0000004f
W57  0x104  tx_retx_hi             0x12355169
W58  0x108  tx_retx_active         0x00000000
W66  0x128  tx_stat_winstall       0xcae695d2
W67  0x12C  tx_winstall_cap        0x005390ee
W68  0x130  rx_stat_ack_adv        0x0000004b
W69  0x134  tx_win_at_winstall     0x7d780000
SNAP_END N3_PA_N115 nff=0
SNAP_T 1791658676.028244923
SNAP_BEGIN N3_PA_N116 gen=117
W5   0x34   gmii_free_FE           0xa2b9a156
W14  0x58   tx_stat_frames_TCP     0x000004d1
W15  0x5C   tx_stat_bytes_TCP      0x001b77f4
W20  0x70   mac_tx_frames          0x000004e5
W43  0xCC   mtx_stat_tx_words      0xa2b5d971
W51  0xEC   app_tx_bytes           0x00028fdc
W55  0xFC   tx_stat_retx           0x0000004f
W57  0x104  tx_retx_hi             0x12355169
W58  0x108  tx_retx_active         0x00000000
W66  0x128  tx_stat_winstall       0xcc4eee56
W67  0x12C  tx_winstall_cap        0x005390ee
W68  0x130  rx_stat_ack_adv        0x0000004b
W69  0x134  tx_win_at_winstall     0x7d780000
SNAP_END N3_PA_N116 nff=0
SNAP_T 1791658676.190120602
SNAP_BEGIN N3_PA_N117 gen=118
W5   0x34   gmii_free_FE           0xa43c0e10
W14  0x58   tx_stat_frames_TCP     0x000004d1
W15  0x5C   tx_stat_bytes_TCP      0x001b77f4
W20  0x70   mac_tx_frames          0x000004e5
W43  0xCC   mtx_stat_tx_words      0xa4384533
W51  0xEC   app_tx_bytes           0x00028fdc
W55  0xFC   tx_stat_retx           0x0000004f
W57  0x104  tx_retx_hi             0x12355169
W58  0x108  tx_retx_active         0x00000000
W66  0x128  tx_stat_winstall       0xcdb933e2
W67  0x12C  tx_winstall_cap        0x005390ee
W68  0x130  rx_stat_ack_adv        0x0000004b
W69  0x134  tx_win_at_winstall     0x7d780000
SNAP_END N3_PA_N117 nff=0
SNAP_T 1791658676.351265444
SNAP_BEGIN N3_PA_N118 gen=119
W5   0x34   gmii_free_FE           0xa5bbeb17
W14  0x58   tx_stat_frames_TCP     0x000004d1
W15  0x5C   tx_stat_bytes_TCP      0x001b77f4
W20  0x70   mac_tx_frames          0x000004e5
W43  0xCC   mtx_stat_tx_words      0xa5b82144
W51  0xEC   app_tx_bytes           0x00028fdc
W55  0xFC   tx_stat_retx           0x0000004f
W57  0x104  tx_retx_hi             0x12355169
W58  0x108  tx_retx_active         0x00000000
W66  0x128  tx_stat_winstall       0xcf2112b7
W67  0x12C  tx_winstall_cap        0x005390ee
W68  0x130  rx_stat_ack_adv        0x0000004b
W69  0x134  tx_win_at_winstall     0x7d780000
SNAP_END N3_PA_N118 nff=0
SNAP_T 1791658676.512425577
SNAP_BEGIN N3_PA_N119 gen=120
W5   0x34   gmii_free_FE           0xa73c196d
W14  0x58   tx_stat_frames_TCP     0x000004d1
W15  0x5C   tx_stat_bytes_TCP      0x001b77f4
W20  0x70   mac_tx_frames          0x000004e5
W43  0xCC   mtx_stat_tx_words      0xa7384ea4
W51  0xEC   app_tx_bytes           0x00028fdc
W55  0xFC   tx_stat_retx           0x0000004f
W57  0x104  tx_retx_hi             0x12355169
W58  0x108  tx_retx_active         0x00000000
W66  0x128  tx_stat_winstall       0xd0893dc6
W67  0x12C  tx_winstall_cap        0x005390ee
W68  0x130  rx_stat_ack_adv        0x0000004b
W69  0x134  tx_win_at_winstall     0x7d780000
SNAP_END N3_PA_N119 nff=0
SNAP_T 1791658676.673624999
SNAP_BEGIN N3_PA_N120 gen=121
W5   0x34   gmii_free_FE           0xa8bc44c5
W14  0x58   tx_stat_frames_TCP     0x000004d1
W15  0x5C   tx_stat_bytes_TCP      0x001b77f4
W20  0x70   mac_tx_frames          0x000004e5
W43  0xCC   mtx_stat_tx_words      0xa8b87905
W51  0xEC   app_tx_bytes           0x00028fdc
W55  0xFC   tx_stat_retx           0x0000004f
W57  0x104  tx_retx_hi             0x12355169
W58  0x108  tx_retx_active         0x00000000
W66  0x128  tx_stat_winstall       0xd1f16607
W67  0x12C  tx_winstall_cap        0x005390ee
W68  0x130  rx_stat_ack_adv        0x0000004b
W69  0x134  tx_win_at_winstall     0x7d780000
SNAP_END N3_PA_N120 nff=0
SNAP_T 1791658676.834552166
SNAP_BEGIN N3_PA_N121 gen=122
W5   0x34   gmii_free_FE           0xaa3c0e13
W14  0x58   tx_stat_frames_TCP     0x000004d1
W15  0x5C   tx_stat_bytes_TCP      0x001b77f4
W20  0x70   mac_tx_frames          0x000004e5
W43  0xCC   mtx_stat_tx_words      0xaa38415e
W51  0xEC   app_tx_bytes           0x00028fdc
W55  0xFC   tx_stat_retx           0x0000004f
W57  0x104  tx_retx_hi             0x12355169
W58  0x108  tx_retx_active         0x00000000
W66  0x128  tx_stat_winstall       0xd359325f
W67  0x12C  tx_winstall_cap        0x005390ee
W68  0x130  rx_stat_ack_adv        0x0000004b
W69  0x134  tx_win_at_winstall     0x7d780000
SNAP_END N3_PA_N121 nff=0
SNAP_T 1791658676.995535312
SNAP_BEGIN N3_PA_N122 gen=123
W5   0x34   gmii_free_FE           0xabbbccec
W14  0x58   tx_stat_frames_TCP     0x000004d1
W15  0x5C   tx_stat_bytes_TCP      0x001b77f4
W20  0x70   mac_tx_frames          0x000004e5
W43  0xCC   mtx_stat_tx_words      0xabb7ff41
W51  0xEC   app_tx_bytes           0x00028fdc
W55  0xFC   tx_stat_retx           0x0000004f
W57  0x104  tx_retx_hi             0x12355169
W58  0x108  tx_retx_active         0x00000000
W66  0x128  tx_stat_winstall       0xd4c0f4e8
W67  0x12C  tx_winstall_cap        0x005390ee
W68  0x130  rx_stat_ack_adv        0x0000004b
W69  0x134  tx_win_at_winstall     0x7d780000
SNAP_END N3_PA_N122 nff=0
SNAP_T 1791658677.156739167
SNAP_BEGIN N3_PA_N123 gen=124
W5   0x34   gmii_free_FE           0xad3c3818
W14  0x58   tx_stat_frames_TCP     0x000004d1
W15  0x5C   tx_stat_bytes_TCP      0x001b77f4
W20  0x70   mac_tx_frames          0x000004e5
W43  0xCC   mtx_stat_tx_words      0xad386977
W51  0xEC   app_tx_bytes           0x00028fdc
W55  0xFC   tx_stat_retx           0x0000004f
W57  0x104  tx_retx_hi             0x12355169
W58  0x108  tx_retx_active         0x00000000
W66  0x128  tx_stat_winstall       0xd6295900
W67  0x12C  tx_winstall_cap        0x005390ee
W68  0x130  rx_stat_ack_adv        0x0000004b
W69  0x134  tx_win_at_winstall     0x7d780000
SNAP_END N3_PA_N123 nff=0
SNAP_T 1791658677.317462138
SNAP_BEGIN N3_PA_N124 gen=125
W5   0x34   gmii_free_FE           0xaebb67d3
W14  0x58   tx_stat_frames_TCP     0x000004d1
W15  0x5C   tx_stat_bytes_TCP      0x001b77f4
W20  0x70   mac_tx_frames          0x000004e5
W43  0xCC   mtx_stat_tx_words      0xaeb7983c
W51  0xEC   app_tx_bytes           0x00028fdc
W55  0xFC   tx_stat_retx           0x0000004f
W57  0x104  tx_retx_hi             0x12355169
W58  0x108  tx_retx_active         0x00000000
W66  0x128  tx_stat_winstall       0xd790955e
W67  0x12C  tx_winstall_cap        0x005390ee
W68  0x130  rx_stat_ack_adv        0x0000004b
W69  0x134  tx_win_at_winstall     0x7d780000
SNAP_END N3_PA_N124 nff=0
SNAP_T 1791658677.479301786
SNAP_BEGIN N3_PA_N125 gen=126
W5   0x34   gmii_free_FE           0xb03d3c65
W14  0x58   tx_stat_frames_TCP     0x000004d1
W15  0x5C   tx_stat_bytes_TCP      0x001b77f4
W20  0x70   mac_tx_frames          0x000004e5
W43  0xCC   mtx_stat_tx_words      0xb0396bd7
W51  0xEC   app_tx_bytes           0x00028fdc
W55  0xFC   tx_stat_retx           0x0000004f
W57  0x104  tx_retx_hi             0x12355169
W58  0x108  tx_retx_active         0x00000000
W66  0x128  tx_stat_winstall       0xd8fa4c44
W67  0x12C  tx_winstall_cap        0x005390ee
W68  0x130  rx_stat_ack_adv        0x0000004b
W69  0x134  tx_win_at_winstall     0x7d780000
SNAP_END N3_PA_N125 nff=0
SNAP_T 1791658677.640595465
SNAP_BEGIN N3_PA_N126 gen=127
W5   0x34   gmii_free_FE           0xb1be5786
W14  0x58   tx_stat_frames_TCP     0x000004d1
W15  0x5C   tx_stat_bytes_TCP      0x001b77f4
W20  0x70   mac_tx_frames          0x000004e5
W43  0xCC   mtx_stat_tx_words      0xb1ba8602
W51  0xEC   app_tx_bytes           0x00028fdc
W55  0xFC   tx_stat_retx           0x0000004f
W57  0x104  tx_retx_hi             0x12355169
W58  0x108  tx_retx_active         0x00000000
W66  0x128  tx_stat_winstall       0xda635552
W67  0x12C  tx_winstall_cap        0x005390ee
W68  0x130  rx_stat_ack_adv        0x0000004b
W69  0x134  tx_win_at_winstall     0x7d780000
SNAP_END N3_PA_N126 nff=0
