SNAP_T 1791658849.729922983
SNAP_BEGIN P1_PA_N0 gen=1
W5   0x34   gmii_free_FE           0x688ab135
W14  0x58   tx_stat_frames_TCP     0x00000000
W15  0x5C   tx_stat_bytes_TCP      0x00000000
W20  0x70   mac_tx_frames          0x00000000
W43  0xCC   mtx_stat_tx_words      0x688b65c4
W51  0xEC   app_tx_bytes           0x00000000
W55  0xFC   tx_stat_retx           0x00000000
W57  0x104  tx_retx_hi             0x00000000
W58  0x108  tx_retx_active         0x00000000
W66  0x128  tx_stat_winstall       0x00000000
W67  0x12C  tx_winstall_cap        0x00000000
W68  0x130  rx_stat_ack_adv        0x00000000
W69  0x134  tx_win_at_winstall     0x00000000
SNAP_END P1_PA_N0 nff=0
SNAP_T 1791658849.889764159
SNAP_BEGIN P1_PA_N1 gen=2
W5   0x34   gmii_free_FE           0x6a04e64f
W14  0x58   tx_stat_frames_TCP     0x00000000
W15  0x5C   tx_stat_bytes_TCP      0x00000000
W20  0x70   mac_tx_frames          0x00000000
W43  0xCC   mtx_stat_tx_words      0x6a059a0d
W51  0xEC   app_tx_bytes           0x00000000
W55  0xFC   tx_stat_retx           0x00000000
W57  0x104  tx_retx_hi             0x00000000
W58  0x108  tx_retx_active         0x00000000
W66  0x128  tx_stat_winstall       0x00000000
W67  0x12C  tx_winstall_cap        0x00000000
W68  0x130  rx_stat_ack_adv        0x00000000
W69  0x134  tx_win_at_winstall     0x00000000
SNAP_END P1_PA_N1 nff=0
SNAP_T 1791658850.046604059
SNAP_BEGIN P1_PA_N2 gen=3
W5   0x34   gmii_free_FE           0x6b7eba7e
W14  0x58   tx_stat_frames_TCP     0x00000000
W15  0x5C   tx_stat_bytes_TCP      0x00000000
W20  0x70   mac_tx_frames          0x00000000
W43  0xCC   mtx_stat_tx_words      0x6b7f6d6c
W51  0xEC   app_tx_bytes           0x00000000
W55  0xFC   tx_stat_retx           0x00000000
W57  0x104  tx_retx_hi             0x00000000
W58  0x108  tx_retx_active         0x00000000
W66  0x128  tx_stat_winstall       0x00000000
W67  0x12C  tx_winstall_cap        0x00000000
W68  0x130  rx_stat_ack_adv        0x00000000
W69  0x134  tx_win_at_winstall     0x00000000
SNAP_END P1_PA_N2 nff=0
SNAP_T 1791658850.204916739
SNAP_BEGIN P1_PA_N3 gen=4
W5   0x34   gmii_free_FE           0x6cf8a0b0
W14  0x58   tx_stat_frames_TCP     0x00000000
W15  0x5C   tx_stat_bytes_TCP      0x00000000
W20  0x70   mac_tx_frames          0x00000000
W43  0xCC   mtx_stat_tx_words      0x6cf952cc
W51  0xEC   app_tx_bytes           0x00000000
W55  0xFC   tx_stat_retx           0x00000000
W57  0x104  tx_retx_hi             0x00000000
W58  0x108  tx_retx_active         0x00000000
W66  0x128  tx_stat_winstall       0x00000000
W67  0x12C  tx_winstall_cap        0x00000000
W68  0x130  rx_stat_ack_adv        0x00000000
W69  0x134  tx_win_at_winstall     0x00000000
SNAP_END P1_PA_N3 nff=0
SNAP_T 1791658850.363592876
SNAP_BEGIN P1_PA_N4 gen=5
W5   0x34   gmii_free_FE           0x6e6e7718
W14  0x58   tx_stat_frames_TCP     0x00000000
W15  0x5C   tx_stat_bytes_TCP      0x00000000
W20  0x70   mac_tx_frames          0x00000000
W43  0xCC   mtx_stat_tx_words      0x6e6f2866
W51  0xEC   app_tx_bytes           0x00000000
W55  0xFC   tx_stat_retx           0x00000000
W57  0x104  tx_retx_hi             0x00000000
W58  0x108  tx_retx_active         0x00000000
W66  0x128  tx_stat_winstall       0x00000000
W67  0x12C  tx_winstall_cap        0x00000000
W68  0x130  rx_stat_ack_adv        0x00000000
W69  0x134  tx_win_at_winstall     0x00000000
SNAP_END P1_PA_N4 nff=0
SNAP_T 1791658850.520322164
SNAP_BEGIN P1_PA_N5 gen=6
W5   0x34   gmii_free_FE           0x6fe85698
W14  0x58   tx_stat_frames_TCP     0x00000000
W15  0x5C   tx_stat_bytes_TCP      0x00000000
W20  0x70   mac_tx_frames          0x00000000
W43  0xCC   mtx_stat_tx_words      0x6fe90715
W51  0xEC   app_tx_bytes           0x00000000
W55  0xFC   tx_stat_retx           0x00000000
W57  0x104  tx_retx_hi             0x00000000
W58  0x108  tx_retx_active         0x00000000
W66  0x128  tx_stat_winstall       0x00000000
W67  0x12C  tx_winstall_cap        0x00000000
W68  0x130  rx_stat_ack_adv        0x00000000
W69  0x134  tx_win_at_winstall     0x00000000
SNAP_END P1_PA_N5 nff=0
SNAP_T 1791658850.678468343
SNAP_BEGIN P1_PA_N6 gen=7
W5   0x34   gmii_free_FE           0x715d4584
W14  0x58   tx_stat_frames_TCP     0x00000000
W15  0x5C   tx_stat_bytes_TCP      0x00000000
W20  0x70   mac_tx_frames          0x00000000
W43  0xCC   mtx_stat_tx_words      0x715df533
W51  0xEC   app_tx_bytes           0x00000000
W55  0xFC   tx_stat_retx           0x00000000
W57  0x104  tx_retx_hi             0x00000000
W58  0x108  tx_retx_active         0x00000000
W66  0x128  tx_stat_winstall       0x00000000
W67  0x12C  tx_winstall_cap        0x00000000
W68  0x130  rx_stat_ack_adv        0x00000000
W69  0x134  tx_win_at_winstall     0x00000000
SNAP_END P1_PA_N6 nff=0
SNAP_T 1791658850.835537816
SNAP_BEGIN P1_PA_N7 gen=8
W5   0x34   gmii_free_FE           0x72d7b7ad
W14  0x58   tx_stat_frames_TCP     0x00000000
W15  0x5C   tx_stat_bytes_TCP      0x00000000
W20  0x70   mac_tx_frames          0x00000000
W43  0xCC   mtx_stat_tx_words      0x72d8668b
W51  0xEC   app_tx_bytes           0x00000000
W55  0xFC   tx_stat_retx           0x00000000
W57  0x104  tx_retx_hi             0x00000000
W58  0x108  tx_retx_active         0x00000000
W66  0x128  tx_stat_winstall       0x00000000
W67  0x12C  tx_winstall_cap        0x00000000
W68  0x130  rx_stat_ack_adv        0x00000000
W69  0x134  tx_win_at_winstall     0x00000000
SNAP_END P1_PA_N7 nff=0
SNAP_T 1791658850.993619342
SNAP_BEGIN P1_PA_N8 gen=9
W5   0x34   gmii_free_FE           0x74504757
W14  0x58   tx_stat_frames_TCP     0x00000000
W15  0x5C   tx_stat_bytes_TCP      0x00000000
W20  0x70   mac_tx_frames          0x00000000
W43  0xCC   mtx_stat_tx_words      0x7450f564
W51  0xEC   app_tx_bytes           0x00000000
W55  0xFC   tx_stat_retx           0x00000000
W57  0x104  tx_retx_hi             0x00000000
W58  0x108  tx_retx_active         0x00000000
W66  0x128  tx_stat_winstall       0x00000000
W67  0x12C  tx_winstall_cap        0x00000000
W68  0x130  rx_stat_ack_adv        0x00000000
W69  0x134  tx_win_at_winstall     0x00000000
SNAP_END P1_PA_N8 nff=0
SNAP_T 1791658851.151794349
SNAP_BEGIN P1_PA_N9 gen=10
W5   0x34   gmii_free_FE           0x75c9f5cf
W14  0x58   tx_stat_frames_TCP     0x00000000
W15  0x5C   tx_stat_bytes_TCP      0x00000000
W20  0x70   mac_tx_frames          0x00000000
W43  0xCC   mtx_stat_tx_words      0x75caa30b
W51  0xEC   app_tx_bytes           0x00000000
W55  0xFC   tx_stat_retx           0x00000000
W57  0x104  tx_retx_hi             0x00000000
W58  0x108  tx_retx_active         0x00000000
W66  0x128  tx_stat_winstall       0x00000000
W67  0x12C  tx_winstall_cap        0x00000000
W68  0x130  rx_stat_ack_adv        0x00000000
W69  0x134  tx_win_at_winstall     0x00000000
SNAP_END P1_PA_N9 nff=0
SNAP_T 1791658851.309670322
SNAP_BEGIN P1_PA_N10 gen=11
W5   0x34   gmii_free_FE           0x7742eb85
W14  0x58   tx_stat_frames_TCP     0x00000000
W15  0x5C   tx_stat_bytes_TCP      0x00000000
W20  0x70   mac_tx_frames          0x00000000
W43  0xCC   mtx_stat_tx_words      0x774397f1
W51  0xEC   app_tx_bytes           0x00000000
W55  0xFC   tx_stat_retx           0x00000000
W57  0x104  tx_retx_hi             0x00000000
W58  0x108  tx_retx_active         0x00000000
W66  0x128  tx_stat_winstall       0x00000000
W67  0x12C  tx_winstall_cap        0x00000000
W68  0x130  rx_stat_ack_adv        0x00000000
W69  0x134  tx_win_at_winstall     0x00000000
SNAP_END P1_PA_N10 nff=0
SNAP_T 1791658851.467998647
SNAP_BEGIN P1_PA_N11 gen=12
W5   0x34   gmii_free_FE           0x78b9bf5b
W14  0x58   tx_stat_frames_TCP     0x00000000
W15  0x5C   tx_stat_bytes_TCP      0x00000000
W20  0x70   mac_tx_frames          0x00000000
W43  0xCC   mtx_stat_tx_words      0x78ba6af7
W51  0xEC   app_tx_bytes           0x00000000
W55  0xFC   tx_stat_retx           0x00000000
W57  0x104  tx_retx_hi             0x00000000
W58  0x108  tx_retx_active         0x00000000
W66  0x128  tx_stat_winstall       0x00000000
W67  0x12C  tx_winstall_cap        0x00000000
W68  0x130  rx_stat_ack_adv        0x00000000
W69  0x134  tx_win_at_winstall     0x00000000
SNAP_END P1_PA_N11 nff=0
SNAP_T 1791658851.625533589
SNAP_BEGIN P1_PA_N12 gen=13
W5   0x34   gmii_free_FE           0x7a33426c
W14  0x58   tx_stat_frames_TCP     0x00000000
W15  0x5C   tx_stat_bytes_TCP      0x00000000
W20  0x70   mac_tx_frames          0x00000000
W43  0xCC   mtx_stat_tx_words      0x7a33ed37
W51  0xEC   app_tx_bytes           0x00000000
W55  0xFC   tx_stat_retx           0x00000000
W57  0x104  tx_retx_hi             0x00000000
W58  0x108  tx_retx_active         0x00000000
W66  0x128  tx_stat_winstall       0x00000000
W67  0x12C  tx_winstall_cap        0x00000000
W68  0x130  rx_stat_ack_adv        0x00000000
W69  0x134  tx_win_at_winstall     0x00000000
SNAP_END P1_PA_N12 nff=0
SNAP_T 1791658851.783707485
SNAP_BEGIN P1_PA_N13 gen=14
W5   0x34   gmii_free_FE           0x7bab7e14
W14  0x58   tx_stat_frames_TCP     0x00000083
W15  0x5C   tx_stat_bytes_TCP      0x0002eb1c
W20  0x70   mac_tx_frames          0x00000085
W43  0xCC   mtx_stat_tx_words      0x7bac280e
W51  0xEC   app_tx_bytes           0x0000faf0
W55  0xFC   tx_stat_retx           0x00000005
W57  0x104  tx_retx_hi             0x12355169
W58  0x108  tx_retx_active         0x00000000
W66  0x128  tx_stat_winstall       0x00712da5
W67  0x12C  tx_winstall_cap        0x00000171
W68  0x130  rx_stat_ack_adv        0x00000006
W69  0x134  tx_win_at_winstall     0xcd500340
SNAP_END P1_PA_N13 nff=0
SNAP_T 1791658851.945523466
SNAP_BEGIN P1_PA_N14 gen=15
W5   0x34   gmii_free_FE           0x7d2ad18a
W14  0x58   tx_stat_frames_TCP     0x00000184
W15  0x5C   tx_stat_bytes_TCP      0x0008a4d0
W20  0x70   mac_tx_frames          0x00000186
W43  0xCC   mtx_stat_tx_words      0x7d2b7aaf
W51  0xEC   app_tx_bytes           0x0000faf0
W55  0xFC   tx_stat_retx           0x00000015
W57  0x104  tx_retx_hi             0x12355169
W58  0x108  tx_retx_active         0x00000000
W66  0x128  tx_stat_winstall       0x01d7d6c8
W67  0x12C  tx_winstall_cap        0x00000171
W68  0x130  rx_stat_ack_adv        0x00000017
W69  0x134  tx_win_at_winstall     0x6c5c0340
SNAP_END P1_PA_N14 nff=0
SNAP_T 1791658852.109152507
SNAP_BEGIN P1_PA_N15 gen=16
W5   0x34   gmii_free_FE           0x7eb11a96
W14  0x58   tx_stat_frames_TCP     0x000001f1
W15  0x5C   tx_stat_bytes_TCP      0x000b070c
W20  0x70   mac_tx_frames          0x000001f3
W43  0xCC   mtx_stat_tx_words      0x7eb1c2e2
W51  0xEC   app_tx_bytes           0x0000faf0
W55  0xFC   tx_stat_retx           0x00000021
W57  0x104  tx_retx_hi             0x12355169
W58  0x108  tx_retx_active         0x00000000
W66  0x128  tx_stat_winstall       0x03456fa4
W67  0x12C  tx_winstall_cap        0x00000171
W68  0x130  rx_stat_ack_adv        0x00000021
W69  0x134  tx_win_at_winstall     0x33540340
SNAP_END P1_PA_N15 nff=0
SNAP_T 1791658852.270725189
SNAP_BEGIN P1_PA_N16 gen=17
W5   0x34   gmii_free_FE           0x8032e602
W14  0x58   tx_stat_frames_TCP     0x000004ca
W15  0x5C   tx_stat_bytes_TCP      0x001b3eec
W20  0x70   mac_tx_frames          0x000004cc
W43  0xCC   mtx_stat_tx_words      0x80338d78
W51  0xEC   app_tx_bytes           0x000ff370
W55  0xFC   tx_stat_retx           0x0000002e
W57  0x104  tx_retx_hi             0x12355169
W58  0x108  tx_retx_active         0x00000000
W66  0x128  tx_stat_winstall       0x04a72bed
W67  0x12C  tx_winstall_cap        0x00000171
W68  0x130  rx_stat_ack_adv        0x000002c9
W69  0x134  tx_win_at_winstall     0x05b40340
SNAP_END P1_PA_N16 nff=0
SNAP_T 1791658852.444141345
SNAP_BEGIN P1_PA_N17 gen=18
W5   0x34   gmii_free_FE           0x81d395cd
W14  0x58   tx_stat_frames_TCP     0x00002650
W15  0x5C   tx_stat_bytes_TCP      0x00da6f24
W20  0x70   mac_tx_frames          0x00002652
W43  0xCC   mtx_stat_tx_words      0x81d43c5b
W51  0xEC   app_tx_bytes           0x00cf2918
W55  0xFC   tx_stat_retx           0x0000002e
W57  0x104  tx_retx_hi             0x12355169
W58  0x108  tx_retx_active         0x00000000
W66  0x128  tx_stat_winstall       0x05c38b13
W67  0x12C  tx_winstall_cap        0x00000171
W68  0x130  rx_stat_ack_adv        0x00002450
W69  0x134  tx_win_at_winstall     0x05b40340
SNAP_END P1_PA_N17 nff=0
SNAP_T 1791658852.622083012
SNAP_BEGIN P1_PA_N18 gen=19
W5   0x34   gmii_free_FE           0x837935d0
W14  0x58   tx_stat_frames_TCP     0x00004c1e
W15  0x5C   tx_stat_bytes_TCP      0x01b209fc
W20  0x70   mac_tx_frames          0x00004c20
W43  0xCC   mtx_stat_tx_words      0x8379db74
W51  0xEC   app_tx_bytes           0x01a6be80
W55  0xFC   tx_stat_retx           0x0000002e
W57  0x104  tx_retx_hi             0x12355169
W58  0x108  tx_retx_active         0x00000000
W66  0x128  tx_stat_winstall       0x06e753b6
W67  0x12C  tx_winstall_cap        0x00000171
W68  0x130  rx_stat_ack_adv        0x00004a1d
W69  0x134  tx_win_at_winstall     0x05b40340
SNAP_END P1_PA_N18 nff=0
SNAP_T 1791658852.795861941
SNAP_BEGIN P1_PA_N19 gen=20
W5   0x34   gmii_free_FE           0x851b4a5d
W14  0x58   tx_stat_frames_TCP     0x00007343
W15  0x5C   tx_stat_bytes_TCP      0x02914900
W20  0x70   mac_tx_frames          0x00007345
W43  0xCC   mtx_stat_tx_words      0x851bef18
W51  0xEC   app_tx_bytes           0x0285fd84
W55  0xFC   tx_stat_retx           0x0000002e
W57  0x104  tx_retx_hi             0x12355169
W58  0x108  tx_retx_active         0x00000000
W66  0x128  tx_stat_winstall       0x080a43a5
W67  0x12C  tx_winstall_cap        0x00000171
W68  0x130  rx_stat_ack_adv        0x00007142
W69  0x134  tx_win_at_winstall     0x05b40340
SNAP_END P1_PA_N19 nff=0
SNAP_T 1791658852.963257386
SNAP_BEGIN P1_PA_N20 gen=21
W5   0x34   gmii_free_FE           0x86a9b769
W14  0x58   tx_stat_frames_TCP     0x0000990c
W15  0x5C   tx_stat_bytes_TCP      0x0368c754
W20  0x70   mac_tx_frames          0x0000990e
W43  0xCC   mtx_stat_tx_words      0x86aa5b46
W51  0xEC   app_tx_bytes           0x035d818c
W55  0xFC   tx_stat_retx           0x0000002e
W57  0x104  tx_retx_hi             0x12355169
W58  0x108  tx_retx_active         0x00000000
W66  0x128  tx_stat_winstall       0x09187c41
W67  0x12C  tx_winstall_cap        0x00000171
W68  0x130  rx_stat_ack_adv        0x0000970c
W69  0x134  tx_win_at_winstall     0x05b40340
SNAP_END P1_PA_N20 nff=0
SNAP_T 1791658853.130263179
SNAP_BEGIN P1_PA_N21 gen=22
W5   0x34   gmii_free_FE           0x88346d8e
W14  0x58   tx_stat_frames_TCP     0x0000be6d
W15  0x5C   tx_stat_bytes_TCP      0x043df488
W20  0x70   mac_tx_frames          0x0000be6f
W43  0xCC   mtx_stat_tx_words      0x8835108f
W51  0xEC   app_tx_bytes           0x0432a90c
W55  0xFC   tx_stat_retx           0x0000002e
W57  0x104  tx_retx_hi             0x12355169
W58  0x108  tx_retx_active         0x00000000
W66  0x128  tx_stat_winstall       0x0a23d7ca
W67  0x12C  tx_winstall_cap        0x00000171
W68  0x130  rx_stat_ack_adv        0x0000bc6c
W69  0x134  tx_win_at_winstall     0x05b40340
SNAP_END P1_PA_N21 nff=0
SNAP_T 1791658853.293415370
SNAP_BEGIN P1_PA_N22 gen=23
W5   0x34   gmii_free_FE           0x89bbfb5c
W14  0x58   tx_stat_frames_TCP     0x0000dfe7
W15  0x5C   tx_stat_bytes_TCP      0x04fce050
W20  0x70   mac_tx_frames          0x0000dfe9
W43  0xCC   mtx_stat_tx_words      0x89bc9d83
W51  0xEC   app_tx_bytes           0x04f199b4
W55  0xFC   tx_stat_retx           0x0000002e
W57  0x104  tx_retx_hi             0x12355169
W58  0x108  tx_retx_active         0x00000000
W66  0x128  tx_stat_winstall       0x0b2ce2f0
W67  0x12C  tx_winstall_cap        0x00000171
W68  0x130  rx_stat_ack_adv        0x0000dde7
W69  0x134  tx_win_at_winstall     0x05b40340
SNAP_END P1_PA_N22 nff=0
SNAP_T 1791658853.462224982
SNAP_BEGIN P1_PA_N23 gen=24
W5   0x34   gmii_free_FE           0x8b4c3637
W14  0x58   tx_stat_frames_TCP     0x0001059b
W15  0x5C   tx_stat_bytes_TCP      0x05d3e6e0
W20  0x70   mac_tx_frames          0x0001059d
W43  0xCC   mtx_stat_tx_words      0x8b4cd77e
W51  0xEC   app_tx_bytes           0x05c89b64
W55  0xFC   tx_stat_retx           0x0000002e
W57  0x104  tx_retx_hi             0x12355169
W58  0x108  tx_retx_active         0x00000000
W66  0x128  tx_stat_winstall       0x0c3c61f4
W67  0x12C  tx_winstall_cap        0x00000171
W68  0x130  rx_stat_ack_adv        0x0001039a
W69  0x134  tx_win_at_winstall     0x05b40340
SNAP_END P1_PA_N23 nff=0
SNAP_T 1791658853.628921670
SNAP_BEGIN P1_PA_N24 gen=25
W5   0x34   gmii_free_FE           0x8cdc0e03
W14  0x58   tx_stat_frames_TCP     0x000125fe
W15  0x5C   tx_stat_bytes_TCP      0x068c9b7c
W20  0x70   mac_tx_frames          0x00012600
W43  0xCC   mtx_stat_tx_words      0x8cdcae6b
W51  0xEC   app_tx_bytes           0x06815000
W55  0xFC   tx_stat_retx           0x0000002e
W57  0x104  tx_retx_hi             0x12355169
W58  0x108  tx_retx_active         0x00000000
W66  0x128  tx_stat_winstall       0x0d4a50e7
W67  0x12C  tx_winstall_cap        0x00000171
W68  0x130  rx_stat_ack_adv        0x000123fd
W69  0x134  tx_win_at_winstall     0x05b40340
SNAP_END P1_PA_N24 nff=0
SNAP_T 1791658853.802347500
SNAP_BEGIN P1_PA_N25 gen=26
W5   0x34   gmii_free_FE           0x8e7af028
W14  0x58   tx_stat_frames_TCP     0x00014cbf
W15  0x5C   tx_stat_bytes_TCP      0x0769a030
W20  0x70   mac_tx_frames          0x00014cc1
W43  0xCC   mtx_stat_tx_words      0x8e7b8fa9
W51  0xEC   app_tx_bytes           0x075e54b4
W55  0xFC   tx_stat_retx           0x0000002e
W57  0x104  tx_retx_hi             0x12355169
W58  0x108  tx_retx_active         0x00000000
W66  0x128  tx_stat_winstall       0x0e65484c
W67  0x12C  tx_winstall_cap        0x00000171
W68  0x130  rx_stat_ack_adv        0x00014abe
W69  0x134  tx_win_at_winstall     0x05b40340
SNAP_END P1_PA_N25 nff=0
SNAP_T 1791658853.973994492
SNAP_BEGIN P1_PA_N26 gen=27
W5   0x34   gmii_free_FE           0x9015c93e
W14  0x58   tx_stat_frames_TCP     0x0001712f
W15  0x5C   tx_stat_bytes_TCP      0x08396ef0
W20  0x70   mac_tx_frames          0x00017131
W43  0xCC   mtx_stat_tx_words      0x901667da
W51  0xEC   app_tx_bytes           0x082e2374
W55  0xFC   tx_stat_retx           0x0000002e
W57  0x104  tx_retx_hi             0x12355169
W58  0x108  tx_retx_active         0x00000000
W66  0x128  tx_stat_winstall       0x0f7b04ee
W67  0x12C  tx_winstall_cap        0x00000171
W68  0x130  rx_stat_ack_adv        0x00016f2e
W69  0x134  tx_win_at_winstall     0x05b40340
SNAP_END P1_PA_N26 nff=0
SNAP_T 1791658854.143323493
SNAP_BEGIN P1_PA_N27 gen=28
W5   0x34   gmii_free_FE           0x91a84064
W14  0x58   tx_stat_frames_TCP     0x00019694
W15  0x5C   tx_stat_bytes_TCP      0x090eb2f4
W20  0x70   mac_tx_frames          0x00019696
W43  0xCC   mtx_stat_tx_words      0x91a8de1e
W51  0xEC   app_tx_bytes           0x09036778
W55  0xFC   tx_stat_retx           0x0000002e
W57  0x104  tx_retx_hi             0x12355169
W58  0x108  tx_retx_active         0x00000000
W66  0x128  tx_stat_winstall       0x108f80df
W67  0x12C  tx_winstall_cap        0x00000171
W68  0x130  rx_stat_ack_adv        0x00019493
W69  0x134  tx_win_at_winstall     0x05b40340
SNAP_END P1_PA_N27 nff=0
SNAP_T 1791658854.310819007
SNAP_BEGIN P1_PA_N28 gen=29
W5   0x34   gmii_free_FE           0x93348f86
W14  0x58   tx_stat_frames_TCP     0x0001bc03
W15  0x5C   tx_stat_bytes_TCP      0x09e43000
W20  0x70   mac_tx_frames          0x0001bc05
W43  0xCC   mtx_stat_tx_words      0x93352c63
W51  0xEC   app_tx_bytes           0x09d8e484
W55  0xFC   tx_stat_retx           0x0000002e
W57  0x104  tx_retx_hi             0x12355169
W58  0x108  tx_retx_active         0x00000000
W66  0x128  tx_stat_winstall       0x119b7ddb
W67  0x12C  tx_winstall_cap        0x00000171
W68  0x130  rx_stat_ack_adv        0x0001ba02
W69  0x134  tx_win_at_winstall     0x05b40340
SNAP_END P1_PA_N28 nff=0
SNAP_T 1791658854.477414532
SNAP_BEGIN P1_PA_N29 gen=30
W5   0x34   gmii_free_FE           0x94c53651
W14  0x58   tx_stat_frames_TCP     0x0001e1ea
W15  0x5C   tx_stat_bytes_TCP      0x0abc596c
W20  0x70   mac_tx_frames          0x0001e1ec
W43  0xCC   mtx_stat_tx_words      0x94c5d24d
W51  0xEC   app_tx_bytes           0x0ab10ec8
W55  0xFC   tx_stat_retx           0x0000002e
W57  0x104  tx_retx_hi             0x12355169
W58  0x108  tx_retx_active         0x00000000
W66  0x128  tx_stat_winstall       0x12abefbc
W67  0x12C  tx_winstall_cap        0x00000171
W68  0x130  rx_stat_ack_adv        0x0001dfea
W69  0x134  tx_win_at_winstall     0x05b40340
SNAP_END P1_PA_N29 nff=0
SNAP_T 1791658854.648860932
SNAP_BEGIN P1_PA_N30 gen=31
W5   0x34   gmii_free_FE           0x965c0424
W14  0x58   tx_stat_frames_TCP     0x0002084e
W15  0x5C   tx_stat_bytes_TCP      0x0b974bbc
W20  0x70   mac_tx_frames          0x00020850
W43  0xCC   mtx_stat_tx_words      0x965c9f3d
W51  0xEC   app_tx_bytes           0x0b8c0040
W55  0xFC   tx_stat_retx           0x0000002e
W57  0x104  tx_retx_hi             0x12355169
W58  0x108  tx_retx_active         0x00000000
W66  0x128  tx_stat_winstall       0x13c085c1
W67  0x12C  tx_winstall_cap        0x00000171
W68  0x130  rx_stat_ack_adv        0x0002064d
W69  0x134  tx_win_at_winstall     0x05b40340
SNAP_END P1_PA_N30 nff=0
SNAP_T 1791658854.813811356
SNAP_BEGIN P1_PA_N31 gen=32
W5   0x34   gmii_free_FE           0x97e1f341
W14  0x58   tx_stat_frames_TCP     0x00022fce
W15  0x5C   tx_stat_bytes_TCP      0x0c7891bc
W20  0x70   mac_tx_frames          0x00022fd0
W43  0xCC   mtx_stat_tx_words      0x97e28d80
W51  0xEC   app_tx_bytes           0x0c6d4bf4
W55  0xFC   tx_stat_retx           0x0000002e
W57  0x104  tx_retx_hi             0x12355169
W58  0x108  tx_retx_active         0x00000000
W66  0x128  tx_stat_winstall       0x14c5abeb
W67  0x12C  tx_winstall_cap        0x00000171
W68  0x130  rx_stat_ack_adv        0x00022dce
W69  0x134  tx_win_at_winstall     0x00000000
SNAP_END P1_PA_N31 nff=0
SNAP_T 1791658854.987089145
SNAP_BEGIN P1_PA_N32 gen=33
W5   0x34   gmii_free_FE           0x997f1e82
W14  0x58   tx_stat_frames_TCP     0x00025afe
W15  0x5C   tx_stat_bytes_TCP      0x0d6edf7c
W20  0x70   mac_tx_frames          0x00025b00
W43  0xCC   mtx_stat_tx_words      0x997fb7d9
W51  0xEC   app_tx_bytes           0x0d639400
W55  0xFC   tx_stat_retx           0x0000002e
W57  0x104  tx_retx_hi             0x12355169
W58  0x108  tx_retx_active         0x00000000
W66  0x128  tx_stat_winstall       0x15df7958
W67  0x12C  tx_winstall_cap        0x00000171
W68  0x130  rx_stat_ack_adv        0x000258fd
W69  0x134  tx_win_at_winstall     0x05b40340
SNAP_END P1_PA_N32 nff=0
SNAP_T 1791658855.151204436
SNAP_BEGIN P1_PA_N33 gen=34
W5   0x34   gmii_free_FE           0x9b07a59f
W14  0x58   tx_stat_frames_TCP     0x0002835d
W15  0x5C   tx_stat_bytes_TCP      0x0e551d48
W20  0x70   mac_tx_frames          0x0002835f
W43  0xCC   mtx_stat_tx_words      0x9b083e1a
W51  0xEC   app_tx_bytes           0x0e49d1cc
W55  0xFC   tx_stat_retx           0x0000002e
W57  0x104  tx_retx_hi             0x12355169
W58  0x108  tx_retx_active         0x00000000
W66  0x128  tx_stat_winstall       0x16eca7c4
W67  0x12C  tx_winstall_cap        0x00000171
W68  0x130  rx_stat_ack_adv        0x0002815c
W69  0x134  tx_win_at_winstall     0x05b40340
SNAP_END P1_PA_N33 nff=0
SNAP_T 1791658855.317131905
SNAP_BEGIN P1_PA_N34 gen=35
W5   0x34   gmii_free_FE           0x9c926711
W14  0x58   tx_stat_frames_TCP     0x0002a980
W15  0x5C   tx_stat_bytes_TCP      0x0f2e9ce4
W20  0x70   mac_tx_frames          0x0002a982
W43  0xCC   mtx_stat_tx_words      0x9c92feaf
W51  0xEC   app_tx_bytes           0x0f235168
W55  0xFC   tx_stat_retx           0x0000002e
W57  0x104  tx_retx_hi             0x12355169
W58  0x108  tx_retx_active         0x00000000
W66  0x128  tx_stat_winstall       0x17f9d3e9
W67  0x12C  tx_winstall_cap        0x00000171
W68  0x130  rx_stat_ack_adv        0x0002a77f
W69  0x134  tx_win_at_winstall     0x05b40340
SNAP_END P1_PA_N34 nff=0
SNAP_T 1791658855.485149882
SNAP_BEGIN P1_PA_N35 gen=36
W5   0x34   gmii_free_FE           0x9e22cb19
W14  0x58   tx_stat_frames_TCP     0x0002cdb3
W15  0x5C   tx_stat_bytes_TCP      0x0ffd0fc0
W20  0x70   mac_tx_frames          0x0002cdb5
W43  0xCC   mtx_stat_tx_words      0x9e2361d6
W51  0xEC   app_tx_bytes           0x0ff1c6ec
W55  0xFC   tx_stat_retx           0x0000002e
W57  0x104  tx_retx_hi             0x12355169
W58  0x108  tx_retx_active         0x00000000
W66  0x128  tx_stat_winstall       0x190bda43
W67  0x12C  tx_winstall_cap        0x00000171
W68  0x130  rx_stat_ack_adv        0x0002cbb3
W69  0x134  tx_win_at_winstall     0x05b40340
SNAP_END P1_PA_N35 nff=0
SNAP_T 1791658855.648938785
SNAP_BEGIN P1_PA_N36 gen=37
W5   0x34   gmii_free_FE           0x9fa99411
W14  0x58   tx_stat_frames_TCP     0x0002f2fb
W15  0x5C   tx_stat_bytes_TCP      0x10d1adcf
W20  0x70   mac_tx_frames          0x0002f2fd
W43  0xCC   mtx_stat_tx_words      0x9faa29f3
W51  0xEC   app_tx_bytes           0x10c66253
W55  0xFC   tx_stat_retx           0x0000002e
W57  0x104  tx_retx_hi             0x12355169
W58  0x108  tx_retx_active         0x00000000
W66  0x128  tx_stat_winstall       0x1a12b385
W67  0x12C  tx_winstall_cap        0x00000171
W68  0x130  rx_stat_ack_adv        0x0002f0fa
W69  0x134  tx_win_at_winstall     0x05b40340
SNAP_END P1_PA_N36 nff=0
SNAP_T 1791658855.814622962
SNAP_BEGIN P1_PA_N37 gen=38
W5   0x34   gmii_free_FE           0xa135832b
W14  0x58   tx_stat_frames_TCP     0x00031884
W15  0x5C   tx_stat_bytes_TCP      0x11a7bf23
W20  0x70   mac_tx_frames          0x00031886
W43  0xCC   mtx_stat_tx_words      0xa136182f
W51  0xEC   app_tx_bytes           0x119c73a7
W55  0xFC   tx_stat_retx           0x0000002e
W57  0x104  tx_retx_hi             0x12355169
W58  0x108  tx_retx_active         0x00000000
W66  0x128  tx_stat_winstall       0x1b1d0320
W67  0x12C  tx_winstall_cap        0x00000171
W68  0x130  rx_stat_ack_adv        0x00031683
W69  0x134  tx_win_at_winstall     0x05b40340
SNAP_END P1_PA_N37 nff=0
SNAP_T 1791658855.999253160
SNAP_BEGIN P1_PA_N38 gen=39
W5   0x34   gmii_free_FE           0xa2ee3790
W14  0x58   tx_stat_frames_TCP     0x000341f1
W15  0x5C   tx_stat_bytes_TCP      0x129400c7
W20  0x70   mac_tx_frames          0x000341f3
W43  0xCC   mtx_stat_tx_words      0xa2eecb9c
W51  0xEC   app_tx_bytes           0x1288b54b
W55  0xFC   tx_stat_retx           0x0000002e
W57  0x104  tx_retx_hi             0x12355169
W58  0x108  tx_retx_active         0x00000000
W66  0x128  tx_stat_winstall       0x1c477e6f
W67  0x12C  tx_winstall_cap        0x00000171
W68  0x130  rx_stat_ack_adv        0x00033ff0
W69  0x134  tx_win_at_winstall     0x05b40340
SNAP_END P1_PA_N38 nff=0
SNAP_T 1791658856.168725445
SNAP_BEGIN P1_PA_N39 gen=40
W5   0x34   gmii_free_FE           0xa484c0ae
W14  0x58   tx_stat_frames_TCP     0x0003685e
W15  0x5C   tx_stat_bytes_TCP      0x136f266b
W20  0x70   mac_tx_frames          0x00036860
W43  0xCC   mtx_stat_tx_words      0xa48553d6
W51  0xEC   app_tx_bytes           0x1363daef
W55  0xFC   tx_stat_retx           0x0000002e
W57  0x104  tx_retx_hi             0x12355169
W58  0x108  tx_retx_active         0x00000000
W66  0x128  tx_stat_winstall       0x1d5ccbb5
W67  0x12C  tx_winstall_cap        0x00000171
W68  0x130  rx_stat_ack_adv        0x0003665d
W69  0x134  tx_win_at_winstall     0x00000000
SNAP_END P1_PA_N39 nff=0
SNAP_T 1791658856.351564640
SNAP_BEGIN P1_PA_N40 gen=41
W5   0x34   gmii_free_FE           0xa63aef10
W14  0x58   tx_stat_frames_TCP     0x00039166
W15  0x5C   tx_stat_bytes_TCP      0x1459280b
W20  0x70   mac_tx_frames          0x00039168
W43  0xCC   mtx_stat_tx_words      0xa63b8141
W51  0xEC   app_tx_bytes           0x144ddc8f
W55  0xFC   tx_stat_retx           0x0000002e
W57  0x104  tx_retx_hi             0x12355169
W58  0x108  tx_retx_active         0x00000000
W66  0x128  tx_stat_winstall       0x1e88e11e
W67  0x12C  tx_winstall_cap        0x00000171
W68  0x130  rx_stat_ack_adv        0x00038f65
W69  0x134  tx_win_at_winstall     0x05b40340
SNAP_END P1_PA_N40 nff=0
SNAP_T 1791658856.520288545
SNAP_BEGIN P1_PA_N41 gen=42
W5   0x34   gmii_free_FE           0xa7c9aa7c
W14  0x58   tx_stat_frames_TCP     0x0003b6dc
W15  0x5C   tx_stat_bytes_TCP      0x152ecd03
W20  0x70   mac_tx_frames          0x0003b6de
W43  0xCC   mtx_stat_tx_words      0xa7ca3bcd
W51  0xEC   app_tx_bytes           0x15238187
W55  0xFC   tx_stat_retx           0x0000002e
W57  0x104  tx_retx_hi             0x12355169
W58  0x108  tx_retx_active         0x00000000
W66  0x128  tx_stat_winstall       0x1f954589
W67  0x12C  tx_winstall_cap        0x00000171
W68  0x130  rx_stat_ack_adv        0x0003b4db
W69  0x134  tx_win_at_winstall     0x00000000
SNAP_END P1_PA_N41 nff=0
SNAP_T 1791658856.698924701
SNAP_BEGIN P1_PA_N42 gen=43
W5   0x34   gmii_free_FE           0xa97627af
W14  0x58   tx_stat_frames_TCP     0x0003df00
W15  0x5C   tx_stat_bytes_TCP      0x1613ba53
W20  0x70   mac_tx_frames          0x0003df02
W43  0xCC   mtx_stat_tx_words      0xa976b80e
W51  0xEC   app_tx_bytes           0x16086ed7
W55  0xFC   tx_stat_retx           0x0000002e
W57  0x104  tx_retx_hi             0x12355169
W58  0x108  tx_retx_active         0x00000000
W66  0x128  tx_stat_winstall       0x20b836e9
W67  0x12C  tx_winstall_cap        0x00000171
W68  0x130  rx_stat_ack_adv        0x0003dcff
W69  0x134  tx_win_at_winstall     0x05b40340
SNAP_END P1_PA_N42 nff=0
SNAP_T 1791658856.869820685
SNAP_BEGIN P1_PA_N43 gen=44
W5   0x34   gmii_free_FE           0xab07c462
W14  0x58   tx_stat_frames_TCP     0x00040876
W15  0x5C   tx_stat_bytes_TCP      0x17002f4b
W20  0x70   mac_tx_frames          0x00040878
W43  0xCC   mtx_stat_tx_words      0xab0853df
W51  0xEC   app_tx_bytes           0x16f4e3cf
W55  0xFC   tx_stat_retx           0x0000002e
W57  0x104  tx_retx_hi             0x12355169
W58  0x108  tx_retx_active         0x00000000
W66  0x128  tx_stat_winstall       0x21c7d670
W67  0x12C  tx_winstall_cap        0x00000171
W68  0x130  rx_stat_ack_adv        0x00040675
W69  0x134  tx_win_at_winstall     0x05b40340
SNAP_END P1_PA_N43 nff=0
SNAP_T 1791658857.041241673
SNAP_BEGIN P1_PA_N44 gen=45
W5   0x34   gmii_free_FE           0xaca0fbc4
W14  0x58   tx_stat_frames_TCP     0x00042fb9
W15  0x5C   tx_stat_bytes_TCP      0x17e01967
W20  0x70   mac_tx_frames          0x00042fbb
W43  0xCC   mtx_stat_tx_words      0xaca18a5b
W51  0xEC   app_tx_bytes           0x17d4cdeb
W55  0xFC   tx_stat_retx           0x0000002e
W57  0x104  tx_retx_hi             0x12355169
W58  0x108  tx_retx_active         0x00000000
W66  0x128  tx_stat_winstall       0x22dddb82
W67  0x12C  tx_winstall_cap        0x00000171
W68  0x130  rx_stat_ack_adv        0x00042db8
W69  0x134  tx_win_at_winstall     0x05b40340
SNAP_END P1_PA_N44 nff=0
