SNAP_T 1791659102.397866965
SNAP_BEGIN P3_C1_N0 gen=1025
W5   0x34   gmii_free_FE           0x99b17c24
W14  0x58   tx_stat_frames_TCP     0x0004306a
W15  0x5C   tx_stat_bytes_TCP      0x17e3e2ef
W20  0x70   mac_tx_frames          0x00043082
W43  0xCC   mtx_stat_tx_words      0x99ac6e2e
W51  0xEC   app_tx_bytes           0x17d88657
W55  0xFC   tx_stat_retx           0x0000002f
W57  0x104  tx_retx_hi             0x12355169
W58  0x108  tx_retx_active         0x00000000
W66  0x128  tx_stat_winstall       0x6c343404
W67  0x12C  tx_winstall_cap        0x00000171
W68  0x130  rx_stat_ack_adv        0x00042e3d
W69  0x134  tx_win_at_winstall     0x00000000
SNAP_END P3_C1_N0 nff=0
SNAP_T 1791659102.567478181
SNAP_BEGIN P3_C1_N1 gen=1026
W5   0x34   gmii_free_FE           0x9b4540d9
W14  0x58   tx_stat_frames_TCP     0x00045701
W15  0x5C   tx_stat_bytes_TCP      0x18bff267
W20  0x70   mac_tx_frames          0x0004571a
W43  0xCC   mtx_stat_tx_words      0x9b4031df
W51  0xEC   app_tx_bytes           0x18b4901b
W55  0xFC   tx_stat_retx           0x00000030
W57  0x104  tx_retx_hi             0x12346795
W58  0x108  tx_retx_active         0x00000000
W66  0x128  tx_stat_winstall       0x6d29055e
W67  0x12C  tx_winstall_cap        0x00000171
W68  0x130  rx_stat_ack_adv        0x000454d1
W69  0x134  tx_win_at_winstall     0x05b405b4
SNAP_END P3_C1_N1 nff=0
SNAP_T 1791659102.733336068
SNAP_BEGIN P3_C1_N2 gen=1027
W5   0x34   gmii_free_FE           0x9ccfd7cf
W14  0x58   tx_stat_frames_TCP     0x000480ff
W15  0x5C   tx_stat_bytes_TCP      0x19af6eff
W20  0x70   mac_tx_frames          0x00048118
W43  0xCC   mtx_stat_tx_words      0x9ccac7d6
W51  0xEC   app_tx_bytes           0x19a4104b
W55  0xFC   tx_stat_retx           0x00000030
W57  0x104  tx_retx_hi             0x12346795
W58  0x108  tx_retx_active         0x00000000
W66  0x128  tx_stat_winstall       0x6e39e884
W67  0x12C  tx_winstall_cap        0x00000171
W68  0x130  rx_stat_ack_adv        0x00047ed0
W69  0x134  tx_win_at_winstall     0x00000000
SNAP_END P3_C1_N2 nff=0
SNAP_T 1791659102.901313134
SNAP_BEGIN P3_C1_N3 gen=1028
W5   0x34   gmii_free_FE           0x9e60cda3
W14  0x58   tx_stat_frames_TCP     0x0004ac46
W15  0x5C   tx_stat_bytes_TCP      0x1aa63feb
W20  0x70   mac_tx_frames          0x0004ac5f
W43  0xCC   mtx_stat_tx_words      0x9e5bbca7
W51  0xEC   app_tx_bytes           0x1a9add9f
W55  0xFC   tx_stat_retx           0x00000030
W57  0x104  tx_retx_hi             0x12346795
W58  0x108  tx_retx_active         0x00000000
W66  0x128  tx_stat_winstall       0x6f4da916
W67  0x12C  tx_winstall_cap        0x00000171
W68  0x130  rx_stat_ack_adv        0x0004aa16
W69  0x134  tx_win_at_winstall     0x05b405b4
SNAP_END P3_C1_N3 nff=0
SNAP_T 1791659103.072137358
SNAP_BEGIN P3_C1_N4 gen=1029
W5   0x34   gmii_free_FE           0x9ffc20ca
W14  0x58   tx_stat_frames_TCP     0x0004d7ba
W15  0x5C   tx_stat_bytes_TCP      0x1b9e117b
W20  0x70   mac_tx_frames          0x0004d7d3
W43  0xCC   mtx_stat_tx_words      0x9ff70ec5
W51  0xEC   app_tx_bytes           0x1b92b4df
W55  0xFC   tx_stat_retx           0x00000030
W57  0x104  tx_retx_hi             0x12346795
W58  0x108  tx_retx_active         0x00000000
W66  0x128  tx_stat_winstall       0x70692f58
W67  0x12C  tx_winstall_cap        0x00000171
W68  0x130  rx_stat_ack_adv        0x0004d58b
W69  0x134  tx_win_at_winstall     0x05b405b4
SNAP_END P3_C1_N4 nff=0
SNAP_T 1791659103.244548304
SNAP_BEGIN P3_C1_N5 gen=1030
W5   0x34   gmii_free_FE           0xa1937df0
W14  0x58   tx_stat_frames_TCP     0x00050295
W15  0x5C   tx_stat_bytes_TCP      0x1c927a77
W20  0x70   mac_tx_frames          0x000502ae
W43  0xCC   mtx_stat_tx_words      0xa18e6ae3
W51  0xEC   app_tx_bytes           0x1c87182b
W55  0xFC   tx_stat_retx           0x00000030
W57  0x104  tx_retx_hi             0x12346795
W58  0x108  tx_retx_active         0x00000000
W66  0x128  tx_stat_winstall       0x717dc8fc
W67  0x12C  tx_winstall_cap        0x00000171
W68  0x130  rx_stat_ack_adv        0x00050065
W69  0x134  tx_win_at_winstall     0x05b405b4
SNAP_END P3_C1_N5 nff=0
SNAP_T 1791659103.409558004
SNAP_BEGIN P3_C1_N6 gen=1031
W5   0x34   gmii_free_FE           0xa31c5f1f
W14  0x58   tx_stat_frames_TCP     0x00052d08
W15  0x5C   tx_stat_bytes_TCP      0x1d849253
W20  0x70   mac_tx_frames          0x00052d21
W43  0xCC   mtx_stat_tx_words      0xa3174b15
W51  0xEC   app_tx_bytes           0x1d793267
W55  0xFC   tx_stat_retx           0x00000030
W57  0x104  tx_retx_hi             0x12346795
W58  0x108  tx_retx_active         0x00000000
W66  0x128  tx_stat_winstall       0x728a1082
W67  0x12C  tx_winstall_cap        0x00000171
W68  0x130  rx_stat_ack_adv        0x00052ad9
W69  0x134  tx_win_at_winstall     0x05b405b4
SNAP_END P3_C1_N6 nff=0
SNAP_T 1791659103.576343256
SNAP_BEGIN P3_C1_N7 gen=1032
W5   0x34   gmii_free_FE           0xa4aa1ed1
W14  0x58   tx_stat_frames_TCP     0x000557a8
W15  0x5C   tx_stat_bytes_TCP      0x1e77aad3
W20  0x70   mac_tx_frames          0x000557c1
W43  0xCC   mtx_stat_tx_words      0xa4a509c6
W51  0xEC   app_tx_bytes           0x1e6c4e3b
W55  0xFC   tx_stat_retx           0x00000030
W57  0x104  tx_retx_hi             0x12346795
W58  0x108  tx_retx_active         0x00000000
W66  0x128  tx_stat_winstall       0x739707a7
W67  0x12C  tx_winstall_cap        0x00000171
W68  0x130  rx_stat_ack_adv        0x00055579
W69  0x134  tx_win_at_winstall     0x05b405b4
SNAP_END P3_C1_N7 nff=0
SNAP_T 1791659103.742590550
SNAP_BEGIN P3_C1_N8 gen=1033
W5   0x34   gmii_free_FE           0xa6378860
W14  0x58   tx_stat_frames_TCP     0x00058264
W15  0x5C   tx_stat_bytes_TCP      0x1f6b6303
W20  0x70   mac_tx_frames          0x0005827d
W43  0xCC   mtx_stat_tx_words      0xa6327255
W51  0xEC   app_tx_bytes           0x1f6000b7
W55  0xFC   tx_stat_retx           0x00000030
W57  0x104  tx_retx_hi             0x12346795
W58  0x108  tx_retx_active         0x00000000
W66  0x128  tx_stat_winstall       0x74ac1b1d
W67  0x12C  tx_winstall_cap        0x00000171
W68  0x130  rx_stat_ack_adv        0x00058034
W69  0x134  tx_win_at_winstall     0x05b405b4
SNAP_END P3_C1_N8 nff=0
SNAP_T 1791659103.915373047
SNAP_BEGIN P3_C1_N9 gen=1034
W5   0x34   gmii_free_FE           0xa7d25e71
W14  0x58   tx_stat_frames_TCP     0x0005ae9d
W15  0x5C   tx_stat_bytes_TCP      0x20679817
W20  0x70   mac_tx_frames          0x0005aeb6
W43  0xCC   mtx_stat_tx_words      0xa7cd475d
W51  0xEC   app_tx_bytes           0x205c388b
W55  0xFC   tx_stat_retx           0x00000030
W57  0x104  tx_retx_hi             0x12346795
W58  0x108  tx_retx_active         0x00000000
W66  0x128  tx_stat_winstall       0x75c6a977
W67  0x12C  tx_winstall_cap        0x00000171
W68  0x130  rx_stat_ack_adv        0x0005ac6e
W69  0x134  tx_win_at_winstall     0x05b405b4
SNAP_END P3_C1_N9 nff=0
SNAP_T 1791659104.088996642
SNAP_BEGIN P3_C1_N10 gen=1035
W5   0x34   gmii_free_FE           0xa97000a9
W14  0x58   tx_stat_frames_TCP     0x0005db62
W15  0x5C   tx_stat_bytes_TCP      0x2166eb9b
W20  0x70   mac_tx_frames          0x0005db7b
W43  0xCC   mtx_stat_tx_words      0xa96ae889
W51  0xEC   app_tx_bytes           0x215b894f
W55  0xFC   tx_stat_retx           0x00000030
W57  0x104  tx_retx_hi             0x12346795
W58  0x108  tx_retx_active         0x00000000
W66  0x128  tx_stat_winstall       0x76e41ced
W67  0x12C  tx_winstall_cap        0x00000171
W68  0x130  rx_stat_ack_adv        0x0005d932
W69  0x134  tx_win_at_winstall     0x05b405b4
SNAP_END P3_C1_N10 nff=0
SNAP_T 1791659104.254486800
SNAP_BEGIN P3_C1_N11 gen=1036
W5   0x34   gmii_free_FE           0xaaffbb23
W14  0x58   tx_stat_frames_TCP     0x0006061f
W15  0x5C   tx_stat_bytes_TCP      0x225aa97f
W20  0x70   mac_tx_frames          0x00060638
W43  0xCC   mtx_stat_tx_words      0xaafaa201
W51  0xEC   app_tx_bytes           0x224f4733
W55  0xFC   tx_stat_retx           0x00000030
W57  0x104  tx_retx_hi             0x12346795
W58  0x108  tx_retx_active         0x00000000
W66  0x128  tx_stat_winstall       0x77f7dd1a
W67  0x12C  tx_winstall_cap        0x00000171
W68  0x130  rx_stat_ack_adv        0x000603ef
W69  0x134  tx_win_at_winstall     0x05b405b4
SNAP_END P3_C1_N11 nff=0
SNAP_T 1791659104.420104944
SNAP_BEGIN P3_C1_N12 gen=1037
W5   0x34   gmii_free_FE           0xac8cc6cc
W14  0x58   tx_stat_frames_TCP     0x000630c9
W15  0x5C   tx_stat_bytes_TCP      0x234dfb07
W20  0x70   mac_tx_frames          0x000630e2
W43  0xCC   mtx_stat_tx_words      0xac87acaa
W51  0xEC   app_tx_bytes           0x23429a7b
W55  0xFC   tx_stat_retx           0x00000030
W57  0x104  tx_retx_hi             0x12346795
W58  0x108  tx_retx_active         0x00000000
W66  0x128  tx_stat_winstall       0x79099282
W67  0x12C  tx_winstall_cap        0x00000171
W68  0x130  rx_stat_ack_adv        0x00062e9a
W69  0x134  tx_win_at_winstall     0x00000000
SNAP_END P3_C1_N12 nff=0
SNAP_T 1791659104.596165620
SNAP_BEGIN P3_C1_N13 gen=1038
W5   0x34   gmii_free_FE           0xae298411
W14  0x58   tx_stat_frames_TCP     0x00065d93
W15  0x5C   tx_stat_bytes_TCP      0x244d6b0f
W20  0x70   mac_tx_frames          0x00065dac
W43  0xCC   mtx_stat_tx_words      0xae2468e4
W51  0xEC   app_tx_bytes           0x244208c3
W55  0xFC   tx_stat_retx           0x00000030
W57  0x104  tx_retx_hi             0x12346795
W58  0x108  tx_retx_active         0x00000000
W66  0x128  tx_stat_winstall       0x7a2877fc
W67  0x12C  tx_winstall_cap        0x00000171
W68  0x130  rx_stat_ack_adv        0x00065b63
W69  0x134  tx_win_at_winstall     0x05b405b4
SNAP_END P3_C1_N13 nff=0
SNAP_T 1791659104.771615816
SNAP_BEGIN P3_C1_N14 gen=1039
W5   0x34   gmii_free_FE           0xafcbda62
W14  0x58   tx_stat_frames_TCP     0x00068a05
W15  0x5C   tx_stat_bytes_TCP      0x254ae537
W20  0x70   mac_tx_frames          0x00068a1e
W43  0xCC   mtx_stat_tx_words      0xafc6be27
W51  0xEC   app_tx_bytes           0x253f82eb
W55  0xFC   tx_stat_retx           0x00000030
W57  0x104  tx_retx_hi             0x12346795
W58  0x108  tx_retx_active         0x00000000
W66  0x128  tx_stat_winstall       0x7b495ffe
W67  0x12C  tx_winstall_cap        0x00000171
W68  0x130  rx_stat_ack_adv        0x000687d5
W69  0x134  tx_win_at_winstall     0x05b405b4
SNAP_END P3_C1_N14 nff=0
SNAP_T 1791659104.937557776
SNAP_BEGIN P3_C1_N15 gen=1040
W5   0x34   gmii_free_FE           0xb157add9
W14  0x58   tx_stat_frames_TCP     0x0006b4ba
W15  0x5C   tx_stat_bytes_TCP      0x263e757b
W20  0x70   mac_tx_frames          0x0006b4d3
W43  0xCC   mtx_stat_tx_words      0xb152909e
W51  0xEC   app_tx_bytes           0x263318e3
W55  0xFC   tx_stat_retx           0x00000030
W57  0x104  tx_retx_hi             0x12346795
W58  0x108  tx_retx_active         0x00000000
W66  0x128  tx_stat_winstall       0x7c5ad3ab
W67  0x12C  tx_winstall_cap        0x00000171
W68  0x130  rx_stat_ack_adv        0x0006b28b
W69  0x134  tx_win_at_winstall     0x05b405b4
SNAP_END P3_C1_N15 nff=0
SNAP_T 1791659105.103989187
SNAP_BEGIN P3_C1_N16 gen=1041
W5   0x34   gmii_free_FE           0xb2e9820b
W14  0x58   tx_stat_frames_TCP     0x0006dfae
W15  0x5C   tx_stat_bytes_TCP      0x27336d0b
W20  0x70   mac_tx_frames          0x0006dfc7
W43  0xCC   mtx_stat_tx_words      0xb2e463cd
W51  0xEC   app_tx_bytes           0x27280abf
W55  0xFC   tx_stat_retx           0x00000030
W57  0x104  tx_retx_hi             0x12346795
W58  0x108  tx_retx_active         0x00000000
W66  0x128  tx_stat_winstall       0x7d714c5d
W67  0x12C  tx_winstall_cap        0x00000171
W68  0x130  rx_stat_ack_adv        0x0006dd7e
W69  0x134  tx_win_at_winstall     0x05b405b4
SNAP_END P3_C1_N16 nff=0
SNAP_T 1791659105.270559375
SNAP_BEGIN P3_C1_N17 gen=1042
W5   0x34   gmii_free_FE           0xb471a75e
W14  0x58   tx_stat_frames_TCP     0x000709ee
W15  0x5C   tx_stat_bytes_TCP      0x2824617a
W20  0x70   mac_tx_frames          0x00070a07
W43  0xCC   mtx_stat_tx_words      0xb46c8823
W51  0xEC   app_tx_bytes           0x2818ff2e
W55  0xFC   tx_stat_retx           0x00000030
W57  0x104  tx_retx_hi             0x12346795
W58  0x108  tx_retx_active         0x00000000
W66  0x128  tx_stat_winstall       0x7e7a2a97
W67  0x12C  tx_winstall_cap        0x00000171
W68  0x130  rx_stat_ack_adv        0x000707be
W69  0x134  tx_win_at_winstall     0x00000000
SNAP_END P3_C1_N17 nff=0
SNAP_T 1791659105.433487134
SNAP_BEGIN P3_C1_N18 gen=1043
W5   0x34   gmii_free_FE           0xb5f605c8
W14  0x58   tx_stat_frames_TCP     0x000733a9
W15  0x5C   tx_stat_bytes_TCP      0x29125ff6
W20  0x70   mac_tx_frames          0x000733c2
W43  0xCC   mtx_stat_tx_words      0xb5f0e592
W51  0xEC   app_tx_bytes           0x2906fdaa
W55  0xFC   tx_stat_retx           0x00000030
W57  0x104  tx_retx_hi             0x12346795
W58  0x108  tx_retx_active         0x00000000
W66  0x128  tx_stat_winstall       0x7f7ff3fe
W67  0x12C  tx_winstall_cap        0x00000171
W68  0x130  rx_stat_ack_adv        0x00073179
W69  0x134  tx_win_at_winstall     0x05b405b4
SNAP_END P3_C1_N18 nff=0
SNAP_T 1791659105.600379167
SNAP_BEGIN P3_C1_N19 gen=1044
W5   0x34   gmii_free_FE           0xb7838474
W14  0x58   tx_stat_frames_TCP     0x00075e30
W15  0x5C   tx_stat_bytes_TCP      0x2a04e9e2
W20  0x70   mac_tx_frames          0x00075e49
W43  0xCC   mtx_stat_tx_words      0xb77e633d
W51  0xEC   app_tx_bytes           0x29f98796
W55  0xFC   tx_stat_retx           0x00000030
W57  0x104  tx_retx_hi             0x12346795
W58  0x108  tx_retx_active         0x00000000
W66  0x128  tx_stat_winstall       0x80901b05
W67  0x12C  tx_winstall_cap        0x00000171
W68  0x130  rx_stat_ack_adv        0x00075c00
W69  0x134  tx_win_at_winstall     0x05b405b4
SNAP_END P3_C1_N19 nff=0
SNAP_T 1791659105.762635377
SNAP_BEGIN P3_C1_N20 gen=1045
W5   0x34   gmii_free_FE           0xb9069ac3
W14  0x58   tx_stat_frames_TCP     0x0007878d
W15  0x5C   tx_stat_bytes_TCP      0x2af0d046
W20  0x70   mac_tx_frames          0x000787a6
W43  0xCC   mtx_stat_tx_words      0xb9017892
W51  0xEC   app_tx_bytes           0x2ae56dfa
W55  0xFC   tx_stat_retx           0x00000030
W57  0x104  tx_retx_hi             0x12346795
W58  0x108  tx_retx_active         0x00000000
W66  0x128  tx_stat_winstall       0x819aabd6
W67  0x12C  tx_winstall_cap        0x00000171
W68  0x130  rx_stat_ack_adv        0x0007855d
W69  0x134  tx_win_at_winstall     0x05b405b4
SNAP_END P3_C1_N20 nff=0
SNAP_T 1791659105.925722351
SNAP_BEGIN P3_C1_N21 gen=1046
W5   0x34   gmii_free_FE           0xba8b40ec
W14  0x58   tx_stat_frames_TCP     0x0007b1c6
W15  0x5C   tx_stat_bytes_TCP      0x2be19d5a
W20  0x70   mac_tx_frames          0x0007b1df
W43  0xCC   mtx_stat_tx_words      0xba861dc0
W51  0xEC   app_tx_bytes           0x2bd63b0e
W55  0xFC   tx_stat_retx           0x00000030
W57  0x104  tx_retx_hi             0x12346795
W58  0x108  tx_retx_active         0x00000000
W66  0x128  tx_stat_winstall       0x82a66b5e
W67  0x12C  tx_winstall_cap        0x00000171
W68  0x130  rx_stat_ack_adv        0x0007af96
W69  0x134  tx_win_at_winstall     0x00000000
SNAP_END P3_C1_N21 nff=0
SNAP_T 1791659106.092605588
SNAP_BEGIN P3_C1_N22 gen=1047
W5   0x34   gmii_free_FE           0xbc19126e
W14  0x58   tx_stat_frames_TCP     0x0007dce9
W15  0x5C   tx_stat_bytes_TCP      0x2cd7a0f6
W20  0x70   mac_tx_frames          0x0007dd02
W43  0xCC   mtx_stat_tx_words      0xbc13ee42
W51  0xEC   app_tx_bytes           0x2ccc4362
W55  0xFC   tx_stat_retx           0x00000030
W57  0x104  tx_retx_hi             0x12346795
W58  0x108  tx_retx_active         0x00000000
W66  0x128  tx_stat_winstall       0x83bb2f48
W67  0x12C  tx_winstall_cap        0x00000171
W68  0x130  rx_stat_ack_adv        0x0007daba
W69  0x134  tx_win_at_winstall     0x05b405b4
SNAP_END P3_C1_N22 nff=0
SNAP_T 1791659106.256682880
SNAP_BEGIN P3_C1_N23 gen=1048
W5   0x34   gmii_free_FE           0xbda0474e
W14  0x58   tx_stat_frames_TCP     0x00080462
W15  0x5C   tx_stat_bytes_TCP      0x2db8bf0a
W20  0x70   mac_tx_frames          0x0008047b
W43  0xCC   mtx_stat_tx_words      0xbd9b2226
W51  0xEC   app_tx_bytes           0x2dad6272
W55  0xFC   tx_stat_retx           0x00000030
W57  0x104  tx_retx_hi             0x12346795
W58  0x108  tx_retx_active         0x00000000
W66  0x128  tx_stat_winstall       0x84cc068e
W67  0x12C  tx_winstall_cap        0x00000171
W68  0x130  rx_stat_ack_adv        0x00080233
W69  0x134  tx_win_at_winstall     0x05b405b4
SNAP_END P3_C1_N23 nff=0
SNAP_T 1791659106.421408145
SNAP_BEGIN P3_C1_N24 gen=1049
W5   0x34   gmii_free_FE           0xbf29d77b
W14  0x58   tx_stat_frames_TCP     0x00082f0d
W15  0x5C   tx_stat_bytes_TCP      0x2eac1646
W20  0x70   mac_tx_frames          0x00082f26
W43  0xCC   mtx_stat_tx_words      0xbf24b154
W51  0xEC   app_tx_bytes           0x2ea0b3fa
W55  0xFC   tx_stat_retx           0x00000030
W57  0x104  tx_retx_hi             0x12346795
W58  0x108  tx_retx_active         0x00000000
W66  0x128  tx_stat_winstall       0x85d5c244
W67  0x12C  tx_winstall_cap        0x00000171
W68  0x130  rx_stat_ack_adv        0x00082cdd
W69  0x134  tx_win_at_winstall     0x05b405b4
SNAP_END P3_C1_N24 nff=0
SNAP_T 1791659106.585510886
SNAP_BEGIN P3_C1_N25 gen=1050
W5   0x34   gmii_free_FE           0xc0b137ee
W14  0x58   tx_stat_frames_TCP     0x000858a8
W15  0x5C   tx_stat_bytes_TCP      0x2f995e42
W20  0x70   mac_tx_frames          0x000858c1
W43  0xCC   mtx_stat_tx_words      0xc0ac10cb
W51  0xEC   app_tx_bytes           0x2f8dfbf6
W55  0xFC   tx_stat_retx           0x00000030
W57  0x104  tx_retx_hi             0x12346795
W58  0x108  tx_retx_active         0x00000000
W66  0x128  tx_stat_winstall       0x86e13fae
W67  0x12C  tx_winstall_cap        0x00000171
W68  0x130  rx_stat_ack_adv        0x00085678
W69  0x134  tx_win_at_winstall     0x00000000
SNAP_END P3_C1_N25 nff=0
