SNAP_T 1791659121.239968178
SNAP_BEGIN P4_HEALTHY_N0 gen=1051
W5   0x34   gmii_free_FE           0x492cf699
W14  0x58   tx_stat_frames_TCP     0x00085ede
W15  0x5C   tx_stat_bytes_TCP      0x2fbcc486
W20  0x70   mac_tx_frames          0x00085ef9
W43  0xCC   mtx_stat_tx_words      0x49277764
W51  0xEC   app_tx_bytes           0x2fb16a9e
W55  0xFC   tx_stat_retx           0x00000030
W57  0x104  tx_retx_hi             0x12346795
W58  0x108  tx_retx_active         0x00000000
W66  0x128  tx_stat_winstall       0x870fdf7b
W67  0x12C  tx_winstall_cap        0x0000587a
W68  0x130  rx_stat_ack_adv        0x00085c83
W69  0x134  tx_win_at_winstall     0xf53cf000
SNAP_END P4_HEALTHY_N0 nff=0
SNAP_T 1791659121.424778022
SNAP_BEGIN P4_HEALTHY_N1 gen=1052
W5   0x34   gmii_free_FE           0x4ae5ceaf
W14  0x58   tx_stat_frames_TCP     0x00099312
W15  0x5C   tx_stat_bytes_TCP      0x369a7d16
W20  0x70   mac_tx_frames          0x0009932d
W43  0xCC   mtx_stat_tx_words      0x4ae04e5e
W51  0xEC   app_tx_bytes           0x368b016a
W55  0xFC   tx_stat_retx           0x00000038
W57  0x104  tx_retx_hi             0x186a5f9d
W58  0x108  tx_retx_active         0x00000000
W66  0x128  tx_stat_winstall       0x87d1ae8c
W67  0x12C  tx_winstall_cap        0x00b5fa88
W68  0x130  rx_stat_ack_adv        0x0008a7ef
W69  0x134  tx_win_at_winstall     0xf53cf000
SNAP_END P4_HEALTHY_N1 nff=0
SNAP_T 1791659121.597782895
SNAP_BEGIN P4_HEALTHY_N2 gen=1053
W5   0x34   gmii_free_FE           0x4c827884
W14  0x58   tx_stat_frames_TCP     0x000ab393
W15  0x5C   tx_stat_bytes_TCP      0x3d07dcca
W20  0x70   mac_tx_frames          0x000ab3ae
W43  0xCC   mtx_stat_tx_words      0x4c7cf728
W51  0xEC   app_tx_bytes           0x3cf44ee2
W55  0xFC   tx_stat_retx           0x00000040
W57  0x104  tx_retx_hi             0x1ea6e45d
W58  0x108  tx_retx_active         0x00000000
W66  0x128  tx_stat_winstall       0x88863832
W67  0x12C  tx_winstall_cap        0x015f2d7b
W68  0x130  rx_stat_ack_adv        0x0008eed5
W69  0x134  tx_win_at_winstall     0x00000000
SNAP_END P4_HEALTHY_N2 nff=0
SNAP_T 1791659121.768166428
SNAP_BEGIN P4_HEALTHY_N3 gen=1054
W5   0x34   gmii_free_FE           0x4e17ccc6
W14  0x58   tx_stat_frames_TCP     0x000bcfe4
W15  0x5C   tx_stat_bytes_TCP      0x435d5a2d
W20  0x70   mac_tx_frames          0x000bcfff
W43  0xCC   mtx_stat_tx_words      0x4e124a64
W51  0xEC   app_tx_bytes           0x4345b6dd
W55  0xFC   tx_stat_retx           0x00000048
W57  0x104  tx_retx_hi             0x24f0f9c0
W58  0x108  tx_retx_active         0x00000000
W66  0x128  tx_stat_winstall       0x893739be
W67  0x12C  tx_winstall_cap        0x0205111c
W68  0x130  rx_stat_ack_adv        0x000934c9
W69  0x134  tx_win_at_winstall     0xf53cf000
SNAP_END P4_HEALTHY_N3 nff=0
SNAP_T 1791659121.942021273
SNAP_BEGIN P4_HEALTHY_N4 gen=1055
W5   0x34   gmii_free_FE           0x4fb68210
W14  0x58   tx_stat_frames_TCP     0x000cf075
W15  0x5C   tx_stat_bytes_TCP      0x49cb1521
W20  0x70   mac_tx_frames          0x000cf090
W43  0xCC   mtx_stat_tx_words      0x4fb0fea3
W51  0xEC   app_tx_bytes           0x49af4365
W55  0xFC   tx_stat_retx           0x00000051
W57  0x104  tx_retx_hi             0x2b15ec98
W58  0x108  tx_retx_active         0x00000000
W66  0x128  tx_stat_winstall       0x89ee5b12
W67  0x12C  tx_winstall_cap        0x02b0b27b
W68  0x130  rx_stat_ack_adv        0x00097bba
W69  0x134  tx_win_at_winstall     0xf53cf000
SNAP_END P4_HEALTHY_N4 nff=0
SNAP_T 1791659122.115247970
SNAP_BEGIN P4_HEALTHY_N5 gen=1056
W5   0x34   gmii_free_FE           0x51535367
W14  0x58   tx_stat_frames_TCP     0x000e0e00
W15  0x5C   tx_stat_bytes_TCP      0x5027914c
W20  0x70   mac_tx_frames          0x000e0e1b
W43  0xCC   mtx_stat_tx_words      0x514dceef
W51  0xEC   app_tx_bytes           0x5007a6e0
W55  0xFC   tx_stat_retx           0x00000059
W57  0x104  tx_retx_hi             0x3127a5a4
W58  0x108  tx_retx_active         0x00000000
W66  0x128  tx_stat_winstall       0x8aa5863d
W67  0x12C  tx_winstall_cap        0x035c5d2c
W68  0x130  rx_stat_ack_adv        0x0009c1f6
W69  0x134  tx_win_at_winstall     0xf53cf000
SNAP_END P4_HEALTHY_N5 nff=0
SNAP_T 1791659122.289353108
SNAP_BEGIN P4_HEALTHY_N6 gen=1057
W5   0x34   gmii_free_FE           0x52f38a5e
W14  0x58   tx_stat_frames_TCP     0x000f31cf
W15  0x5C   tx_stat_bytes_TCP      0x56a7c9d8
W20  0x70   mac_tx_frames          0x000f31ea
W43  0xCC   mtx_stat_tx_words      0x52ee04d9
W51  0xEC   app_tx_bytes           0x5683c55c
W55  0xFC   tx_stat_retx           0x00000061
W57  0x104  tx_retx_hi             0x3773fb0b
W58  0x108  tx_retx_active         0x00000000
W66  0x128  tx_stat_winstall       0x8b5bb09e
W67  0x12C  tx_winstall_cap        0x04071583
W68  0x130  rx_stat_ack_adv        0x000a09d7
W69  0x134  tx_win_at_winstall     0xf53cf000
SNAP_END P4_HEALTHY_N6 nff=0
SNAP_T 1791659122.469653159
SNAP_BEGIN P4_HEALTHY_N7 gen=1058
W5   0x34   gmii_free_FE           0x54a08ad0
W14  0x58   tx_stat_frames_TCP     0x00105e97
W15  0x5C   tx_stat_bytes_TCP      0x5d5b2e78
W20  0x70   mac_tx_frames          0x00105eb2
W43  0xCC   mtx_stat_tx_words      0x549b0436
W51  0xEC   app_tx_bytes           0x5d3208cc
W55  0xFC   tx_stat_retx           0x0000006b
W57  0x104  tx_retx_hi             0x3f51cebb
W58  0x108  tx_retx_active         0x00000000
W66  0x128  tx_stat_winstall       0x8c16d6b8
W67  0x12C  tx_winstall_cap        0x04b6796f
W68  0x130  rx_stat_ack_adv        0x000a53d8
W69  0x134  tx_win_at_winstall     0x00000000
SNAP_END P4_HEALTHY_N7 nff=0
SNAP_T 1791659122.644556801
SNAP_BEGIN P4_HEALTHY_N8 gen=1059
W5   0x34   gmii_free_FE           0x5640cd87
W14  0x58   tx_stat_frames_TCP     0x001182eb
W15  0x5C   tx_stat_bytes_TCP      0x63de5cf7
W20  0x70   mac_tx_frames          0x00118306
W43  0xCC   mtx_stat_tx_words      0x563b45e1
W51  0xEC   app_tx_bytes           0x63b11837
W55  0xFC   tx_stat_retx           0x00000073
W57  0x104  tx_retx_hi             0x459769ca
W58  0x108  tx_retx_active         0x00000000
W66  0x128  tx_stat_winstall       0x8ccc4b64
W67  0x12C  tx_winstall_cap        0x056087ee
W68  0x130  rx_stat_ack_adv        0x000a9bb2
W69  0x134  tx_win_at_winstall     0xf53cf000
SNAP_END P4_HEALTHY_N8 nff=0
SNAP_T 1791659122.817077489
SNAP_BEGIN P4_HEALTHY_N9 gen=1060
W5   0x34   gmii_free_FE           0x57dc7586
W14  0x58   tx_stat_frames_TCP     0x0012a05c
W15  0x5C   tx_stat_bytes_TCP      0x6a3a456b
W20  0x70   mac_tx_frames          0x0012a077
W43  0xCC   mtx_stat_tx_words      0x57d6ecd6
W51  0xEC   app_tx_bytes           0x6a08ecff
W55  0xFC   tx_stat_retx           0x0000007b
W57  0x104  tx_retx_hi             0x4bb4daae
W58  0x108  tx_retx_active         0x00000000
W66  0x128  tx_stat_winstall       0x8d829118
W67  0x12C  tx_winstall_cap        0x060b54af
W68  0x130  rx_stat_ack_adv        0x000ae1fd
W69  0x134  tx_win_at_winstall     0xf53cf000
SNAP_END P4_HEALTHY_N9 nff=0
SNAP_T 1791659122.988881190
SNAP_BEGIN P4_HEALTHY_N10 gen=1061
W5   0x34   gmii_free_FE           0x59764488
W14  0x58   tx_stat_frames_TCP     0x0013bf40
W15  0x5C   tx_stat_bytes_TCP      0x709e712a
W20  0x70   mac_tx_frames          0x0013bf5b
W43  0xCC   mtx_stat_tx_words      0x5970bacf
W51  0xEC   app_tx_bytes           0x7069205a
W55  0xFC   tx_stat_retx           0x00000083
W57  0x104  tx_retx_hi             0x51f78b32
W58  0x108  tx_retx_active         0x00000000
W66  0x128  tx_stat_winstall       0x8e36538b
W67  0x12C  tx_winstall_cap        0x06b3c627
W68  0x130  rx_stat_ack_adv        0x000b28cb
W69  0x134  tx_win_at_winstall     0x00000000
SNAP_END P4_HEALTHY_N10 nff=0
SNAP_T 1791659123.160570907
SNAP_BEGIN P4_HEALTHY_N11 gen=1062
W5   0x34   gmii_free_FE           0x5b0ff28d
W14  0x58   tx_stat_frames_TCP     0x0014dae0
W15  0x5C   tx_stat_bytes_TCP      0x76effdaa
W20  0x70   mac_tx_frames          0x0014dafb
W43  0xCC   mtx_stat_tx_words      0x5b0a67cb
W51  0xEC   app_tx_bytes           0x76b6949a
W55  0xFC   tx_stat_retx           0x0000008b
W57  0x104  tx_retx_hi             0x580f0315
W58  0x108  tx_retx_active         0x00000000
W66  0x128  tx_stat_winstall       0x8eebe111
W67  0x12C  tx_winstall_cap        0x075debf6
W68  0x130  rx_stat_ack_adv        0x000b6ed9
W69  0x134  tx_win_at_winstall     0x00000000
SNAP_END P4_HEALTHY_N11 nff=0
SNAP_T 1791659123.332340178
SNAP_BEGIN P4_HEALTHY_N12 gen=1063
W5   0x34   gmii_free_FE           0x5ca89cd4
W14  0x58   tx_stat_frames_TCP     0x0015fa81
W15  0x5C   tx_stat_bytes_TCP      0x7d585fde
W20  0x70   mac_tx_frames          0x0015fa9b
W43  0xCC   mtx_stat_tx_words      0x5ca3110b
W51  0xEC   app_tx_bytes           0x7d1ad7fe
W55  0xFC   tx_stat_retx           0x00000093
W57  0x104  tx_retx_hi             0x5e5adb95
W58  0x108  tx_retx_active         0x00000000
W66  0x128  tx_stat_winstall       0x8f9d7557
W67  0x12C  tx_winstall_cap        0x0804591f
W68  0x130  rx_stat_ack_adv        0x000bb5bb
W69  0x134  tx_win_at_winstall     0xf53cf000
SNAP_END P4_HEALTHY_N12 nff=0
SNAP_T 1791659123.510039557
SNAP_BEGIN P4_HEALTHY_N13 gen=1064
W5   0x34   gmii_free_FE           0x5e51f636
W14  0x58   tx_stat_frames_TCP     0x0017237b
W15  0x5C   tx_stat_bytes_TCP      0x83f61115
W20  0x70   mac_tx_frames          0x00172396
W43  0xCC   mtx_stat_tx_words      0x5e4c695a
W51  0xEC   app_tx_bytes           0x83b363a1
W55  0xFC   tx_stat_retx           0x0000009d
W57  0x104  tx_retx_hi             0x662fa8f0
W58  0x108  tx_retx_active         0x00000000
W66  0x128  tx_stat_winstall       0x9058014b
W67  0x12C  tx_winstall_cap        0x08b32e09
W68  0x130  rx_stat_ack_adv        0x000bfeec
W69  0x134  tx_win_at_winstall     0xf53cf000
SNAP_END P4_HEALTHY_N13 nff=0
SNAP_T 1791659123.683082974
SNAP_BEGIN P4_HEALTHY_N14 gen=1065
W5   0x34   gmii_free_FE           0x5fec6759
W14  0x58   tx_stat_frames_TCP     0x00184124
W15  0x5C   tx_stat_bytes_TCP      0x8a5338e9
W20  0x70   mac_tx_frames          0x0018413f
W43  0xCC   mtx_stat_tx_words      0x5fe6d974
W51  0xEC   app_tx_bytes           0x8a0c7215
W55  0xFC   tx_stat_retx           0x000000a5
W57  0x104  tx_retx_hi             0x6c5a05a4
W58  0x108  tx_retx_active         0x00000000
W66  0x128  tx_stat_winstall       0x910ccfe2
W67  0x12C  tx_winstall_cap        0x095ca1d4
W68  0x130  rx_stat_ack_adv        0x000c4581
W69  0x134  tx_win_at_winstall     0xf53cf000
SNAP_END P4_HEALTHY_N14 nff=0
SNAP_T 1791659123.854074992
SNAP_BEGIN P4_HEALTHY_N15 gen=1066
W5   0x34   gmii_free_FE           0x6185f6e7
W14  0x58   tx_stat_frames_TCP     0x00196186
W15  0x5C   tx_stat_bytes_TCP      0x90bfe740
W20  0x70   mac_tx_frames          0x001961a1
W43  0xCC   mtx_stat_tx_words      0x618067f9
W51  0xEC   app_tx_bytes           0x9075070c
W55  0xFC   tx_stat_retx           0x000000ad
W57  0x104  tx_retx_hi             0x72af88bb
W58  0x108  tx_retx_active         0x00000000
W66  0x128  tx_stat_winstall       0x91becb2f
W67  0x12C  tx_winstall_cap        0x0a036f8c
W68  0x130  rx_stat_ack_adv        0x000c8ca4
W69  0x134  tx_win_at_winstall     0xf53cf000
SNAP_END P4_HEALTHY_N15 nff=0
SNAP_T 1791659124.027049428
SNAP_BEGIN P4_HEALTHY_N16 gen=1067
W5   0x34   gmii_free_FE           0x63212571
W14  0x58   tx_stat_frames_TCP     0x001a839e
W15  0x5C   tx_stat_bytes_TCP      0x97365820
W20  0x70   mac_tx_frames          0x001a83b9
W43  0xCC   mtx_stat_tx_words      0x631b957a
W51  0xEC   app_tx_bytes           0x96e75e8c
W55  0xFC   tx_stat_retx           0x000000b5
W57  0x104  tx_retx_hi             0x7909d0db
W58  0x108  tx_retx_active         0x00000000
W66  0x128  tx_stat_winstall       0x927135a9
W67  0x12C  tx_winstall_cap        0x0aaaa57f
W68  0x130  rx_stat_ack_adv        0x000cd43e
W69  0x134  tx_win_at_winstall     0xf53cf000
SNAP_END P4_HEALTHY_N16 nff=0
SNAP_T 1791659124.198675160
SNAP_BEGIN P4_HEALTHY_N17 gen=1068
W5   0x34   gmii_free_FE           0x64bb0d28
W14  0x58   tx_stat_frames_TCP     0x001ba0cd
W15  0x5C   tx_stat_bytes_TCP      0x9d90c82c
W20  0x70   mac_tx_frames          0x001ba0e8
W43  0xCC   mtx_stat_tx_words      0x64b57c29
W51  0xEC   app_tx_bytes           0x9d3dbaec
W55  0xFC   tx_stat_retx           0x000000bd
W57  0x104  tx_retx_hi             0x7f32045b
W58  0x108  tx_retx_active         0x00000000
W66  0x128  tx_stat_winstall       0x9325d53b
W67  0x12C  tx_winstall_cap        0x0b53ed66
W68  0x130  rx_stat_ack_adv        0x000d1a8c
W69  0x134  tx_win_at_winstall     0xf53cf000
SNAP_END P4_HEALTHY_N17 nff=0
SNAP_T 1791659124.375465054
SNAP_BEGIN P4_HEALTHY_N18 gen=1069
W5   0x34   gmii_free_FE           0x665ee221
W14  0x58   tx_stat_frames_TCP     0x001cc5a1
W15  0x5C   tx_stat_bytes_TCP      0xa416d0ab
W20  0x70   mac_tx_frames          0x001cc5bc
W43  0xCC   mtx_stat_tx_words      0x66595012
W51  0xEC   app_tx_bytes           0xa3bfabe3
W55  0xFC   tx_stat_retx           0x000000c5
W57  0x104  tx_retx_hi             0x855dd8e6
W58  0x108  tx_retx_active         0x00000000
W66  0x128  tx_stat_winstall       0x93deaff6
W67  0x12C  tx_winstall_cap        0x0c012c44
W68  0x130  rx_stat_ack_adv        0x000d62a7
W69  0x134  tx_win_at_winstall     0x00000000
SNAP_END P4_HEALTHY_N18 nff=0
SNAP_T 1791659124.547577593
SNAP_BEGIN P4_HEALTHY_N19 gen=1070
W5   0x34   gmii_free_FE           0x67fb6bcc
W14  0x58   tx_stat_frames_TCP     0x001de6ff
W15  0x5C   tx_stat_bytes_TCP      0xaa891cc3
W20  0x70   mac_tx_frames          0x001de71a
W43  0xCC   mtx_stat_tx_words      0x67f5d8b3
W51  0xEC   app_tx_bytes           0xaa2de253
W55  0xFC   tx_stat_retx           0x000000cd
W57  0x104  tx_retx_hi             0x8ba5f8fa
W58  0x108  tx_retx_active         0x00000000
W66  0x128  tx_stat_winstall       0x9492d86f
W67  0x12C  tx_winstall_cap        0x0caa0427
W68  0x130  rx_stat_ack_adv        0x000da9f0
W69  0x134  tx_win_at_winstall     0x00000000
SNAP_END P4_HEALTHY_N19 nff=0
SNAP_T 1791659124.717825863
SNAP_BEGIN P4_HEALTHY_N20 gen=1071
W5   0x34   gmii_free_FE           0x6990f97b
W14  0x58   tx_stat_frames_TCP     0x001f0146
W15  0x5C   tx_stat_bytes_TCP      0xb0d2f91e
W20  0x70   mac_tx_frames          0x001f0162
W43  0xCC   mtx_stat_tx_words      0x698b655d
W51  0xEC   app_tx_bytes           0xb073b2d2
W55  0xFC   tx_stat_retx           0x000000d4
W57  0x104  tx_retx_hi             0x91cb35f6
W58  0x108  tx_retx_active         0x00000000
W66  0x128  tx_stat_winstall       0x9545a9b3
W67  0x12C  tx_winstall_cap        0x0d519aaa
W68  0x130  rx_stat_ack_adv        0x000def83
W69  0x134  tx_win_at_winstall     0xf53cf000
SNAP_END P4_HEALTHY_N20 nff=0
SNAP_T 1791659124.889779598
SNAP_BEGIN P4_HEALTHY_N21 gen=1072
W5   0x34   gmii_free_FE           0x6b2b58c6
W14  0x58   tx_stat_frames_TCP     0x00202241
W15  0x5C   tx_stat_bytes_TCP      0xb743109a
W20  0x70   mac_tx_frames          0x0020225d
W43  0xCC   mtx_stat_tx_words      0x6b25c39e
W51  0xEC   app_tx_bytes           0xb6dfaef6
W55  0xFC   tx_stat_retx           0x000000dc
W57  0x104  tx_retx_hi             0x981c9445
W58  0x108  tx_retx_active         0x00000000
W66  0x128  tx_stat_winstall       0x95f7dcb1
W67  0x12C  tx_winstall_cap        0x0df89c88
W68  0x130  rx_stat_ack_adv        0x000e36af
W69  0x134  tx_win_at_winstall     0xf53cf000
SNAP_END P4_HEALTHY_N21 nff=0
SNAP_T 1791659125.062427291
SNAP_BEGIN P4_HEALTHY_N22 gen=1073
W5   0x34   gmii_free_FE           0x6cc67386
W14  0x58   tx_stat_frames_TCP     0x00214702
W15  0x5C   tx_stat_bytes_TCP      0xbdc8ad4e
W20  0x70   mac_tx_frames          0x0021471e
W43  0xCC   mtx_stat_tx_words      0x6cc0dd55
W51  0xEC   app_tx_bytes           0xbd61324a
W55  0xFC   tx_stat_retx           0x000000e4
W57  0x104  tx_retx_hi             0x9e78105d
W58  0x108  tx_retx_active         0x00000000
W66  0x128  tx_stat_winstall       0x96a81c76
W67  0x12C  tx_winstall_cap        0x0e9dca0c
W68  0x130  rx_stat_ack_adv        0x000e7ef4
W69  0x134  tx_win_at_winstall     0xf53cf000
SNAP_END P4_HEALTHY_N22 nff=0
SNAP_T 1791659125.235032462
SNAP_BEGIN P4_HEALTHY_N23 gen=1074
W5   0x34   gmii_free_FE           0x6e61f0f2
W14  0x58   tx_stat_frames_TCP     0x002274ab
W15  0x5C   tx_stat_bytes_TCP      0xc4811491
W20  0x70   mac_tx_frames          0x002274c7
W43  0xCC   mtx_stat_tx_words      0x6e5c59b8
W51  0xEC   app_tx_bytes           0xc415695d
W55  0xFC   tx_stat_retx           0x000000ed
W57  0x104  tx_retx_hi             0xa5643db0
W58  0x108  tx_retx_active         0x00000000
W66  0x128  tx_stat_winstall       0x97531f4d
W67  0x12C  tx_winstall_cap        0x0f3e0e23
W68  0x130  rx_stat_ack_adv        0x000ec983
W69  0x134  tx_win_at_winstall     0xf53cf000
SNAP_END P4_HEALTHY_N23 nff=0
SNAP_T 1791659125.414242116
SNAP_BEGIN P4_HEALTHY_N24 gen=1075
W5   0x34   gmii_free_FE           0x700cd200
W14  0x58   tx_stat_frames_TCP     0x0023abf3
W15  0x5C   tx_stat_bytes_TCP      0xcb705b31
W20  0x70   mac_tx_frames          0x0023ac0f
W43  0xCC   mtx_stat_tx_words      0x700739b2
W51  0xEC   app_tx_bytes           0xcb008d95
W55  0xFC   tx_stat_retx           0x000000f6
W57  0x104  tx_retx_hi             0xac367d24
W58  0x108  tx_retx_active         0x00000000
W66  0x128  tx_stat_winstall       0x98058d76
W67  0x12C  tx_winstall_cap        0x0fe5468f
W68  0x130  rx_stat_ack_adv        0x000f1661
W69  0x134  tx_win_at_winstall     0x00000000
SNAP_END P4_HEALTHY_N24 nff=0
SNAP_T 1791659125.584764360
SNAP_BEGIN P4_HEALTHY_N25 gen=1076
W5   0x34   gmii_free_FE           0x71a37281
W14  0x58   tx_stat_frames_TCP     0x0024d5af
W15  0x5C   tx_stat_bytes_TCP      0xd2125ed0
W20  0x70   mac_tx_frames          0x0024d5cb
W43  0xCC   mtx_stat_tx_words      0x719dd92d
W51  0xEC   app_tx_bytes           0xd19e6fc0
W55  0xFC   tx_stat_retx           0x000000fe
W57  0x104  tx_retx_hi             0xb327a7f7
W58  0x108  tx_retx_active         0x00000000
W66  0x128  tx_stat_winstall       0x98ae5d8e
W67  0x12C  tx_winstall_cap        0x108378ba
W68  0x130  rx_stat_ack_adv        0x000f6027
W69  0x134  tx_win_at_winstall     0x00000000
SNAP_END P4_HEALTHY_N25 nff=0
SNAP_T 1791659125.761499670
SNAP_BEGIN P4_HEALTHY_N26 gen=1077
W5   0x34   gmii_free_FE           0x73481600
W14  0x58   tx_stat_frames_TCP     0x002607e6
W15  0x5C   tx_stat_bytes_TCP      0xd8e4c07c
W20  0x70   mac_tx_frames          0x00260802
W43  0xCC   mtx_stat_tx_words      0x73427b9d
W51  0xEC   app_tx_bytes           0xd86cb80c
W55  0xFC   tx_stat_retx           0x00000106
W57  0x104  tx_retx_hi             0xb9f19ddb
W58  0x108  tx_retx_active         0x00000000
W66  0x128  tx_stat_winstall       0x995e8a77
W67  0x12C  tx_winstall_cap        0x11289209
W68  0x130  rx_stat_ack_adv        0x000fabe0
W69  0x134  tx_win_at_winstall     0xf53cf000
SNAP_END P4_HEALTHY_N26 nff=0
SNAP_T 1791659125.944362053
SNAP_BEGIN P4_HEALTHY_N27 gen=1078
W5   0x34   gmii_free_FE           0x74fd1bd8
W14  0x58   tx_stat_frames_TCP     0x0027489d
W15  0x5C   tx_stat_bytes_TCP      0xe009d428
W20  0x70   mac_tx_frames          0x002748b9
W43  0xCC   mtx_stat_tx_words      0x74f7805b
W51  0xEC   app_tx_bytes           0xdf8db258
W55  0xFC   tx_stat_retx           0x0000010e
W57  0x104  tx_retx_hi             0xc0d705ff
W58  0x108  tx_retx_active         0x00000000
W66  0x128  tx_stat_winstall       0x9a13d1a3
W67  0x12C  tx_winstall_cap        0x11d27516
W68  0x130  rx_stat_ack_adv        0x000ffb10
W69  0x134  tx_win_at_winstall     0xf53cf000
SNAP_END P4_HEALTHY_N27 nff=0
SNAP_T 1791659126.114119665
SNAP_BEGIN P4_HEALTHY_N28 gen=1079
W5   0x34   gmii_free_FE           0x769160bd
W14  0x58   tx_stat_frames_TCP     0x002870a5
W15  0x5C   tx_stat_bytes_TCP      0xe6a22137
W20  0x70   mac_tx_frames          0x002870c1
W43  0xCC   mtx_stat_tx_words      0x768bc43a
W51  0xEC   app_tx_bytes           0xe621e607
W55  0xFC   tx_stat_retx           0x00000116
W57  0x104  tx_retx_hi             0xc7c29956
W58  0x108  tx_retx_active         0x00000000
W66  0x128  tx_stat_winstall       0x9abba909
W67  0x12C  tx_winstall_cap        0x126fc0b6
W68  0x130  rx_stat_ack_adv        0x00104455
W69  0x134  tx_win_at_winstall     0xf53cf000
SNAP_END P4_HEALTHY_N28 nff=0
SNAP_T 1791659126.287286642
SNAP_BEGIN P4_HEALTHY_N29 gen=1080
W5   0x34   gmii_free_FE           0x782d9456
W14  0x58   tx_stat_frames_TCP     0x0029a03d
W15  0x5C   tx_stat_bytes_TCP      0xed659017
W20  0x70   mac_tx_frames          0x0029a059
W43  0xCC   mtx_stat_tx_words      0x7827f6ca
W51  0xEC   app_tx_bytes           0xece1334f
W55  0xFC   tx_stat_retx           0x0000011f
W57  0x104  tx_retx_hi             0xcebfa47e
W58  0x108  tx_retx_active         0x00000000
W66  0x128  tx_stat_winstall       0x9b660deb
W67  0x12C  tx_winstall_cap        0x130f7094
W68  0x130  rx_stat_ack_adv        0x00108f74
W69  0x134  tx_win_at_winstall     0x00000000
SNAP_END P4_HEALTHY_N29 nff=0
SNAP_T 1791659126.468600009
SNAP_BEGIN P4_HEALTHY_N30 gen=1081
W5   0x34   gmii_free_FE           0x79df2f31
W14  0x58   tx_stat_frames_TCP     0x002aded0
W15  0x5C   tx_stat_bytes_TCP      0xf47e6de2
W20  0x70   mac_tx_frames          0x002adeec
W43  0xCC   mtx_stat_tx_words      0x79d9908d
W51  0xEC   app_tx_bytes           0xf3f5f6ca
W55  0xFC   tx_stat_retx           0x00000127
W57  0x104  tx_retx_hi             0xd5a9fe29
W58  0x108  tx_retx_active         0x00000000
W66  0x128  tx_stat_winstall       0x9c1973c9
W67  0x12C  tx_winstall_cap        0x13b7901e
W68  0x130  rx_stat_ack_adv        0x0010ddfd
W69  0x134  tx_win_at_winstall     0xf53cf000
SNAP_END P4_HEALTHY_N30 nff=0
SNAP_T 1791659126.638928372
SNAP_BEGIN P4_HEALTHY_N31 gen=1082
W5   0x34   gmii_free_FE           0x7b74ac7a
W14  0x58   tx_stat_frames_TCP     0x002c0ae2
W15  0x5C   tx_stat_bytes_TCP      0xfb2dc48a
W20  0x70   mac_tx_frames          0x002c0afe
W43  0xCC   mtx_stat_tx_words      0x7b6f0cd1
W51  0xEC   app_tx_bytes           0xfaa12186
W55  0xFC   tx_stat_retx           0x00000130
W57  0x104  tx_retx_hi             0xdcc3d775
W58  0x108  tx_retx_active         0x00000000
W66  0x128  tx_stat_winstall       0x9cbfc631
W67  0x12C  tx_winstall_cap        0x14536efe
W68  0x130  rx_stat_ack_adv        0x00112835
W69  0x134  tx_win_at_winstall     0xf53cf000
SNAP_END P4_HEALTHY_N31 nff=0
SNAP_T 1791659126.811237524
SNAP_BEGIN P4_HEALTHY_N32 gen=1083
W5   0x34   gmii_free_FE           0x7d0f86d3
W14  0x58   tx_stat_frames_TCP     0x002d39be
W15  0x5C   tx_stat_bytes_TCP      0x01ed02a9
W20  0x70   mac_tx_frames          0x002d39da
W43  0xCC   mtx_stat_tx_words      0x7d09e620
W51  0xEC   app_tx_bytes           0x015c4575
W55  0xFC   tx_stat_retx           0x00000138
W57  0x104  tx_retx_hi             0xe3c18d24
W58  0x108  tx_retx_active         0x00000000
W66  0x128  tx_stat_winstall       0x9d68c7e1
W67  0x12C  tx_winstall_cap        0x14f1d1e0
W68  0x130  rx_stat_ack_adv        0x00117348
W69  0x134  tx_win_at_winstall     0xf53cf000
SNAP_END P4_HEALTHY_N32 nff=0
SNAP_T 1791659126.982644488
SNAP_BEGIN P4_HEALTHY_N33 gen=1084
W5   0x34   gmii_free_FE           0x7ea8a5e7
W14  0x58   tx_stat_frames_TCP     0x002e675f
W15  0x5C   tx_stat_bytes_TCP      0x08a53cdd
W20  0x70   mac_tx_frames          0x002e677b
W43  0xCC   mtx_stat_tx_words      0x7ea3042c
W51  0xEC   app_tx_bytes           0x08116ca1
W55  0xFC   tx_stat_retx           0x0000013e
W57  0x104  tx_retx_hi             0xe8e82768
W58  0x108  tx_retx_active         0x00000000
W66  0x128  tx_stat_winstall       0x9e118139
W67  0x12C  tx_winstall_cap        0x158ff122
W68  0x130  rx_stat_ack_adv        0x0011bdeb
W69  0x134  tx_win_at_winstall     0xf53cf000
SNAP_END P4_HEALTHY_N33 nff=0
SNAP_T 1791659127.157983045
SNAP_BEGIN P4_HEALTHY_N34 gen=1085
W5   0x34   gmii_free_FE           0x804a8b48
W14  0x58   tx_stat_frames_TCP     0x002f97ab
W15  0x5C   tx_stat_bytes_TCP      0x0f6cae4d
W20  0x70   mac_tx_frames          0x002f97c7
W43  0xCC   mtx_stat_tx_words      0x8044e880
W51  0xEC   app_tx_bytes           0x0ed4c0c5
W55  0xFC   tx_stat_retx           0x00000146
W57  0x104  tx_retx_hi             0xefc249c4
W58  0x108  tx_retx_active         0x00000000
W66  0x128  tx_stat_winstall       0x9ec0caef
W67  0x12C  tx_winstall_cap        0x16343771
W68  0x130  rx_stat_ack_adv        0x001208f9
W69  0x134  tx_win_at_winstall     0xf53cf000
SNAP_END P4_HEALTHY_N34 nff=0
SNAP_T 1791659127.330371274
SNAP_BEGIN P4_HEALTHY_N35 gen=1086
W5   0x34   gmii_free_FE           0x81e54a63
W14  0x58   tx_stat_frames_TCP     0x0030c73b
W15  0x5C   tx_stat_bytes_TCP      0x162feefc
W20  0x70   mac_tx_frames          0x0030c757
W43  0xCC   mtx_stat_tx_words      0x81dfa692
W51  0xEC   app_tx_bytes           0x1593e64c
W55  0xFC   tx_stat_retx           0x0000014e
W57  0x104  tx_retx_hi             0xf6c3da17
W58  0x108  tx_retx_active         0x00000000
W66  0x128  tx_stat_winstall       0x9f6935ac
W67  0x12C  tx_winstall_cap        0x16d20ccd
W68  0x130  rx_stat_ack_adv        0x001253f4
W69  0x134  tx_win_at_winstall     0xf53cf000
SNAP_END P4_HEALTHY_N35 nff=0
SNAP_T 1791659127.501150870
SNAP_BEGIN P4_HEALTHY_N36 gen=1087
W5   0x34   gmii_free_FE           0x837cce61
W14  0x58   tx_stat_frames_TCP     0x0031f455
W15  0x5C   tx_stat_bytes_TCP      0x1ce52744
W20  0x70   mac_tx_frames          0x0031f471
W43  0xCC   mtx_stat_tx_words      0x83772989
W51  0xEC   app_tx_bytes           0x1c450ae8
W55  0xFC   tx_stat_retx           0x00000156
W57  0x104  tx_retx_hi             0xfdd1bccf
W58  0x108  tx_retx_active         0x00000000
W66  0x128  tx_stat_winstall       0xa0110762
W67  0x12C  tx_winstall_cap        0x176f4cd7
W68  0x130  rx_stat_ack_adv        0x00129e69
W69  0x134  tx_win_at_winstall     0xf53cf000
SNAP_END P4_HEALTHY_N36 nff=0
