########## soak_probe  2026-09-29 13:54:03 ##########
params: dense=600s/5s  loose=20s  total=5760s  ping=-c 5 -W 1 -i 0.2
IDENT: MAGIC=0x50360001 (want 0x50360001) | BUILD_ID=0x00000006 (want 0x00000006) | MARKER=0xdeadbeef | 0xB0(unimpl)=0xffffffff
GATE: 0xB0 -> 0xffffffff => 'unimplemented word = SKIP, never PASS' holds
GATE: identity OK (BUILD_ID=6 = 36-word window + F-1/F-2 fixes)
W#MAP: 0 rx_frames|1 rx_bytes|3 fcs_err|5 gmii_free|6 srx_commit|7 stx_frames|13 udpapp_mismatch
       16 srx_hls_bytes|17 hr_cnt(/80)|18 stx_purge|19 srx_drop|20 mac_tx_frames|21 tx_abort
       24 dp_free|25 mmcm_locked|26 rxcdc_full|27 rxcdc_occ_max|28 txcdc_occ_max|29 txwire_stall
       30 rxcdc_out_frames|31 rxcdc_out_bytes|32 drop_partial|33 orphan_bytes|34 drop_full|35 fifo_ovf

cols: t | ping | arp | rt | W0 | dW0 | W6 | dW6 | W7 | dW7 | W1 | dW1 | W16 | dW16 | W17 | dW17 | W18 | W19 | W20 | W21 | W24MHz | dW32 | dW33 | dW34 | dW35 | cons1 | cons2 | NICdRX
[setup] re-added 192.168.100.1/24
    0 |  5/ 5 |  0 |  1 |         65 |     0 |       65 |     0 |       13 |     0 |       9907 |      0 |      10167 |      0 |          0 |     0 |     0 |     0 |       13 |     0 |       -- |      0 |     0 |     0 |     0 |     0 |     0 |      0
    6 |  5/ 5 |  1 |  1 |         80 |    15 |       80 |    15 |       18 |     5 |      12244 |   2337 |      12564 |   2397 |          0 |     0 |     0 |     0 |       18 |     0 |   154.35 |      0 |     0 |     0 |     0 |     0 |     0 |      5
   12 |  5/ 5 |  1 |  1 |         92 |    12 |       92 |    12 |       23 |     5 |      13642 |   1398 |      14010 |   1446 |          0 |     0 |     0 |     0 |       23 |     0 |   154.37 |      0 |     0 |     0 |     0 |     0 |     0 |      5
   18 |  5/ 5 |  1 |  1 |         99 |     7 |       99 |     7 |       28 |     5 |      14354 |    712 |      14750 |    740 |          0 |     0 |     0 |     0 |       28 |     0 |   154.64 |      0 |     0 |     0 |     0 |     0 |     0 |      5
   24 |  5/ 5 |  1 |  1 |        107 |     8 |      107 |     8 |       33 |     5 |      15366 |   1012 |      15794 |   1044 |          0 |     0 |     0 |     0 |       33 |     0 |   154.64 |      0 |     0 |     0 |     0 |     0 |     0 |      5
   30 |  5/ 5 |  1 |  1 |        115 |     8 |      115 |     8 |       39 |     6 |      16339 |    973 |      16799 |   1005 |          0 |     0 |     0 |     0 |       39 |     0 |   154.53 |      0 |     0 |     0 |     0 |     0 |     0 |      6
   36 |  5/ 5 |  1 |  1 |        121 |     6 |      121 |     6 |       44 |     5 |      17149 |    810 |      17633 |    834 |          0 |     0 |     0 |     0 |       44 |     0 |   154.75 |      0 |     0 |     0 |     0 |     0 |     0 |      5
[setup] re-added 192.168.100.1/24
   42 |  5/ 5 |  0 |  1 |        150 |    29 |      150 |    29 |       52 |     8 |      21004 |   3855 |      21604 |   3971 |          0 |     0 |     0 |     0 |       52 |     0 |   154.73 |      0 |     0 |     0 |     0 |     0 |     0 |      8
   48 |  5/ 5 |  1 |  1 |        164 |    14 |      164 |    14 |       57 |     5 |      23130 |   2126 |      23786 |   2182 |          0 |     0 |     0 |     0 |       57 |     0 |   154.74 |      0 |     0 |     0 |     0 |     0 |     0 |      5
   54 |  5/ 5 |  1 |  1 |        173 |     9 |      173 |     9 |       62 |     5 |      24208 |   1078 |      24900 |   1114 |          0 |     0 |     0 |     0 |       62 |     0 |   154.57 |      0 |     0 |     0 |     0 |     0 |     0 |      5
   60 |  5/ 5 |  1 |  1 |        180 |     7 |      180 |     7 |       67 |     5 |      25142 |    934 |      25862 |    962 |          0 |     0 |     0 |     0 |       67 |     0 |   154.61 |      0 |     0 |     0 |     0 |     0 |     0 |      5
   66 |  5/ 5 |  1 |  1 |        186 |     6 |      186 |     6 |       72 |     5 |      25952 |    810 |      26696 |    834 |          0 |     0 |     0 |     0 |       72 |     0 |   154.75 |      0 |     0 |     0 |     0 |     0 |     0 |      5
   71 |  5/ 5 |  1 |  1 |        196 |    10 |      196 |    10 |       79 |     7 |      27130 |   1178 |      27914 |   1218 |          0 |     0 |     0 |     0 |       79 |     0 |   185.56 |      0 |     0 |     0 |     0 |     0 |     0 |      7
   77 |  5/ 5 |  1 |  1 |        202 |     6 |      202 |     6 |       84 |     5 |      27731 |    601 |      28539 |    625 |          0 |     0 |     0 |     0 |       84 |     0 |   154.92 |      0 |     0 |     0 |     0 |     0 |     0 |      5
   83 |  4/ 5 |  1 |  1 |        214 |    12 |      214 |    12 |       88 |     4 |      29455 |   1724 |      30311 |   1772 |          0 |     0 |     0 |     0 |       88 |     0 |   160.20 |      0 |     0 |     0 |     0 |     0 |     0 |      4
[setup] re-added 192.168.100.1/24
   90 |  5/ 5 |  0 |  1 |        236 |    22 |      236 |    22 |       94 |     6 |      32540 |   3085 |      33484 |   3173 |          0 |     0 |     0 |     0 |       94 |     0 |   132.75 |      0 |     0 |     0 |     0 |     0 |     0 |      6
   95 |  5/ 5 |  1 |  1 |        248 |    12 |      248 |    12 |       99 |     5 |      34454 |   1914 |      35446 |   1962 |          0 |     0 |     0 |     0 |       99 |     0 |   185.63 |      0 |     0 |     0 |     0 |     0 |     0 |      5
  101 |  5/ 5 |  1 |  1 |        258 |    10 |      258 |    10 |      105 |     6 |      35629 |   1175 |      36661 |   1215 |          0 |     0 |     0 |     0 |      105 |     0 |   154.69 |      0 |     0 |     0 |     0 |     0 |     0 |      6
  107 |  5/ 5 |  1 |  1 |        264 |     6 |      264 |     6 |      110 |     5 |      36230 |    601 |      37286 |    625 |          0 |     0 |     0 |     0 |      110 |     0 |   154.67 |      0 |     0 |     0 |     0 |     0 |     0 |      5
  113 |  5/ 5 |  1 |  1 |        271 |     7 |      271 |     7 |      115 |     5 |      37106 |    876 |      38190 |    904 |          0 |     0 |     0 |     0 |      115 |     0 |   154.85 |      0 |     0 |     0 |     0 |     0 |     0 |      5
  119 |  5/ 5 |  1 |  1 |        279 |     8 |      279 |     8 |      121 |     6 |      38124 |   1018 |      39240 |   1050 |          0 |     0 |     0 |     0 |      121 |     0 |   154.62 |      0 |     0 |     0 |     0 |     0 |     0 |      6
  125 |  5/ 5 |  1 |  1 |        285 |     6 |      285 |     6 |      126 |     5 |      38725 |    601 |      39865 |    625 |          0 |     0 |     0 |     0 |      126 |     0 |   154.70 |      0 |     0 |     0 |     0 |     0 |     0 |      5
  [stopcheck 1] quiescent check: FROZEN (in-flight frames drained)
  [stopcheck 1] A: W0=286 W1=39025 W30=286 W31=37881 W32=0 W33=0
  [stopcheck 1] conservation on frozen state: W30-W0-W32=0 (want 0) ; W31-(W1-4*W0+W33)=0 (want 0)
  [stopcheck 1] (note: W1==W31 is mathematically impossible when W0>0 -- W31 is the
  [stopcheck 1]  Sum-popcount byte view and excludes the 4B per-frame FCS; use W31==W1-4*W0+W33.)
[setup] re-added 192.168.100.1/24
  132 |  5/ 5 |  0 |  1 |        302 |    17 |      302 |    17 |      132 |     6 |      40720 |   1995 |      41928 |   2063 |          0 |     0 |     0 |     0 |      132 |     0 |   159.14 |      0 |     0 |     0 |     0 |     0 |     0 |      6
  138 |  5/ 5 |  1 |  1 |        313 |    11 |      313 |    11 |      137 |     5 |      41863 |   1143 |      43115 |   1187 |          0 |     0 |     0 |     0 |      137 |     0 |   154.83 |      0 |     0 |     0 |     0 |     0 |     0 |      5
  144 |  5/ 5 |  1 |  1 |        320 |     7 |      320 |     7 |      142 |     5 |      42764 |    901 |      44044 |    929 |          0 |     0 |     0 |     0 |      142 |     0 |   154.82 |      0 |     0 |     0 |     0 |     0 |     0 |      5
  150 |  5/ 5 |  1 |  1 |        326 |     6 |      326 |     6 |      147 |     5 |      43365 |    601 |      44669 |    625 |          0 |     0 |     0 |     0 |      147 |     0 |   154.83 |      0 |     0 |     0 |     0 |     0 |     0 |      5
  156 |  5/ 5 |  1 |  1 |        333 |     7 |      333 |     7 |      153 |     6 |      44239 |    874 |      45571 |    902 |          0 |     0 |     0 |     0 |      153 |     0 |   154.87 |      0 |     0 |     0 |     0 |     0 |     0 |      6
  162 |  5/ 5 |  1 |  1 |        339 |     6 |      339 |     6 |      159 |     6 |      44813 |    574 |      46169 |    598 |          0 |     0 |     0 |     0 |      159 |     0 |   154.84 |      0 |     0 |     0 |     0 |     0 |     0 |      6
  168 |  5/ 5 |  1 |  1 |        345 |     6 |      345 |     6 |      164 |     5 |      45414 |    601 |      46794 |    625 |          0 |     0 |     0 |     0 |      164 |     0 |   154.79 |      0 |     0 |     0 |     0 |     0 |     0 |      5
  174 |  5/ 5 |  1 |  1 |        351 |     6 |      351 |     6 |      169 |     5 |      46224 |    810 |      47628 |    834 |          0 |     0 |     0 |     0 |      169 |     0 |   154.79 |      0 |     0 |     0 |     0 |     0 |     0 |      5
  180 |  5/ 5 |  1 |  1 |        356 |     5 |      356 |     5 |      174 |     5 |      46734 |    510 |      48158 |    530 |          0 |     0 |     0 |     0 |      174 |     0 |   154.86 |      0 |     0 |     0 |     0 |     0 |     0 |      5
  186 |  5/ 5 |  1 |  1 |        362 |     6 |      362 |     6 |      179 |     5 |      47544 |    810 |      48992 |    834 |          0 |     0 |     0 |     0 |      179 |     0 |   154.82 |      0 |     0 |     0 |     0 |     0 |     0 |      5
  192 |  5/ 5 |  1 |  1 |        368 |     6 |      368 |     6 |      185 |     6 |      48118 |    574 |      49590 |    598 |          0 |     0 |     0 |     0 |      185 |     0 |   154.81 |      0 |     0 |     0 |     0 |     0 |     0 |      6
  198 |  5/ 5 |  1 |  1 |        374 |     6 |      374 |     6 |      190 |     5 |      48719 |    601 |      50215 |    625 |          0 |     0 |     0 |     0 |      190 |     0 |   154.79 |      0 |     0 |     0 |     0 |     0 |     0 |      5
  204 |  5/ 5 |  1 |  1 |        380 |     6 |      380 |     6 |      195 |     5 |      49529 |    810 |      51049 |    834 |          0 |     0 |     0 |     0 |      195 |     0 |   154.75 |      0 |     0 |     0 |     0 |     0 |     0 |      5
  210 |  5/ 5 |  1 |  1 |        387 |     7 |      387 |     7 |      202 |     7 |      50197 |    668 |      51745 |    696 |          0 |     0 |     0 |     0 |      202 |     0 |   154.47 |      0 |     0 |     0 |     0 |     0 |     0 |      7
  215 |  5/ 5 |  1 |  1 |        393 |     6 |      393 |     6 |      207 |     5 |      51007 |    810 |      52579 |    834 |          0 |     0 |     0 |     0 |      207 |     0 |   185.68 |      0 |     0 |     0 |     0 |     0 |     0 |      5
  221 |  5/ 5 |  1 |  1 |        399 |     6 |      399 |     6 |      213 |     6 |      51581 |    574 |      53177 |    598 |          0 |     0 |     0 |     0 |      213 |     0 |   154.72 |      0 |     0 |     0 |     0 |     0 |     0 |      6
  227 |  5/ 5 |  1 |  1 |        404 |     5 |      404 |     5 |      218 |     5 |      52091 |    510 |      53707 |    530 |          0 |     0 |     0 |     0 |      218 |     0 |   154.74 |      0 |     0 |     0 |     0 |     0 |     0 |      5
  233 |  5/ 5 |  1 |  1 |        410 |     6 |      410 |     6 |      223 |     5 |      52901 |    810 |      54541 |    834 |          0 |     0 |     0 |     0 |      223 |     0 |   154.73 |      0 |     0 |     0 |     0 |     0 |     0 |      5
  239 |  5/ 5 |  1 |  1 |        415 |     5 |      415 |     5 |      228 |     5 |      53411 |    510 |      55071 |    530 |          0 |     0 |     0 |     0 |      228 |     0 |   154.71 |      0 |     0 |     0 |     0 |     0 |     0 |      5
  245 |  5/ 5 |  1 |  1 |        420 |     5 |      420 |     5 |      233 |     5 |      53921 |    510 |      55601 |    530 |          0 |     0 |     0 |     0 |      233 |     0 |   154.73 |      0 |     0 |     0 |     0 |     0 |     0 |      5
  251 |  5/ 5 |  1 |  1 |        427 |     7 |      427 |     7 |      239 |     6 |      54795 |    874 |      56503 |    902 |          0 |     0 |     0 |     0 |      239 |     0 |   154.74 |      0 |     0 |     0 |     0 |     0 |     0 |      6
  257 |  5/ 5 |  1 |  1 |        432 |     5 |      432 |     5 |      244 |     5 |      55305 |    510 |      57033 |    530 |          0 |     0 |     0 |     0 |      244 |     0 |   154.77 |      0 |     0 |     0 |     0 |     0 |     0 |      5
  263 |  5/ 5 |  1 |  1 |        439 |     7 |      439 |     7 |      249 |     5 |      56206 |    901 |      57962 |    929 |          0 |     0 |     0 |     0 |      249 |     0 |   154.82 |      0 |     0 |     0 |     0 |     0 |     0 |      5
  269 |  5/ 5 |  1 |  1 |        445 |     6 |      445 |     6 |      255 |     6 |      56780 |    574 |      58560 |    598 |          0 |     0 |     0 |     0 |      255 |     0 |   154.73 |      0 |     0 |     0 |     0 |     0 |     0 |      6
  275 |  5/ 5 |  1 |  1 |        450 |     5 |      450 |     5 |      260 |     5 |      57290 |    510 |      59090 |    530 |          0 |     0 |     0 |     0 |      260 |     0 |   154.79 |      0 |     0 |     0 |     0 |     0 |     0 |      5
  281 |  5/ 5 |  1 |  1 |        457 |     7 |      457 |     7 |      266 |     6 |      58164 |    874 |      59992 |    902 |          0 |     0 |     0 |     0 |      266 |     0 |   154.75 |      0 |     0 |     0 |     0 |     0 |     0 |      6
  287 |  5/ 5 |  1 |  1 |        462 |     5 |      462 |     5 |      271 |     5 |      58674 |    510 |      60522 |    530 |          0 |     0 |     0 |     0 |      271 |     0 |   154.73 |      0 |     0 |     0 |     0 |     0 |     0 |      5
  293 |  5/ 5 |  1 |  1 |        468 |     6 |      468 |     6 |      276 |     5 |      59484 |    810 |      61356 |    834 |          0 |     0 |     0 |     0 |      276 |     0 |   154.77 |      0 |     0 |     0 |     0 |     0 |     0 |      5
  299 |  5/ 5 |  1 |  1 |        473 |     5 |      473 |     5 |      281 |     5 |      59994 |    510 |      61886 |    530 |          0 |     0 |     0 |     0 |      281 |     0 |   154.77 |      0 |     0 |     0 |     0 |     0 |     0 |      5
  305 |  5/ 5 |  1 |  1 |        478 |     5 |      478 |     5 |      286 |     5 |      60504 |    510 |      62416 |    530 |          0 |     0 |     0 |     0 |      286 |     0 |   154.82 |      0 |     0 |     0 |     0 |     0 |     0 |      5
  [stopcheck 2] quiescent check: MOVING: W0(478->479) W1(60504->60804) W6(478->479) W16(62416->62720) W30(478->479) W31(58592->58888)
  [stopcheck 2] A: W0=478 W1=60504 W30=478 W31=58592 W32=0 W33=0
  [stopcheck 2] conservation on frozen state: W30-W0-W32=0 (want 0) ; W31-(W1-4*W0+W33)=0 (want 0)
  [stopcheck 2] (note: W1==W31 is mathematically impossible when W0>0 -- W31 is the
  [stopcheck 2]  Sum-popcount byte view and excludes the 4B per-frame FCS; use W31==W1-4*W0+W33.)
  312 |  5/ 5 |  1 |  1 |        485 |     7 |      485 |     7 |      292 |     6 |      61378 |    874 |      63318 |    902 |          0 |     0 |     0 |     0 |      292 |     0 |   159.09 |      0 |     0 |     0 |     0 |     0 |     0 |      6
  318 |  5/ 5 |  1 |  1 |        490 |     5 |      490 |     5 |      297 |     5 |      61888 |    510 |      63848 |    530 |          0 |     0 |     0 |     0 |      297 |     0 |   154.73 |      0 |     0 |     0 |     0 |     0 |     0 |      5
  324 |  5/ 5 |  1 |  1 |        497 |     7 |      497 |     7 |      303 |     6 |      62762 |    874 |      64750 |    902 |          0 |     0 |     0 |     0 |      303 |     0 |   154.83 |      0 |     0 |     0 |     0 |     0 |     0 |      6
  330 |  5/ 5 |  1 |  1 |        502 |     5 |      502 |     5 |      308 |     5 |      63272 |    510 |      65280 |    530 |          0 |     0 |     0 |     0 |      308 |     0 |   154.77 |      0 |     0 |     0 |     0 |     0 |     0 |      5
  336 |  5/ 5 |  1 |  1 |        508 |     6 |      508 |     6 |      313 |     5 |      64082 |    810 |      66114 |    834 |          0 |     0 |     0 |     0 |      313 |     0 |   154.79 |      0 |     0 |     0 |     0 |     0 |     0 |      5
  341 |  5/ 5 |  1 |  1 |        514 |     6 |      514 |     6 |      319 |     6 |      64656 |    574 |      66712 |    598 |          0 |     0 |     0 |     0 |      319 |     0 |   185.75 |      0 |     0 |     0 |     0 |     0 |     0 |      6
  347 |  5/ 5 |  1 |  1 |        520 |     6 |      520 |     6 |      325 |     6 |      65260 |    604 |      67340 |    628 |          0 |     0 |     0 |     0 |      325 |     0 |   154.76 |      0 |     0 |     0 |     0 |     0 |     0 |      6
  353 |  5/ 5 |  1 |  1 |        526 |     6 |      526 |     6 |      330 |     5 |      66070 |    810 |      68174 |    834 |          0 |     0 |     0 |     0 |      330 |     0 |   154.79 |      0 |     0 |     0 |     0 |     0 |     0 |      5
  359 |  5/ 5 |  1 |  1 |        531 |     5 |      531 |     5 |      335 |     5 |      66580 |    510 |      68704 |    530 |          0 |     0 |     0 |     0 |      335 |     0 |   154.80 |      0 |     0 |     0 |     0 |     0 |     0 |      5
  365 |  5/ 5 |  1 |  1 |        536 |     5 |      536 |     5 |      340 |     5 |      67090 |    510 |      69234 |    530 |          0 |     0 |     0 |     0 |      340 |     0 |   154.79 |      0 |     0 |     0 |     0 |     0 |     0 |      5
  371 |  5/ 5 |  1 |  1 |        543 |     7 |      543 |     7 |      346 |     6 |      67964 |    874 |      70136 |    902 |          0 |     0 |     0 |     0 |      346 |     0 |   154.82 |      0 |     0 |     0 |     0 |     0 |     0 |      6
  377 |  5/ 5 |  1 |  1 |        548 |     5 |      548 |     5 |      351 |     5 |      68474 |    510 |      70666 |    530 |          0 |     0 |     0 |     0 |      351 |     0 |   154.79 |      0 |     0 |     0 |     0 |     0 |     0 |      5
  383 |  5/ 5 |  1 |  1 |        555 |     7 |      555 |     7 |      357 |     6 |      69348 |    874 |      71568 |    902 |          0 |     0 |     0 |     0 |      357 |     0 |   154.75 |      0 |     0 |     0 |     0 |     0 |     0 |      6
  389 |  5/ 5 |  1 |  1 |        561 |     6 |      561 |     6 |      362 |     5 |      69949 |    601 |      72193 |    625 |          0 |     0 |     0 |     0 |      362 |     0 |   154.80 |      0 |     0 |     0 |     0 |     0 |     0 |      5
  395 |  5/ 5 |  1 |  1 |        566 |     5 |      566 |     5 |      367 |     5 |      70459 |    510 |      72723 |    530 |          0 |     0 |     0 |     0 |      367 |     0 |   154.80 |      0 |     0 |     0 |     0 |     0 |     0 |      5
  401 |  5/ 5 |  1 |  1 |        573 |     7 |      573 |     7 |      373 |     6 |      71333 |    874 |      73625 |    902 |          0 |     0 |     0 |     0 |      373 |     0 |   154.59 |      0 |     0 |     0 |     0 |     0 |     0 |      6
  407 |  5/ 5 |  1 |  1 |        578 |     5 |      578 |     5 |      378 |     5 |      71843 |    510 |      74155 |    530 |          0 |     0 |     0 |     0 |      378 |     0 |   154.82 |      0 |     0 |     0 |     0 |     0 |     0 |      5
  413 |  5/ 5 |  1 |  1 |        584 |     6 |      584 |     6 |      383 |     5 |      72653 |    810 |      74989 |    834 |          0 |     0 |     0 |     0 |      383 |     0 |   154.78 |      0 |     0 |     0 |     0 |     0 |     0 |      5
  419 |  5/ 5 |  1 |  1 |        589 |     5 |      589 |     5 |      388 |     5 |      73163 |    510 |      75519 |    530 |          0 |     0 |     0 |     0 |      388 |     0 |   154.79 |      0 |     0 |     0 |     0 |     0 |     0 |      5
  425 |  5/ 5 |  1 |  1 |        594 |     5 |      594 |     5 |      393 |     5 |      73673 |    510 |      76049 |    530 |          0 |     0 |     0 |     0 |      393 |     0 |   154.83 |      0 |     0 |     0 |     0 |     0 |     0 |      5
  431 |  5/ 5 |  1 |  1 |        601 |     7 |      601 |     7 |      399 |     6 |      74547 |    874 |      76951 |    902 |          0 |     0 |     0 |     0 |      399 |     0 |   154.76 |      0 |     0 |     0 |     0 |     0 |     0 |      6
  437 |  5/ 5 |  1 |  1 |        607 |     6 |      607 |     6 |      405 |     6 |      75121 |    574 |      77549 |    598 |          0 |     0 |     0 |     0 |      405 |     0 |   154.79 |      0 |     0 |     0 |     0 |     0 |     0 |      6
  443 |  5/ 5 |  1 |  1 |        613 |     6 |      613 |     6 |      410 |     5 |      75931 |    810 |      78383 |    834 |          0 |     0 |     0 |     0 |      410 |     0 |   154.80 |      0 |     0 |     0 |     0 |     0 |     0 |      5
  448 |  5/ 5 |  1 |  1 |        618 |     5 |      618 |     5 |      415 |     5 |      76441 |    510 |      78913 |    530 |          0 |     0 |     0 |     0 |      415 |     0 |   185.75 |      0 |     0 |     0 |     0 |     0 |     0 |      5
  454 |  5/ 5 |  1 |  1 |        623 |     5 |      623 |     5 |      420 |     5 |      76951 |    510 |      79443 |    530 |          0 |     0 |     0 |     0 |      420 |     0 |   154.81 |      0 |     0 |     0 |     0 |     0 |     0 |      5
  460 |  5/ 5 |  1 |  1 |        630 |     7 |      630 |     7 |      426 |     6 |      77825 |    874 |      80345 |    902 |          0 |     0 |     0 |     0 |      426 |     0 |   154.80 |      0 |     0 |     0 |     0 |     0 |     0 |      6
  466 |  5/ 5 |  1 |  1 |        635 |     5 |      635 |     5 |      431 |     5 |      78335 |    510 |      80875 |    530 |          0 |     0 |     0 |     0 |      431 |     0 |   154.82 |      0 |     0 |     0 |     0 |     0 |     0 |      5
  472 |  5/ 5 |  1 |  1 |        641 |     6 |      641 |     6 |      436 |     5 |      79145 |    810 |      81709 |    834 |          0 |     0 |     0 |     0 |      436 |     0 |   154.82 |      0 |     0 |     0 |     0 |     0 |     0 |      5
  478 |  5/ 5 |  1 |  1 |        646 |     5 |      646 |     5 |      441 |     5 |      79655 |    510 |      82239 |    530 |          0 |     0 |     0 |     0 |      441 |     0 |   154.82 |      0 |     0 |     0 |     0 |     0 |     0 |      5
  484 |  5/ 5 |  1 |  1 |        651 |     5 |      651 |     5 |      446 |     5 |      80165 |    510 |      82769 |    530 |          0 |     0 |     0 |     0 |      446 |     0 |   154.88 |      0 |     0 |     0 |     0 |     0 |     0 |      5
  490 |  5/ 5 |  1 |  1 |        660 |     9 |      660 |     9 |      454 |     8 |      81197 |   1032 |      83837 |   1068 |          0 |     0 |     0 |     0 |      454 |     0 |   154.80 |      0 |     0 |     0 |     0 |     0 |     0 |      8
  496 |  5/ 5 |  1 |  1 |        665 |     5 |      665 |     5 |      459 |     5 |      81707 |    510 |      84367 |    530 |          0 |     0 |     0 |     0 |      459 |     0 |   154.78 |      0 |     0 |     0 |     0 |     0 |     0 |      5
  502 |  5/ 5 |  1 |  1 |        671 |     6 |      671 |     6 |      464 |     5 |      82517 |    810 |      85201 |    834 |          0 |     0 |     0 |     0 |      464 |     0 |   154.84 |      0 |     0 |     0 |     0 |     0 |     0 |      5
  508 |  5/ 5 |  1 |  1 |        676 |     5 |      676 |     5 |      469 |     5 |      83027 |    510 |      85731 |    530 |          0 |     0 |     0 |     0 |      469 |     0 |   154.81 |      0 |     0 |     0 |     0 |     0 |     0 |      5
  514 |  5/ 5 |  1 |  1 |        681 |     5 |      681 |     5 |      474 |     5 |      83537 |    510 |      86261 |    530 |          0 |     0 |     0 |     0 |      474 |     0 |   154.80 |      0 |     0 |     0 |     0 |     0 |     0 |      5
  520 |  5/ 5 |  1 |  1 |        688 |     7 |      688 |     7 |      480 |     6 |      84411 |    874 |      87163 |    902 |          0 |     0 |     0 |     0 |      480 |     0 |   154.82 |      0 |     0 |     0 |     0 |     0 |     0 |      6
  526 |  5/ 5 |  1 |  1 |        693 |     5 |      693 |     5 |      485 |     5 |      84921 |    510 |      87693 |    530 |          0 |     0 |     0 |     0 |      485 |     0 |   154.84 |      0 |     0 |     0 |     0 |     0 |     0 |      5
  532 |  5/ 5 |  1 |  1 |        699 |     6 |      699 |     6 |      490 |     5 |      85731 |    810 |      88527 |    834 |          0 |     0 |     0 |     0 |      490 |     0 |   154.79 |      0 |     0 |     0 |     0 |     0 |     0 |      5
  538 |  5/ 5 |  1 |  1 |        704 |     5 |      704 |     5 |      495 |     5 |      86241 |    510 |      89057 |    530 |          0 |     0 |     0 |     0 |      495 |     0 |   154.81 |      0 |     0 |     0 |     0 |     0 |     0 |      5
  544 |  5/ 5 |  1 |  1 |        709 |     5 |      709 |     5 |      500 |     5 |      86751 |    510 |      89587 |    530 |          0 |     0 |     0 |     0 |      500 |     0 |   154.84 |      0 |     0 |     0 |     0 |     0 |     0 |      5
  550 |  5/ 5 |  1 |  1 |        717 |     8 |      717 |     8 |      507 |     7 |      87689 |    938 |      90557 |    970 |          0 |     0 |     0 |     0 |      507 |     0 |   154.82 |      0 |     0 |     0 |     0 |     0 |     0 |      7
  555 |  5/ 5 |  1 |  1 |        722 |     5 |      722 |     5 |      512 |     5 |      88199 |    510 |      91087 |    530 |          0 |     0 |     0 |     0 |      512 |     0 |   185.78 |      0 |     0 |     0 |     0 |     0 |     0 |      5
  561 |  5/ 5 |  1 |  1 |        728 |     6 |      728 |     6 |      517 |     5 |      89009 |    810 |      91921 |    834 |          0 |     0 |     0 |     0 |      517 |     0 |   154.78 |      0 |     0 |     0 |     0 |     0 |     0 |      5
  567 |  5/ 5 |  1 |  1 |        733 |     5 |      733 |     5 |      522 |     5 |      89519 |    510 |      92451 |    530 |          0 |     0 |     0 |     0 |      522 |     0 |   154.84 |      0 |     0 |     0 |     0 |     0 |     0 |      5
  573 |  5/ 5 |  1 |  1 |        738 |     5 |      738 |     5 |      527 |     5 |      90029 |    510 |      92981 |    530 |          0 |     0 |     0 |     0 |      527 |     0 |   154.78 |      0 |     0 |     0 |     0 |     0 |     0 |      5
  579 |  5/ 5 |  1 |  1 |        745 |     7 |      745 |     7 |      533 |     6 |      90903 |    874 |      93883 |    902 |          0 |     0 |     0 |     0 |      533 |     0 |   154.64 |      0 |     0 |     0 |     0 |     0 |     0 |      6
  585 |  5/ 5 |  1 |  1 |        750 |     5 |      750 |     5 |      538 |     5 |      91413 |    510 |      94413 |    530 |          0 |     0 |     0 |     0 |      538 |     0 |   154.80 |      0 |     0 |     0 |     0 |     0 |     0 |      5
  591 |  5/ 5 |  1 |  1 |        756 |     6 |      756 |     6 |      543 |     5 |      92223 |    810 |      95247 |    834 |          0 |     0 |     0 |     0 |      543 |     0 |   154.87 |      0 |     0 |     0 |     0 |     0 |     0 |      5
  597 |  5/ 5 |  1 |  1 |        761 |     5 |      761 |     5 |      548 |     5 |      92733 |    510 |      95777 |    530 |          0 |     0 |     0 |     0 |      548 |     0 |   154.77 |      0 |     0 |     0 |     0 |     0 |     0 |      5
  603 |  5/ 5 |  1 |  1 |        767 |     6 |      767 |     6 |      554 |     6 |      93307 |    574 |      96375 |    598 |          0 |     0 |     0 |     0 |      554 |     0 |   154.77 |      0 |     0 |     0 |     0 |     0 |     0 |      6
  624 |  5/ 5 |  1 |  1 |        775 |     8 |      775 |     8 |      560 |     6 |      94481 |   1174 |      97581 |   1206 |          0 |     0 |     0 |     0 |      560 |     0 |  155.85* |      0 |     0 |     0 |     0 |     0 |     0 |      6
  645 |  5/ 5 |  1 |  1 |        783 |     8 |      783 |     8 |      566 |     6 |      95476 |    995 |      98608 |   1027 |          0 |     0 |     0 |     0 |      566 |     0 |  155.79* |      0 |     0 |     0 |     0 |     0 |     0 |      6
  666 |  5/ 5 |  1 |  1 |        792 |     9 |      792 |     9 |      573 |     7 |      96714 |   1238 |      99882 |   1274 |          0 |     0 |     0 |     0 |      573 |     0 |  155.84* |      0 |     0 |     0 |     0 |     0 |     0 |      7
  687 |  5/ 5 |  1 |  1 |        798 |     6 |      798 |     6 |      578 |     5 |      97524 |    810 |     100716 |    834 |          0 |     0 |     0 |     0 |      578 |     0 |  155.85* |      0 |     0 |     0 |     0 |     0 |     0 |      5
  708 |  5/ 5 |  1 |  1 |        805 |     7 |      805 |     7 |      584 |     6 |      98398 |    874 |     101618 |    902 |          0 |     0 |     0 |     0 |      584 |     0 |  155.86* |      0 |     0 |     0 |     0 |     0 |     0 |      6
  729 |  5/ 5 |  1 |  1 |        813 |     8 |      813 |     8 |      590 |     6 |      99572 |   1174 |     102824 |   1206 |          0 |     0 |     0 |     0 |      590 |     0 |  155.85* |      0 |     0 |     0 |     0 |     0 |     0 |      6
  750 |  5/ 5 |  1 |  1 |        820 |     7 |      820 |     7 |      596 |     6 |     100446 |    874 |     103726 |    902 |          0 |     0 |     0 |     0 |      596 |     0 |  155.84* |      0 |     0 |     0 |     0 |     0 |     0 |      6
  771 |  5/ 5 |  1 |  1 |        829 |     9 |      829 |     9 |      603 |     7 |     101714 |   1268 |     105030 |   1304 |          0 |     0 |     0 |     0 |      603 |     0 |  155.84* |      0 |     0 |     0 |     0 |     0 |     0 |      7
  791 |  5/ 5 |  1 |  1 |        836 |     7 |      836 |     7 |      609 |     6 |     102588 |    874 |     105932 |    902 |          0 |     0 |     0 |     0 |      609 |     0 |  163.63* |      0 |     0 |     0 |     0 |     0 |     0 |      6
  812 |  5/ 5 |  1 |  1 |        842 |     6 |      842 |     6 |      614 |     5 |     103398 |    810 |     106766 |    834 |          0 |     0 |     0 |     0 |      614 |     0 |  155.86* |      0 |     0 |     0 |     0 |     0 |     0 |      5
  833 |  5/ 5 |  1 |  1 |        851 |     9 |      851 |     9 |      621 |     7 |     104636 |   1238 |     108040 |   1274 |          0 |     0 |     0 |     0 |      621 |     0 |  155.85* |      0 |     0 |     0 |     0 |     0 |     0 |      7
  854 |  5/ 5 |  1 |  1 |        857 |     6 |      857 |     6 |      626 |     5 |     105446 |    810 |     108874 |    834 |          0 |     0 |     0 |     0 |      626 |     0 |  155.84* |      0 |     0 |     0 |     0 |     0 |     0 |      5
  875 |  5/ 5 |  1 |  1 |        864 |     7 |      864 |     7 |      632 |     6 |     106320 |    874 |     109776 |    902 |          0 |     0 |     0 |     0 |      632 |     0 |  155.83* |      0 |     0 |     0 |     0 |     0 |     0 |      6
  896 |  5/ 5 |  1 |  1 |        872 |     8 |      872 |     8 |      638 |     6 |     107494 |   1174 |     110982 |   1206 |          0 |     0 |     0 |     0 |      638 |     0 |  155.85* |      0 |     0 |     0 |     0 |     0 |     0 |      6
  917 |  5/ 5 |  1 |  1 |        880 |     8 |      880 |     8 |      645 |     7 |     108462 |    968 |     111982 |   1000 |          0 |     0 |     0 |     0 |      645 |     0 |  155.83* |      0 |     0 |     0 |     0 |     0 |     0 |      7
  938 |  5/ 5 |  1 |  1 |        888 |     8 |      888 |     8 |      651 |     6 |     109636 |   1174 |     113188 |   1206 |          0 |     0 |     0 |     0 |      651 |     0 |  155.86* |      0 |     0 |     0 |     0 |     0 |     0 |      6
  959 |  5/ 5 |  1 |  1 |        895 |     7 |      895 |     7 |      657 |     6 |     110510 |    874 |     114090 |    902 |          0 |     0 |     0 |     0 |      657 |     0 |  155.85* |      0 |     0 |     0 |     0 |     0 |     0 |      6
  980 |  5/ 5 |  1 |  1 |        901 |     6 |      901 |     6 |      662 |     5 |     111320 |    810 |     114924 |    834 |          0 |     0 |     0 |     0 |      662 |     0 |  155.78* |      0 |     0 |     0 |     0 |     0 |     0 |      5
 1001 |  5/ 5 |  1 |  1 |        910 |     9 |      910 |     9 |      669 |     7 |     112558 |   1238 |     116198 |   1274 |          0 |     0 |     0 |     0 |      669 |     0 |  155.77* |      0 |     0 |     0 |     0 |     0 |     0 |      7
 1022 |  5/ 5 |  1 |  1 |        916 |     6 |      916 |     6 |      674 |     5 |     113368 |    810 |     117032 |    834 |          0 |     0 |     0 |     0 |      674 |     0 |  155.78* |      0 |     0 |     0 |     0 |     0 |     0 |      5
 1043 |  5/ 5 |  1 |  1 |        924 |     8 |      924 |     8 |      680 |     6 |     114542 |   1174 |     118238 |   1206 |          0 |     0 |     0 |     0 |      680 |     0 |  155.78* |      0 |     0 |     0 |     0 |     0 |     0 |      6
 1064 |  5/ 5 |  1 |  1 |        932 |     8 |      932 |     8 |      687 |     7 |     115510 |    968 |     119238 |   1000 |          0 |     0 |     0 |     0 |      687 |     0 |  155.79* |      0 |     0 |     0 |     0 |     0 |     0 |      7
 1085 |  5/ 5 |  1 |  1 |        939 |     7 |      939 |     7 |      693 |     6 |     116384 |    874 |     120140 |    902 |          0 |     0 |     0 |     0 |      693 |     0 |  155.81* |      0 |     0 |     0 |     0 |     0 |     0 |      6
 1106 |  5/ 5 |  1 |  1 |        947 |     8 |      947 |     8 |      699 |     6 |     117558 |   1174 |     121346 |   1206 |          0 |     0 |     0 |     0 |      699 |     0 |  155.79* |      0 |     0 |     0 |     0 |     0 |     0 |      6
 1127 |  5/ 5 |  1 |  1 |        954 |     7 |      954 |     7 |      705 |     6 |     118432 |    874 |     122248 |    902 |          0 |     0 |     0 |     0 |      705 |     0 |  155.81* |      0 |     0 |     0 |     0 |     0 |     0 |      6
 1148 |  5/ 5 |  1 |  1 |        961 |     7 |      961 |     7 |      710 |     5 |     119542 |   1110 |     123386 |   1138 |          0 |     0 |     0 |     0 |      710 |     0 |  155.81* |      0 |     0 |     0 |     0 |     0 |     0 |      5
 1168 |  5/ 5 |  1 |  1 |        970 |     9 |      970 |     9 |      717 |     7 |     120571 |   1029 |     124451 |   1065 |          0 |     0 |     0 |     0 |      717 |     0 |  163.61* |      0 |     0 |     0 |     0 |     0 |     0 |      7
 1189 |  5/ 5 |  1 |  1 |        977 |     7 |      977 |     7 |      723 |     6 |     121475 |    904 |     125383 |    932 |          0 |     0 |     0 |     0 |      723 |     0 |  155.82* |      0 |     0 |     0 |     0 |     0 |     0 |      6
 1210 |  5/ 5 |  1 |  1 |        985 |     8 |      985 |     8 |      729 |     6 |     122649 |   1174 |     126589 |   1206 |          0 |     0 |     0 |     0 |      729 |     0 |  155.82* |      0 |     0 |     0 |     0 |     0 |     0 |      6
 1231 |  5/ 5 |  1 |  1 |        992 |     7 |      992 |     7 |      735 |     6 |     123523 |    874 |     127491 |    902 |          0 |     0 |     0 |     0 |      735 |     0 |  155.84* |      0 |     0 |     0 |     0 |     0 |     0 |      6
 1252 |  5/ 5 |  1 |  1 |       1000 |     8 |     1000 |     8 |      741 |     6 |     124697 |   1174 |     128697 |   1206 |          0 |     0 |     0 |     0 |      741 |     0 |  155.82* |      0 |     0 |     0 |     0 |     0 |     0 |      6
 1273 |  5/ 5 |  1 |  1 |       1006 |     6 |     1006 |     6 |      746 |     5 |     125507 |    810 |     129531 |    834 |          0 |     0 |     0 |     0 |      746 |     0 |  155.82* |      0 |     0 |     0 |     0 |     0 |     0 |      5
 1294 |  5/ 5 |  1 |  1 |       1014 |     8 |     1014 |     8 |      753 |     7 |     126445 |    938 |     130501 |    970 |          0 |     0 |     0 |     0 |      753 |     0 |  155.82* |      0 |     0 |     0 |     0 |     0 |     0 |      7
 1315 |  5/ 5 |  1 |  1 |       1021 |     7 |     1021 |     7 |      758 |     5 |     127555 |   1110 |     131639 |   1138 |          0 |     0 |     0 |     0 |      758 |     0 |  155.84* |      0 |     0 |     0 |     0 |     0 |     0 |      5
 1336 |  5/ 5 |  1 |  1 |       1030 |     9 |     1030 |     9 |      766 |     8 |     128587 |   1032 |     132707 |   1068 |          0 |     0 |     0 |     0 |      766 |     0 |  155.82* |      0 |     0 |     0 |     0 |     0 |     0 |      8
 1357 |  5/ 5 |  1 |  1 |       1037 |     7 |     1037 |     7 |      771 |     5 |     129697 |   1110 |     133845 |   1138 |          0 |     0 |     0 |     0 |      771 |     0 |  155.84* |      0 |     0 |     0 |     0 |     0 |     0 |      5
 1378 |  5/ 5 |  1 |  1 |       1044 |     7 |     1044 |     7 |      777 |     6 |     130571 |    874 |     134747 |    902 |          0 |     0 |     0 |     0 |      777 |     0 |  155.83* |      0 |     0 |     0 |     0 |     0 |     0 |      6
 1399 |  5/ 5 |  1 |  1 |       1051 |     7 |     1051 |     7 |      783 |     6 |     131445 |    874 |     135649 |    902 |          0 |     0 |     0 |     0 |      783 |     0 |  155.82* |      0 |     0 |     0 |     0 |     0 |     0 |      6
 1420 |  5/ 5 |  1 |  1 |       1059 |     8 |     1059 |     8 |      789 |     6 |     132619 |   1174 |     136855 |   1206 |          0 |     0 |     0 |     0 |      789 |     0 |  155.83* |      0 |     0 |     0 |     0 |     0 |     0 |      6
 1441 |  5/ 5 |  1 |  1 |       1065 |     6 |     1065 |     6 |      794 |     5 |     133429 |    810 |     137689 |    834 |          0 |     0 |     0 |     0 |      794 |     0 |  155.85* |      0 |     0 |     0 |     0 |     0 |     0 |      5
 1462 |  5/ 5 |  1 |  1 |       1074 |     9 |     1074 |     9 |      801 |     7 |     134667 |   1238 |     138963 |   1274 |          0 |     0 |     0 |     0 |      801 |     0 |  155.82* |      0 |     0 |     0 |     0 |     0 |     0 |      7
 1483 |  5/ 5 |  1 |  1 |       1081 |     7 |     1081 |     7 |      807 |     6 |     135571 |    904 |     139895 |    932 |          0 |     0 |     0 |     0 |      807 |     0 |  155.82* |      0 |     0 |     0 |     0 |     0 |     0 |      6
 1504 |  5/ 5 |  1 |  1 |       1089 |     8 |     1089 |     8 |      814 |     7 |     136509 |    938 |     140865 |    970 |          0 |     0 |     0 |     0 |      814 |     0 |  155.82* |      0 |     0 |     0 |     0 |     0 |     0 |      7
 1525 |  5/ 5 |  1 |  1 |       1096 |     7 |     1096 |     7 |      819 |     5 |     137619 |   1110 |     142003 |   1138 |          0 |     0 |     0 |     0 |      819 |     0 |  155.83* |      0 |     0 |     0 |     0 |     0 |     0 |      5
 1545 |  5/ 5 |  1 |  1 |       1103 |     7 |     1103 |     7 |      825 |     6 |     138493 |    874 |     142905 |    902 |          0 |     0 |     0 |     0 |      825 |     0 |  163.62* |      0 |     0 |     0 |     0 |     0 |     0 |      6
 1566 |  5/ 5 |  1 |  1 |       1111 |     8 |     1111 |     8 |      831 |     6 |     139667 |   1174 |     144111 |   1206 |          0 |     0 |     0 |     0 |      831 |     0 |  155.83* |      0 |     0 |     0 |     0 |     0 |     0 |      6
 1587 |  5/ 5 |  1 |  1 |       1118 |     7 |     1118 |     7 |      837 |     6 |     140541 |    874 |     145013 |    902 |          0 |     0 |     0 |     0 |      837 |     0 |  155.83* |      0 |     0 |     0 |     0 |     0 |     0 |      6
 1608 |  5/ 5 |  1 |  1 |       1125 |     7 |     1125 |     7 |      843 |     6 |     141445 |    904 |     145945 |    932 |          0 |     0 |     0 |     0 |      843 |     0 |  155.83* |      0 |     0 |     0 |     0 |     0 |     0 |      6
 1629 |  5/ 5 |  1 |  1 |       1134 |     9 |     1134 |     9 |      850 |     7 |     142683 |   1238 |     147219 |   1274 |          0 |     0 |     0 |     0 |      850 |     0 |  155.78* |      0 |     0 |     0 |     0 |     0 |     0 |      7
 1650 |  5/ 5 |  1 |  1 |       1140 |     6 |     1140 |     6 |      855 |     5 |     143493 |    810 |     148053 |    834 |          0 |     0 |     0 |     0 |      855 |     0 |  155.83* |      0 |     0 |     0 |     0 |     0 |     0 |      5
 1671 |  5/ 5 |  1 |  1 |       1149 |     9 |     1149 |     9 |      862 |     7 |     144731 |   1238 |     149327 |   1274 |          0 |     0 |     0 |     0 |      862 |     0 |  155.83* |      0 |     0 |     0 |     0 |     0 |     0 |      7
 1692 |  5/ 5 |  1 |  1 |       1155 |     6 |     1155 |     6 |      867 |     5 |     145541 |    810 |     150161 |    834 |          0 |     0 |     0 |     0 |      867 |     0 |  155.83* |      0 |     0 |     0 |     0 |     0 |     0 |      5
 1713 |  5/ 5 |  1 |  1 |       1162 |     7 |     1162 |     7 |      873 |     6 |     146415 |    874 |     151063 |    902 |          0 |     0 |     0 |     0 |      873 |     0 |  155.82* |      0 |     0 |     0 |     0 |     0 |     0 |      6
 1734 |  5/ 5 |  1 |  1 |       1170 |     8 |     1170 |     8 |      879 |     6 |     147589 |   1174 |     152269 |   1206 |          0 |     0 |     0 |     0 |      879 |     0 |  155.84* |      0 |     0 |     0 |     0 |     0 |     0 |      6
 1755 |  5/ 5 |  1 |  1 |       1178 |     8 |     1178 |     8 |      886 |     7 |     148557 |    968 |     153269 |   1000 |          0 |     0 |     0 |     0 |      886 |     0 |  155.84* |      0 |     0 |     0 |     0 |     0 |     0 |      7
 1776 |  5/ 5 |  1 |  1 |       1185 |     7 |     1185 |     7 |      891 |     5 |     149667 |   1110 |     154407 |   1138 |          0 |     0 |     0 |     0 |      891 |     0 |  155.83* |      0 |     0 |     0 |     0 |     0 |     0 |      5
 1797 |  5/ 5 |  1 |  1 |       1193 |     8 |     1193 |     8 |      898 |     7 |     150605 |    938 |     155377 |    970 |          0 |     0 |     0 |     0 |      898 |     0 |  155.83* |      0 |     0 |     0 |     0 |     0 |     0 |      7
 1818 |  5/ 5 |  1 |  1 |       1199 |     6 |     1199 |     6 |      903 |     5 |     151415 |    810 |     156211 |    834 |          0 |     0 |     0 |     0 |      903 |     0 |  155.83* |      0 |     0 |     0 |     0 |     0 |     0 |      5
 1839 |  5/ 5 |  1 |  1 |       1208 |     9 |     1208 |     9 |      910 |     7 |     152653 |   1238 |     157485 |   1274 |          0 |     0 |     0 |     0 |      910 |     0 |  155.82* |      0 |     0 |     0 |     0 |     0 |     0 |      7
 1860 |  5/ 5 |  1 |  1 |       1214 |     6 |     1214 |     6 |      915 |     5 |     153463 |    810 |     158319 |    834 |          0 |     0 |     0 |     0 |      915 |     0 |  155.84* |      0 |     0 |     0 |     0 |     0 |     0 |      5
 1881 |  5/ 5 |  1 |  1 |       1222 |     8 |     1222 |     8 |      921 |     6 |     154637 |   1174 |     159525 |   1206 |          0 |     0 |     0 |     0 |      921 |     0 |  155.84* |      0 |     0 |     0 |     0 |     0 |     0 |      6
 1902 |  5/ 5 |  1 |  1 |       1231 |     9 |     1231 |     9 |      929 |     8 |     155669 |   1032 |     160593 |   1068 |          0 |     0 |     0 |     0 |      929 |     0 |  155.82* |      0 |     0 |     0 |     0 |     0 |     0 |      8
 1922 |  5/ 5 |  1 |  1 |       1237 |     6 |     1237 |     6 |      934 |     5 |     156479 |    810 |     161427 |    834 |          0 |     0 |     0 |     0 |      934 |     0 |  163.62* |      0 |     0 |     0 |     0 |     0 |     0 |      5
 1943 |  5/ 5 |  1 |  1 |       1245 |     8 |     1245 |     8 |      940 |     6 |     157653 |   1174 |     162633 |   1206 |          0 |     0 |     0 |     0 |      940 |     0 |  155.83* |      0 |     0 |     0 |     0 |     0 |     0 |      6
 1964 |  5/ 5 |  1 |  1 |       1252 |     7 |     1252 |     7 |      946 |     6 |     158527 |    874 |     163535 |    902 |          0 |     0 |     0 |     0 |      946 |     0 |  155.83* |      0 |     0 |     0 |     0 |     0 |     0 |      6
 1985 |  5/ 5 |  1 |  1 |       1259 |     7 |     1259 |     7 |      952 |     6 |     159401 |    874 |     164437 |    902 |          0 |     0 |     0 |     0 |      952 |     0 |  155.84* |      0 |     0 |     0 |     0 |     0 |     0 |      6
 2006 |  5/ 5 |  1 |  1 |       1267 |     8 |     1267 |     8 |      958 |     6 |     160575 |   1174 |     165643 |   1206 |          0 |     0 |     0 |     0 |      958 |     0 |  155.83* |      0 |     0 |     0 |     0 |     0 |     0 |      6
 2027 |  5/ 5 |  1 |  1 |       1275 |     8 |     1275 |     8 |      965 |     7 |     161543 |    968 |     166643 |   1000 |          0 |     0 |     0 |     0 |      965 |     0 |  155.83* |      0 |     0 |     0 |     0 |     0 |     0 |      7
 2048 |  5/ 5 |  1 |  1 |       1282 |     7 |     1282 |     7 |      970 |     5 |     162653 |   1110 |     167781 |   1138 |          0 |     0 |     0 |     0 |      970 |     0 |  155.83* |      0 |     0 |     0 |     0 |     0 |     0 |      5
 2069 |  5/ 5 |  1 |  1 |       1290 |     8 |     1290 |     8 |      977 |     7 |     163591 |    938 |     168751 |    970 |          0 |     0 |     0 |     0 |      977 |     0 |  155.84* |      0 |     0 |     0 |     0 |     0 |     0 |      7
 2090 |  5/ 5 |  1 |  1 |       1296 |     6 |     1296 |     6 |      982 |     5 |     164401 |    810 |     169585 |    834 |          0 |     0 |     0 |     0 |      982 |     0 |  155.83* |      0 |     0 |     0 |     0 |     0 |     0 |      5
 2111 |  5/ 5 |  1 |  1 |       1304 |     8 |     1304 |     8 |      988 |     6 |     165575 |   1174 |     170791 |   1206 |          0 |     0 |     0 |     0 |      988 |     0 |  155.82* |      0 |     0 |     0 |     0 |     0 |     0 |      6
 2132 |  5/ 5 |  1 |  1 |       1311 |     7 |     1311 |     7 |      994 |     6 |     166449 |    874 |     171693 |    902 |          0 |     0 |     0 |     0 |      994 |     0 |  155.85* |      0 |     0 |     0 |     0 |     0 |     0 |      6
 2153 |  5/ 5 |  1 |  1 |       1319 |     8 |     1319 |     8 |     1000 |     6 |     167623 |   1174 |     172899 |   1206 |          0 |     0 |     0 |     0 |     1000 |     0 |  155.82* |      0 |     0 |     0 |     0 |     0 |     0 |      6
 2174 |  5/ 5 |  1 |  1 |       1328 |     9 |     1328 |     9 |     1008 |     8 |     168655 |   1032 |     173967 |   1068 |          0 |     0 |     0 |     0 |     1008 |     0 |  155.82* |      0 |     0 |     0 |     0 |     0 |     0 |      8
 2195 |  5/ 5 |  1 |  1 |       1335 |     7 |     1335 |     7 |     1013 |     5 |     169556 |    901 |     174896 |    929 |          0 |     0 |     0 |     0 |     1013 |     0 |  155.83* |      0 |     0 |     0 |     0 |     0 |     0 |      5
 2216 |  5/ 5 |  1 |  1 |       1343 |     8 |     1343 |     8 |     1019 |     6 |     170730 |   1174 |     176102 |   1206 |          0 |     0 |     0 |     0 |     1019 |     0 |  155.83* |      0 |     0 |     0 |     0 |     0 |     0 |      6
 2237 |  5/ 5 |  1 |  1 |       1351 |     8 |     1351 |     8 |     1026 |     7 |     171668 |    938 |     177072 |    970 |          0 |     0 |     0 |     0 |     1026 |     0 |  155.84* |      0 |     0 |     0 |     0 |     0 |     0 |      7
 2258 |  5/ 5 |  1 |  1 |       1358 |     7 |     1358 |     7 |     1031 |     5 |     172778 |   1110 |     178210 |   1138 |          0 |     0 |     0 |     0 |     1031 |     0 |  155.83* |      0 |     0 |     0 |     0 |     0 |     0 |      5
 2279 |  5/ 5 |  1 |  1 |       1365 |     7 |     1365 |     7 |     1037 |     6 |     173652 |    874 |     179112 |    902 |          0 |     0 |     0 |     0 |     1037 |     0 |  155.83* |      0 |     0 |     0 |     0 |     0 |     0 |      6
 2299 |  5/ 5 |  1 |  1 |       1372 |     7 |     1372 |     7 |     1043 |     6 |     174526 |    874 |     180014 |    902 |          0 |     0 |     0 |     0 |     1043 |     0 |  163.62* |      0 |     0 |     0 |     0 |     0 |     0 |      6
 2320 |  5/ 5 |  1 |  1 |       1381 |     9 |     1381 |     9 |     1050 |     7 |     175794 |   1268 |     181318 |   1304 |          0 |     0 |     0 |     0 |     1050 |     0 |  155.82* |      0 |     0 |     0 |     0 |     0 |     0 |      7
 2341 |  5/ 5 |  1 |  1 |       1388 |     7 |     1388 |     7 |     1056 |     6 |     176668 |    874 |     182220 |    902 |          0 |     0 |     0 |     0 |     1056 |     0 |  155.83* |      0 |     0 |     0 |     0 |     0 |     0 |      6
 2362 |  5/ 5 |  1 |  1 |       1395 |     7 |     1395 |     7 |     1061 |     5 |     177778 |   1110 |     183358 |   1138 |          0 |     0 |     0 |     0 |     1061 |     0 |  155.85* |      0 |     0 |     0 |     0 |     0 |     0 |      5
 2383 |  5/ 5 |  1 |  1 |       1402 |     7 |     1402 |     7 |     1067 |     6 |     178652 |    874 |     184260 |    902 |          0 |     0 |     0 |     0 |     1067 |     0 |  155.76* |      0 |     0 |     0 |     0 |     0 |     0 |      6
 2404 |  5/ 5 |  1 |  1 |       1409 |     7 |     1409 |     7 |     1073 |     6 |     179526 |    874 |     185162 |    902 |          0 |     0 |     0 |     0 |     1073 |     0 |  155.83* |      0 |     0 |     0 |     0 |     0 |     0 |      6
 2425 |  5/ 5 |  1 |  1 |       1416 |     7 |     1416 |     7 |     1078 |     5 |     180636 |   1110 |     186300 |   1138 |          0 |     0 |     0 |     0 |     1078 |     0 |  155.83* |      0 |     0 |     0 |     0 |     0 |     0 |      5
 2446 |  5/ 5 |  1 |  1 |       1423 |     7 |     1423 |     7 |     1084 |     6 |     181510 |    874 |     187202 |    902 |          0 |     0 |     0 |     0 |     1084 |     0 |  155.83* |      0 |     0 |     0 |     0 |     0 |     0 |      7
 2467 |  5/ 5 |  1 |  1 |       1432 |     9 |     1432 |     9 |     1091 |     7 |     182778 |   1268 |     188506 |   1304 |          0 |     0 |     0 |     0 |     1091 |     0 |  155.84* |      0 |     0 |     0 |     0 |     0 |     0 |      6
 2488 |  5/ 5 |  1 |  1 |       1438 |     6 |     1438 |     6 |     1096 |     5 |     183588 |    810 |     189340 |    834 |          0 |     0 |     0 |     0 |     1096 |     0 |  155.79* |      0 |     0 |     0 |     0 |     0 |     0 |      5
 2509 |  5/ 5 |  1 |  1 |       1446 |     8 |     1446 |     8 |     1103 |     7 |     184526 |    938 |     190310 |    970 |          0 |     0 |     0 |     0 |     1103 |     0 |  155.83* |      0 |     0 |     0 |     0 |     0 |     0 |      7
 2530 |  5/ 5 |  1 |  1 |       1453 |     7 |     1453 |     7 |     1108 |     5 |     185636 |   1110 |     191448 |   1138 |          0 |     0 |     0 |     0 |     1108 |     0 |  155.83* |      0 |     0 |     0 |     0 |     0 |     0 |      5
 2551 |  5/ 5 |  1 |  1 |       1459 |     6 |     1459 |     6 |     1113 |     5 |     186446 |    810 |     192282 |    834 |          0 |     0 |     0 |     0 |     1113 |     0 |  155.85* |      0 |     0 |     0 |     0 |     0 |     0 |      5
 2572 |  5/ 5 |  1 |  1 |       1468 |     9 |     1468 |     9 |     1120 |     7 |     187684 |   1238 |     193556 |   1274 |          0 |     0 |     0 |     0 |     1120 |     0 |  155.83* |      0 |     0 |     0 |     0 |     0 |     0 |      7
 2593 |  5/ 5 |  1 |  1 |       1475 |     7 |     1475 |     7 |     1126 |     6 |     188588 |    904 |     194488 |    932 |          0 |     0 |     0 |     0 |     1126 |     0 |  155.84* |      0 |     0 |     0 |     0 |     0 |     0 |      6
 2614 |  5/ 5 |  1 |  1 |       1481 |     6 |     1481 |     6 |     1131 |     5 |     189398 |    810 |     195322 |    834 |          0 |     0 |     0 |     0 |     1131 |     0 |  155.84* |      0 |     0 |     0 |     0 |     0 |     0 |      5
 2635 |  5/ 5 |  1 |  1 |       1490 |     9 |     1490 |     9 |     1138 |     7 |     190636 |   1238 |     196596 |   1274 |          0 |     0 |     0 |     0 |     1138 |     0 |  155.83* |      0 |     0 |     0 |     0 |     0 |     0 |      7
 2655 |  5/ 5 |  1 |  1 |       1496 |     6 |     1496 |     6 |     1143 |     5 |     191446 |    810 |     197430 |    834 |          0 |     0 |     0 |     0 |     1143 |     0 |  163.62* |      0 |     0 |     0 |     0 |     0 |     0 |      5
 2676 |  5/ 5 |  1 |  1 |       1504 |     8 |     1504 |     8 |     1149 |     6 |     192620 |   1174 |     198636 |   1206 |          0 |     0 |     0 |     0 |     1149 |     0 |  155.84* |      0 |     0 |     0 |     0 |     0 |     0 |      6
 2697 |  5/ 5 |  1 |  1 |       1511 |     7 |     1511 |     7 |     1155 |     6 |     193494 |    874 |     199538 |    902 |          0 |     0 |     0 |     0 |     1155 |     0 |  155.83* |      0 |     0 |     0 |     0 |     0 |     0 |      6
 2718 |  5/ 5 |  1 |  1 |       1517 |     6 |     1517 |     6 |     1160 |     5 |     194304 |    810 |     200372 |    834 |          0 |     0 |     0 |     0 |     1160 |     0 |  155.84* |      0 |     0 |     0 |     0 |     0 |     0 |      5
 2739 |  5/ 5 |  1 |  1 |       1527 |    10 |     1527 |    10 |     1168 |     8 |     195636 |   1332 |     201744 |   1372 |          0 |     0 |     0 |     0 |     1168 |     0 |  155.84* |      0 |     0 |     0 |     0 |     0 |     0 |      8
 2760 |  5/ 5 |  1 |  1 |       1533 |     6 |     1533 |     6 |     1173 |     5 |     196446 |    810 |     202578 |    834 |          0 |     0 |     0 |     0 |     1173 |     0 |  155.84* |      0 |     0 |     0 |     0 |     0 |     0 |      5
 2781 |  5/ 5 |  1 |  1 |       1540 |     7 |     1540 |     7 |     1178 |     5 |     197556 |   1110 |     203716 |   1138 |          0 |     0 |     0 |     0 |     1178 |     0 |  155.84* |      0 |     0 |     0 |     0 |     0 |     0 |      5
 2802 |  5/ 5 |  1 |  1 |       1548 |     8 |     1548 |     8 |     1185 |     7 |     198494 |    938 |     204686 |    970 |          0 |     0 |     0 |     0 |     1185 |     0 |  155.84* |      0 |     0 |     0 |     0 |     0 |     0 |      7
 2823 |  5/ 5 |  1 |  1 |       1554 |     6 |     1554 |     6 |     1190 |     5 |     199304 |    810 |     205520 |    834 |          0 |     0 |     0 |     0 |     1190 |     0 |  155.84* |      0 |     0 |     0 |     0 |     0 |     0 |      5
 2844 |  5/ 5 |  1 |  1 |       1562 |     8 |     1562 |     8 |     1196 |     6 |     200478 |   1174 |     206726 |   1206 |          0 |     0 |     0 |     0 |     1196 |     0 |  155.84* |      0 |     0 |     0 |     0 |     0 |     0 |      6
 2865 |  5/ 5 |  1 |  1 |       1569 |     7 |     1569 |     7 |     1202 |     6 |     201352 |    874 |     207628 |    902 |          0 |     0 |     0 |     0 |     1202 |     0 |  155.83* |      0 |     0 |     0 |     0 |     0 |     0 |      6
 2886 |  5/ 5 |  1 |  1 |       1577 |     8 |     1577 |     8 |     1208 |     6 |     202556 |   1204 |     208864 |   1236 |          0 |     0 |     0 |     0 |     1208 |     0 |  155.78* |      0 |     0 |     0 |     0 |     0 |     0 |      6
 2907 |  5/ 5 |  1 |  1 |       1585 |     8 |     1585 |     8 |     1215 |     7 |     203494 |    938 |     209834 |    970 |          0 |     0 |     0 |     0 |     1215 |     0 |  155.83* |      0 |     0 |     0 |     0 |     0 |     0 |      7
 2928 |  5/ 5 |  1 |  1 |       1591 |     6 |     1591 |     6 |     1220 |     5 |     204304 |    810 |     210668 |    834 |          0 |     0 |     0 |     0 |     1220 |     0 |  155.84* |      0 |     0 |     0 |     0 |     0 |     0 |      5
 2949 |  5/ 5 |  1 |  1 |       1598 |     7 |     1598 |     7 |     1225 |     5 |     205414 |   1110 |     211806 |   1138 |          0 |     0 |     0 |     0 |     1225 |     0 |  155.85* |      0 |     0 |     0 |     0 |     0 |     0 |      5
 2970 |  5/ 5 |  1 |  1 |       1606 |     8 |     1606 |     8 |     1232 |     7 |     206352 |    938 |     212776 |    970 |          0 |     0 |     0 |     0 |     1232 |     0 |  155.84* |      0 |     0 |     0 |     0 |     0 |     0 |      7
 2991 |  5/ 5 |  1 |  1 |       1613 |     7 |     1613 |     7 |     1237 |     5 |     207462 |   1110 |     213914 |   1138 |          0 |     0 |     0 |     0 |     1237 |     0 |  155.83* |      0 |     0 |     0 |     0 |     0 |     0 |      5
 3012 |  5/ 5 |  1 |  1 |       1622 |     9 |     1622 |     9 |     1245 |     8 |     208494 |   1032 |     214982 |   1068 |          0 |     0 |     0 |     0 |     1245 |     0 |  155.84* |      0 |     0 |     0 |     0 |     0 |     0 |      8
 3032 |  5/ 5 |  1 |  1 |       1628 |     6 |     1628 |     6 |     1250 |     5 |     209304 |    810 |     215816 |    834 |          0 |     0 |     0 |     0 |     1250 |     0 |  163.64* |      0 |     0 |     0 |     0 |     0 |     0 |      5
 3053 |  5/ 5 |  1 |  1 |       1636 |     8 |     1636 |     8 |     1256 |     6 |     210478 |   1174 |     217022 |   1206 |          0 |     0 |     0 |     0 |     1256 |     0 |  155.82* |      0 |     0 |     0 |     0 |     0 |     0 |      6
 3074 |  5/ 5 |  1 |  1 |       1644 |     8 |     1644 |     8 |     1263 |     7 |     211416 |    938 |     217992 |    970 |          0 |     0 |     0 |     0 |     1263 |     0 |  155.85* |      0 |     0 |     0 |     0 |     0 |     0 |      7
 3095 |  5/ 5 |  1 |  1 |       1650 |     6 |     1650 |     6 |     1268 |     5 |     212226 |    810 |     218826 |    834 |          0 |     0 |     0 |     0 |     1268 |     0 |  155.82* |      0 |     0 |     0 |     0 |     0 |     0 |      5
 3116 |  5/ 5 |  1 |  1 |       1658 |     8 |     1658 |     8 |     1274 |     6 |     213400 |   1174 |     220032 |   1206 |          0 |     0 |     0 |     0 |     1274 |     0 |  155.83* |      0 |     0 |     0 |     0 |     0 |     0 |      6
 3137 |  5/ 5 |  1 |  1 |       1666 |     8 |     1666 |     8 |     1281 |     7 |     214338 |    938 |     221002 |    970 |          0 |     0 |     0 |     0 |     1281 |     0 |  155.85* |      0 |     0 |     0 |     0 |     0 |     0 |      7
 3158 |  5/ 5 |  1 |  1 |       1675 |     9 |     1675 |     9 |     1288 |     7 |     215606 |   1268 |     222306 |   1304 |          0 |     0 |     0 |     0 |     1288 |     0 |  155.82* |      0 |     0 |     0 |     0 |     0 |     0 |      7
 3179 |  5/ 5 |  1 |  1 |       1682 |     7 |     1682 |     7 |     1294 |     6 |     216480 |    874 |     223208 |    902 |          0 |     0 |     0 |     0 |     1294 |     0 |  155.85* |      0 |     0 |     0 |     0 |     0 |     0 |      6
 3200 |  5/ 5 |  1 |  1 |       1689 |     7 |     1689 |     7 |     1300 |     6 |     217354 |    874 |     224110 |    902 |          0 |     0 |     0 |     0 |     1300 |     0 |  155.83* |      0 |     0 |     0 |     0 |     0 |     0 |      6
 3221 |  5/ 5 |  1 |  1 |       1696 |     7 |     1696 |     7 |     1305 |     5 |     218464 |   1110 |     225248 |   1138 |          0 |     0 |     0 |     0 |     1305 |     0 |  155.83* |      0 |     0 |     0 |     0 |     0 |     0 |      5
 3242 |  5/ 5 |  1 |  1 |       1704 |     8 |     1704 |     8 |     1312 |     7 |     219402 |    938 |     226218 |    970 |          0 |     0 |     0 |     0 |     1312 |     0 |  155.84* |      0 |     0 |     0 |     0 |     0 |     0 |      7
 3263 |  5/ 5 |  1 |  1 |       1711 |     7 |     1711 |     7 |     1317 |     5 |     220512 |   1110 |     227356 |   1138 |          0 |     0 |     0 |     0 |     1317 |     0 |  155.83* |      0 |     0 |     0 |     0 |     0 |     0 |      5
 3284 |  5/ 5 |  1 |  1 |       1718 |     7 |     1718 |     7 |     1323 |     6 |     221386 |    874 |     228258 |    902 |          0 |     0 |     0 |     0 |     1323 |     0 |  155.83* |      0 |     0 |     0 |     0 |     0 |     0 |      6
 3305 |  5/ 5 |  1 |  1 |       1726 |     8 |     1726 |     8 |     1330 |     7 |     222354 |    968 |     229258 |   1000 |          0 |     0 |     0 |     0 |     1330 |     0 |  155.84* |      0 |     0 |     0 |     0 |     0 |     0 |      7
 3326 |  5/ 5 |  1 |  1 |       1734 |     8 |     1734 |     8 |     1336 |     6 |     223528 |   1174 |     230464 |   1206 |          0 |     0 |     0 |     0 |     1336 |     0 |  155.84* |      0 |     0 |     0 |     0 |     0 |     0 |      6
 3347 |  5/ 5 |  1 |  1 |       1741 |     7 |     1741 |     7 |     1342 |     6 |     224402 |    874 |     231366 |    902 |          0 |     0 |     0 |     0 |     1342 |     0 |  155.83* |      0 |     0 |     0 |     0 |     0 |     0 |      6
 3368 |  5/ 5 |  1 |  1 |       1749 |     8 |     1749 |     8 |     1348 |     6 |     225576 |   1174 |     232572 |   1206 |          0 |     0 |     0 |     0 |     1348 |     0 |  155.84* |      0 |     0 |     0 |     0 |     0 |     0 |      6
 3389 |  5/ 5 |  1 |  1 |       1755 |     6 |     1755 |     6 |     1353 |     5 |     226386 |    810 |     233406 |    834 |          0 |     0 |     0 |     0 |     1353 |     0 |  155.84* |      0 |     0 |     0 |     0 |     0 |     0 |      5
 3409 |  5/ 5 |  1 |  1 |       1763 |     8 |     1763 |     8 |     1360 |     7 |     227324 |    938 |     234376 |    970 |          0 |     0 |     0 |     0 |     1360 |     0 |  163.62* |      0 |     0 |     0 |     0 |     0 |     0 |      7
 3430 |  5/ 5 |  1 |  1 |       1771 |     8 |     1771 |     8 |     1366 |     6 |     228528 |   1204 |     235612 |   1236 |          0 |     0 |     0 |     0 |     1366 |     0 |  155.84* |      0 |     0 |     0 |     0 |     0 |     0 |      6
 3451 |  5/ 5 |  1 |  1 |       1778 |     7 |     1778 |     7 |     1372 |     6 |     229402 |    874 |     236514 |    902 |          0 |     0 |     0 |     0 |     1372 |     0 |  155.84* |      0 |     0 |     0 |     0 |     0 |     0 |      6
 3472 |  5/ 5 |  1 |  1 |       1787 |     9 |     1787 |     9 |     1379 |     7 |     230640 |   1238 |     237788 |   1274 |          0 |     0 |     0 |     0 |     1379 |     0 |  155.82* |      0 |     0 |     0 |     0 |     0 |     0 |      7
 3493 |  5/ 5 |  1 |  1 |       1793 |     6 |     1793 |     6 |     1384 |     5 |     231450 |    810 |     238622 |    834 |          0 |     0 |     0 |     0 |     1384 |     0 |  155.83* |      0 |     0 |     0 |     0 |     0 |     0 |      5
 3514 |  5/ 5 |  1 |  1 |       1801 |     8 |     1801 |     8 |     1391 |     7 |     232388 |    938 |     239592 |    970 |          0 |     0 |     0 |     0 |     1391 |     0 |  155.84* |      0 |     0 |     0 |     0 |     0 |     0 |      7
 3535 |  5/ 5 |  1 |  1 |       1808 |     7 |     1808 |     7 |     1396 |     5 |     233498 |   1110 |     240730 |   1138 |          0 |     0 |     0 |     0 |     1396 |     0 |  155.84* |      0 |     0 |     0 |     0 |     0 |     0 |      5
 3556 |  5/ 5 |  1 |  1 |       1815 |     7 |     1815 |     7 |     1402 |     6 |     234372 |    874 |     241632 |    902 |          0 |     0 |     0 |     0 |     1402 |     0 |  155.83* |      0 |     0 |     0 |     0 |     0 |     0 |      6
 3577 |  5/ 5 |  1 |  1 |       1824 |     9 |     1824 |     9 |     1409 |     7 |     235640 |   1268 |     242936 |   1304 |          0 |     0 |     0 |     0 |     1409 |     0 |  155.83* |      0 |     0 |     0 |     0 |     0 |     0 |      7
 3598 |  5/ 5 |  1 |  1 |       1831 |     7 |     1831 |     7 |     1415 |     6 |     236514 |    874 |     243838 |    902 |          0 |     0 |     0 |     0 |     1415 |     0 |  155.83* |      0 |     0 |     0 |     0 |     0 |     0 |      6
 3619 |  5/ 5 |  1 |  1 |       1837 |     6 |     1837 |     6 |     1420 |     5 |     237324 |    810 |     244672 |    834 |          0 |     0 |     0 |     0 |     1420 |     0 |  155.83* |      0 |     0 |     0 |     0 |     0 |     0 |      5
 3640 |  5/ 5 |  1 |  1 |       1846 |     9 |     1846 |     9 |     1427 |     7 |     238562 |   1238 |     245946 |   1274 |          0 |     0 |     0 |     0 |     1427 |     0 |  155.83* |      0 |     0 |     0 |     0 |     0 |     0 |      7
 3661 |  5/ 5 |  1 |  1 |       1852 |     6 |     1852 |     6 |     1432 |     5 |     239372 |    810 |     246780 |    834 |          0 |     0 |     0 |     0 |     1432 |     0 |  155.84* |      0 |     0 |     0 |     0 |     0 |     0 |      5
 3682 |  5/ 5 |  1 |  1 |       1860 |     8 |     1860 |     8 |     1438 |     6 |     240546 |   1174 |     247986 |   1206 |          0 |     0 |     0 |     0 |     1438 |     0 |  155.84* |      0 |     0 |     0 |     0 |     0 |     0 |      6
 3703 |  5/ 5 |  1 |  1 |       1867 |     7 |     1867 |     7 |     1444 |     6 |     241420 |    874 |     248888 |    902 |          0 |     0 |     0 |     0 |     1444 |     0 |  155.84* |      0 |     0 |     0 |     0 |     0 |     0 |      6
 3724 |  5/ 5 |  1 |  1 |       1874 |     7 |     1874 |     7 |     1450 |     6 |     242324 |    904 |     249820 |    932 |          0 |     0 |     0 |     0 |     1450 |     0 |  155.84* |      0 |     0 |     0 |     0 |     0 |     0 |      6
 3745 |  5/ 5 |  1 |  1 |       1883 |     9 |     1883 |     9 |     1457 |     7 |     243562 |   1238 |     251094 |   1274 |          0 |     0 |     0 |     0 |     1457 |     0 |  155.83* |      0 |     0 |     0 |     0 |     0 |     0 |      7
 3766 |  5/ 5 |  1 |  1 |       1889 |     6 |     1889 |     6 |     1462 |     5 |     244372 |    810 |     251928 |    834 |          0 |     0 |     0 |     0 |     1462 |     0 |  155.82* |      0 |     0 |     0 |     0 |     0 |     0 |      5
 3786 |  5/ 5 |  1 |  1 |       1897 |     8 |     1897 |     8 |     1468 |     6 |     245546 |   1174 |     253134 |   1206 |          0 |     0 |     0 |     0 |     1468 |     0 |  163.64* |      0 |     0 |     0 |     0 |     0 |     0 |      6
 3807 |  5/ 5 |  1 |  1 |       1904 |     7 |     1904 |     7 |     1474 |     6 |     246420 |    874 |     254036 |    902 |          0 |     0 |     0 |     0 |     1474 |     0 |  155.83* |      0 |     0 |     0 |     0 |     0 |     0 |      6
 3828 |  5/ 5 |  1 |  1 |       1910 |     6 |     1910 |     6 |     1479 |     5 |     247230 |    810 |     254870 |    834 |          0 |     0 |     0 |     0 |     1479 |     0 |  155.83* |      0 |     0 |     0 |     0 |     0 |     0 |      5
 3849 |  5/ 5 |  1 |  1 |       1919 |     9 |     1919 |     9 |     1486 |     7 |     248498 |   1268 |     256174 |   1304 |          0 |     0 |     0 |     0 |     1486 |     0 |  155.83* |      0 |     0 |     0 |     0 |     0 |     0 |      7
 3870 |  5/ 5 |  1 |  1 |       1926 |     7 |     1926 |     7 |     1492 |     6 |     249372 |    874 |     257076 |    902 |          0 |     0 |     0 |     0 |     1492 |     0 |  155.83* |      0 |     0 |     0 |     0 |     0 |     0 |      6
 3891 |  5/ 5 |  1 |  1 |       1934 |     8 |     1934 |     8 |     1498 |     6 |     250546 |   1174 |     258282 |   1206 |          0 |     0 |     0 |     0 |     1498 |     0 |  155.78* |      0 |     0 |     0 |     0 |     0 |     0 |      6
 3912 |  5/ 5 |  1 |  1 |       1942 |     8 |     1942 |     8 |     1505 |     7 |     251484 |    938 |     259252 |    970 |          0 |     0 |     0 |     0 |     1505 |     0 |  155.83* |      0 |     0 |     0 |     0 |     0 |     0 |      7
 3933 |  5/ 5 |  1 |  1 |       1948 |     6 |     1948 |     6 |     1510 |     5 |     252294 |    810 |     260086 |    834 |          0 |     0 |     0 |     0 |     1510 |     0 |  155.83* |      0 |     0 |     0 |     0 |     0 |     0 |      5
 3954 |  5/ 5 |  1 |  1 |       1955 |     7 |     1955 |     7 |     1515 |     5 |     253404 |   1110 |     261224 |   1138 |          0 |     0 |     0 |     0 |     1515 |     0 |  155.83* |      0 |     0 |     0 |     0 |     0 |     0 |      5
 3975 |  5/ 5 |  1 |  1 |       1963 |     8 |     1963 |     8 |     1522 |     7 |     254342 |    938 |     262194 |    970 |          0 |     0 |     0 |     0 |     1522 |     0 |  155.84* |      0 |     0 |     0 |     0 |     0 |     0 |      7
 3996 |  5/ 5 |  1 |  1 |       1972 |     9 |     1972 |     9 |     1529 |     7 |     255610 |   1268 |     263498 |   1304 |          0 |     0 |     0 |     0 |     1529 |     0 |  155.84* |      0 |     0 |     0 |     0 |     0 |     0 |      7
 4017 |  5/ 5 |  1 |  1 |       1978 |     6 |     1978 |     6 |     1534 |     5 |     256420 |    810 |     264332 |    834 |          0 |     0 |     0 |     0 |     1534 |     0 |  155.77* |      0 |     0 |     0 |     0 |     0 |     0 |      5
 4038 |  5/ 5 |  1 |  1 |       1986 |     8 |     1986 |     8 |     1541 |     7 |     257358 |    938 |     265302 |    970 |          0 |     0 |     0 |     0 |     1541 |     0 |  155.84* |      0 |     0 |     0 |     0 |     0 |     0 |      7
 4059 |  5/ 5 |  1 |  1 |       1993 |     7 |     1993 |     7 |     1546 |     5 |     258468 |   1110 |     266440 |   1138 |          0 |     0 |     0 |     0 |     1546 |     0 |  155.83* |      0 |     0 |     0 |     0 |     0 |     0 |      5
 4080 |  5/ 5 |  1 |  1 |       2001 |     8 |     2001 |     8 |     1553 |     7 |     259406 |    938 |     267410 |    970 |          0 |     0 |     0 |     0 |     1553 |     0 |  155.83* |      0 |     0 |     0 |     0 |     0 |     0 |      7
 4101 |  5/ 5 |  1 |  1 |       2008 |     7 |     2008 |     7 |     1558 |     5 |     260516 |   1110 |     268548 |   1138 |          0 |     0 |     0 |     0 |     1558 |     0 |  155.83* |      0 |     0 |     0 |     0 |     0 |     0 |      5
 4122 |  5/ 5 |  1 |  1 |       2015 |     7 |     2015 |     7 |     1564 |     6 |     261390 |    874 |     269450 |    902 |          0 |     0 |     0 |     0 |     1564 |     0 |  155.83* |      0 |     0 |     0 |     0 |     0 |     0 |      6
 4142 |  5/ 5 |  1 |  1 |       2023 |     8 |     2023 |     8 |     1571 |     7 |     262358 |    968 |     270450 |   1000 |          0 |     0 |     0 |     0 |     1571 |     0 |  163.63* |      0 |     0 |     0 |     0 |     0 |     0 |      7
 4163 |  5/ 5 |  1 |  1 |       2031 |     8 |     2031 |     8 |     1577 |     6 |     263532 |   1174 |     271656 |   1206 |          0 |     0 |     0 |     0 |     1577 |     0 |  155.84* |      0 |     0 |     0 |     0 |     0 |     0 |      6
 4184 |  5/ 5 |  1 |  1 |       2037 |     6 |     2037 |     6 |     1582 |     5 |     264342 |    810 |     272490 |    834 |          0 |     0 |     0 |     0 |     1582 |     0 |  155.83* |      0 |     0 |     0 |     0 |     0 |     0 |      5
 4205 |  5/ 5 |  1 |  1 |       2045 |     8 |     2045 |     8 |     1589 |     7 |     265280 |    938 |     273460 |    970 |          0 |     0 |     0 |     0 |     1589 |     0 |  155.83* |      0 |     0 |     0 |     0 |     0 |     0 |      7
 4226 |  5/ 5 |  1 |  1 |       2052 |     7 |     2052 |     7 |     1594 |     5 |     266390 |   1110 |     274598 |   1138 |          0 |     0 |     0 |     0 |     1594 |     0 |  155.83* |      0 |     0 |     0 |     0 |     0 |     0 |      5
 4247 |  5/ 5 |  1 |  1 |       2061 |     9 |     2061 |     9 |     1601 |     7 |     267419 |   1029 |     275663 |   1065 |          0 |     0 |     0 |     0 |     1601 |     0 |  155.84* |      0 |     0 |     0 |     0 |     0 |     0 |      7
 4268 |  5/ 5 |  1 |  1 |       2069 |     8 |     2069 |     8 |     1607 |     6 |     268623 |   1204 |     276899 |   1236 |          0 |     0 |     0 |     0 |     1607 |     0 |  155.83* |      0 |     0 |     0 |     0 |     0 |     0 |      6
 4289 |  5/ 5 |  1 |  1 |       2075 |     6 |     2075 |     6 |     1612 |     5 |     269433 |    810 |     277733 |    834 |          0 |     0 |     0 |     0 |     1612 |     0 |  155.84* |      0 |     0 |     0 |     0 |     0 |     0 |      5
 4310 |  5/ 5 |  1 |  1 |       2083 |     8 |     2083 |     8 |     1619 |     7 |     270371 |    938 |     278703 |    970 |          0 |     0 |     0 |     0 |     1619 |     0 |  155.83* |      0 |     0 |     0 |     0 |     0 |     0 |      7
 4331 |  5/ 5 |  1 |  1 |       2090 |     7 |     2090 |     7 |     1624 |     5 |     271481 |   1110 |     279841 |   1138 |          0 |     0 |     0 |     0 |     1624 |     0 |  155.83* |      0 |     0 |     0 |     0 |     0 |     0 |      5
 4352 |  5/ 5 |  1 |  1 |       2096 |     6 |     2096 |     6 |     1629 |     5 |     272291 |    810 |     280675 |    834 |          0 |     0 |     0 |     0 |     1629 |     0 |  155.83* |      0 |     0 |     0 |     0 |     0 |     0 |      5
 4373 |  5/ 5 |  1 |  1 |       2105 |     9 |     2105 |     9 |     1636 |     7 |     273529 |   1238 |     281949 |   1274 |          0 |     0 |     0 |     0 |     1636 |     0 |  155.84* |      0 |     0 |     0 |     0 |     0 |     0 |      7
 4394 |  5/ 5 |  1 |  1 |       2111 |     6 |     2111 |     6 |     1641 |     5 |     274339 |    810 |     282783 |    834 |          0 |     0 |     0 |     0 |     1641 |     0 |  155.82* |      0 |     0 |     0 |     0 |     0 |     0 |      5
 4415 |  5/ 5 |  1 |  1 |       2120 |     9 |     2120 |     9 |     1649 |     8 |     275371 |   1032 |     283851 |   1068 |          0 |     0 |     0 |     0 |     1649 |     0 |  155.84* |      0 |     0 |     0 |     0 |     0 |     0 |      8
 4436 |  5/ 5 |  1 |  1 |       2127 |     7 |     2127 |     7 |     1654 |     5 |     276481 |   1110 |     284989 |   1138 |          0 |     0 |     0 |     0 |     1654 |     0 |  155.84* |      0 |     0 |     0 |     0 |     0 |     0 |      5
 4457 |  5/ 5 |  1 |  1 |       2133 |     6 |     2133 |     6 |     1659 |     5 |     277291 |    810 |     285823 |    834 |          0 |     0 |     0 |     0 |     1659 |     0 |  155.82* |      0 |     0 |     0 |     0 |     0 |     0 |      5
 4478 |  5/ 5 |  1 |  1 |       2142 |     9 |     2142 |     9 |     1666 |     7 |     278529 |   1238 |     287097 |   1274 |          0 |     0 |     0 |     0 |     1666 |     0 |  155.78* |      0 |     0 |     0 |     0 |     0 |     0 |      7
 4499 |  5/ 5 |  1 |  1 |       2148 |     6 |     2148 |     6 |     1671 |     5 |     279339 |    810 |     287931 |    834 |          0 |     0 |     0 |     0 |     1671 |     0 |  155.82* |      0 |     0 |     0 |     0 |     0 |     0 |      5
 4519 |  5/ 5 |  1 |  1 |       2154 |     6 |     2154 |     6 |     1676 |     5 |     280149 |    810 |     288765 |    834 |          0 |     0 |     0 |     0 |     1676 |     0 |  163.63* |      0 |     0 |     0 |     0 |     0 |     0 |      5
 4540 |  5/ 5 |  1 |  1 |       2163 |     9 |     2163 |     9 |     1683 |     7 |     281387 |   1238 |     290039 |   1274 |          0 |     0 |     0 |     0 |     1683 |     0 |  155.83* |      0 |     0 |     0 |     0 |     0 |     0 |      7
 4561 |  5/ 5 |  1 |  1 |       2170 |     7 |     2170 |     7 |     1689 |     6 |     282291 |    904 |     290971 |    932 |          0 |     0 |     0 |     0 |     1689 |     0 |  155.83* |      0 |     0 |     0 |     0 |     0 |     0 |      6
 4582 |  5/ 5 |  1 |  1 |       2179 |     9 |     2179 |     9 |     1696 |     7 |     283529 |   1238 |     292245 |   1274 |          0 |     0 |     0 |     0 |     1696 |     0 |  155.83* |      0 |     0 |     0 |     0 |     0 |     0 |      7
 4603 |  5/ 5 |  1 |  1 |       2185 |     6 |     2185 |     6 |     1701 |     5 |     284339 |    810 |     293079 |    834 |          0 |     0 |     0 |     0 |     1701 |     0 |  155.83* |      0 |     0 |     0 |     0 |     0 |     0 |      5
 4624 |  5/ 5 |  1 |  1 |       2192 |     7 |     2192 |     7 |     1707 |     6 |     285213 |    874 |     293981 |    902 |          0 |     0 |     0 |     0 |     1707 |     0 |  155.84* |      0 |     0 |     0 |     0 |     0 |     0 |      6
 4645 |  5/ 5 |  1 |  1 |       2200 |     8 |     2200 |     8 |     1713 |     6 |     286387 |   1174 |     295187 |   1206 |          0 |     0 |     0 |     0 |     1713 |     0 |  155.82* |      0 |     0 |     0 |     0 |     0 |     0 |      6
 4666 |  5/ 5 |  1 |  1 |       2207 |     7 |     2207 |     7 |     1719 |     6 |     287261 |    874 |     296089 |    902 |          0 |     0 |     0 |     0 |     1719 |     0 |  155.84* |      0 |     0 |     0 |     0 |     0 |     0 |      6
 4687 |  5/ 5 |  1 |  1 |       2215 |     8 |     2215 |     8 |     1725 |     6 |     288465 |   1204 |     297325 |   1236 |          0 |     0 |     0 |     0 |     1725 |     0 |  155.83* |      0 |     0 |     0 |     0 |     0 |     0 |      6
 4708 |  5/ 5 |  1 |  1 |       2223 |     8 |     2223 |     8 |     1732 |     7 |     289403 |    938 |     298295 |    970 |          0 |     0 |     0 |     0 |     1732 |     0 |  155.83* |      0 |     0 |     0 |     0 |     0 |     0 |      7
 4729 |  5/ 5 |  1 |  1 |       2229 |     6 |     2229 |     6 |     1737 |     5 |     290213 |    810 |     299129 |    834 |          0 |     0 |     0 |     0 |     1737 |     0 |  155.83* |      0 |     0 |     0 |     0 |     0 |     0 |      5
 4750 |  5/ 5 |  1 |  1 |       2238 |     9 |     2238 |     9 |     1744 |     7 |     291451 |   1238 |     300403 |   1274 |          0 |     0 |     0 |     0 |     1744 |     0 |  155.83* |      0 |     0 |     0 |     0 |     0 |     0 |      7
 4771 |  5/ 5 |  1 |  1 |       2244 |     6 |     2244 |     6 |     1749 |     5 |     292261 |    810 |     301237 |    834 |          0 |     0 |     0 |     0 |     1749 |     0 |  155.83* |      0 |     0 |     0 |     0 |     0 |     0 |      5
 4792 |  5/ 5 |  1 |  1 |       2252 |     8 |     2252 |     8 |     1755 |     6 |     293435 |   1174 |     302443 |   1206 |          0 |     0 |     0 |     0 |     1755 |     0 |  155.83* |      0 |     0 |     0 |     0 |     0 |     0 |      6
 4813 |  5/ 5 |  1 |  1 |       2259 |     7 |     2259 |     7 |     1761 |     6 |     294309 |    874 |     303345 |    902 |          0 |     0 |     0 |     0 |     1761 |     0 |  155.83* |      0 |     0 |     0 |     0 |     0 |     0 |      6
 4834 |  5/ 5 |  1 |  1 |       2267 |     8 |     2267 |     8 |     1768 |     7 |     295277 |    968 |     304345 |   1000 |          0 |     0 |     0 |     0 |     1768 |     0 |  155.85* |      0 |     0 |     0 |     0 |     0 |     0 |      7
 4855 |  5/ 5 |  1 |  1 |       2274 |     7 |     2274 |     7 |     1773 |     5 |     296387 |   1110 |     305483 |   1138 |          0 |     0 |     0 |     0 |     1773 |     0 |  155.83* |      0 |     0 |     0 |     0 |     0 |     0 |      5
 4876 |  5/ 5 |  1 |  1 |       2281 |     7 |     2281 |     7 |     1779 |     6 |     297261 |    874 |     306385 |    902 |          0 |     0 |     0 |     0 |     1779 |     0 |  155.82* |      0 |     0 |     0 |     0 |     0 |     0 |      6
 4896 |  5/ 5 |  1 |  1 |       2288 |     7 |     2288 |     7 |     1784 |     5 |     298371 |   1110 |     307523 |   1138 |          0 |     0 |     0 |     0 |     1784 |     0 |  163.64* |      0 |     0 |     0 |     0 |     0 |     0 |      5
 4917 |  5/ 5 |  1 |  1 |       2296 |     8 |     2296 |     8 |     1791 |     7 |     299309 |    938 |     308493 |    970 |          0 |     0 |     0 |     0 |     1791 |     0 |  155.82* |      0 |     0 |     0 |     0 |     0 |     0 |      7
 4938 |  5/ 5 |  1 |  1 |       2302 |     6 |     2302 |     6 |     1796 |     5 |     300119 |    810 |     309327 |    834 |          0 |     0 |     0 |     0 |     1796 |     0 |  155.83* |      0 |     0 |     0 |     0 |     0 |     0 |      5
 4959 |  5/ 5 |  1 |  1 |       2309 |     7 |     2309 |     7 |     1801 |     5 |     301229 |   1110 |     310465 |   1138 |          0 |     0 |     0 |     0 |     1801 |     0 |  155.84* |      0 |     0 |     0 |     0 |     0 |     0 |      5
 4980 |  5/ 5 |  1 |  1 |       2318 |     9 |     2318 |     9 |     1809 |     8 |     302261 |   1032 |     311533 |   1068 |          0 |     0 |     0 |     0 |     1809 |     0 |  155.82* |      0 |     0 |     0 |     0 |     0 |     0 |      8
 5001 |  5/ 5 |  1 |  1 |       2325 |     7 |     2325 |     7 |     1814 |     5 |     303371 |   1110 |     312671 |   1138 |          0 |     0 |     0 |     0 |     1814 |     0 |  155.85* |      0 |     0 |     0 |     0 |     0 |     0 |      5
 5022 |  5/ 5 |  1 |  1 |       2331 |     6 |     2331 |     6 |     1819 |     5 |     304181 |    810 |     313505 |    834 |          0 |     0 |     0 |     0 |     1819 |     0 |  155.81* |      0 |     0 |     0 |     0 |     0 |     0 |      5
 5043 |  5/ 5 |  1 |  1 |       2339 |     8 |     2339 |     8 |     1826 |     7 |     305119 |    938 |     314475 |    970 |          0 |     0 |     0 |     0 |     1826 |     0 |  155.83* |      0 |     0 |     0 |     0 |     0 |     0 |      7
 5064 |  5/ 5 |  1 |  1 |       2346 |     7 |     2346 |     7 |     1831 |     5 |     306229 |   1110 |     315613 |   1138 |          0 |     0 |     0 |     0 |     1831 |     0 |  155.85* |      0 |     0 |     0 |     0 |     0 |     0 |      5
 5085 |  5/ 5 |  1 |  1 |       2353 |     7 |     2353 |     7 |     1837 |     6 |     307103 |    874 |     316515 |    902 |          0 |     0 |     0 |     0 |     1837 |     0 |  155.82* |      0 |     0 |     0 |     0 |     0 |     0 |      6
 5106 |  5/ 5 |  1 |  1 |       2361 |     8 |     2361 |     8 |     1843 |     6 |     308277 |   1174 |     317721 |   1206 |          0 |     0 |     0 |     0 |     1843 |     0 |  155.84* |      0 |     0 |     0 |     0 |     0 |     0 |      6
 5127 |  5/ 5 |  1 |  1 |       2368 |     7 |     2368 |     7 |     1849 |     6 |     309181 |    904 |     318653 |    932 |          0 |     0 |     0 |     0 |     1849 |     0 |  155.83* |      0 |     0 |     0 |     0 |     0 |     0 |      6
 5148 |  5/ 5 |  1 |  1 |       2376 |     8 |     2376 |     8 |     1856 |     7 |     310119 |    938 |     319623 |    970 |          0 |     0 |     0 |     0 |     1856 |     0 |  155.83* |      0 |     0 |     0 |     0 |     0 |     0 |      7
 5169 |  5/ 5 |  1 |  1 |       2383 |     7 |     2383 |     7 |     1861 |     5 |     311229 |   1110 |     320761 |   1138 |          0 |     0 |     0 |     0 |     1861 |     0 |  155.83* |      0 |     0 |     0 |     0 |     0 |     0 |      5
 5190 |  5/ 5 |  1 |  1 |       2389 |     6 |     2389 |     6 |     1866 |     5 |     312039 |    810 |     321595 |    834 |          0 |     0 |     0 |     0 |     1866 |     0 |  155.84* |      0 |     0 |     0 |     0 |     0 |     0 |      5
 5211 |  5/ 5 |  1 |  1 |       2398 |     9 |     2398 |     9 |     1873 |     7 |     313277 |   1238 |     322869 |   1274 |          0 |     0 |     0 |     0 |     1873 |     0 |  155.83* |      0 |     0 |     0 |     0 |     0 |     0 |      7
 5232 |  5/ 5 |  1 |  1 |       2404 |     6 |     2404 |     6 |     1878 |     5 |     314087 |    810 |     323703 |    834 |          0 |     0 |     0 |     0 |     1878 |     0 |  155.83* |      0 |     0 |     0 |     0 |     0 |     0 |      5
 5253 |  5/ 5 |  1 |  1 |       2413 |     9 |     2413 |     9 |     1886 |     8 |     315119 |   1032 |     324771 |   1068 |          0 |     0 |     0 |     0 |     1886 |     0 |  155.84* |      0 |     0 |     0 |     0 |     0 |     0 |      8
 5273 |  5/ 5 |  1 |  1 |       2420 |     7 |     2420 |     7 |     1891 |     5 |     316229 |   1110 |     325909 |   1138 |          0 |     0 |     0 |     0 |     1891 |     0 |  163.62* |      0 |     0 |     0 |     0 |     0 |     0 |      5
 5294 |  5/ 5 |  1 |  1 |       2427 |     7 |     2427 |     7 |     1897 |     6 |     317103 |    874 |     326811 |    902 |          0 |     0 |     0 |     0 |     1897 |     0 |  155.83* |      0 |     0 |     0 |     0 |     0 |     0 |      6
 5315 |  5/ 5 |  1 |  1 |       2434 |     7 |     2434 |     7 |     1903 |     6 |     317977 |    874 |     327713 |    902 |          0 |     0 |     0 |     0 |     1903 |     0 |  155.84* |      0 |     0 |     0 |     0 |     0 |     0 |      6
 5336 |  5/ 5 |  1 |  1 |       2442 |     8 |     2442 |     8 |     1909 |     6 |     319151 |   1174 |     328919 |   1206 |          0 |     0 |     0 |     0 |     1909 |     0 |  155.82* |      0 |     0 |     0 |     0 |     0 |     0 |      6
 5357 |  5/ 5 |  1 |  1 |       2448 |     6 |     2448 |     6 |     1914 |     5 |     319961 |    810 |     329753 |    834 |          0 |     0 |     0 |     0 |     1914 |     0 |  155.84* |      0 |     0 |     0 |     0 |     0 |     0 |      5
 5378 |  5/ 5 |  1 |  1 |       2457 |     9 |     2457 |     9 |     1921 |     7 |     321199 |   1238 |     331027 |   1274 |          0 |     0 |     0 |     0 |     1921 |     0 |  155.82* |      0 |     0 |     0 |     0 |     0 |     0 |      7
 5399 |  5/ 5 |  1 |  1 |       2464 |     7 |     2464 |     7 |     1927 |     6 |     322103 |    904 |     331959 |    932 |          0 |     0 |     0 |     0 |     1927 |     0 |  155.84* |      0 |     0 |     0 |     0 |     0 |     0 |      6
 5420 |  5/ 5 |  1 |  1 |       2472 |     8 |     2472 |     8 |     1934 |     7 |     323041 |    938 |     332929 |    970 |          0 |     0 |     0 |     0 |     1934 |     0 |  155.83* |      0 |     0 |     0 |     0 |     0 |     0 |      7
 5441 |  5/ 5 |  1 |  1 |       2479 |     7 |     2479 |     7 |     1939 |     5 |     324151 |   1110 |     334067 |   1138 |          0 |     0 |     0 |     0 |     1939 |     0 |  155.83* |      0 |     0 |     0 |     0 |     0 |     0 |      5
 5462 |  5/ 5 |  1 |  1 |       2486 |     7 |     2486 |     7 |     1945 |     6 |     325025 |    874 |     334969 |    902 |          0 |     0 |     0 |     0 |     1945 |     0 |  155.84* |      0 |     0 |     0 |     0 |     0 |     0 |      6
 5483 |  5/ 5 |  1 |  1 |       2494 |     8 |     2494 |     8 |     1951 |     6 |     326199 |   1174 |     336175 |   1206 |          0 |     0 |     0 |     0 |     1951 |     0 |  155.82* |      0 |     0 |     0 |     0 |     0 |     0 |      6
 5504 |  5/ 5 |  1 |  1 |       2500 |     6 |     2500 |     6 |     1956 |     5 |     327009 |    810 |     337009 |    834 |          0 |     0 |     0 |     0 |     1956 |     0 |  155.83* |      0 |     0 |     0 |     0 |     0 |     0 |      5
 5525 |  5/ 5 |  1 |  1 |       2507 |     7 |     2507 |     7 |     1962 |     6 |     327883 |    874 |     337911 |    902 |          0 |     0 |     0 |     0 |     1962 |     0 |  155.83* |      0 |     0 |     0 |     0 |     0 |     0 |      6
 5546 |  5/ 5 |  1 |  1 |       2516 |     9 |     2516 |     9 |     1969 |     7 |     329151 |   1268 |     339215 |   1304 |          0 |     0 |     0 |     0 |     1969 |     0 |  155.83* |      0 |     0 |     0 |     0 |     0 |     0 |      7
 5567 |  5/ 5 |  1 |  1 |       2523 |     7 |     2523 |     7 |     1975 |     6 |     330025 |    874 |     340117 |    902 |          0 |     0 |     0 |     0 |     1975 |     0 |  155.83* |      0 |     0 |     0 |     0 |     0 |     0 |      6
 5588 |  5/ 5 |  1 |  1 |       2531 |     8 |     2531 |     8 |     1981 |     6 |     331199 |   1174 |     341323 |   1206 |          0 |     0 |     0 |     0 |     1981 |     0 |  155.83* |      0 |     0 |     0 |     0 |     0 |     0 |      6
 5609 |  5/ 5 |  1 |  1 |       2538 |     7 |     2538 |     7 |     1987 |     6 |     332073 |    874 |     342225 |    902 |          0 |     0 |     0 |     0 |     1987 |     0 |  155.84* |      0 |     0 |     0 |     0 |     0 |     0 |      6
 5630 |  5/ 5 |  1 |  1 |       2544 |     6 |     2544 |     6 |     1992 |     5 |     332883 |    810 |     343059 |    834 |          0 |     0 |     0 |     0 |     1992 |     0 |  155.83* |      0 |     0 |     0 |     0 |     0 |     0 |      5
 5650 |  5/ 5 |  1 |  1 |       2553 |     9 |     2553 |     9 |     1999 |     7 |     334121 |   1238 |     344333 |   1274 |          0 |     0 |     0 |     0 |     1999 |     0 |  163.62* |      0 |     0 |     0 |     0 |     0 |     0 |      7
 5671 |  5/ 5 |  1 |  1 |       2560 |     7 |     2560 |     7 |     2005 |     6 |     335025 |    904 |     345265 |    932 |          0 |     0 |     0 |     0 |     2005 |     0 |  155.84* |      0 |     0 |     0 |     0 |     0 |     0 |      6
 5692 |  5/ 5 |  1 |  1 |       2567 |     7 |     2567 |     7 |     2010 |     5 |     336135 |   1110 |     346403 |   1138 |          0 |     0 |     0 |     0 |     2010 |     0 |  155.82* |      0 |     0 |     0 |     0 |     0 |     0 |      5
 5713 |  5/ 5 |  1 |  1 |       2575 |     8 |     2575 |     8 |     2017 |     7 |     337073 |    938 |     347373 |    970 |          0 |     0 |     0 |     0 |     2017 |     0 |  155.83* |      0 |     0 |     0 |     0 |     0 |     0 |      7
 5734 |  5/ 5 |  1 |  1 |       2581 |     6 |     2581 |     6 |     2022 |     5 |     337883 |    810 |     348207 |    834 |          0 |     0 |     0 |     0 |     2022 |     0 |  155.83* |      0 |     0 |     0 |     0 |     0 |     0 |      5
 5755 |  5/ 5 |  1 |  1 |       2590 |     9 |     2590 |     9 |     2029 |     7 |     339121 |   1238 |     349481 |   1274 |          0 |     0 |     0 |     0 |     2029 |     0 |  155.84* |      0 |     0 |     0 |     0 |     0 |     0 |      7

########## soak_probe END 2026-09-29 15:30:19 ##########
rounds=348 invalid_rounds=0 elapsed=5776s first_deaf=none (round 0)
min ping received/round = 4 / 5
EVER-NONZERO rounds: W17=0 W19=0 W21=0 W32=0 W34=0 W35=0
MAX values: W17=0 W18=0 W19=0 W21=0 W32=0 W33=0 W34=0 W35=0
CONSERVATION violation rounds: W30==W0+W32 bad=0 ; W31==W1-4*W0+W33 bad=0
words file: /tmp/soak_words.tsv
SOAK_DONE
