#-----------------------------------------------------------
# xsim v2025.2 (64-bit)
# SW Build 6299465 on Fri Nov 14 19:35:11 GMT 2025
# IP Build 6300035 on Fri Nov 14 10:48:45 MST 2025
# SharedData Build 6298862 on Thu Nov 13 04:50:51 MST 2025
# Start of session at: Wed Sep 30 13:27:36 2026
# Process ID         : 34696
# Current directory  : D:/repo/XCKU5PMini/udp_hls_10g/_proj_pcie
# Command line       : xsim.exe -log xsim_axr.log -mode tcl -source {xsim.dir/tb_axi_regs/xsim_script.tcl}
# Log file           : D:/repo/XCKU5PMini/udp_hls_10g/_proj_pcie/xsim_axr.log
# Journal file       : D:/repo/XCKU5PMini/udp_hls_10g/_proj_pcie\xsim.jou
# Running On         : xyz-intel
# Platform           : Windows Server 2016 or Windows 10
# Operating System   : 26200
# Processor Detail   : Intel(R) Core(TM) Ultra 7 265K
# CPU Frequency      : 3878 MHz
# CPU Physical cores : 20
# CPU Logical cores  : 20
# Host memory        : 68053 MB
# Swap memory        : 4294 MB
# Total Virtual      : 72348 MB
# Available Virtual  : 45089 MB
#-----------------------------------------------------------
source xsim.dir/tb_axi_regs/xsim_script.tcl
# xsim {tb_axi_regs} -autoloadwcfg -runall
Time resolution is 1 ps
run -all
=== tb_axi_regs: P6e å¯„å­˜å™¨å—å•å…ƒé—¨ (å«å¿«ç…§çª—å£) ===
  [PASS] 1  MAGIC = 50360001
  [PASS] 2  BUILD_ID = 00000001
  [PASS] 3aÿÿÿ™ÿÿÿçÿ¯ rresp = 00000000
  [PASS] 3b SCRATCÿÿÿ¯ÿÿÿ = a5a55a5a
  [PASS] 4  ÿÿÿèÿÿÿ€ÿÿÿšÿÿÿª byte0 ÿÿ˜) = ffffff11
  [PASS] 5  FREECNT é€’å¢ (32 -> 36)
  [PASS] 6  MARKER = deadbeef
  [PASS] ÿÿÿæÿÿÿ®ÿÿÿ°ÿÿ» rresp (0xB0) = 00000002
  [PASS] ÿÿÿæÿÿÿ®ÿÿÿ°ÿÿ™ bresp (0xB0) = 00000002
  [PASS] 8  HW_STATUS = 00000005
  [PASS] ÿÿÿæÿÿÿ®ÿÿÿ°ÿÿ» rresp (0xB0) = 00000002
  [PASS] 10a SNAP_STATÿÿÿåÿÿÿ½ÿÿÿ¼ = 00000000
  [PASS] 10b 36 ÿÿÿåÿÿÿ¤ÿÿÿÿÿÿåÿ¨ 0 = 00000000
  [PASS] 11aÿÿÿ™ 0x1ÿÿÿ‡’ snap_rÿÿÿåÿ 1 = 00000001
  [PASS] 11ÿÿÿ†™ 0x18 bresp = 00000000
  [PASS] ÿÿÿ†™ 0x08/0xB0 ÿÿÿ¸ÿÿÿ—ÿÿÿ§ÿÿÿ‘ = 00000000
  [PASS] 12 SNAP_STATUS.busÿÿÿ€ÿÿÿ  = 00000001
  [PASS] 13a donÿÿÿ½ÿÿÿ· = 00000001
  [PASS] 13b seeÿÿÿ½ÿÿÿ· = 00000001
  [PASS] 13c gen = 1 = 00000001
  [PASS] d 36ÿÿÿªÿÿÿéÿÿÿ­ÿÿÿÿÿÿåÿÿÿ¸ÿÿÿ´ = 00000000
  [PASS] 14a ÿÿÿåÿÿÿ doÿÿÿæÿ… 0 = 00000000
  [PASS] 14b ÿÿÿåÿÿÿ¸ÿÿÿ¹ gen = 00000001
  [PASS] 15a gen ÿÿÿåÿÿÿ¸ÿÿÿ´ = 00000000
  [PASS] 15b 36 ÿÿÿåÿÿÿ»ÿÿÿæÿÿÿÿÿÿ¡ÿÿ°) = 00000000
  [PASS] 15c 36 ÿÿ— ÿÿÿ³ÿÿÿ¥ÿÿÿéÿÿÿ¸ÿÿÿ£ = 00000258
  --- åˆ¤æ® 16 è´Ÿå¯¹ç…§: 36 å­—è¯»åˆ°ä¸€åŠæ³¨å…¥æ–°ä¸€ä»£ ---
  [PASS] 16a gen å®ˆå«å‘ç°è¯»åˆ°ä¸€åŠæ¢äº†ä»£ (3 -> 4)
  [PASS] 16b è¯»åˆ°çš„ 36 å­—ç¡®å®è·¨ä»£ (tag 0002bc ... 0002bd) â‡’ å®ˆå«ä¸æ˜¯ç©ºåˆ¤æ®
  [PASS] ÿÿÿæÿÿÿ®ÿÿÿ°ÿÿ» rresp (0xB0) = 00000002
  [PASS] 18a [6]ÿÿÿæÿÿÿ€ÿÿÿ  = 00000000
  [PASS] 18b [5:3]ÿÿÿæÿÿÿ€ÿÿÿ  = 00000000
  [PASS] 18c [6] = locked_axÿÿÿ€ÿÿÿ  = 00000001
  [PASS] 18d [5:3] = fe_statÿÿÿ€ÿÿÿ  = 00000005
  [PASS] ÿÿÿ½ÿÿÿÿÿ˜ ÿÿÿ°ÿÿÿäÿÿÿŠÿÿÿÿÿ) = 00000006
  [PASS] 15:7ÿÿÿ¿ÿÿÿ»ÿÿ¨ ÿÿÿéÿÿÿ¡ÿÿÿ…ÿÿº) = 00000000
PASS_ALL  tb_axi_regs: 22 é¡¹åˆ¤æ®å…¨è¿‡
=== done ===
$finish called at time : 7115 ns : File "D:/repo/XCKU5PMini/udp_hls_10g/_proj_pcie/tb/tb_axi_regs.v" Line 296
exit
INFO: [Common 17-206] Exiting xsim at Wed Sep 30 13:27:38 2026...
