CPU_T 1791352078.069363504 %Cpu(s):  6.0 us, 19.0 sy,  0.0 ni, 75.0 id,  0.0 wa,  0.0 hi,  0.0 si,  0.0 st |   1655 a         20   0   21808  13228   9748 S   0.0   0.1   0:19.58 systemd|   1656 a         20   0   21492   3668   1860 S   0.0   0.0   0:00.00 (sd-pam)|
CPU_T 1791352079.287302524 %Cpu(s):  0.0 us,  1.2 sy,  0.0 ni, 98.8 id,  0.0 wa,  0.0 hi,  0.0 si,  0.0 st |   1655 a         20   0   21808  13228   9748 S   0.0   0.1   0:19.58 systemd|   1656 a         20   0   21492   3668   1860 S   0.0   0.0   0:00.00 (sd-pam)|
CPU_T 1791352080.507726749 %Cpu(s):  7.1 us,  4.8 sy,  0.0 ni, 86.9 id,  0.0 wa,  0.0 hi,  1.2 si,  0.0 st |   1655 a         20   0   21808  13228   9748 S   0.0   0.1   0:19.58 systemd|   1656 a         20   0   21492   3668   1860 S   0.0   0.0   0:00.00 (sd-pam)|
CPU_T 1791352081.723444072 %Cpu(s):  6.0 us,  6.0 sy,  0.0 ni, 85.7 id,  0.0 wa,  0.0 hi,  2.4 si,  0.0 st |   1655 a         20   0   21808  13228   9748 S   0.0   0.1   0:19.58 systemd|   1656 a         20   0   21492   3668   1860 S   0.0   0.0   0:00.00 (sd-pam)|
CPU_T 1791352082.938908527 %Cpu(s):  6.0 us,  4.8 sy,  0.0 ni, 86.9 id,  0.0 wa,  0.0 hi,  2.4 si,  0.0 st |   1655 a         20   0   21808  13228   9748 S   0.0   0.1   0:19.58 systemd|   1656 a         20   0   21492   3668   1860 S   0.0   0.0   0:00.00 (sd-pam)|
CPU_T 1791352084.155006025 %Cpu(s):  8.1 us,  5.8 sy,  0.0 ni, 83.7 id,  0.0 wa,  0.0 hi,  2.3 si,  0.0 st |   1655 a         20   0   21808  13228   9748 S   0.0   0.1   0:19.58 systemd|   1656 a         20   0   21492   3668   1860 S   0.0   0.0   0:00.00 (sd-pam)|
CPU_T 1791352085.370301121 %Cpu(s):  6.0 us,  4.8 sy,  0.0 ni, 88.0 id,  0.0 wa,  0.0 hi,  1.2 si,  0.0 st |   1655 a         20   0   21808  13228   9748 S   0.0   0.1   0:19.58 systemd|   1656 a         20   0   21492   3668   1860 S   0.0   0.0   0:00.00 (sd-pam)|
CPU_T 1791352086.585702145 %Cpu(s):  7.1 us,  4.8 sy,  0.0 ni, 86.9 id,  0.0 wa,  0.0 hi,  1.2 si,  0.0 st |   1655 a         20   0   21808  13228   9748 S   0.0   0.1   0:19.58 systemd|   1656 a         20   0   21492   3668   1860 S   0.0   0.0   0:00.00 (sd-pam)|
CPU_T 1791352087.801121014 %Cpu(s):  8.5 us,  6.1 sy,  0.0 ni, 84.1 id,  0.0 wa,  0.0 hi,  1.2 si,  0.0 st |   1655 a         20   0   21808  13228   9748 S   0.0   0.1   0:19.58 systemd|   1656 a         20   0   21492   3668   1860 S   0.0   0.0   0:00.00 (sd-pam)|
CPU_T 1791352089.017341018 %Cpu(s):  8.3 us,  6.0 sy,  0.0 ni, 83.3 id,  0.0 wa,  0.0 hi,  2.4 si,  0.0 st |   1655 a         20   0   21808  13228   9748 S   0.0   0.1   0:19.58 systemd|   1656 a         20   0   21492   3668   1860 S   0.0   0.0   0:00.00 (sd-pam)|
CPU_T 1791352090.237497878 %Cpu(s):  8.4 us,  6.0 sy,  0.0 ni, 83.1 id,  0.0 wa,  0.0 hi,  2.4 si,  0.0 st |   1655 a         20   0   21808  13228   9748 S   0.0   0.1   0:19.58 systemd|   1656 a         20   0   21492   3668   1860 S   0.0   0.0   0:00.00 (sd-pam)|
CPU_T 1791352091.453257690 %Cpu(s):  7.1 us,  7.1 sy,  0.0 ni, 83.5 id,  0.0 wa,  0.0 hi,  2.4 si,  0.0 st |   1655 a         20   0   21808  13228   9748 S   0.0   0.1   0:19.58 systemd|   1656 a         20   0   21492   3668   1860 S   0.0   0.0   0:00.00 (sd-pam)|
CPU_T 1791352092.669231106 %Cpu(s):  0.0 us,  0.0 sy,  0.0 ni,100.0 id,  0.0 wa,  0.0 hi,  0.0 si,  0.0 st |   2233 a         20   0 5413488 249320  32216 S   9.1   1.0   5:07.72 java|   1655 a         20   0   21808  13228   9748 S   0.0   0.1   0:19.58 systemd|
CPU_T 1791352093.884728940 %Cpu(s):  7.1 us, 17.9 sy,  0.0 ni, 75.0 id,  0.0 wa,  0.0 hi,  0.0 si,  0.0 st |   1655 a         20   0   21808  13228   9748 S   0.0   0.1   0:19.58 systemd|   1656 a         20   0   21492   3668   1860 S   0.0   0.0   0:00.00 (sd-pam)|
CPU_T 1791352095.099660147 %Cpu(s):  0.0 us,  1.2 sy,  0.0 ni, 98.8 id,  0.0 wa,  0.0 hi,  0.0 si,  0.0 st |   1655 a         20   0   21808  13228   9748 S   0.0   0.1   0:19.58 systemd|   1656 a         20   0   21492   3668   1860 S   0.0   0.0   0:00.00 (sd-pam)|
CPU_T 1791352096.320156571 %Cpu(s):  1.2 us,  1.2 sy,  0.0 ni, 97.6 id,  0.0 wa,  0.0 hi,  0.0 si,  0.0 st |   1655 a         20   0   21808  13228   9748 S   0.0   0.1   0:19.58 systemd|   1656 a         20   0   21492   3668   1860 S   0.0   0.0   0:00.00 (sd-pam)|
CPU_T 1791352097.538604787 %Cpu(s):  8.4 us,  4.8 sy,  0.0 ni, 86.7 id,  0.0 wa,  0.0 hi,  0.0 si,  0.0 st |   1655 a         20   0   21808  13228   9748 S   0.0   0.1   0:19.58 systemd|   1656 a         20   0   21492   3668   1860 S   0.0   0.0   0:00.00 (sd-pam)|
CPU_T 1791352098.754666616 %Cpu(s):  7.0 us,  5.8 sy,  0.0 ni, 84.9 id,  0.0 wa,  0.0 hi,  2.3 si,  0.0 st |   1655 a         20   0   21808  13228   9748 S   0.0   0.1   0:19.58 systemd|   1656 a         20   0   21492   3668   1860 S   0.0   0.0   0:00.00 (sd-pam)|
CPU_T 1791352099.973690470 %Cpu(s):  8.3 us,  8.3 sy,  0.0 ni, 83.3 id,  0.0 wa,  0.0 hi,  0.0 si,  0.0 st |   1655 a         20   0   21808  13228   9748 S   0.0   0.1   0:19.58 systemd|   1656 a         20   0   21492   3668   1860 S   0.0   0.0   0:00.00 (sd-pam)|
CPU_T 1791352101.192428981 %Cpu(s):  8.3 us,  4.8 sy,  0.0 ni, 85.7 id,  0.0 wa,  0.0 hi,  1.2 si,  0.0 st |   1655 a         20   0   21808  13228   9748 S   0.0   0.1   0:19.58 systemd|   1656 a         20   0   21492   3668   1860 S   0.0   0.0   0:00.00 (sd-pam)|
CPU_T 1791352102.408500858 %Cpu(s):  7.2 us,  7.2 sy,  0.0 ni, 84.3 id,  0.0 wa,  0.0 hi,  1.2 si,  0.0 st |   1655 a         20   0   21808  13228   9748 S   0.0   0.1   0:19.58 systemd|   1656 a         20   0   21492   3668   1860 S   0.0   0.0   0:00.00 (sd-pam)|
CPU_T 1791352103.624846974 %Cpu(s):  7.0 us,  7.0 sy,  0.0 ni, 84.9 id,  0.0 wa,  0.0 hi,  1.2 si,  0.0 st |   1655 a         20   0   21808  13228   9748 S   0.0   0.1   0:19.58 systemd|   1656 a         20   0   21492   3668   1860 S   0.0   0.0   0:00.00 (sd-pam)|
CPU_T 1791352104.843606646 %Cpu(s):  7.1 us,  6.0 sy,  0.0 ni, 85.7 id,  0.0 wa,  0.0 hi,  1.2 si,  0.0 st |   1655 a         20   0   21808  13228   9748 S   0.0   0.1   0:19.58 systemd|   1656 a         20   0   21492   3668   1860 S   0.0   0.0   0:00.00 (sd-pam)|
CPU_T 1791352106.059747386 %Cpu(s):  9.6 us,  7.2 sy,  0.0 ni, 83.1 id,  0.0 wa,  0.0 hi,  0.0 si,  0.0 st |   1655 a         20   0   21808  13228   9748 S   0.0   0.1   0:19.58 systemd|   1656 a         20   0   21492   3668   1860 S   0.0   0.0   0:00.00 (sd-pam)|
CPU_T 1791352107.275434339 %Cpu(s):  8.1 us,  4.7 sy,  0.0 ni, 84.9 id,  0.0 wa,  0.0 hi,  2.3 si,  0.0 st |   1655 a         20   0   21808  13228   9748 S   0.0   0.1   0:19.58 systemd|   1656 a         20   0   21492   3668   1860 S   0.0   0.0   0:00.00 (sd-pam)|
CPU_T 1791352108.493923479 %Cpu(s):  7.1 us,  6.0 sy,  0.0 ni, 85.7 id,  0.0 wa,  0.0 hi,  1.2 si,  0.0 st |   1655 a         20   0   21808  13228   9748 S   0.0   0.1   0:19.58 systemd|   1656 a         20   0   21492   3668   1860 S   0.0   0.0   0:00.00 (sd-pam)|
