CPU_T 1791352002.861900130 %Cpu(s):  6.0 us, 19.0 sy,  0.0 ni, 75.0 id,  0.0 wa,  0.0 hi,  0.0 si,  0.0 st |   1655 a         20   0   21808  13228   9748 S   0.0   0.1   0:19.56 systemd|   1656 a         20   0   21492   3668   1860 S   0.0   0.0   0:00.00 (sd-pam)|
CPU_T 1791352004.078793086 %Cpu(s):  0.0 us,  1.2 sy,  0.0 ni, 98.8 id,  0.0 wa,  0.0 hi,  0.0 si,  0.0 st |   1655 a         20   0   21808  13228   9748 S   0.0   0.1   0:19.56 systemd|   1656 a         20   0   21492   3668   1860 S   0.0   0.0   0:00.00 (sd-pam)|
CPU_T 1791352005.300333865 %Cpu(s):  6.0 us,  6.0 sy,  0.0 ni, 86.9 id,  0.0 wa,  0.0 hi,  1.2 si,  0.0 st |   1655 a         20   0   21808  13228   9748 S   0.0   0.1   0:19.56 systemd|   1656 a         20   0   21492   3668   1860 S   0.0   0.0   0:00.00 (sd-pam)|
CPU_T 1791352006.517565447 %Cpu(s):  8.2 us,  7.1 sy,  0.0 ni, 83.5 id,  0.0 wa,  0.0 hi,  1.2 si,  0.0 st | 163407 a         20   0   12148   6096   3812 R   9.1   0.0   1:58.82 htop|   1655 a         20   0   21808  13228   9748 S   0.0   0.1   0:19.56 systemd|
CPU_T 1791352007.734956310 %Cpu(s):  7.1 us,  6.0 sy,  0.0 ni, 86.9 id,  0.0 wa,  0.0 hi,  0.0 si,  0.0 st |   1655 a         20   0   21808  13228   9748 S   0.0   0.1   0:19.56 systemd|   1656 a         20   0   21492   3668   1860 S   0.0   0.0   0:00.00 (sd-pam)|
CPU_T 1791352008.951464815 %Cpu(s):  7.1 us,  8.3 sy,  0.0 ni, 84.5 id,  0.0 wa,  0.0 hi,  0.0 si,  0.0 st |   1655 a         20   0   21808  13228   9748 S   0.0   0.1   0:19.56 systemd|   1656 a         20   0   21492   3668   1860 S   0.0   0.0   0:00.00 (sd-pam)|
CPU_T 1791352010.169026507 %Cpu(s):  7.0 us,  7.0 sy,  0.0 ni, 84.9 id,  0.0 wa,  0.0 hi,  1.2 si,  0.0 st |   1655 a         20   0   21808  13228   9748 S   0.0   0.1   0:19.56 systemd|   1656 a         20   0   21492   3668   1860 S   0.0   0.0   0:00.00 (sd-pam)|
CPU_T 1791352011.386140357 %Cpu(s):  7.1 us,  5.9 sy,  0.0 ni, 85.9 id,  0.0 wa,  0.0 hi,  1.2 si,  0.0 st |   1655 a         20   0   21808  13228   9748 S   0.0   0.1   0:19.56 systemd|   1656 a         20   0   21492   3668   1860 S   0.0   0.0   0:00.00 (sd-pam)|
CPU_T 1791352012.602344355 %Cpu(s):  6.0 us,  8.3 sy,  0.0 ni, 84.5 id,  0.0 wa,  0.0 hi,  1.2 si,  0.0 st |   1655 a         20   0   21808  13228   9748 S   0.0   0.1   0:19.56 systemd|   1656 a         20   0   21492   3668   1860 S   0.0   0.0   0:00.00 (sd-pam)|
CPU_T 1791352013.819841902 %Cpu(s):  6.0 us,  7.1 sy,  0.0 ni, 85.7 id,  0.0 wa,  0.0 hi,  1.2 si,  0.0 st |   1655 a         20   0   21808  13228   9748 S   0.0   0.1   0:19.56 systemd|   1656 a         20   0   21492   3668   1860 S   0.0   0.0   0:00.00 (sd-pam)|
CPU_T 1791352015.037126540 %Cpu(s):  7.1 us,  8.2 sy,  0.0 ni, 83.5 id,  0.0 wa,  0.0 hi,  1.2 si,  0.0 st |   1655 a         20   0   21808  13228   9748 S   0.0   0.1   0:19.56 systemd|   1656 a         20   0   21492   3668   1860 S   0.0   0.0   0:00.00 (sd-pam)|
CPU_T 1791352016.254443221 %Cpu(s):  7.1 us,  7.1 sy,  0.0 ni, 85.9 id,  0.0 wa,  0.0 hi,  0.0 si,  0.0 st |   1655 a         20   0   21808  13228   9748 S   0.0   0.1   0:19.56 systemd|   1656 a         20   0   21492   3668   1860 S   0.0   0.0   0:00.00 (sd-pam)|
CPU_T 1791352017.471191997 %Cpu(s):  0.0 us,  1.2 sy,  0.0 ni, 98.8 id,  0.0 wa,  0.0 hi,  0.0 si,  0.0 st |   1655 a         20   0   21808  13228   9748 S   0.0   0.1   0:19.56 systemd|   1656 a         20   0   21492   3668   1860 S   0.0   0.0   0:00.00 (sd-pam)|
CPU_T 1791352018.686129267 %Cpu(s):  6.0 us, 16.7 sy,  0.0 ni, 77.4 id,  0.0 wa,  0.0 hi,  0.0 si,  0.0 st |   1655 a         20   0   21808  13228   9748 S   0.0   0.1   0:19.56 systemd|   1656 a         20   0   21492   3668   1860 S   0.0   0.0   0:00.00 (sd-pam)|
CPU_T 1791352019.902668117 %Cpu(s):  0.0 us,  1.2 sy,  0.0 ni, 98.8 id,  0.0 wa,  0.0 hi,  0.0 si,  0.0 st |   1655 a         20   0   21808  13228   9748 S   0.0   0.1   0:19.56 systemd|   1656 a         20   0   21492   3668   1860 S   0.0   0.0   0:00.00 (sd-pam)|
CPU_T 1791352021.124974461 %Cpu(s):  2.4 us,  2.4 sy,  0.0 ni, 95.3 id,  0.0 wa,  0.0 hi,  0.0 si,  0.0 st |   1655 a         20   0   21808  13228   9748 S   0.0   0.1   0:19.56 systemd|   1656 a         20   0   21492   3668   1860 S   0.0   0.0   0:00.00 (sd-pam)|
CPU_T 1791352022.343326125 %Cpu(s):  7.1 us,  4.8 sy,  0.0 ni, 86.9 id,  0.0 wa,  0.0 hi,  1.2 si,  0.0 st |   1655 a         20   0   21808  13228   9748 S   0.0   0.1   0:19.56 systemd|   1656 a         20   0   21492   3668   1860 S   0.0   0.0   0:00.00 (sd-pam)|
CPU_T 1791352023.559355576 %Cpu(s):  8.3 us,  8.3 sy,  0.0 ni, 73.8 id,  9.5 wa,  0.0 hi,  0.0 si,  0.0 st |   1655 a         20   0   21808  13228   9748 S   0.0   0.1   0:19.56 systemd|   1656 a         20   0   21492   3668   1860 S   0.0   0.0   0:00.00 (sd-pam)|
CPU_T 1791352024.775786561 %Cpu(s):  6.0 us,  7.1 sy,  0.0 ni, 85.7 id,  0.0 wa,  0.0 hi,  1.2 si,  0.0 st |   1655 a         20   0   21808  13228   9748 S   0.0   0.1   0:19.56 systemd|   1656 a         20   0   21492   3668   1860 S   0.0   0.0   0:00.00 (sd-pam)|
CPU_T 1791352025.991753708 %Cpu(s):  7.2 us,  6.0 sy,  0.0 ni, 85.5 id,  0.0 wa,  0.0 hi,  1.2 si,  0.0 st |   1655 a         20   0   21808  13228   9748 S   0.0   0.1   0:19.56 systemd|   1656 a         20   0   21492   3668   1860 S   0.0   0.0   0:00.00 (sd-pam)|
CPU_T 1791352027.207835882 %Cpu(s):  8.4 us,  8.4 sy,  0.0 ni, 83.1 id,  0.0 wa,  0.0 hi,  0.0 si,  0.0 st |   1655 a         20   0   21808  13228   9748 S   0.0   0.1   0:19.56 systemd|   1656 a         20   0   21492   3668   1860 S   0.0   0.0   0:00.00 (sd-pam)|
CPU_T 1791352028.424644102 %Cpu(s):  8.4 us,  4.8 sy,  0.0 ni, 85.5 id,  0.0 wa,  0.0 hi,  1.2 si,  0.0 st |   1655 a         20   0   21808  13228   9748 S   0.0   0.1   0:19.56 systemd|   1656 a         20   0   21492   3668   1860 S   0.0   0.0   0:00.00 (sd-pam)|
CPU_T 1791352029.641640941 %Cpu(s):  7.1 us,  7.1 sy,  0.0 ni, 83.3 id,  0.0 wa,  0.0 hi,  2.4 si,  0.0 st |   1655 a         20   0   21808  13228   9748 S   0.0   0.1   0:19.56 systemd|   1656 a         20   0   21492   3668   1860 S   0.0   0.0   0:00.00 (sd-pam)|
CPU_T 1791352030.858173534 %Cpu(s):  8.5 us,  4.9 sy,  0.0 ni, 86.6 id,  0.0 wa,  0.0 hi,  0.0 si,  0.0 st |   1655 a         20   0   21808  13228   9748 S   0.0   0.1   0:19.56 systemd|   1656 a         20   0   21492   3668   1860 S   0.0   0.0   0:00.00 (sd-pam)|
CPU_T 1791352032.073912834 %Cpu(s):  7.1 us,  6.0 sy,  0.0 ni, 85.7 id,  0.0 wa,  0.0 hi,  1.2 si,  0.0 st |   1655 a         20   0   21808  13228   9748 S   0.0   0.1   0:19.56 systemd|   1656 a         20   0   21492   3668   1860 S   0.0   0.0   0:00.00 (sd-pam)|
CPU_T 1791352033.290101435 %Cpu(s):  8.3 us,  6.0 sy,  0.0 ni, 84.5 id,  0.0 wa,  0.0 hi,  1.2 si,  0.0 st |   1655 a         20   0   21808  13228   9748 S   0.0   0.1   0:19.56 systemd|   1656 a         20   0   21492   3668   1860 S   0.0   0.0   0:00.00 (sd-pam)|
