CPU_T 1791352147.435164081 %Cpu(s):  8.3 us, 20.2 sy,  0.0 ni, 71.4 id,  0.0 wa,  0.0 hi,  0.0 si,  0.0 st |   1655 a         20   0   21808  13228   9748 S   0.0   0.1   0:19.59 systemd|   1656 a         20   0   21492   3668   1860 S   0.0   0.0   0:00.00 (sd-pam)|
CPU_T 1791352148.651593686 %Cpu(s):  0.0 us,  1.2 sy,  0.0 ni, 98.8 id,  0.0 wa,  0.0 hi,  0.0 si,  0.0 st |   1655 a         20   0   21808  13228   9748 S   0.0   0.1   0:19.59 systemd|   1656 a         20   0   21492   3668   1860 S   0.0   0.0   0:00.00 (sd-pam)|
CPU_T 1791352149.873270202 %Cpu(s): 12.7 us,  1.3 sy,  0.0 ni, 84.8 id,  0.0 wa,  0.0 hi,  1.3 si,  0.0 st |   1655 a         20   0   21808  13228   9748 S   0.0   0.1   0:19.59 systemd|   1656 a         20   0   21492   3668   1860 S   0.0   0.0   0:00.00 (sd-pam)|
CPU_T 1791352151.090629410 %Cpu(s): 13.3 us,  2.4 sy,  0.0 ni, 80.7 id,  0.0 wa,  0.0 hi,  3.6 si,  0.0 st |   1655 a         20   0   21808  13228   9748 S   0.0   0.1   0:19.59 systemd|   1656 a         20   0   21492   3668   1860 S   0.0   0.0   0:00.00 (sd-pam)|
CPU_T 1791352152.313064107 %Cpu(s): 13.1 us,  1.2 sy,  0.0 ni, 82.1 id,  0.0 wa,  0.0 hi,  3.6 si,  0.0 st |   1655 a         20   0   21808  13228   9748 S   0.0   0.1   0:19.59 systemd|   1656 a         20   0   21492   3668   1860 S   0.0   0.0   0:00.00 (sd-pam)|
CPU_T 1791352153.533509462 %Cpu(s): 13.3 us,  4.4 sy,  0.0 ni, 75.6 id,  0.0 wa,  0.0 hi,  6.7 si,  0.0 st |   1655 a         20   0   21808  13228   9748 S   0.0   0.1   0:19.59 systemd|   1656 a         20   0   21492   3668   1860 S   0.0   0.0   0:00.00 (sd-pam)|
CPU_T 1791352154.765030185 %Cpu(s): 11.6 us,  1.2 sy,  0.0 ni, 84.9 id,  0.0 wa,  0.0 hi,  2.3 si,  0.0 st |   1655 a         20   0   21808  13228   9748 S   0.0   0.1   0:19.59 systemd|   1656 a         20   0   21492   3668   1860 S   0.0   0.0   0:00.00 (sd-pam)|
CPU_T 1791352155.996582997 %Cpu(s): 12.0 us,  2.4 sy,  0.0 ni, 81.9 id,  0.0 wa,  0.0 hi,  3.6 si,  0.0 st |   1855 a         20   0 4610268 290592 136032 R   9.1   1.2   1:49.69 gnome-s+|   1655 a         20   0   21808  13228   9748 S   0.0   0.1   0:19.59 systemd|
CPU_T 1791352157.213852786 %Cpu(s): 12.3 us,  2.5 sy,  0.0 ni, 80.2 id,  0.0 wa,  0.0 hi,  4.9 si,  0.0 st |   1655 a         20   0   21808  13228   9748 S   0.0   0.1   0:19.59 systemd|   1656 a         20   0   21492   3668   1860 S   0.0   0.0   0:00.00 (sd-pam)|
CPU_T 1791352158.430327207 %Cpu(s): 12.5 us,  1.2 sy,  0.0 ni, 83.8 id,  0.0 wa,  0.0 hi,  2.5 si,  0.0 st |   1655 a         20   0   21808  13228   9748 S   0.0   0.1   0:19.59 systemd|   1656 a         20   0   21492   3668   1860 S   0.0   0.0   0:00.00 (sd-pam)|
CPU_T 1791352159.646329396 %Cpu(s): 12.0 us,  1.2 sy,  0.0 ni, 83.1 id,  0.0 wa,  0.0 hi,  3.6 si,  0.0 st | 163407 a         20   0   12148   6096   3812 S  45.5   0.0   2:01.79 htop|   1655 a         20   0   21808  13228   9748 S   0.0   0.1   0:19.59 systemd|
CPU_T 1791352160.869591817 %Cpu(s): 12.2 us,  2.4 sy,  0.0 ni, 67.1 id, 14.6 wa,  0.0 hi,  3.7 si,  0.0 st |   1655 a         20   0   21808  13228   9748 S   0.0   0.1   0:19.59 systemd|   1656 a         20   0   21492   3668   1860 S   0.0   0.0   0:00.00 (sd-pam)|
CPU_T 1791352162.085913590 %Cpu(s):  0.0 us,  0.0 sy,  0.0 ni,100.0 id,  0.0 wa,  0.0 hi,  0.0 si,  0.0 st |   1655 a         20   0   21808  13228   9748 S   0.0   0.1   0:19.59 systemd|   1656 a         20   0   21492   3668   1860 S   0.0   0.0   0:00.00 (sd-pam)|
CPU_T 1791352163.307233121 %Cpu(s):  2.4 us,  9.4 sy,  0.0 ni, 88.2 id,  0.0 wa,  0.0 hi,  0.0 si,  0.0 st |   1655 a         20   0   21808  13228   9748 S   0.0   0.1   0:19.59 systemd|   1656 a         20   0   21492   3668   1860 S   0.0   0.0   0:00.00 (sd-pam)|
CPU_T 1791352164.523877536 %Cpu(s):  0.0 us,  0.0 sy,  0.0 ni,100.0 id,  0.0 wa,  0.0 hi,  0.0 si,  0.0 st |   1655 a         20   0   21808  13228   9748 S   0.0   0.1   0:19.59 systemd|   1656 a         20   0   21492   3668   1860 S   0.0   0.0   0:00.00 (sd-pam)|
CPU_T 1791352165.743037717 %Cpu(s):  1.1 us,  1.1 sy,  0.0 ni, 97.7 id,  0.0 wa,  0.0 hi,  0.0 si,  0.0 st | 163407 a         20   0   12148   6096   3812 R  18.2   0.0   2:01.90 htop|   1655 a         20   0   21808  13228   9748 S   0.0   0.1   0:19.59 systemd|
CPU_T 1791352166.963403265 %Cpu(s):  1.2 us,  0.0 sy,  0.0 ni, 98.8 id,  0.0 wa,  0.0 hi,  0.0 si,  0.0 st |   1655 a         20   0   21808  13228   9748 S   0.0   0.1   0:19.59 systemd|   1656 a         20   0   21492   3668   1860 S   0.0   0.0   0:00.00 (sd-pam)|
CPU_T 1791352168.185066195 %Cpu(s):  0.0 us,  1.2 sy,  0.0 ni, 98.8 id,  0.0 wa,  0.0 hi,  0.0 si,  0.0 st |   1655 a         20   0   21808  13228   9748 S   0.0   0.1   0:19.59 systemd|   1656 a         20   0   21492   3668   1860 S   0.0   0.0   0:00.00 (sd-pam)|
CPU_T 1791352169.406698437 %Cpu(s):  1.2 us,  0.0 sy,  0.0 ni, 98.8 id,  0.0 wa,  0.0 hi,  0.0 si,  0.0 st |   1655 a         20   0   21808  13228   9748 S   0.0   0.1   0:19.59 systemd|   1656 a         20   0   21492   3668   1860 S   0.0   0.0   0:00.00 (sd-pam)|
CPU_T 1791352170.628147825 %Cpu(s):  0.0 us,  0.0 sy,  0.0 ni,100.0 id,  0.0 wa,  0.0 hi,  0.0 si,  0.0 st |   1655 a         20   0   21808  13228   9748 S   0.0   0.1   0:19.59 systemd|   1656 a         20   0   21492   3668   1860 S   0.0   0.0   0:00.00 (sd-pam)|
CPU_T 1791352171.846757322 %Cpu(s):  0.0 us,  0.0 sy,  0.0 ni,100.0 id,  0.0 wa,  0.0 hi,  0.0 si,  0.0 st |   1655 a         20   0   21808  13228   9748 S   0.0   0.1   0:19.59 systemd|   1656 a         20   0   21492   3668   1860 S   0.0   0.0   0:00.00 (sd-pam)|
CPU_T 1791352173.065439778 %Cpu(s):  1.2 us,  0.0 sy,  0.0 ni, 98.8 id,  0.0 wa,  0.0 hi,  0.0 si,  0.0 st |   1655 a         20   0   21808  13228   9748 S   0.0   0.1   0:19.59 systemd|   1656 a         20   0   21492   3668   1860 S   0.0   0.0   0:00.00 (sd-pam)|
CPU_T 1791352174.280242214 %Cpu(s):  0.0 us,  1.2 sy,  0.0 ni, 98.8 id,  0.0 wa,  0.0 hi,  0.0 si,  0.0 st |   1655 a         20   0   21808  13228   9748 S   0.0   0.1   0:19.59 systemd|   1656 a         20   0   21492   3668   1860 S   0.0   0.0   0:00.00 (sd-pam)|
CPU_T 1791352175.500208465 %Cpu(s):  1.2 us,  0.0 sy,  0.0 ni, 98.8 id,  0.0 wa,  0.0 hi,  0.0 si,  0.0 st |   1655 a         20   0   21808  13228   9748 S   0.0   0.1   0:19.59 systemd|   1656 a         20   0   21492   3668   1860 S   0.0   0.0   0:00.00 (sd-pam)|
CPU_T 1791352176.721533090 %Cpu(s):  1.2 us,  1.2 sy,  0.0 ni, 97.6 id,  0.0 wa,  0.0 hi,  0.0 si,  0.0 st |   1655 a         20   0   21808  13228   9748 S   0.0   0.1   0:19.59 systemd|   1656 a         20   0   21492   3668   1860 S   0.0   0.0   0:00.00 (sd-pam)|
CPU_T 1791352177.940700936 %Cpu(s):  0.0 us,  0.0 sy,  0.0 ni,100.0 id,  0.0 wa,  0.0 hi,  0.0 si,  0.0 st |   2233 a         20   0 5413488 249320  32216 S  10.0   1.0   5:07.96 java|   1655 a         20   0   21808  13228   9748 S   0.0   0.1   0:19.59 systemd|
