CPU_T 1791351985.525188919 %Cpu(s):  8.2 us, 17.6 sy,  0.0 ni, 74.1 id,  0.0 wa,  0.0 hi,  0.0 si,  0.0 st |   1655 a         20   0   21808  13228   9748 S   0.0   0.1   0:19.55 systemd|   1656 a         20   0   21492   3668   1860 S   0.0   0.0   0:00.00 (sd-pam)|
CPU_T 1791351986.743027133 %Cpu(s):  1.2 us,  1.2 sy,  0.0 ni, 97.6 id,  0.0 wa,  0.0 hi,  0.0 si,  0.0 st | 163407 a         20   0   12148   6096   3812 S  18.2   0.0   1:58.48 htop|   1655 a         20   0   21808  13228   9748 S   0.0   0.1   0:19.55 systemd|
CPU_T 1791351987.961424875 %Cpu(s):  8.2 us,  5.9 sy,  0.0 ni, 85.9 id,  0.0 wa,  0.0 hi,  0.0 si,  0.0 st |   1655 a         20   0   21808  13228   9748 S   0.0   0.1   0:19.56 systemd|   1656 a         20   0   21492   3668   1860 S   0.0   0.0   0:00.00 (sd-pam)|
CPU_T 1791351989.177756573 %Cpu(s):  7.2 us,  7.2 sy,  0.0 ni, 85.5 id,  0.0 wa,  0.0 hi,  0.0 si,  0.0 st |   1655 a         20   0   21808  13228   9748 S   0.0   0.1   0:19.56 systemd|   1656 a         20   0   21492   3668   1860 S   0.0   0.0   0:00.00 (sd-pam)|
CPU_T 1791351990.394475960 %Cpu(s):  5.9 us,  7.1 sy,  0.0 ni, 85.9 id,  0.0 wa,  0.0 hi,  1.2 si,  0.0 st |   1655 a         20   0   21808  13228   9748 S   0.0   0.1   0:19.56 systemd|   1656 a         20   0   21492   3668   1860 S   0.0   0.0   0:00.00 (sd-pam)|
CPU_T 1791351991.610564643 %Cpu(s):  8.3 us,  6.0 sy,  0.0 ni, 84.5 id,  0.0 wa,  0.0 hi,  1.2 si,  0.0 st |   1655 a         20   0   21808  13228   9748 S   0.0   0.1   0:19.56 systemd|   1656 a         20   0   21492   3668   1860 S   0.0   0.0   0:00.00 (sd-pam)|
CPU_T 1791351992.827123901 %Cpu(s):  7.1 us,  6.0 sy,  0.0 ni, 86.9 id,  0.0 wa,  0.0 hi,  0.0 si,  0.0 st | 163407 a         20   0   12148   6096   3812 S  18.2   0.0   1:58.58 htop|   1655 a         20   0   21808  13228   9748 S   0.0   0.1   0:19.56 systemd|
CPU_T 1791351994.044076096 %Cpu(s):  7.1 us,  6.0 sy,  0.0 ni, 86.9 id,  0.0 wa,  0.0 hi,  0.0 si,  0.0 st |   1655 a         20   0   21808  13228   9748 S   0.0   0.1   0:19.56 systemd|   1656 a         20   0   21492   3668   1860 S   0.0   0.0   0:00.00 (sd-pam)|
CPU_T 1791351995.260847741 %Cpu(s):  6.0 us,  9.5 sy,  0.0 ni, 84.5 id,  0.0 wa,  0.0 hi,  0.0 si,  0.0 st |   1655 a         20   0   21808  13228   9748 S   0.0   0.1   0:19.56 systemd|   1656 a         20   0   21492   3668   1860 S   0.0   0.0   0:00.00 (sd-pam)|
CPU_T 1791351996.476442794 %Cpu(s):  7.1 us,  7.1 sy,  0.0 ni, 85.9 id,  0.0 wa,  0.0 hi,  0.0 si,  0.0 st |   1655 a         20   0   21808  13228   9748 S   0.0   0.1   0:19.56 systemd|   1656 a         20   0   21492   3668   1860 S   0.0   0.0   0:00.00 (sd-pam)|
CPU_T 1791351997.693212255 %Cpu(s):  7.1 us,  8.3 sy,  0.0 ni, 84.5 id,  0.0 wa,  0.0 hi,  0.0 si,  0.0 st |   1655 a         20   0   21808  13228   9748 S   0.0   0.1   0:19.56 systemd|   1656 a         20   0   21492   3668   1860 S   0.0   0.0   0:00.00 (sd-pam)|
CPU_T 1791351998.909598348 %Cpu(s):  7.1 us,  6.0 sy,  0.0 ni, 86.9 id,  0.0 wa,  0.0 hi,  0.0 si,  0.0 st | 163407 a         20   0   12148   6096   3812 S  18.2   0.0   1:58.68 htop|   1655 a         20   0   21808  13228   9748 S   0.0   0.1   0:19.56 systemd|
CPU_T 1791352000.125822733 %Cpu(s):  0.0 us,  1.2 sy,  0.0 ni, 98.8 id,  0.0 wa,  0.0 hi,  0.0 si,  0.0 st |   1655 a         20   0   21808  13228   9748 S   0.0   0.1   0:19.56 systemd|   1656 a         20   0   21492   3668   1860 S   0.0   0.0   0:00.00 (sd-pam)|
CPU_T 1791352001.344656712 %Cpu(s):  6.0 us, 16.7 sy,  0.0 ni, 77.4 id,  0.0 wa,  0.0 hi,  0.0 si,  0.0 st |   1655 a         20   0   21808  13228   9748 S   0.0   0.1   0:19.56 systemd|   1656 a         20   0   21492   3668   1860 S   0.0   0.0   0:00.00 (sd-pam)|
CPU_T 1791352002.561576574 %Cpu(s):  1.2 us,  0.0 sy,  0.0 ni, 98.8 id,  0.0 wa,  0.0 hi,  0.0 si,  0.0 st |   1655 a         20   0   21808  13228   9748 S   0.0   0.1   0:19.56 systemd|   1656 a         20   0   21492   3668   1860 S   0.0   0.0   0:00.00 (sd-pam)|
CPU_T 1791352003.781834282 %Cpu(s):  2.2 us,  3.4 sy,  0.0 ni, 94.4 id,  0.0 wa,  0.0 hi,  0.0 si,  0.0 st |   1655 a         20   0   21808  13228   9748 S   0.0   0.1   0:19.56 systemd|   1656 a         20   0   21492   3668   1860 S   0.0   0.0   0:00.00 (sd-pam)|
CPU_T 1791352005.005165444 %Cpu(s):  6.0 us,  7.2 sy,  0.0 ni, 86.7 id,  0.0 wa,  0.0 hi,  0.0 si,  0.0 st | 163407 a         20   0   12148   6096   3812 R  27.3   0.0   1:58.81 htop|   1655 a         20   0   21808  13228   9748 S   0.0   0.1   0:19.56 systemd|
CPU_T 1791352006.222349934 %Cpu(s):  6.0 us,  7.1 sy,  0.0 ni, 85.7 id,  0.0 wa,  0.0 hi,  1.2 si,  0.0 st |   1655 a         20   0   21808  13228   9748 S   0.0   0.1   0:19.56 systemd|   1656 a         20   0   21492   3668   1860 S   0.0   0.0   0:00.00 (sd-pam)|
CPU_T 1791352007.439163643 %Cpu(s):  7.1 us,  6.0 sy,  0.0 ni, 86.9 id,  0.0 wa,  0.0 hi,  0.0 si,  0.0 st |   1655 a         20   0   21808  13228   9748 S   0.0   0.1   0:19.56 systemd|   1656 a         20   0   21492   3668   1860 S   0.0   0.0   0:00.00 (sd-pam)|
CPU_T 1791352008.655003974 %Cpu(s):  7.1 us,  6.0 sy,  0.0 ni, 86.9 id,  0.0 wa,  0.0 hi,  0.0 si,  0.0 st |   1655 a         20   0   21808  13228   9748 S   0.0   0.1   0:19.56 systemd|   1656 a         20   0   21492   3668   1860 S   0.0   0.0   0:00.00 (sd-pam)|
CPU_T 1791352009.872144219 %Cpu(s):  8.0 us, 10.2 sy,  0.0 ni, 80.7 id,  0.0 wa,  0.0 hi,  1.1 si,  0.0 st |   2233 a         20   0 5413488 249320  32216 S   9.1   1.0   5:07.52 java|   1655 a         20   0   21808  13228   9748 S   0.0   0.1   0:19.56 systemd|
CPU_T 1791352011.092373717 %Cpu(s):  7.1 us,  5.9 sy,  0.0 ni, 85.9 id,  0.0 wa,  0.0 hi,  1.2 si,  0.0 st |   1655 a         20   0   21808  13228   9748 S   0.0   0.1   0:19.56 systemd|   1656 a         20   0   21492   3668   1860 S   0.0   0.0   0:00.00 (sd-pam)|
CPU_T 1791352012.309523331 %Cpu(s):  7.0 us,  7.0 sy,  0.0 ni, 84.9 id,  0.0 wa,  0.0 hi,  1.2 si,  0.0 st |   1655 a         20   0   21808  13228   9748 S   0.0   0.1   0:19.56 systemd|   1656 a         20   0   21492   3668   1860 S   0.0   0.0   0:00.00 (sd-pam)|
CPU_T 1791352013.526619935 %Cpu(s):  7.1 us,  6.0 sy,  0.0 ni, 86.9 id,  0.0 wa,  0.0 hi,  0.0 si,  0.0 st |   1655 a         20   0   21808  13228   9748 S   0.0   0.1   0:19.56 systemd|   1656 a         20   0   21492   3668   1860 S   0.0   0.0   0:00.00 (sd-pam)|
CPU_T 1791352014.744516598 %Cpu(s):  7.1 us,  6.0 sy,  0.0 ni, 86.9 id,  0.0 wa,  0.0 hi,  0.0 si,  0.0 st |   1655 a         20   0   21808  13228   9748 S   0.0   0.1   0:19.56 systemd|   1656 a         20   0   21492   3668   1860 S   0.0   0.0   0:00.00 (sd-pam)|
CPU_T 1791352015.962666936 %Cpu(s):  8.4 us,  6.0 sy,  0.0 ni, 85.5 id,  0.0 wa,  0.0 hi,  0.0 si,  0.0 st |   1655 a         20   0   21808  13228   9748 S   0.0   0.1   0:19.56 systemd|   1656 a         20   0   21492   3668   1860 S   0.0   0.0   0:00.00 (sd-pam)|
