CPU_T 1791352095.413490795 %Cpu(s):  8.2 us, 18.8 sy,  0.0 ni, 72.9 id,  0.0 wa,  0.0 hi,  0.0 si,  0.0 st |   1655 a         20   0   21808  13228   9748 S   0.0   0.1   0:19.58 systemd|   1656 a         20   0   21492   3668   1860 S   0.0   0.0   0:00.00 (sd-pam)|
CPU_T 1791352096.630119852 %Cpu(s):  0.0 us,  0.0 sy,  0.0 ni,100.0 id,  0.0 wa,  0.0 hi,  0.0 si,  0.0 st |   1655 a         20   0   21808  13228   9748 S   0.0   0.1   0:19.58 systemd|   1656 a         20   0   21492   3668   1860 S   0.0   0.0   0:00.00 (sd-pam)|
CPU_T 1791352097.850735549 %Cpu(s):  8.4 us,  4.8 sy,  0.0 ni, 85.5 id,  0.0 wa,  0.0 hi,  1.2 si,  0.0 st |   1655 a         20   0   21808  13228   9748 S   0.0   0.1   0:19.58 systemd|   1656 a         20   0   21492   3668   1860 S   0.0   0.0   0:00.00 (sd-pam)|
CPU_T 1791352099.066652326 %Cpu(s):  8.4 us,  6.0 sy,  0.0 ni, 84.3 id,  0.0 wa,  0.0 hi,  1.2 si,  0.0 st |   1655 a         20   0   21808  13228   9748 S   0.0   0.1   0:19.58 systemd|   1656 a         20   0   21492   3668   1860 S   0.0   0.0   0:00.00 (sd-pam)|
CPU_T 1791352100.282799563 %Cpu(s):  8.3 us,  4.8 sy,  0.0 ni, 85.7 id,  0.0 wa,  0.0 hi,  1.2 si,  0.0 st |   1655 a         20   0   21808  13228   9748 S   0.0   0.1   0:19.58 systemd|   1656 a         20   0   21492   3668   1860 S   0.0   0.0   0:00.00 (sd-pam)|
CPU_T 1791352101.501191090 %Cpu(s):  8.4 us,  9.6 sy,  0.0 ni, 80.7 id,  0.0 wa,  0.0 hi,  1.2 si,  0.0 st |   1655 a         20   0   21808  13228   9748 S   0.0   0.1   0:19.58 systemd|   1656 a         20   0   21492   3668   1860 S   0.0   0.0   0:00.00 (sd-pam)|
CPU_T 1791352102.717116254 %Cpu(s):  8.4 us,  4.8 sy,  0.0 ni, 86.7 id,  0.0 wa,  0.0 hi,  0.0 si,  0.0 st |   1655 a         20   0   21808  13228   9748 S   0.0   0.1   0:19.58 systemd|   1656 a         20   0   21492   3668   1860 S   0.0   0.0   0:00.00 (sd-pam)|
CPU_T 1791352103.933121358 %Cpu(s):  8.3 us,  4.8 sy,  0.0 ni, 85.7 id,  0.0 wa,  0.0 hi,  1.2 si,  0.0 st |   1655 a         20   0   21808  13228   9748 S   0.0   0.1   0:19.58 systemd|   1656 a         20   0   21492   3668   1860 S   0.0   0.0   0:00.00 (sd-pam)|
CPU_T 1791352105.149339024 %Cpu(s):  7.3 us,  6.1 sy,  0.0 ni, 86.6 id,  0.0 wa,  0.0 hi,  0.0 si,  0.0 st |   1655 a         20   0   21808  13228   9748 S   0.0   0.1   0:19.58 systemd|   1656 a         20   0   21492   3668   1860 S   0.0   0.0   0:00.00 (sd-pam)|
CPU_T 1791352106.365122552 %Cpu(s):  8.3 us,  6.0 sy,  0.0 ni, 85.7 id,  0.0 wa,  0.0 hi,  0.0 si,  0.0 st |   1655 a         20   0   21808  13228   9748 S   0.0   0.1   0:19.58 systemd|   1656 a         20   0   21492   3668   1860 S   0.0   0.0   0:00.00 (sd-pam)|
CPU_T 1791352107.581322083 %Cpu(s):  9.4 us,  8.2 sy,  0.0 ni, 80.0 id,  0.0 wa,  0.0 hi,  2.4 si,  0.0 st |   1655 a         20   0   21808  13228   9748 S   0.0   0.1   0:19.58 systemd|   1656 a         20   0   21492   3668   1860 S   0.0   0.0   0:00.00 (sd-pam)|
CPU_T 1791352108.797446801 %Cpu(s):  8.4 us,  4.8 sy,  0.0 ni, 85.5 id,  0.0 wa,  0.0 hi,  1.2 si,  0.0 st |   1655 a         20   0   21808  13228   9748 S   0.0   0.1   0:19.58 systemd|   1656 a         20   0   21492   3668   1860 S   0.0   0.0   0:00.00 (sd-pam)|
CPU_T 1791352110.013293562 %Cpu(s):  1.2 us,  0.0 sy,  0.0 ni, 98.8 id,  0.0 wa,  0.0 hi,  0.0 si,  0.0 st |   1655 a         20   0   21808  13228   9748 S   0.0   0.1   0:19.58 systemd|   1656 a         20   0   21492   3668   1860 S   0.0   0.0   0:00.00 (sd-pam)|
CPU_T 1791352111.234693896 %Cpu(s):  6.0 us, 18.1 sy,  0.0 ni, 75.9 id,  0.0 wa,  0.0 hi,  0.0 si,  0.0 st |   2233 a         20   0 5413488 249320  32216 S  10.0   1.0   5:07.77 java|   1655 a         20   0   21808  13228   9748 S   0.0   0.1   0:19.58 systemd|
CPU_T 1791352112.449906187 %Cpu(s):  0.0 us,  1.2 sy,  0.0 ni, 98.8 id,  0.0 wa,  0.0 hi,  0.0 si,  0.0 st |   1655 a         20   0   21808  13228   9748 S   0.0   0.1   0:19.58 systemd|   1656 a         20   0   21492   3668   1860 S   0.0   0.0   0:00.00 (sd-pam)|
CPU_T 1791352113.670527181 %Cpu(s):  3.5 us,  3.5 sy,  0.0 ni, 92.9 id,  0.0 wa,  0.0 hi,  0.0 si,  0.0 st |   1655 a         20   0   21808  13228   9748 S   0.0   0.1   0:19.58 systemd|   1656 a         20   0   21492   3668   1860 S   0.0   0.0   0:00.00 (sd-pam)|
CPU_T 1791352114.887171091 %Cpu(s):  9.3 us,  4.7 sy,  0.0 ni, 83.7 id,  0.0 wa,  0.0 hi,  2.3 si,  0.0 st |   1655 a         20   0   21808  13228   9748 S   0.0   0.1   0:19.58 systemd|   1656 a         20   0   21492   3668   1860 S   0.0   0.0   0:00.00 (sd-pam)|
CPU_T 1791352116.106161236 %Cpu(s):  8.1 us,  5.8 sy,  0.0 ni, 83.7 id,  0.0 wa,  0.0 hi,  2.3 si,  0.0 st |   1655 a         20   0   21808  13228   9748 S   0.0   0.1   0:19.58 systemd|   1656 a         20   0   21492   3668   1860 S   0.0   0.0   0:00.00 (sd-pam)|
CPU_T 1791352117.325111458 %Cpu(s):  7.1 us,  4.7 sy,  0.0 ni, 85.9 id,  0.0 wa,  0.0 hi,  2.4 si,  0.0 st |   1655 a         20   0   21808  13228   9748 S   0.0   0.1   0:19.58 systemd|   1656 a         20   0   21492   3668   1860 S   0.0   0.0   0:00.00 (sd-pam)|
CPU_T 1791352118.544569477 %Cpu(s):  9.4 us,  4.7 sy,  0.0 ni, 84.7 id,  0.0 wa,  0.0 hi,  1.2 si,  0.0 st |   1655 a         20   0   21808  13228   9748 S   0.0   0.1   0:19.58 systemd|   1656 a         20   0   21492   3668   1860 S   0.0   0.0   0:00.00 (sd-pam)|
CPU_T 1791352119.760769762 %Cpu(s):  9.3 us,  9.3 sy,  0.0 ni, 79.1 id,  0.0 wa,  0.0 hi,  2.3 si,  0.0 st | 163407 a         20   0   12148   6096   3812 S  20.0   0.0   2:00.86 htop|   1655 a         20   0   21808  13228   9748 S   0.0   0.1   0:19.58 systemd|
CPU_T 1791352120.979843876 %Cpu(s):  8.2 us,  4.7 sy,  0.0 ni, 84.7 id,  0.0 wa,  0.0 hi,  2.4 si,  0.0 st |   1655 a         20   0   21808  13228   9748 S   0.0   0.1   0:19.58 systemd|   1656 a         20   0   21492   3668   1860 S   0.0   0.0   0:00.00 (sd-pam)|
CPU_T 1791352122.198716110 %Cpu(s):  8.2 us,  4.7 sy,  0.0 ni, 85.9 id,  0.0 wa,  0.0 hi,  1.2 si,  0.0 st |   1655 a         20   0   21808  13228   9748 S   0.0   0.1   0:19.58 systemd|   1656 a         20   0   21492   3668   1860 S   0.0   0.0   0:00.00 (sd-pam)|
CPU_T 1791352123.417034343 %Cpu(s):  8.1 us,  4.7 sy,  0.0 ni, 84.9 id,  0.0 wa,  0.0 hi,  2.3 si,  0.0 st |   1655 a         20   0   21808  13228   9748 S   0.0   0.1   0:19.58 systemd|   1656 a         20   0   21492   3668   1860 S   0.0   0.0   0:00.00 (sd-pam)|
CPU_T 1791352124.635811034 %Cpu(s):  7.2 us,  4.8 sy,  0.0 ni, 86.7 id,  0.0 wa,  0.0 hi,  1.2 si,  0.0 st |   1655 a         20   0   21808  13228   9748 S   0.0   0.1   0:19.58 systemd|   1656 a         20   0   21492   3668   1860 S   0.0   0.0   0:00.00 (sd-pam)|
CPU_T 1791352125.854291944 %Cpu(s):  9.5 us,  7.1 sy,  0.0 ni, 82.1 id,  0.0 wa,  0.0 hi,  1.2 si,  0.0 st | 163407 a         20   0   12148   6096   3812 S  10.0   0.0   2:00.95 htop|   1655 a         20   0   21808  13228   9748 S   0.0   0.1   0:19.59 systemd|
