CPU_T 1791352060.723558428 %Cpu(s):  8.1 us, 19.8 sy,  0.0 ni, 72.1 id,  0.0 wa,  0.0 hi,  0.0 si,  0.0 st |   1655 a         20   0   21808  13228   9748 S   0.0   0.1   0:19.57 systemd|   1656 a         20   0   21492   3668   1860 S   0.0   0.0   0:00.00 (sd-pam)|
CPU_T 1791352061.940837318 %Cpu(s):  0.0 us,  1.2 sy,  0.0 ni, 98.8 id,  0.0 wa,  0.0 hi,  0.0 si,  0.0 st |   1655 a         20   0   21808  13228   9748 S   0.0   0.1   0:19.57 systemd|   1656 a         20   0   21492   3668   1860 S   0.0   0.0   0:00.00 (sd-pam)|
CPU_T 1791352063.156801076 %Cpu(s):  7.2 us,  6.0 sy,  0.0 ni, 86.7 id,  0.0 wa,  0.0 hi,  0.0 si,  0.0 st | 163407 a         20   0   12148   6096   3812 S  36.4   0.0   1:59.87 htop|   1655 a         20   0   21808  13228   9748 S   0.0   0.1   0:19.57 systemd|
CPU_T 1791352064.372431156 %Cpu(s):  8.3 us,  7.1 sy,  0.0 ni, 83.3 id,  0.0 wa,  0.0 hi,  1.2 si,  0.0 st |   1655 a         20   0   21808  13228   9748 S   0.0   0.1   0:19.57 systemd|   1656 a         20   0   21492   3668   1860 S   0.0   0.0   0:00.00 (sd-pam)|
CPU_T 1791352065.588610760 %Cpu(s):  7.1 us,  7.1 sy,  0.0 ni, 84.5 id,  0.0 wa,  0.0 hi,  1.2 si,  0.0 st |   1655 a         20   0   21808  13228   9748 S   0.0   0.1   0:19.57 systemd|   1656 a         20   0   21492   3668   1860 S   0.0   0.0   0:00.00 (sd-pam)|
CPU_T 1791352066.804156170 %Cpu(s):  9.5 us,  7.1 sy,  0.0 ni, 82.1 id,  0.0 wa,  0.0 hi,  1.2 si,  0.0 st |   1655 a         20   0   21808  13228   9748 S   0.0   0.1   0:19.57 systemd|   1656 a         20   0   21492   3668   1860 S   0.0   0.0   0:00.00 (sd-pam)|
CPU_T 1791352068.019926081 %Cpu(s):  7.3 us,  6.1 sy,  0.0 ni, 86.6 id,  0.0 wa,  0.0 hi,  0.0 si,  0.0 st |   1655 a         20   0   21808  13228   9748 S   0.0   0.1   0:19.57 systemd|   1656 a         20   0   21492   3668   1860 S   0.0   0.0   0:00.00 (sd-pam)|
CPU_T 1791352069.236259435 %Cpu(s):  7.1 us,  6.0 sy,  0.0 ni, 85.7 id,  0.0 wa,  0.0 hi,  1.2 si,  0.0 st | 163407 a         20   0   12148   6096   3812 S  18.2   0.0   1:59.96 htop|   1655 a         20   0   21808  13228   9748 S   0.0   0.1   0:19.57 systemd|
CPU_T 1791352070.453694308 %Cpu(s):  7.1 us,  7.1 sy,  0.0 ni, 84.5 id,  0.0 wa,  0.0 hi,  1.2 si,  0.0 st |   1655 a         20   0   21808  13228   9748 S   0.0   0.1   0:19.57 systemd|   1656 a         20   0   21492   3668   1860 S   0.0   0.0   0:00.00 (sd-pam)|
CPU_T 1791352071.669590173 %Cpu(s):  7.1 us,  6.0 sy,  0.0 ni, 85.7 id,  0.0 wa,  0.0 hi,  1.2 si,  0.0 st |   1655 a         20   0   21808  13228   9748 S   0.0   0.1   0:19.57 systemd|   1656 a         20   0   21492   3668   1860 S   0.0   0.0   0:00.00 (sd-pam)|
CPU_T 1791352072.886427925 %Cpu(s):  9.4 us,  5.9 sy,  0.0 ni, 83.5 id,  0.0 wa,  0.0 hi,  1.2 si,  0.0 st |   1655 a         20   0   21808  13228   9748 S   0.0   0.1   0:19.57 systemd|   1656 a         20   0   21492   3668   1860 S   0.0   0.0   0:00.00 (sd-pam)|
CPU_T 1791352074.104787569 %Cpu(s):  7.2 us,  6.0 sy,  0.0 ni, 86.7 id,  0.0 wa,  0.0 hi,  0.0 si,  0.0 st |   1655 a         20   0   21808  13228   9748 S   0.0   0.1   0:19.58 systemd|   1656 a         20   0   21492   3668   1860 S   0.0   0.0   0:00.00 (sd-pam)|
CPU_T 1791352075.321918918 %Cpu(s):  0.0 us,  1.2 sy,  0.0 ni, 98.8 id,  0.0 wa,  0.0 hi,  0.0 si,  0.0 st | 163407 a         20   0   12148   6096   3812 R  10.0   0.0   2:00.06 htop|   1655 a         20   0   21808  13228   9748 S   0.0   0.1   0:19.58 systemd|
CPU_T 1791352076.542052451 %Cpu(s):  5.9 us, 18.8 sy,  0.0 ni, 75.3 id,  0.0 wa,  0.0 hi,  0.0 si,  0.0 st |   1655 a         20   0   21808  13228   9748 S   0.0   0.1   0:19.58 systemd|   1656 a         20   0   21492   3668   1860 S   0.0   0.0   0:00.00 (sd-pam)|
CPU_T 1791352077.758172679 %Cpu(s):  0.0 us,  0.0 sy,  0.0 ni,100.0 id,  0.0 wa,  0.0 hi,  0.0 si,  0.0 st |   1655 a         20   0   21808  13228   9748 S   0.0   0.1   0:19.58 systemd|   1656 a         20   0   21492   3668   1860 S   0.0   0.0   0:00.00 (sd-pam)|
CPU_T 1791352078.979159677 %Cpu(s):  1.2 us,  2.4 sy,  0.0 ni, 96.5 id,  0.0 wa,  0.0 hi,  0.0 si,  0.0 st |   1655 a         20   0   21808  13228   9748 S   0.0   0.1   0:19.58 systemd|   1656 a         20   0   21492   3668   1860 S   0.0   0.0   0:00.00 (sd-pam)|
CPU_T 1791352080.196228641 %Cpu(s):  7.1 us,  4.8 sy,  0.0 ni, 86.9 id,  0.0 wa,  0.0 hi,  1.2 si,  0.0 st |   1655 a         20   0   21808  13228   9748 S   0.0   0.1   0:19.58 systemd|   1656 a         20   0   21492   3668   1860 S   0.0   0.0   0:00.00 (sd-pam)|
CPU_T 1791352081.411487919 %Cpu(s):  6.0 us,  4.8 sy,  0.0 ni, 88.0 id,  0.0 wa,  0.0 hi,  1.2 si,  0.0 st |   1655 a         20   0   21808  13228   9748 S   0.0   0.1   0:19.58 systemd|   1656 a         20   0   21492   3668   1860 S   0.0   0.0   0:00.00 (sd-pam)|
CPU_T 1791352082.626820812 %Cpu(s):  7.1 us,  4.7 sy,  0.0 ni, 85.9 id,  0.0 wa,  0.0 hi,  2.4 si,  0.0 st |   1655 a         20   0   21808  13228   9748 S   0.0   0.1   0:19.58 systemd|   1656 a         20   0   21492   3668   1860 S   0.0   0.0   0:00.00 (sd-pam)|
CPU_T 1791352083.842389184 %Cpu(s):  7.1 us,  4.7 sy,  0.0 ni, 87.1 id,  0.0 wa,  0.0 hi,  1.2 si,  0.0 st |   1655 a         20   0   21808  13228   9748 S   0.0   0.1   0:19.58 systemd|   1656 a         20   0   21492   3668   1860 S   0.0   0.0   0:00.00 (sd-pam)|
CPU_T 1791352085.058228751 %Cpu(s):  8.3 us,  7.1 sy,  0.0 ni, 82.1 id,  0.0 wa,  0.0 hi,  2.4 si,  0.0 st |   1655 a         20   0   21808  13228   9748 S   0.0   0.1   0:19.58 systemd|   1656 a         20   0   21492   3668   1860 S   0.0   0.0   0:00.00 (sd-pam)|
CPU_T 1791352086.273781142 %Cpu(s):  6.0 us,  4.8 sy,  0.0 ni, 88.0 id,  0.0 wa,  0.0 hi,  1.2 si,  0.0 st |   1655 a         20   0   21808  13228   9748 S   0.0   0.1   0:19.58 systemd|   1656 a         20   0   21492   3668   1860 S   0.0   0.0   0:00.00 (sd-pam)|
CPU_T 1791352087.489127388 %Cpu(s):  7.2 us,  3.6 sy,  0.0 ni, 88.0 id,  0.0 wa,  0.0 hi,  1.2 si,  0.0 st |   1655 a         20   0   21808  13228   9748 S   0.0   0.1   0:19.58 systemd|   1656 a         20   0   21492   3668   1860 S   0.0   0.0   0:00.00 (sd-pam)|
CPU_T 1791352088.704153464 %Cpu(s):  8.4 us,  4.8 sy,  0.0 ni, 84.3 id,  0.0 wa,  0.0 hi,  2.4 si,  0.0 st |   1655 a         20   0   21808  13228   9748 S   0.0   0.1   0:19.58 systemd|   1656 a         20   0   21492   3668   1860 S   0.0   0.0   0:00.00 (sd-pam)|
CPU_T 1791352089.919980116 %Cpu(s):  8.5 us,  4.9 sy,  0.0 ni, 85.4 id,  0.0 wa,  0.0 hi,  1.2 si,  0.0 st |   1655 a         20   0   21808  13228   9748 S   0.0   0.1   0:19.58 systemd|   1656 a         20   0   21492   3668   1860 S   0.0   0.0   0:00.00 (sd-pam)|
CPU_T 1791352091.135591512 %Cpu(s):  7.2 us,  6.0 sy,  0.0 ni, 84.3 id,  0.0 wa,  0.0 hi,  2.4 si,  0.0 st |   1655 a         20   0   21808  13228   9748 S   0.0   0.1   0:19.58 systemd|   1656 a         20   0   21492   3668   1860 S   0.0   0.0   0:00.00 (sd-pam)|
