CPU_T 1791352130.098579581 %Cpu(s):  7.1 us, 19.0 sy,  0.0 ni, 73.8 id,  0.0 wa,  0.0 hi,  0.0 si,  0.0 st |   1655 a         20   0   21808  13228   9748 S   0.0   0.1   0:19.59 systemd|   1656 a         20   0   21492   3668   1860 S   0.0   0.0   0:00.00 (sd-pam)|
CPU_T 1791352131.315114877 %Cpu(s):  1.1 us,  1.1 sy,  0.0 ni, 97.7 id,  0.0 wa,  0.0 hi,  0.0 si,  0.0 st |   1655 a         20   0   21808  13228   9748 S   0.0   0.1   0:19.59 systemd|   1656 a         20   0   21492   3668   1860 S   0.0   0.0   0:00.00 (sd-pam)|
CPU_T 1791352132.535253036 %Cpu(s): 12.2 us,  1.2 sy,  0.0 ni, 82.9 id,  0.0 wa,  0.0 hi,  3.7 si,  0.0 st |   2262 a         20   0  389392   8420   7328 S   9.1   0.0   0:02.22 gvfs-af+|   1655 a         20   0   21808  13228   9748 S   0.0   0.1   0:19.59 systemd|
CPU_T 1791352133.751861760 %Cpu(s): 11.1 us,  3.7 sy,  0.0 ni, 81.5 id,  0.0 wa,  0.0 hi,  3.7 si,  0.0 st |   1655 a         20   0   21808  13228   9748 S   0.0   0.1   0:19.59 systemd|   1656 a         20   0   21492   3668   1860 S   0.0   0.0   0:00.00 (sd-pam)|
CPU_T 1791352134.967939077 %Cpu(s): 12.3 us,  1.2 sy,  0.0 ni, 85.2 id,  0.0 wa,  0.0 hi,  1.2 si,  0.0 st | 163407 a         20   0   12148   6096   3812 R  27.3   0.0   2:01.14 htop|   1655 a         20   0   21808  13228   9748 S   0.0   0.1   0:19.59 systemd|
CPU_T 1791352136.188250948 %Cpu(s): 12.9 us,  4.7 sy,  0.0 ni, 77.6 id,  0.0 wa,  0.0 hi,  4.7 si,  0.0 st |   1655 a         20   0   21808  13228   9748 S   0.0   0.1   0:19.59 systemd|   1656 a         20   0   21492   3668   1860 S   0.0   0.0   0:00.00 (sd-pam)|
CPU_T 1791352137.411012257 %Cpu(s): 12.2 us,  1.2 sy,  0.0 ni, 81.7 id,  0.0 wa,  0.0 hi,  4.9 si,  0.0 st |   1655 a         20   0   21808  13228   9748 S   0.0   0.1   0:19.59 systemd|   1656 a         20   0   21492   3668   1860 S   0.0   0.0   0:00.00 (sd-pam)|
CPU_T 1791352138.627662000 %Cpu(s): 11.1 us,  1.2 sy,  0.0 ni, 84.0 id,  0.0 wa,  0.0 hi,  3.7 si,  0.0 st |   1655 a         20   0   21808  13228   9748 S   0.0   0.1   0:19.59 systemd|   1656 a         20   0   21492   3668   1860 S   0.0   0.0   0:00.00 (sd-pam)|
CPU_T 1791352139.844431761 %Cpu(s): 12.9 us,  3.5 sy,  0.0 ni, 80.0 id,  0.0 wa,  0.0 hi,  3.5 si,  0.0 st |   1655 a         20   0   21808  13228   9748 S   0.0   0.1   0:19.59 systemd|   1656 a         20   0   21492   3668   1860 S   0.0   0.0   0:00.00 (sd-pam)|
CPU_T 1791352141.068029464 %Cpu(s): 13.4 us,  1.2 sy,  0.0 ni, 82.9 id,  0.0 wa,  0.0 hi,  2.4 si,  0.0 st |   1655 a         20   0   21808  13228   9748 S   0.0   0.1   0:19.59 systemd|   1656 a         20   0   21492   3668   1860 S   0.0   0.0   0:00.00 (sd-pam)|
CPU_T 1791352142.284386396 %Cpu(s): 13.1 us,  3.6 sy,  0.0 ni, 79.8 id,  0.0 wa,  0.0 hi,  3.6 si,  0.0 st |   1655 a         20   0   21808  13228   9748 S   0.0   0.1   0:19.59 systemd|   1656 a         20   0   21492   3668   1860 S   0.0   0.0   0:00.00 (sd-pam)|
CPU_T 1791352143.508095972 %Cpu(s): 12.5 us,  1.2 sy,  0.0 ni, 85.0 id,  0.0 wa,  0.0 hi,  1.2 si,  0.0 st |   1655 a         20   0   21808  13228   9748 S   0.0   0.1   0:19.59 systemd|   1656 a         20   0   21492   3668   1860 S   0.0   0.0   0:00.00 (sd-pam)|
CPU_T 1791352144.724974830 %Cpu(s):  0.0 us,  1.2 sy,  0.0 ni, 97.6 id,  1.2 wa,  0.0 hi,  0.0 si,  0.0 st |   1655 a         20   0   21808  13228   9748 S   0.0   0.1   0:19.59 systemd|   1656 a         20   0   21492   3668   1860 S   0.0   0.0   0:00.00 (sd-pam)|
CPU_T 1791352145.944777700 %Cpu(s):  3.7 us, 12.2 sy,  0.0 ni, 84.1 id,  0.0 wa,  0.0 hi,  0.0 si,  0.0 st |   1655 a         20   0   21808  13228   9748 S   0.0   0.1   0:19.59 systemd|   1656 a         20   0   21492   3668   1860 S   0.0   0.0   0:00.00 (sd-pam)|
CPU_T 1791352147.160743077 %Cpu(s):  0.0 us,  1.2 sy,  0.0 ni, 98.8 id,  0.0 wa,  0.0 hi,  0.0 si,  0.0 st |   1655 a         20   0   21808  13228   9748 S   0.0   0.1   0:19.59 systemd|   1656 a         20   0   21492   3668   1860 S   0.0   0.0   0:00.00 (sd-pam)|
CPU_T 1791352148.382885373 %Cpu(s):  1.2 us,  4.7 sy,  0.0 ni, 94.1 id,  0.0 wa,  0.0 hi,  0.0 si,  0.0 st |   1655 a         20   0   21808  13228   9748 S   0.0   0.1   0:19.59 systemd|   1656 a         20   0   21492   3668   1860 S   0.0   0.0   0:00.00 (sd-pam)|
CPU_T 1791352149.599875153 %Cpu(s): 11.0 us,  2.4 sy,  0.0 ni, 82.9 id,  0.0 wa,  0.0 hi,  3.7 si,  0.0 st |   1655 a         20   0   21808  13228   9748 S   0.0   0.1   0:19.59 systemd|   1656 a         20   0   21492   3668   1860 S   0.0   0.0   0:00.00 (sd-pam)|
CPU_T 1791352150.817462475 %Cpu(s): 12.0 us,  2.4 sy,  0.0 ni, 83.1 id,  0.0 wa,  0.0 hi,  2.4 si,  0.0 st |   1655 a         20   0   21808  13228   9748 S   0.0   0.1   0:19.59 systemd|   1656 a         20   0   21492   3668   1860 S   0.0   0.0   0:00.00 (sd-pam)|
CPU_T 1791352152.039681452 %Cpu(s): 13.9 us,  2.5 sy,  0.0 ni, 81.0 id,  0.0 wa,  0.0 hi,  2.5 si,  0.0 st |   1655 a         20   0   21808  13228   9748 S   0.0   0.1   0:19.59 systemd|   1656 a         20   0   21492   3668   1860 S   0.0   0.0   0:00.00 (sd-pam)|
CPU_T 1791352153.256903120 %Cpu(s): 12.3 us,  2.5 sy,  0.0 ni, 84.0 id,  0.0 wa,  0.0 hi,  1.2 si,  0.0 st |   1655 a         20   0   21808  13228   9748 S   0.0   0.1   0:19.59 systemd|   1656 a         20   0   21492   3668   1860 S   0.0   0.0   0:00.00 (sd-pam)|
CPU_T 1791352154.475192488 %Cpu(s): 13.3 us,  7.2 sy,  0.0 ni, 74.7 id,  0.0 wa,  0.0 hi,  4.8 si,  0.0 st |   1655 a         20   0   21808  13228   9748 S   0.0   0.1   0:19.59 systemd|   1656 a         20   0   21492   3668   1860 S   0.0   0.0   0:00.00 (sd-pam)|
CPU_T 1791352155.692378745 %Cpu(s): 12.3 us,  1.2 sy,  0.0 ni, 85.2 id,  0.0 wa,  0.0 hi,  1.2 si,  0.0 st |   1655 a         20   0   21808  13228   9748 S   0.0   0.1   0:19.59 systemd|   1656 a         20   0   21492   3668   1860 S   0.0   0.0   0:00.00 (sd-pam)|
CPU_T 1791352156.914466256 %Cpu(s): 12.5 us,  1.2 sy,  0.0 ni, 85.0 id,  0.0 wa,  0.0 hi,  1.2 si,  0.0 st |   1655 a         20   0   21808  13228   9748 S   0.0   0.1   0:19.59 systemd|   1656 a         20   0   21492   3668   1860 S   0.0   0.0   0:00.00 (sd-pam)|
CPU_T 1791352158.130938141 %Cpu(s): 12.2 us,  1.2 sy,  0.0 ni, 82.9 id,  0.0 wa,  0.0 hi,  3.7 si,  0.0 st | 163407 a         20   0   12148   6096   3812 S  50.0   0.0   2:01.74 htop|   1655 a         20   0   21808  13228   9748 S   0.0   0.1   0:19.59 systemd|
CPU_T 1791352159.347288271 %Cpu(s): 11.9 us,  3.6 sy,  0.0 ni, 82.1 id,  0.0 wa,  0.0 hi,  2.4 si,  0.0 st |   1655 a         20   0   21808  13228   9748 S   0.0   0.1   0:19.59 systemd|   1656 a         20   0   21492   3668   1860 S   0.0   0.0   0:00.00 (sd-pam)|
CPU_T 1791352160.569351363 %Cpu(s): 13.4 us,  3.7 sy,  0.0 ni, 69.5 id, 11.0 wa,  0.0 hi,  2.4 si,  0.0 st |   1655 a         20   0   21808  13228   9748 S   0.0   0.1   0:19.59 systemd|   1656 a         20   0   21492   3668   1860 S   0.0   0.0   0:00.00 (sd-pam)|
