CPU_T 1791351613.246920919 %Cpu(s):  5.8 us, 19.8 sy,  0.0 ni, 74.4 id,  0.0 wa,  0.0 hi,  0.0 si,  0.0 st |   1655 a         20   0   21808  13228   9748 S   0.0   0.1   0:19.44 systemd|   1656 a         20   0   21492   3668   1860 S   0.0   0.0   0:00.00 (sd-pam)|
CPU_T 1791351614.467569559 %Cpu(s):  0.0 us,  0.0 sy,  0.0 ni,100.0 id,  0.0 wa,  0.0 hi,  0.0 si,  0.0 st |   1655 a         20   0   21808  13228   9748 S   0.0   0.1   0:19.44 systemd|   1656 a         20   0   21492   3668   1860 S   0.0   0.0   0:00.00 (sd-pam)|
CPU_T 1791351615.687844070 %Cpu(s): 13.6 us,  1.2 sy,  0.0 ni, 82.7 id,  0.0 wa,  0.0 hi,  2.5 si,  0.0 st |   1655 a         20   0   21808  13228   9748 S   0.0   0.1   0:19.44 systemd|   1656 a         20   0   21492   3668   1860 S   0.0   0.0   0:00.00 (sd-pam)|
CPU_T 1791351616.903885500 %Cpu(s): 12.0 us,  3.6 sy,  0.0 ni, 79.5 id,  0.0 wa,  0.0 hi,  4.8 si,  0.0 st |   1655 a         20   0   21808  13228   9748 S   0.0   0.1   0:19.44 systemd|   1656 a         20   0   21492   3668   1860 S   0.0   0.0   0:00.00 (sd-pam)|
CPU_T 1791351618.122379249 %Cpu(s): 12.3 us,  2.5 sy,  0.0 ni, 82.7 id,  0.0 wa,  0.0 hi,  2.5 si,  0.0 st |   1655 a         20   0   21808  13228   9748 S   0.0   0.1   0:19.44 systemd|   1656 a         20   0   21492   3668   1860 S   0.0   0.0   0:00.00 (sd-pam)|
CPU_T 1791351619.339356904 %Cpu(s): 12.2 us,  3.7 sy,  0.0 ni, 80.5 id,  0.0 wa,  0.0 hi,  3.7 si,  0.0 st |   1655 a         20   0   21808  13228   9748 S   0.0   0.1   0:19.44 systemd|   1656 a         20   0   21492   3668   1860 S   0.0   0.0   0:00.00 (sd-pam)|
CPU_T 1791351620.556583920 %Cpu(s): 11.9 us,  2.4 sy,  0.0 ni, 81.0 id,  0.0 wa,  0.0 hi,  4.8 si,  0.0 st |   1655 a         20   0   21808  13228   9748 S   0.0   0.1   0:19.44 systemd|   1656 a         20   0   21492   3668   1860 S   0.0   0.0   0:00.00 (sd-pam)|
CPU_T 1791351621.772917628 %Cpu(s): 13.3 us,  2.4 sy,  0.0 ni, 78.3 id,  1.2 wa,  0.0 hi,  4.8 si,  0.0 st | 163407 a         20   0   12148   6096   3812 S  30.0   0.0   1:49.37 htop|   1655 a         20   0   21808  13228   9748 S   0.0   0.1   0:19.44 systemd|
CPU_T 1791351622.989493418 %Cpu(s): 12.0 us,  2.4 sy,  0.0 ni, 80.7 id,  0.0 wa,  0.0 hi,  4.8 si,  0.0 st |   1655 a         20   0   21808  13228   9748 S   0.0   0.1   0:19.44 systemd|   1656 a         20   0   21492   3668   1860 S   0.0   0.0   0:00.00 (sd-pam)|
CPU_T 1791351624.206484325 %Cpu(s): 12.6 us,  2.3 sy,  0.0 ni, 79.3 id,  0.0 wa,  0.0 hi,  5.7 si,  0.0 st |   1655 a         20   0   21808  13228   9748 S   0.0   0.1   0:19.44 systemd|   1656 a         20   0   21492   3668   1860 S   0.0   0.0   0:00.00 (sd-pam)|
CPU_T 1791351625.429534813 %Cpu(s): 13.4 us,  2.4 sy,  0.0 ni, 79.3 id,  0.0 wa,  0.0 hi,  4.9 si,  0.0 st |   1655 a         20   0   21808  13228   9748 S   0.0   0.1   0:19.44 systemd|   1656 a         20   0   21492   3668   1860 S   0.0   0.0   0:00.00 (sd-pam)|
CPU_T 1791351626.646692802 %Cpu(s): 13.3 us,  2.4 sy,  0.0 ni, 80.7 id,  0.0 wa,  0.0 hi,  3.6 si,  0.0 st |   1655 a         20   0   21808  13228   9748 S   0.0   0.1   0:19.44 systemd|   1656 a         20   0   21492   3668   1860 S   0.0   0.0   0:00.00 (sd-pam)|
CPU_T 1791351627.863573734 %Cpu(s):  1.2 us,  0.0 sy,  0.0 ni, 98.8 id,  0.0 wa,  0.0 hi,  0.0 si,  0.0 st |   1655 a         20   0   21808  13228   9748 S   0.0   0.1   0:19.44 systemd|   1656 a         20   0   21492   3668   1860 S   0.0   0.0   0:00.00 (sd-pam)|
CPU_T 1791351629.081556272 %Cpu(s):  4.9 us, 13.4 sy,  0.0 ni, 81.7 id,  0.0 wa,  0.0 hi,  0.0 si,  0.0 st |   1655 a         20   0   21808  13228   9748 S   0.0   0.1   0:19.44 systemd|   1656 a         20   0   21492   3668   1860 S   0.0   0.0   0:00.00 (sd-pam)|
CPU_T 1791351630.297720999 %Cpu(s):  0.0 us,  0.0 sy,  0.0 ni,100.0 id,  0.0 wa,  0.0 hi,  0.0 si,  0.0 st |   1655 a         20   0   21808  13228   9748 S   0.0   0.1   0:19.44 systemd|   1656 a         20   0   21492   3668   1860 S   0.0   0.0   0:00.00 (sd-pam)|
CPU_T 1791351631.519861601 %Cpu(s):  2.4 us,  2.4 sy,  0.0 ni, 95.3 id,  0.0 wa,  0.0 hi,  0.0 si,  0.0 st |   1655 a         20   0   21808  13228   9748 S   0.0   0.1   0:19.44 systemd|   1656 a         20   0   21492   3668   1860 S   0.0   0.0   0:00.00 (sd-pam)|
CPU_T 1791351632.739942458 %Cpu(s):  0.0 us,  1.2 sy,  0.0 ni, 98.8 id,  0.0 wa,  0.0 hi,  0.0 si,  0.0 st |   1655 a         20   0   21808  13228   9748 S   0.0   0.1   0:19.44 systemd|   1656 a         20   0   21492   3668   1860 S   0.0   0.0   0:00.00 (sd-pam)|
CPU_T 1791351633.961315362 %Cpu(s):  0.0 us,  0.0 sy,  0.0 ni,100.0 id,  0.0 wa,  0.0 hi,  0.0 si,  0.0 st |   1655 a         20   0   21808  13228   9748 S   0.0   0.1   0:19.44 systemd|   1656 a         20   0   21492   3668   1860 S   0.0   0.0   0:00.00 (sd-pam)|
CPU_T 1791351635.182267107 %Cpu(s):  1.2 us,  1.2 sy,  0.0 ni, 97.7 id,  0.0 wa,  0.0 hi,  0.0 si,  0.0 st |   1655 a         20   0   21808  13228   9748 S   0.0   0.1   0:19.44 systemd|   1656 a         20   0   21492   3668   1860 S   0.0   0.0   0:00.00 (sd-pam)|
CPU_T 1791351636.402772731 %Cpu(s):  0.0 us,  1.2 sy,  0.0 ni, 98.8 id,  0.0 wa,  0.0 hi,  0.0 si,  0.0 st |   1655 a         20   0   21808  13228   9748 S   0.0   0.1   0:19.44 systemd|   1656 a         20   0   21492   3668   1860 S   0.0   0.0   0:00.00 (sd-pam)|
CPU_T 1791351637.624264113 %Cpu(s):  1.2 us,  2.4 sy,  0.0 ni, 96.5 id,  0.0 wa,  0.0 hi,  0.0 si,  0.0 st |   1655 a         20   0   21808  13228   9748 S   0.0   0.1   0:19.44 systemd|   1656 a         20   0   21492   3668   1860 S   0.0   0.0   0:00.00 (sd-pam)|
CPU_T 1791351638.844342487 %Cpu(s):  1.1 us,  1.1 sy,  0.0 ni, 97.7 id,  0.0 wa,  0.0 hi,  0.0 si,  0.0 st |   1655 a         20   0   21808  13228   9748 S   0.0   0.1   0:19.44 systemd|   1656 a         20   0   21492   3668   1860 S   0.0   0.0   0:00.00 (sd-pam)|
CPU_T 1791351640.064413556 %Cpu(s):  0.0 us,  1.2 sy,  0.0 ni, 98.8 id,  0.0 wa,  0.0 hi,  0.0 si,  0.0 st |   1655 a         20   0   21808  13228   9748 S   0.0   0.1   0:19.44 systemd|   1656 a         20   0   21492   3668   1860 S   0.0   0.0   0:00.00 (sd-pam)|
CPU_T 1791351641.282247713 %Cpu(s):  0.0 us,  1.2 sy,  0.0 ni, 98.8 id,  0.0 wa,  0.0 hi,  0.0 si,  0.0 st |   1655 a         20   0   21808  13228   9748 S   0.0   0.1   0:19.44 systemd|   1656 a         20   0   21492   3668   1860 S   0.0   0.0   0:00.00 (sd-pam)|
CPU_T 1791351642.502448097 %Cpu(s):  0.0 us,  1.2 sy,  0.0 ni, 98.8 id,  0.0 wa,  0.0 hi,  0.0 si,  0.0 st |   1655 a         20   0   21808  13228   9748 S   0.0   0.1   0:19.44 systemd|   1656 a         20   0   21492   3668   1860 S   0.0   0.0   0:00.00 (sd-pam)|
CPU_T 1791351643.723637600 %Cpu(s):  1.1 us,  1.1 sy,  0.0 ni, 97.7 id,  0.0 wa,  0.0 hi,  0.0 si,  0.0 st |   1655 a         20   0   21808  13228   9748 S   0.0   0.1   0:19.44 systemd|   1656 a         20   0   21492   3668   1860 S   0.0   0.0   0:00.00 (sd-pam)|
