CPU_T 1791351950.852310642 %Cpu(s):  8.2 us, 17.6 sy,  0.0 ni, 74.1 id,  0.0 wa,  0.0 hi,  0.0 si,  0.0 st |   1655 a         20   0   21808  13228   9748 S   0.0   0.1   0:19.55 systemd|   1656 a         20   0   21492   3668   1860 S   0.0   0.0   0:00.00 (sd-pam)|
CPU_T 1791351952.069931849 %Cpu(s):  0.0 us,  1.2 sy,  0.0 ni, 98.8 id,  0.0 wa,  0.0 hi,  0.0 si,  0.0 st |   1655 a         20   0   21808  13228   9748 S   0.0   0.1   0:19.55 systemd|   1656 a         20   0   21492   3668   1860 S   0.0   0.0   0:00.00 (sd-pam)|
CPU_T 1791351953.287768208 %Cpu(s): 12.9 us,  1.2 sy,  0.0 ni, 83.5 id,  0.0 wa,  0.0 hi,  2.4 si,  0.0 st |   1655 a         20   0   21808  13228   9748 S   0.0   0.1   0:19.55 systemd|   1656 a         20   0   21492   3668   1860 S   0.0   0.0   0:00.00 (sd-pam)|
CPU_T 1791351954.521009134 %Cpu(s): 12.2 us,  3.7 sy,  0.0 ni, 80.5 id,  0.0 wa,  0.0 hi,  3.7 si,  0.0 st | 163407 a         20   0   12148   6096   3812 R  10.0   0.0   1:57.87 htop|   1655 a         20   0   21808  13228   9748 S   0.0   0.1   0:19.55 systemd|
CPU_T 1791351955.737094234 %Cpu(s): 12.2 us,  1.2 sy,  0.0 ni, 82.9 id,  0.0 wa,  0.0 hi,  3.7 si,  0.0 st |   1655 a         20   0   21808  13228   9748 S   0.0   0.1   0:19.55 systemd|   1656 a         20   0   21492   3668   1860 S   0.0   0.0   0:00.00 (sd-pam)|
CPU_T 1791351956.953455779 %Cpu(s): 12.3 us,  2.5 sy,  0.0 ni, 84.0 id,  0.0 wa,  0.0 hi,  1.2 si,  0.0 st |   1655 a         20   0   21808  13228   9748 S   0.0   0.1   0:19.55 systemd|   1656 a         20   0   21492   3668   1860 S   0.0   0.0   0:00.00 (sd-pam)|
CPU_T 1791351958.169312725 %Cpu(s): 12.3 us,  2.5 sy,  0.0 ni, 84.0 id,  0.0 wa,  0.0 hi,  1.2 si,  0.0 st |   1655 a         20   0   21808  13228   9748 S   0.0   0.1   0:19.55 systemd|   1656 a         20   0   21492   3668   1860 S   0.0   0.0   0:00.00 (sd-pam)|
CPU_T 1791351959.385420573 %Cpu(s): 12.8 us,  1.3 sy,  0.0 ni, 85.9 id,  0.0 wa,  0.0 hi,  0.0 si,  0.0 st |   1655 a         20   0   21808  13228   9748 S   0.0   0.1   0:19.55 systemd|   1656 a         20   0   21492   3668   1860 S   0.0   0.0   0:00.00 (sd-pam)|
CPU_T 1791351960.601873946 %Cpu(s): 13.1 us,  3.6 sy,  0.0 ni, 78.6 id,  0.0 wa,  0.0 hi,  4.8 si,  0.0 st |   1655 a         20   0   21808  13228   9748 S   0.0   0.1   0:19.55 systemd|   1656 a         20   0   21492   3668   1860 S   0.0   0.0   0:00.00 (sd-pam)|
CPU_T 1791351961.818403016 %Cpu(s): 13.3 us,  1.2 sy,  0.0 ni, 81.9 id,  0.0 wa,  0.0 hi,  3.6 si,  0.0 st |   1655 a         20   0   21808  13228   9748 S   0.0   0.1   0:19.55 systemd|   1656 a         20   0   21492   3668   1860 S   0.0   0.0   0:00.00 (sd-pam)|
CPU_T 1791351963.034571522 %Cpu(s): 12.0 us,  2.4 sy,  0.0 ni, 80.7 id,  0.0 wa,  0.0 hi,  4.8 si,  0.0 st |   1655 a         20   0   21808  13228   9748 S   0.0   0.1   0:19.55 systemd|   1656 a         20   0   21492   3668   1860 S   0.0   0.0   0:00.00 (sd-pam)|
CPU_T 1791351964.250493418 %Cpu(s): 12.5 us,  2.5 sy,  0.0 ni, 83.8 id,  0.0 wa,  0.0 hi,  1.2 si,  0.0 st |   1655 a         20   0   21808  13228   9748 S   0.0   0.1   0:19.55 systemd|   1656 a         20   0   21492   3668   1860 S   0.0   0.0   0:00.00 (sd-pam)|
CPU_T 1791351965.466103756 %Cpu(s):  0.0 us,  1.2 sy,  0.0 ni, 98.8 id,  0.0 wa,  0.0 hi,  0.0 si,  0.0 st |   1655 a         20   0   21808  13228   9748 S   0.0   0.1   0:19.55 systemd|   1656 a         20   0   21492   3668   1860 S   0.0   0.0   0:00.00 (sd-pam)|
CPU_T 1791351966.684483143 %Cpu(s):  4.8 us, 15.7 sy,  0.0 ni, 79.5 id,  0.0 wa,  0.0 hi,  0.0 si,  0.0 st |   1655 a         20   0   21808  13228   9748 S   0.0   0.1   0:19.55 systemd|   1656 a         20   0   21492   3668   1860 S   0.0   0.0   0:00.00 (sd-pam)|
CPU_T 1791351967.903106504 %Cpu(s):  1.2 us,  0.0 sy,  0.0 ni, 98.8 id,  0.0 wa,  0.0 hi,  0.0 si,  0.0 st |   1655 a         20   0   21808  13228   9748 S   0.0   0.1   0:19.55 systemd|   1656 a         20   0   21492   3668   1860 S   0.0   0.0   0:00.00 (sd-pam)|
CPU_T 1791351969.124041185 %Cpu(s):  2.4 us,  3.5 sy,  0.0 ni, 94.1 id,  0.0 wa,  0.0 hi,  0.0 si,  0.0 st |   1655 a         20   0   21808  13228   9748 S   0.0   0.1   0:19.55 systemd|   1656 a         20   0   21492   3668   1860 S   0.0   0.0   0:00.00 (sd-pam)|
CPU_T 1791351970.344085243 %Cpu(s): 11.0 us,  2.4 sy,  0.0 ni, 82.9 id,  0.0 wa,  0.0 hi,  3.7 si,  0.0 st |   1655 a         20   0   21808  13228   9748 S   0.0   0.1   0:19.55 systemd|   1656 a         20   0   21492   3668   1860 S   0.0   0.0   0:00.00 (sd-pam)|
CPU_T 1791351971.561213056 %Cpu(s): 13.6 us,  4.9 sy,  0.0 ni, 80.2 id,  0.0 wa,  0.0 hi,  1.2 si,  0.0 st |   1655 a         20   0   21808  13228   9748 S   0.0   0.1   0:19.55 systemd|   1656 a         20   0   21492   3668   1860 S   0.0   0.0   0:00.00 (sd-pam)|
CPU_T 1791351972.777891503 %Cpu(s): 12.2 us,  2.4 sy,  0.0 ni, 82.9 id,  0.0 wa,  0.0 hi,  2.4 si,  0.0 st |   1655 a         20   0   21808  13228   9748 S   0.0   0.1   0:19.55 systemd|   1656 a         20   0   21492   3668   1860 S   0.0   0.0   0:00.00 (sd-pam)|
CPU_T 1791351973.994690806 %Cpu(s): 12.5 us,  2.3 sy,  0.0 ni, 81.8 id,  0.0 wa,  0.0 hi,  3.4 si,  0.0 st |   1655 a         20   0   21808  13228   9748 S   0.0   0.1   0:19.55 systemd|   1656 a         20   0   21492   3668   1860 S   0.0   0.0   0:00.00 (sd-pam)|
CPU_T 1791351975.241003880 %Cpu(s): 12.9 us,  3.5 sy,  0.0 ni, 77.6 id,  0.0 wa,  0.0 hi,  5.9 si,  0.0 st |   1655 a         20   0   21808  13228   9748 S   0.0   0.1   0:19.55 systemd|   1656 a         20   0   21492   3668   1860 S   0.0   0.0   0:00.00 (sd-pam)|
CPU_T 1791351976.457216060 %Cpu(s): 12.0 us,  2.4 sy,  0.0 ni, 83.1 id,  0.0 wa,  0.0 hi,  2.4 si,  0.0 st |   1655 a         20   0   21808  13228   9748 S   0.0   0.1   0:19.55 systemd|   1656 a         20   0   21492   3668   1860 S   0.0   0.0   0:00.00 (sd-pam)|
CPU_T 1791351977.680336647 %Cpu(s): 12.0 us,  2.4 sy,  0.0 ni, 80.7 id,  0.0 wa,  0.0 hi,  4.8 si,  0.0 st |   1655 a         20   0   21808  13228   9748 S   0.0   0.1   0:19.55 systemd|   1656 a         20   0   21492   3668   1860 S   0.0   0.0   0:00.00 (sd-pam)|
CPU_T 1791351978.896904926 %Cpu(s): 12.9 us,  3.5 sy,  0.0 ni, 80.0 id,  0.0 wa,  0.0 hi,  3.5 si,  0.0 st |   1655 a         20   0   21808  13228   9748 S   0.0   0.1   0:19.55 systemd|   1656 a         20   0   21492   3668   1860 S   0.0   0.0   0:00.00 (sd-pam)|
CPU_T 1791351980.121185810 %Cpu(s): 12.2 us,  1.2 sy,  0.0 ni, 84.1 id,  0.0 wa,  0.0 hi,  2.4 si,  0.0 st |   1655 a         20   0   21808  13228   9748 S   0.0   0.1   0:19.55 systemd|   1656 a         20   0   21492   3668   1860 S   0.0   0.0   0:00.00 (sd-pam)|
CPU_T 1791351981.343810395 %Cpu(s): 12.3 us,  3.7 sy,  0.0 ni, 81.5 id,  0.0 wa,  0.0 hi,  2.5 si,  0.0 st |   1655 a         20   0   21808  13228   9748 S   0.0   0.1   0:19.55 systemd|   1656 a         20   0   21492   3668   1860 S   0.0   0.0   0:00.00 (sd-pam)|
