MID_T 1 1791352318.674806615
SNAP_BEGIN MID_1 gen=58
W0   0x20   rx_stat_frames         0x02f36339
W5   0x34   gmii_free_FE           0xabb05903
W22  0x78   rx_stat_pass_TCP       0x02f362bf
W27  0x8C   rxcdc_occ_max          0x00000006
W49  0xE4   cls_dbg_occ            0x00000000
W53  0xF4   app_rx_bytes           0x85d37588
W54  0xF8   app_mismatch           0x65bfea19
W61  0x114  app_ctrl_stat_wu       0x00000000
W62  0x118  app_ctrl_rx_occ_bytes  0x00000000
SNAP_END MID_1 nff=0
MID_T 2 1791352319.156790786
SNAP_BEGIN MID_2 gen=59
W0   0x20   rx_stat_frames         0x02f36339
W5   0x34   gmii_free_FE           0xb02d6685
W22  0x78   rx_stat_pass_TCP       0x02f362bf
W27  0x8C   rxcdc_occ_max          0x00000006
W49  0xE4   cls_dbg_occ            0x00000000
W53  0xF4   app_rx_bytes           0x85d37588
W54  0xF8   app_mismatch           0x65bfea19
W61  0x114  app_ctrl_stat_wu       0x00000000
W62  0x118  app_ctrl_rx_occ_bytes  0x00000000
SNAP_END MID_2 nff=0
MID_T 3 1791352319.639030237
SNAP_BEGIN MID_3 gen=60
W0   0x20   rx_stat_frames         0x02f36339
W5   0x34   gmii_free_FE           0xb4aed79f
W22  0x78   rx_stat_pass_TCP       0x02f362bf
W27  0x8C   rxcdc_occ_max          0x00000006
W49  0xE4   cls_dbg_occ            0x00000000
W53  0xF4   app_rx_bytes           0x85d37588
W54  0xF8   app_mismatch           0x65bfea19
W61  0x114  app_ctrl_stat_wu       0x00000000
W62  0x118  app_ctrl_rx_occ_bytes  0x00000000
SNAP_END MID_3 nff=0
MID_T 4 1791352320.123499327
SNAP_BEGIN MID_4 gen=61
W0   0x20   rx_stat_frames         0x02f36339
W5   0x34   gmii_free_FE           0xb9327147
W22  0x78   rx_stat_pass_TCP       0x02f362bf
W27  0x8C   rxcdc_occ_max          0x00000006
W49  0xE4   cls_dbg_occ            0x00000000
W53  0xF4   app_rx_bytes           0x85d37588
W54  0xF8   app_mismatch           0x65bfea19
W61  0x114  app_ctrl_stat_wu       0x00000000
W62  0x118  app_ctrl_rx_occ_bytes  0x00000000
SNAP_END MID_4 nff=0
MID_T 5 1791352320.607876729
SNAP_BEGIN MID_5 gen=62
W0   0x20   rx_stat_frames         0x02f36339
W5   0x34   gmii_free_FE           0xbdb4bec9
W22  0x78   rx_stat_pass_TCP       0x02f362bf
W27  0x8C   rxcdc_occ_max          0x00000006
W49  0xE4   cls_dbg_occ            0x00000000
W53  0xF4   app_rx_bytes           0x85d37588
W54  0xF8   app_mismatch           0x65bfea19
W61  0x114  app_ctrl_stat_wu       0x00000000
W62  0x118  app_ctrl_rx_occ_bytes  0x00000000
SNAP_END MID_5 nff=0
MID_T 6 1791352321.091660167
SNAP_BEGIN MID_6 gen=63
W0   0x20   rx_stat_frames         0x02f4fc84
W5   0x34   gmii_free_FE           0xc233bf0d
W22  0x78   rx_stat_pass_TCP       0x02f4fc09
W27  0x8C   rxcdc_occ_max          0x00000006
W49  0xE4   cls_dbg_occ            0x00000000
W53  0xF4   app_rx_bytes           0x8ece7370
W54  0xF8   app_mismatch           0x65bfea19
W61  0x114  app_ctrl_stat_wu       0x00000000
W62  0x118  app_ctrl_rx_occ_bytes  0x00000210
SNAP_END MID_6 nff=0
MID_T 7 1791352321.577646940
SNAP_BEGIN MID_7 gen=64
W0   0x20   rx_stat_frames         0x02f6d56c
W5   0x34   gmii_free_FE           0xc6ba4cc3
W22  0x78   rx_stat_pass_TCP       0x02f6d4f1
W27  0x8C   rxcdc_occ_max          0x00000006
W49  0xE4   cls_dbg_occ            0x00000000
W53  0xF4   app_rx_bytes           0x99307588
W54  0xF8   app_mismatch           0x65bfea19
W61  0x114  app_ctrl_stat_wu       0x00000000
W62  0x118  app_ctrl_rx_occ_bytes  0x00000000
SNAP_END MID_7 nff=0
MID_T 8 1791352322.063665062
SNAP_BEGIN MID_8 gen=65
W0   0x20   rx_stat_frames         0x02f8ae8e
W5   0x34   gmii_free_FE           0xcb415b89
W22  0x78   rx_stat_pass_TCP       0x02f8ae13
W27  0x8C   rxcdc_occ_max          0x00000006
W49  0xE4   cls_dbg_occ            0x00000000
W53  0xF4   app_rx_bytes           0xa3917588
W54  0xF8   app_mismatch           0x65bfea19
W61  0x114  app_ctrl_stat_wu       0x00000000
W62  0x118  app_ctrl_rx_occ_bytes  0x00000000
SNAP_END MID_8 nff=0
MID_T 9 1791352322.550013350
SNAP_BEGIN MID_9 gen=66
W0   0x20   rx_stat_frames         0x02fa876b
W5   0x34   gmii_free_FE           0xcfc8f8b6
W22  0x78   rx_stat_pass_TCP       0x02fa86f0
W27  0x8C   rxcdc_occ_max          0x00000006
W49  0xE4   cls_dbg_occ            0x00000000
W53  0xF4   app_rx_bytes           0xadf27588
W54  0xF8   app_mismatch           0x65bfea19
W61  0x114  app_ctrl_stat_wu       0x00000000
W62  0x118  app_ctrl_rx_occ_bytes  0x00000000
SNAP_END MID_9 nff=0
MID_T 10 1791352323.036290231
SNAP_BEGIN MID_10 gen=67
W0   0x20   rx_stat_frames         0x02fc6029
W5   0x34   gmii_free_FE           0xd4500efc
W22  0x78   rx_stat_pass_TCP       0x02fc5fae
W27  0x8C   rxcdc_occ_max          0x00000006
W49  0xE4   cls_dbg_occ            0x00000000
W53  0xF4   app_rx_bytes           0xb8537588
W54  0xF8   app_mismatch           0x65bfea19
W61  0x114  app_ctrl_stat_wu       0x00000000
W62  0x118  app_ctrl_rx_occ_bytes  0x00000000
SNAP_END MID_10 nff=0
MID_T 11 1791352323.522346212
SNAP_BEGIN MID_11 gen=68
W0   0x20   rx_stat_frames         0x02fe38d3
W5   0x34   gmii_free_FE           0xd8d6e65c
W22  0x78   rx_stat_pass_TCP       0x02fe3858
W27  0x8C   rxcdc_occ_max          0x00000006
W49  0xE4   cls_dbg_occ            0x00000000
W53  0xF4   app_rx_bytes           0xc2b37588
W54  0xF8   app_mismatch           0x65bfea19
W61  0x114  app_ctrl_stat_wu       0x00000000
W62  0x118  app_ctrl_rx_occ_bytes  0x00000000
SNAP_END MID_11 nff=0
MID_T 12 1791352324.008271659
SNAP_BEGIN MID_12 gen=69
W0   0x20   rx_stat_frames         0x030010eb
W5   0x34   gmii_free_FE           0xdd5d6a88
W22  0x78   rx_stat_pass_TCP       0x03001070
W27  0x8C   rxcdc_occ_max          0x00000006
W49  0xE4   cls_dbg_occ            0x00000000
W53  0xF4   app_rx_bytes           0xcd107588
W54  0xF8   app_mismatch           0x65bfea19
W61  0x114  app_ctrl_stat_wu       0x00000000
W62  0x118  app_ctrl_rx_occ_bytes  0x00000000
SNAP_END MID_12 nff=0
MID_T 13 1791352324.494166155
SNAP_BEGIN MID_13 gen=70
W0   0x20   rx_stat_frames         0x0301e87d
W5   0x34   gmii_free_FE           0xe1e4103c
W22  0x78   rx_stat_pass_TCP       0x0301e802
W27  0x8C   rxcdc_occ_max          0x00000006
W49  0xE4   cls_dbg_occ            0x00000000
W53  0xF4   app_rx_bytes           0xd76a7588
W54  0xF8   app_mismatch           0x65bfea19
W61  0x114  app_ctrl_stat_wu       0x00000000
W62  0x118  app_ctrl_rx_occ_bytes  0x00000000
SNAP_END MID_13 nff=0
MID_T 14 1791352324.980685716
SNAP_BEGIN MID_14 gen=71
W0   0x20   rx_stat_frames         0x0303c0cc
W5   0x34   gmii_free_FE           0xe66c0578
W22  0x78   rx_stat_pass_TCP       0x0303c051
W27  0x8C   rxcdc_occ_max          0x00000006
W49  0xE4   cls_dbg_occ            0x00000000
W53  0xF4   app_rx_bytes           0xe1c97588
W54  0xF8   app_mismatch           0x65bfea19
W61  0x114  app_ctrl_stat_wu       0x00000000
W62  0x118  app_ctrl_rx_occ_bytes  0x00000000
SNAP_END MID_14 nff=0
MID_T 15 1791352325.466599017
SNAP_BEGIN MID_15 gen=72
W0   0x20   rx_stat_frames         0x030598e5
W5   0x34   gmii_free_FE           0xeaf26b1c
W22  0x78   rx_stat_pass_TCP       0x0305986a
W27  0x8C   rxcdc_occ_max          0x00000006
W49  0xE4   cls_dbg_occ            0x00000006
W53  0xF4   app_rx_bytes           0xec279ff4
W54  0xF8   app_mismatch           0x65bfea19
W61  0x114  app_ctrl_stat_wu       0x00000000
W62  0x118  app_ctrl_rx_occ_bytes  0x00000570
SNAP_END MID_15 nff=0
MID_T 16 1791352325.952344723
SNAP_BEGIN MID_16 gen=73
W0   0x20   rx_stat_frames         0x030770f7
W5   0x34   gmii_free_FE           0xef787ef8
W22  0x78   rx_stat_pass_TCP       0x0307707c
W27  0x8C   rxcdc_occ_max          0x00000006
W49  0xE4   cls_dbg_occ            0x00000000
W53  0xF4   app_rx_bytes           0xf6857588
W54  0xF8   app_mismatch           0x65bfea19
W61  0x114  app_ctrl_stat_wu       0x00000000
W62  0x118  app_ctrl_rx_occ_bytes  0x00000000
SNAP_END MID_16 nff=0
MID_T 17 1791352326.438418689
SNAP_BEGIN MID_17 gen=74
W0   0x20   rx_stat_frames         0x03094962
W5   0x34   gmii_free_FE           0xf3ff8af4
W22  0x78   rx_stat_pass_TCP       0x030948e7
W27  0x8C   rxcdc_occ_max          0x00000006
W49  0xE4   cls_dbg_occ            0x00000000
W53  0xF4   app_rx_bytes           0x00e57588
W54  0xF8   app_mismatch           0x65bfea19
W61  0x114  app_ctrl_stat_wu       0x00000000
W62  0x118  app_ctrl_rx_occ_bytes  0x00000000
SNAP_END MID_17 nff=0
MID_T 18 1791352326.924730109
SNAP_BEGIN MID_18 gen=75
W0   0x20   rx_stat_frames         0x030b21b9
W5   0x34   gmii_free_FE           0xf886fe72
W22  0x78   rx_stat_pass_TCP       0x030b213e
W27  0x8C   rxcdc_occ_max          0x00000006
W49  0xE4   cls_dbg_occ            0x00000006
W53  0xF4   app_rx_bytes           0x0b453374
W54  0xF8   app_mismatch           0x65bfea19
W61  0x114  app_ctrl_stat_wu       0x00000000
W62  0x118  app_ctrl_rx_occ_bytes  0x00000570
SNAP_END MID_18 nff=0
MID_T 19 1791352327.410625317
SNAP_BEGIN MID_19 gen=76
W0   0x20   rx_stat_frames         0x030d11f8
W5   0x34   gmii_free_FE           0xfd0d6a60
W22  0x78   rx_stat_pass_TCP       0x030d117d
W27  0x8C   rxcdc_occ_max          0x00000006
W49  0xE4   cls_dbg_occ            0x00000000
W53  0xF4   app_rx_bytes           0x16277588
W54  0xF8   app_mismatch           0x65bfea19
W61  0x114  app_ctrl_stat_wu       0x00000000
W62  0x118  app_ctrl_rx_occ_bytes  0x00000000
SNAP_END MID_19 nff=0
MID_T 20 1791352327.896035450
SNAP_BEGIN MID_20 gen=77
W0   0x20   rx_stat_frames         0x030ee9d5
W5   0x34   gmii_free_FE           0x0192aa04
W22  0x78   rx_stat_pass_TCP       0x030ee95a
W27  0x8C   rxcdc_occ_max          0x00000006
W49  0xE4   cls_dbg_occ            0x00000006
W53  0xF4   app_rx_bytes           0x2085a588
W54  0xF8   app_mismatch           0x65bfea19
W61  0x114  app_ctrl_stat_wu       0x00000000
W62  0x118  app_ctrl_rx_occ_bytes  0x00000578
SNAP_END MID_20 nff=0
MID_T 21 1791352328.382040225
SNAP_BEGIN MID_21 gen=78
W0   0x20   rx_stat_frames         0x0310c185
W5   0x34   gmii_free_FE           0x06196b29
W22  0x78   rx_stat_pass_TCP       0x0310c10a
W27  0x8C   rxcdc_occ_max          0x00000006
W49  0xE4   cls_dbg_occ            0x00000000
W53  0xF4   app_rx_bytes           0x2ae07588
W54  0xF8   app_mismatch           0x65bfea19
W61  0x114  app_ctrl_stat_wu       0x00000000
W62  0x118  app_ctrl_rx_occ_bytes  0x00000000
SNAP_END MID_21 nff=0
MID_T 22 1791352328.867747499
SNAP_BEGIN MID_22 gen=79
W0   0x20   rx_stat_frames         0x031299ea
W5   0x34   gmii_free_FE           0x0a9fd388
W22  0x78   rx_stat_pass_TCP       0x0312996f
W27  0x8C   rxcdc_occ_max          0x00000006
W49  0xE4   cls_dbg_occ            0x00000006
W53  0xF4   app_rx_bytes           0x35408130
W54  0xF8   app_mismatch           0x65bfea19
W61  0x114  app_ctrl_stat_wu       0x00000000
W62  0x118  app_ctrl_rx_occ_bytes  0x00000578
SNAP_END MID_22 nff=0
MID_T 23 1791352329.353780728
SNAP_BEGIN MID_23 gen=80
W0   0x20   rx_stat_frames         0x031471e4
W5   0x34   gmii_free_FE           0x0f26b14f
W22  0x78   rx_stat_pass_TCP       0x03147169
W27  0x8C   rxcdc_occ_max          0x00000006
W49  0xE4   cls_dbg_occ            0x00000000
W53  0xF4   app_rx_bytes           0x3f9e7588
W54  0xF8   app_mismatch           0x65bfea19
W61  0x114  app_ctrl_stat_wu       0x00000000
W62  0x118  app_ctrl_rx_occ_bytes  0x00000000
SNAP_END MID_23 nff=0
MID_T 24 1791352329.839401340
SNAP_BEGIN MID_24 gen=81
W0   0x20   rx_stat_frames         0x0316497a
W5   0x34   gmii_free_FE           0x13ac12c7
W22  0x78   rx_stat_pass_TCP       0x031648ff
W27  0x8C   rxcdc_occ_max          0x00000006
W49  0xE4   cls_dbg_occ            0x00000000
W53  0xF4   app_rx_bytes           0x49f97588
W54  0xF8   app_mismatch           0x65bfea19
W61  0x114  app_ctrl_stat_wu       0x00000000
W62  0x118  app_ctrl_rx_occ_bytes  0x00000000
SNAP_END MID_24 nff=0
MID_T 25 1791352330.325600673
SNAP_BEGIN MID_25 gen=82
W0   0x20   rx_stat_frames         0x031821e2
W5   0x34   gmii_free_FE           0x18338b98
W22  0x78   rx_stat_pass_TCP       0x03182167
W27  0x8C   rxcdc_occ_max          0x00000006
W49  0xE4   cls_dbg_occ            0x00000006
W53  0xF4   app_rx_bytes           0x545a4478
W54  0xF8   app_mismatch           0x65bfea19
W61  0x114  app_ctrl_stat_wu       0x00000000
W62  0x118  app_ctrl_rx_occ_bytes  0x00000578
SNAP_END MID_25 nff=0
MID_T 26 1791352330.811102493
SNAP_BEGIN MID_26 gen=83
W0   0x20   rx_stat_frames         0x0319f997
W5   0x34   gmii_free_FE           0x1cb94534
W22  0x78   rx_stat_pass_TCP       0x0319f91c
W27  0x8C   rxcdc_occ_max          0x00000006
W49  0xE4   cls_dbg_occ            0x00000000
W53  0xF4   app_rx_bytes           0x5eb77588
W54  0xF8   app_mismatch           0x65bfea19
W61  0x114  app_ctrl_stat_wu       0x00000000
W62  0x118  app_ctrl_rx_occ_bytes  0x00000000
SNAP_END MID_26 nff=0
