PID_T 1791352194.983208257     PID %CPU COMMAND| 186593  4.0 sshd| 163407  2.7 htop|   2233  0.5 java|
PID_T 1791352195.998785784     PID %CPU COMMAND| 163407  2.7 htop| 186593  0.7 sshd|   2233  0.5 java|
PID_T 1791352197.016327552     PID %CPU COMMAND| 187267  100 p7b_tcp_src_fix| 163407  2.7 htop|   2233  0.5 java|
PID_T 1791352198.030548216     PID %CPU COMMAND| 187267  100 p7b_tcp_src_fix| 187288  100 ps| 163407  2.7 htop|
PID_T 1791352199.051113086     PID %CPU COMMAND| 187267  100 p7b_tcp_src_fix| 163407  2.7 htop| 187187  2.5 tcpdump|
PID_T 1791352200.065481837     PID %CPU COMMAND| 187267  100 p7b_tcp_src_fix| 187187  2.8 tcpdump| 163407  2.7 htop|
PID_T 1791352201.079549564     PID %CPU COMMAND| 187267  100 p7b_tcp_src_fix| 187187  3.0 tcpdump| 163407  2.7 htop|
PID_T 1791352202.093720465     PID %CPU COMMAND| 187267  100 p7b_tcp_src_fix| 187187  3.1 tcpdump| 163407  2.7 htop|
PID_T 1791352203.107656421     PID %CPU COMMAND| 187267  100 p7b_tcp_src_fix| 187187  3.2 tcpdump| 163407  2.7 htop|
PID_T 1791352204.122106333     PID %CPU COMMAND| 187267 99.8 p7b_tcp_src_fix| 187187  3.7 tcpdump| 163407  2.7 htop|
PID_T 1791352205.136357692     PID %CPU COMMAND| 187267  100 p7b_tcp_src_fix| 187187  3.8 tcpdump| 163407  2.7 htop|
PID_T 1791352206.150454204     PID %CPU COMMAND| 187267  100 p7b_tcp_src_fix| 187187  4.0 tcpdump| 163407  2.7 htop|
PID_T 1791352207.164807528     PID %CPU COMMAND| 187267 99.9 p7b_tcp_src_fix| 187187  4.0 tcpdump| 163407  2.7 htop|
PID_T 1791352208.178896626     PID %CPU COMMAND| 187267  100 p7b_tcp_src_fix| 187187  4.2 tcpdump| 163407  2.7 htop|
PID_T 1791352209.193446027     PID %CPU COMMAND| 163407  2.7 htop|   2233  0.5 java|     31  0.2 ksoftirqd/2|
PID_T 1791352210.210809683     PID %CPU COMMAND| 163407  2.7 htop|   2233  0.5 java|     31  0.2 ksoftirqd/2|
PID_T 1791352211.224047018     PID %CPU COMMAND| 163407  2.7 htop|   2233  0.5 java|     31  0.2 ksoftirqd/2|
PID_T 1791352212.241189173     PID %CPU COMMAND| 163407  2.7 htop|   2233  0.5 java|     31  0.2 ksoftirqd/2|
PID_T 1791352213.255730416     PID %CPU COMMAND| 163407  2.7 htop|   2233  0.5 java|     31  0.2 ksoftirqd/2|
PID_T 1791352214.270386876     PID %CPU COMMAND| 163407  2.7 htop|   2233  0.5 java|     31  0.2 ksoftirqd/2|
PID_T 1791352215.287297746     PID %CPU COMMAND| 163407  2.7 htop|   2233  0.5 java|     31  0.2 ksoftirqd/2|
PID_T 1791352216.299639683     PID %CPU COMMAND| 163407  2.7 htop|   2233  0.5 java|     31  0.2 ksoftirqd/2|
PID_T 1791352217.312416865     PID %CPU COMMAND| 163407  2.7 htop|   2233  0.5 java|     31  0.2 ksoftirqd/2|
PID_T 1791352218.328763451     PID %CPU COMMAND| 163407  2.7 htop|   2233  0.5 java|     31  0.2 ksoftirqd/2|
PID_T 1791352219.345051033     PID %CPU COMMAND| 163407  2.7 htop|   2233  0.5 java|     31  0.2 ksoftirqd/2|
PID_T 1791352220.358136033     PID %CPU COMMAND| 163407  2.7 htop|   2233  0.5 java|     31  0.2 ksoftirqd/2|
