PID_T 1791351985.525518451     PID %CPU COMMAND| 163407  2.7 htop|   2233  0.5 java|     31  0.2 ksoftirqd/2|
PID_T 1791351986.540010729     PID %CPU COMMAND| 163407  2.7 htop|   2233  0.5 java|     31  0.2 ksoftirqd/2|
PID_T 1791351987.554350946     PID %CPU COMMAND| 171409 93.7 p7b_tcp_src_fix| 163407  2.7 htop|   2233  0.5 java|
PID_T 1791351988.568374094     PID %CPU COMMAND| 171409 99.2 p7b_tcp_src_fix| 163407  2.7 htop|   2233  0.5 java|
PID_T 1791351989.583065356     PID %CPU COMMAND| 171409 99.5 p7b_tcp_src_fix| 163407  2.7 htop|   2233  0.5 java|
PID_T 1791351990.597559619     PID %CPU COMMAND| 171409 99.7 p7b_tcp_src_fix| 163407  2.7 htop|   2233  0.5 java|
PID_T 1791351991.612578404     PID %CPU COMMAND| 171409 99.5 p7b_tcp_src_fix| 163407  2.7 htop|   2233  0.5 java|
PID_T 1791351992.627399068     PID %CPU COMMAND| 171409 99.8 p7b_tcp_src_fix| 163407  2.7 htop|   2233  0.5 java|
PID_T 1791351993.641465684     PID %CPU COMMAND| 171409 99.6 p7b_tcp_src_fix| 163407  2.7 htop|   2233  0.5 java|
PID_T 1791351994.655999374     PID %CPU COMMAND| 171409 99.8 p7b_tcp_src_fix| 163407  2.7 htop|   2233  0.5 java|
PID_T 1791351995.670393076     PID %CPU COMMAND| 171409 99.8 p7b_tcp_src_fix| 163407  2.7 htop|   2233  0.5 java|
PID_T 1791351996.685133460     PID %CPU COMMAND| 171409  100 p7b_tcp_src_fix| 163407  2.7 htop|   2233  0.5 java|
PID_T 1791351997.699211761     PID %CPU COMMAND| 171409 99.9 p7b_tcp_src_fix| 163407  2.7 htop|   2233  0.5 java|
PID_T 1791351998.713354236     PID %CPU COMMAND| 171409 99.9 p7b_tcp_src_fix| 163407  2.7 htop|   2233  0.5 java|
PID_T 1791351999.728446589     PID %CPU COMMAND| 163407  2.7 htop|   2233  0.5 java|     31  0.2 ksoftirqd/2|
PID_T 1791352000.745528653     PID %CPU COMMAND| 163407  2.7 htop|   2233  0.5 java|     31  0.2 ksoftirqd/2|
PID_T 1791352001.759693308     PID %CPU COMMAND| 163407  2.7 htop|   2233  0.5 java|     31  0.2 ksoftirqd/2|
PID_T 1791352002.776922765     PID %CPU COMMAND| 163407  2.7 htop|   2233  0.5 java|     31  0.2 ksoftirqd/2|
PID_T 1791352003.795109284     PID %CPU COMMAND| 163407  2.7 htop|   2233  0.5 java|     31  0.2 ksoftirqd/2|
PID_T 1791352004.809019255     PID %CPU COMMAND| 172952 95.6 p7b_tcp_src_fix| 163407  2.7 htop|   2233  0.5 java|
PID_T 1791352005.823512070     PID %CPU COMMAND| 172952 99.2 p7b_tcp_src_fix| 163407  2.7 htop|   2233  0.5 java|
PID_T 1791352006.838995105     PID %CPU COMMAND| 172952  100 p7b_tcp_src_fix| 163407  2.7 htop|   2233  0.5 java|
PID_T 1791352007.852560283     PID %CPU COMMAND| 172952 99.6 p7b_tcp_src_fix| 163407  2.7 htop|   2233  0.5 java|
PID_T 1791352008.866694380     PID %CPU COMMAND| 172952  100 p7b_tcp_src_fix| 163407  2.7 htop|   2233  0.5 java|
PID_T 1791352009.882238756     PID %CPU COMMAND| 172952  100 p7b_tcp_src_fix| 163407  2.7 htop|   2233  0.5 java|
PID_T 1791352010.897362791     PID %CPU COMMAND| 172952  100 p7b_tcp_src_fix| 163407  2.7 htop|   2233  0.5 java|
