PID_T 1791352002.862209678     PID %CPU COMMAND| 163407  2.7 htop|   2233  0.5 java|     31  0.2 ksoftirqd/2|
PID_T 1791352003.876727275     PID %CPU COMMAND| 163407  2.7 htop|   2233  0.5 java|     31  0.2 ksoftirqd/2|
PID_T 1791352004.897874417     PID %CPU COMMAND| 172952  100 p7b_tcp_src_fix| 163407  2.7 htop|   2233  0.5 java|
PID_T 1791352005.912129905     PID %CPU COMMAND| 172952 99.2 p7b_tcp_src_fix| 163407  2.7 htop|   2233  0.5 java|
PID_T 1791352006.926671963     PID %CPU COMMAND| 172952 99.5 p7b_tcp_src_fix| 163407  2.7 htop|   2233  0.5 java|
PID_T 1791352007.940192855     PID %CPU COMMAND| 172952  100 p7b_tcp_src_fix| 163407  2.7 htop|   2233  0.5 java|
PID_T 1791352008.955274443     PID %CPU COMMAND| 172952 99.7 p7b_tcp_src_fix| 163407  2.7 htop|   2233  0.5 java|
PID_T 1791352009.969909042     PID %CPU COMMAND| 172952  100 p7b_tcp_src_fix| 163407  2.7 htop|   2233  0.5 java|
PID_T 1791352010.987846058     PID %CPU COMMAND| 172952  100 p7b_tcp_src_fix| 163407  2.7 htop|   2233  0.5 java|
PID_T 1791352012.002132245     PID %CPU COMMAND| 172952 99.8 p7b_tcp_src_fix| 163407  2.7 htop|   2233  0.5 java|
PID_T 1791352013.017080416     PID %CPU COMMAND| 172952  100 p7b_tcp_src_fix| 163407  2.7 htop|   2233  0.5 java|
PID_T 1791352014.031593987     PID %CPU COMMAND| 172952 99.8 p7b_tcp_src_fix| 163407  2.7 htop|   2233  0.5 java|
PID_T 1791352015.046444371     PID %CPU COMMAND| 172952 99.9 p7b_tcp_src_fix| 163407  2.7 htop|   2233  0.5 java|
PID_T 1791352016.061922136     PID %CPU COMMAND| 172952 99.9 p7b_tcp_src_fix| 163407  2.7 htop|   2233  0.5 java|
PID_T 1791352017.077616723     PID %CPU COMMAND| 163407  2.7 htop|   2233  0.5 java|     31  0.2 ksoftirqd/2|
PID_T 1791352018.092129217     PID %CPU COMMAND| 163407  2.7 htop|   2233  0.5 java|     31  0.2 ksoftirqd/2|
PID_T 1791352019.106113328     PID %CPU COMMAND| 163407  2.7 htop|   2233  0.5 java|     31  0.2 ksoftirqd/2|
PID_T 1791352020.123362485     PID %CPU COMMAND| 163407  2.7 htop|   2233  0.5 java|     31  0.2 ksoftirqd/2|
PID_T 1791352021.137473220     PID %CPU COMMAND| 163407  2.7 htop|   2233  0.5 java|     31  0.2 ksoftirqd/2|
PID_T 1791352022.151688592     PID %CPU COMMAND| 174495  100 p7b_tcp_src_fix| 163407  2.7 htop|   2233  0.5 java|
PID_T 1791352023.165491228     PID %CPU COMMAND| 174495 99.2 p7b_tcp_src_fix| 163407  2.7 htop|   2233  0.5 java|
PID_T 1791352024.179718668     PID %CPU COMMAND| 174495  100 p7b_tcp_src_fix| 163407  2.7 htop|   2233  0.5 java|
PID_T 1791352025.193541352     PID %CPU COMMAND| 174495  100 p7b_tcp_src_fix| 163407  2.7 htop|   2233  0.5 java|
PID_T 1791352026.207942287     PID %CPU COMMAND| 174495  100 p7b_tcp_src_fix| 163407  2.7 htop|   2233  0.5 java|
PID_T 1791352027.221983706     PID %CPU COMMAND| 174495  100 p7b_tcp_src_fix| 163407  2.7 htop|   2233  0.5 java|
PID_T 1791352028.236326954     PID %CPU COMMAND| 174495  100 p7b_tcp_src_fix| 163407  2.7 htop| 174403  0.6 tcpdump|
