PID_T 1791352020.198108346     PID %CPU COMMAND| 163407  2.7 htop|   2233  0.5 java|     31  0.2 ksoftirqd/2|
PID_T 1791352021.212789950     PID %CPU COMMAND| 163407  2.7 htop|   2233  0.5 java|     31  0.2 ksoftirqd/2|
PID_T 1791352022.228287909     PID %CPU COMMAND| 174495  100 p7b_tcp_src_fix| 163407  2.7 htop|   2233  0.5 java|
PID_T 1791352023.241576117     PID %CPU COMMAND| 174495 99.2 p7b_tcp_src_fix| 163407  2.7 htop|   2233  0.5 java|
PID_T 1791352024.255685278     PID %CPU COMMAND| 174495  100 p7b_tcp_src_fix| 163407  2.7 htop|   2233  0.5 java|
PID_T 1791352025.270080805     PID %CPU COMMAND| 174495  100 p7b_tcp_src_fix| 163407  2.7 htop|   2233  0.5 java|
PID_T 1791352026.284241652     PID %CPU COMMAND| 174495  100 p7b_tcp_src_fix| 163407  2.7 htop|   2233  0.5 java|
PID_T 1791352027.310925213     PID %CPU COMMAND| 174495 99.8 p7b_tcp_src_fix| 163407  2.7 htop|   2233  0.5 java|
PID_T 1791352028.325373377     PID %CPU COMMAND| 174495 99.8 p7b_tcp_src_fix| 163407  2.7 htop| 174403  0.6 tcpdump|
PID_T 1791352029.339825937     PID %CPU COMMAND| 174495  100 p7b_tcp_src_fix| 163407  2.7 htop| 174403  0.6 tcpdump|
PID_T 1791352030.354378908     PID %CPU COMMAND| 174495 99.8 p7b_tcp_src_fix| 163407  2.7 htop| 174403  0.9 tcpdump|
PID_T 1791352031.368051112     PID %CPU COMMAND| 174495  100 p7b_tcp_src_fix| 163407  2.7 htop| 174403  0.8 tcpdump|
PID_T 1791352032.381591300     PID %CPU COMMAND| 174495  100 p7b_tcp_src_fix| 163407  2.7 htop| 174403  0.8 tcpdump|
PID_T 1791352033.396264970     PID %CPU COMMAND| 174495  100 p7b_tcp_src_fix| 163407  2.7 htop| 174403  0.7 tcpdump|
PID_T 1791352034.410793493     PID %CPU COMMAND| 163407  2.7 htop|   2233  0.5 java|     31  0.2 ksoftirqd/2|
PID_T 1791352035.424128377     PID %CPU COMMAND| 163407  2.7 htop|   2233  0.5 java|     31  0.2 ksoftirqd/2|
PID_T 1791352036.441347488     PID %CPU COMMAND| 163407  2.7 htop|   2233  0.5 java|     31  0.2 ksoftirqd/2|
PID_T 1791352037.458355045     PID %CPU COMMAND| 163407  2.7 htop|   2233  0.5 java|     31  0.2 ksoftirqd/2|
PID_T 1791352038.474935429     PID %CPU COMMAND| 163407  2.7 htop|   2233  0.5 java|     31  0.2 ksoftirqd/2|
PID_T 1791352039.488371308     PID %CPU COMMAND| 176037  100 p7b_tcp_src_fix| 163407  2.7 htop|   2233  0.5 java|
PID_T 1791352040.501921273     PID %CPU COMMAND| 176037 99.2 p7b_tcp_src_fix| 163407  2.7 htop|   2233  0.5 java|
PID_T 1791352041.515883592     PID %CPU COMMAND| 176037  100 p7b_tcp_src_fix| 163407  2.7 htop|   2233  0.5 java|
PID_T 1791352042.529441303     PID %CPU COMMAND| 176037  100 p7b_tcp_src_fix| 163407  2.7 htop| 175945  0.6 tcpdump|
PID_T 1791352043.542770088     PID %CPU COMMAND| 176037 99.7 p7b_tcp_src_fix| 163407  2.7 htop| 175945  0.6 tcpdump|
PID_T 1791352044.555937954     PID %CPU COMMAND| 176037  100 p7b_tcp_src_fix| 163407  2.7 htop| 175945  0.7 tcpdump|
PID_T 1791352045.569498777     PID %CPU COMMAND| 176037 99.8 p7b_tcp_src_fix| 163407  2.7 htop| 175945  0.6 tcpdump|
