PID_T 1791352130.099076971     PID %CPU COMMAND| 163407  2.7 htop|   2233  0.5 java|     31  0.2 ksoftirqd/2|
PID_T 1791352131.113457691     PID %CPU COMMAND| 163407  2.7 htop|   2233  0.5 java|     31  0.2 ksoftirqd/2|
PID_T 1791352132.128849067     PID %CPU COMMAND| 183818  103 p7b_tcp_src_fix| 163407  2.7 htop| 183726  2.1 tcpdump|
PID_T 1791352133.142584703     PID %CPU COMMAND| 183818 99.2 p7b_tcp_src_fix| 183726  2.7 tcpdump| 163407  2.7 htop|
PID_T 1791352134.157644376     PID %CPU COMMAND| 183818  100 p7b_tcp_src_fix| 183726  3.1 tcpdump| 163407  2.7 htop|
PID_T 1791352135.180671959     PID %CPU COMMAND| 183818  100 p7b_tcp_src_fix| 183726  3.2 tcpdump| 163407  2.7 htop|
PID_T 1791352136.196055785     PID %CPU COMMAND| 183818  100 p7b_tcp_src_fix| 183726  3.3 tcpdump| 163407  2.7 htop|
PID_T 1791352137.216661700     PID %CPU COMMAND| 183818  100 p7b_tcp_src_fix| 183726  3.4 tcpdump| 163407  2.7 htop|
PID_T 1791352138.259674212     PID %CPU COMMAND| 183818 99.8 p7b_tcp_src_fix| 183726  3.5 tcpdump| 163407  2.7 htop|
PID_T 1791352139.275933683     PID %CPU COMMAND| 183818  100 p7b_tcp_src_fix| 183726  3.6 tcpdump| 163407  2.7 htop|
PID_T 1791352140.296431092     PID %CPU COMMAND| 183818  100 p7b_tcp_src_fix| 183726  3.8 tcpdump| 163407  2.7 htop|
PID_T 1791352141.319104820     PID %CPU COMMAND| 183818  100 p7b_tcp_src_fix| 183726  3.9 tcpdump| 163407  2.7 htop|
PID_T 1791352142.336142913     PID %CPU COMMAND| 183818  100 p7b_tcp_src_fix| 183726  3.9 tcpdump| 163407  2.7 htop|
PID_T 1791352143.351233571     PID %CPU COMMAND| 183818  100 p7b_tcp_src_fix| 183726  3.9 tcpdump| 163407  2.7 htop|
PID_T 1791352144.371213274     PID %CPU COMMAND| 163407  2.7 htop|   2233  0.5 java|     31  0.2 ksoftirqd/2|
PID_T 1791352145.385757642     PID %CPU COMMAND| 163407  2.7 htop|   2233  0.5 java|     31  0.2 ksoftirqd/2|
PID_T 1791352146.401121997     PID %CPU COMMAND| 163407  2.7 htop|   2233  0.5 java|     31  0.2 ksoftirqd/2|
PID_T 1791352147.418092795     PID %CPU COMMAND| 163407  2.7 htop|   2233  0.5 java|     31  0.2 ksoftirqd/2|
PID_T 1791352148.432841514     PID %CPU COMMAND| 163407  2.7 htop|   2233  0.5 java|     31  0.2 ksoftirqd/2|
PID_T 1791352149.449978435     PID %CPU COMMAND| 185360  107 p7b_tcp_src_fix| 163407  2.7 htop|   2233  0.5 java|
PID_T 1791352150.470474458     PID %CPU COMMAND| 185360  100 p7b_tcp_src_fix| 185394  100 ps| 185268  2.8 tcpdump|
PID_T 1791352151.490843400     PID %CPU COMMAND| 185360  100 p7b_tcp_src_fix| 185268  2.8 tcpdump| 163407  2.7 htop|
PID_T 1791352152.508218558     PID %CPU COMMAND| 185360  100 p7b_tcp_src_fix| 185268  3.6 tcpdump| 163407  2.7 htop|
PID_T 1791352153.528511224     PID %CPU COMMAND| 185360  100 p7b_tcp_src_fix| 185268  3.7 tcpdump| 163407  2.7 htop|
PID_T 1791352154.543771405     PID %CPU COMMAND| 185360  100 p7b_tcp_src_fix| 185268  3.7 tcpdump| 163407  2.7 htop|
PID_T 1791352155.563451732     PID %CPU COMMAND| 185360  100 p7b_tcp_src_fix| 185268  3.7 tcpdump| 163407  2.7 htop|
