PID_T 1791351613.247263206     PID %CPU COMMAND| 165535  4.3 sshd| 163407  2.7 htop|   2233  0.5 java|
PID_T 1791351614.262752158     PID %CPU COMMAND| 163407  2.7 htop| 165535  0.8 sshd|   2233  0.5 java|
PID_T 1791351615.280114101     PID %CPU COMMAND| 166208  100 p7b_tcp_src_fix| 163407  2.7 htop|   2233  0.5 java|
PID_T 1791351616.294792312     PID %CPU COMMAND| 166208  100 p7b_tcp_src_fix| 166129  2.7 tcpdump| 163407  2.7 htop|
PID_T 1791351617.315181717     PID %CPU COMMAND| 166208  100 p7b_tcp_src_fix| 166129  3.3 tcpdump| 163407  2.7 htop|
PID_T 1791351618.334913559     PID %CPU COMMAND| 166208 99.7 p7b_tcp_src_fix| 166129  3.4 tcpdump| 163407  2.7 htop|
PID_T 1791351619.354702552     PID %CPU COMMAND| 166208  100 p7b_tcp_src_fix| 166129  3.7 tcpdump| 163407  2.7 htop|
PID_T 1791351620.383467143     PID %CPU COMMAND| 166208  100 p7b_tcp_src_fix| 166129  3.8 tcpdump| 163407  2.7 htop|
PID_T 1791351621.411698565     PID %CPU COMMAND| 166208 99.8 p7b_tcp_src_fix| 166129  4.2 tcpdump| 163407  2.7 htop|
PID_T 1791351622.427693599     PID %CPU COMMAND| 166208  100 p7b_tcp_src_fix| 166129  4.4 tcpdump| 163407  2.7 htop|
PID_T 1791351623.442584325     PID %CPU COMMAND| 166208 99.8 p7b_tcp_src_fix| 166129  4.3 tcpdump| 163407  2.7 htop|
PID_T 1791351624.457144713     PID %CPU COMMAND| 166208  100 p7b_tcp_src_fix| 166129  4.4 tcpdump| 163407  2.7 htop|
PID_T 1791351625.471764747     PID %CPU COMMAND| 166208  100 p7b_tcp_src_fix| 166383  100 ps| 166129  4.4 tcpdump|
PID_T 1791351626.500393275     PID %CPU COMMAND| 166208  100 p7b_tcp_src_fix| 166129  4.3 tcpdump| 163407  2.7 htop|
PID_T 1791351627.519912010     PID %CPU COMMAND| 163407  2.7 htop|   2233  0.5 java|     31  0.2 ksoftirqd/2|
PID_T 1791351628.533816948     PID %CPU COMMAND| 163407  2.7 htop|   2233  0.5 java|     31  0.2 ksoftirqd/2|
PID_T 1791351629.550916939     PID %CPU COMMAND| 163407  2.7 htop|   2233  0.5 java|     31  0.2 ksoftirqd/2|
PID_T 1791351630.568004572     PID %CPU COMMAND| 163407  2.7 htop|   2233  0.5 java|     31  0.2 ksoftirqd/2|
PID_T 1791351631.584170675     PID %CPU COMMAND| 163407  2.7 htop|   2233  0.5 java|     31  0.2 ksoftirqd/2|
PID_T 1791351632.600997296     PID %CPU COMMAND| 167031  100 ps| 163407  2.7 htop|   2233  0.5 java|
PID_T 1791351633.618815029     PID %CPU COMMAND| 163407  2.7 htop|   2233  0.5 java|     31  0.2 ksoftirqd/2|
PID_T 1791351634.635852854     PID %CPU COMMAND| 163407  2.7 htop|   2233  0.5 java|     31  0.2 ksoftirqd/2|
PID_T 1791351635.653625794     PID %CPU COMMAND| 163407  2.7 htop|   2233  0.5 java|     31  0.2 ksoftirqd/2|
PID_T 1791351636.671566728     PID %CPU COMMAND| 167083  100 ps| 163407  2.7 htop|   2233  0.5 java|
PID_T 1791351637.688543163     PID %CPU COMMAND| 163407  2.7 htop|   2233  0.5 java|     31  0.2 ksoftirqd/2|
PID_T 1791351638.704536807     PID %CPU COMMAND| 163407  2.7 htop|   2233  0.5 java|     31  0.2 ksoftirqd/2|
