PID_T 1791351968.188621029     PID %CPU COMMAND| 163407  2.7 htop|   2233  0.5 java|     31  0.2 ksoftirqd/2|
PID_T 1791351969.203191273     PID %CPU COMMAND| 163407  2.7 htop|   2233  0.5 java|     31  0.2 ksoftirqd/2|
PID_T 1791351970.219130217     PID %CPU COMMAND| 169867  100 p7b_tcp_src_fix| 163407  2.7 htop|   2233  0.5 java|
PID_T 1791351971.233713889     PID %CPU COMMAND| 169867 99.2 p7b_tcp_src_fix| 163407  2.7 htop| 169775  2.4 tcpdump|
PID_T 1791351972.248515574     PID %CPU COMMAND| 169867  100 p7b_tcp_src_fix| 169775  3.3 tcpdump| 163407  2.7 htop|
PID_T 1791351973.275781236     PID %CPU COMMAND| 169867  100 p7b_tcp_src_fix| 169775  3.4 tcpdump| 163407  2.7 htop|
PID_T 1791351974.291117577     PID %CPU COMMAND| 169867  100 p7b_tcp_src_fix| 169775  3.5 tcpdump| 163407  2.7 htop|
PID_T 1791351975.306907292     PID %CPU COMMAND| 169867  100 p7b_tcp_src_fix| 169775  3.6 tcpdump| 163407  2.7 htop|
PID_T 1791351976.321500013     PID %CPU COMMAND| 169867  100 p7b_tcp_src_fix| 169775  3.7 tcpdump| 163407  2.7 htop|
PID_T 1791351977.341571540     PID %CPU COMMAND| 169867  100 p7b_tcp_src_fix| 169775  3.7 tcpdump| 163407  2.7 htop|
PID_T 1791351978.356425627     PID %CPU COMMAND| 169867  100 p7b_tcp_src_fix| 169775  4.1 tcpdump| 163407  2.7 htop|
PID_T 1791351979.376461881     PID %CPU COMMAND| 169867 99.8 p7b_tcp_src_fix| 169775  4.0 tcpdump| 163407  2.7 htop|
PID_T 1791351980.391032251     PID %CPU COMMAND| 169867  100 p7b_tcp_src_fix| 170147  100 ps| 169775  4.0 tcpdump|
PID_T 1791351981.418929868     PID %CPU COMMAND| 169867  100 p7b_tcp_src_fix| 169775  4.1 tcpdump| 163407  2.7 htop|
PID_T 1791351982.433422930     PID %CPU COMMAND| 163407  2.7 htop|   2233  0.5 java|     31  0.2 ksoftirqd/2|
PID_T 1791351983.447531643     PID %CPU COMMAND| 163407  2.7 htop|   2233  0.5 java|     31  0.2 ksoftirqd/2|
PID_T 1791351984.465203641     PID %CPU COMMAND| 163407  2.7 htop|   2233  0.5 java|     31  0.2 ksoftirqd/2|
PID_T 1791351985.482240787     PID %CPU COMMAND| 163407  2.7 htop|   2233  0.5 java|     31  0.2 ksoftirqd/2|
PID_T 1791351986.496661416     PID %CPU COMMAND| 163407  2.7 htop|   2233  0.5 java|     31  0.2 ksoftirqd/2|
PID_T 1791351987.511608877     PID %CPU COMMAND| 171409 92.8 p7b_tcp_src_fix| 163407  2.7 htop|   2233  0.5 java|
PID_T 1791351988.526173577     PID %CPU COMMAND| 171409 99.2 p7b_tcp_src_fix| 163407  2.7 htop|   2233  0.5 java|
PID_T 1791351989.540605016     PID %CPU COMMAND| 171409  100 p7b_tcp_src_fix| 163407  2.7 htop|   2233  0.5 java|
PID_T 1791351990.555149692     PID %CPU COMMAND| 171409 99.6 p7b_tcp_src_fix| 163407  2.7 htop|   2233  0.5 java|
PID_T 1791351991.569679113     PID %CPU COMMAND| 171409 99.7 p7b_tcp_src_fix| 163407  2.7 htop|   2233  0.5 java|
PID_T 1791351992.584335776     PID %CPU COMMAND| 171409 99.8 p7b_tcp_src_fix| 163407  2.7 htop|   2233  0.5 java|
PID_T 1791351993.599018355     PID %CPU COMMAND| 171409 99.8 p7b_tcp_src_fix| 163407  2.7 htop|   2233  0.5 java|
