PID_T 1791352112.759241721     PID %CPU COMMAND| 163407  2.7 htop|   2233  0.5 java|     31  0.2 ksoftirqd/2|
PID_T 1791352113.774363690     PID %CPU COMMAND| 163407  2.7 htop|   2233  0.5 java|     31  0.2 ksoftirqd/2|
PID_T 1791352114.787435437     PID %CPU COMMAND| 182275  100 p7b_tcp_src_fix| 163407  2.7 htop|   2233  0.5 java|
PID_T 1791352115.801095374     PID %CPU COMMAND| 182275 99.2 p7b_tcp_src_fix| 163407  2.7 htop|   2233  0.5 java|
PID_T 1791352116.816601631     PID %CPU COMMAND| 182275  100 p7b_tcp_src_fix| 163407  2.7 htop|   2233  0.5 java|
PID_T 1791352117.833548068     PID %CPU COMMAND| 182275 99.7 p7b_tcp_src_fix| 163407  2.7 htop| 182183  0.8 tcpdump|
PID_T 1791352118.848744693     PID %CPU COMMAND| 182275  100 p7b_tcp_src_fix| 163407  2.7 htop| 182183  0.6 tcpdump|
PID_T 1791352119.863250378     PID %CPU COMMAND| 182275  100 p7b_tcp_src_fix| 163407  2.7 htop| 182183  0.8 tcpdump|
PID_T 1791352120.877476667     PID %CPU COMMAND| 182275 99.8 p7b_tcp_src_fix| 163407  2.7 htop| 182183  0.7 tcpdump|
PID_T 1791352121.891001937     PID %CPU COMMAND| 182275 99.8 p7b_tcp_src_fix| 163407  2.7 htop| 182183  0.7 tcpdump|
PID_T 1791352122.904994540     PID %CPU COMMAND| 182275  100 p7b_tcp_src_fix| 163407  2.7 htop| 182183  0.9 tcpdump|
PID_T 1791352123.922368582     PID %CPU COMMAND| 182275  100 p7b_tcp_src_fix| 163407  2.7 htop| 182183  0.9 tcpdump|
PID_T 1791352124.937068069     PID %CPU COMMAND| 182275  100 p7b_tcp_src_fix| 163407  2.7 htop| 182183  0.9 tcpdump|
PID_T 1791352125.951274042     PID %CPU COMMAND| 182275 99.9 p7b_tcp_src_fix| 163407  2.7 htop| 182183  0.9 tcpdump|
PID_T 1791352126.966580607     PID %CPU COMMAND| 163407  2.7 htop|   2233  0.5 java|     31  0.2 ksoftirqd/2|
PID_T 1791352127.983848893     PID %CPU COMMAND| 163407  2.7 htop|   2233  0.5 java|     31  0.2 ksoftirqd/2|
PID_T 1791352129.001059385     PID %CPU COMMAND| 163407  2.7 htop|   2233  0.5 java|     31  0.2 ksoftirqd/2|
PID_T 1791352130.018189860     PID %CPU COMMAND| 163407  2.7 htop|   2233  0.5 java|     31  0.2 ksoftirqd/2|
PID_T 1791352131.036430019     PID %CPU COMMAND| 163407  2.7 htop|   2233  0.5 java|     31  0.2 ksoftirqd/2|
PID_T 1791352132.050874569     PID %CPU COMMAND| 183818  100 p7b_tcp_src_fix| 163407  2.7 htop| 183726  1.1 tcpdump|
PID_T 1791352133.071631403     PID %CPU COMMAND| 183818  100 p7b_tcp_src_fix| 183726  2.8 tcpdump| 163407  2.7 htop|
PID_T 1791352134.087819654     PID %CPU COMMAND| 183818  100 p7b_tcp_src_fix| 183726  3.1 tcpdump| 163407  2.7 htop|
PID_T 1791352135.102110435     PID %CPU COMMAND| 183818  100 p7b_tcp_src_fix| 183726  3.1 tcpdump| 163407  2.7 htop|
PID_T 1791352136.117248607     PID %CPU COMMAND| 183818  100 p7b_tcp_src_fix| 183726  3.4 tcpdump| 163407  2.7 htop|
PID_T 1791352137.131607952     PID %CPU COMMAND| 183818  100 p7b_tcp_src_fix| 183726  3.5 tcpdump| 163407  2.7 htop|
PID_T 1791352138.146541079     PID %CPU COMMAND| 183818  100 p7b_tcp_src_fix| 183726  3.5 tcpdump| 163407  2.7 htop|
