PID_T 1791352147.435568989     PID %CPU COMMAND| 163407  2.7 htop|   2233  0.5 java|     31  0.2 ksoftirqd/2|
PID_T 1791352148.450359578     PID %CPU COMMAND| 163407  2.7 htop|   2233  0.5 java|     31  0.2 ksoftirqd/2|
PID_T 1791352149.463756170     PID %CPU COMMAND| 185360  100 p7b_tcp_src_fix| 163407  2.7 htop|   2233  0.5 java|
PID_T 1791352150.478057901     PID %CPU COMMAND| 185360  100 p7b_tcp_src_fix| 185268  2.8 tcpdump| 163407  2.7 htop|
PID_T 1791352151.492576434     PID %CPU COMMAND| 185360  100 p7b_tcp_src_fix| 185268  2.8 tcpdump| 163407  2.7 htop|
PID_T 1791352152.513115963     PID %CPU COMMAND| 185360  100 p7b_tcp_src_fix| 185268  3.6 tcpdump| 163407  2.7 htop|
PID_T 1791352153.528779152     PID %CPU COMMAND| 185360  100 p7b_tcp_src_fix| 185268  3.7 tcpdump| 163407  2.7 htop|
PID_T 1791352154.544027726     PID %CPU COMMAND| 185360  100 p7b_tcp_src_fix| 185268  3.7 tcpdump| 163407  2.7 htop|
PID_T 1791352155.558624729     PID %CPU COMMAND| 185360  100 p7b_tcp_src_fix| 185268  3.7 tcpdump| 163407  2.7 htop|
PID_T 1791352156.573400337     PID %CPU COMMAND| 185360  100 p7b_tcp_src_fix| 185268  3.9 tcpdump| 163407  2.7 htop|
PID_T 1791352157.587410797     PID %CPU COMMAND| 185360  100 p7b_tcp_src_fix| 185268  4.0 tcpdump| 163407  2.7 htop|
PID_T 1791352158.601274776     PID %CPU COMMAND| 185360  100 p7b_tcp_src_fix| 185268  4.0 tcpdump| 163407  2.7 htop|
PID_T 1791352159.615454068     PID %CPU COMMAND| 185360  100 p7b_tcp_src_fix| 185268  4.0 tcpdump| 163407  2.7 htop|
PID_T 1791352160.630910077     PID %CPU COMMAND| 185360  100 p7b_tcp_src_fix| 185268  3.9 tcpdump| 163407  2.7 htop|
PID_T 1791352161.646454447     PID %CPU COMMAND| 163407  2.7 htop|   2233  0.5 java|     31  0.2 ksoftirqd/2|
PID_T 1791352162.664156141     PID %CPU COMMAND| 163407  2.7 htop|   2233  0.5 java|     31  0.2 ksoftirqd/2|
PID_T 1791352163.681234732     PID %CPU COMMAND| 163407  2.7 htop|   2233  0.5 java|     31  0.2 ksoftirqd/2|
PID_T 1791352164.698027033     PID %CPU COMMAND| 163407  2.7 htop|   2233  0.5 java|     31  0.2 ksoftirqd/2|
PID_T 1791352165.715367531     PID %CPU COMMAND| 163407  2.7 htop|   2233  0.5 java|     31  0.2 ksoftirqd/2|
PID_T 1791352166.733468087     PID %CPU COMMAND| 163407  2.7 htop|   2233  0.5 java|     31  0.2 ksoftirqd/2|
PID_T 1791352167.751354228     PID %CPU COMMAND| 163407  2.7 htop|   2233  0.5 java|     31  0.2 ksoftirqd/2|
PID_T 1791352168.768087502     PID %CPU COMMAND| 163407  2.7 htop|   2233  0.5 java|     31  0.2 ksoftirqd/2|
PID_T 1791352169.784942938     PID %CPU COMMAND| 163407  2.7 htop|   2233  0.5 java|     31  0.2 ksoftirqd/2|
PID_T 1791352170.801800749     PID %CPU COMMAND| 186346  100 ps| 163407  2.7 htop|   2233  0.5 java|
PID_T 1791352171.820741749     PID %CPU COMMAND| 163407  2.7 htop|   2233  0.5 java|     31  0.2 ksoftirqd/2|
PID_T 1791352172.837984385     PID %CPU COMMAND| 163407  2.7 htop|   2233  0.5 java|     31  0.2 ksoftirqd/2|
