PID_T 1791351950.852663673     PID %CPU COMMAND| 167764  4.1 sshd| 163407  2.7 htop|   2233  0.5 java|
PID_T 1791351951.868526203     PID %CPU COMMAND| 163407  2.7 htop| 167764  0.8 sshd|   2233  0.5 java|
PID_T 1791351952.885649581     PID %CPU COMMAND| 168437  100 p7b_tcp_src_fix| 163407  2.7 htop|   2233  0.5 java|
PID_T 1791351953.900367443     PID %CPU COMMAND| 168437  100 p7b_tcp_src_fix| 163407  2.7 htop| 168358  2.0 tcpdump|
PID_T 1791351954.915077582     PID %CPU COMMAND| 168437  100 p7b_tcp_src_fix| 168358  3.0 tcpdump| 163407  2.7 htop|
PID_T 1791351955.929944690     PID %CPU COMMAND| 168437  100 p7b_tcp_src_fix| 168358  3.2 tcpdump| 163407  2.7 htop|
PID_T 1791351956.944414850     PID %CPU COMMAND| 168437 99.7 p7b_tcp_src_fix| 168358  3.7 tcpdump| 163407  2.7 htop|
PID_T 1791351957.959081708     PID %CPU COMMAND| 168437  100 p7b_tcp_src_fix| 168358  3.9 tcpdump| 163407  2.7 htop|
PID_T 1791351958.972932748     PID %CPU COMMAND| 168437 99.8 p7b_tcp_src_fix| 168358  4.0 tcpdump| 163407  2.7 htop|
PID_T 1791351959.987063274     PID %CPU COMMAND| 168437 99.8 p7b_tcp_src_fix| 168358  4.0 tcpdump| 163407  2.7 htop|
PID_T 1791351961.000733299     PID %CPU COMMAND| 168437  100 p7b_tcp_src_fix| 168358  4.2 tcpdump| 163407  2.7 htop|
PID_T 1791351962.014620856     PID %CPU COMMAND| 168437  100 p7b_tcp_src_fix| 168358  4.2 tcpdump| 163407  2.7 htop|
PID_T 1791351963.029555490     PID %CPU COMMAND| 168437  100 p7b_tcp_src_fix| 168358  4.3 tcpdump| 163407  2.7 htop|
PID_T 1791351964.044537233     PID %CPU COMMAND| 168437  100 p7b_tcp_src_fix| 168358  4.2 tcpdump| 163407  2.7 htop|
PID_T 1791351965.064546283     PID %CPU COMMAND| 163407  2.7 htop|   2233  0.5 java|     31  0.2 ksoftirqd/2|
PID_T 1791351966.081809976     PID %CPU COMMAND| 163407  2.7 htop|   2233  0.5 java|     31  0.2 ksoftirqd/2|
PID_T 1791351967.100060109     PID %CPU COMMAND| 163407  2.7 htop|   2233  0.5 java|     31  0.2 ksoftirqd/2|
PID_T 1791351968.117299543     PID %CPU COMMAND| 163407  2.7 htop|   2233  0.5 java|     31  0.2 ksoftirqd/2|
PID_T 1791351969.131648803     PID %CPU COMMAND| 163407  2.7 htop|   2233  0.5 java|     31  0.2 ksoftirqd/2|
PID_T 1791351970.146027804     PID %CPU COMMAND| 169867  100 p7b_tcp_src_fix| 163407  2.7 htop|   2233  0.5 java|
PID_T 1791351971.166435517     PID %CPU COMMAND| 169867  100 p7b_tcp_src_fix| 163407  2.7 htop| 169775  2.5 tcpdump|
PID_T 1791351972.180610558     PID %CPU COMMAND| 169867  100 p7b_tcp_src_fix| 169775  3.4 tcpdump| 163407  2.7 htop|
PID_T 1791351973.194571243     PID %CPU COMMAND| 169867  100 p7b_tcp_src_fix| 169775  3.3 tcpdump| 163407  2.7 htop|
PID_T 1791351974.208684432     PID %CPU COMMAND| 169867  100 p7b_tcp_src_fix| 169980  9.5 top| 169775  3.6 tcpdump|
PID_T 1791351975.229922751     PID %CPU COMMAND| 169867  100 p7b_tcp_src_fix| 169775  3.6 tcpdump| 163407  2.7 htop|
PID_T 1791351976.244809627     PID %CPU COMMAND| 169867  100 p7b_tcp_src_fix| 169775  3.8 tcpdump| 163407  2.7 htop|
