PID_T 1791352095.414041648     PID %CPU COMMAND| 163407  2.7 htop|   2233  0.5 java|     31  0.2 ksoftirqd/2|
PID_T 1791352096.429184079     PID %CPU COMMAND| 163407  2.7 htop|   2233  0.5 java|     31  0.2 ksoftirqd/2|
PID_T 1791352097.444653415     PID %CPU COMMAND| 180733 96.8 p7b_tcp_src_fix| 163407  2.7 htop|   2233  0.5 java|
PID_T 1791352098.458309598     PID %CPU COMMAND| 180733  100 p7b_tcp_src_fix| 163407  2.7 htop|   2233  0.5 java|
PID_T 1791352099.478852161     PID %CPU COMMAND| 180733  100 p7b_tcp_src_fix| 163407  2.7 htop|   2233  0.5 java|
PID_T 1791352100.493182659     PID %CPU COMMAND| 180733 99.4 p7b_tcp_src_fix| 163407  2.7 htop| 180641  0.6 tcpdump|
PID_T 1791352101.507540713     PID %CPU COMMAND| 180733  100 p7b_tcp_src_fix| 163407  2.7 htop| 180641  0.8 tcpdump|
PID_T 1791352102.523917297     PID %CPU COMMAND| 180733  100 p7b_tcp_src_fix| 163407  2.7 htop| 180641  0.7 tcpdump|
PID_T 1791352103.539586804     PID %CPU COMMAND| 180733 99.8 p7b_tcp_src_fix| 163407  2.7 htop| 180641  1.0 tcpdump|
PID_T 1791352104.553466582     PID %CPU COMMAND| 180733 99.8 p7b_tcp_src_fix| 163407  2.7 htop| 180641  0.8 tcpdump|
PID_T 1791352105.567479898     PID %CPU COMMAND| 180733 99.8 p7b_tcp_src_fix| 163407  2.7 htop| 180641  1.0 tcpdump|
PID_T 1791352106.583806815     PID %CPU COMMAND| 180733 99.7 p7b_tcp_src_fix| 163407  2.7 htop| 180641  1.0 tcpdump|
PID_T 1791352107.597309739     PID %CPU COMMAND| 180733 99.9 p7b_tcp_src_fix| 163407  2.7 htop| 180641  0.9 tcpdump|
PID_T 1791352108.611066589     PID %CPU COMMAND| 180733 99.9 p7b_tcp_src_fix| 163407  2.7 htop| 180641  0.9 tcpdump|
PID_T 1791352109.627507557     PID %CPU COMMAND| 163407  2.7 htop|   2233  0.5 java|     31  0.2 ksoftirqd/2|
PID_T 1791352110.643091083     PID %CPU COMMAND| 163407  2.7 htop|   2233  0.5 java|     31  0.2 ksoftirqd/2|
PID_T 1791352111.659667864     PID %CPU COMMAND| 163407  2.7 htop|   2233  0.5 java|     31  0.2 ksoftirqd/2|
PID_T 1791352112.672720460     PID %CPU COMMAND| 163407  2.7 htop|   2233  0.5 java|     31  0.2 ksoftirqd/2|
PID_T 1791352113.686490780     PID %CPU COMMAND| 163407  2.7 htop|   2233  0.5 java|     31  0.2 ksoftirqd/2|
PID_T 1791352114.701209362     PID %CPU COMMAND| 182275 95.6 p7b_tcp_src_fix| 163407  2.7 htop|   2233  0.5 java|
PID_T 1791352115.714919180     PID %CPU COMMAND| 182275  100 p7b_tcp_src_fix| 163407  2.7 htop|   2233  0.5 java|
PID_T 1791352116.728808801     PID %CPU COMMAND| 182275  100 p7b_tcp_src_fix| 163407  2.7 htop|   2233  0.5 java|
PID_T 1791352117.742842284     PID %CPU COMMAND| 182275  100 p7b_tcp_src_fix| 163407  2.7 htop| 182183  0.6 tcpdump|
PID_T 1791352118.757457329     PID %CPU COMMAND| 182275  100 p7b_tcp_src_fix| 163407  2.7 htop| 182183  0.6 tcpdump|
PID_T 1791352119.772956691     PID %CPU COMMAND| 182275  100 p7b_tcp_src_fix| 163407  2.7 htop| 182183  0.7 tcpdump|
PID_T 1791352120.789811308     PID %CPU COMMAND| 182275  100 p7b_tcp_src_fix| 163407  2.7 htop| 182183  0.7 tcpdump|
