====================================================================================================
# FILE pilot_P0.txt   points=8
# META UP_META_SCRIPT_MD5=0672c5b1f7605cd444d5d2168ef6e011
# META UP_META_SRC_BIN=p7b_tcp_src_fix  MD5=d1ca0c288efe6723488e4c1a6960d1b5  EXTRA=[--no-verify-down]
# META COALESCE=adaptive-rx=off rx-usecs=0
# META ROUTE=192.168.100.2 dev enp1s0f1np1 src 192.168.100.100 uid 0 
# META CARRIER=1
# META NIC_PRE rx_bytes=815529930271 tx_bytes=3266216584 rx_packets=537240453 tx_packets=50477620
# META ETHSTAT_PRE_MD5=0eeeb7789bc972cf7e55ac5e6c4570ea
# META ID_BID   0x00000016   (want 0x00000016 = 本构建的 BUILD_ID)
# META NIC_POST rx_bytes=820523451492 tx_bytes=7016483040 rx_packets=542912380 tx_packets=53139842
# i->i+1  dt_ms   kW5  |  dW53(raw A->B, k)      UP_Mbps   |  dW51(raw A->B, k)     DOWN_Mbps  |  dW52    dW20    P=dW43/dW20  duty%  dW15      dW23  dW21  dW55  dW62  dW61  dW0/dW1
 0-> 1   1569.8  k0  |           0->544511004  k0   2774.888  |           0->701712578  k0   3576.005  |  480625  859413     285.407    67.6   704683310      0      0     92      0      0  403090/568048316
 1-> 2   1575.8  k0  |   544511004->1111056464 k0   2876.184  |   701712578->1431237275 k0   3703.582  |  499675  893817     275.471    70.1   732620265      0      0     93      0      0  419409/591035562
 2-> 3   1575.9  k0  |  1111056464->1677650564 k0   2876.348  |  1431237275->2161600380 k0   3707.731  |  500249  894502     275.268    70.1   733567805      0      0    105      0      0  419953/591118802
 3-> 4   1576.0  k0  |  1677650564->2244094784 k0   2875.359  |  2161600380->2891142538 k0   3703.270  |  499686  893684     275.542    70.0   732624790      0      0     91   1392      0  419412/590936244
 4-> 5   1576.2  k0  |  2244094784->2809384584 k0   2869.047  |  2891142538->3618570155 k0   3691.955  |  498239  891537     276.249    69.9   730621525      0      0    102  4294965904      0  418454/589723320
 5-> 6   1576.1  k0  |  2809384584->3376103612 k0   2876.511  |  3618570155->53085584   k1   3702.655  |  499646  893885     275.503    70.1   732608585      0      0     99   1400      0  419682/591226554
 6-> 7   1878.7  k0  |  3376103612->3594807392 k0    931.296  |    53085584->334706299  k0   1199.212  |  192891  345089     850.635    22.7   282899675      0      0     40  4294965896      0  162222/228177658
# SUM(WINDOW s0..s8): dt=11.329 s  UP=3594807392 B (k=0) = 2538.573 Mbps  DOWN=4629673595 B (k=1) = 3269.372 Mbps
# SUM_STEADY(s1..s6): dt=7.880 s  UP=2831592608 B (k=0) = 2874.690 Mbps  DOWN=3646340302 B (k=1) = 3701.838 Mbps  SUM=6.577 Gbps
# LASTPOINT s8: W53=0xD6446860 W51=0x13F3367B W54=0x00000000 W52=0x003062C3 W5=0x71C5298B gen=8
# --- 全窗守卫/背景 (W  号 名 : 首值 -> 尾值 (k)  = 总增量)
# W0   rx_stat_frames              0 -> 2662222    (k=0) 总增 2662222
# W1   rx_stat_bytes               0 -> 3750266456 (k=0) 总增 3750266456
# W21  tx_stat_abort               0 -> 0          (k=0) 总增 0
# W23  rx_nonmatch_TCP             0 -> 0          (k=0) 总增 0
# W52  app_tx_frames               0 -> 3171011    (k=0) 总增 3171011
# W54  app_mismatch                0 -> 0          (k=0) 总增 0
# W55  tx_stat_retx                0 -> 622        (k=0) 总增 622
# W61  stat_wu                     0 -> 0          (k=0) 总增 0
