====================================================================================================
# FILE q0_probe.txt   points=7
# META UP_META_SCRIPT_MD5=52cdd4324210d95fe250370e5bea66fe
# META UP_META_SRC_BIN=p7b_tcp_src_fix  MD5=d1ca0c288efe6723488e4c1a6960d1b5  EXTRA=[--no-verify-down]
# META COALESCE=adaptive-rx=off rx-usecs=0
# META ROUTE=192.168.100.2 dev enp1s0f1np1 src 192.168.100.100 uid 0 
# META CARRIER=1
# META NIC_PRE rx_bytes=820523451750 tx_bytes=7016483040 rx_packets=542912384 tx_packets=53139842
# META ETHSTAT_PRE_MD5=4a7edb374dd37981bd92626be884dcff
# META ID_BID   0x00000016   (want 0x00000016 = 本构建的 BUILD_ID)
# META NIC_POST rx_bytes=820528065626 tx_bytes=7079613610 rx_packets=542955623 tx_packets=53183065
# i->i+1  dt_ms   kW5  |  dW53(raw A->B, k)      UP_Mbps   |  dW51(raw A->B, k)     DOWN_Mbps  |  dW52    dW20    P=dW43/dW20  duty%  dW15      dW23  dW21  dW55  dW62  dW61  dW0/dW1
 0-> 1   1571.1  k0  |  3594807392->3609397372 k0     74.290  |   334706299->335034799  k0      1.673  |     226   10402   23600.021     0.8      438000      0      0     75      0      0  10404/15195256
 1-> 2   1570.0  k0  |  3609397372->3618461012 k0     46.183  |   335034799->335236279  k0      1.027  |     138    6456   37997.906     0.5      271560      0      0     48      0      0  6455/9442066
 2-> 3   1570.0  k0  |  3618461012->3630362664 k0     60.645  |   335236279->335513679  k0      1.413  |     190    8495   28877.107     0.7      375220      0      0     67      0      0  8489/12396986
 3-> 4   1569.3  k0  |  3630362664->3644478792 k0     71.964  |   335513679->335826119  k0      1.593  |     214   10070   24348.859     0.8      424860      0      0     77      0      0  10060/14701294
 4-> 5   1568.8  k0  |  3644478792->3653704176 k0     47.044  |   335826119->336042199  k0      1.102  |     148    6594   37173.894     0.5      290540      0      0     51      0      0  6582/9609722
 5-> 6   1871.3  k0  |  3653704176->3655416160 k0      7.319  |   336042199->336083079  k0      0.175  |      29    1222  239267.333     0.1       54020      0      0      9      0      0  1233/1785246
# SUM(WINDOW s0..s7): dt=9.721 s  UP=60608768 B (k=0) = 49.881 Mbps  DOWN=1376780 B (k=0) = 1.133 Mbps
# SUM_STEADY(s1..s5): dt=6.278 s  UP=44306804 B (k=0) = 56.459 Mbps  DOWN=1007400 B (k=0) = 1.284 Mbps  SUM=0.058 Gbps
# LASTPOINT s7: W53=0xD9E13960 W51=0x14083887 W54=0x00000000 W52=0x00306674 W5=0xEDA327F3 gen=15
# --- 全窗守卫/背景 (W  号 名 : 首值 -> 尾值 (k)  = 总增量)
# W0   rx_stat_frames        2662222 -> 2705445    (k=0) 总增 43223
# W1   rx_stat_bytes      3750266456 -> 3813397026 (k=0) 总增 63130570
# W21  tx_stat_abort               0 -> 0          (k=0) 总增 0
# W23  rx_nonmatch_TCP             0 -> 0          (k=0) 总增 0
# W52  app_tx_frames         3171011 -> 3171956    (k=0) 总增 945
# W54  app_mismatch                0 -> 0          (k=0) 总增 0
# W55  tx_stat_retx              622 -> 949        (k=0) 总增 327
# W61  stat_wu                     0 -> 0          (k=0) 总增 0
