====================================================================================================
# FILE run_UA.txt   points=20
# META UP_META_SCRIPT_MD5=52cdd4324210d95fe250370e5bea66fe
# META UP_META_SRC_BIN=p7b_tcp_src_fix  MD5=d1ca0c288efe6723488e4c1a6960d1b5  EXTRA=[--no-verify-down]
# META COALESCE=adaptive-rx=off rx-usecs=0
# META ROUTE=192.168.100.2 dev enp1s0f1np1 src 192.168.100.100 uid 0 
# META CARRIER=1
# META NIC_PRE rx_bytes=820528065626 tx_bytes=7079613610 rx_packets=542955623 tx_packets=53183065
# META ETHSTAT_PRE_MD5=6962d31526e53ec7efe45880dafdf1e7
# META ID_BID   0x00000016   (want 0x00000016 = 本构建的 BUILD_ID)
# META NIC_POST rx_bytes=842690692363 tx_bytes=20233571706 rx_packets=566024947 tx_packets=62254909
# i->i+1  dt_ms   kW5  |  dW53(raw A->B, k)      UP_Mbps   |  dW51(raw A->B, k)     DOWN_Mbps  |  dW52    dW20    P=dW43/dW20  duty%  dW15      dW23  dW21  dW55  dW62  dW61  dW0/dW1
 0-> 1   1575.7  k0  |  3655416160->6135200    k1   3278.316  |   336083079->1391436344 k0   5358.301  |  722845  1175768     209.390    92.2  1056200065      0      0     24      0      0  471937/673176368
 1-> 2   1620.8  k0  |     6135200->690304940  k0   3376.875  |  1391436344->2523547415 k0   5587.791  |  775419  1255291     201.749    95.7  1133055635      0      0     16      0      0  490175/712665656
 2-> 3   1589.0  k0  |   690304940->1359427936 k0   3368.818  |  2523547415->3628410539 k0   5562.628  |  756756  1225962     202.515    95.3  1105685160      0      0     14      0      0  479347/696989444
 3-> 4   1617.7  k0  |  1359427936->2038021732 k0   3355.777  |  3628410539->458539103  k1   5563.817  |  770614  1246530     202.778    95.2  1125923680      0      0     16    392      0  486158/706856270
 4-> 5   1587.3  k0  |  2038021732->2712090976 k0   3397.272  |   458539103->1573017843 k0   5616.912  |  763342  1236231     200.623    96.2  1115564980      0      0     21  4294966904      0  483018/702149220
 5-> 6   1596.8  k1  |  2712090976->3385473376 k0   3373.678  |  1573017843->2676917423 k0   5530.590  |  756096  1228275     203.127    95.0  1104925960      0      0     21      0      0  483512/701498380
 6-> 7   1599.9  k0  |  3385473376->4053777020 k0   3341.758  |  2676917423->3773972523 k0   5485.669  |  751408  1219876     204.922    94.2  1097825980      0      0     16      0      0  479844/696206096
 7-> 8   1603.7  k0  |  4053777020->435090768  k1   3373.623  |  3773972523->589922319  k1   5541.801  |  760902  1235146     202.870    95.1  1111869720      0      0     18   1400      0  485506/704512034
 8-> 9   1600.0  k0  |   435090768->1107857828 k0   3363.848  |   589922319->1693409282 k0   5517.456  |  755814  1227430     203.675    94.8  1104169535      0      0     14  4294965896      0  483346/700874312
 9->10   1599.5  k0  |  1107857828->1778267452 k0   3353.065  |  1693409282->2794978902 k0   5509.520  |  754500  1224572     204.089    94.6  1102411840      0      0     20      0      0  481587/698414280
10->11   1618.1  k0  |  1778267452->2459917544 k0   3370.033  |  2794978902->3913212562 k0   5528.473  |  765914  1243888     203.260    95.0  1119236880      0      0     19      0      0  489591/710120280
11->12   1607.5  k0  |  2459917544->3136184732 k0   3365.460  |  3913212562->729415418  k1   5529.765  |  761075  1235468     203.305    94.9  1112386560      0      0     26   1400      0  485852/704521796
12->13   1602.3  k0  |  3136184732->3808328764 k0   3355.896  |   729415418->1831128474 k0   5500.658  |  754599  1226042     204.199    94.5  1102810420      0      0     22      0      0  482909/700225136
13->14   1615.5  k0  |  3808328764->188299616  k1   3342.394  |  1831128474->2939677882 k0   5489.701  |  759281  1232612     204.779    94.2  1109574600      0      0     21  4294965896      0  484712/703123596
14->15   1611.8  k0  |   188299616->865530280  k0   3361.390  |  2939677882->4050684650 k0   5514.408  |  760963  1235794     203.788    94.7  1111976300      0      0     22   1400      0  486475/705521136
15->16   1604.4  k0  |   865530280->1540900704 k0   3367.582  |  4050684650->864067610  k1   5526.538  |  759145  1232669     203.368    94.9  1109180400      0      0     16      0      0  484875/703564568
16->17   1599.4  k0  |  1540900704->2213763668 k0   3365.507  |   864067610->1967484685 k0   5519.040  |  755766  1227743     203.552    94.8  1104560815      0      0     21  4294965896      0  483220/700961176
17->18   1617.9  k0  |  2213763668->2897426784 k0   3380.534  |  1967484685->3091490277 k0   5557.912  |  769867  1249251     202.355    95.4  1125021400      0      0     19      0      0  490781/712201040
18->19   1901.9  k0  |  2897426784->3396926276 k0   2101.015  |  3091490277->3909966170 k0   3442.707  |  560601  910776     326.287    59.2   819172665      0      0     12      0      0  358999/520377308
# SUM(WINDOW s0..s20): dt=30.769 s  UP=12626412004 B (k=3) = 3282.861 Mbps  DOWN=20753752275 B (k=4) = 5395.965 Mbps
# SUM_STEADY(s1..s18): dt=27.292 s  UP=11481226176 B (k=2) = 3365.485 Mbps  DOWN=18879923117 B (k=4) = 5534.260 Mbps  SUM=8.900 Gbps
# LASTPOINT s20: W53=0xCA78FB44 W51=0xE90D595A W54=0x00000000 W52=0x01094D6F W5=0xCEED3E26 gen=35
# --- 全窗守卫/背景 (W  号 名 : 首值 -> 尾值 (k)  = 总增量)
# W0   rx_stat_frames        2705445 -> 11777289   (k=0) 总增 9071844
# W1   rx_stat_bytes      3813397026 -> 4082453234 (k=3) 总增 13153958096
# W21  tx_stat_abort               0 -> 0          (k=0) 总增 0
# W23  rx_nonmatch_TCP             0 -> 0          (k=0) 总增 0
# W52  app_tx_frames         3171956 -> 17386863   (k=0) 总增 14214907
# W54  app_mismatch                0 -> 0          (k=0) 总增 0
# W55  tx_stat_retx              949 -> 1307       (k=0) 总增 358
# W61  stat_wu                     0 -> 0          (k=0) 总增 0
