====================================================================================================
# FILE run_UC_memset.txt   points=20
# META UP_META_SCRIPT_MD5=52cdd4324210d95fe250370e5bea66fe
# META UP_META_SRC_BIN=p7b_tcp_src_rate  MD5=a76b2b4b1e44d6c9edcaa301d90aabcb  EXTRA=[--no-verify-down]
# META COALESCE=adaptive-rx=off rx-usecs=0
# META ROUTE=192.168.100.2 dev enp1s0f1np1 src 192.168.100.100 uid 0 
# META CARRIER=1
# META NIC_PRE rx_bytes=842690692621 tx_bytes=20233571706 rx_packets=566024951 tx_packets=62254909
# META ETHSTAT_PRE_MD5=266fb11bc52d9e134a99315139360e68
# META ID_BID   0x00000016   (want 0x00000016 = 本构建的 BUILD_ID)
# META NIC_POST rx_bytes=875717722975 tx_bytes=44478748422 rx_packets=603079203 tx_packets=81451410
# i->i+1  dt_ms   kW5  |  dW53(raw A->B, k)      UP_Mbps   |  dW51(raw A->B, k)     DOWN_Mbps  |  dW52    dW20    P=dW43/dW20  duty%  dW15      dW23  dW21  dW55  dW62  dW61  dW0/dW1
 0-> 1   1571.3  k0  |  3396926276->277151628  k1   5983.300  |  3909966170->1178765777 k1   7961.661  |  1071073  1883333     130.361   148.1  1564072455      0      0      7   1400      0  975413/1232747300
 1-> 2   1586.1  k0  |   277151628->1494034732 k0   6137.899  |  1178765777->2800463703 k0   8179.765  |  1110753  1951790     126.970   152.0  1622060590      0      0      9  4294965896      0  1016463/1276891568
 2-> 3   1584.6  k0  |  1494034732->2720024160 k0   6189.682  |  2800463703->136721401  k1   8235.604  |  1117278  1964719     126.015   153.2  1631655710      0      0     11   1400      0  1016562/1285967394
 3-> 4   1583.7  k0  |  2720024160->3936974652 k0   6147.548  |   136721401->1762939526 k0   8215.005  |  1113849  1955039     126.567   152.5  1626603965      0      0      8      0      0  1011925/1276667628
 4-> 5   1584.4  k0  |  3936974652->854644432  k1   6122.744  |  1762939526->3383758712 k0   8183.702  |  1110150  1948363     127.063   151.9  1621257590      0      0      7  4294965896      0  1008705/1272166492
 5-> 6   1587.1  k0  |   854644432->2075477784 k0   6153.945  |  3383758712->714916566  k1   8196.930  |  1113785  1957633     126.671   152.4  1626491690      0      0      6   1400      0  1013656/1280646700
 6-> 7   1585.2  k0  |  2075477784->3286666928 k0   6112.478  |   714916566->2328552836 k0   8143.497  |  1105231  1942475     127.510   151.4  1614093370      0      0     11      0      0  1005917/1270545730
 7-> 8   1586.8  k0  |  3286666928->206949600  k1   6126.881  |  2328552836->3948247738 k0   8165.957  |  1109381  1949447     127.181   151.8  1620155290      0      0     12  4294966136      0  1009478/1274817774
 8-> 9   1582.1  k1  |   206949600->1429476688 k0   6181.892  |  3948247738->1276559472 k1   8208.355  |  1111835  1956874     126.322   152.8  1623666590      0      0      9   1152      0  1013677/1282335060
 9->10   1586.0  k0  |  1429476688->2651169740 k0   6162.278  |  1276559472->2902196134 k0   8199.789  |  1113451  1957963     126.567   152.5  1626085810      0      0      9      8      0  1015189/1281599216
10->11   1585.0  k0  |  2651169740->3860651572 k0   6104.688  |  2902196134->218704540  k1   8133.695  |  1103751  1939808     127.668   151.2  1611916510      0      0     10  4294965896      0  1005038/1268789326
11->12   1583.4  k0  |  3860651572->793723108  k1   6204.406  |   218704540->1851910370 k0   8251.427  |  1118635  1967468     125.751   153.5  1633587290      0      0      7      0      0  1019533/1288197576
12->13   1585.5  k0  |   793723108->2010914628 k0   6141.742  |  1851910370->3476953740 k0   8199.694  |  1113044  1954449     126.750   152.3  1625497430      0      0     10      0      0  1012202/1276925948
13->14   1586.7  k0  |  2010914628->3236834024 k0   6180.899  |  3476953740->809724346  k1   8206.807  |  1114889  1962264     126.345   152.8  1628113750      0      0      9   1400      0  1015309/1285817124
14->15   1585.0  k0  |  3236834024->160815308  k1   6152.577  |   809724346->2433493448 k0   8195.887  |  1112171  1954795     126.687   152.3  1624215550      0      0      9  4294965896      0  1012072/1278666722
15->16   1583.8  k0  |   160815308->1384032440 k0   6178.468  |  2433493448->4060968130 k0   8220.372  |  1114710  1960204     126.249   152.9  1627849490      0      0      9      0      0  1015517/1283138832
16->17   1584.1  k0  |  1384032440->2618586196 k0   6234.553  |  4060968130->1403500560 k1   8269.448  |  1121575  1974888     125.334   154.0  1637870930      0      0      8   1432      0  1022950/1294905672
17->18   1583.5  k0  |  2618586196->3840628560 k0   6173.814  |  1403500560->3028915742 k0   8211.672  |  1113299  1957980     126.366   152.7  1625796730      0      0      7  4294967264      0  1014040/1281873610
18->19   1887.0  k0  |  3840628560->739546040  k1   5061.642  |  3028915742->324621252  k1   6743.880  |  1089503  1914760     153.979   125.3  1591069170      0      0     10  4294965896      0  992855/1252477044
# SUM(WINDOW s0..s20): dt=30.401 s  UP=23112423540 B (k=6) = 6081.980 Mbps  DOWN=30774393450 B (k=8) = 8098.210 Mbps
# SUM_STEADY(s1..s18): dt=26.943 s  UP=20743346116 B (k=4) = 6159.195 Mbps  DOWN=27619953741 B (k=6) = 8201.024 Mbps  SUM=14.360 Gbps
# LASTPOINT s20: W53=0x2C1493B8 W51=0x135953C4 W54=0x5C39C8D4 W52=0x024AEECA W5=0x9C94A4B6 gen=55
# --- 全窗守卫/背景 (W  号 名 : 首值 -> 尾值 (k)  = 总增量)
# W0   rx_stat_frames       11777289 -> 30973790   (k=0) 总增 19196501
# W1   rx_stat_bytes      4082453234 -> 2557826174 (k=6) 总增 24245176716
# W21  tx_stat_abort               0 -> 0          (k=0) 总增 0
# W23  rx_nonmatch_TCP             0 -> 0          (k=0) 总增 0
# W52  app_tx_frames        17386863 -> 38465226   (k=0) 总增 21078363
# W54  app_mismatch                0 -> 1547290836 (k=5) 总增 23022127316
# W55  tx_stat_retx             1307 -> 1475       (k=0) 总增 168
# W61  stat_wu                     0 -> 0          (k=0) 总增 0
