====================================================================================================
# FILE run_UD.txt   points=20
# META UP_META_SCRIPT_MD5=52cdd4324210d95fe250370e5bea66fe
# META UP_META_SRC_BIN=p7b_tcp_src_fix  MD5=d1ca0c288efe6723488e4c1a6960d1b5  EXTRA=[--no-verify-down]
# META COALESCE=adaptive-rx=off rx-usecs=0
# META ROUTE=192.168.100.2 dev enp1s0f1np1 src 192.168.100.100 uid 0 
# META CARRIER=1
# META NIC_PRE rx_bytes=875717722975 tx_bytes=44478748422 rx_packets=603079203 tx_packets=81451410
# META ETHSTAT_PRE_MD5=ee5a939267556fe57fa890a832424c6b
# META ID_BID   0x00000016   (want 0x00000016 = 本构建的 BUILD_ID)
# META NIC_POST rx_bytes=898279660515 tx_bytes=57799827094 rx_packets=626522895 tx_packets=90617156
# i->i+1  dt_ms   kW5  |  dW53(raw A->B, k)      UP_Mbps   |  dW51(raw A->B, k)     DOWN_Mbps  |  dW52    dW20    P=dW43/dW20  duty%  dW15      dW23  dW21  dW55  dW62  dW61  dW0/dW1
 0-> 1   1581.8  k1  |   739546040->1389335480 k0   3286.385  |   324621252->1401445132 k0   5446.161  |  737552  1193518     207.077    93.2  1077777260      0      0     18      0      0  465807/676869302
 1-> 2   1609.6  k0  |  1389335480->2079364296 k0   3429.522  |  1401445132->2538764368 k0   5652.607  |  778986  1262931     199.141    96.9  1138200820      0      0     15   1400      0  494454/718775082
 2-> 3   1608.0  k0  |  2079364296->2764194764 k0   3407.023  |  2538764368->3669419652 k0   5624.995  |  774422  1254772     200.239    96.4  1131604540      0      0     17      0      0  490741/713359592
 3-> 4   1608.0  k0  |  2764194764->3445600412 k0   3390.061  |  3669419652->499613008  k1   5597.786  |  770658  1248741     201.202    95.9  1126301820      0      0     21  4294966144      0  488356/709795928
 4-> 5   1620.7  k0  |  3445600412->4134899704 k0   3402.479  |   499613008->1640178476 k0   5629.993  |  781210  1264910     200.197    96.4  1141715040      0      0     22  4294967048      0  494014/718018534
 5-> 6   1658.0  k0  |  4134899704->549023936  k1   3421.328  |  1640178476->2815194951 k0   5669.391  |  804806  1302182     198.949    97.0  1175878895      0      0     18   1400      0  508178/738635300
 6-> 7   1616.2  k0  |   549023936->1237238556 k0   3406.626  |  2815194951->3949641671 k0   5615.451  |  777019  1259802     200.449    96.3  1135524640      0      0     20  4294966160      0  493383/716898198
 7-> 8   1599.5  k0  |  1237238556->1921220496 k0   3420.921  |  3949641671->785689667  k1   5656.749  |  774668  1254405     199.237    96.9  1131838140      0      0     15   1136      0  490145/712476648
 8-> 9   1609.4  k0  |  1921220496->2603602700 k0   3392.063  |   785689667->1910425775 k0   5590.967  |  770368  1249105     201.312    95.9  1125814180      0      0     19  4294965896      0  489239/710824918
 9->10   1603.4  k0  |  2603602700->3288633412 k0   3417.997  |  1910425775->3040059466 k0   5636.367  |  773722  1254224     199.742    96.6  1130586775      0      0     18     64      0  491109/713582734
10->11   1601.8  k0  |  3288633412->3971977844 k0   3412.953  |  3040059466->4168890382 k0   5637.929  |  773172  1252423     199.832    96.6  1129594120      0      0     16  4294967232      0  489870/711823758
11->12   1608.9  k0  |  3971977844->361558300  k1   3403.725  |  4168890382->1005997074 k1   5628.926  |  775394  1255471     200.239    96.4  1132959420      0      0     15      0      0  490625/713071012
12->13   1597.7  k0  |   361558300->1042587644 k0   3409.954  |  1005997074->2133201390 k0   5643.978  |  772058  1249694     199.765    96.6  1127960380      0      0     13   1400      0  487956/709396548
13->14   1602.4  k0  |  1042587644->1727972872 k0   3421.738  |  2133201390->3264707098 k0   5648.964  |  775004  1255755     199.383    96.8  1132328700      0      0     15      0      0  491162/713938158
14->15   1611.2  k0  |  1727972872->2412899212 k0   3400.863  |  3264707098->103957773  k1   5631.730  |  776862  1257368     200.216    96.4  1135226655      0      0     17      0      0  490807/713459786
15->16   1626.2  k0  |  2412899212->3104092220 k0   3400.244  |   103957773->1249730585 k0   5636.497  |  784776  1269564     200.143    96.4  1146538880      0      0     15     64      0  495345/719990180
16->17   1593.3  k0  |  3104092220->3784011512 k0   3413.850  |  1249730585->2373352033 k0   5641.663  |  769605  1246568     199.711    96.6  1124574640      0      0     21  4294965832      0  487350/708250462
17->18   1601.7  k1  |  3784011512->173933220  k1   3420.782  |  2373352033->3504365273 k0   5649.018  |  774667  1255056     199.406    96.8  1131971000      0      0     19   1400      0  490962/713432696
18->19   1884.0  k0  |   173933220->642864284  k0   1991.215  |  3504365273->4275779718 k0   3275.646  |  528367  857203     343.410    56.2   772056845      0      0     13  4294965896      0  336243/488479836
# SUM(WINDOW s0..s20): dt=30.842 s  UP=12788220132 B (k=3) = 3317.101 Mbps  DOWN=21131027650 B (k=4) = 5481.118 Mbps
# SUM_STEADY(s1..s18): dt=27.376 s  UP=11669499628 B (k=3) = 3410.122 Mbps  DOWN=19282789325 B (k=4) = 5634.916 Mbps  SUM=9.045 Gbps
# LASTPOINT s20: W53=0x2651549C W51=0xFEDB3886 W54=0x5C39C8D4 W52=0x0327C72E W5=0x194F576B gen=75
# --- 全窗守卫/背景 (W  号 名 : 首值 -> 尾值 (k)  = 总增量)
# W0   rx_stat_frames       30973790 -> 40139536   (k=0) 总增 9165746
# W1   rx_stat_bytes      2557826174 -> 2994002958 (k=3) 总增 13321078672
# W21  tx_stat_abort               0 -> 0          (k=0) 总增 0
# W23  rx_nonmatch_TCP             0 -> 0          (k=0) 总增 0
# W52  app_tx_frames        38465226 -> 52938542   (k=0) 总增 14473316
# W54  app_mismatch       1547290836 -> 1547290836 (k=0) 总增 0
# W55  tx_stat_retx             1475 -> 1802       (k=0) 总增 327
# W61  stat_wu                     0 -> 0          (k=0) 总增 0
