====================================================================================================
# FILE run_UG_guards.txt   points=20
# META UP_META_SCRIPT_MD5=d1513d886fc8c2bafc2a2f22d35b4e63
# META UP_META_SRC_BIN=p7b_tcp_src_fix  MD5=d1ca0c288efe6723488e4c1a6960d1b5  EXTRA=[--no-verify-down]
# META COALESCE=adaptive-rx=off rx-usecs=0
# META ROUTE=192.168.100.2 dev enp1s0f1np1 src 192.168.100.100 uid 0 
# META CARRIER=1
# META NIC_PRE rx_bytes=930738290217 tx_bytes=81119785262 rx_packets=662612208 tx_packets=109413906
# META ETHSTAT_PRE_MD5=6e26d9df6d1db94b4635f19f597506ce
# META ID_BID   0x00000016   (want 0x00000016 = 本构建的 BUILD_ID)
# META NIC_POST rx_bytes=952869748870 tx_bytes=94206038434 rx_packets=685620691 tx_packets=118420256
# i->i+1  dt_ms   kW5  |  dW53(raw A->B, k)      UP_Mbps   |  dW51(raw A->B, k)     DOWN_Mbps  |  dW52    dW20    P=dW43/dW20  duty%  dW15      dW23  dW21  dW55  dW62  dW61  dW0/dW1
 0-> 1   1604.5  k0  |  1377117656->2013345432 k0   3172.176  |   180055590->1232627555 k0   5248.031  |  720941  1167306     214.771    89.9  1053455265      0      0     15      0      0  456186/662749192
 1-> 2   1635.0  k1  |  2013345432->2700406913 k0   3361.668  |  1232627555->2361758338 k0   5524.633  |  773377  1255370     203.505    94.8  1130199875      0      0     18   1408      0  492432/715691076
 2-> 3   1651.3  k0  |  2700406913->3393987111 k0   3360.070  |  2361758338->3506391990 k0   5545.212  |  783996  1270691     203.055    95.0  1145776760      0      0     21     24      0  497302/722492134
 3-> 4   1634.6  k0  |  3393987111->4081307840 k0   3363.893  |  3506391990->340916914  k1   5527.974  |  773626  1255751     203.385    94.9  1130433620      0      0     20  4294965864      0  492619/715958090
 4-> 5   1663.4  k0  |  4081307840->486221272  k1   3365.964  |   340916914->1492003694 k0   5535.968  |  788416  1279153     203.188    95.0  1151819700      0      0     13      0      0  501438/729031446
 5-> 6   1661.4  k0  |   486221272->1181755144 k0   3349.064  |  1492003694->2639361489 k0   5524.641  |  785862  1273784     203.800    94.7  1148382715      0      0     21      0      0  498831/724535774
 6-> 7   1694.0  k0  |  1181755144->1888822744 k0   3339.099  |  2639361489->3810142205 k0   5528.966  |  801904  1297962     203.927    94.6  1171853820      0      0     19      0      0  506848/736534012
 7-> 8   1633.8  k0  |  1888822744->2573440504 k0   3352.316  |  3810142205->643436125  k1   5524.672  |  772783  1253081     203.718    94.7  1129343000      0      0     20   1400      0  490747/713149316
 8-> 9   1661.3  k0  |  2573440504->3271539640 k0   3361.725  |   643436125->1794103668 k0   5541.086  |  788129  1277929     203.121    95.0  1151740715      0      0     19     16      0  500383/727189692
 9->10   1663.8  k0  |  3271539640->3970189072 k0   3359.385  |  1794103668->2941470368 k0   5516.997  |  785868  1275914     203.744    94.7  1148384320      0      0     19  4294967280      0  500839/727766118
10->11   1643.9  k0  |  3970189072->365234024  k1   3357.928  |  2941470368->4080469580 k0   5542.913  |  780136  1263983     203.212    95.0  1139638920      0      0     13      0      0  494513/718760866
11->12   1664.6  k0  |   365234024->1061224784 k0   3344.831  |  4080469580->932431212  k1   5511.974  |  785569  1273649     204.214    94.5  1147755060      0      0     15  4294965896      0  498930/724996688
12->13   1647.5  k0  |  1061224784->1744294936 k0   3316.927  |   932431212->2063065011 k0   5490.256  |  774407  1253676     205.329    94.0  1131727035      0      0     23   1392      0  489835/711549206
13->14   1656.5  k0  |  1744294936->2439259608 k0   3356.216  |  2063065011->3208901327 k0   5533.626  |  784820  1272280     203.440    94.9  1146829420      0      0     19  4294965904      0  498238/723930636
14->15   1665.8  k0  |  2439259608->3134531032 k0   3338.964  |  3208901327->65579991   k1   5530.652  |  788799  1276452     203.913    94.6  1152536560      0      0     17      0      0  498395/724246524
15->16   1687.0  k0  |  3134531032->3837557184 k0   3333.885  |    65579991->1234112407 k0   5541.406  |  800365  1293681     203.751    94.7  1169666740      0      0     20   1400      0  504117/732334846
16->17   1667.3  k0  |  3837557184->234023052  k1   3317.536  |  1234112407->2385337822 k0   5523.646  |  788511  1273647     204.546    94.4  1152346615      0      0     23  4294965896      0  496101/720277074
17->18   1652.6  k0  |   234023052->927979556  k0   3359.366  |  2385337822->3523859666 k0   5511.457  |  779810  1266579     203.868    94.7  1139599500      0      0     19      0      0  497499/722880342
18->19   1968.0  k1  |   927979556->1054862124 k0    515.789  |  3523859666->3726280313 k0    822.857  |  138645  227595    1351.056    14.3   202676147      0      0      5      0      0  91097/132180140
# SUM(WINDOW s0..s20): dt=31.757 s  UP=12562646356 B (k=3) = 3164.742 Mbps  DOWN=20726093907 B (k=4) = 5221.252 Mbps
# SUM_STEADY(s1..s18): dt=28.184 s  UP=11799536012 B (k=3) = 3349.285 Mbps  DOWN=19471101295 B (k=4) = 5526.850 Mbps  SUM=8.876 Gbps
# LASTPOINT s20: W53=0x3EDFEB2C W51=0xDE1A8679 W54=0x82D1A82A W52=0x053CAFFE W5=0x12030A3A gen=115
# --- 全窗守卫/背景 (W  号 名 : 首值 -> 尾值 (k)  = 总增量)
# W0   rx_stat_frames       58936286 -> 67942636   (k=0) 总增 9006350
# W1   rx_stat_bytes       544157350 -> 745508634  (k=3) 总增 13086253172
# W21  tx_stat_abort               0 -> 0          (k=0) 总增 0
# W23  rx_nonmatch_TCP             0 -> 0          (k=0) 总增 0
# W35  rx_stat_fifo_ovf            0 -> 0          (k=0) 总增 0
# W38  rxcdc_ovf_cnt               0 -> 0          (k=0) 总增 0
# W41  mtx_flush_words             0 -> 0          (k=0) 总增 0
# W42  mtx_flush_done              0 -> 0          (k=0) 总增 0
# W45  txcdc_ovf_cnt             168 -> 168        (k=0) 总增 0
# W52  app_tx_frames        73667330 -> 87863294   (k=0) 总增 14195964
# W54  app_mismatch       2194778154 -> 2194778154 (k=0) 总增 0
# W55  tx_stat_retx             2018 -> 2357       (k=0) 总增 339
# W59  stx_fifo_ovf                0 -> 0          (k=0) 总增 0
# W60  srx_fifo_ovf                0 -> 0          (k=0) 总增 0
# W61  stat_wu                     0 -> 0          (k=0) 总增 0
# MAX W27  rxcdc_occ_max      min=0x00000006 max=0x00000006
# MAX W28  txcdc_occ_max      min=0x00000100 max=0x00000100
