====================================================================================================
# FILE run_UE_coal_on_memset.txt   points=20
# META UP_META_SCRIPT_MD5=52cdd4324210d95fe250370e5bea66fe
# META UP_META_SRC_BIN=p7b_tcp_src_rate  MD5=a76b2b4b1e44d6c9edcaa301d90aabcb  EXTRA=[--no-verify-down]
# META COALESCE=adaptive-rx=on rx-usecs=60
# META ROUTE=192.168.100.2 dev enp1s0f1np1 src 192.168.100.100 uid 0 
# META CARRIER=1
# META NIC_PRE rx_bytes=898279660515 tx_bytes=57799827094 rx_packets=626522895 tx_packets=90617156
# META ETHSTAT_PRE_MD5=50938b2a2f2c388d8ee30347a1c3ef83
# META ID_BID   0x00000016   (want 0x00000016 = 本构建的 BUILD_ID)
# META NIC_POST rx_bytes=930363715904 tx_bytes=80850213684 rx_packets=662195497 tx_packets=109195064
# i->i+1  dt_ms   kW5  |  dW53(raw A->B, k)      UP_Mbps   |  dW51(raw A->B, k)     DOWN_Mbps  |  dW52    dW20    P=dW43/dW20  duty%  dW15      dW23  dW21  dW55  dW62  dW61  dW0/dW1
 0-> 1   1570.4  k0  |   642864284->1768996064 k0   5736.863  |  4275779718->1514170189 k1   7811.397  |  1050245  1829022     134.153   143.9  1533730735      0      0      9   1400      0  949693/1182242226
 1-> 2   1584.9  k0  |  1768996064->2937152784 k0   5896.549  |  1514170189->3113598467 k0   8073.494  |  1095499  1903398     130.101   148.3  1599886110      0      0     12      0      0  996002/1227055498
 2-> 3   1583.7  k0  |  2937152784->4103379744 k0   5891.301  |  3113598467->415340917  k1   8065.924  |  1093638  1900216     130.219   148.2  1597217230      0      0     11  4294965896      0  994584/1225041762
 3-> 4   1585.2  k0  |  4103379744->968945960  k1   5856.811  |   415340917->2010116491 k0   8048.280  |  1092313  1894981     130.707   147.7  1595291490      0      0     11   1400      0  983687/1218676690
 4-> 5   1583.8  k0  |   968945960->2135038280 k0   5890.249  |  2010116491->3607326421 k0   8067.942  |  1093980  1900540     130.205   148.2  1597704870      0      0     11      0      0  987203/1224435600
 5-> 6   1584.6  k0  |  2135038280->3295036604 k0   5856.533  |  3607326421->903150895  k1   8031.498  |  1089584  1891889     130.866   147.5  1591307150      0      0     11  4294965896      0  982705/1218079194
 6-> 7   1586.8  k0  |  3295036604->189365784  k1   5995.949  |   903150895->2514746205 k0   8125.008  |  1103833  1926290     128.711   149.9  1612040610      0      0     11   1400      0  1001789/1248478488
 7-> 8   1583.7  k0  |   189365784->1357558772 k0   5901.201  |  2514746205->4106770599 k0   8042.212  |  1090428  1898402     130.344   148.1  1592532090      0      0     11  4294965896      0  986649/1226492460
 8-> 9   1584.4  k0  |  1357558772->2530601692 k0   5922.902  |  4106770599->1413119185 k1   8085.328  |  1096792  1908116     129.742   148.8  1601772430      0      0     11      0      0  991720/1231646998
 9->10   1584.1  k1  |  2530601692->3699977448 k0   5905.506  |  1413119185->3007835363 k0   8053.533  |  1092272  1901078     130.198   148.2  1595240390      0      0     13   1400      0  987804/1227745668
10->11   1582.4  k0  |  3699977448->585597736  k1   5968.534  |  3007835363->314375493  k1   8096.521  |  1096924  1913480     129.215   149.4  1602027930      0      0     12      0      0  995329/1239391212
11->12   1584.6  k0  |   585597736->1767015136 k0   5964.590  |   314375493->1916503503 k0   8088.620  |  1097348  1914432     129.327   149.2  1602569590      0      0      9  4294965896      0  995070/1240200488
12->13   1582.2  k0  |  1767015136->2952739268 k0   5995.200  |  1916503503->3520728365 k0   8111.203  |  1098785  1918888     128.836   149.8  1604744990      0      0     13    808      0  997871/1244669444
13->14   1584.5  k0  |  2952739268->4131831232 k0   5953.225  |  3520728365->827844511  k1   8088.906  |  1097318  1912792     129.430   149.1  1602543310      0      0     12  4294967200      0  993897/1237810474
14->15   1584.9  k0  |  4131831232->1013426112 k1   5938.675  |   827844511->2425613269 k0   8064.707  |  1094363  1908146     129.784   148.7  1598299090      0      0     15    688      0  991306/1235126674
15->16   1584.0  k0  |  1013426112->2186521888 k0   5924.754  |  2425613269->4018764855 k0   8046.258  |  1091200  1902584     130.084   148.4  1593666510      0      0     11      0      0  988135/1231469460
16->17   1585.3  k0  |  2186521888->3351913084 k0   5881.088  |  4018764855->1312681550 k1   8018.223  |  1088277  1894298     130.759   147.6  1589385935      0      0      8  4294967288      0  994053/1224176210
17->18   1583.3  k0  |  3351913084->222597092  k1   5889.747  |  1312681550->2903760076 k0   8039.326  |  1089781  1896013     130.478   147.9  1591584550      0      0     14      8      0  994777/1224482712
18->19   1888.7  k0  |   222597092->1377117656 k0   4890.108  |  2903760076->180055590  k1   6655.268  |  1076208  1874748     157.415   122.6  1571779650      0      0     11  4294965896      0  984476/1212736910
# SUM(WINDOW s0..s20): dt=30.391 s  UP=22209089852 B (k=5) = 5846.155 Mbps  DOWN=30264014240 B (k=8) = 7966.473 Mbps
# SUM_STEADY(s1..s18): dt=26.932 s  UP=19928437508 B (k=5) = 5919.575 Mbps  DOWN=27159393663 B (k=6) = 8067.469 Mbps  SUM=13.987 Gbps
# LASTPOINT s20: W53=0x521525D8 W51=0x0ABB6E26 W54=0x82D1A82A W52=0x04641302 W5=0x899D3F12 gen=95
# --- 全窗守卫/背景 (W  号 名 : 首值 -> 尾值 (k)  = 总增量)
# W0   rx_stat_frames       40139536 -> 58936286   (k=0) 总增 18796750
# W1   rx_stat_bytes      2994002958 -> 544157350  (k=6) 总增 23319958168
# W21  tx_stat_abort               0 -> 0          (k=0) 总增 0
# W23  rx_nonmatch_TCP             0 -> 0          (k=0) 总增 0
# W52  app_tx_frames        52938542 -> 73667330   (k=0) 总增 20728788
# W54  app_mismatch       1547290836 -> 2194778154 (k=5) 总增 22122323798
# W55  tx_stat_retx             1802 -> 2018       (k=0) 总增 216
# W61  stat_wu                     0 -> 0          (k=0) 总增 0
