====================================================================================================
# FILE run_UF_verifydown.txt   points=14
# META UP_META_SCRIPT_MD5=d1513d886fc8c2bafc2a2f22d35b4e63
# META UP_META_SRC_BIN=p7b_tcp_src_fix  MD5=d1ca0c288efe6723488e4c1a6960d1b5  EXTRA=[]
# META COALESCE=adaptive-rx=off rx-usecs=0
# META ROUTE=192.168.100.2 dev enp1s0f1np1 src 192.168.100.100 uid 0 
# META CARRIER=1
# META NIC_PRE rx_bytes=952869749128 tx_bytes=94206038434 rx_packets=685620695 tx_packets=118420256
# META ETHSTAT_PRE_MD5=0a6a636cf2a981e24a86aa3b7a7af5ce
# META ID_BID   0x00000016   (want 0x00000016 = 本构建的 BUILD_ID)
# META NIC_POST rx_bytes=960021796088 tx_bytes=97933780234 rx_packets=692735975 tx_packets=121013917
# i->i+1  dt_ms   kW5  |  dW53(raw A->B, k)      UP_Mbps   |  dW51(raw A->B, k)     DOWN_Mbps  |  dW52    dW20    P=dW43/dW20  duty%  dW15      dW23  dW21  dW55  dW62  dW61  dW0/dW1
 0-> 1   1603.5  k0  |  1054862124->1324215084 k0   1343.816  |  3726280313->4231450388 k0   2520.320  |  346007  537007     466.560    41.4   508084235      0      0     52      0      0  195504/280731212
 1-> 2   1627.0  k1  |  1324215084->1616898860 k0   1439.164  |  4231450388->480512382  k1   2675.062  |  372623  580255     438.102    44.1   547353710      0      0     59      0      0  212257/305036096
 2-> 3   1616.9  k0  |  1616898860->1906372716 k0   1432.212  |   480512382->1021818656 k0   2678.188  |  370757  576071     438.563    44.0   544505250      0      0     60   1400      0  209989/301694536
 3-> 4   1616.5  k0  |  1906372716->2195712556 k0   1431.959  |  1021818656->1562421442 k0   2675.473  |  370277  575361     438.978    44.0   543624870      0      0     50  4294965896      0  209814/301549730
 4-> 5   1613.4  k0  |  2195712556->2484398892 k0   1431.402  |  1562421442->2102225492 k0   2676.527  |  369729  574335     438.940    44.0   542767850      0      0     50      0      0  209181/300858466
 5-> 6   1633.5  k0  |  2484398892->2776361772 k0   1429.852  |  2102225492->2647719162 k0   2671.488  |  373626  580671     439.554    43.9   548712970      0      0     55      0      0  211596/304275988
 6-> 7   1622.3  k0  |  2776361772->3065178924 k0   1424.222  |  2647719162->3186964032 k0   2659.136  |  369346  574070     441.557    43.7   542284590      0      0     54      0      0  209292/300995990
 7-> 8   1624.4  k0  |  3065178924->3356224300 k0   1433.351  |  3186964032->3730787317 k0   2678.240  |  372482  578683     438.605    44.0   546746205      0      0     54      0      0  211035/303326426
 8-> 9   1621.8  k0  |  3356224300->3644844844 k0   1423.674  |  3730787317->4272918607 k0   2674.162  |  371323  575930     440.000    43.9   545238170      0      0     56      0      0  209333/300802984
 9->10   1627.6  k0  |  3644844844->3935562540 k0   1428.943  |  4272918607->521805401  k1   2673.165  |  372503  578607     439.520    43.9   546939070      0      0     51      0      0  210917/302992440
10->11   1620.2  k0  |  3935562540->4225624876 k0   1432.259  |   521805401->1065523711 k0   2684.753  |  372410  577916     438.037    44.1   546614950      0      0     48      0      0  210188/302293236
11->12   1630.9  k0  |  4225624876->221916872  k1   1428.715  |  1065523711->1610060133 k0   2671.116  |  372970  579472     439.752    43.9   547690970      0      0     54   1392      0  211341/303559278
12->13   1924.1  k0  |   221916872->336699820  k0    477.245  |  1610060133->1822588161 k0    883.649  |  145568  226902    1324.963    14.6   213740340      0      0     23  4294965904      0  83214/119625418
# SUM(WINDOW s0..s14): dt=21.382 s  UP=3576804992 B (k=1) = 1338.238 Mbps  DOWN=6686242440 B (k=2) = 2501.614 Mbps
# SUM_STEADY(s1..s12): dt=17.855 s  UP=3192669084 B (k=1) = 1430.522 Mbps  DOWN=5968544337 B (k=2) = 2674.294 Mbps  SUM=4.105 Gbps
# LASTPOINT s14: W53=0x1411A1AC W51=0x6CA27D01 W54=0x82D1A82A W52=0x05829123 W5=0xAB08DFA1 gen=129
# --- 全窗守卫/背景 (W  号 名 : 首值 -> 尾值 (k)  = 总增量)
# W0   rx_stat_frames       67942636 -> 70536297   (k=0) 总增 2593661
# W1   rx_stat_bytes       745508634 -> 178283138  (k=1) 总增 3727741800
# W21  tx_stat_abort               0 -> 0          (k=0) 总增 0
# W23  rx_nonmatch_TCP             0 -> 0          (k=0) 总增 0
# W35  rx_stat_fifo_ovf            0 -> 0          (k=0) 总增 0
# W38  rxcdc_ovf_cnt               0 -> 0          (k=0) 总增 0
# W41  mtx_flush_words             0 -> 0          (k=0) 总增 0
# W42  mtx_flush_done              0 -> 0          (k=0) 总增 0
# W45  txcdc_ovf_cnt             168 -> 168        (k=0) 总增 0
# W52  app_tx_frames        87863294 -> 92442915   (k=0) 总增 4579621
# W54  app_mismatch       2194778154 -> 2194778154 (k=0) 总增 0
# W55  tx_stat_retx             2357 -> 3023       (k=0) 总增 666
# W59  stx_fifo_ovf                0 -> 0          (k=0) 总增 0
# W60  srx_fifo_ovf                0 -> 0          (k=0) 总增 0
# W61  stat_wu                     0 -> 0          (k=0) 总增 0
# MAX W27  rxcdc_occ_max      min=0x00000006 max=0x00000006
# MAX W28  txcdc_occ_max      min=0x00000100 max=0x00000100
