Copyright 1986-2022 Xilinx, Inc. All Rights Reserved. Copyright 2022-2025 Advanced Micro Devices, Inc. All Rights Reserved.
---------------------------------------------------------------------------------------------------------------------------------------------
| Tool Version : Vivado v.2025.2 (win64) Build 6299465 Fri Nov 14 19:35:11 GMT 2025
| Date         : Wed Sep 30 03:22:17 2026
| Host         : xyz-intel running 64-bit major release  (build 9200)
| Command      : report_utilization -file D:/repo/XCKU5PMini/udp_hls_10g/_proj_10g/p7b_lat/scripts/p7b_lat_util.rpt
| Design       : wrapper_p4
| Device       : xcku5p-ffvb676-1-e
| Speed File   : -1
| Design State : Routed
---------------------------------------------------------------------------------------------------------------------------------------------

Utilization Design Information

Table of Contents
-----------------
1. CLB Logic
1.1 Summary of Registers by Type
2. CLB Logic Distribution
3. BLOCKRAM
4. ARITHMETIC
5. I/O
6. CLOCK
7. ADVANCED
8. CONFIGURATION
9. Primitives
10. Black Boxes
11. Instantiated Netlists

1. CLB Logic
------------

+----------------------------+-------+-------+------------+-----------+-------+
|          Site Type         |  Used | Fixed | Prohibited | Available | Util% |
+----------------------------+-------+-------+------------+-----------+-------+
| CLB LUTs                   | 73002 |     0 |          0 |    216960 | 33.65 |
|   LUT as Logic             | 66664 |     0 |          0 |    216960 | 30.73 |
|   LUT as Memory            |  6338 |     0 |          0 |     99840 |  6.35 |
|     LUT as Distributed RAM |  6288 |     0 |            |           |       |
|     LUT as Shift Register  |    50 |     0 |            |           |       |
| CLB Registers              | 74988 |     0 |          0 |    433920 | 17.28 |
|   Register as Flip Flop    | 74988 |     0 |          0 |    433920 | 17.28 |
|   Register as Latch        |     0 |     0 |          0 |    433920 |  0.00 |
| CARRY8                     |  1423 |     0 |          0 |     27120 |  5.25 |
| F7 Muxes                   |  3852 |     0 |          0 |    108480 |  3.55 |
| F8 Muxes                   |  1387 |     0 |          0 |     54240 |  2.56 |
| F9 Muxes                   |     0 |     0 |          0 |     27120 |  0.00 |
| Unique Control Sets        |  2975 |       |          0 |     54240 |  5.48 |
+----------------------------+-------+-------+------------+-----------+-------+
* Warning! LUT value is adjusted to account for LUT combining.
** Note: Available Control Sets calculated as Slices * 2, Review the Control Sets Report for more information regarding control sets.


1.1 Summary of Registers by Type
--------------------------------

+-------+--------------+-------------+--------------+
| Total | Clock Enable | Synchronous | Asynchronous |
+-------+--------------+-------------+--------------+
| 0     |            _ |           - |            - |
| 0     |            _ |           - |          Set |
| 0     |            _ |           - |        Reset |
| 0     |            _ |         Set |            - |
| 0     |            _ |       Reset |            - |
| 0     |          Yes |           - |            - |
| 553   |          Yes |           - |          Set |
| 34085 |          Yes |           - |        Reset |
| 485   |          Yes |         Set |            - |
| 39865 |          Yes |       Reset |            - |
+-------+--------------+-------------+--------------+


2. CLB Logic Distribution
-------------------------

+--------------------------------------------+-------+-------+------------+-----------+-------+
|                  Site Type                 |  Used | Fixed | Prohibited | Available | Util% |
+--------------------------------------------+-------+-------+------------+-----------+-------+
| CLB                                        | 16915 |     0 |          0 |     27120 | 62.37 |
|   CLBL                                     |  9173 |     0 |            |           |       |
|   CLBM                                     |  7742 |     0 |            |           |       |
| LUT as Logic                               | 66664 |     0 |          0 |    216960 | 30.73 |
|   using O5 output only                     |   810 |       |            |           |       |
|   using O6 output only                     | 53275 |       |            |           |       |
|   using O5 and O6                          | 12579 |       |            |           |       |
| LUT as Memory                              |  6338 |     0 |          0 |     99840 |  6.35 |
|   LUT as Distributed RAM                   |  6288 |     0 |            |           |       |
|     using O5 output only                   |     0 |       |            |           |       |
|     using O6 output only                   |  4736 |       |            |           |       |
|     using O5 and O6                        |  1552 |       |            |           |       |
|   LUT as Shift Register                    |    50 |     0 |            |           |       |
|     using O5 output only                   |     0 |       |            |           |       |
|     using O6 output only                   |    50 |       |            |           |       |
|     using O5 and O6                        |     0 |       |            |           |       |
| CLB Registers                              | 74988 |     0 |          0 |    433920 | 17.28 |
|   Register driven from within the CLB      | 39111 |       |            |           |       |
|   Register driven from outside the CLB     | 35877 |       |            |           |       |
|     LUT in front of the register is unused | 25240 |       |            |           |       |
|     LUT in front of the register is used   | 10637 |       |            |           |       |
+--------------------------------------------+-------+-------+------------+-----------+-------+


3. BLOCKRAM
-----------

+-------------------+------+-------+------------+-----------+-------+
|     Site Type     | Used | Fixed | Prohibited | Available | Util% |
+-------------------+------+-------+------------+-----------+-------+
| Block RAM Tile    |  348 |     0 |          0 |       480 | 72.50 |
|   RAMB36/FIFO*    |  317 |     0 |          0 |       480 | 66.04 |
|     RAMB36E2 only |  317 |       |            |           |       |
|   RAMB18          |   62 |     0 |          0 |       960 |  6.46 |
|     RAMB18E2 only |   62 |       |            |           |       |
| URAM              |    0 |     0 |          0 |        64 |  0.00 |
+-------------------+------+-------+------------+-----------+-------+
* Note: Each Block RAM Tile only has one FIFO logic available and therefore can accommodate only one FIFO36E2 or one FIFO18E2. However, if a FIFO18E2 occupies a Block RAM Tile, that tile can still accommodate a RAMB18E2


4. ARITHMETIC
-------------

+----------------+------+-------+------------+-----------+-------+
|    Site Type   | Used | Fixed | Prohibited | Available | Util% |
+----------------+------+-------+------------+-----------+-------+
| DSPs           |    4 |     0 |          0 |      1824 |  0.22 |
|   DSP48E2 only |    4 |       |            |           |       |
+----------------+------+-------+------------+-----------+-------+


5. I/O
------

+------------------+------+-------+------------+-----------+-------+
|     Site Type    | Used | Fixed | Prohibited | Available | Util% |
+------------------+------+-------+------------+-----------+-------+
| Bonded IOB       |   10 |    10 |          0 |       280 |  3.57 |
|   HPIOB_M        |    1 |     1 |          0 |        96 |  1.04 |
|     INPUT        |    1 |       |            |           |       |
|     OUTPUT       |    0 |       |            |           |       |
|     BIDIR        |    0 |       |            |           |       |
|   HPIOB_S        |    1 |     1 |          0 |        96 |  1.04 |
|     INPUT        |    1 |       |            |           |       |
|     OUTPUT       |    0 |       |            |           |       |
|     BIDIR        |    0 |       |            |           |       |
|   HDIOB_M        |    6 |     6 |          0 |        36 | 16.67 |
|     INPUT        |    1 |       |            |           |       |
|     OUTPUT       |    5 |       |            |           |       |
|     BIDIR        |    0 |       |            |           |       |
|   HDIOB_S        |    2 |     2 |          0 |        36 |  5.56 |
|     INPUT        |    0 |       |            |           |       |
|     OUTPUT       |    2 |       |            |           |       |
|     BIDIR        |    0 |       |            |           |       |
|   HPIOB_SNGL     |    0 |     0 |          0 |        16 |  0.00 |
| HPIOBDIFFINBUF   |    1 |     1 |          0 |        96 |  1.04 |
|   DIFFINBUF      |    1 |     1 |            |           |       |
| HPIOBDIFFOUTBUF  |    0 |     0 |          0 |        96 |  0.00 |
| HDIOBDIFFINBUF   |    0 |     0 |          0 |        48 |  0.00 |
| BITSLICE_CONTROL |    0 |     0 |          0 |        32 |  0.00 |
| BITSLICE_RX_TX   |    0 |     0 |          0 |      1248 |  0.00 |
| BITSLICE_TX      |    0 |     0 |          0 |        32 |  0.00 |
| RIU_OR           |    0 |     0 |          0 |        16 |  0.00 |
+------------------+------+-------+------------+-----------+-------+


6. CLOCK
--------

+------------+------+-------+------------+-----------+-------+
|  Site Type | Used | Fixed | Prohibited | Available | Util% |
+------------+------+-------+------------+-----------+-------+
| BUFGCE     |    5 |     0 |          0 |       112 |  4.46 |
| BUFGCE_DIV |    0 |     0 |          0 |        16 |  0.00 |
| BUFG_GT    |   13 |     0 |          0 |        96 | 13.54 |
| BUFGCTRL*  |    0 |     0 |          0 |        32 |  0.00 |
| PLL        |    0 |     0 |          0 |         8 |  0.00 |
| MMCM       |    1 |     0 |          0 |         4 | 25.00 |
+------------+------+-------+------------+-----------+-------+
* Note: Each used BUFGCTRL counts as two GLOBAL CLOCK BUFFERs. This table does not include global clocking resources, only buffer cell usage. See the Clock Utilization Report (report_clock_utilization) for detailed accounting of global clocking resource availability.


7. ADVANCED
-----------

+-----------------+------+-------+------------+-----------+--------+
|    Site Type    | Used | Fixed | Prohibited | Available |  Util% |
+-----------------+------+-------+------------+-----------+--------+
| CMACE4          |    0 |     0 |          0 |         1 |   0.00 |
| GTYE4_CHANNEL   |    6 |     6 |          0 |        16 |  37.50 |
| GTYE4_COMMON    |    2 |     0 |          0 |         4 |  50.00 |
| OBUFDS_GTE4     |    0 |     0 |          0 |         8 |   0.00 |
| OBUFDS_GTE4_ADV |    0 |     0 |          0 |         8 |   0.00 |
| PCIE40E4        |    1 |     1 |          0 |         1 | 100.00 |
| SYSMONE4        |    0 |     0 |          0 |         1 |   0.00 |
+-----------------+------+-------+------------+-----------+--------+


8. CONFIGURATION
----------------

+-------------+------+-------+------------+-----------+-------+
|  Site Type  | Used | Fixed | Prohibited | Available | Util% |
+-------------+------+-------+------------+-----------+-------+
| BSCANE2     |    1 |     0 |          0 |         4 | 25.00 |
| DNA_PORTE2  |    0 |     0 |          0 |         1 |  0.00 |
| EFUSE_USR   |    0 |     0 |          0 |         1 |  0.00 |
| FRAME_ECCE4 |    0 |     0 |          0 |         1 |  0.00 |
| ICAPE3      |    0 |     0 |          0 |         2 |  0.00 |
| MASTER_JTAG |    0 |     0 |          0 |         1 |  0.00 |
| STARTUPE3   |    0 |     0 |          0 |         1 |  0.00 |
+-------------+------+-------+------------+-----------+-------+


9. Primitives
-------------

+---------------+-------+---------------------+
|    Ref Name   |  Used | Functional Category |
+---------------+-------+---------------------+
| FDRE          | 39865 |            Register |
| FDCE          | 34085 |            Register |
| LUT6          | 33557 |                 CLB |
| LUT3          | 15034 |                 CLB |
| LUT5          | 13118 |                 CLB |
| LUT4          |  8640 |                 CLB |
| LUT2          |  7940 |                 CLB |
| RAMD64E       |  4692 |                 CLB |
| MUXF7         |  3852 |                 CLB |
| RAMD32        |  2500 |                 CLB |
| CARRY8        |  1423 |                 CLB |
| MUXF8         |  1387 |                 CLB |
| LUT1          |   954 |                 CLB |
| RAMS32        |   616 |                 CLB |
| FDPE          |   553 |            Register |
| FDSE          |   485 |            Register |
| RAMB36E2      |   317 |            BLOCKRAM |
| RAMB18E2      |    62 |            BLOCKRAM |
| SRL16E        |    43 |                 CLB |
| RAMS64E       |    32 |                 CLB |
| BUFG_GT       |    13 |               Clock |
| BUFG_GT_SYNC  |     9 |               Clock |
| SRLC32E       |     7 |                 CLB |
| OBUF          |     7 |                 I/O |
| GTYE4_CHANNEL |     6 |            Advanced |
| BUFGCE        |     5 |               Clock |
| DSP48E2       |     4 |          Arithmetic |
| IBUFDS_GTE4   |     2 |                 I/O |
| IBUFCTRL      |     2 |              Others |
| GTYE4_COMMON  |     2 |            Advanced |
| PCIE40E4      |     1 |            Advanced |
| MMCME4_ADV    |     1 |               Clock |
| INBUF         |     1 |                 I/O |
| DIFFINBUF     |     1 |                 I/O |
| BSCANE2       |     1 |       Configuration |
+---------------+-------+---------------------+


10. Black Boxes
---------------

+----------+------+
| Ref Name | Used |
+----------+------+


11. Instantiated Netlists
-------------------------

+----------+------+
| Ref Name | Used |
+----------+------+
| xdma_0   |    1 |
| vio_lat  |    1 |
| pcs64    |    1 |
| dbg_hub  |    1 |
+----------+------+


