#-----------------------------------------------------------
# Vivado v2025.2 (64-bit)
# SW Build 6299465 on Fri Nov 14 19:35:11 GMT 2025
# IP Build 6300035 on Fri Nov 14 10:48:45 MST 2025
# SharedData Build 6298862 on Thu Nov 13 04:50:51 MST 2025
# Start of session at: Mon Sep 28 21:16:54 2026
# Process ID         : 7460
# Current directory  : D:/repo/XCKU5PMini/udp_hls_10g/board/ku5p_probe
# Command line       : vivado.exe -mode batch -source bank_probe.tcl -log bank_probe.log -nojournal
# Log file           : D:/repo/XCKU5PMini/udp_hls_10g/board/ku5p_probe/bank_probe.log
# Journal file       : 
# Running On         : xyz-intel
# Platform           : Windows Server 2016 or Windows 10
# Operating System   : 26200
# Processor Detail   : Intel(R) Core(TM) Ultra 7 265K
# CPU Frequency      : 3878 MHz
# CPU Physical cores : 20
# CPU Logical cores  : 20
# Host memory        : 68053 MB
# Swap memory        : 4294 MB
# Total Virtual      : 72348 MB
# Available Virtual  : 53634 MB
#-----------------------------------------------------------
source bank_probe.tcl
# set part_name xcku5p-ffvb676-1-e
# link_design -part $part_name
Command: link_design -part xcku5p-ffvb676-1-e
Design is defaulting to srcset: sources_1
Design is defaulting to constrset: constrs_1
INFO: [Device 21-403] Loading part xcku5p-ffvb676-1-e
Netlist sorting complete. Time (s): cpu = 00:00:00 ; elapsed = 00:00:00 . Memory (MB): peak = 1673.906 ; gain = 0.000
INFO: [Project 1-570] Preparing netlist for logic optimization
INFO: [Opt 31-138] Pushed 0 inverter(s) to 0 load pin(s).
Netlist sorting complete. Time (s): cpu = 00:00:00 ; elapsed = 00:00:00 . Memory (MB): peak = 1673.906 ; gain = 0.000
INFO: [Project 1-111] Unisim Transformation Summary:
No Unisim elements were transformed.

4 Infos, 0 Warnings, 0 Critical Warnings and 0 Errors encountered.
link_design completed successfully
link_design: Time (s): cpu = 00:00:09 ; elapsed = 00:00:08 . Memory (MB): peak = 1673.906 ; gain = 1361.094
# set pins {B10 E11 E10 D10 A10 D11 F9 F10 K9 K10 G9 J10 G10 B9 A9 T25 U25 AB7 J9}
# puts "PIN  FUNC            BANK  IOSTANDARD-CAP"
PIN  FUNC            BANK  IOSTANDARD-CAP
# foreach p $pins {
#     set pp [get_package_pins $p]
#     if {[llength $pp] == 0} { puts "$p  <NOT FOUND>"; continue }
#     puts [format "%-4s %-15s %-5s" $p [get_property PIN_FUNC $pp] [get_property BANK $pp]]
# }
B10  IO_L11P_AD1P_86 86   
E11  IO_L7P_HDGC_AD5P_86 86   
E10  IO_L7N_HDGC_AD5N_86 86   
D10  IO_L8N_HDGC_AD4N_86 86   
A10  IO_L11N_AD1N_86 86   
D11  IO_L8P_HDGC_AD4P_86 86   
F9   IO_L6N_HDGC_AD6N_86 86   
F10  IO_L6P_HDGC_AD6P_86 86   
K9   IO_L1N_AD11N_86 86   
K10  IO_L1P_AD11P_86 86   
G9   IO_L5N_HDGC_AD7N_86 86   
J10  IO_L2N_AD10N_86 86   
G10  IO_L5P_HDGC_AD7P_86 86   
B9   IO_L10P_AD2P_86 86   
A9   IO_L10N_AD2N_86 86   
T25  IO_L14P_T2L_N2_GC_A04_D20_65 65   
U25  IO_L14N_T2L_N3_GC_A05_D21_65 65   
AB7  MGTREFCLK0P_224 224  
J9   IO_L3P_AD9P_86  86   
# puts "=== IOBANK ÂàóË°® (USED_PINS Âè?ËÉΩ‰∏∫Á©?) ==="
=== IOBANK ÂàóË°® (USED_PINS Âè?ËÉΩ‰∏∫Á©?) ===
# foreach b [get_iobanks] {
#     set t "-"; catch { set t [get_property BANK_TYPE $b] }
#     puts "bank [get_property NAME $b] type=$t"
# }
bank 0 type=BT_NO_USER_IO
bank 64 type=BT_HIGH_PERFORMANCE
bank 65 type=BT_HIGH_PERFORMANCE
bank 66 type=BT_HIGH_PERFORMANCE
bank 67 type=BT_HIGH_PERFORMANCE
bank 84 type=BT_HIGH_DENSITY
bank 86 type=BT_HIGH_DENSITY
bank 87 type=BT_HIGH_DENSITY
bank 224 type=BT_MGT
bank 225 type=BT_MGT
bank 226 type=BT_MGT
bank 227 type=BT_MGT
# puts "=== IDELAY/ODELAY site ==="
=== IDELAY/ODELAY site ===
# set dly [get_sites -quiet -filter {SITE_TYPE =~ "*IDELAY*"}]
# set odly [get_sites -quiet -filter {SITE_TYPE =~ "*ODELAY*"}]
# puts "IDELAY sites = [llength $dly]  (Ââ? 3: [lrange $dly 0 2])"
IDELAY sites = 0  (Ââ? 3: )
# puts "ODELAY sites = [llength $odly] (Ââ? 3: [lrange $odly 0 2])"
ODELAY sites = 0 (Ââ? 3: )
# puts "=== IOB33 site Êï°„ ==="
=== IOB33 site Êï°„ ===
# puts "IOB33 = [llength [get_sites -quiet -filter {SITE_TYPE == IOB33}]]"
IOB33 = 0
INFO: [Common 17-206] Exiting Vivado at Mon Sep 28 21:17:04 2026...
