#-----------------------------------------------------------
# Vivado v2025.2 (64-bit)
# SW Build 6299465 on Fri Nov 14 19:35:11 GMT 2025
# IP Build 6300035 on Fri Nov 14 10:48:45 MST 2025
# SharedData Build 6298862 on Thu Nov 13 04:50:51 MST 2025
# Start of session at: Mon Sep 28 21:17:11 2026
# Process ID         : 23844
# Current directory  : D:/repo/XCKU5PMini/udp_hls_10g/board/ku5p_probe
# Command line       : vivado.exe -mode batch -source site_probe.tcl -log site_probe.log -nojournal
# Log file           : D:/repo/XCKU5PMini/udp_hls_10g/board/ku5p_probe/site_probe.log
# Journal file       : 
# Running On         : xyz-intel
# Platform           : Windows Server 2016 or Windows 10
# Operating System   : 26200
# Processor Detail   : Intel(R) Core(TM) Ultra 7 265K
# CPU Frequency      : 3878 MHz
# CPU Physical cores : 20
# CPU Logical cores  : 20
# Host memory        : 68053 MB
# Swap memory        : 4294 MB
# Total Virtual      : 72348 MB
# Available Virtual  : 53665 MB
#-----------------------------------------------------------
source site_probe.tcl
# link_design -part xcku5p-ffvb676-1-e
Command: link_design -part xcku5p-ffvb676-1-e
Design is defaulting to srcset: sources_1
Design is defaulting to constrset: constrs_1
INFO: [Device 21-403] Loading part xcku5p-ffvb676-1-e
Netlist sorting complete. Time (s): cpu = 00:00:00 ; elapsed = 00:00:00 . Memory (MB): peak = 1675.250 ; gain = 0.000
INFO: [Project 1-570] Preparing netlist for logic optimization
INFO: [Opt 31-138] Pushed 0 inverter(s) to 0 load pin(s).
Netlist sorting complete. Time (s): cpu = 00:00:00 ; elapsed = 00:00:00 . Memory (MB): peak = 1675.250 ; gain = 0.000
INFO: [Project 1-111] Unisim Transformation Summary:
No Unisim elements were transformed.

4 Infos, 0 Warnings, 0 Critical Warnings and 0 Errors encountered.
link_design completed successfully
link_design: Time (s): cpu = 00:00:09 ; elapsed = 00:00:08 . Memory (MB): peak = 1675.250 ; gain = 1363.199
# set all [get_sites]
# puts "SITE ÊÄªÊï∞ = [llength $all]"
SITE ÊÄªÊï∞ = 42197
# puts "=== Âî?‰∏Ä SITE_TYPE ==="
=== Âî?‰∏Ä SITE_TYPE ===
# foreach t [lsort -unique [get_property SITE_TYPE $all]] { puts "  $t : [llength [get_sites -quiet -filter "SITE_TYPE == $t"]]" }
  BIAS : 8
  BITSLICE_CONTROL : 32
  BITSLICE_RX_TX : 208
  BITSLICE_TX : 32
  BUFCE_LEAF : 9600
  BUFCE_ROW : 96
  BUFCE_ROW_FSR : 540
  BUFGCE : 96
  BUFGCE_DIV : 16
  BUFGCE_HDIO : 16
  BUFGCTRL : 32
  BUFG_GT : 96
  BUFG_GT_SYNC : 60
  CFGIO_SITE : 1
  CMACE4 : 1
  CONFIG_SITE : 1
  DSP48E2 : 1824
  GTYE4_CHANNEL : 16
  GTYE4_COMMON : 4
  HARD_SYNC : 160
  HDIOBDIFFINBUF : 48
  HDIOB_M : 48
  HDIOB_S : 48
  HDIOLOGIC_M : 48
  HDIOLOGIC_S : 48
  HDIO_BIAS : 4
  HDIO_VREF : 4
  HPIOBDIFFINBUF : 96
  HPIOBDIFFOUTBUF : 96
  HPIOB_M : 96
  HPIOB_S : 96
  HPIOB_SNGL : 16
  HPIO_VREF_SITE : 8
  MMCM : 4
  PCIE40E4 : 1
  PLL : 8
  PLL_SELECT_SITE : 32
  RAMB181 : 480
  RAMBFIFO18 : 480
  RAMBFIFO36 : 480
  RIU_OR : 16
  SLICEL : 14640
  SLICEM : 12480
  SYSMONE4 : 1
  URAM288 : 64
  XIPHY_FEEDTHROUGH : 16
# puts "=== ÂêçÂ≠óÈáåÂê´ DELAY Áö? site ==="
=== ÂêçÂ≠óÈáåÂê´ DELAY Áö? site ===
# puts [lrange [get_sites -quiet -filter {NAME =~ "*DELAY*"}] 0 5]

# puts "Âê? DELAY Áö? site Êï°„ = [llength [get_sites -quiet -filter {NAME =~ "*DELAY*"}]]"
Âê? DELAY Áö? site Êï°„ = 0
# puts "=== bank 86 ÈáåÁöÑ site (Ââ? 8) ==="
=== bank 86 ÈáåÁöÑ site (Ââ? 8) ===
# set b86 [get_sites -quiet -of_objects [get_iobanks 86]]
# puts "bank86 site Êï°„ = [llength $b86]"
bank86 site Êï°„ = 24
# puts [lrange $b86 0 7]
IOB_X1Y130 IOB_X1Y131 IOB_X1Y132 IOB_X1Y133 IOB_X1Y134 IOB_X1Y135 IOB_X1Y136 IOB_X1Y137
# if {[llength $b86]} { puts "Á±ªÂûã: [lsort -unique [get_property SITE_TYPE $b86]]" }
Á±ªÂûã: HDIOB_M HDIOB_S
INFO: [Common 17-206] Exiting Vivado at Mon Sep 28 21:17:28 2026...
