#-----------------------------------------------------------
# xsim v2025.2 (64-bit)
# SW Build 6299465 on Fri Nov 14 19:35:11 GMT 2025
# IP Build 6300035 on Fri Nov 14 10:48:45 MST 2025
# SharedData Build 6298862 on Thu Nov 13 04:50:51 MST 2025
# Start of session at: Wed Sep 30 20:03:26 2026
# Process ID         : 29260
# Current directory  : D:/repo/XCKU5PMini/udp_hls_10g/_proj_10g/notes/p7b_biz_reg/ab_base
# Command line       : xsim.exe -log xsim.log -mode tcl -source {xsim.dir/ab_base/xsim_script.tcl}
# Log file           : D:/repo/XCKU5PMini/udp_hls_10g/_proj_10g/notes/p7b_biz_reg/ab_base/xsim.log
# Journal file       : D:/repo/XCKU5PMini/udp_hls_10g/_proj_10g/notes/p7b_biz_reg/ab_base\xsim.jou
# Running On         : xyz-intel
# Platform           : Windows Server 2016 or Windows 10
# Operating System   : 26200
# Processor Detail   : Intel(R) Core(TM) Ultra 7 265K
# CPU Frequency      : 3878 MHz
# CPU Physical cores : 20
# CPU Logical cores  : 20
# Host memory        : 68053 MB
# Swap memory        : 4294 MB
# Total Virtual      : 72348 MB
# Available Virtual  : 42992 MB
#-----------------------------------------------------------
source xsim.dir/ab_base/xsim_script.tcl
# xsim {ab_base} -autoloadwcfg -runall
Time resolution is 1 ps
run -all
  [pre 0] cyc=1491 d=1491 wire=0 | app txs=1 gap=0 sent=0 bcnt=6 wr=0 fifo_full=0 utx_busy=1
  [pre 1] cyc=3075 d=1584 wire=1525 | app txs=1 gap=0 sent=112 bcnt=4 wr=0 fifo_full=0 utx_busy=1
  [pre 2] cyc=4659 d=1584 wire=1525 | app txs=1 gap=0 sent=224 bcnt=2 wr=0 fifo_full=0 utx_busy=1
  [pre 3] cyc=6243 d=1584 wire=1525 | app txs=1 gap=0 sent=336 bcnt=0 wr=1 fifo_full=0 utx_busy=1
  [pre 4] cyc=7827 d=1584 wire=1525 | app txs=1 gap=0 sent=440 bcnt=6 wr=0 fifo_full=0 utx_busy=1
  [pre 5] cyc=9411 d=1584 wire=1525 | app txs=1 gap=0 sent=552 bcnt=4 wr=0 fifo_full=0 utx_busy=1
  [pre 6] cyc=10995 d=1584 wire=1525 | app txs=1 gap=0 sent=664 bcnt=2 wr=0 fifo_full=0 utx_busy=1
  [pre 7] cyc=12579 d=1584 wire=1525 | app txs=1 gap=0 sent=760 bcnt=6 wr=0 fifo_full=0 utx_busy=1
  [pre 8] cyc=14163 d=1584 wire=1525 | app txs=1 gap=0 sent=760 bcnt=6 wr=0 fifo_full=0 utx_busy=1
  [pre 9] cyc=15747 d=1584 wire=1525 | app txs=1 gap=0 sent=760 bcnt=6 wr=0 fifo_full=0 utx_busy=1
  [pre 10] cyc=17331 d=1584 wire=1525 | app txs=1 gap=0 sent=760 bcnt=6 wr=0 fifo_full=0 utx_busy=1
  [pre 11] cyc=18915 d=1584 wire=1525 | app txs=1 gap=0 sent=760 bcnt=6 wr=0 fifo_full=0 utx_busy=1
--- tb_app_udp_rate: TXGAP=0 paylen=1472 ---
  frames on wire      = 41 (period samples 35)
  mean frame period   = 1584 cycles (12.672 us)
  mean wire len       = 1525 B
  PAYLOAD RATE        = 929.3 Mbps
  WIRE RATE           = 962.8 Mbps
  app tx_frames=41 bytes=61112 | utx frames=40 bytes=58880 drop=0 | mac frames=40 abort=0
RATE TB DONE
$finish called at time : 518980 ns : File "D:/repo/XCKU5PMini/udp_hls_10g/_proj_10g/notes/p7b_biz_reg/ab_base/tb_app_udp_rate.v" Line 180
exit
INFO: [Common 17-206] Exiting xsim at Wed Sep 30 20:03:28 2026...
