  [PASS] 1  MAGIC = 50360001
  [PASS] 2  BUILD_ID = 00000001
  [PASS] 3aяяя™яяязяЇ rresp = 00000000
  [PASS] 3b SCRATCяяяЇяяяћ = a5a55a5a
  [PASS] 4  яяяияяяЂяяяљяяяЏЄ byte0 яя) = ffffff11
  [PASS] 5  FREECNT йЂ’еўћ (32 -> 36)
  [PASS] 6  MARKER = deadbeef
  [PASS] яяяжяяя®яяя°яя» rresp (0xB0) = 00000002
  [PASS] яяяжяяя®яяя°яя™ bresp (0xB0) = 00000002
  [PASS] 8  HW_STATUS = 00000005
  [PASS] яяяжяяя®яяя°яя» rresp (0xB0) = 00000002
  [PASS] 10a SNAP_STATяяяеяяяЅяяяј = 00000000
  [PASS] 10b 36 яяяеяяя¤яяяЌяяяеяЁ 0 = 00000000
  [PASS] 11aяяя™ 0x1яяя‡’ snap_rяяяеяћ 1 = 00000001
  [PASS] 11яяя†™ 0x18 bresp = 00000000
  [PASS] яяя†™ 0x08/0xB0 яяяёяяя—яяя§яяя‘ = 00000000
  [PASS] 12 SNAP_STATUS.busяяяЂяяя  = 00000001
  [PASS] 13a donяяяЅяяя· = 00000001
  [PASS] 13b seeяяяЅяяя· = 00000001
  [PASS] 13c gen = 1 = 00000001
  [PASS] d 36яяяЄяяяйяяя­яяяЋяяяеяяяёяяяґ = 00000000
  [PASS] 14a яяяеяяяђЋ doяяяжя… 0 = 00000000
  [PASS] 14b яяяеяяяёяяя№ gen = 00000001
  [PASS] 15a gen яяяеяяяёяяяґ = 00000000
  [PASS] 15b 36 яяяеяяя»яяяжяяяђяяяЎяя°) = 00000000
  [PASS] 15c 36 яя— яяяіяяяҐяяяйяяяёяяяЈ = 00000258
  [PASS] 16a gen е®€еЌ«еЏ‘зЋ°иЇ»е€°дёЂеЌЉжЌўдє†д»Ј (3 -> 4)
  [PASS] 16b иЇ»е€°зљ„ 36 е­—зЎ®е®ћи·Ёд»Ј (tag 0002bc ... 0002bd) в‡’ е®€еЌ«дёЌжЇз©єе€¤жЌ®
  [PASS] яяяжяяя®яяя°яя» rresp (0xB0) = 00000002
  [PASS] 18a [6]яяяжяяяЂяяя  = 00000000
  [PASS] 18b [5:3]яяяжяяяЂяяя  = 00000000
  [PASS] 18c [6] = locked_axяяяЂяяя  = 00000001
  [PASS] 18d [5:3] = fe_statяяяЂяяя  = 00000005
  [PASS] яяяЅяяяЌяя яяя°яяядяяяЉяяяЃяяЌ) = 00000006
  [PASS] 15:7яяяїяяя»яяЁ яяяйяяяЎяяя…яяє) = 00000000
PASS_ALL  tb_axi_regs: 22 йЎ№е€¤жЌ®е…Ёиї‡
