  [PASS] 7  busy=0 / valid=0 (æ— å‡è„‰å†²)
  [PASS] ÿÿÿæÿ¡ rÿÿÿåÿÿÿºÿÿÿŸÿÿÿæÿÿÿ¿ÿÿÿ§ = 00000001
  [PASS] q_feÿÿÿ€ÿÿÿèÿÿÿ»ÿÿÿ˜ÿÿÿåÿÿÿ‹ÿÿÿ° = 00000001
  [PASS] q_dpÿÿÿ€ÿÿÿèÿÿÿ»ÿÿÿ˜ÿÿÿåÿÿÿ‹ÿÿÿ° = 00000001
  [PASS] 1  W20 = a0a00007 (åæ§½å·: fe[7])
  [PASS] 1  W21 = a0a00006 (åæ§½å·: fe[6])
  [PASS] 1  W26 = a0a00009 (åæ§½å·: fe[9])
  [PASS] 1  W27 = a0a00008 (åæ§½å·: fe[8])
  [PASS] 1  36 ä¸ªå­—é€å­—ä¸Žç‹¬ç«‹é‡å†™çš„å¯¹ç…§è¡¨ä¸€è‡´
  [PASS] 2  t(FE é”å­˜)=1060.0ns <= t(DP é”å­˜)=1097.6ns (é“¾å¼æ–¹å‘æˆç«‹)
  [PASS] 2bÿÿÿ‚2 W0  = fe[0ÿÿÿ ÿÿÿ° = fe000000
  [PASS]   = fe[5ÿÿÿèÿÿÿ”ÿÿÿ¡ÿÿ°,ÿÿÿÿÿ¼) = 00000000
  [PASS] 2dÿÿÿ‚2 W6  = dp[0ÿÿÿ ÿÿÿ° = d0000000
  [PASS] 2eÿÿÿ‚2 W20 = fe[7ÿÿÿ ÿÿÿ° = fe000007
  [PASS]  = dp[16ÿÿÿèÿÿÿ”ÿÿÿ¡ÿÿ°,ÿÿÿÿÿ¼) = 00000000
  [PASS] 2gÿÿÿ‚2 W26 = fe[9ÿÿÿ ÿÿÿ° = fe000009
  [PASS] 2h ÿÿ‚2 W31 = dp[21ÿÿÿ ÿÿÿ° = d0000015
  [PASS] 3  å¯¹è°ƒåŽ t(FE)=1188.0ns > t(DP)=1142.4ns â‡’ åˆ¤æ®2 **æœ‰åˆ¤åˆ«åŠ›** (ä¸æ˜¯ç©ºåˆ¤æ®)
  [INFO] 6  Î”W5=1272 Î”W24=1590 Î”t=10176.0ns â‡’ FE=125.000 MHz  DP=156.250 MHz
  [PASS] 6a å‰ç«¯æŸ â‰ˆ125MHz (å®žæµ‹ 125.000)
  [PASS] 6b æ•°æ®é¢æŸ â‰ˆ156.25MHz (å®žæµ‹ 156.250)
PASS_ALL  tb_snap_seq: 7 ç»„åˆ¤æ®å…¨è¿‡ (å«é¡ºåºè´Ÿå¯¹ç…§)
INFO: [Common 17-206] Exiting xsim at Tue Sep 29 10:21:18 2026...
