Copyright 1986-2022 Xilinx, Inc. All Rights Reserved. Copyright 2022-2025 Advanced Micro Devices, Inc. All Rights Reserved.
---------------------------------------------------------------------------------------------------------------------------------------------
| Tool Version : Vivado v.2025.2 (win64) Build 6299465 Fri Nov 14 19:35:11 GMT 2025
| Date         : Sun Oct 11 08:38:42 2026
| Host         : xyz-intel running 64-bit major release  (build 9200)
| Command      : report_utilization -file D:/repo/XCKU5PMini/udp_hls_10g/_proj_10g/notes/p7b_m1_synth/synth_pre_util.rpt
| Design       : wrapper_p4
| Device       : xcku5p-ffvb676-1-e
| Speed File   : -1
| Design State : Synthesized
---------------------------------------------------------------------------------------------------------------------------------------------

Utilization Design Information

Table of Contents
-----------------
1. CLB Logic
1.1 Summary of Registers by Type
2. BLOCKRAM
3. ARITHMETIC
4. I/O
5. CLOCK
6. ADVANCED
7. CONFIGURATION
8. Primitives
9. Black Boxes
10. Instantiated Netlists

1. CLB Logic
------------

+----------------------------+-------+-------+------------+-----------+-------+
|          Site Type         |  Used | Fixed | Prohibited | Available | Util% |
+----------------------------+-------+-------+------------+-----------+-------+
| CLB LUTs*                  | 82525 |     0 |          0 |    216960 | 38.04 |
|   LUT as Logic             | 74885 |     0 |          0 |    216960 | 34.52 |
|   LUT as Memory            |  7640 |     0 |          0 |     99840 |  7.65 |
|     LUT as Distributed RAM |  7588 |     0 |            |           |       |
|     LUT as Shift Register  |    52 |     0 |            |           |       |
| CLB Registers              | 78454 |     0 |          0 |    433920 | 18.08 |
|   Register as Flip Flop    | 78454 |     0 |          0 |    433920 | 18.08 |
|   Register as Latch        |     0 |     0 |          0 |    433920 |  0.00 |
| CARRY8                     |  1555 |     0 |          0 |     27120 |  5.73 |
| F7 Muxes                   |  3590 |     0 |          0 |    108480 |  3.31 |
| F8 Muxes                   |  1178 |     0 |          0 |     54240 |  2.17 |
| F9 Muxes                   |     0 |     0 |          0 |     27120 |  0.00 |
| Unique Control Sets        |  3245 |       |          0 |     54240 |  5.98 |
+----------------------------+-------+-------+------------+-----------+-------+
* Warning! The Final LUT count, after physical optimizations and full implementation, is typically lower. Run opt_design after synthesis, if not already completed, for a more realistic count.
Warning! LUT value is adjusted to account for LUT combining.
Warning! For any ECO changes, please run place_design if there are unplaced instances
** Note: Available Control Sets calculated as Slices * 2, Review the Control Sets Report for more information regarding control sets.


1.1 Summary of Registers by Type
--------------------------------

+-------+--------------+-------------+--------------+
| Total | Clock Enable | Synchronous | Asynchronous |
+-------+--------------+-------------+--------------+
| 0     |            _ |           - |            - |
| 0     |            _ |           - |          Set |
| 0     |            _ |           - |        Reset |
| 0     |            _ |         Set |            - |
| 0     |            _ |       Reset |            - |
| 0     |          Yes |           - |            - |
| 555   |          Yes |           - |          Set |
| 36400 |          Yes |           - |        Reset |
| 656   |          Yes |         Set |            - |
| 40843 |          Yes |       Reset |            - |
+-------+--------------+-------------+--------------+


2. BLOCKRAM
-----------

+-------------------+------+-------+------------+-----------+-------+
|     Site Type     | Used | Fixed | Prohibited | Available | Util% |
+-------------------+------+-------+------------+-----------+-------+
| Block RAM Tile    |  350 |     0 |          0 |       480 | 72.92 |
|   RAMB36/FIFO*    |  319 |     0 |          0 |       480 | 66.46 |
|     RAMB36E2 only |  319 |       |            |           |       |
|   RAMB18          |   62 |     0 |          0 |       960 |  6.46 |
|     RAMB18E2 only |   62 |       |            |           |       |
| URAM              |    0 |     0 |          0 |        64 |  0.00 |
+-------------------+------+-------+------------+-----------+-------+
* Note: Each Block RAM Tile only has one FIFO logic available and therefore can accommodate only one FIFO36E2 or one FIFO18E2. However, if a FIFO18E2 occupies a Block RAM Tile, that tile can still accommodate a RAMB18E2


3. ARITHMETIC
-------------

+----------------+------+-------+------------+-----------+-------+
|    Site Type   | Used | Fixed | Prohibited | Available | Util% |
+----------------+------+-------+------------+-----------+-------+
| DSPs           |    4 |     0 |          0 |      1824 |  0.22 |
|   DSP48E2 only |    4 |       |            |           |       |
+----------------+------+-------+------------+-----------+-------+


4. I/O
------

+------------------+------+-------+------------+-----------+-------+
|     Site Type    | Used | Fixed | Prohibited | Available | Util% |
+------------------+------+-------+------------+-----------+-------+
| Bonded IOB       |   10 |    10 |          0 |       280 |  3.57 |
|   HPIOB_M        |    1 |     1 |          0 |        96 |  1.04 |
|     INPUT        |    1 |       |            |           |       |
|     OUTPUT       |    0 |       |            |           |       |
|     BIDIR        |    0 |       |            |           |       |
|   HPIOB_S        |    1 |     1 |          0 |        96 |  1.04 |
|     INPUT        |    1 |       |            |           |       |
|     OUTPUT       |    0 |       |            |           |       |
|     BIDIR        |    0 |       |            |           |       |
|   HDIOB_M        |    6 |     6 |          0 |        36 | 16.67 |
|     INPUT        |    1 |       |            |           |       |
|     OUTPUT       |    5 |       |            |           |       |
|     BIDIR        |    0 |       |            |           |       |
|   HDIOB_S        |    2 |     2 |          0 |        36 |  5.56 |
|     INPUT        |    0 |       |            |           |       |
|     OUTPUT       |    2 |       |            |           |       |
|     BIDIR        |    0 |       |            |           |       |
|   HPIOB_SNGL     |    0 |     0 |          0 |        16 |  0.00 |
| HPIOBDIFFINBUF   |    1 |     1 |          0 |        96 |  1.04 |
|   DIFFINBUF      |    1 |     1 |            |           |       |
| HPIOBDIFFOUTBUF  |    0 |     0 |          0 |        96 |  0.00 |
| HDIOBDIFFINBUF   |    0 |     0 |          0 |        48 |  0.00 |
| BITSLICE_CONTROL |    0 |     0 |          0 |        32 |  0.00 |
| BITSLICE_RX_TX   |    0 |     0 |          0 |      1248 |  0.00 |
| BITSLICE_TX      |    0 |     0 |          0 |        32 |  0.00 |
| RIU_OR           |    0 |     0 |          0 |        16 |  0.00 |
+------------------+------+-------+------------+-----------+-------+


5. CLOCK
--------

+------------+------+-------+------------+-----------+-------+
|  Site Type | Used | Fixed | Prohibited | Available | Util% |
+------------+------+-------+------------+-----------+-------+
| BUFGCE     |    2 |     0 |          0 |       112 |  1.79 |
| BUFGCE_DIV |    0 |     0 |          0 |        16 |  0.00 |
| BUFG_GT    |   15 |     0 |          0 |        96 | 15.63 |
| BUFGCTRL*  |    0 |     0 |          0 |        32 |  0.00 |
| PLL        |    0 |     0 |          0 |         8 |  0.00 |
| MMCM       |    1 |     0 |          0 |         4 | 25.00 |
+------------+------+-------+------------+-----------+-------+
* Note: Each used BUFGCTRL counts as two GLOBAL CLOCK BUFFERs. This table does not include global clocking resources, only buffer cell usage. See the Clock Utilization Report (report_clock_utilization) for detailed accounting of global clocking resource availability.


6. ADVANCED
-----------

+-----------------+------+-------+------------+-----------+--------+
|    Site Type    | Used | Fixed | Prohibited | Available |  Util% |
+-----------------+------+-------+------------+-----------+--------+
| CMACE4          |    0 |     0 |          0 |         1 |   0.00 |
| GTYE4_CHANNEL   |    6 |     6 |          0 |        16 |  37.50 |
| GTYE4_COMMON    |    2 |     0 |          0 |         4 |  50.00 |
| OBUFDS_GTE4     |    0 |     0 |          0 |         8 |   0.00 |
| OBUFDS_GTE4_ADV |    0 |     0 |          0 |         8 |   0.00 |
| PCIE40E4        |    1 |     1 |          0 |         1 | 100.00 |
| SYSMONE4        |    0 |     0 |          0 |         1 |   0.00 |
+-----------------+------+-------+------------+-----------+--------+


7. CONFIGURATION
----------------

+-------------+------+-------+------------+-----------+-------+
|  Site Type  | Used | Fixed | Prohibited | Available | Util% |
+-------------+------+-------+------------+-----------+-------+
| BSCANE2     |    0 |     0 |          0 |         4 |  0.00 |
| DNA_PORTE2  |    0 |     0 |          0 |         1 |  0.00 |
| EFUSE_USR   |    0 |     0 |          0 |         1 |  0.00 |
| FRAME_ECCE4 |    0 |     0 |          0 |         1 |  0.00 |
| ICAPE3      |    0 |     0 |          0 |         2 |  0.00 |
| MASTER_JTAG |    0 |     0 |          0 |         1 |  0.00 |
| STARTUPE3   |    0 |     0 |          0 |         1 |  0.00 |
+-------------+------+-------+------------+-----------+-------+


8. Primitives
-------------

+---------------+-------+---------------------+
|    Ref Name   |  Used | Functional Category |
+---------------+-------+---------------------+
| FDRE          | 40843 |            Register |
| LUT6          | 37596 |                 CLB |
| FDCE          | 36400 |            Register |
| LUT5          | 15680 |                 CLB |
| LUT3          | 14198 |                 CLB |
| LUT4          |  9930 |                 CLB |
| LUT2          |  9148 |                 CLB |
| RAMD64E       |  5364 |                 CLB |
| MUXF7         |  3590 |                 CLB |
| RAMD32        |  3342 |                 CLB |
| LUT1          |  2195 |                 CLB |
| CARRY8        |  1555 |                 CLB |
| MUXF8         |  1178 |                 CLB |
| RAMS32        |   738 |                 CLB |
| FDSE          |   656 |            Register |
| FDPE          |   555 |            Register |
| RAMB36E2      |   319 |            BLOCKRAM |
| RAMB18E2      |    62 |            BLOCKRAM |
| SRL16E        |    45 |                 CLB |
| RAMS64E       |    36 |                 CLB |
| BUFG_GT       |    15 |               Clock |
| BUFG_GT_SYNC  |    10 |               Clock |
| SRLC32E       |     7 |                 CLB |
| OBUF          |     7 |                 I/O |
| GTYE4_CHANNEL |     6 |            Advanced |
| DSP48E2       |     4 |          Arithmetic |
| IBUFDS_GTE4   |     2 |                 I/O |
| IBUFCTRL      |     2 |              Others |
| GTYE4_COMMON  |     2 |            Advanced |
| BUFGCE        |     2 |               Clock |
| PCIE40E4      |     1 |            Advanced |
| MMCME4_ADV    |     1 |               Clock |
| INBUF         |     1 |                 I/O |
| DIFFINBUF     |     1 |                 I/O |
+---------------+-------+---------------------+


9. Black Boxes
--------------

+----------+------+
| Ref Name | Used |
+----------+------+


10. Instantiated Netlists
-------------------------

+----------+------+
| Ref Name | Used |
+----------+------+
| xdma_0   |    1 |
| pcs64    |    1 |
+----------+------+


