#-----------------------------------------------------------
# xsim v2025.2 (64-bit)
# SW Build 6299465 on Fri Nov 14 19:35:11 GMT 2025
# IP Build 6300035 on Fri Nov 14 10:48:45 MST 2025
# SharedData Build 6298862 on Thu Nov 13 04:50:51 MST 2025
# Start of session at: Sat Oct 10 18:11:26 2026
# Process ID         : 27172
# Current directory  : D:/repo/XCKU5PMini/udp_hls_10g/_proj_10g/notes/p7b_tool_debt_20261010/task2/rm2_oldrtl_newtb
# Command line       : xsim.exe -log xsim.log -mode tcl -source {xsim.dir/tb_sim/xsim_script.tcl}
# Log file           : D:/repo/XCKU5PMini/udp_hls_10g/_proj_10g/notes/p7b_tool_debt_20261010/task2/rm2_oldrtl_newtb/xsim.log
# Journal file       : D:/repo/XCKU5PMini/udp_hls_10g/_proj_10g/notes/p7b_tool_debt_20261010/task2/rm2_oldrtl_newtb\xsim.jou
# Running On         : xyz-intel
# Platform           : Windows Server 2016 or Windows 10
# Operating System   : 26300
# Processor Detail   : Intel(R) Core(TM) Ultra 7 265K
# CPU Frequency      : 3878 MHz
# CPU Physical cores : 20
# CPU Logical cores  : 20
# Host memory        : 68053 MB
# Swap memory        : 4294 MB
# Total Virtual      : 72348 MB
# Available Virtual  : 47901 MB
#-----------------------------------------------------------
source xsim.dir/tb_sim/xsim_script.tcl
# xsim {tb_sim} -autoloadwcfg -runall
Time resolution is 1 ps
run -all
PASS PHYID1: phy 1 reg 2 -> 001c
PASS PHYID2: phy 1 reg 3 -> c915
PASS BMCR-default: phy 1 reg 0 -> 0000
PASS no-response: phy 7 reg 2 -> ffff
PASS BMCR-write: phy 1 reg 0 wr -> 8000 captured
PASS ANAR-write: phy 1 reg 4 wr -> 01e1 captured
PASS PHYID1-again: phy 1 reg 2 -> 001c
PASS PHYID2-again: phy 1 reg 3 -> c915
FAIL busy-start-rej: start dropped during busy was NOT recorded (stat_start_lost=0)
PASS after-lost: phy 1 reg 3 -> c915
PASS stat_start_lost cleared by the next accepted start
INFO DIV-guard: DIV=65537 -> first MDC half-period 1 clk (period 2 clk = 50000000.0 Hz @100MHz)
INFO DIV-guard: DIV=65536 -> first MDC half-period 65536 clk (period 131072 clk = 762.9 Hz @100MHz)
INFO DIV-guard: pre-guard truncation gave DIV[15:0]=1 -> half-period 1 clk -> 50000000.0 Hz
FAIL DIV-guard: DIV=65537 clamped but param_bad=0 (clamp would be silent)
PASS DIV-guard: param_bad stays 0 for legal DIV (65536 and the main DUT's 4)
FAIL DIV-guard: clamped half-period 1 clk is FASTER than the legal maximum (want >= 65536)
FAIL DIV-guard: clamped arm 1 clk != legal-max arm 65536 clk (clamp target wrong)
PASS contention: master and PHY never drove together (640 MDC edges)
INFO frame span = 512 clk (busy rose @4682, fell @5194), want 512
PASS MDC timing: frame = 512 clk = 64 bits x 2 edges x DIV=4 -> 12.50 MHz MDC at 100MHz
     synthesised DIV=25 -> 2.00 MHz, inside the 2.5MHz clause-22 limit
== RESULT: FAIL (4 errors) ==
$finish called at time : 655515 ns : File "D:/repo/XCKU5PMini/udp_hls_10g/_proj_10g/notes/p7b_tool_debt_20261010/task2/rm2_oldrtl_newtb/tb_mdio_master.v" Line 488
exit
INFO: [Common 17-206] Exiting xsim at Sat Oct 10 18:11:28 2026...
