#-----------------------------------------------------------
# xsim v2025.2 (64-bit)
# SW Build 6299465 on Fri Nov 14 19:35:11 GMT 2025
# IP Build 6300035 on Fri Nov 14 10:48:45 MST 2025
# SharedData Build 6298862 on Thu Nov 13 04:50:51 MST 2025
# Start of session at: Wed Sep 30 16:49:44 2026
# Process ID         : 31524
# Current directory  : D:/repo/XCKU5PMini/udp_hls_10g/_proj_10g/notes/p7b_rate8/sim/runRA
# Command line       : xsim.exe -log xs_lvl_mac.log -mode tcl -source {xsim.dir/tb_lvl_mac/xsim_script.tcl}
# Log file           : D:/repo/XCKU5PMini/udp_hls_10g/_proj_10g/notes/p7b_rate8/sim/runRA/xs_lvl_mac.log
# Journal file       : D:/repo/XCKU5PMini/udp_hls_10g/_proj_10g/notes/p7b_rate8/sim/runRA\xsim.jou
# Running On         : xyz-intel
# Platform           : Windows Server 2016 or Windows 10
# Operating System   : 26200
# Processor Detail   : Intel(R) Core(TM) Ultra 7 265K
# CPU Frequency      : 3878 MHz
# CPU Physical cores : 20
# CPU Logical cores  : 20
# Host memory        : 68053 MB
# Swap memory        : 4294 MB
# Total Virtual      : 72348 MB
# Available Virtual  : 44390 MB
#-----------------------------------------------------------
source xsim.dir/tb_lvl_mac/xsim_script.tcl
# xsim {tb_lvl_mac} -autoloadwcfg -runall
Time resolution is 1 ps
run -all
--- tb_lvl_mac: mac_tx_10g ONLY (infinite-ready source) ---
  clk period          = 6.400 ns (156.25 MHz)
  delta frames        = 207
  delta tx_words      = 40000
  XGMII WORDS PER FRAME = 193.237
  XGMII WIRE RATE       = 1932.367 Gbps
  PAYLOAD RATE          = 9522.0 Mbps
  dbg_tx_last_clen=1514 abort=0 short=0 flush_w=0 flush_done=0
LVLMAC DONE
$finish called at time : 257404800 ps : File "D:/repo/XCKU5PMini/udp_hls_10g/_proj_10g/notes/p7b_rate/tb_lvl_mac.v" Line 78
exit
INFO: [Common 17-206] Exiting xsim at Wed Sep 30 16:49:48 2026...
