#-----------------------------------------------------------
# xsim v2025.2 (64-bit)
# SW Build 6299465 on Fri Nov 14 19:35:11 GMT 2025
# IP Build 6300035 on Fri Nov 14 10:48:45 MST 2025
# SharedData Build 6298862 on Thu Nov 13 04:50:51 MST 2025
# Start of session at: Wed Sep 30 16:56:02 2026
# Process ID         : 29412
# Current directory  : D:/repo/XCKU5PMini/udp_hls_10g/_proj_10g/notes/p7b_rate8/sim/runRA
# Command line       : xsim.exe -log xs_lvl_app.log -mode tcl -source {xsim.dir/tb_lvl_app/xsim_script.tcl}
# Log file           : D:/repo/XCKU5PMini/udp_hls_10g/_proj_10g/notes/p7b_rate8/sim/runRA/xs_lvl_app.log
# Journal file       : D:/repo/XCKU5PMini/udp_hls_10g/_proj_10g/notes/p7b_rate8/sim/runRA\xsim.jou
# Running On         : xyz-intel
# Platform           : Windows Server 2016 or Windows 10
# Operating System   : 26200
# Processor Detail   : Intel(R) Core(TM) Ultra 7 265K
# CPU Frequency      : 3878 MHz
# CPU Physical cores : 20
# CPU Logical cores  : 20
# Host memory        : 68053 MB
# Swap memory        : 4294 MB
# Total Virtual      : 72348 MB
# Available Virtual  : 43502 MB
#-----------------------------------------------------------
source xsim.dir/tb_lvl_app/xsim_script.tcl
# xsim {tb_lvl_app} -autoloadwcfg -runall
Time resolution is 1 ps
run -all
--- tb_lvl_app: app_udp_pattern TX generator ONLY ---
  clk period          = 6.400 ns (156.25 MHz)
  frames measured     = 20
  MEAN FRAME PERIOD   = 1474 cycles
  CYCLES PER PAYLOAD B= 1.0014  (1472 B/frame)
  PAYLOAD RATE        = 1248.3 Mbps
  app stat_tx_frames=24 stat_tx_bytes=35328
LVLAPP DONE
$finish called at time : 226531200 ps : File "D:/repo/XCKU5PMini/udp_hls_10g/_proj_10g/notes/p7b_rate/tb_lvl_app.v" Line 74
exit
INFO: [Common 17-206] Exiting xsim at Wed Sep 30 16:56:04 2026...
