Copyright 1986-2022 Xilinx, Inc. All Rights Reserved. Copyright 2022-2025 Advanced Micro Devices, Inc. All Rights Reserved.
------------------------------------------------------------------------------------------------------------------------------------------------------
| Tool Version : Vivado v.2025.2 (win64) Build 6299465 Fri Nov 14 19:35:11 GMT 2025
| Date         : Tue Sep 29 22:20:36 2026
| Host         : xyz-intel running 64-bit major release  (build 9200)
| Command      : report_utilization -hierarchical -file D:/repo/XCKU5PMini/udp_hls_10g/_proj_10g/p7b_mac_synth/reports/B_WithMac_util_hier_routed.rpt
| Design       : xxv_mac_top
| Device       : xcku5p-ffvb676-1-e
| Speed File   : -1
| Design State : Routed
------------------------------------------------------------------------------------------------------------------------------------------------------

Utilization Design Information

Table of Contents
-----------------
1. Utilization by Hierarchy

1. Utilization by Hierarchy
---------------------------

+-------------------------------------------------------------------------------------------------------+----------------------------------------------------------------------+------------+------------+---------+------+-------+--------+--------+------+------------+
|                                                Instance                                               |                                Module                                | Total LUTs | Logic LUTs | LUTRAMs | SRLs |  FFs  | RAMB36 | RAMB18 | URAM | DSP Blocks |
+-------------------------------------------------------------------------------------------------------+----------------------------------------------------------------------+------------+------------+---------+------+-------+--------+--------+------+------------+
| xxv_mac_top                                                                                           |                                                                (top) |      12877 |      12673 |     204 |    0 | 19893 |      0 |      0 |    0 |          0 |
|   (xxv_mac_top)                                                                                       |                                                                (top) |        250 |        250 |       0 |    0 |   636 |      0 |      0 |    0 |          0 |
|   DUT                                                                                                 |                                                                pcs64 |       3340 |       3244 |      96 |    0 |  4656 |      0 |      0 |    0 |          0 |
|     inst                                                                                              |                                                        pcs64_wrapper |       3340 |       3244 |      96 |    0 |  4656 |      0 |      0 |    0 |          0 |
|       (inst)                                                                                          |                                                        pcs64_wrapper |         54 |         54 |       0 |    0 |    56 |      0 |      0 |    0 |          0 |
|       i_pcs64_gt                                                                                      |                                                             pcs64_gt |         93 |         93 |       0 |    0 |   211 |      0 |      0 |    0 |          0 |
|         inst                                                                                          |                                                pcs64_gt_gtwizard_top |         93 |         93 |       0 |    0 |   211 |      0 |      0 |    0 |          0 |
|           gen_gtwizard_gtye4_top.pcs64_gt_gtwizard_gtye4_inst                                         |                                              pcs64_gt_gtwizard_gtye4 |         93 |         93 |       0 |    0 |   211 |      0 |      0 |    0 |          0 |
|             gen_gtwizard_gtye4.gen_reset_controller_internal.gen_single_instance.gtwiz_reset_inst     |                    pcs64_gtwizard_ultrascale_v1_7_22_gtwiz_reset_111 |         89 |         89 |       0 |    0 |   186 |      0 |      0 |    0 |          0 |
|               (gen_gtwizard_gtye4.gen_reset_controller_internal.gen_single_instance.gtwiz_reset_inst) |                    pcs64_gtwizard_ultrascale_v1_7_22_gtwiz_reset_111 |         58 |         58 |       0 |    0 |    86 |      0 |      0 |    0 |          0 |
|       i_pcs64_gt_1                                                                                    |                                                           pcs64_gt_1 |         94 |         94 |       0 |    0 |   211 |      0 |      0 |    0 |          0 |
|         inst                                                                                          |                                              pcs64_gt_1_gtwizard_top |         94 |         94 |       0 |    0 |   211 |      0 |      0 |    0 |          0 |
|           gen_gtwizard_gtye4_top.pcs64_gt_1_gtwizard_gtye4_inst                                       |                                            pcs64_gt_1_gtwizard_gtye4 |         94 |         94 |       0 |    0 |   211 |      0 |      0 |    0 |          0 |
|             gen_gtwizard_gtye4.gen_reset_controller_internal.gen_single_instance.gtwiz_reset_inst     |                        pcs64_gtwizard_ultrascale_v1_7_22_gtwiz_reset |         90 |         90 |       0 |    0 |   186 |      0 |      0 |    0 |          0 |
|               (gen_gtwizard_gtye4.gen_reset_controller_internal.gen_single_instance.gtwiz_reset_inst) |                        pcs64_gtwizard_ultrascale_v1_7_22_gtwiz_reset |         58 |         58 |       0 |    0 |    86 |      0 |      0 |    0 |          0 |
|       i_pcs64_rx_64bit_gt_pipeline_serdes_data0_0                                                     |                                                    pcs64_gt_pipeline |          0 |          0 |       0 |    0 |   128 |      0 |      0 |    0 |          0 |
|       i_pcs64_rx_64bit_gt_pipeline_serdes_data0_1                                                     |                                                 pcs64_gt_pipeline_23 |          0 |          0 |       0 |    0 |   128 |      0 |      0 |    0 |          0 |
|       i_pcs64_top_0                                                                                   |                                                            pcs64_top |       1529 |       1481 |      48 |    0 |  1791 |      0 |      0 |    0 |          0 |
|         i_pcs64_CORE                                                                                  |                    pcs64_xxv_ethernet_v5_0_2_pcs_baser_hsec_cores__1 |       1528 |       1480 |      48 |    0 |  1791 |      0 |      0 |    0 |          0 |
|           i_RX_TOP                                                                                    |                        pcs64_xxv_ethernet_v5_0_2_pcs_baser_rx_top_47 |       1102 |       1054 |      48 |    0 |  1427 |      0 |      0 |    0 |          0 |
|             i_RX_DESTRIPER                                                                            |             pcs64_xxv_ethernet_v5_0_2_pcs_baser_rx_core_destriper_57 |       1071 |       1023 |      48 |    0 |  1375 |      0 |      0 |    0 |          0 |
|               i_RX_DESCRAMBLER                                                                        |                pcs64_xxv_ethernet_v5_0_2_pcs_baser_rx_descrambler_72 |        184 |        184 |       0 |    0 |    59 |      0 |      0 |    0 |          0 |
|               i_CLK_COMP                                                                              |                 pcs64_xxv_ethernet_v5_0_2_pcs_baser_clk_comp_cl49_67 |        405 |        357 |      48 |    0 |   735 |      0 |      0 |    0 |          0 |
|                 (i_CLK_COMP)                                                                          |                 pcs64_xxv_ethernet_v5_0_2_pcs_baser_clk_comp_cl49_67 |        144 |        144 |       0 |    0 |   599 |      0 |      0 |    0 |          0 |
|                 i_XGMII_FIFO                                                                          |                    pcs64_xxv_ethernet_v5_0_2_pcs_baser_xgmii_fifo_78 |        257 |        209 |      48 |    0 |   119 |      0 |      0 |    0 |          0 |
|                   i_XGMII_FIFO_RAM_RX                                                                 | pcs64_xxv_ethernet_v5_0_2_pcs_baser_xgmii_fifo_RAM_C2_P1_W153_D32_84 |        114 |         66 |      48 |    0 |    72 |      0 |      0 |    0 |          0 |
|                   i_ALMOSTEMPTY_CLKOUT                                                                |                  pcs64_xxv_ethernet_v5_0_2_pcs_baser_syncer_level_79 |        117 |        117 |       0 |    0 |     3 |      0 |      0 |    0 |          0 |
|               i_DECODER                                                                               |       pcs64_xxv_ethernet_v5_0_2_pcs_baser_rx_xgmii_64b66b_decoder_68 |        435 |        435 |       0 |    0 |   389 |      0 |      0 |    0 |          0 |
|               i_RESET_BUFFER__DECODER                                                                 |                    pcs64_xxv_ethernet_v5_0_2_pcs_baser_reset_flop_70 |          0 |          0 |       0 |    0 |    65 |      0 |      0 |    0 |          0 |
|               i_RESET_BUFFER__MII_CLK_COMP                                                            |                    pcs64_xxv_ethernet_v5_0_2_pcs_baser_reset_flop_71 |          3 |          3 |       0 |    0 |    72 |      0 |      0 |    0 |          0 |
|           i_TX_TOP                                                                                    |                        pcs64_xxv_ethernet_v5_0_2_pcs_baser_tx_top_48 |        426 |        426 |       0 |    0 |   364 |      0 |      0 |    0 |          0 |
|             i_TX_STRIPER                                                                              |               pcs64_xxv_ethernet_v5_0_2_pcs_baser_tx_core_striper_51 |        425 |        425 |       0 |    0 |   357 |      0 |      0 |    0 |          0 |
|               i_TX_ENCODER                                                                            |       pcs64_xxv_ethernet_v5_0_2_pcs_baser_tx_xgmii_64b66b_encoder_54 |        380 |        380 |       0 |    0 |   222 |      0 |      0 |    0 |          0 |
|               i_TX_SCRAMBLER                                                                          |            pcs64_xxv_ethernet_v5_0_2_pcs_baser_tx_xgmii_scrambler_55 |         51 |         51 |       0 |    0 |   123 |      0 |      0 |    0 |          0 |
|       i_pcs64_top_1                                                                                   |                                                         pcs64_top_24 |       1545 |       1497 |      48 |    0 |  1796 |      0 |      0 |    0 |          0 |
|         i_pcs64_CORE                                                                                  |                       pcs64_xxv_ethernet_v5_0_2_pcs_baser_hsec_cores |       1544 |       1496 |      48 |    0 |  1796 |      0 |      0 |    0 |          0 |
|           i_RX_TOP                                                                                    |                           pcs64_xxv_ethernet_v5_0_2_pcs_baser_rx_top |       1101 |       1053 |      48 |    0 |  1432 |      0 |      0 |    0 |          0 |
|             i_RX_DESTRIPER                                                                            |                pcs64_xxv_ethernet_v5_0_2_pcs_baser_rx_core_destriper |       1071 |       1023 |      48 |    0 |  1380 |      0 |      0 |    0 |          0 |
|               i_RX_DESCRAMBLER                                                                        |                   pcs64_xxv_ethernet_v5_0_2_pcs_baser_rx_descrambler |        184 |        184 |       0 |    0 |    59 |      0 |      0 |    0 |          0 |
|               i_CLK_COMP                                                                              |                    pcs64_xxv_ethernet_v5_0_2_pcs_baser_clk_comp_cl49 |        404 |        356 |      48 |    0 |   735 |      0 |      0 |    0 |          0 |
|                 (i_CLK_COMP)                                                                          |                    pcs64_xxv_ethernet_v5_0_2_pcs_baser_clk_comp_cl49 |        143 |        143 |       0 |    0 |   599 |      0 |      0 |    0 |          0 |
|                 i_XGMII_FIFO                                                                          |                       pcs64_xxv_ethernet_v5_0_2_pcs_baser_xgmii_fifo |        257 |        209 |      48 |    0 |   119 |      0 |      0 |    0 |          0 |
|                   i_XGMII_FIFO_RAM_RX                                                                 |    pcs64_xxv_ethernet_v5_0_2_pcs_baser_xgmii_fifo_RAM_C2_P1_W153_D32 |        114 |         66 |      48 |    0 |    72 |      0 |      0 |    0 |          0 |
|                   i_ALMOSTEMPTY_CLKOUT                                                                |                  pcs64_xxv_ethernet_v5_0_2_pcs_baser_syncer_level_40 |        117 |        117 |       0 |    0 |     3 |      0 |      0 |    0 |          0 |
|               i_DECODER                                                                               |          pcs64_xxv_ethernet_v5_0_2_pcs_baser_rx_xgmii_64b66b_decoder |        435 |        435 |       0 |    0 |   389 |      0 |      0 |    0 |          0 |
|               i_RESET_BUFFER__DECODER                                                                 |                    pcs64_xxv_ethernet_v5_0_2_pcs_baser_reset_flop_36 |          0 |          0 |       0 |    0 |    58 |      0 |      0 |    0 |          0 |
|               i_RESET_BUFFER__MII_CLK_COMP                                                            |                    pcs64_xxv_ethernet_v5_0_2_pcs_baser_reset_flop_37 |          3 |          3 |       0 |    0 |    85 |      0 |      0 |    0 |          0 |
|           i_TX_TOP                                                                                    |                           pcs64_xxv_ethernet_v5_0_2_pcs_baser_tx_top |        443 |        443 |       0 |    0 |   364 |      0 |      0 |    0 |          0 |
|             i_TX_STRIPER                                                                              |                  pcs64_xxv_ethernet_v5_0_2_pcs_baser_tx_core_striper |        442 |        442 |       0 |    0 |   357 |      0 |      0 |    0 |          0 |
|               i_TX_ENCODER                                                                            |          pcs64_xxv_ethernet_v5_0_2_pcs_baser_tx_xgmii_64b66b_encoder |        397 |        397 |       0 |    0 |   222 |      0 |      0 |    0 |          0 |
|               i_TX_SCRAMBLER                                                                          |               pcs64_xxv_ethernet_v5_0_2_pcs_baser_tx_xgmii_scrambler |         51 |         51 |       0 |    0 |   123 |      0 |      0 |    0 |          0 |
|       i_pcs64_tx_64bit_gt_pipeline_serdes_data0_0                                                     |                                                 pcs64_gt_pipeline_27 |          0 |          0 |       0 |    0 |   128 |      0 |      0 |    0 |          0 |
|       i_pcs64_tx_64bit_gt_pipeline_serdes_data0_1                                                     |                                                 pcs64_gt_pipeline_28 |          0 |          0 |       0 |    0 |   128 |      0 |      0 |    0 |          0 |
|   dbg_hub                                                                                             |                                                              dbg_hub |        429 |        409 |      20 |    0 |   741 |      0 |      0 |    0 |          0 |
|     inst                                                                                              |                                                   xsdbm_v3_0_5_xsdbm |        429 |        409 |      20 |    0 |   741 |      0 |      0 |    0 |          0 |
|       BSCANID.u_xsdbm_id                                                                              |                                                xsdbm_v3_0_5_xsdbm_id |        429 |        409 |      20 |    0 |   741 |      0 |      0 |    0 |          0 |
|         SWITCH_N_EXT_BSCAN.bscan_switch                                                               |                                            xsdbm_v3_0_5_bscan_switch |        121 |        121 |       0 |    0 |   125 |      0 |      0 |    0 |          0 |
|         CORE_XSDB.UUT_MASTER                                                                          |                                               xsdbm_v3_0_5_icon2xsdb |        260 |        240 |      20 |    0 |   554 |      0 |      0 |    0 |          0 |
|           U_ICON_INTERFACE                                                                            |                                                      xsdbm_v3_0_5_if |        156 |        136 |      20 |    0 |   450 |      0 |      0 |    0 |          0 |
|             U_CMD6_WR                                                                                 |                                                   xsdbm_v3_0_5_wrreg |         40 |         30 |      10 |    0 |   110 |      0 |      0 |    0 |          0 |
|               U_WR_FIFO                                                                               |                                                  xsdbm_v3_0_5_wrfifo |         38 |         28 |      10 |    0 |    90 |      0 |      0 |    0 |          0 |
|                 SUBCORE_FIFO.xsdbm_v3_0_5_wrfifo_inst                                                 |                                               fifo_generator_v13_1_5 |         37 |         27 |      10 |    0 |    90 |      0 |      0 |    0 |          0 |
|                   inst_fifo_gen                                                                       |                                         fifo_generator_v13_1_5_synth |         37 |         27 |      10 |    0 |    90 |      0 |      0 |    0 |          0 |
|                     gconvfifo.rf                                                                      |                                                   fifo_generator_top |         37 |         27 |      10 |    0 |    90 |      0 |      0 |    0 |          0 |
|                       grf.rf                                                                          |                                               fifo_generator_ramfifo |         37 |         27 |      10 |    0 |    90 |      0 |      0 |    0 |          0 |
|             U_CMD4                                                                                    |                                 xsdbm_v3_0_5_ctl_reg__parameterized0 |         11 |         11 |       0 |    0 |    62 |      0 |      0 |    0 |          0 |
|             U_CMD6_RD                                                                                 |                                                   xsdbm_v3_0_5_rdreg |         63 |         53 |      10 |    0 |   134 |      0 |      0 |    0 |          0 |
|               U_RD_FIFO                                                                               |                                                  xsdbm_v3_0_5_rdfifo |         61 |         51 |      10 |    0 |   114 |      0 |      0 |    0 |          0 |
|                 SUBCORE_FIFO.xsdbm_v3_0_5_rdfifo_inst                                                 |                               fifo_generator_v13_1_5__parameterized0 |         43 |         33 |      10 |    0 |   114 |      0 |      0 |    0 |          0 |
|                   inst_fifo_gen                                                                       |                         fifo_generator_v13_1_5_synth__parameterized0 |         43 |         33 |      10 |    0 |   114 |      0 |      0 |    0 |          0 |
|                     gconvfifo.rf                                                                      |                                   fifo_generator_top__parameterized0 |         43 |         33 |      10 |    0 |   114 |      0 |      0 |    0 |          0 |
|                       grf.rf                                                                          |                               fifo_generator_ramfifo__parameterized0 |         43 |         33 |      10 |    0 |   114 |      0 |      0 |    0 |          0 |
|           U_XSDB_BUS_CONTROLLER                                                                       |                                                 xsdbm_v3_0_5_bus_ctl |         66 |         66 |       0 |    0 |    48 |      0 |      0 |    0 |          0 |
|   u_chk0                                                                                              |                                                         xgmii_rx_chk |         66 |         66 |       0 |    0 |   258 |      0 |      0 |    0 |          0 |
|   u_chk1                                                                                              |                                                      xgmii_rx_chk__1 |        176 |        176 |       0 |    0 |   538 |      0 |      0 |    0 |          0 |
|   u_mac_rx                                                                                            |                                                           mac_rx_10g |       1775 |       1731 |      44 |    0 |   913 |      0 |      0 |    0 |          0 |
|     (u_mac_rx)                                                                                        |                                                           mac_rx_10g |        268 |        268 |       0 |    0 |   795 |      0 |      0 |    0 |          0 |
|     u_crc                                                                                             |                                                          crc32_64_40 |       1238 |       1238 |       0 |    0 |    32 |      0 |      0 |    0 |          0 |
|     u_fifo                                                                                            |                                            fifo_sync__parameterized0 |        269 |        225 |      44 |    0 |    86 |      0 |      0 |    0 |          0 |
|   u_mac_tx                                                                                            |                                                           mac_tx_10g |       1692 |       1648 |      44 |    0 |   457 |      0 |      0 |    0 |          0 |
|     (u_mac_tx)                                                                                        |                                                           mac_tx_10g |        448 |        448 |       0 |    0 |   342 |      0 |      0 |    0 |          0 |
|     u_crc                                                                                             |                                                             crc32_64 |       1119 |       1119 |       0 |    0 |    32 |      0 |      0 |    0 |          0 |
|     u_fifo                                                                                            |                                                            fifo_sync |        126 |         82 |      44 |    0 |    83 |      0 |      0 |    0 |          0 |
|   u_snap_rx0                                                                                          |                                            snap_hold__parameterized1 |          2 |          2 |       0 |    0 |   230 |      0 |      0 |    0 |          0 |
|     (u_snap_rx0)                                                                                      |                                            snap_hold__parameterized1 |          1 |          1 |       0 |    0 |   226 |      0 |      0 |    0 |          0 |
|   u_snap_rx1                                                                                          |                                                            snap_hold |          2 |          2 |       0 |    0 |   633 |      0 |      0 |    0 |          0 |
|     (u_snap_rx1)                                                                                      |                                                            snap_hold |          1 |          1 |       0 |    0 |   629 |      0 |      0 |    0 |          0 |
|   u_tgm                                                                                               |                                                 pcs64_pkt_gen_mon_ds |        683 |        683 |       0 |    0 |  1229 |      0 |      0 |    0 |          0 |
|     (u_tgm)                                                                                           |                                                 pcs64_pkt_gen_mon_ds |          0 |          0 |       0 |    0 |   233 |      0 |      0 |    0 |          0 |
|     i_pcs64_EXAMPLE_FSM                                                                               |                                                    pcs64_example_fsm |        124 |        124 |       0 |    0 |    51 |      0 |      0 |    0 |          0 |
|       (i_pcs64_EXAMPLE_FSM)                                                                           |                                                    pcs64_example_fsm |         91 |         91 |       0 |    0 |    47 |      0 |      0 |    0 |          0 |
|     i_pcs64_mii_gen_mon                                                                               |                                            pcs64_mii_traffic_gen_mon |        532 |        532 |       0 |    0 |   481 |      0 |      0 |    0 |          0 |
|       i_pcs64_TRAF_CHK2                                                                               |                                               pcs64_mii_traf_gen_chk |         12 |         12 |       0 |    0 |   125 |      0 |      0 |    0 |          0 |
|       i_pcs64_PKT_GEN1                                                                                |                                                    pcs64_mii_pkt_gen |        456 |        456 |       0 |    0 |   191 |      0 |      0 |    0 |          0 |
|         (i_pcs64_PKT_GEN1)                                                                            |                                                    pcs64_mii_pkt_gen |        453 |        453 |       0 |    0 |   187 |      0 |      0 |    0 |          0 |
|       i_pcs64_TRAF_CHK1                                                                               |                                                   pcs64_mii_traf_chk |         64 |         64 |       0 |    0 |   165 |      0 |      0 |    0 |          0 |
|     i_pcs64_rx_packet_count_syncer                                                                    |                                pcs64_cdc_sync_2stage__parameterized0 |         16 |         16 |       0 |    0 |    96 |      0 |      0 |    0 |          0 |
|     i_pcs64_rx_total_bytes_syncer                                                                     |                                                pcs64_cdc_sync_2stage |          1 |          1 |       0 |    0 |   128 |      0 |      0 |    0 |          0 |
|     i_pcs64_tx_packet_count_syncer                                                                    |                             pcs64_cdc_sync_2stage__parameterized0_44 |         10 |         10 |       0 |    0 |    96 |      0 |      0 |    0 |          0 |
|     i_pcs64_tx_total_bytes_syncer                                                                     |                                             pcs64_cdc_sync_2stage_46 |          0 |          0 |       0 |    0 |   128 |      0 |      0 |    0 |          0 |
|   u_vio                                                                                               |                                                                vio_0 |       4454 |       4454 |       0 |    0 |  8048 |      0 |      0 |    0 |          0 |
|     inst                                                                                              |                                                vio_0_vio_v3_0_27_vio |       4454 |       4454 |       0 |    0 |  8048 |      0 |      0 |    0 |          0 |
|       U_XSDB_SLAVE                                                                                    |                                             vio_0_xsdbs_v1_0_5_xsdbs |         77 |         77 |       0 |    0 |   161 |      0 |      0 |    0 |          0 |
|       PROBE_IN_INST                                                                                   |                                       vio_0_vio_v3_0_27_probe_in_one |       4333 |       4333 |       0 |    0 |  7785 |      0 |      0 |    0 |          0 |
+-------------------------------------------------------------------------------------------------------+----------------------------------------------------------------------+------------+------------+---------+------+-------+--------+--------+------+------------+
* Note: The sum of lower-level cells may be larger than their parent cells total, due to cross-hierarchy LUT combining


