Copyright 1986-2022 Xilinx, Inc. All Rights Reserved. Copyright 2022-2025 Advanced Micro Devices, Inc. All Rights Reserved.
--------------------------------------------------------------------------------------------------------------------------------------------------
| Tool Version      : Vivado v.2025.2 (win64) Build 6299465 Fri Nov 14 19:35:11 GMT 2025
| Date              : Tue Sep 29 21:57:08 2026
| Host              : xyz-intel running 64-bit major release  (build 9200)
| Command           : report_timing_summary -file D:/repo/XCKU5PMini/udp_hls_10g/_proj_10g/p7b_mac_synth/reports/mac_tx_ooc_timing_summary.rpt
| Design            : mac_tx_min_top
| Device            : xcku5p-ffvb676
| Speed File        : -1  PRODUCTION 1.29 05-01-2022
| Design State      : Routed
| Temperature Grade : E
--------------------------------------------------------------------------------------------------------------------------------------------------

Timing Summary Report

------------------------------------------------------------------------------------------------
| Timer Settings
| --------------
------------------------------------------------------------------------------------------------

  Enable Multi Corner Analysis               :  Yes
  Enable Pessimism Removal                   :  Yes
  Pessimism Removal Resolution               :  Nearest Common Node
  Enable Input Delay Default Clock           :  No
  Enable Preset / Clear Arcs                 :  No
  Disable Flight Delays                      :  No
  Ignore I/O Paths                           :  No
  Timing Early Launch at Borrowing Latches   :  No
  Borrow Time for Max Delay Exceptions       :  Yes
  Merge Timing Exceptions                    :  Yes
  Inter-SLR Compensation                     :  Conservative

  Corner  Analyze    Analyze    
  Name    Max Paths  Min Paths  
  ------  ---------  ---------  
  Slow    Yes        Yes        
  Fast    Yes        Yes        


------------------------------------------------------------------------------------------------
| Report Methodology
| ------------------
------------------------------------------------------------------------------------------------

Rule       Severity  Description                               Violations  
---------  --------  ----------------------------------------  ----------  
TIMING-15  Warning   Large hold violation                      146         
TIMING-18  Warning   Missing input or output delay             1           
XDCH-2     Warning   Same min and max delay values on IO port  389         

Note: This report is based on the most recent report_methodology run and may not be up-to-date. Run report_methodology on the current design for the latest report.



check_timing report

Table of Contents
-----------------
1. checking no_clock (0)
2. checking constant_clock (0)
3. checking pulse_width_clock (0)
4. checking unconstrained_internal_endpoints (0)
5. checking no_input_delay (1)
6. checking no_output_delay (0)
7. checking multiple_clock (0)
8. checking generated_clocks (0)
9. checking loops (0)
10. checking partial_input_delay (0)
11. checking partial_output_delay (0)
12. checking latch_loops (0)

1. checking no_clock (0)
------------------------
 There are 0 register/latch pins with no clock.


2. checking constant_clock (0)
------------------------------
 There are 0 register/latch pins with constant_clock.


3. checking pulse_width_clock (0)
---------------------------------
 There are 0 register/latch pins which need pulse_width check


4. checking unconstrained_internal_endpoints (0)
------------------------------------------------
 There are 0 pins that are not constrained for maximum delay.

 There are 0 pins that are not constrained for maximum delay due to constant clock.


5. checking no_input_delay (1)
------------------------------
 There is 1 input port with no input delay specified. (HIGH)

 There are 0 input ports with no input delay but user has a false path constraint.


6. checking no_output_delay (0)
-------------------------------
 There are 0 ports with no output delay specified.

 There are 0 ports with no output delay but user has a false path constraint

 There are 0 ports with no output delay but with a timing clock defined on it or propagating through it


7. checking multiple_clock (0)
------------------------------
 There are 0 register/latch pins with multiple clocks.


8. checking generated_clocks (0)
--------------------------------
 There are 0 generated clocks that are not connected to a clock source.


9. checking loops (0)
---------------------
 There are 0 combinational loops in the design.


10. checking partial_input_delay (0)
------------------------------------
 There are 0 input ports with partial input delay specified.


11. checking partial_output_delay (0)
-------------------------------------
 There are 0 ports with partial output delay specified.


12. checking latch_loops (0)
----------------------------
 There are 0 combinational latch loops in the design through latch input



------------------------------------------------------------------------------------------------
| Design Timing Summary
| ---------------------
------------------------------------------------------------------------------------------------

    WNS(ns)      TNS(ns)  TNS Failing Endpoints  TNS Total Endpoints      WHS(ns)      THS(ns)  THS Failing Endpoints  THS Total Endpoints     WPWS(ns)     TPWS(ns)  TPWS Failing Endpoints  TPWS Total Endpoints  
    -------      -------  ---------------------  -------------------      -------      -------  ---------------------  -------------------     --------     --------  ----------------------  --------------------  
      0.285        0.000                      0                 1632       -2.146     -320.945                    239                 1632        2.627        0.000                       0                   576  


Timing constraints are not met.


------------------------------------------------------------------------------------------------
| Clock Summary
| -------------
------------------------------------------------------------------------------------------------

Clock  Waveform(ns)         Period(ns)      Frequency(MHz)
-----  ------------         ----------      --------------
clk    {0.000 3.200}        6.400           156.250         


------------------------------------------------------------------------------------------------
| Intra Clock Table
| -----------------
------------------------------------------------------------------------------------------------

Clock             WNS(ns)      TNS(ns)  TNS Failing Endpoints  TNS Total Endpoints      WHS(ns)      THS(ns)  THS Failing Endpoints  THS Total Endpoints     WPWS(ns)     TPWS(ns)  TPWS Failing Endpoints  TPWS Total Endpoints  
-----             -------      -------  ---------------------  -------------------      -------      -------  ---------------------  -------------------     --------     --------  ----------------------  --------------------  
clk                 0.285        0.000                      0                 1632       -2.146     -320.945                    239                 1632        2.627        0.000                       0                   576  


------------------------------------------------------------------------------------------------
| Inter Clock Table
| -----------------
------------------------------------------------------------------------------------------------

From Clock    To Clock          WNS(ns)      TNS(ns)  TNS Failing Endpoints  TNS Total Endpoints      WHS(ns)      THS(ns)  THS Failing Endpoints  THS Total Endpoints  
----------    --------          -------      -------  ---------------------  -------------------      -------      -------  ---------------------  -------------------  


------------------------------------------------------------------------------------------------
| Other Path Groups Table
| -----------------------
------------------------------------------------------------------------------------------------

Path Group    From Clock    To Clock          WNS(ns)      TNS(ns)  TNS Failing Endpoints  TNS Total Endpoints      WHS(ns)      THS(ns)  THS Failing Endpoints  THS Total Endpoints  
----------    ----------    --------          -------      -------  ---------------------  -------------------      -------      -------  ---------------------  -------------------  


------------------------------------------------------------------------------------------------
| Timing Details
| --------------
------------------------------------------------------------------------------------------------


---------------------------------------------------------------------------------------------------
From Clock:  clk
  To Clock:  clk

Setup :            0  Failing Endpoints,  Worst Slack        0.285ns,  Total Violation        0.000ns
Hold  :          239  Failing Endpoints,  Worst Slack       -2.146ns,  Total Violation     -320.945ns
PW    :            0  Failing Endpoints,  Worst Slack        2.627ns,  Total Violation        0.000ns
---------------------------------------------------------------------------------------------------


Max Delay Paths
--------------------------------------------------------------------------------------
Slack (MET) :             0.285ns  (required time - arrival time)
  Source:                 u_dut/cw_keep_reg[7]/C
                            (rising edge-triggered cell FDCE clocked by clk  {rise@0.000ns fall@3.200ns period=6.400ns})
  Destination:            xgmii_txd[19]
                            (output port clocked by clk  {rise@0.000ns fall@3.200ns period=6.400ns})
  Path Group:             clk
  Path Type:              Max at Slow Process Corner
  Requirement:            6.400ns  (clk rise@6.400ns - clk rise@0.000ns)
  Data Path Delay:        4.077ns  (logic 1.000ns (24.529%)  route 3.077ns (75.471%))
  Logic Levels:           9  (LUT3=3 LUT5=1 LUT6=4 MUXF7=1)
  Output Delay:           0.000ns
  Clock Path Skew:        -2.003ns (DCD - SCD + CPR)
    Destination Clock Delay (DCD):    0.000ns = ( 6.400 - 6.400 ) 
    Source Clock Delay      (SCD):    2.003ns
    Clock Pessimism Removal (CPR):    0.000ns
  Clock Uncertainty:      0.035ns  ((TSJ^2 + TIJ^2)^1/2 + DJ) / 2 + PE
    Total System Jitter     (TSJ):    0.071ns
    Total Input Jitter      (TIJ):    0.000ns
    Discrete Jitter          (DJ):    0.000ns
    Phase Error              (PE):    0.000ns

    Location             Delay type                Incr(ns)  Path(ns)    Netlist Resource(s)
  -------------------------------------------------------------------    -------------------
                         (clock clk rise edge)        0.000     0.000 r  
                                                      0.000     0.000 r  clk (IN)
                         net (fo=575, unset)          2.003     2.003    u_dut/clk
    SLICE_X33Y122        FDCE                                         r  u_dut/cw_keep_reg[7]/C
  -------------------------------------------------------------------    -------------------
    SLICE_X33Y122        FDCE (Prop_AFF_SLICEL_C_Q)
                                                      0.096     2.099 r  u_dut/cw_keep_reg[7]/Q
                         net (fo=78, routed)          0.579     2.678    u_dut/u_crc/crc[4]_i_6_0[7]
    SLICE_X25Y114        LUT5 (Prop_A6LUT_SLICEM_I3_O)
                                                      0.064     2.742 r  u_dut/u_crc/crc[23]_i_35/O
                         net (fo=34, routed)          0.511     3.253    u_dut/u_crc/crc[23]_i_35_n_0
    SLICE_X36Y117        LUT3 (Prop_A5LUT_SLICEL_I0_O)
                                                      0.199     3.452 r  u_dut/u_crc/crc[7]_i_23/O
                         net (fo=6, routed)           0.469     3.921    u_dut/u_crc/crc[7]_i_23_n_0
    SLICE_X31Y113        LUT6 (Prop_D6LUT_SLICEM_I0_O)
                                                      0.147     4.068 f  u_dut/u_crc/crc[19]_i_16/O
                         net (fo=1, routed)           0.027     4.095    u_dut/u_crc/crc[19]_i_16_n_0
    SLICE_X31Y113        MUXF7 (Prop_F7MUX_CD_SLICEM_I0_O)
                                                      0.090     4.185 f  u_dut/u_crc/crc_reg[19]_i_6/O
                         net (fo=1, routed)           0.323     4.508    u_dut/u_crc/crc_reg[19]_i_6_n_0
    SLICE_X31Y113        LUT6 (Prop_G6LUT_SLICEM_I3_O)
                                                      0.100     4.608 f  u_dut/u_crc/crc[19]_i_2/O
                         net (fo=1, routed)           0.221     4.829    u_dut/u_crc/crc[19]_i_2_n_0
    SLICE_X29Y112        LUT6 (Prop_G6LUT_SLICEM_I3_O)
                                                      0.100     4.929 f  u_dut/u_crc/crc[19]_i_1/O
                         net (fo=5, routed)           0.546     5.475    u_dut/u_crc/crc_nxt[19]
    SLICE_X24Y103        LUT3 (Prop_A6LUT_SLICEL_I2_O)
                                                      0.100     5.575 f  u_dut/u_crc/xgmii_txd[51]_INST_0_i_5/O
                         net (fo=3, routed)           0.105     5.680    u_dut/u_crc/xgmii_txd[51]_INST_0_i_5_n_0
    SLICE_X24Y103        LUT3 (Prop_C6LUT_SLICEL_I2_O)
                                                      0.063     5.743 f  u_dut/u_crc/xgmii_txd[19]_INST_0_i_2/O
                         net (fo=1, routed)           0.296     6.039    u_dut/u_crc/xgmii_txd[19]_INST_0_i_2_n_0
    SLICE_X28Y101        LUT6 (Prop_H6LUT_SLICEM_I2_O)
                                                      0.041     6.080 r  u_dut/u_crc/xgmii_txd[19]_INST_0/O
                         net (fo=0)                   0.000     6.080    xgmii_txd[19]
                                                                      r  xgmii_txd[19] (OUT)
  -------------------------------------------------------------------    -------------------

                         (clock clk rise edge)        6.400     6.400 r  
                         clock pessimism              0.000     6.400    
                         clock uncertainty           -0.035     6.365    
                         output delay                -0.000     6.365    
  -------------------------------------------------------------------
                         required time                          6.365    
                         arrival time                          -6.080    
  -------------------------------------------------------------------
                         slack                                  0.285    





Min Delay Paths
--------------------------------------------------------------------------------------
Slack (VIOLATED) :        -2.146ns  (arrival time - required time)
  Source:                 s_axis_tkeep[1]
                            (input port clocked by clk  {rise@0.000ns fall@3.200ns period=6.400ns})
  Destination:            u_dut/u_fifo/mem_reg_0_15_0_13/RAMB/I
                            (rising edge-triggered cell RAMD32 clocked by clk  {rise@0.000ns fall@3.200ns period=6.400ns})
  Path Group:             clk
  Path Type:              Hold (Min at Slow Process Corner)
  Requirement:            0.000ns  (clk rise@0.000ns - clk rise@0.000ns)
  Data Path Delay:        0.000ns  (logic 0.000ns (0.000%)  route 0.000ns (0.000%))
  Logic Levels:           0  
  Input Delay:            0.000ns
  Clock Path Skew:        2.064ns (DCD - SCD - CPR)
    Destination Clock Delay (DCD):    2.064ns
    Source Clock Delay      (SCD):    0.000ns
    Clock Pessimism Removal (CPR):    -0.000ns

    Location             Delay type                Incr(ns)  Path(ns)    Netlist Resource(s)
  -------------------------------------------------------------------    -------------------
                         (clock clk rise edge)        0.000     0.000 r  
                         input delay                  0.000     0.000    
                                                      0.000     0.000 r  s_axis_tkeep[1] (IN)
                         net (fo=1, unset)            0.000     0.000    u_dut/u_fifo/mem_reg_0_15_0_13/DIB0
    SLICE_X35Y128        RAMD32                                       r  u_dut/u_fifo/mem_reg_0_15_0_13/RAMB/I
  -------------------------------------------------------------------    -------------------

                         (clock clk rise edge)        0.000     0.000 r  
                                                      0.000     0.000 r  clk (IN)
                         net (fo=575, unset)          2.064     2.064    u_dut/u_fifo/mem_reg_0_15_0_13/WCLK
    SLICE_X35Y128        RAMD32                                       r  u_dut/u_fifo/mem_reg_0_15_0_13/RAMB/CLK
                         clock pessimism              0.000     2.064    
    SLICE_X35Y128        RAMD32 (Hold_B5LUT_SLICEM_CLK_I)
                                                      0.082     2.146    u_dut/u_fifo/mem_reg_0_15_0_13/RAMB
  -------------------------------------------------------------------
                         required time                         -2.146    
                         arrival time                           0.000    
  -------------------------------------------------------------------
                         slack                                 -2.146    





Pulse Width Checks
--------------------------------------------------------------------------------------
Clock Name:         clk
Waveform(ns):       { 0.000 3.200 }
Period(ns):         6.400
Sources:            { clk }

Check Type        Corner  Lib Pin     Reference Pin  Required(ns)  Actual(ns)  Slack(ns)  Location       Pin
Min Period        n/a     RAMD32/CLK  n/a            1.146         6.400       5.254      SLICE_X35Y128  u_dut/u_fifo/mem_reg_0_15_0_13/RAMA/CLK
Low Pulse Width   Slow    RAMD32/CLK  n/a            0.573         3.200       2.627      SLICE_X35Y128  u_dut/u_fifo/mem_reg_0_15_0_13/RAMA/CLK
High Pulse Width  Slow    RAMD32/CLK  n/a            0.573         3.200       2.627      SLICE_X35Y128  u_dut/u_fifo/mem_reg_0_15_0_13/RAMA/CLK



