Copyright 1986-2022 Xilinx, Inc. All Rights Reserved. Copyright 2022-2025 Advanced Micro Devices, Inc. All Rights Reserved.
-------------------------------------------------------------------------------------------------------------------------------------------------------------------------------------------------------------------------------------------------------------------------------------------------
| Tool Version      : Vivado v.2025.2 (win64) Build 6299465 Fri Nov 14 19:35:11 GMT 2025
| Date              : Tue Sep 29 22:04:34 2026
| Host              : xyz-intel running 64-bit major release  (build 9200)
| Command           : report_timing -from [get_cells -hier -quiet -filter {NAME =~ *u_crc/crc_reg*}] -to [get_cells -hier -quiet -filter {NAME =~ *u_crc/crc_reg*}] -max_paths 4 -delay_type max -file D:/repo/XCKU5PMini/udp_hls_10g/_proj_10g/p7b_mac_synth/reports/mac_rx_ooc_crc_reg2reg.rpt
| Design            : mac_rx_min_top
| Device            : xcku5p-ffvb676
| Speed File        : -1  PRODUCTION 1.29 05-01-2022
| Design State      : Routed
| Temperature Grade : E
-------------------------------------------------------------------------------------------------------------------------------------------------------------------------------------------------------------------------------------------------------------------------------------------------

Timing Report

Slack (MET) :             1.095ns  (required time - arrival time)
  Source:                 u_dut/u_crc/crc_reg[7]/C
                            (rising edge-triggered cell FDPE clocked by clk  {rise@0.000ns fall@3.200ns period=6.400ns})
  Destination:            u_dut/u_crc/crc_reg[27]/D
                            (rising edge-triggered cell FDPE clocked by clk  {rise@0.000ns fall@3.200ns period=6.400ns})
  Path Group:             clk
  Path Type:              Setup (Max at Slow Process Corner)
  Requirement:            6.400ns  (clk rise@6.400ns - clk rise@0.000ns)
  Data Path Delay:        5.276ns  (logic 1.053ns (19.960%)  route 4.223ns (80.040%))
  Logic Levels:           7  (LUT6=7)
  Clock Path Skew:        -0.021ns (DCD - SCD + CPR)
    Destination Clock Delay (DCD):    1.130ns = ( 7.530 - 6.400 ) 
    Source Clock Delay      (SCD):    1.242ns
    Clock Pessimism Removal (CPR):    0.091ns
  Clock Uncertainty:      0.035ns  ((TSJ^2 + TIJ^2)^1/2 + DJ) / 2 + PE
    Total System Jitter     (TSJ):    0.071ns
    Total Input Jitter      (TIJ):    0.000ns
    Discrete Jitter          (DJ):    0.000ns
    Phase Error              (PE):    0.000ns

    Location             Delay type                Incr(ns)  Path(ns)    Netlist Resource(s)
  -------------------------------------------------------------------    -------------------
                         (clock clk rise edge)        0.000     0.000 r  
                                                      0.000     0.000 r  clk (IN)
                         net (fo=998, unset)          1.242     1.242    u_dut/u_crc/clk
    SLICE_X18Y32         FDPE                                         r  u_dut/u_crc/crc_reg[7]/C
  -------------------------------------------------------------------    -------------------
    SLICE_X18Y32         FDPE (Prop_EFF_SLICEL_C_Q)
                                                      0.096     1.338 r  u_dut/u_crc/crc_reg[7]/Q
                         net (fo=9, routed)           0.882     2.220    u_dut/u_crc/crc[7]
    SLICE_X26Y37         LUT6 (Prop_B6LUT_SLICEL_I5_O)
                                                      0.149     2.369 r  u_dut/u_crc/crc[7]_i_20/O
                         net (fo=17, routed)          0.463     2.832    u_dut/u_crc/crc[7]_i_20_n_0
    SLICE_X21Y34         LUT6 (Prop_F6LUT_SLICEM_I5_O)
                                                      0.098     2.930 r  u_dut/u_crc/crc[31]_i_22/O
                         net (fo=11, routed)          0.690     3.620    u_dut/u_crc/crc[31]_i_22_n_0
    SLICE_X26Y33         LUT6 (Prop_A6LUT_SLICEL_I0_O)
                                                      0.178     3.798 r  u_dut/u_crc/crc[27]_i_44/O
                         net (fo=1, routed)           0.118     3.916    u_dut/u_crc/crc[27]_i_44_n_0
    SLICE_X26Y33         LUT6 (Prop_C6LUT_SLICEL_I1_O)
                                                      0.174     4.090 r  u_dut/u_crc/crc[27]_i_15/O
                         net (fo=2, routed)           0.478     4.568    u_dut/u_crc/crc[27]_i_15_n_0
    SLICE_X25Y34         LUT6 (Prop_E6LUT_SLICEM_I5_O)
                                                      0.148     4.716 r  u_dut/u_crc/crc[27]_i_4/O
                         net (fo=1, routed)           0.807     5.523    u_dut/u_crc/crc[27]_i_4_n_0
    SLICE_X28Y35         LUT6 (Prop_G6LUT_SLICEM_I0_O)
                                                      0.148     5.671 r  u_dut/u_crc/crc[27]_i_2/O
                         net (fo=1, routed)           0.703     6.374    u_dut/u_crc/crc[27]_i_2_n_0
    SLICE_X29Y35         LUT6 (Prop_D6LUT_SLICEM_I2_O)
                                                      0.062     6.436 r  u_dut/u_crc/crc[27]_i_1/O
                         net (fo=1, routed)           0.082     6.518    u_dut/u_crc/crc[27]_i_1_n_0
    SLICE_X29Y35         FDPE                                         r  u_dut/u_crc/crc_reg[27]/D
  -------------------------------------------------------------------    -------------------

                         (clock clk rise edge)        6.400     6.400 r  
                                                      0.000     6.400 r  clk (IN)
                         net (fo=998, unset)          1.130     7.530    u_dut/u_crc/clk
    SLICE_X29Y35         FDPE                                         r  u_dut/u_crc/crc_reg[27]/C
                         clock pessimism              0.091     7.621    
                         clock uncertainty           -0.035     7.585    
    SLICE_X29Y35         FDPE (Setup_DFF_SLICEM_C_D)
                                                      0.027     7.612    u_dut/u_crc/crc_reg[27]
  -------------------------------------------------------------------
                         required time                          7.612    
                         arrival time                          -6.518    
  -------------------------------------------------------------------
                         slack                                  1.095    

Slack (MET) :             1.221ns  (required time - arrival time)
  Source:                 u_dut/u_crc/crc_reg[7]/C
                            (rising edge-triggered cell FDPE clocked by clk  {rise@0.000ns fall@3.200ns period=6.400ns})
  Destination:            u_dut/u_crc/crc_reg[1]/D
                            (rising edge-triggered cell FDPE clocked by clk  {rise@0.000ns fall@3.200ns period=6.400ns})
  Path Group:             clk
  Path Type:              Setup (Max at Slow Process Corner)
  Requirement:            6.400ns  (clk rise@6.400ns - clk rise@0.000ns)
  Data Path Delay:        5.067ns  (logic 0.670ns (13.222%)  route 4.397ns (86.778%))
  Logic Levels:           6  (LUT5=1 LUT6=5)
  Clock Path Skew:        -0.103ns (DCD - SCD + CPR)
    Destination Clock Delay (DCD):    1.050ns = ( 7.450 - 6.400 ) 
    Source Clock Delay      (SCD):    1.242ns
    Clock Pessimism Removal (CPR):    0.089ns
  Clock Uncertainty:      0.035ns  ((TSJ^2 + TIJ^2)^1/2 + DJ) / 2 + PE
    Total System Jitter     (TSJ):    0.071ns
    Total Input Jitter      (TIJ):    0.000ns
    Discrete Jitter          (DJ):    0.000ns
    Phase Error              (PE):    0.000ns

    Location             Delay type                Incr(ns)  Path(ns)    Netlist Resource(s)
  -------------------------------------------------------------------    -------------------
                         (clock clk rise edge)        0.000     0.000 r  
                                                      0.000     0.000 r  clk (IN)
                         net (fo=998, unset)          1.242     1.242    u_dut/u_crc/clk
    SLICE_X18Y32         FDPE                                         r  u_dut/u_crc/crc_reg[7]/C
  -------------------------------------------------------------------    -------------------
    SLICE_X18Y32         FDPE (Prop_EFF_SLICEL_C_Q)
                                                      0.096     1.338 r  u_dut/u_crc/crc_reg[7]/Q
                         net (fo=9, routed)           0.882     2.220    u_dut/u_crc/crc[7]
    SLICE_X26Y37         LUT6 (Prop_B6LUT_SLICEL_I5_O)
                                                      0.149     2.369 r  u_dut/u_crc/crc[7]_i_20/O
                         net (fo=17, routed)          0.913     3.281    u_dut/u_crc/crc[7]_i_20_n_0
    SLICE_X21Y27         LUT6 (Prop_H6LUT_SLICEM_I5_O)
                                                      0.100     3.381 r  u_dut/u_crc/crc[1]_i_28/O
                         net (fo=1, routed)           0.476     3.857    u_dut/u_crc/crc[1]_i_28_n_0
    SLICE_X22Y27         LUT6 (Prop_F6LUT_SLICEL_I2_O)
                                                      0.148     4.005 r  u_dut/u_crc/crc[1]_i_19/O
                         net (fo=1, routed)           0.383     4.388    u_dut/u_crc/crc[1]_i_19_n_0
    SLICE_X22Y26         LUT5 (Prop_C6LUT_SLICEL_I4_O)
                                                      0.038     4.426 r  u_dut/u_crc/crc[1]_i_6/O
                         net (fo=1, routed)           0.399     4.825    u_dut/u_crc/crc[1]_i_6_n_0
    SLICE_X22Y26         LUT6 (Prop_H6LUT_SLICEL_I3_O)
                                                      0.100     4.925 r  u_dut/u_crc/crc[1]_i_2/O
                         net (fo=1, routed)           0.466     5.391    u_dut/u_crc/crc[1]_i_2_n_0
    SLICE_X26Y29         LUT6 (Prop_D6LUT_SLICEL_I2_O)
                                                      0.039     5.430 r  u_dut/u_crc/crc[1]_i_1/O
                         net (fo=2, routed)           0.879     6.309    u_dut/u_crc/crc[1]_i_1_n_0
    SLICE_X26Y30         FDPE                                         r  u_dut/u_crc/crc_reg[1]/D
  -------------------------------------------------------------------    -------------------

                         (clock clk rise edge)        6.400     6.400 r  
                                                      0.000     6.400 r  clk (IN)
                         net (fo=998, unset)          1.050     7.450    u_dut/u_crc/clk
    SLICE_X26Y30         FDPE                                         r  u_dut/u_crc/crc_reg[1]/C
                         clock pessimism              0.089     7.539    
                         clock uncertainty           -0.035     7.503    
    SLICE_X26Y30         FDPE (Setup_EFF_SLICEL_C_D)
                                                      0.027     7.530    u_dut/u_crc/crc_reg[1]
  -------------------------------------------------------------------
                         required time                          7.530    
                         arrival time                          -6.309    
  -------------------------------------------------------------------
                         slack                                  1.221    

Slack (MET) :             1.234ns  (required time - arrival time)
  Source:                 u_dut/u_crc/crc_reg[7]/C
                            (rising edge-triggered cell FDPE clocked by clk  {rise@0.000ns fall@3.200ns period=6.400ns})
  Destination:            u_dut/u_crc/crc_reg[18]/D
                            (rising edge-triggered cell FDPE clocked by clk  {rise@0.000ns fall@3.200ns period=6.400ns})
  Path Group:             clk
  Path Type:              Setup (Max at Slow Process Corner)
  Requirement:            6.400ns  (clk rise@6.400ns - clk rise@0.000ns)
  Data Path Delay:        5.062ns  (logic 0.658ns (12.998%)  route 4.404ns (87.002%))
  Logic Levels:           6  (LUT5=1 LUT6=5)
  Clock Path Skew:        -0.095ns (DCD - SCD + CPR)
    Destination Clock Delay (DCD):    1.058ns = ( 7.458 - 6.400 ) 
    Source Clock Delay      (SCD):    1.242ns
    Clock Pessimism Removal (CPR):    0.089ns
  Clock Uncertainty:      0.035ns  ((TSJ^2 + TIJ^2)^1/2 + DJ) / 2 + PE
    Total System Jitter     (TSJ):    0.071ns
    Total Input Jitter      (TIJ):    0.000ns
    Discrete Jitter          (DJ):    0.000ns
    Phase Error              (PE):    0.000ns

    Location             Delay type                Incr(ns)  Path(ns)    Netlist Resource(s)
  -------------------------------------------------------------------    -------------------
                         (clock clk rise edge)        0.000     0.000 r  
                                                      0.000     0.000 r  clk (IN)
                         net (fo=998, unset)          1.242     1.242    u_dut/u_crc/clk
    SLICE_X18Y32         FDPE                                         r  u_dut/u_crc/crc_reg[7]/C
  -------------------------------------------------------------------    -------------------
    SLICE_X18Y32         FDPE (Prop_EFF_SLICEL_C_Q)
                                                      0.096     1.338 r  u_dut/u_crc/crc_reg[7]/Q
                         net (fo=9, routed)           0.882     2.220    u_dut/u_crc/crc[7]
    SLICE_X26Y37         LUT6 (Prop_B6LUT_SLICEL_I5_O)
                                                      0.149     2.369 r  u_dut/u_crc/crc[7]_i_20/O
                         net (fo=17, routed)          0.177     2.546    u_dut/u_crc/crc[7]_i_20_n_0
    SLICE_X26Y34         LUT6 (Prop_A6LUT_SLICEL_I5_O)
                                                      0.115     2.661 r  u_dut/u_crc/crc[28]_i_28/O
                         net (fo=24, routed)          0.825     3.486    u_dut/u_crc/crc[28]_i_28_n_0
    SLICE_X28Y34         LUT6 (Prop_C6LUT_SLICEM_I0_O)
                                                      0.098     3.584 r  u_dut/u_crc/crc[27]_i_23/O
                         net (fo=4, routed)           0.977     4.560    u_dut/u_crc/crc[27]_i_23_n_0
    SLICE_X24Y27         LUT5 (Prop_E6LUT_SLICEL_I0_O)
                                                      0.064     4.624 r  u_dut/u_crc/crc[18]_i_6/O
                         net (fo=1, routed)           0.281     4.905    u_dut/u_crc/crc[18]_i_6_n_0
    SLICE_X26Y27         LUT6 (Prop_C6LUT_SLICEL_I3_O)
                                                      0.038     4.943 r  u_dut/u_crc/crc[18]_i_2/O
                         net (fo=1, routed)           0.569     5.512    u_dut/u_crc/crc[18]_i_2_n_0
    SLICE_X26Y35         LUT6 (Prop_C6LUT_SLICEL_I2_O)
                                                      0.098     5.610 r  u_dut/u_crc/crc[18]_i_1/O
                         net (fo=2, routed)           0.694     6.304    u_dut/u_crc/crc[18]_i_1_n_0
    SLICE_X26Y36         FDPE                                         r  u_dut/u_crc/crc_reg[18]/D
  -------------------------------------------------------------------    -------------------

                         (clock clk rise edge)        6.400     6.400 r  
                                                      0.000     6.400 r  clk (IN)
                         net (fo=998, unset)          1.058     7.458    u_dut/u_crc/clk
    SLICE_X26Y36         FDPE                                         r  u_dut/u_crc/crc_reg[18]/C
                         clock pessimism              0.089     7.547    
                         clock uncertainty           -0.035     7.511    
    SLICE_X26Y36         FDPE (Setup_EFF_SLICEL_C_D)
                                                      0.027     7.538    u_dut/u_crc/crc_reg[18]
  -------------------------------------------------------------------
                         required time                          7.538    
                         arrival time                          -6.304    
  -------------------------------------------------------------------
                         slack                                  1.234    

Slack (MET) :             1.259ns  (required time - arrival time)
  Source:                 u_dut/u_crc/crc_reg[7]/C
                            (rising edge-triggered cell FDPE clocked by clk  {rise@0.000ns fall@3.200ns period=6.400ns})
  Destination:            u_dut/u_crc/crc_reg[20]/D
                            (rising edge-triggered cell FDPE clocked by clk  {rise@0.000ns fall@3.200ns period=6.400ns})
  Path Group:             clk
  Path Type:              Setup (Max at Slow Process Corner)
  Requirement:            6.400ns  (clk rise@6.400ns - clk rise@0.000ns)
  Data Path Delay:        5.033ns  (logic 0.724ns (14.386%)  route 4.309ns (85.614%))
  Logic Levels:           6  (LUT4=1 LUT5=1 LUT6=4)
  Clock Path Skew:        -0.100ns (DCD - SCD + CPR)
    Destination Clock Delay (DCD):    1.053ns = ( 7.453 - 6.400 ) 
    Source Clock Delay      (SCD):    1.242ns
    Clock Pessimism Removal (CPR):    0.089ns
  Clock Uncertainty:      0.035ns  ((TSJ^2 + TIJ^2)^1/2 + DJ) / 2 + PE
    Total System Jitter     (TSJ):    0.071ns
    Total Input Jitter      (TIJ):    0.000ns
    Discrete Jitter          (DJ):    0.000ns
    Phase Error              (PE):    0.000ns

    Location             Delay type                Incr(ns)  Path(ns)    Netlist Resource(s)
  -------------------------------------------------------------------    -------------------
                         (clock clk rise edge)        0.000     0.000 r  
                                                      0.000     0.000 r  clk (IN)
                         net (fo=998, unset)          1.242     1.242    u_dut/u_crc/clk
    SLICE_X18Y32         FDPE                                         r  u_dut/u_crc/crc_reg[7]/C
  -------------------------------------------------------------------    -------------------
    SLICE_X18Y32         FDPE (Prop_EFF_SLICEL_C_Q)
                                                      0.096     1.338 r  u_dut/u_crc/crc_reg[7]/Q
                         net (fo=9, routed)           0.882     2.220    u_dut/u_crc/crc[7]
    SLICE_X26Y37         LUT6 (Prop_B6LUT_SLICEL_I5_O)
                                                      0.149     2.369 r  u_dut/u_crc/crc[7]_i_20/O
                         net (fo=17, routed)          0.565     2.934    u_dut/u_crc/crc[7]_i_20_n_0
    SLICE_X28Y27         LUT4 (Prop_C5LUT_SLICEM_I2_O)
                                                      0.084     3.018 r  u_dut/u_crc/crc[20]_i_31/O
                         net (fo=11, routed)          0.837     3.855    u_dut/u_crc/crc[20]_i_31_n_0
    SLICE_X19Y33         LUT6 (Prop_B6LUT_SLICEL_I1_O)
                                                      0.177     4.032 r  u_dut/u_crc/crc[20]_i_19/O
                         net (fo=1, routed)           0.445     4.477    u_dut/u_crc/crc[20]_i_19_n_0
    SLICE_X19Y32         LUT5 (Prop_A6LUT_SLICEL_I4_O)
                                                      0.064     4.541 r  u_dut/u_crc/crc[20]_i_5/O
                         net (fo=1, routed)           0.239     4.780    u_dut/u_crc/crc[20]_i_5_n_0
    SLICE_X19Y32         LUT6 (Prop_H6LUT_SLICEL_I1_O)
                                                      0.116     4.896 r  u_dut/u_crc/crc[20]_i_2/O
                         net (fo=1, routed)           0.605     5.501    u_dut/u_crc/crc[20]_i_2_n_0
    SLICE_X27Y31         LUT6 (Prop_C6LUT_SLICEL_I2_O)
                                                      0.038     5.539 r  u_dut/u_crc/crc[20]_i_1/O
                         net (fo=2, routed)           0.736     6.275    u_dut/u_crc/crc[20]_i_1_n_0
    SLICE_X27Y31         FDPE                                         r  u_dut/u_crc/crc_reg[20]/D
  -------------------------------------------------------------------    -------------------

                         (clock clk rise edge)        6.400     6.400 r  
                                                      0.000     6.400 r  clk (IN)
                         net (fo=998, unset)          1.053     7.453    u_dut/u_crc/clk
    SLICE_X27Y31         FDPE                                         r  u_dut/u_crc/crc_reg[20]/C
                         clock pessimism              0.089     7.542    
                         clock uncertainty           -0.035     7.506    
    SLICE_X27Y31         FDPE (Setup_EFF_SLICEL_C_D)
                                                      0.027     7.533    u_dut/u_crc/crc_reg[20]
  -------------------------------------------------------------------
                         required time                          7.533    
                         arrival time                          -6.275    
  -------------------------------------------------------------------
                         slack                                  1.259    




