Copyright 1986-2022 Xilinx, Inc. All Rights Reserved. Copyright 2022-2025 Advanced Micro Devices, Inc. All Rights Reserved.
-------------------------------------------------------------------------------------------------------------------------------------------------------------------------------------------------------------------------------------------------------------------------------------------------
| Tool Version      : Vivado v.2025.2 (win64) Build 6299465 Fri Nov 14 19:35:11 GMT 2025
| Date              : Tue Sep 29 21:57:08 2026
| Host              : xyz-intel running 64-bit major release  (build 9200)
| Command           : report_timing -from [get_cells -hier -quiet -filter {NAME =~ *u_crc/crc_reg*}] -to [get_cells -hier -quiet -filter {NAME =~ *u_crc/crc_reg*}] -max_paths 4 -delay_type max -file D:/repo/XCKU5PMini/udp_hls_10g/_proj_10g/p7b_mac_synth/reports/mac_tx_ooc_crc_reg2reg.rpt
| Design            : mac_tx_min_top
| Device            : xcku5p-ffvb676
| Speed File        : -1  PRODUCTION 1.29 05-01-2022
| Design State      : Routed
| Temperature Grade : E
-------------------------------------------------------------------------------------------------------------------------------------------------------------------------------------------------------------------------------------------------------------------------------------------------

Timing Report

Slack (MET) :             2.716ns  (required time - arrival time)
  Source:                 u_dut/u_crc/crc_reg[14]/C
                            (rising edge-triggered cell FDPE clocked by clk  {rise@0.000ns fall@3.200ns period=6.400ns})
  Destination:            u_dut/u_crc/crc_reg[6]/D
                            (rising edge-triggered cell FDPE clocked by clk  {rise@0.000ns fall@3.200ns period=6.400ns})
  Path Group:             clk
  Path Type:              Setup (Max at Slow Process Corner)
  Requirement:            6.400ns  (clk rise@6.400ns - clk rise@0.000ns)
  Data Path Delay:        3.577ns  (logic 0.754ns (21.081%)  route 2.823ns (78.919%))
  Logic Levels:           7  (LUT4=1 LUT5=1 LUT6=4 MUXF7=1)
  Clock Path Skew:        -0.099ns (DCD - SCD + CPR)
    Destination Clock Delay (DCD):    1.620ns = ( 8.020 - 6.400 ) 
    Source Clock Delay      (SCD):    1.866ns
    Clock Pessimism Removal (CPR):    0.147ns
  Clock Uncertainty:      0.035ns  ((TSJ^2 + TIJ^2)^1/2 + DJ) / 2 + PE
    Total System Jitter     (TSJ):    0.071ns
    Total Input Jitter      (TIJ):    0.000ns
    Discrete Jitter          (DJ):    0.000ns
    Phase Error              (PE):    0.000ns

    Location             Delay type                Incr(ns)  Path(ns)    Netlist Resource(s)
  -------------------------------------------------------------------    -------------------
                         (clock clk rise edge)        0.000     0.000 r  
                                                      0.000     0.000 r  clk (IN)
                         net (fo=575, unset)          1.866     1.866    u_dut/u_crc/clk
    SLICE_X27Y115        FDPE                                         r  u_dut/u_crc/crc_reg[14]/C
  -------------------------------------------------------------------    -------------------
    SLICE_X27Y115        FDPE (Prop_HFF_SLICEL_C_Q)
                                                      0.096     1.962 r  u_dut/u_crc/crc_reg[14]/Q
                         net (fo=16, routed)          0.397     2.358    u_dut/u_crc/crc_reg_n_0_[14]
    SLICE_X24Y116        LUT5 (Prop_D6LUT_SLICEL_I0_O)
                                                      0.174     2.532 r  u_dut/u_crc/crc[19]_i_23/O
                         net (fo=21, routed)          0.486     3.018    u_dut/u_crc/crc[19]_i_23_n_0
    SLICE_X32Y117        LUT4 (Prop_B5LUT_SLICEM_I3_O)
                                                      0.142     3.160 r  u_dut/u_crc/crc[19]_i_9/O
                         net (fo=6, routed)           0.438     3.598    u_dut/u_crc/crc[19]_i_9_n_0
    SLICE_X25Y117        LUT6 (Prop_F6LUT_SLICEM_I1_O)
                                                      0.062     3.660 r  u_dut/u_crc/crc[6]_i_26/O
                         net (fo=1, routed)           0.100     3.760    u_dut/u_crc/crc[6]_i_26_n_0
    SLICE_X25Y117        LUT6 (Prop_D6LUT_SLICEM_I0_O)
                                                      0.062     3.822 r  u_dut/u_crc/crc[6]_i_12/O
                         net (fo=1, routed)           0.027     3.849    u_dut/u_crc/crc[6]_i_12_n_0
    SLICE_X25Y117        MUXF7 (Prop_F7MUX_CD_SLICEM_I0_O)
                                                      0.090     3.939 r  u_dut/u_crc/crc_reg[6]_i_4/O
                         net (fo=1, routed)           0.340     4.279    u_dut/u_crc/crc_reg[6]_i_4_n_0
    SLICE_X30Y117        LUT6 (Prop_B6LUT_SLICEL_I0_O)
                                                      0.064     4.343 r  u_dut/u_crc/crc[6]_i_2/O
                         net (fo=1, routed)           0.109     4.452    u_dut/u_crc/crc[6]_i_2_n_0
    SLICE_X30Y117        LUT6 (Prop_H6LUT_SLICEL_I3_O)
                                                      0.064     4.516 r  u_dut/u_crc/crc[6]_i_1/O
                         net (fo=5, routed)           0.927     5.443    u_dut/u_crc/crc_nxt[6]
    SLICE_X25Y112        FDPE                                         r  u_dut/u_crc/crc_reg[6]/D
  -------------------------------------------------------------------    -------------------

                         (clock clk rise edge)        6.400     6.400 r  
                                                      0.000     6.400 r  clk (IN)
                         net (fo=575, unset)          1.620     8.020    u_dut/u_crc/clk
    SLICE_X25Y112        FDPE                                         r  u_dut/u_crc/crc_reg[6]/C
                         clock pessimism              0.147     8.167    
                         clock uncertainty           -0.035     8.132    
    SLICE_X25Y112        FDPE (Setup_EFF_SLICEM_C_D)
                                                      0.027     8.159    u_dut/u_crc/crc_reg[6]
  -------------------------------------------------------------------
                         required time                          8.159    
                         arrival time                          -5.443    
  -------------------------------------------------------------------
                         slack                                  2.716    

Slack (MET) :             2.824ns  (required time - arrival time)
  Source:                 u_dut/u_crc/crc_reg[23]/C
                            (rising edge-triggered cell FDPE clocked by clk  {rise@0.000ns fall@3.200ns period=6.400ns})
  Destination:            u_dut/u_crc/crc_reg[0]/D
                            (rising edge-triggered cell FDPE clocked by clk  {rise@0.000ns fall@3.200ns period=6.400ns})
  Path Group:             clk
  Path Type:              Setup (Max at Slow Process Corner)
  Requirement:            6.400ns  (clk rise@6.400ns - clk rise@0.000ns)
  Data Path Delay:        3.551ns  (logic 0.705ns (19.856%)  route 2.846ns (80.144%))
  Logic Levels:           5  (LUT4=1 LUT5=1 LUT6=3)
  Clock Path Skew:        -0.017ns (DCD - SCD + CPR)
    Destination Clock Delay (DCD):    1.698ns = ( 8.098 - 6.400 ) 
    Source Clock Delay      (SCD):    1.864ns
    Clock Pessimism Removal (CPR):    0.149ns
  Clock Uncertainty:      0.035ns  ((TSJ^2 + TIJ^2)^1/2 + DJ) / 2 + PE
    Total System Jitter     (TSJ):    0.071ns
    Total Input Jitter      (TIJ):    0.000ns
    Discrete Jitter          (DJ):    0.000ns
    Phase Error              (PE):    0.000ns

    Location             Delay type                Incr(ns)  Path(ns)    Netlist Resource(s)
  -------------------------------------------------------------------    -------------------
                         (clock clk rise edge)        0.000     0.000 r  
                                                      0.000     0.000 r  clk (IN)
                         net (fo=575, unset)          1.864     1.864    u_dut/u_crc/clk
    SLICE_X26Y116        FDPE                                         r  u_dut/u_crc/crc_reg[23]/C
  -------------------------------------------------------------------    -------------------
    SLICE_X26Y116        FDPE (Prop_EFF_SLICEL_C_Q)
                                                      0.096     1.960 r  u_dut/u_crc/crc_reg[23]/Q
                         net (fo=11, routed)          0.592     2.552    u_dut/u_crc/crc_reg_n_0_[23]
    SLICE_X36Y117        LUT5 (Prop_D5LUT_SLICEL_I2_O)
                                                      0.193     2.745 r  u_dut/u_crc/crc[23]_i_20/O
                         net (fo=14, routed)          0.524     3.269    u_dut/u_crc/crc[23]_i_20_n_0
    SLICE_X31Y114        LUT4 (Prop_E6LUT_SLICEM_I0_O)
                                                      0.039     3.308 r  u_dut/u_crc/crc[23]_i_38/O
                         net (fo=11, routed)          0.445     3.753    u_dut/u_crc/crc[23]_i_38_n_0
    SLICE_X27Y120        LUT6 (Prop_H6LUT_SLICEL_I4_O)
                                                      0.179     3.932 r  u_dut/u_crc/crc[0]_i_5/O
                         net (fo=1, routed)           0.407     4.339    u_dut/u_crc/crc[0]_i_5_n_0
    SLICE_X33Y116        LUT6 (Prop_B6LUT_SLICEL_I1_O)
                                                      0.100     4.439 r  u_dut/u_crc/crc[0]_i_2/O
                         net (fo=1, routed)           0.158     4.597    u_dut/u_crc/crc[0]_i_2_n_0
    SLICE_X33Y113        LUT6 (Prop_C6LUT_SLICEL_I3_O)
                                                      0.098     4.695 r  u_dut/u_crc/crc[0]_i_1/O
                         net (fo=6, routed)           0.720     5.415    u_dut/u_crc/crc_nxt[0]
    SLICE_X29Y116        FDPE                                         r  u_dut/u_crc/crc_reg[0]/D
  -------------------------------------------------------------------    -------------------

                         (clock clk rise edge)        6.400     6.400 r  
                                                      0.000     6.400 r  clk (IN)
                         net (fo=575, unset)          1.698     8.098    u_dut/u_crc/clk
    SLICE_X29Y116        FDPE                                         r  u_dut/u_crc/crc_reg[0]/C
                         clock pessimism              0.149     8.247    
                         clock uncertainty           -0.035     8.211    
    SLICE_X29Y116        FDPE (Setup_EFF_SLICEM_C_D)
                                                      0.027     8.238    u_dut/u_crc/crc_reg[0]
  -------------------------------------------------------------------
                         required time                          8.238    
                         arrival time                          -5.415    
  -------------------------------------------------------------------
                         slack                                  2.824    

Slack (MET) :             2.873ns  (required time - arrival time)
  Source:                 u_dut/u_crc/crc_reg[1]/C
                            (rising edge-triggered cell FDPE clocked by clk  {rise@0.000ns fall@3.200ns period=6.400ns})
  Destination:            u_dut/u_crc/crc_reg[5]/D
                            (rising edge-triggered cell FDPE clocked by clk  {rise@0.000ns fall@3.200ns period=6.400ns})
  Path Group:             clk
  Path Type:              Setup (Max at Slow Process Corner)
  Requirement:            6.400ns  (clk rise@6.400ns - clk rise@0.000ns)
  Data Path Delay:        3.328ns  (logic 0.954ns (28.663%)  route 2.374ns (71.337%))
  Logic Levels:           7  (LUT3=1 LUT5=2 LUT6=4)
  Clock Path Skew:        -0.191ns (DCD - SCD + CPR)
    Destination Clock Delay (DCD):    1.616ns = ( 8.016 - 6.400 ) 
    Source Clock Delay      (SCD):    1.956ns
    Clock Pessimism Removal (CPR):    0.149ns
  Clock Uncertainty:      0.035ns  ((TSJ^2 + TIJ^2)^1/2 + DJ) / 2 + PE
    Total System Jitter     (TSJ):    0.071ns
    Total Input Jitter      (TIJ):    0.000ns
    Discrete Jitter          (DJ):    0.000ns
    Phase Error              (PE):    0.000ns

    Location             Delay type                Incr(ns)  Path(ns)    Netlist Resource(s)
  -------------------------------------------------------------------    -------------------
                         (clock clk rise edge)        0.000     0.000 r  
                                                      0.000     0.000 r  clk (IN)
                         net (fo=575, unset)          1.956     1.956    u_dut/u_crc/clk
    SLICE_X33Y113        FDPE                                         r  u_dut/u_crc/crc_reg[1]/C
  -------------------------------------------------------------------    -------------------
    SLICE_X33Y113        FDPE (Prop_EFF_SLICEL_C_Q)
                                                      0.096     2.052 r  u_dut/u_crc/crc_reg[1]/Q
                         net (fo=9, routed)           0.130     2.182    u_dut/u_crc/crc_reg_n_0_[1]
    SLICE_X33Y113        LUT3 (Prop_D5LUT_SLICEL_I2_O)
                                                      0.164     2.346 r  u_dut/u_crc/crc[31]_i_31/O
                         net (fo=12, routed)          0.451     2.797    u_dut/u_crc/crc[31]_i_31_n_0
    SLICE_X27Y112        LUT6 (Prop_B6LUT_SLICEL_I5_O)
                                                      0.064     2.861 r  u_dut/u_crc/crc[16]_i_27/O
                         net (fo=11, routed)          0.497     3.358    u_dut/u_crc/crc[16]_i_27_n_0
    SLICE_X32Y119        LUT6 (Prop_A6LUT_SLICEM_I4_O)
                                                      0.100     3.458 r  u_dut/u_crc/crc[5]_i_21/O
                         net (fo=1, routed)           0.138     3.596    u_dut/u_crc/crc[5]_i_21_n_0
    SLICE_X32Y121        LUT6 (Prop_G6LUT_SLICEM_I1_O)
                                                      0.179     3.775 r  u_dut/u_crc/crc[5]_i_11/O
                         net (fo=1, routed)           0.059     3.834    u_dut/u_crc/crc[5]_i_11_n_0
    SLICE_X32Y121        LUT5 (Prop_B6LUT_SLICEM_I0_O)
                                                      0.150     3.984 r  u_dut/u_crc/crc[5]_i_4/O
                         net (fo=1, routed)           0.114     4.098    u_dut/u_crc/crc[5]_i_4_n_0
    SLICE_X34Y121        LUT5 (Prop_A6LUT_SLICEM_I0_O)
                                                      0.100     4.198 r  u_dut/u_crc/crc[5]_i_2/O
                         net (fo=1, routed)           0.186     4.384    u_dut/u_crc/crc[5]_i_2_n_0
    SLICE_X34Y115        LUT6 (Prop_E6LUT_SLICEM_I3_O)
                                                      0.101     4.485 r  u_dut/u_crc/crc[5]_i_1/O
                         net (fo=5, routed)           0.800     5.284    u_dut/u_crc/crc_nxt[5]
    SLICE_X26Y116        FDPE                                         r  u_dut/u_crc/crc_reg[5]/D
  -------------------------------------------------------------------    -------------------

                         (clock clk rise edge)        6.400     6.400 r  
                                                      0.000     6.400 r  clk (IN)
                         net (fo=575, unset)          1.616     8.016    u_dut/u_crc/clk
    SLICE_X26Y116        FDPE                                         r  u_dut/u_crc/crc_reg[5]/C
                         clock pessimism              0.149     8.165    
                         clock uncertainty           -0.035     8.130    
    SLICE_X26Y116        FDPE (Setup_EFF2_SLICEL_C_D)
                                                      0.027     8.157    u_dut/u_crc/crc_reg[5]
  -------------------------------------------------------------------
                         required time                          8.157    
                         arrival time                          -5.284    
  -------------------------------------------------------------------
                         slack                                  2.873    

Slack (MET) :             2.932ns  (required time - arrival time)
  Source:                 u_dut/u_crc/crc_reg[7]/C
                            (rising edge-triggered cell FDPE clocked by clk  {rise@0.000ns fall@3.200ns period=6.400ns})
  Destination:            u_dut/u_crc/crc_reg[27]/D
                            (rising edge-triggered cell FDPE clocked by clk  {rise@0.000ns fall@3.200ns period=6.400ns})
  Path Group:             clk
  Path Type:              Setup (Max at Slow Process Corner)
  Requirement:            6.400ns  (clk rise@6.400ns - clk rise@0.000ns)
  Data Path Delay:        3.355ns  (logic 0.637ns (18.988%)  route 2.718ns (81.012%))
  Logic Levels:           7  (LUT4=1 LUT5=1 LUT6=4 MUXF7=1)
  Clock Path Skew:        -0.105ns (DCD - SCD + CPR)
    Destination Clock Delay (DCD):    1.621ns = ( 8.021 - 6.400 ) 
    Source Clock Delay      (SCD):    1.873ns
    Clock Pessimism Removal (CPR):    0.147ns
  Clock Uncertainty:      0.035ns  ((TSJ^2 + TIJ^2)^1/2 + DJ) / 2 + PE
    Total System Jitter     (TSJ):    0.071ns
    Total Input Jitter      (TIJ):    0.000ns
    Discrete Jitter          (DJ):    0.000ns
    Phase Error              (PE):    0.000ns

    Location             Delay type                Incr(ns)  Path(ns)    Netlist Resource(s)
  -------------------------------------------------------------------    -------------------
                         (clock clk rise edge)        0.000     0.000 r  
                                                      0.000     0.000 r  clk (IN)
                         net (fo=575, unset)          1.873     1.873    u_dut/u_crc/clk
    SLICE_X28Y119        FDPE                                         r  u_dut/u_crc/crc_reg[7]/C
  -------------------------------------------------------------------    -------------------
    SLICE_X28Y119        FDPE (Prop_EFF_SLICEM_C_Q)
                                                      0.093     1.966 r  u_dut/u_crc/crc_reg[7]/Q
                         net (fo=12, routed)          0.493     2.459    u_dut/u_crc/crc_reg_n_0_[7]
    SLICE_X33Y122        LUT5 (Prop_C5LUT_SLICEL_I2_O)
                                                      0.083     2.542 r  u_dut/u_crc/crc[30]_i_29/O
                         net (fo=27, routed)          0.436     2.979    u_dut/u_crc/crc[30]_i_29_n_0
    SLICE_X24Y117        LUT4 (Prop_C5LUT_SLICEL_I0_O)
                                                      0.168     3.147 r  u_dut/u_crc/crc[28]_i_31/O
                         net (fo=6, routed)           0.485     3.632    u_dut/u_crc/crc[28]_i_31_n_0
    SLICE_X35Y120        LUT6 (Prop_G6LUT_SLICEM_I4_O)
                                                      0.039     3.671 r  u_dut/u_crc/crc[27]_i_43/O
                         net (fo=1, routed)           0.178     3.849    u_dut/u_crc/crc[27]_i_43_n_0
    SLICE_X35Y121        LUT6 (Prop_D6LUT_SLICEM_I0_O)
                                                      0.062     3.911 r  u_dut/u_crc/crc[27]_i_16/O
                         net (fo=1, routed)           0.027     3.938    u_dut/u_crc/crc[27]_i_16_n_0
    SLICE_X35Y121        MUXF7 (Prop_F7MUX_CD_SLICEM_I0_O)
                                                      0.090     4.028 r  u_dut/u_crc/crc_reg[27]_i_6/O
                         net (fo=1, routed)           0.160     4.188    u_dut/u_crc/crc_reg[27]_i_6_n_0
    SLICE_X35Y118        LUT6 (Prop_G6LUT_SLICEM_I3_O)
                                                      0.039     4.227 r  u_dut/u_crc/crc[27]_i_2/O
                         net (fo=1, routed)           0.263     4.490    u_dut/u_crc/crc[27]_i_2_n_0
    SLICE_X32Y114        LUT6 (Prop_E6LUT_SLICEM_I3_O)
                                                      0.063     4.553 r  u_dut/u_crc/crc[27]_i_1/O
                         net (fo=5, routed)           0.675     5.228    u_dut/u_crc/crc_nxt[27]
    SLICE_X25Y116        FDPE                                         r  u_dut/u_crc/crc_reg[27]/D
  -------------------------------------------------------------------    -------------------

                         (clock clk rise edge)        6.400     6.400 r  
                                                      0.000     6.400 r  clk (IN)
                         net (fo=575, unset)          1.621     8.021    u_dut/u_crc/clk
    SLICE_X25Y116        FDPE                                         r  u_dut/u_crc/crc_reg[27]/C
                         clock pessimism              0.147     8.168    
                         clock uncertainty           -0.035     8.133    
    SLICE_X25Y116        FDPE (Setup_EFF_SLICEM_C_D)
                                                      0.027     8.160    u_dut/u_crc/crc_reg[27]
  -------------------------------------------------------------------
                         required time                          8.160    
                         arrival time                          -5.228    
  -------------------------------------------------------------------
                         slack                                  2.932    




