Copyright 1986-2022 Xilinx, Inc. All Rights Reserved. Copyright 2022-2025 Advanced Micro Devices, Inc. All Rights Reserved.
-------------------------------------------------------------------------------------------------------------------------------------------------------
| Tool Version : Vivado v.2025.2 (win64) Build 6299465 Fri Nov 14 19:35:11 GMT 2025
| Date         : Tue Sep 29 22:04:34 2026
| Host         : xyz-intel running 64-bit major release  (build 9200)
| Command      : report_utilization -hierarchical -file D:/repo/XCKU5PMini/udp_hls_10g/_proj_10g/p7b_mac_synth/reports/mac_rx_ooc_util_hier_routed.rpt
| Design       : mac_rx_min_top
| Device       : xcku5p-ffvb676-1-e
| Speed File   : -1
| Design State : Routed
-------------------------------------------------------------------------------------------------------------------------------------------------------

Utilization Design Information

Table of Contents
-----------------
1. Utilization by Hierarchy

1. Utilization by Hierarchy
---------------------------

+----------------+------------+------------+------------+---------+------+-----+--------+--------+------+------------+
|    Instance    |   Module   | Total LUTs | Logic LUTs | LUTRAMs | SRLs | FFs | RAMB36 | RAMB18 | URAM | DSP Blocks |
+----------------+------------+------------+------------+---------+------+-----+--------+--------+------+------------+
| mac_rx_min_top |      (top) |       1436 |       1392 |      44 |    0 | 911 |      0 |      0 |    0 |          0 |
|   u_dut        | mac_rx_10g |       1436 |       1392 |      44 |    0 | 911 |      0 |      0 |    0 |          0 |
|     (u_dut)    | mac_rx_10g |        201 |        201 |       0 |    0 | 793 |      0 |      0 |    0 |          0 |
|     u_crc      |   crc32_64 |       1091 |       1091 |       0 |    0 |  32 |      0 |      0 |    0 |          0 |
|     u_fifo     |  fifo_sync |        149 |        105 |      44 |    0 |  86 |      0 |      0 |    0 |          0 |
+----------------+------------+------------+------------+---------+------+-----+--------+--------+------+------------+
* Note: The sum of lower-level cells may be larger than their parent cells total, due to cross-hierarchy LUT combining


