Copyright 1986-2022 Xilinx, Inc. All Rights Reserved. Copyright 2022-2025 Advanced Micro Devices, Inc. All Rights Reserved.
--------------------------------------------------------------------------------------------------------------------------------------------------
| Tool Version      : Vivado v.2025.2 (win64) Build 6299465 Fri Nov 14 19:35:11 GMT 2025
| Date              : Tue Sep 29 22:04:34 2026
| Host              : xyz-intel running 64-bit major release  (build 9200)
| Command           : report_timing_summary -file D:/repo/XCKU5PMini/udp_hls_10g/_proj_10g/p7b_mac_synth/reports/mac_rx_ooc_timing_summary.rpt
| Design            : mac_rx_min_top
| Device            : xcku5p-ffvb676
| Speed File        : -1  PRODUCTION 1.29 05-01-2022
| Design State      : Routed
| Temperature Grade : E
--------------------------------------------------------------------------------------------------------------------------------------------------

Timing Summary Report

------------------------------------------------------------------------------------------------
| Timer Settings
| --------------
------------------------------------------------------------------------------------------------

  Enable Multi Corner Analysis               :  Yes
  Enable Pessimism Removal                   :  Yes
  Pessimism Removal Resolution               :  Nearest Common Node
  Enable Input Delay Default Clock           :  No
  Enable Preset / Clear Arcs                 :  No
  Disable Flight Delays                      :  No
  Ignore I/O Paths                           :  No
  Timing Early Launch at Borrowing Latches   :  No
  Borrow Time for Max Delay Exceptions       :  Yes
  Merge Timing Exceptions                    :  Yes
  Inter-SLR Compensation                     :  Conservative

  Corner  Analyze    Analyze    
  Name    Max Paths  Min Paths  
  ------  ---------  ---------  
  Slow    Yes        Yes        
  Fast    Yes        Yes        


------------------------------------------------------------------------------------------------
| Report Methodology
| ------------------
------------------------------------------------------------------------------------------------

Rule       Severity  Description                               Violations  
---------  --------  ----------------------------------------  ----------  
TIMING-15  Warning   Large hold violation                      32          
TIMING-18  Warning   Missing input or output delay             1           
XDCH-2     Warning   Same min and max delay values on IO port  748         

Note: This report is based on the most recent report_methodology run and may not be up-to-date. Run report_methodology on the current design for the latest report.



check_timing report

Table of Contents
-----------------
1. checking no_clock (0)
2. checking constant_clock (0)
3. checking pulse_width_clock (0)
4. checking unconstrained_internal_endpoints (0)
5. checking no_input_delay (1)
6. checking no_output_delay (0)
7. checking multiple_clock (0)
8. checking generated_clocks (0)
9. checking loops (0)
10. checking partial_input_delay (0)
11. checking partial_output_delay (0)
12. checking latch_loops (0)

1. checking no_clock (0)
------------------------
 There are 0 register/latch pins with no clock.


2. checking constant_clock (0)
------------------------------
 There are 0 register/latch pins with constant_clock.


3. checking pulse_width_clock (0)
---------------------------------
 There are 0 register/latch pins which need pulse_width check


4. checking unconstrained_internal_endpoints (0)
------------------------------------------------
 There are 0 pins that are not constrained for maximum delay.

 There are 0 pins that are not constrained for maximum delay due to constant clock.


5. checking no_input_delay (1)
------------------------------
 There is 1 input port with no input delay specified. (HIGH)

 There are 0 input ports with no input delay but user has a false path constraint.


6. checking no_output_delay (0)
-------------------------------
 There are 0 ports with no output delay specified.

 There are 0 ports with no output delay but user has a false path constraint

 There are 0 ports with no output delay but with a timing clock defined on it or propagating through it


7. checking multiple_clock (0)
------------------------------
 There are 0 register/latch pins with multiple clocks.


8. checking generated_clocks (0)
--------------------------------
 There are 0 generated clocks that are not connected to a clock source.


9. checking loops (0)
---------------------
 There are 0 combinational loops in the design.


10. checking partial_input_delay (0)
------------------------------------
 There are 0 input ports with partial input delay specified.


11. checking partial_output_delay (0)
-------------------------------------
 There are 0 ports with partial output delay specified.


12. checking latch_loops (0)
----------------------------
 There are 0 combinational latch loops in the design through latch input



------------------------------------------------------------------------------------------------
| Design Timing Summary
| ---------------------
------------------------------------------------------------------------------------------------

    WNS(ns)      TNS(ns)  TNS Failing Endpoints  TNS Total Endpoints      WHS(ns)      THS(ns)  THS Failing Endpoints  THS Total Endpoints     WPWS(ns)     TPWS(ns)  TPWS Failing Endpoints  TPWS Total Endpoints  
    -------      -------  ---------------------  -------------------      -------      -------  ---------------------  -------------------     --------     --------  ----------------------  --------------------  
      0.051        0.000                      0                 2786       -1.345      -41.184                     33                 2786        2.627        0.000                       0                   999  


Timing constraints are not met.


------------------------------------------------------------------------------------------------
| Clock Summary
| -------------
------------------------------------------------------------------------------------------------

Clock  Waveform(ns)         Period(ns)      Frequency(MHz)
-----  ------------         ----------      --------------
clk    {0.000 3.200}        6.400           156.250         


------------------------------------------------------------------------------------------------
| Intra Clock Table
| -----------------
------------------------------------------------------------------------------------------------

Clock             WNS(ns)      TNS(ns)  TNS Failing Endpoints  TNS Total Endpoints      WHS(ns)      THS(ns)  THS Failing Endpoints  THS Total Endpoints     WPWS(ns)     TPWS(ns)  TPWS Failing Endpoints  TPWS Total Endpoints  
-----             -------      -------  ---------------------  -------------------      -------      -------  ---------------------  -------------------     --------     --------  ----------------------  --------------------  
clk                 0.051        0.000                      0                 2786       -1.345      -41.184                     33                 2786        2.627        0.000                       0                   999  


------------------------------------------------------------------------------------------------
| Inter Clock Table
| -----------------
------------------------------------------------------------------------------------------------

From Clock    To Clock          WNS(ns)      TNS(ns)  TNS Failing Endpoints  TNS Total Endpoints      WHS(ns)      THS(ns)  THS Failing Endpoints  THS Total Endpoints  
----------    --------          -------      -------  ---------------------  -------------------      -------      -------  ---------------------  -------------------  


------------------------------------------------------------------------------------------------
| Other Path Groups Table
| -----------------------
------------------------------------------------------------------------------------------------

Path Group    From Clock    To Clock          WNS(ns)      TNS(ns)  TNS Failing Endpoints  TNS Total Endpoints      WHS(ns)      THS(ns)  THS Failing Endpoints  THS Total Endpoints  
----------    ----------    --------          -------      -------  ---------------------  -------------------      -------      -------  ---------------------  -------------------  


------------------------------------------------------------------------------------------------
| Timing Details
| --------------
------------------------------------------------------------------------------------------------


---------------------------------------------------------------------------------------------------
From Clock:  clk
  To Clock:  clk

Setup :            0  Failing Endpoints,  Worst Slack        0.051ns,  Total Violation        0.000ns
Hold  :           33  Failing Endpoints,  Worst Slack       -1.345ns,  Total Violation      -41.184ns
PW    :            0  Failing Endpoints,  Worst Slack        2.627ns,  Total Violation        0.000ns
---------------------------------------------------------------------------------------------------


Max Delay Paths
--------------------------------------------------------------------------------------
Slack (MET) :             0.051ns  (required time - arrival time)
  Source:                 xgmii_rxd[54]
                            (input port clocked by clk  {rise@0.000ns fall@3.200ns period=6.400ns})
  Destination:            u_dut/stat_crc_err_reg[24]/CE
                            (rising edge-triggered cell FDCE clocked by clk  {rise@0.000ns fall@3.200ns period=6.400ns})
  Path Group:             clk
  Path Type:              Setup (Max at Slow Process Corner)
  Requirement:            6.400ns  (clk rise@6.400ns - clk rise@0.000ns)
  Data Path Delay:        7.328ns  (logic 1.183ns (16.143%)  route 6.145ns (83.857%))
  Logic Levels:           12  (LUT2=1 LUT5=2 LUT6=9)
  Input Delay:            0.000ns
  Clock Path Skew:        1.057ns (DCD - SCD + CPR)
    Destination Clock Delay (DCD):    1.057ns = ( 7.457 - 6.400 ) 
    Source Clock Delay      (SCD):    0.000ns
    Clock Pessimism Removal (CPR):    0.000ns
  Clock Uncertainty:      0.035ns  ((TSJ^2 + TIJ^2)^1/2 + DJ) / 2 + PE
    Total System Jitter     (TSJ):    0.071ns
    Total Input Jitter      (TIJ):    0.000ns
    Discrete Jitter          (DJ):    0.000ns
    Phase Error              (PE):    0.000ns

    Location             Delay type                Incr(ns)  Path(ns)    Netlist Resource(s)
  -------------------------------------------------------------------    -------------------
                         (clock clk rise edge)        0.000     0.000 r  
                         input delay                  0.000     0.000    
                                                      0.000     0.000 r  xgmii_rxd[54] (IN)
                         net (fo=17, unset)           0.000     0.000    u_dut/u_crc/xgmii_rxd[54]
    SLICE_X23Y99         LUT5 (Prop_C6LUT_SLICEL_I0_O)
                                                      0.148     0.148 f  u_dut/u_crc/f_tlane[3]_i_11/O
                         net (fo=5, routed)           0.314     0.462    u_dut/u_crc/xgmii_rxd_54_sn_1
    SLICE_X24Y99         LUT6 (Prop_F6LUT_SLICEL_I4_O)
                                                      0.177     0.639 r  u_dut/u_crc/f_tlane[3]_i_3/O
                         net (fo=5, routed)           0.756     1.395    u_dut/u_crc/xgmii_rxd[57]_0
    SLICE_X24Y92         LUT6 (Prop_B6LUT_SLICEL_I0_O)
                                                      0.040     1.435 r  u_dut/u_crc/f_tlane[2]_i_1/O
                         net (fo=43, routed)          0.750     2.184    u_dut/u_crc/xgmii_rxd_57_sn_1
    SLICE_X25Y45         LUT6 (Prop_H6LUT_SLICEM_I5_O)
                                                      0.041     2.225 r  u_dut/u_crc/crc[30]_i_32/O
                         net (fo=62, routed)          0.570     2.795    u_dut/u_crc/a_keep[1]
    SLICE_X27Y33         LUT6 (Prop_G6LUT_SLICEL_I1_O)
                                                      0.114     2.909 r  u_dut/u_crc/crc[21]_i_26/O
                         net (fo=6, routed)           0.896     3.805    u_dut/u_crc/crc[21]_i_26_n_0
    SLICE_X17Y32         LUT2 (Prop_B5LUT_SLICEL_I0_O)
                                                      0.089     3.894 r  u_dut/u_crc/crc[26]_i_36/O
                         net (fo=3, routed)           0.772     4.666    u_dut/u_crc/crc[26]_i_36_n_0
    SLICE_X21Y33         LUT6 (Prop_H6LUT_SLICEM_I0_O)
                                                      0.041     4.707 r  u_dut/u_crc/crc[10]_i_5/O
                         net (fo=1, routed)           0.521     5.228    u_dut/u_crc/crc[10]_i_5_n_0
    SLICE_X17Y33         LUT6 (Prop_G6LUT_SLICEL_I1_O)
                                                      0.100     5.328 r  u_dut/u_crc/crc[10]_i_2/O
                         net (fo=1, routed)           0.230     5.558    u_dut/u_crc/crc[10]_i_2_n_0
    SLICE_X17Y33         LUT6 (Prop_H6LUT_SLICEL_I2_O)
                                                      0.149     5.707 r  u_dut/u_crc/crc[10]_i_1/O
                         net (fo=2, routed)           0.227     5.934    u_dut/u_crc/crc[10]_i_1_n_0
    SLICE_X18Y33         LUT5 (Prop_F6LUT_SLICEL_I4_O)
                                                      0.098     6.032 f  u_dut/u_crc/stat_crc_err[31]_i_12/O
                         net (fo=1, routed)           0.167     6.199    u_dut/u_crc/stat_crc_err[31]_i_12_n_0
    SLICE_X18Y34         LUT6 (Prop_C6LUT_SLICEL_I3_O)
                                                      0.148     6.347 f  u_dut/u_crc/stat_crc_err[31]_i_5/O
                         net (fo=2, routed)           0.549     6.897    u_dut/u_crc/stat_crc_err[31]_i_5_n_0
    SLICE_X26Y36         LUT6 (Prop_C6LUT_SLICEL_I3_O)
                                                      0.038     6.935 r  u_dut/u_crc/stat_crc_err[31]_i_1/O
                         net (fo=32, routed)          0.394     7.328    u_dut/u_crc_n_9
    SLICE_X24Y39         FDCE                                         r  u_dut/stat_crc_err_reg[24]/CE
  -------------------------------------------------------------------    -------------------

                         (clock clk rise edge)        6.400     6.400 r  
                                                      0.000     6.400 r  clk (IN)
                         net (fo=998, unset)          1.057     7.457    u_dut/clk
    SLICE_X24Y39         FDCE                                         r  u_dut/stat_crc_err_reg[24]/C
                         clock pessimism              0.000     7.457    
                         clock uncertainty           -0.035     7.422    
    SLICE_X24Y39         FDCE (Setup_AFF_SLICEL_C_CE)
                                                     -0.042     7.380    u_dut/stat_crc_err_reg[24]
  -------------------------------------------------------------------
                         required time                          7.380    
                         arrival time                          -7.328    
  -------------------------------------------------------------------
                         slack                                  0.051    





Min Delay Paths
--------------------------------------------------------------------------------------
Slack (VIOLATED) :        -1.345ns  (arrival time - required time)
  Source:                 xgmii_rxd[39]
                            (input port clocked by clk  {rise@0.000ns fall@3.200ns period=6.400ns})
  Destination:            u_dut/b_data_reg[31]/D
                            (rising edge-triggered cell FDCE clocked by clk  {rise@0.000ns fall@3.200ns period=6.400ns})
  Path Group:             clk
  Path Type:              Hold (Min at Slow Process Corner)
  Requirement:            0.000ns  (clk rise@0.000ns - clk rise@0.000ns)
  Data Path Delay:        0.088ns  (logic 0.077ns (87.500%)  route 0.011ns (12.500%))
  Logic Levels:           1  (LUT3=1)
  Input Delay:            0.000ns
  Clock Path Skew:        1.378ns (DCD - SCD - CPR)
    Destination Clock Delay (DCD):    1.378ns
    Source Clock Delay      (SCD):    0.000ns
    Clock Pessimism Removal (CPR):    -0.000ns

    Location             Delay type                Incr(ns)  Path(ns)    Netlist Resource(s)
  -------------------------------------------------------------------    -------------------
                         (clock clk rise edge)        0.000     0.000 r  
                         input delay                  0.000     0.000    
                                                      0.000     0.000 r  xgmii_rxd[39] (IN)
                         net (fo=18, unset)           0.000     0.000    u_dut/xgmii_rxd[39]
    SLICE_X30Y77         LUT3 (Prop_D5LUT_SLICEL_I0_O)
                                                      0.077     0.077 r  u_dut/b_data[31]_i_1/O
                         net (fo=1, routed)           0.011     0.088    u_dut/align8_return[31]
    SLICE_X30Y77         FDCE                                         r  u_dut/b_data_reg[31]/D
  -------------------------------------------------------------------    -------------------

                         (clock clk rise edge)        0.000     0.000 r  
                                                      0.000     0.000 r  clk (IN)
                         net (fo=998, unset)          1.378     1.378    u_dut/clk
    SLICE_X30Y77         FDCE                                         r  u_dut/b_data_reg[31]/C
                         clock pessimism              0.000     1.378    
    SLICE_X30Y77         FDCE (Hold_DFF2_SLICEL_C_D)
                                                      0.055     1.433    u_dut/b_data_reg[31]
  -------------------------------------------------------------------
                         required time                         -1.433    
                         arrival time                           0.088    
  -------------------------------------------------------------------
                         slack                                 -1.345    





Pulse Width Checks
--------------------------------------------------------------------------------------
Clock Name:         clk
Waveform(ns):       { 0.000 3.200 }
Period(ns):         6.400
Sources:            { clk }

Check Type        Corner  Lib Pin     Reference Pin  Required(ns)  Actual(ns)  Slack(ns)  Location      Pin
Min Period        n/a     RAMD32/CLK  n/a            1.146         6.400       5.254      SLICE_X28Y89  u_dut/u_fifo/mem_reg_0_15_0_13/RAMA/CLK
Low Pulse Width   Slow    RAMD32/CLK  n/a            0.573         3.200       2.627      SLICE_X28Y89  u_dut/u_fifo/mem_reg_0_15_0_13/RAMA/CLK
High Pulse Width  Slow    RAMD32/CLK  n/a            0.573         3.200       2.627      SLICE_X28Y89  u_dut/u_fifo/mem_reg_0_15_0_13/RAMA/CLK



