Copyright 1986-2022 Xilinx, Inc. All Rights Reserved. Copyright 2022-2025 Advanced Micro Devices, Inc. All Rights Reserved.
---------------------------------------------------------------------------------------------------------------------------------------------------------------------------
| Tool Version      : Vivado v.2025.2 (win64) Build 6299465 Fri Nov 14 19:35:11 GMT 2025
| Date              : Tue Sep 29 21:57:08 2026
| Host              : xyz-intel running 64-bit major release  (build 9200)
| Command           : report_timing -max_paths 20 -delay_type min -nworst 4 -file D:/repo/XCKU5PMini/udp_hls_10g/_proj_10g/p7b_mac_synth/reports/mac_tx_ooc_hold_paths.rpt
| Design            : mac_tx_min_top
| Device            : xcku5p-ffvb676
| Speed File        : -1  PRODUCTION 1.29 05-01-2022
| Design State      : Routed
| Temperature Grade : E
---------------------------------------------------------------------------------------------------------------------------------------------------------------------------

Timing Report

Slack (VIOLATED) :        -2.146ns  (arrival time - required time)
  Source:                 s_axis_tkeep[1]
                            (input port clocked by clk  {rise@0.000ns fall@3.200ns period=6.400ns})
  Destination:            u_dut/u_fifo/mem_reg_0_15_0_13/RAMB/I
                            (rising edge-triggered cell RAMD32 clocked by clk  {rise@0.000ns fall@3.200ns period=6.400ns})
  Path Group:             clk
  Path Type:              Hold (Min at Slow Process Corner)
  Requirement:            0.000ns  (clk rise@0.000ns - clk rise@0.000ns)
  Data Path Delay:        0.000ns  (logic 0.000ns (0.000%)  route 0.000ns (0.000%))
  Logic Levels:           0  
  Input Delay:            0.000ns
  Clock Path Skew:        2.064ns (DCD - SCD - CPR)
    Destination Clock Delay (DCD):    2.064ns
    Source Clock Delay      (SCD):    0.000ns
    Clock Pessimism Removal (CPR):    -0.000ns

    Location             Delay type                Incr(ns)  Path(ns)    Netlist Resource(s)
  -------------------------------------------------------------------    -------------------
                         (clock clk rise edge)        0.000     0.000 r  
                         input delay                  0.000     0.000    
                                                      0.000     0.000 r  s_axis_tkeep[1] (IN)
                         net (fo=1, unset)            0.000     0.000    u_dut/u_fifo/mem_reg_0_15_0_13/DIB0
    SLICE_X35Y128        RAMD32                                       r  u_dut/u_fifo/mem_reg_0_15_0_13/RAMB/I
  -------------------------------------------------------------------    -------------------

                         (clock clk rise edge)        0.000     0.000 r  
                                                      0.000     0.000 r  clk (IN)
                         net (fo=575, unset)          2.064     2.064    u_dut/u_fifo/mem_reg_0_15_0_13/WCLK
    SLICE_X35Y128        RAMD32                                       r  u_dut/u_fifo/mem_reg_0_15_0_13/RAMB/CLK
                         clock pessimism              0.000     2.064    
    SLICE_X35Y128        RAMD32 (Hold_B5LUT_SLICEM_CLK_I)
                                                      0.082     2.146    u_dut/u_fifo/mem_reg_0_15_0_13/RAMB
  -------------------------------------------------------------------
                         required time                         -2.146    
                         arrival time                           0.000    
  -------------------------------------------------------------------
                         slack                                 -2.146    

Slack (VIOLATED) :        -2.146ns  (arrival time - required time)
  Source:                 s_axis_tkeep[1]
                            (input port clocked by clk  {rise@0.000ns fall@3.200ns period=6.400ns})
  Destination:            u_dut/u_fifo/mem_reg_0_15_0_13/RAMB/I
                            (rising edge-triggered cell RAMD32 clocked by clk  {rise@0.000ns fall@3.200ns period=6.400ns})
  Path Group:             clk
  Path Type:              Hold (Min at Slow Process Corner)
  Requirement:            0.000ns  (clk rise@0.000ns - clk rise@0.000ns)
  Data Path Delay:        0.000ns  (logic 0.000ns (0.000%)  route 0.000ns (0.000%))
  Logic Levels:           0  
  Input Delay:            0.000ns
  Clock Path Skew:        2.064ns (DCD - SCD - CPR)
    Destination Clock Delay (DCD):    2.064ns
    Source Clock Delay      (SCD):    0.000ns
    Clock Pessimism Removal (CPR):    -0.000ns

    Location             Delay type                Incr(ns)  Path(ns)    Netlist Resource(s)
  -------------------------------------------------------------------    -------------------
                         (clock clk rise edge)        0.000     0.000 r  
                         input delay                  0.000     0.000    
                                                      0.000     0.000 f  s_axis_tkeep[1] (IN)
                         net (fo=1, unset)            0.000     0.000    u_dut/u_fifo/mem_reg_0_15_0_13/DIB0
    SLICE_X35Y128        RAMD32                                       f  u_dut/u_fifo/mem_reg_0_15_0_13/RAMB/I
  -------------------------------------------------------------------    -------------------

                         (clock clk rise edge)        0.000     0.000 r  
                                                      0.000     0.000 r  clk (IN)
                         net (fo=575, unset)          2.064     2.064    u_dut/u_fifo/mem_reg_0_15_0_13/WCLK
    SLICE_X35Y128        RAMD32                                       r  u_dut/u_fifo/mem_reg_0_15_0_13/RAMB/CLK
                         clock pessimism              0.000     2.064    
    SLICE_X35Y128        RAMD32 (Hold_B5LUT_SLICEM_CLK_I)
                                                      0.082     2.146    u_dut/u_fifo/mem_reg_0_15_0_13/RAMB
  -------------------------------------------------------------------
                         required time                         -2.146    
                         arrival time                           0.000    
  -------------------------------------------------------------------
                         slack                                 -2.146    

Slack (VIOLATED) :        -2.146ns  (arrival time - required time)
  Source:                 s_axis_tkeep[3]
                            (input port clocked by clk  {rise@0.000ns fall@3.200ns period=6.400ns})
  Destination:            u_dut/u_fifo/mem_reg_0_15_0_13/RAMC/I
                            (rising edge-triggered cell RAMD32 clocked by clk  {rise@0.000ns fall@3.200ns period=6.400ns})
  Path Group:             clk
  Path Type:              Hold (Min at Slow Process Corner)
  Requirement:            0.000ns  (clk rise@0.000ns - clk rise@0.000ns)
  Data Path Delay:        0.000ns  (logic 0.000ns (0.000%)  route 0.000ns (0.000%))
  Logic Levels:           0  
  Input Delay:            0.000ns
  Clock Path Skew:        2.064ns (DCD - SCD - CPR)
    Destination Clock Delay (DCD):    2.064ns
    Source Clock Delay      (SCD):    0.000ns
    Clock Pessimism Removal (CPR):    -0.000ns

    Location             Delay type                Incr(ns)  Path(ns)    Netlist Resource(s)
  -------------------------------------------------------------------    -------------------
                         (clock clk rise edge)        0.000     0.000 r  
                         input delay                  0.000     0.000    
                                                      0.000     0.000 r  s_axis_tkeep[3] (IN)
                         net (fo=1, unset)            0.000     0.000    u_dut/u_fifo/mem_reg_0_15_0_13/DIC0
    SLICE_X35Y128        RAMD32                                       r  u_dut/u_fifo/mem_reg_0_15_0_13/RAMC/I
  -------------------------------------------------------------------    -------------------

                         (clock clk rise edge)        0.000     0.000 r  
                                                      0.000     0.000 r  clk (IN)
                         net (fo=575, unset)          2.064     2.064    u_dut/u_fifo/mem_reg_0_15_0_13/WCLK
    SLICE_X35Y128        RAMD32                                       r  u_dut/u_fifo/mem_reg_0_15_0_13/RAMC/CLK
                         clock pessimism              0.000     2.064    
    SLICE_X35Y128        RAMD32 (Hold_C5LUT_SLICEM_CLK_I)
                                                      0.082     2.146    u_dut/u_fifo/mem_reg_0_15_0_13/RAMC
  -------------------------------------------------------------------
                         required time                         -2.146    
                         arrival time                           0.000    
  -------------------------------------------------------------------
                         slack                                 -2.146    

Slack (VIOLATED) :        -2.146ns  (arrival time - required time)
  Source:                 s_axis_tkeep[3]
                            (input port clocked by clk  {rise@0.000ns fall@3.200ns period=6.400ns})
  Destination:            u_dut/u_fifo/mem_reg_0_15_0_13/RAMC/I
                            (rising edge-triggered cell RAMD32 clocked by clk  {rise@0.000ns fall@3.200ns period=6.400ns})
  Path Group:             clk
  Path Type:              Hold (Min at Slow Process Corner)
  Requirement:            0.000ns  (clk rise@0.000ns - clk rise@0.000ns)
  Data Path Delay:        0.000ns  (logic 0.000ns (0.000%)  route 0.000ns (0.000%))
  Logic Levels:           0  
  Input Delay:            0.000ns
  Clock Path Skew:        2.064ns (DCD - SCD - CPR)
    Destination Clock Delay (DCD):    2.064ns
    Source Clock Delay      (SCD):    0.000ns
    Clock Pessimism Removal (CPR):    -0.000ns

    Location             Delay type                Incr(ns)  Path(ns)    Netlist Resource(s)
  -------------------------------------------------------------------    -------------------
                         (clock clk rise edge)        0.000     0.000 r  
                         input delay                  0.000     0.000    
                                                      0.000     0.000 f  s_axis_tkeep[3] (IN)
                         net (fo=1, unset)            0.000     0.000    u_dut/u_fifo/mem_reg_0_15_0_13/DIC0
    SLICE_X35Y128        RAMD32                                       f  u_dut/u_fifo/mem_reg_0_15_0_13/RAMC/I
  -------------------------------------------------------------------    -------------------

                         (clock clk rise edge)        0.000     0.000 r  
                                                      0.000     0.000 r  clk (IN)
                         net (fo=575, unset)          2.064     2.064    u_dut/u_fifo/mem_reg_0_15_0_13/WCLK
    SLICE_X35Y128        RAMD32                                       r  u_dut/u_fifo/mem_reg_0_15_0_13/RAMC/CLK
                         clock pessimism              0.000     2.064    
    SLICE_X35Y128        RAMD32 (Hold_C5LUT_SLICEM_CLK_I)
                                                      0.082     2.146    u_dut/u_fifo/mem_reg_0_15_0_13/RAMC
  -------------------------------------------------------------------
                         required time                         -2.146    
                         arrival time                           0.000    
  -------------------------------------------------------------------
                         slack                                 -2.146    

Slack (VIOLATED) :        -2.146ns  (arrival time - required time)
  Source:                 s_axis_tdata[3]
                            (input port clocked by clk  {rise@0.000ns fall@3.200ns period=6.400ns})
  Destination:            u_dut/u_fifo/mem_reg_0_15_0_13/RAMG/I
                            (rising edge-triggered cell RAMD32 clocked by clk  {rise@0.000ns fall@3.200ns period=6.400ns})
  Path Group:             clk
  Path Type:              Hold (Min at Slow Process Corner)
  Requirement:            0.000ns  (clk rise@0.000ns - clk rise@0.000ns)
  Data Path Delay:        0.000ns  (logic 0.000ns (0.000%)  route 0.000ns (0.000%))
  Logic Levels:           0  
  Input Delay:            0.000ns
  Clock Path Skew:        2.064ns (DCD - SCD - CPR)
    Destination Clock Delay (DCD):    2.064ns
    Source Clock Delay      (SCD):    0.000ns
    Clock Pessimism Removal (CPR):    -0.000ns

    Location             Delay type                Incr(ns)  Path(ns)    Netlist Resource(s)
  -------------------------------------------------------------------    -------------------
                         (clock clk rise edge)        0.000     0.000 r  
                         input delay                  0.000     0.000    
                                                      0.000     0.000 r  s_axis_tdata[3] (IN)
                         net (fo=1, unset)            0.000     0.000    u_dut/u_fifo/mem_reg_0_15_0_13/DIG0
    SLICE_X35Y128        RAMD32                                       r  u_dut/u_fifo/mem_reg_0_15_0_13/RAMG/I
  -------------------------------------------------------------------    -------------------

                         (clock clk rise edge)        0.000     0.000 r  
                                                      0.000     0.000 r  clk (IN)
                         net (fo=575, unset)          2.064     2.064    u_dut/u_fifo/mem_reg_0_15_0_13/WCLK
    SLICE_X35Y128        RAMD32                                       r  u_dut/u_fifo/mem_reg_0_15_0_13/RAMG/CLK
                         clock pessimism              0.000     2.064    
    SLICE_X35Y128        RAMD32 (Hold_G5LUT_SLICEM_CLK_I)
                                                      0.082     2.146    u_dut/u_fifo/mem_reg_0_15_0_13/RAMG
  -------------------------------------------------------------------
                         required time                         -2.146    
                         arrival time                           0.000    
  -------------------------------------------------------------------
                         slack                                 -2.146    

Slack (VIOLATED) :        -2.146ns  (arrival time - required time)
  Source:                 s_axis_tdata[3]
                            (input port clocked by clk  {rise@0.000ns fall@3.200ns period=6.400ns})
  Destination:            u_dut/u_fifo/mem_reg_0_15_0_13/RAMG/I
                            (rising edge-triggered cell RAMD32 clocked by clk  {rise@0.000ns fall@3.200ns period=6.400ns})
  Path Group:             clk
  Path Type:              Hold (Min at Slow Process Corner)
  Requirement:            0.000ns  (clk rise@0.000ns - clk rise@0.000ns)
  Data Path Delay:        0.000ns  (logic 0.000ns (0.000%)  route 0.000ns (0.000%))
  Logic Levels:           0  
  Input Delay:            0.000ns
  Clock Path Skew:        2.064ns (DCD - SCD - CPR)
    Destination Clock Delay (DCD):    2.064ns
    Source Clock Delay      (SCD):    0.000ns
    Clock Pessimism Removal (CPR):    -0.000ns

    Location             Delay type                Incr(ns)  Path(ns)    Netlist Resource(s)
  -------------------------------------------------------------------    -------------------
                         (clock clk rise edge)        0.000     0.000 r  
                         input delay                  0.000     0.000    
                                                      0.000     0.000 f  s_axis_tdata[3] (IN)
                         net (fo=1, unset)            0.000     0.000    u_dut/u_fifo/mem_reg_0_15_0_13/DIG0
    SLICE_X35Y128        RAMD32                                       f  u_dut/u_fifo/mem_reg_0_15_0_13/RAMG/I
  -------------------------------------------------------------------    -------------------

                         (clock clk rise edge)        0.000     0.000 r  
                                                      0.000     0.000 r  clk (IN)
                         net (fo=575, unset)          2.064     2.064    u_dut/u_fifo/mem_reg_0_15_0_13/WCLK
    SLICE_X35Y128        RAMD32                                       r  u_dut/u_fifo/mem_reg_0_15_0_13/RAMG/CLK
                         clock pessimism              0.000     2.064    
    SLICE_X35Y128        RAMD32 (Hold_G5LUT_SLICEM_CLK_I)
                                                      0.082     2.146    u_dut/u_fifo/mem_reg_0_15_0_13/RAMG
  -------------------------------------------------------------------
                         required time                         -2.146    
                         arrival time                           0.000    
  -------------------------------------------------------------------
                         slack                                 -2.146    

Slack (VIOLATED) :        -2.146ns  (arrival time - required time)
  Source:                 s_axis_tdata[21]
                            (input port clocked by clk  {rise@0.000ns fall@3.200ns period=6.400ns})
  Destination:            u_dut/u_fifo/mem_reg_0_15_28_41/RAMB/I
                            (rising edge-triggered cell RAMD32 clocked by clk  {rise@0.000ns fall@3.200ns period=6.400ns})
  Path Group:             clk
  Path Type:              Hold (Min at Slow Process Corner)
  Requirement:            0.000ns  (clk rise@0.000ns - clk rise@0.000ns)
  Data Path Delay:        0.000ns  (logic 0.000ns (0.000%)  route 0.000ns (0.000%))
  Logic Levels:           0  
  Input Delay:            0.000ns
  Clock Path Skew:        2.064ns (DCD - SCD - CPR)
    Destination Clock Delay (DCD):    2.064ns
    Source Clock Delay      (SCD):    0.000ns
    Clock Pessimism Removal (CPR):    -0.000ns

    Location             Delay type                Incr(ns)  Path(ns)    Netlist Resource(s)
  -------------------------------------------------------------------    -------------------
                         (clock clk rise edge)        0.000     0.000 r  
                         input delay                  0.000     0.000    
                                                      0.000     0.000 r  s_axis_tdata[21] (IN)
                         net (fo=1, unset)            0.000     0.000    u_dut/u_fifo/mem_reg_0_15_28_41/DIB0
    SLICE_X35Y127        RAMD32                                       r  u_dut/u_fifo/mem_reg_0_15_28_41/RAMB/I
  -------------------------------------------------------------------    -------------------

                         (clock clk rise edge)        0.000     0.000 r  
                                                      0.000     0.000 r  clk (IN)
                         net (fo=575, unset)          2.064     2.064    u_dut/u_fifo/mem_reg_0_15_28_41/WCLK
    SLICE_X35Y127        RAMD32                                       r  u_dut/u_fifo/mem_reg_0_15_28_41/RAMB/CLK
                         clock pessimism              0.000     2.064    
    SLICE_X35Y127        RAMD32 (Hold_B5LUT_SLICEM_CLK_I)
                                                      0.082     2.146    u_dut/u_fifo/mem_reg_0_15_28_41/RAMB
  -------------------------------------------------------------------
                         required time                         -2.146    
                         arrival time                           0.000    
  -------------------------------------------------------------------
                         slack                                 -2.146    

Slack (VIOLATED) :        -2.146ns  (arrival time - required time)
  Source:                 s_axis_tdata[21]
                            (input port clocked by clk  {rise@0.000ns fall@3.200ns period=6.400ns})
  Destination:            u_dut/u_fifo/mem_reg_0_15_28_41/RAMB/I
                            (rising edge-triggered cell RAMD32 clocked by clk  {rise@0.000ns fall@3.200ns period=6.400ns})
  Path Group:             clk
  Path Type:              Hold (Min at Slow Process Corner)
  Requirement:            0.000ns  (clk rise@0.000ns - clk rise@0.000ns)
  Data Path Delay:        0.000ns  (logic 0.000ns (0.000%)  route 0.000ns (0.000%))
  Logic Levels:           0  
  Input Delay:            0.000ns
  Clock Path Skew:        2.064ns (DCD - SCD - CPR)
    Destination Clock Delay (DCD):    2.064ns
    Source Clock Delay      (SCD):    0.000ns
    Clock Pessimism Removal (CPR):    -0.000ns

    Location             Delay type                Incr(ns)  Path(ns)    Netlist Resource(s)
  -------------------------------------------------------------------    -------------------
                         (clock clk rise edge)        0.000     0.000 r  
                         input delay                  0.000     0.000    
                                                      0.000     0.000 f  s_axis_tdata[21] (IN)
                         net (fo=1, unset)            0.000     0.000    u_dut/u_fifo/mem_reg_0_15_28_41/DIB0
    SLICE_X35Y127        RAMD32                                       f  u_dut/u_fifo/mem_reg_0_15_28_41/RAMB/I
  -------------------------------------------------------------------    -------------------

                         (clock clk rise edge)        0.000     0.000 r  
                                                      0.000     0.000 r  clk (IN)
                         net (fo=575, unset)          2.064     2.064    u_dut/u_fifo/mem_reg_0_15_28_41/WCLK
    SLICE_X35Y127        RAMD32                                       r  u_dut/u_fifo/mem_reg_0_15_28_41/RAMB/CLK
                         clock pessimism              0.000     2.064    
    SLICE_X35Y127        RAMD32 (Hold_B5LUT_SLICEM_CLK_I)
                                                      0.082     2.146    u_dut/u_fifo/mem_reg_0_15_28_41/RAMB
  -------------------------------------------------------------------
                         required time                         -2.146    
                         arrival time                           0.000    
  -------------------------------------------------------------------
                         slack                                 -2.146    

Slack (VIOLATED) :        -2.146ns  (arrival time - required time)
  Source:                 s_axis_tdata[23]
                            (input port clocked by clk  {rise@0.000ns fall@3.200ns period=6.400ns})
  Destination:            u_dut/u_fifo/mem_reg_0_15_28_41/RAMC/I
                            (rising edge-triggered cell RAMD32 clocked by clk  {rise@0.000ns fall@3.200ns period=6.400ns})
  Path Group:             clk
  Path Type:              Hold (Min at Slow Process Corner)
  Requirement:            0.000ns  (clk rise@0.000ns - clk rise@0.000ns)
  Data Path Delay:        0.000ns  (logic 0.000ns (0.000%)  route 0.000ns (0.000%))
  Logic Levels:           0  
  Input Delay:            0.000ns
  Clock Path Skew:        2.064ns (DCD - SCD - CPR)
    Destination Clock Delay (DCD):    2.064ns
    Source Clock Delay      (SCD):    0.000ns
    Clock Pessimism Removal (CPR):    -0.000ns

    Location             Delay type                Incr(ns)  Path(ns)    Netlist Resource(s)
  -------------------------------------------------------------------    -------------------
                         (clock clk rise edge)        0.000     0.000 r  
                         input delay                  0.000     0.000    
                                                      0.000     0.000 r  s_axis_tdata[23] (IN)
                         net (fo=1, unset)            0.000     0.000    u_dut/u_fifo/mem_reg_0_15_28_41/DIC0
    SLICE_X35Y127        RAMD32                                       r  u_dut/u_fifo/mem_reg_0_15_28_41/RAMC/I
  -------------------------------------------------------------------    -------------------

                         (clock clk rise edge)        0.000     0.000 r  
                                                      0.000     0.000 r  clk (IN)
                         net (fo=575, unset)          2.064     2.064    u_dut/u_fifo/mem_reg_0_15_28_41/WCLK
    SLICE_X35Y127        RAMD32                                       r  u_dut/u_fifo/mem_reg_0_15_28_41/RAMC/CLK
                         clock pessimism              0.000     2.064    
    SLICE_X35Y127        RAMD32 (Hold_C5LUT_SLICEM_CLK_I)
                                                      0.082     2.146    u_dut/u_fifo/mem_reg_0_15_28_41/RAMC
  -------------------------------------------------------------------
                         required time                         -2.146    
                         arrival time                           0.000    
  -------------------------------------------------------------------
                         slack                                 -2.146    

Slack (VIOLATED) :        -2.146ns  (arrival time - required time)
  Source:                 s_axis_tdata[23]
                            (input port clocked by clk  {rise@0.000ns fall@3.200ns period=6.400ns})
  Destination:            u_dut/u_fifo/mem_reg_0_15_28_41/RAMC/I
                            (rising edge-triggered cell RAMD32 clocked by clk  {rise@0.000ns fall@3.200ns period=6.400ns})
  Path Group:             clk
  Path Type:              Hold (Min at Slow Process Corner)
  Requirement:            0.000ns  (clk rise@0.000ns - clk rise@0.000ns)
  Data Path Delay:        0.000ns  (logic 0.000ns (0.000%)  route 0.000ns (0.000%))
  Logic Levels:           0  
  Input Delay:            0.000ns
  Clock Path Skew:        2.064ns (DCD - SCD - CPR)
    Destination Clock Delay (DCD):    2.064ns
    Source Clock Delay      (SCD):    0.000ns
    Clock Pessimism Removal (CPR):    -0.000ns

    Location             Delay type                Incr(ns)  Path(ns)    Netlist Resource(s)
  -------------------------------------------------------------------    -------------------
                         (clock clk rise edge)        0.000     0.000 r  
                         input delay                  0.000     0.000    
                                                      0.000     0.000 f  s_axis_tdata[23] (IN)
                         net (fo=1, unset)            0.000     0.000    u_dut/u_fifo/mem_reg_0_15_28_41/DIC0
    SLICE_X35Y127        RAMD32                                       f  u_dut/u_fifo/mem_reg_0_15_28_41/RAMC/I
  -------------------------------------------------------------------    -------------------

                         (clock clk rise edge)        0.000     0.000 r  
                                                      0.000     0.000 r  clk (IN)
                         net (fo=575, unset)          2.064     2.064    u_dut/u_fifo/mem_reg_0_15_28_41/WCLK
    SLICE_X35Y127        RAMD32                                       r  u_dut/u_fifo/mem_reg_0_15_28_41/RAMC/CLK
                         clock pessimism              0.000     2.064    
    SLICE_X35Y127        RAMD32 (Hold_C5LUT_SLICEM_CLK_I)
                                                      0.082     2.146    u_dut/u_fifo/mem_reg_0_15_28_41/RAMC
  -------------------------------------------------------------------
                         required time                         -2.146    
                         arrival time                           0.000    
  -------------------------------------------------------------------
                         slack                                 -2.146    

Slack (VIOLATED) :        -2.146ns  (arrival time - required time)
  Source:                 s_axis_tdata[31]
                            (input port clocked by clk  {rise@0.000ns fall@3.200ns period=6.400ns})
  Destination:            u_dut/u_fifo/mem_reg_0_15_28_41/RAMG/I
                            (rising edge-triggered cell RAMD32 clocked by clk  {rise@0.000ns fall@3.200ns period=6.400ns})
  Path Group:             clk
  Path Type:              Hold (Min at Slow Process Corner)
  Requirement:            0.000ns  (clk rise@0.000ns - clk rise@0.000ns)
  Data Path Delay:        0.000ns  (logic 0.000ns (0.000%)  route 0.000ns (0.000%))
  Logic Levels:           0  
  Input Delay:            0.000ns
  Clock Path Skew:        2.064ns (DCD - SCD - CPR)
    Destination Clock Delay (DCD):    2.064ns
    Source Clock Delay      (SCD):    0.000ns
    Clock Pessimism Removal (CPR):    -0.000ns

    Location             Delay type                Incr(ns)  Path(ns)    Netlist Resource(s)
  -------------------------------------------------------------------    -------------------
                         (clock clk rise edge)        0.000     0.000 r  
                         input delay                  0.000     0.000    
                                                      0.000     0.000 r  s_axis_tdata[31] (IN)
                         net (fo=1, unset)            0.000     0.000    u_dut/u_fifo/mem_reg_0_15_28_41/DIG0
    SLICE_X35Y127        RAMD32                                       r  u_dut/u_fifo/mem_reg_0_15_28_41/RAMG/I
  -------------------------------------------------------------------    -------------------

                         (clock clk rise edge)        0.000     0.000 r  
                                                      0.000     0.000 r  clk (IN)
                         net (fo=575, unset)          2.064     2.064    u_dut/u_fifo/mem_reg_0_15_28_41/WCLK
    SLICE_X35Y127        RAMD32                                       r  u_dut/u_fifo/mem_reg_0_15_28_41/RAMG/CLK
                         clock pessimism              0.000     2.064    
    SLICE_X35Y127        RAMD32 (Hold_G5LUT_SLICEM_CLK_I)
                                                      0.082     2.146    u_dut/u_fifo/mem_reg_0_15_28_41/RAMG
  -------------------------------------------------------------------
                         required time                         -2.146    
                         arrival time                           0.000    
  -------------------------------------------------------------------
                         slack                                 -2.146    

Slack (VIOLATED) :        -2.146ns  (arrival time - required time)
  Source:                 s_axis_tdata[31]
                            (input port clocked by clk  {rise@0.000ns fall@3.200ns period=6.400ns})
  Destination:            u_dut/u_fifo/mem_reg_0_15_28_41/RAMG/I
                            (rising edge-triggered cell RAMD32 clocked by clk  {rise@0.000ns fall@3.200ns period=6.400ns})
  Path Group:             clk
  Path Type:              Hold (Min at Slow Process Corner)
  Requirement:            0.000ns  (clk rise@0.000ns - clk rise@0.000ns)
  Data Path Delay:        0.000ns  (logic 0.000ns (0.000%)  route 0.000ns (0.000%))
  Logic Levels:           0  
  Input Delay:            0.000ns
  Clock Path Skew:        2.064ns (DCD - SCD - CPR)
    Destination Clock Delay (DCD):    2.064ns
    Source Clock Delay      (SCD):    0.000ns
    Clock Pessimism Removal (CPR):    -0.000ns

    Location             Delay type                Incr(ns)  Path(ns)    Netlist Resource(s)
  -------------------------------------------------------------------    -------------------
                         (clock clk rise edge)        0.000     0.000 r  
                         input delay                  0.000     0.000    
                                                      0.000     0.000 f  s_axis_tdata[31] (IN)
                         net (fo=1, unset)            0.000     0.000    u_dut/u_fifo/mem_reg_0_15_28_41/DIG0
    SLICE_X35Y127        RAMD32                                       f  u_dut/u_fifo/mem_reg_0_15_28_41/RAMG/I
  -------------------------------------------------------------------    -------------------

                         (clock clk rise edge)        0.000     0.000 r  
                                                      0.000     0.000 r  clk (IN)
                         net (fo=575, unset)          2.064     2.064    u_dut/u_fifo/mem_reg_0_15_28_41/WCLK
    SLICE_X35Y127        RAMD32                                       r  u_dut/u_fifo/mem_reg_0_15_28_41/RAMG/CLK
                         clock pessimism              0.000     2.064    
    SLICE_X35Y127        RAMD32 (Hold_G5LUT_SLICEM_CLK_I)
                                                      0.082     2.146    u_dut/u_fifo/mem_reg_0_15_28_41/RAMG
  -------------------------------------------------------------------
                         required time                         -2.146    
                         arrival time                           0.000    
  -------------------------------------------------------------------
                         slack                                 -2.146    

Slack (VIOLATED) :        -2.145ns  (arrival time - required time)
  Source:                 s_axis_tkeep[7]
                            (input port clocked by clk  {rise@0.000ns fall@3.200ns period=6.400ns})
  Destination:            u_dut/u_fifo/mem_reg_0_15_0_13/RAME/I
                            (rising edge-triggered cell RAMD32 clocked by clk  {rise@0.000ns fall@3.200ns period=6.400ns})
  Path Group:             clk
  Path Type:              Hold (Min at Slow Process Corner)
  Requirement:            0.000ns  (clk rise@0.000ns - clk rise@0.000ns)
  Data Path Delay:        0.000ns  (logic 0.000ns (0.000%)  route 0.000ns (0.000%))
  Logic Levels:           0  
  Input Delay:            0.000ns
  Clock Path Skew:        2.064ns (DCD - SCD - CPR)
    Destination Clock Delay (DCD):    2.064ns
    Source Clock Delay      (SCD):    0.000ns
    Clock Pessimism Removal (CPR):    -0.000ns

    Location             Delay type                Incr(ns)  Path(ns)    Netlist Resource(s)
  -------------------------------------------------------------------    -------------------
                         (clock clk rise edge)        0.000     0.000 r  
                         input delay                  0.000     0.000    
                                                      0.000     0.000 r  s_axis_tkeep[7] (IN)
                         net (fo=1, unset)            0.000     0.000    u_dut/u_fifo/mem_reg_0_15_0_13/DIE0
    SLICE_X35Y128        RAMD32                                       r  u_dut/u_fifo/mem_reg_0_15_0_13/RAME/I
  -------------------------------------------------------------------    -------------------

                         (clock clk rise edge)        0.000     0.000 r  
                                                      0.000     0.000 r  clk (IN)
                         net (fo=575, unset)          2.064     2.064    u_dut/u_fifo/mem_reg_0_15_0_13/WCLK
    SLICE_X35Y128        RAMD32                                       r  u_dut/u_fifo/mem_reg_0_15_0_13/RAME/CLK
                         clock pessimism              0.000     2.064    
    SLICE_X35Y128        RAMD32 (Hold_E5LUT_SLICEM_CLK_I)
                                                      0.081     2.145    u_dut/u_fifo/mem_reg_0_15_0_13/RAME
  -------------------------------------------------------------------
                         required time                         -2.145    
                         arrival time                           0.000    
  -------------------------------------------------------------------
                         slack                                 -2.145    

Slack (VIOLATED) :        -2.145ns  (arrival time - required time)
  Source:                 s_axis_tkeep[7]
                            (input port clocked by clk  {rise@0.000ns fall@3.200ns period=6.400ns})
  Destination:            u_dut/u_fifo/mem_reg_0_15_0_13/RAME/I
                            (rising edge-triggered cell RAMD32 clocked by clk  {rise@0.000ns fall@3.200ns period=6.400ns})
  Path Group:             clk
  Path Type:              Hold (Min at Slow Process Corner)
  Requirement:            0.000ns  (clk rise@0.000ns - clk rise@0.000ns)
  Data Path Delay:        0.000ns  (logic 0.000ns (0.000%)  route 0.000ns (0.000%))
  Logic Levels:           0  
  Input Delay:            0.000ns
  Clock Path Skew:        2.064ns (DCD - SCD - CPR)
    Destination Clock Delay (DCD):    2.064ns
    Source Clock Delay      (SCD):    0.000ns
    Clock Pessimism Removal (CPR):    -0.000ns

    Location             Delay type                Incr(ns)  Path(ns)    Netlist Resource(s)
  -------------------------------------------------------------------    -------------------
                         (clock clk rise edge)        0.000     0.000 r  
                         input delay                  0.000     0.000    
                                                      0.000     0.000 f  s_axis_tkeep[7] (IN)
                         net (fo=1, unset)            0.000     0.000    u_dut/u_fifo/mem_reg_0_15_0_13/DIE0
    SLICE_X35Y128        RAMD32                                       f  u_dut/u_fifo/mem_reg_0_15_0_13/RAME/I
  -------------------------------------------------------------------    -------------------

                         (clock clk rise edge)        0.000     0.000 r  
                                                      0.000     0.000 r  clk (IN)
                         net (fo=575, unset)          2.064     2.064    u_dut/u_fifo/mem_reg_0_15_0_13/WCLK
    SLICE_X35Y128        RAMD32                                       r  u_dut/u_fifo/mem_reg_0_15_0_13/RAME/CLK
                         clock pessimism              0.000     2.064    
    SLICE_X35Y128        RAMD32 (Hold_E5LUT_SLICEM_CLK_I)
                                                      0.081     2.145    u_dut/u_fifo/mem_reg_0_15_0_13/RAME
  -------------------------------------------------------------------
                         required time                         -2.145    
                         arrival time                           0.000    
  -------------------------------------------------------------------
                         slack                                 -2.145    

Slack (VIOLATED) :        -2.145ns  (arrival time - required time)
  Source:                 s_axis_tdata[1]
                            (input port clocked by clk  {rise@0.000ns fall@3.200ns period=6.400ns})
  Destination:            u_dut/u_fifo/mem_reg_0_15_0_13/RAMF/I
                            (rising edge-triggered cell RAMD32 clocked by clk  {rise@0.000ns fall@3.200ns period=6.400ns})
  Path Group:             clk
  Path Type:              Hold (Min at Slow Process Corner)
  Requirement:            0.000ns  (clk rise@0.000ns - clk rise@0.000ns)
  Data Path Delay:        0.000ns  (logic 0.000ns (0.000%)  route 0.000ns (0.000%))
  Logic Levels:           0  
  Input Delay:            0.000ns
  Clock Path Skew:        2.064ns (DCD - SCD - CPR)
    Destination Clock Delay (DCD):    2.064ns
    Source Clock Delay      (SCD):    0.000ns
    Clock Pessimism Removal (CPR):    -0.000ns

    Location             Delay type                Incr(ns)  Path(ns)    Netlist Resource(s)
  -------------------------------------------------------------------    -------------------
                         (clock clk rise edge)        0.000     0.000 r  
                         input delay                  0.000     0.000    
                                                      0.000     0.000 r  s_axis_tdata[1] (IN)
                         net (fo=1, unset)            0.000     0.000    u_dut/u_fifo/mem_reg_0_15_0_13/DIF0
    SLICE_X35Y128        RAMD32                                       r  u_dut/u_fifo/mem_reg_0_15_0_13/RAMF/I
  -------------------------------------------------------------------    -------------------

                         (clock clk rise edge)        0.000     0.000 r  
                                                      0.000     0.000 r  clk (IN)
                         net (fo=575, unset)          2.064     2.064    u_dut/u_fifo/mem_reg_0_15_0_13/WCLK
    SLICE_X35Y128        RAMD32                                       r  u_dut/u_fifo/mem_reg_0_15_0_13/RAMF/CLK
                         clock pessimism              0.000     2.064    
    SLICE_X35Y128        RAMD32 (Hold_F5LUT_SLICEM_CLK_I)
                                                      0.081     2.145    u_dut/u_fifo/mem_reg_0_15_0_13/RAMF
  -------------------------------------------------------------------
                         required time                         -2.145    
                         arrival time                           0.000    
  -------------------------------------------------------------------
                         slack                                 -2.145    

Slack (VIOLATED) :        -2.145ns  (arrival time - required time)
  Source:                 s_axis_tdata[1]
                            (input port clocked by clk  {rise@0.000ns fall@3.200ns period=6.400ns})
  Destination:            u_dut/u_fifo/mem_reg_0_15_0_13/RAMF/I
                            (rising edge-triggered cell RAMD32 clocked by clk  {rise@0.000ns fall@3.200ns period=6.400ns})
  Path Group:             clk
  Path Type:              Hold (Min at Slow Process Corner)
  Requirement:            0.000ns  (clk rise@0.000ns - clk rise@0.000ns)
  Data Path Delay:        0.000ns  (logic 0.000ns (0.000%)  route 0.000ns (0.000%))
  Logic Levels:           0  
  Input Delay:            0.000ns
  Clock Path Skew:        2.064ns (DCD - SCD - CPR)
    Destination Clock Delay (DCD):    2.064ns
    Source Clock Delay      (SCD):    0.000ns
    Clock Pessimism Removal (CPR):    -0.000ns

    Location             Delay type                Incr(ns)  Path(ns)    Netlist Resource(s)
  -------------------------------------------------------------------    -------------------
                         (clock clk rise edge)        0.000     0.000 r  
                         input delay                  0.000     0.000    
                                                      0.000     0.000 f  s_axis_tdata[1] (IN)
                         net (fo=1, unset)            0.000     0.000    u_dut/u_fifo/mem_reg_0_15_0_13/DIF0
    SLICE_X35Y128        RAMD32                                       f  u_dut/u_fifo/mem_reg_0_15_0_13/RAMF/I
  -------------------------------------------------------------------    -------------------

                         (clock clk rise edge)        0.000     0.000 r  
                                                      0.000     0.000 r  clk (IN)
                         net (fo=575, unset)          2.064     2.064    u_dut/u_fifo/mem_reg_0_15_0_13/WCLK
    SLICE_X35Y128        RAMD32                                       r  u_dut/u_fifo/mem_reg_0_15_0_13/RAMF/CLK
                         clock pessimism              0.000     2.064    
    SLICE_X35Y128        RAMD32 (Hold_F5LUT_SLICEM_CLK_I)
                                                      0.081     2.145    u_dut/u_fifo/mem_reg_0_15_0_13/RAMF
  -------------------------------------------------------------------
                         required time                         -2.145    
                         arrival time                           0.000    
  -------------------------------------------------------------------
                         slack                                 -2.145    

Slack (VIOLATED) :        -2.145ns  (arrival time - required time)
  Source:                 s_axis_tdata[27]
                            (input port clocked by clk  {rise@0.000ns fall@3.200ns period=6.400ns})
  Destination:            u_dut/u_fifo/mem_reg_0_15_28_41/RAME/I
                            (rising edge-triggered cell RAMD32 clocked by clk  {rise@0.000ns fall@3.200ns period=6.400ns})
  Path Group:             clk
  Path Type:              Hold (Min at Slow Process Corner)
  Requirement:            0.000ns  (clk rise@0.000ns - clk rise@0.000ns)
  Data Path Delay:        0.000ns  (logic 0.000ns (0.000%)  route 0.000ns (0.000%))
  Logic Levels:           0  
  Input Delay:            0.000ns
  Clock Path Skew:        2.064ns (DCD - SCD - CPR)
    Destination Clock Delay (DCD):    2.064ns
    Source Clock Delay      (SCD):    0.000ns
    Clock Pessimism Removal (CPR):    -0.000ns

    Location             Delay type                Incr(ns)  Path(ns)    Netlist Resource(s)
  -------------------------------------------------------------------    -------------------
                         (clock clk rise edge)        0.000     0.000 r  
                         input delay                  0.000     0.000    
                                                      0.000     0.000 r  s_axis_tdata[27] (IN)
                         net (fo=1, unset)            0.000     0.000    u_dut/u_fifo/mem_reg_0_15_28_41/DIE0
    SLICE_X35Y127        RAMD32                                       r  u_dut/u_fifo/mem_reg_0_15_28_41/RAME/I
  -------------------------------------------------------------------    -------------------

                         (clock clk rise edge)        0.000     0.000 r  
                                                      0.000     0.000 r  clk (IN)
                         net (fo=575, unset)          2.064     2.064    u_dut/u_fifo/mem_reg_0_15_28_41/WCLK
    SLICE_X35Y127        RAMD32                                       r  u_dut/u_fifo/mem_reg_0_15_28_41/RAME/CLK
                         clock pessimism              0.000     2.064    
    SLICE_X35Y127        RAMD32 (Hold_E5LUT_SLICEM_CLK_I)
                                                      0.081     2.145    u_dut/u_fifo/mem_reg_0_15_28_41/RAME
  -------------------------------------------------------------------
                         required time                         -2.145    
                         arrival time                           0.000    
  -------------------------------------------------------------------
                         slack                                 -2.145    

Slack (VIOLATED) :        -2.145ns  (arrival time - required time)
  Source:                 s_axis_tdata[27]
                            (input port clocked by clk  {rise@0.000ns fall@3.200ns period=6.400ns})
  Destination:            u_dut/u_fifo/mem_reg_0_15_28_41/RAME/I
                            (rising edge-triggered cell RAMD32 clocked by clk  {rise@0.000ns fall@3.200ns period=6.400ns})
  Path Group:             clk
  Path Type:              Hold (Min at Slow Process Corner)
  Requirement:            0.000ns  (clk rise@0.000ns - clk rise@0.000ns)
  Data Path Delay:        0.000ns  (logic 0.000ns (0.000%)  route 0.000ns (0.000%))
  Logic Levels:           0  
  Input Delay:            0.000ns
  Clock Path Skew:        2.064ns (DCD - SCD - CPR)
    Destination Clock Delay (DCD):    2.064ns
    Source Clock Delay      (SCD):    0.000ns
    Clock Pessimism Removal (CPR):    -0.000ns

    Location             Delay type                Incr(ns)  Path(ns)    Netlist Resource(s)
  -------------------------------------------------------------------    -------------------
                         (clock clk rise edge)        0.000     0.000 r  
                         input delay                  0.000     0.000    
                                                      0.000     0.000 f  s_axis_tdata[27] (IN)
                         net (fo=1, unset)            0.000     0.000    u_dut/u_fifo/mem_reg_0_15_28_41/DIE0
    SLICE_X35Y127        RAMD32                                       f  u_dut/u_fifo/mem_reg_0_15_28_41/RAME/I
  -------------------------------------------------------------------    -------------------

                         (clock clk rise edge)        0.000     0.000 r  
                                                      0.000     0.000 r  clk (IN)
                         net (fo=575, unset)          2.064     2.064    u_dut/u_fifo/mem_reg_0_15_28_41/WCLK
    SLICE_X35Y127        RAMD32                                       r  u_dut/u_fifo/mem_reg_0_15_28_41/RAME/CLK
                         clock pessimism              0.000     2.064    
    SLICE_X35Y127        RAMD32 (Hold_E5LUT_SLICEM_CLK_I)
                                                      0.081     2.145    u_dut/u_fifo/mem_reg_0_15_28_41/RAME
  -------------------------------------------------------------------
                         required time                         -2.145    
                         arrival time                           0.000    
  -------------------------------------------------------------------
                         slack                                 -2.145    

Slack (VIOLATED) :        -2.145ns  (arrival time - required time)
  Source:                 s_axis_tdata[29]
                            (input port clocked by clk  {rise@0.000ns fall@3.200ns period=6.400ns})
  Destination:            u_dut/u_fifo/mem_reg_0_15_28_41/RAMF/I
                            (rising edge-triggered cell RAMD32 clocked by clk  {rise@0.000ns fall@3.200ns period=6.400ns})
  Path Group:             clk
  Path Type:              Hold (Min at Slow Process Corner)
  Requirement:            0.000ns  (clk rise@0.000ns - clk rise@0.000ns)
  Data Path Delay:        0.000ns  (logic 0.000ns (0.000%)  route 0.000ns (0.000%))
  Logic Levels:           0  
  Input Delay:            0.000ns
  Clock Path Skew:        2.064ns (DCD - SCD - CPR)
    Destination Clock Delay (DCD):    2.064ns
    Source Clock Delay      (SCD):    0.000ns
    Clock Pessimism Removal (CPR):    -0.000ns

    Location             Delay type                Incr(ns)  Path(ns)    Netlist Resource(s)
  -------------------------------------------------------------------    -------------------
                         (clock clk rise edge)        0.000     0.000 r  
                         input delay                  0.000     0.000    
                                                      0.000     0.000 r  s_axis_tdata[29] (IN)
                         net (fo=1, unset)            0.000     0.000    u_dut/u_fifo/mem_reg_0_15_28_41/DIF0
    SLICE_X35Y127        RAMD32                                       r  u_dut/u_fifo/mem_reg_0_15_28_41/RAMF/I
  -------------------------------------------------------------------    -------------------

                         (clock clk rise edge)        0.000     0.000 r  
                                                      0.000     0.000 r  clk (IN)
                         net (fo=575, unset)          2.064     2.064    u_dut/u_fifo/mem_reg_0_15_28_41/WCLK
    SLICE_X35Y127        RAMD32                                       r  u_dut/u_fifo/mem_reg_0_15_28_41/RAMF/CLK
                         clock pessimism              0.000     2.064    
    SLICE_X35Y127        RAMD32 (Hold_F5LUT_SLICEM_CLK_I)
                                                      0.081     2.145    u_dut/u_fifo/mem_reg_0_15_28_41/RAMF
  -------------------------------------------------------------------
                         required time                         -2.145    
                         arrival time                           0.000    
  -------------------------------------------------------------------
                         slack                                 -2.145    

Slack (VIOLATED) :        -2.145ns  (arrival time - required time)
  Source:                 s_axis_tdata[29]
                            (input port clocked by clk  {rise@0.000ns fall@3.200ns period=6.400ns})
  Destination:            u_dut/u_fifo/mem_reg_0_15_28_41/RAMF/I
                            (rising edge-triggered cell RAMD32 clocked by clk  {rise@0.000ns fall@3.200ns period=6.400ns})
  Path Group:             clk
  Path Type:              Hold (Min at Slow Process Corner)
  Requirement:            0.000ns  (clk rise@0.000ns - clk rise@0.000ns)
  Data Path Delay:        0.000ns  (logic 0.000ns (0.000%)  route 0.000ns (0.000%))
  Logic Levels:           0  
  Input Delay:            0.000ns
  Clock Path Skew:        2.064ns (DCD - SCD - CPR)
    Destination Clock Delay (DCD):    2.064ns
    Source Clock Delay      (SCD):    0.000ns
    Clock Pessimism Removal (CPR):    -0.000ns

    Location             Delay type                Incr(ns)  Path(ns)    Netlist Resource(s)
  -------------------------------------------------------------------    -------------------
                         (clock clk rise edge)        0.000     0.000 r  
                         input delay                  0.000     0.000    
                                                      0.000     0.000 f  s_axis_tdata[29] (IN)
                         net (fo=1, unset)            0.000     0.000    u_dut/u_fifo/mem_reg_0_15_28_41/DIF0
    SLICE_X35Y127        RAMD32                                       f  u_dut/u_fifo/mem_reg_0_15_28_41/RAMF/I
  -------------------------------------------------------------------    -------------------

                         (clock clk rise edge)        0.000     0.000 r  
                                                      0.000     0.000 r  clk (IN)
                         net (fo=575, unset)          2.064     2.064    u_dut/u_fifo/mem_reg_0_15_28_41/WCLK
    SLICE_X35Y127        RAMD32                                       r  u_dut/u_fifo/mem_reg_0_15_28_41/RAMF/CLK
                         clock pessimism              0.000     2.064    
    SLICE_X35Y127        RAMD32 (Hold_F5LUT_SLICEM_CLK_I)
                                                      0.081     2.145    u_dut/u_fifo/mem_reg_0_15_28_41/RAMF
  -------------------------------------------------------------------
                         required time                         -2.145    
                         arrival time                           0.000    
  -------------------------------------------------------------------
                         slack                                 -2.145    




