#-----------------------------------------------------------
# xsim v2025.2 (64-bit)
# SW Build 6299465 on Fri Nov 14 19:35:11 GMT 2025
# IP Build 6300035 on Fri Nov 14 10:48:45 MST 2025
# SharedData Build 6298862 on Thu Nov 13 04:50:51 MST 2025
# Start of session at: Wed Sep 30 16:51:10 2026
# Process ID         : 21992
# Current directory  : D:/repo/XCKU5PMini/udp_hls_10g/_proj_10g/notes/p7b_rate8/sim/ua_def
# Command line       : xsim.exe -log w_xs_pos.log -mode tcl -source {xsim.dir/tb_app_udp/xsim_script.tcl}
# Log file           : D:/repo/XCKU5PMini/udp_hls_10g/_proj_10g/notes/p7b_rate8/sim/ua_def/w_xs_pos.log
# Journal file       : D:/repo/XCKU5PMini/udp_hls_10g/_proj_10g/notes/p7b_rate8/sim/ua_def\xsim.jou
# Running On         : xyz-intel
# Platform           : Windows Server 2016 or Windows 10
# Operating System   : 26200
# Processor Detail   : Intel(R) Core(TM) Ultra 7 265K
# CPU Frequency      : 3878 MHz
# CPU Physical cores : 20
# CPU Logical cores  : 20
# Host memory        : 68053 MB
# Swap memory        : 4294 MB
# Total Virtual      : 72348 MB
# Available Virtual  : 44857 MB
#-----------------------------------------------------------
source xsim.dir/tb_app_udp/xsim_script.tcl
# xsim {tb_app_udp} -autoloadwcfg -runall
Time resolution is 1 ps
run -all
P5E UDP APP: splitoff=0 portout=0 badcrc=0 nopeer=0
Memory Collision Error on RAMB36E1 : tb_app_udp.u_split.u_uf.gen_mem[0].u_main.gen_sdp.gen_wide.INT_RAMB_SDP.chk_for_col_msg at simulation time 24572.000 ns.
A read was performed on address 803f (hex) of port A while a write was requested to the same address on port B.  The write will be successful however the read value on port A is unknown until the next CLKA cycle.
  [dbg] RX: app_frames=3 app_bytes=2944 rx_bytes=2944 rx_frames=3 rx_null=1 mismatch=0 meta_cnt=3
  第 0 帧: len=1514 (期望 1514) dst_mac=112233445566 dst_ip=c0a86401
  第 7 帧: len=42 (期望 42) dst_mac=112233445566 dst_ip=c0a86401
  [dbg] (a) 0 长: len=42 drop_len=0 tx_frames=8
  第 8 帧: len=1514 (期望 1514) dst_mac=112233445566 dst_ip=c0a86401
  第 9 帧: len=1542 (期望 1542) dst_mac=112233445566 dst_ip=c0a86401
  第 10 帧: len=1514 (期望 1514) dst_mac=112233445566 dst_ip=c0a86401
Memory Collision Error on RAMB36E1 : tb_app_udp.u_split.u_uf.gen_mem[0].u_main.gen_sdp.gen_wide.INT_RAMB_SDP.chk_for_col_msg at simulation time 661604.000 ns.
A read was performed on address dc3f (hex) of port A while a write was requested to the same address on port B.  The write will be successful however the read value on port A is unknown until the next CLKA cycle.
  [dbg] RX 边界: app_frames+2 rx_bytes+3001 mismatch=0
Memory Collision Error on RAMB36E1 : tb_app_udp.u_split.u_uf.gen_mem[0].u_main.gen_sdp.gen_wide.INT_RAMB_SDP.chk_for_col_msg at simulation time 1005820.000 ns.
A read was performed on address ba3f (hex) of port A while a write was requested to the same address on port B.  The write will be successful however the read value on port A is unknown until the next CLKA cycle.
Memory Collision Error on RAMB36E1 : tb_app_udp.u_split.u_uf.gen_mem[0].u_main.gen_sdp.gen_wide.INT_RAMB_SDP.chk_for_col_msg at simulation time 1200948.000 ns.
A read was performed on address e83f (hex) of port A while a write was requested to the same address on port B.  The write will be successful however the read value on port A is unknown until the next CLKA cycle.
  [dbg] burst: app_frames+3 drop_ovf=5 drop_part=0 drop_crc=0 bytes+4416 split+8
Memory Collision Error on RAMB36E1 : tb_app_udp.u_split.u_uf.gen_mem[0].u_main.gen_sdp.gen_wide.INT_RAMB_SDP.chk_for_col_msg at simulation time 1709116.000 ns.
A read was performed on address f23f (hex) of port A while a write was requested to the same address on port B.  The write will be successful however the read value on port A is unknown until the next CLKA cycle.
  第 0 帧: len=1514 (期望 1514) dst_mac=112233445566 dst_ip=c0a86401
  第 24 帧: len=1514 (期望 1514) dst_mac=112233445566 dst_ip=c0a86401
  [dbg] TX_BYTES=1000 实例: bytes=1000 frames=1 beats=125 nbytes=1000 done=1
P5E UDP APP GATE: OK (rx_frames=10 rx_bytes=13305 tx_frames=25 drop_len=1 drop_ovf=5 split=15 pat_bad=0)
$finish called at time : 1904164 ns : File "D:/repo/XCKU5PMini/udp_hls_10g/tb/tb_app_udp.v" Line 848
exit
INFO: [Common 17-206] Exiting xsim at Wed Sep 30 16:51:14 2026...
