#-----------------------------------------------------------
# xsim v2025.2 (64-bit)
# SW Build 6299465 on Fri Nov 14 19:35:11 GMT 2025
# IP Build 6300035 on Fri Nov 14 10:48:45 MST 2025
# SharedData Build 6298862 on Thu Nov 13 04:50:51 MST 2025
# Start of session at: Wed Sep 30 16:57:26 2026
# Process ID         : 33356
# Current directory  : D:/repo/XCKU5PMini/udp_hls_10g/_proj_10g/notes/p7b_rate8/sim/ua_def
# Command line       : xsim.exe -log w_xs_neglearn.log -mode tcl -source {xsim.dir/tb_app_udp/xsim_script.tcl}
# Log file           : D:/repo/XCKU5PMini/udp_hls_10g/_proj_10g/notes/p7b_rate8/sim/ua_def/w_xs_neglearn.log
# Journal file       : D:/repo/XCKU5PMini/udp_hls_10g/_proj_10g/notes/p7b_rate8/sim/ua_def\xsim.jou
# Running On         : xyz-intel
# Platform           : Windows Server 2016 or Windows 10
# Operating System   : 26200
# Processor Detail   : Intel(R) Core(TM) Ultra 7 265K
# CPU Frequency      : 3878 MHz
# CPU Physical cores : 20
# CPU Logical cores  : 20
# Host memory        : 68053 MB
# Swap memory        : 4294 MB
# Total Virtual      : 72348 MB
# Available Virtual  : 44184 MB
#-----------------------------------------------------------
source xsim.dir/tb_app_udp/xsim_script.tcl
# xsim {tb_app_udp} -testplusarg NEGLEARN -autoloadwcfg -runall
Time resolution is 1 ps
run -all
P5E UDP APP: splitoff=0 portout=0 badcrc=0 nopeer=0
Memory Collision Error on RAMB36E1 : tb_app_udp.u_split.u_uf.gen_mem[0].u_main.gen_sdp.gen_wide.INT_RAMB_SDP.chk_for_col_msg at simulation time 24572.000 ns.
A read was performed on address 803f (hex) of port A while a write was requested to the same address on port B.  The write will be successful however the read value on port A is unknown until the next CLKA cycle.
  [dbg] RX: app_frames=3 app_bytes=2944 rx_bytes=2944 rx_frames=3 rx_null=1 mismatch=0 meta_cnt=3
  [FAIL] ÿÿÿ¤ÿÿÿ¶ÿÿÿåÿÿÿ«ÿÿÿ€ÿÿÿåÿ o_ready = 1 (learn-on-RX)
  [FAIL] ÿÿÿ‘ÿÿÿ­ÿÿÿ° peeÿÿÿ apÿÿÿ«ÿÿÿ³ÿÿÿåÿÿÿÿÿÿ§
  [FAIL] ÿÿÿ‘ÿÿÿ¦ÿÿÿ§ = 42 + 1472
  ç¬¬ 0 å¸§: len=x (æœŸæœ› 1514) dst_mac=112233445566 dst_ip=c0a86401
  [FAIL] TX ÿÿÿéÿ¿ = 42 ÿÿÿ½ÿÿÿ·
  [FAIL] TX dst mac ÿÿÿ­ÿÿÿ°ÿÿ„ peer
  [FAIL] TX src mac ÿÿÿœÿÿÿº
  [FAIL] TX ethertype = IPv4
  [FAIL] TX IP proto = UDP
  [FAIL] TX IP total_len
  [FAIL] TX Iÿÿÿ¤ÿÿÿ¡ÿÿÿåÿÿÿ­ÿÿÿ®
  [FAIL] TX src ip
  [FAIL] TX dst ip = peer
  [FAIL] TX src port = 8081
  [FAIL] TX dst port = 8081
  [FAIL] TX UDP len
  [FAIL] TX UDPÿÿÿ¡ÿÿÿåÿÿÿ­ÿÿÿ®ÿÿÿ¼ÿÿÿ´ÿÿÿ´ÿÿÿ½ÿÿ·)
  [FAIL] ÿÿÿâÿ¢(a) 0 ÿÿ¿:ÿÿÿ°ÿÿÿåÿÿÿ¸ÿÿÿ¿
  ç¬¬ 0 å¸§: len=x (æœŸæœ› 42) dst_mac=112233445566 dst_ip=c0a86401
  [FAIL] TX ÿÿÿéÿ¿ = 42 ÿÿÿ½ÿÿÿ·
  [FAIL] TX dst mac ÿÿÿ­ÿÿÿ°ÿÿ„ peer
  [FAIL] TX src mac ÿÿÿœÿÿÿº
  [FAIL] TX ethertype = IPv4
  [FAIL] TX IP proto = UDP
  [FAIL] TX IP total_len
  [FAIL] TX Iÿÿÿ¤ÿÿÿ¡ÿÿÿåÿÿÿ­ÿÿÿ®
  [FAIL] TX src ip
  [FAIL] TX dst ip = peer
  [FAIL] TX src port = 8081
  [FAIL] TX dst port = 8081
  [FAIL] TX UDP len
  [FAIL] TX UDPÿÿÿ¡ÿÿÿåÿÿÿ­ÿÿÿ®ÿÿÿ¼ÿÿÿ´ÿÿÿ´ÿÿÿ½ÿÿ·)
  [dbg] (a) 0 é•¿: len=x drop_len=0 tx_frames=0
  [FAIL] Pÿÿ¢(b) 1472:ÿÿÿ°ÿÿÿåÿÿÿ¸ÿÿÿ¿
  ç¬¬ 1 å¸§: len=x (æœŸæœ› 1514) dst_mac=112233445566 dst_ip=c0a86401
  [FAIL] TX ÿÿÿéÿ¿ = 42 ÿÿÿ½ÿÿÿ·
  [FAIL] TX dst mac ÿÿÿ­ÿÿÿ°ÿÿ„ peer
  [FAIL] TX src mac ÿÿÿœÿÿÿº
  [FAIL] TX ethertype = IPv4
  [FAIL] TX IP proto = UDP
  [FAIL] TX IP total_len
  [FAIL] TX Iÿÿÿ¤ÿÿÿ¡ÿÿÿåÿÿÿ­ÿÿÿ®
  [FAIL] TX src ip
  [FAIL] TX dst ip = peer
  [FAIL] TX src port = 8081
  [FAIL] TX dst port = 8081
  [FAIL] TX UDP len
  [FAIL] TX UDPÿÿÿ¡ÿÿÿåÿÿÿ­ÿÿÿ®ÿÿÿ¼ÿÿÿ´ÿÿÿ´ÿÿÿ½ÿÿ·)
  [FAIL] ÿÿÿ¢(c) 1500ÿÿÿ° 1 ÿÿÿäÿÿÿºÿÿÿéÿÿÿ€ÿÿÿ‹ÿÿ)
  ç¬¬ 2 å¸§: len=x (æœŸæœ› 1542) dst_mac=112233445566 dst_ip=c0a86401
  [FAIL] TX ÿÿÿéÿ¿ = 42 ÿÿÿ½ÿÿÿ·
  [FAIL] TX dst mac ÿÿÿ­ÿÿÿ°ÿÿ„ peer
  [FAIL] TX src mac ÿÿÿœÿÿÿº
  [FAIL] TX ethertype = IPv4
  [FAIL] TX IP proto = UDP
  [FAIL] TX IP total_len
  [FAIL] TX Iÿÿÿ¤ÿÿÿ¡ÿÿÿåÿÿÿ­ÿÿÿ®
  [FAIL] TX src ip
  [FAIL] TX dst ip = peer
  [FAIL] TX src port = 8081
  [FAIL] TX dst port = 8081
  [FAIL] TX UDP len
  [FAIL] TX UDPÿÿÿ¡ÿÿÿåÿÿÿ­ÿÿÿ®ÿÿÿ¼ÿÿÿ´ÿÿÿ´ÿÿÿ½ÿÿ·)
  [FAIL] Pÿÿ¢(d) 1501:ÿÿÿéÿÿÿ¸ÿÿÿŠÿÿ¿*ÿÿÿåÿÿÿ†ÿÿÿ­ÿÿ¢)
  [FAIL] Pÿÿ¢(d) stat_drop_len = 1
  [FAIL] ÿÿÿâÿ¢(dÿÿÿ¸ÿÿÿ¢ÿÿÿåÿÿÿ»ÿÿÿ§ÿÿÿåÿ¸ (1472ÿÿÿŠÿÿ¿)
  ç¬¬ 3 å¸§: len=x (æœŸæœ› 1514) dst_mac=112233445566 dst_ip=c0a86401
  [FAIL] TX ÿÿÿéÿ¿ = 42 ÿÿÿ½ÿÿÿ·
  [FAIL] TX dst mac ÿÿÿ­ÿÿÿ°ÿÿ„ peer
  [FAIL] TX src mac ÿÿÿœÿÿÿº
  [FAIL] TX ethertype = IPv4
  [FAIL] TX IP proto = UDP
  [FAIL] TX IP total_len
  [FAIL] TX Iÿÿÿ¤ÿÿÿ¡ÿÿÿåÿÿÿ­ÿÿÿ®
  [FAIL] TX src ip
  [FAIL] TX dst ip = peer
  [FAIL] TX src port = 8081
  [FAIL] TX dst port = 8081
  [FAIL] TX UDP len
  [FAIL] TX UDPÿÿÿ¡ÿÿÿåÿÿÿ­ÿÿÿ®ÿÿÿ¼ÿÿÿ´ÿÿÿ´ÿÿÿ½ÿÿ·)
Memory Collision Error on RAMB36E1 : tb_app_udp.u_split.u_uf.gen_mem[0].u_main.gen_sdp.gen_wide.INT_RAMB_SDP.chk_for_col_msg at simulation time 2510868.000 ns.
A read was performed on address dc3f (hex) of port A while a write was requested to the same address on port B.  The write will be successful however the read value on port A is unknown until the next CLKA cycle.
  [dbg] RX è¾¹ç•Œ: app_frames+2 rx_bytes+3001 mismatch=0
Memory Collision Error on RAMB36E1 : tb_app_udp.u_split.u_uf.gen_mem[0].u_main.gen_sdp.gen_wide.INT_RAMB_SDP.chk_for_col_msg at simulation time 2855084.000 ns.
A read was performed on address ba3f (hex) of port A while a write was requested to the same address on port B.  The write will be successful however the read value on port A is unknown until the next CLKA cycle.
  [FAIL] ÿÿÿ‘ÿÿÿåÿÿÿˆ° peer Bÿÿÿÿÿÿçÿÿÿÿÿÿ§
  [FAIL] ÿÿÿâÿ¤b ÿÿ¢ peerÿÿÿ TX dst mac = peer B
  [FAIL] Pÿÿ¤bÿÿÿ¢ peeÿÿÿ TX dst ip = peer B
  [FAIL] ÿÿÿâÿ¤b src mac ÿÿÿäÿÿÿœÿÿÿº
Memory Collision Error on RAMB36E1 : tb_app_udp.u_split.u_uf.gen_mem[0].u_main.gen_sdp.gen_wide.INT_RAMB_SDP.chk_for_col_msg at simulation time 3050212.000 ns.
A read was performed on address e83f (hex) of port A while a write was requested to the same address on port B.  The write will be successful however the read value on port A is unknown until the next CLKA cycle.
  [dbg] burst: app_frames+3 drop_ovf=5 drop_part=0 drop_crc=0 bytes+4416 split+8
Memory Collision Error on RAMB36E1 : tb_app_udp.u_split.u_uf.gen_mem[0].u_main.gen_sdp.gen_wide.INT_RAMB_SDP.chk_for_col_msg at simulation time 3558380.000 ns.
A read was performed on address f23f (hex) of port A while a write was requested to the same address on port B.  The write will be successful however the read value on port A is unknown until the next CLKA cycle.
  ç¬¬ 0 å¸§: len=x (æœŸæœ› 1514) dst_mac=112233445566 dst_ip=c0a86401
  [FAIL] TX ÿÿÿéÿ¿ = 42 ÿÿÿ½ÿÿÿ·
  [FAIL] TX dst mac ÿÿÿ­ÿÿÿ°ÿÿ„ peer
  [FAIL] TX src mac ÿÿÿœÿÿÿº
  [FAIL] TX ethertype = IPv4
  [FAIL] TX IP proto = UDP
  [FAIL] TX IP total_len
  [FAIL] TX Iÿÿÿ¤ÿÿÿ¡ÿÿÿåÿÿÿ­ÿÿÿ®
  [FAIL] TX src ip
  [FAIL] TX dst ip = peer
  [FAIL] TX src port = 8081
  [FAIL] TX dst port = 8081
  [FAIL] TX UDP len
  [FAIL] TX UDPÿÿÿ¡ÿÿÿåÿÿÿ­ÿÿÿ®ÿÿÿ¼ÿÿÿ´ÿÿÿ´ÿÿÿ½ÿÿ·)
  ç¬¬ -1 å¸§: len=x (æœŸæœ› 1514) dst_mac=112233445566 dst_ip=c0a86401
  [FAIL] TX ÿÿÿéÿ¿ = 42 ÿÿÿ½ÿÿÿ·
  [FAIL] TX dst mac ÿÿÿ­ÿÿÿ°ÿÿ„ peer
  [FAIL] TX src mac ÿÿÿœÿÿÿº
  [FAIL] TX ethertype = IPv4
  [FAIL] TX IP proto = UDP
  [FAIL] TX IP total_len
  [FAIL] TX Iÿÿÿ¤ÿÿÿ¡ÿÿÿåÿÿÿ­ÿÿÿ®
  [FAIL] TX src ip
  [FAIL] TX dst ip = peer
  [FAIL] TX src port = 8081
  [FAIL] TX dst port = 8081
  [FAIL] TX UDP len
  [FAIL] TX UDPÿÿÿ¡ÿÿÿåÿÿÿ­ÿÿÿ®ÿÿÿ¼ÿÿÿ´ÿÿÿ´ÿÿÿ½ÿÿ·)
  [dbg] TX_BYTES=1000 å®ä¾‹: bytes=1000 frames=1 beats=125 nbytes=1000 done=1
P5E UDP APP GATE: FAIL errs=104
$finish called at time : 3753428 ns : File "D:/repo/XCKU5PMini/udp_hls_10g/tb/tb_app_udp.v" Line 848
exit
INFO: [Common 17-206] Exiting xsim at Wed Sep 30 16:57:32 2026...
