#-----------------------------------------------------------
# xsim v2025.2 (64-bit)
# SW Build 6299465 on Fri Nov 14 19:35:11 GMT 2025
# IP Build 6300035 on Fri Nov 14 10:48:45 MST 2025
# SharedData Build 6298862 on Thu Nov 13 04:50:51 MST 2025
# Start of session at: Tue Sep 29 11:21:38 2026
# Process ID         : 14452
# Current directory  : D:/repo/XCKU5PMini/udp_hls_10g/audit_scratch/t8_stall
# Command line       : xsim.exe -log xsim_run.log -mode tcl -source {xsim.dir/tb_p4_chain/xsim_script.tcl}
# Log file           : D:/repo/XCKU5PMini/udp_hls_10g/audit_scratch/t8_stall/xsim_run.log
# Journal file       : D:/repo/XCKU5PMini/udp_hls_10g/audit_scratch/t8_stall\xsim.jou
# Running On         : xyz-intel
# Platform           : Windows Server 2016 or Windows 10
# Operating System   : 26200
# Processor Detail   : Intel(R) Core(TM) Ultra 7 265K
# CPU Frequency      : 3878 MHz
# CPU Physical cores : 20
# CPU Logical cores  : 20
# Host memory        : 68053 MB
# Swap memory        : 4294 MB
# Total Virtual      : 72348 MB
# Available Virtual  : 49856 MB
#-----------------------------------------------------------
source xsim.dir/tb_p4_chain/xsim_script.tcl
# xsim {tb_p4_chain} -testplusarg PCACK -testplusarg PCSTALL -autoloadwcfg -runall
Time resolution is 1 ps
run -all
WARNING: file txdrop.memh could not be opened
WARNING: file trunc.memh could not be opened
WARNING: file pcslow.memh could not be opened
WARNING: file halfdrop.memh could not be opened
Memory Collision Error on RAMB36E1 : tb_p4_chain.u_slow_rx.u_ff.gen_mem[0].u_main.gen_sdp.gen_wide.INT_RAMB_SDP.chk_for_col_msg at simulation time 160908.000 ns.
A read was performed on address 803f (hex) of port A while a write was requested to the same address on port B.  The write will be successful however the read value on port A is unknown until the next CLKA cycle.
Memory Collision Error on RAMB36E1 : tb_p4_chain.u_slow_tx.u_wf.gen_mem[0].u_main.gen_sdp.gen_wide.INT_RAMB_SDP.chk_for_col_msg at simulation time 184996.000 ns.
A read was performed on address 803f (hex) of port A while a write was requested to the same address on port B.  The write will be successful however the read value on port A is unknown until the next CLKA cycle.
Memory Collision Error on RAMB36E1 : tb_p4_chain.u_slow_rx.u_ff.gen_mem[0].u_main.gen_sdp.gen_wide.INT_RAMB_SDP.chk_for_col_msg at simulation time 321580.000 ns.
A read was performed on address 823f (hex) of port A while a write was requested to the same address on port B.  The write will be successful however the read value on port A is unknown until the next CLKA cycle.
Memory Collision Error on RAMB36E1 : tb_p4_chain.u_slow_tx.u_wf.gen_mem[0].u_main.gen_sdp.gen_wide.INT_RAMB_SDP.chk_for_col_msg at simulation time 350244.000 ns.
A read was performed on address 823f (hex) of port A while a write was requested to the same address on port B.  The write will be successful however the read value on port A is unknown until the next CLKA cycle.
Memory Collision Error on RAMB36E1 : tb_p4_chain.u_slow_rx.u_ff.gen_mem[0].u_main.gen_sdp.gen_wide.INT_RAMB_SDP.chk_for_col_msg at simulation time 482364.000 ns.
A read was performed on address 84bf (hex) of port A while a write was requested to the same address on port B.  The write will be successful however the read value on port A is unknown until the next CLKA cycle.
Memory Collision Error on RAMB36E1 : tb_p4_chain.u_slow_rx.u_ff.gen_mem[0].u_main.gen_sdp.gen_wide.INT_RAMB_SDP.chk_for_col_msg at simulation time 485676.000 ns.
A read was performed on address 86ff (hex) of port A while a write was requested to the same address on port B.  The write will be successful however the read value on port A is unknown until the next CLKA cycle.
Memory Collision Error on RAMB36E1 : tb_p4_chain.u_slow_tx.u_wf.gen_mem[0].u_main.gen_sdp.gen_wide.INT_RAMB_SDP.chk_for_col_msg at simulation time 508700.000 ns.
A read was performed on address 84bf (hex) of port A while a write was requested to the same address on port B.  The write will be successful however the read value on port A is unknown until the next CLKA cycle.
Memory Collision Error on RAMB36E1 : tb_p4_chain.u_slow_tx.u_wf.gen_mem[0].u_main.gen_sdp.gen_wide.INT_RAMB_SDP.chk_for_col_msg at simulation time 528484.000 ns.
A read was performed on address 86ff (hex) of port A while a write was requested to the same address on port B.  The write will be successful however the read value on port A is unknown until the next CLKA cycle.
RXDBG k=80773 seq=000003e8 ack=12345679 plen=0 acc=1 arsp=0 adv=0 dup=0 cam=1 st=1 rn=000003e8 rw=c000 su=12345679 sn=12345679 tk=ff tl=0
RXDBG k=82357 seq=000003e8 ack=12345679 plen=7 acc=1 arsp=0 adv=0 dup=0 cam=1 st=1 rn=000003e8 rw=c000 su=12345679 sn=12345679 tk=ff tl=0
Memory Collision Error on RAMB36E1 : tb_p4_chain.u_echo.u_fifo.gen_mem[0].u_main.gen_sdp.gen_wide.INT_RAMB_SDP.chk_for_col_msg at simulation time 659084.000 ns.
A read was performed on address 803f (hex) of port A while a write was requested to the same address on port B.  The write will be successful however the read value on port A is unknown until the next CLKA cycle.
RXDBG k=82620 seq=000003ef ack=12345680 plen=0 acc=1 arsp=0 adv=1 dup=0 cam=1 st=1 rn=000003ef rw=c000 su=12345679 sn=12345680 tk=ff tl=0
RXDBG k=84039 seq=000003ef ack=12345679 plen=9 acc=1 arsp=0 adv=0 dup=0 cam=1 st=1 rn=000003ef rw=c000 su=12345680 sn=12345680 tk=ff tl=0
Memory Collision Error on RAMB36E1 : tb_p4_chain.u_echo.u_fifo.gen_mem[0].u_main.gen_sdp.gen_wide.INT_RAMB_SDP.chk_for_col_msg at simulation time 672540.000 ns.
A read was performed on address 807f (hex) of port A while a write was requested to the same address on port B.  The write will be successful however the read value on port A is unknown until the next CLKA cycle.
RXDBG k=84138 seq=000003f8 ack=12345679 plen=1460 acc=1 arsp=0 adv=0 dup=0 cam=1 st=1 rn=000003f8 rw=c000 su=12345680 sn=12345689 tk=ff tl=0
Memory Collision Error on RAMB36E1 : tb_p4_chain.u_echo.u_fifo.gen_mem[0].u_main.gen_sdp.gen_wide.INT_RAMB_SDP.chk_for_col_msg at simulation time 673388.000 ns.
A read was performed on address 80ff (hex) of port A while a write was requested to the same address on port B.  The write will be successful however the read value on port A is unknown until the next CLKA cycle.
RXDBG k=85687 seq=000009ac ack=12345689 plen=0 acc=1 arsp=0 adv=1 dup=0 cam=1 st=1 rn=000009ac rw=c000 su=12345680 sn=12345689 tk=ff tl=0
RXDBG k=85784 seq=000009ac ack=12345679 plen=1460 acc=1 arsp=0 adv=0 dup=0 cam=1 st=1 rn=000009ac rw=c000 su=12345689 sn=12345689 tk=ff tl=0
Memory Collision Error on RAMB36E1 : tb_p4_chain.u_echo.u_fifo.gen_mem[0].u_main.gen_sdp.gen_wide.INT_RAMB_SDP.chk_for_col_msg at simulation time 686556.000 ns.
A read was performed on address aebf (hex) of port A while a write was requested to the same address on port B.  The write will be successful however the read value on port A is unknown until the next CLKA cycle.
RXDBG k=87334 seq=00000f60 ack=12345679 plen=1460 acc=1 arsp=0 adv=0 dup=0 cam=1 st=1 rn=00000f60 rw=c000 su=12345689 sn=12345c3d tk=ff tl=0
RXDBG k=88883 seq=00001514 ack=12345c3d plen=0 acc=1 arsp=0 adv=1 dup=0 cam=1 st=1 rn=00001514 rw=c000 su=12345689 sn=123461f1 tk=ff tl=0
RXDBG k=88980 seq=00001514 ack=12345679 plen=1460 acc=1 arsp=0 adv=0 dup=0 cam=1 st=1 rn=00001514 rw=c000 su=12345c3d sn=123461f1 tk=ff tl=0
RXDBG k=90529 seq=00001ac8 ack=123461f1 plen=0 acc=1 arsp=0 adv=1 dup=0 cam=1 st=1 rn=00001ac8 rw=c000 su=12345c3d sn=123467a5 tk=ff tl=0
RXDBG k=90626 seq=00001ac8 ack=12345679 plen=1460 acc=1 arsp=0 adv=0 dup=0 cam=1 st=1 rn=00001ac8 rw=c000 su=123461f1 sn=123467a5 tk=ff tl=0
RXDBG k=92175 seq=0000207c ack=123467a5 plen=0 acc=1 arsp=0 adv=1 dup=0 cam=1 st=1 rn=0000207c rw=c000 su=123461f1 sn=12346d59 tk=ff tl=0
RXDBG k=92272 seq=0000207c ack=12345679 plen=1460 acc=1 arsp=0 adv=0 dup=0 cam=1 st=1 rn=0000207c rw=c000 su=123467a5 sn=12346d59 tk=ff tl=0
RXDBG k=93821 seq=00002630 ack=12346d59 plen=0 acc=1 arsp=0 adv=1 dup=0 cam=1 st=1 rn=00002630 rw=c000 su=123467a5 sn=1234730d tk=ff tl=0
RXDBG k=93918 seq=00002630 ack=12345679 plen=1460 acc=1 arsp=0 adv=0 dup=0 cam=1 st=1 rn=00002630 rw=c000 su=12346d59 sn=1234730d tk=ff tl=0
RXDBG k=95467 seq=00002be4 ack=1234730d plen=0 acc=1 arsp=0 adv=1 dup=0 cam=1 st=1 rn=00002be4 rw=c000 su=12346d59 sn=123478c1 tk=ff tl=0
RXDBG k=95564 seq=00002be4 ack=12345679 plen=1460 acc=1 arsp=0 adv=0 dup=0 cam=1 st=1 rn=00002be4 rw=c000 su=1234730d sn=123478c1 tk=ff tl=0
RXDBG k=97113 seq=00003198 ack=123478c1 plen=0 acc=1 arsp=0 adv=1 dup=0 cam=1 st=1 rn=00003198 rw=c000 su=1234730d sn=12347e75 tk=ff tl=0
RXDBG k=97210 seq=00003198 ack=12345679 plen=1460 acc=1 arsp=0 adv=0 dup=0 cam=1 st=1 rn=00003198 rw=c000 su=123478c1 sn=12347e75 tk=ff tl=0
RXDBG k=98759 seq=0000374c ack=12347e75 plen=0 acc=1 arsp=0 adv=1 dup=0 cam=1 st=1 rn=0000374c rw=c000 su=123478c1 sn=12348429 tk=ff tl=0
RXDBG k=98856 seq=0000374c ack=12345679 plen=1460 acc=1 arsp=0 adv=0 dup=0 cam=1 st=1 rn=0000374c rw=c000 su=12347e75 sn=12348429 tk=ff tl=0
RXDBG k=100405 seq=00003d00 ack=12348429 plen=0 acc=1 arsp=0 adv=1 dup=0 cam=1 st=1 rn=00003d00 rw=c000 su=12347e75 sn=123489dd tk=ff tl=0
RXDBG k=100502 seq=00003d00 ack=12345679 plen=1460 acc=1 arsp=0 adv=0 dup=0 cam=1 st=1 rn=00003d00 rw=c000 su=12348429 sn=123489dd tk=ff tl=0
RXDBG k=102051 seq=000042b4 ack=123489dd plen=0 acc=1 arsp=0 adv=1 dup=0 cam=1 st=1 rn=000042b4 rw=c000 su=12348429 sn=12348f91 tk=ff tl=0
RXDBG k=102148 seq=000042b4 ack=12345679 plen=1460 acc=1 arsp=0 adv=0 dup=0 cam=1 st=1 rn=000042b4 rw=c000 su=123489dd sn=12348f91 tk=ff tl=0
RXDBG k=103697 seq=00004868 ack=12348f91 plen=0 acc=1 arsp=0 adv=1 dup=0 cam=1 st=1 rn=00004868 rw=c000 su=123489dd sn=12349545 tk=ff tl=0
RXDBG k=103794 seq=00004868 ack=12345679 plen=1460 acc=1 arsp=0 adv=0 dup=0 cam=1 st=1 rn=00004868 rw=c000 su=12348f91 sn=12349545 tk=ff tl=0
RXDBG k=105343 seq=00004e1c ack=12349545 plen=0 acc=1 arsp=0 adv=1 dup=0 cam=1 st=1 rn=00004e1c rw=c000 su=12348f91 sn=12349af9 tk=ff tl=0
RXDBG k=105440 seq=00004e1c ack=12345679 plen=1460 acc=1 arsp=0 adv=0 dup=0 cam=1 st=1 rn=00004e1c rw=c000 su=12349545 sn=12349af9 tk=ff tl=0
RXDBG k=106989 seq=000053d0 ack=12349af9 plen=0 acc=1 arsp=0 adv=1 dup=0 cam=1 st=1 rn=000053d0 rw=c000 su=12349545 sn=1234a0ad tk=ff tl=0
RXDBG k=107086 seq=000053d0 ack=12345679 plen=1460 acc=1 arsp=0 adv=0 dup=0 cam=1 st=1 rn=000053d0 rw=c000 su=12349af9 sn=1234a0ad tk=ff tl=0
RXDBG k=108635 seq=00005984 ack=1234a0ad plen=0 acc=1 arsp=0 adv=1 dup=0 cam=1 st=1 rn=00005984 rw=c000 su=12349af9 sn=1234a661 tk=ff tl=0
RXDBG k=108732 seq=00005984 ack=12345679 plen=1460 acc=1 arsp=0 adv=0 dup=0 cam=1 st=1 rn=00005984 rw=c000 su=1234a0ad sn=1234a661 tk=ff tl=0
RXDBG k=110281 seq=00005f38 ack=1234a661 plen=0 acc=1 arsp=0 adv=1 dup=0 cam=1 st=1 rn=00005f38 rw=c000 su=1234a0ad sn=1234ac15 tk=ff tl=0
RXDBG k=110378 seq=00005f38 ack=12345679 plen=1460 acc=1 arsp=0 adv=0 dup=0 cam=1 st=1 rn=00005f38 rw=c000 su=1234a661 sn=1234ac15 tk=ff tl=0
RXDBG k=111927 seq=000064ec ack=1234ac15 plen=0 acc=1 arsp=0 adv=1 dup=0 cam=1 st=1 rn=000064ec rw=c000 su=1234a661 sn=1234b1c9 tk=ff tl=0
RXDBG k=112024 seq=000064ec ack=12345679 plen=1460 acc=1 arsp=0 adv=0 dup=0 cam=1 st=1 rn=000064ec rw=c000 su=1234ac15 sn=1234b1c9 tk=ff tl=0
RXDBG k=113573 seq=00006aa0 ack=1234b1c9 plen=0 acc=1 arsp=0 adv=1 dup=0 cam=1 st=1 rn=00006aa0 rw=c000 su=1234ac15 sn=1234b77d tk=ff tl=0
RXDBG k=113670 seq=00006aa0 ack=12345679 plen=1460 acc=1 arsp=0 adv=0 dup=0 cam=1 st=1 rn=00006aa0 rw=c000 su=1234b1c9 sn=1234b77d tk=ff tl=0
RXDBG k=115219 seq=00007054 ack=1234b77d plen=0 acc=1 arsp=0 adv=1 dup=0 cam=1 st=1 rn=00007054 rw=c000 su=1234b1c9 sn=1234bd31 tk=ff tl=0
RXDBG k=115316 seq=00007054 ack=12345679 plen=1460 acc=1 arsp=0 adv=0 dup=0 cam=1 st=1 rn=00007054 rw=c000 su=1234b77d sn=1234bd31 tk=ff tl=0
RXDBG k=116865 seq=00007608 ack=1234bd31 plen=0 acc=1 arsp=0 adv=1 dup=0 cam=1 st=1 rn=00007608 rw=c000 su=1234b77d sn=1234c2e5 tk=ff tl=0
RXDBG k=116962 seq=00007608 ack=12345679 plen=1460 acc=1 arsp=0 adv=0 dup=0 cam=1 st=1 rn=00007608 rw=c000 su=1234bd31 sn=1234c2e5 tk=ff tl=0
RXDBG k=118511 seq=00007bbc ack=1234c2e5 plen=0 acc=1 arsp=0 adv=1 dup=0 cam=1 st=1 rn=00007bbc rw=c000 su=1234bd31 sn=1234c899 tk=ff tl=0
RXDBG k=118619 seq=00007bbc ack=1234c899 plen=0 acc=1 arsp=0 adv=1 dup=0 cam=1 st=1 rn=00007bbc rw=c000 su=1234c2e5 sn=1234c899 tk=ff tl=0
RXDBG k=118704 seq=00007bbc ack=12345679 plen=1460 acc=1 arsp=0 adv=0 dup=0 cam=1 st=1 rn=00007bbc rw=c000 su=1234c899 sn=1234c899 tk=ff tl=0
Memory Collision Error on RAMB36E1 : tb_p4_chain.u_echo.u_fifo.gen_mem[7].u_main.gen_sdp.gen_wide.INT_RAMB_SDP.chk_for_col_msg at simulation time 949916.000 ns.
A read was performed on address c1bf (hex) of port A while a write was requested to the same address on port B.  The write will be successful however the read value on port A is unknown until the next CLKA cycle.
RXDBG k=120261 seq=00008170 ack=1234ce4d plen=0 acc=1 arsp=0 adv=1 dup=0 cam=1 st=1 rn=00008170 rw=c000 su=1234c899 sn=1234ce4d tk=ff tl=0
RXDBG k=120350 seq=00008170 ack=12345679 plen=1460 acc=1 arsp=0 adv=0 dup=0 cam=1 st=1 rn=00008170 rw=c000 su=1234ce4d sn=1234ce4d tk=ff tl=0
Memory Collision Error on RAMB36E1 : tb_p4_chain.u_echo.u_fifo.gen_mem[7].u_main.gen_sdp.gen_wide.INT_RAMB_SDP.chk_for_col_msg at simulation time 963084.000 ns.
A read was performed on address ef7f (hex) of port A while a write was requested to the same address on port B.  The write will be successful however the read value on port A is unknown until the next CLKA cycle.
RXDBG k=121900 seq=00008724 ack=12345679 plen=1460 acc=1 arsp=0 adv=0 dup=0 cam=1 st=1 rn=00008724 rw=c000 su=1234ce4d sn=1234d401 tk=ff tl=0
RXDBG k=123449 seq=00008cd8 ack=1234d401 plen=0 acc=1 arsp=0 adv=1 dup=0 cam=1 st=1 rn=00008cd8 rw=c000 su=1234ce4d sn=1234d9b5 tk=ff tl=0
RXDBG k=123546 seq=00008cd8 ack=12345679 plen=1460 acc=1 arsp=0 adv=0 dup=0 cam=1 st=1 rn=00008cd8 rw=c000 su=1234d401 sn=1234d9b5 tk=ff tl=0
RXDBG k=125095 seq=0000928c ack=1234d9b5 plen=0 acc=1 arsp=0 adv=1 dup=0 cam=1 st=1 rn=0000928c rw=c000 su=1234d401 sn=1234df69 tk=ff tl=0
RXDBG k=125192 seq=0000928c ack=12345679 plen=1460 acc=1 arsp=0 adv=0 dup=0 cam=1 st=1 rn=0000928c rw=c000 su=1234d9b5 sn=1234df69 tk=ff tl=0
RXDBG k=126741 seq=00009840 ack=1234df69 plen=0 acc=1 arsp=0 adv=1 dup=0 cam=1 st=1 rn=00009840 rw=c000 su=1234d9b5 sn=1234e51d tk=ff tl=0
RXDBG k=126838 seq=00009840 ack=12345679 plen=1460 acc=1 arsp=0 adv=0 dup=0 cam=1 st=1 rn=00009840 rw=c000 su=1234df69 sn=1234e51d tk=ff tl=0
RXDBG k=128387 seq=00009df4 ack=1234e51d plen=0 acc=1 arsp=0 adv=1 dup=0 cam=1 st=1 rn=00009df4 rw=c000 su=1234df69 sn=1234ead1 tk=ff tl=0
RXDBG k=128484 seq=00009df4 ack=12345679 plen=1460 acc=1 arsp=0 adv=0 dup=0 cam=1 st=1 rn=00009df4 rw=c000 su=1234e51d sn=1234ead1 tk=ff tl=0
RXDBG k=130033 seq=0000a3a8 ack=1234ead1 plen=0 acc=1 arsp=0 adv=1 dup=0 cam=1 st=1 rn=0000a3a8 rw=c000 su=1234e51d sn=1234f085 tk=ff tl=0
RXDBG k=130130 seq=0000a3a8 ack=12345679 plen=1460 acc=1 arsp=0 adv=0 dup=0 cam=1 st=1 rn=0000a3a8 rw=c000 su=1234ead1 sn=1234f085 tk=ff tl=0
RXDBG k=131679 seq=0000a95c ack=1234f085 plen=0 acc=1 arsp=0 adv=1 dup=0 cam=1 st=1 rn=0000a95c rw=c000 su=1234ead1 sn=1234f639 tk=ff tl=0
RXDBG k=131776 seq=0000a95c ack=12345679 plen=1460 acc=1 arsp=0 adv=0 dup=0 cam=1 st=1 rn=0000a95c rw=c000 su=1234f085 sn=1234f639 tk=ff tl=0
RXDBG k=133325 seq=0000af10 ack=1234f639 plen=0 acc=1 arsp=0 adv=1 dup=0 cam=1 st=1 rn=0000af10 rw=c000 su=1234f085 sn=1234fbed tk=ff tl=0
RXDBG k=133422 seq=0000af10 ack=12345679 plen=1460 acc=1 arsp=0 adv=0 dup=0 cam=1 st=1 rn=0000af10 rw=c000 su=1234f639 sn=1234fbed tk=ff tl=0
RXDBG k=134971 seq=0000b4c4 ack=1234fbed plen=0 acc=1 arsp=0 adv=1 dup=0 cam=1 st=1 rn=0000b4c4 rw=c000 su=1234f639 sn=123501a1 tk=ff tl=0
RXDBG k=135068 seq=0000b4c4 ack=12345679 plen=1460 acc=1 arsp=0 adv=0 dup=0 cam=1 st=1 rn=0000b4c4 rw=c000 su=1234fbed sn=123501a1 tk=ff tl=0
RXDBG k=136617 seq=0000ba78 ack=123501a1 plen=0 acc=1 arsp=0 adv=1 dup=0 cam=1 st=1 rn=0000ba78 rw=c000 su=1234fbed sn=12350755 tk=ff tl=0
RXDBG k=136714 seq=0000ba78 ack=12345679 plen=1460 acc=1 arsp=0 adv=0 dup=0 cam=1 st=1 rn=0000ba78 rw=c000 su=123501a1 sn=12350755 tk=ff tl=0
RXDBG k=138263 seq=0000c02c ack=12350755 plen=0 acc=1 arsp=0 adv=1 dup=0 cam=1 st=1 rn=0000c02c rw=c000 su=123501a1 sn=12350d09 tk=ff tl=0
RXDBG k=138360 seq=0000c02c ack=12345679 plen=1460 acc=1 arsp=0 adv=0 dup=0 cam=1 st=1 rn=0000c02c rw=c000 su=12350755 sn=12350d09 tk=ff tl=0
RXDBG k=139909 seq=0000c5e0 ack=12350d09 plen=0 acc=1 arsp=0 adv=1 dup=0 cam=1 st=1 rn=0000c5e0 rw=c000 su=12350755 sn=123512bd tk=ff tl=0
RXDBG k=140006 seq=0000c5e0 ack=12345679 plen=1460 acc=1 arsp=0 adv=0 dup=0 cam=1 st=1 rn=0000c5e0 rw=c000 su=12350d09 sn=123512bd tk=ff tl=0
RXDBG k=141555 seq=0000cb94 ack=123512bd plen=0 acc=1 arsp=0 adv=1 dup=0 cam=1 st=1 rn=0000cb94 rw=c000 su=12350d09 sn=12351871 tk=ff tl=0
RXDBG k=141652 seq=0000cb94 ack=12345679 plen=1460 acc=1 arsp=0 adv=0 dup=0 cam=1 st=1 rn=0000cb94 rw=c000 su=123512bd sn=12351871 tk=ff tl=0
RXDBG k=143202 seq=0000d148 ack=12345679 plen=1460 acc=1 arsp=0 adv=0 dup=0 cam=1 st=1 rn=0000d148 rw=c000 su=123512bd sn=12351e25 tk=ff tl=0
RXDBG k=144752 seq=0000d6fc ack=12345679 plen=1460 acc=1 arsp=0 adv=0 dup=0 cam=1 st=1 rn=0000d6fc rw=c000 su=123512bd sn=123523d9 tk=ff tl=0
RXDBG k=146302 seq=0000dcb0 ack=12345679 plen=1460 acc=1 arsp=0 adv=0 dup=0 cam=1 st=1 rn=0000dcb0 rw=c000 su=123512bd sn=123523d9 tk=ff tl=0
RXDBG k=147852 seq=0000e264 ack=12345679 plen=1460 acc=1 arsp=0 adv=0 dup=0 cam=1 st=1 rn=0000e264 rw=c000 su=123512bd sn=1235298d tk=ff tl=0
RXDBG k=149402 seq=0000e818 ack=12345679 plen=1460 acc=1 arsp=0 adv=0 dup=0 cam=1 st=1 rn=0000e818 rw=c000 su=123512bd sn=12352f41 tk=ff tl=0
RXDBG k=150952 seq=0000edcc ack=12345679 plen=1460 acc=1 arsp=0 adv=0 dup=0 cam=1 st=1 rn=0000edcc rw=c000 su=123512bd sn=123534f5 tk=ff tl=0
RXDBG k=152502 seq=0000f380 ack=12345679 plen=1460 acc=1 arsp=0 adv=0 dup=0 cam=1 st=1 rn=0000f380 rw=c000 su=123512bd sn=12353aa9 tk=ff tl=0
RXDBG k=154052 seq=0000f934 ack=12345679 plen=1460 acc=1 arsp=0 adv=0 dup=0 cam=1 st=1 rn=0000f934 rw=c000 su=123512bd sn=1235405d tk=ff tl=0
RXDBG k=155602 seq=0000fee8 ack=12345679 plen=1460 acc=1 arsp=0 adv=0 dup=0 cam=1 st=1 rn=0000fee8 rw=c000 su=123512bd sn=12354611 tk=ff tl=0
RXDBG k=157152 seq=0001049c ack=12345679 plen=1460 acc=1 arsp=0 adv=0 dup=0 cam=1 st=1 rn=0001049c rw=c000 su=123512bd sn=12354bc5 tk=ff tl=0
RXDBG k=158702 seq=00010a50 ack=12345679 plen=1460 acc=1 arsp=0 adv=0 dup=0 cam=1 st=1 rn=00010a50 rw=c000 su=123512bd sn=12355179 tk=ff tl=0
RXDBG k=160252 seq=00011004 ack=12345679 plen=1460 acc=1 arsp=0 adv=0 dup=0 cam=1 st=1 rn=00011004 rw=c000 su=123512bd sn=1235572d tk=ff tl=0
RXDBG k=161802 seq=000115b8 ack=12345679 plen=1460 acc=1 arsp=0 adv=0 dup=0 cam=1 st=1 rn=000115b8 rw=c000 su=123512bd sn=12355ce1 tk=ff tl=0
RXDBG k=163352 seq=00011b6c ack=12345679 plen=1460 acc=1 arsp=0 adv=0 dup=0 cam=1 st=1 rn=00011b6c rw=c000 su=123512bd sn=12356295 tk=ff tl=0
RXDBG k=164902 seq=00012120 ack=12345679 plen=1460 acc=1 arsp=0 adv=0 dup=0 cam=1 st=1 rn=00012120 rw=c000 su=123512bd sn=12356849 tk=ff tl=0
RXDBG k=166452 seq=000126d4 ack=12345679 plen=1460 acc=1 arsp=0 adv=0 dup=0 cam=1 st=1 rn=000126d4 rw=c000 su=123512bd sn=12356dfd tk=ff tl=0
RXDBG k=168002 seq=00012c88 ack=12345679 plen=1460 acc=1 arsp=0 adv=0 dup=0 cam=1 st=1 rn=00012c88 rw=c000 su=123512bd sn=123573b1 tk=ff tl=0
RXDBG k=169552 seq=0001323c ack=12345679 plen=1460 acc=1 arsp=0 adv=0 dup=0 cam=1 st=1 rn=0001323c rw=c000 su=123512bd sn=12357965 tk=ff tl=0
RXDBG k=171102 seq=000137f0 ack=12345679 plen=1460 acc=1 arsp=0 adv=0 dup=0 cam=1 st=1 rn=000137f0 rw=c000 su=123512bd sn=12357f19 tk=ff tl=0
RXDBG k=172652 seq=00013da4 ack=12345679 plen=1460 acc=1 arsp=0 adv=0 dup=0 cam=1 st=1 rn=00013da4 rw=c000 su=123512bd sn=12357f19 tk=ff tl=0
RXDBG k=174202 seq=00014358 ack=12345679 plen=1460 acc=1 arsp=0 adv=0 dup=0 cam=1 st=1 rn=00014358 rw=c000 su=123512bd sn=123584cd tk=ff tl=0
MMB t=174431 rb_id= 0 win=(0     0     0) fresh=(30660 49150) hi16=1
MM t=174431 rb_id= 0 win=(0     0     0) fresh=(30660 49150) hi16=1
RXDBG k=175752 seq=0001490c ack=12345679 plen=1460 acc=1 arsp=0 adv=0 dup=0 cam=1 st=1 rn=0001490c rw=c000 su=123512bd sn=12358a81 tk=ff tl=0
RXDBG k=177302 seq=00014ec0 ack=12345679 plen=1460 acc=1 arsp=0 adv=0 dup=0 cam=1 st=1 rn=00014ec0 rw=c000 su=123512bd sn=12359035 tk=ff tl=0
RXDBG k=178852 seq=00015474 ack=12345679 plen=1460 acc=1 arsp=0 adv=0 dup=0 cam=1 st=1 rn=00015474 rw=c000 su=123512bd sn=123595e9 tk=ff tl=0
MMB t=179359 rb_id= 0 win=(0     0     0) fresh=(35040 49150) hi16=1
MM t=179359 rb_id= 0 win=(0     0     0) fresh=(35040 49150) hi16=1
RXDBG k=180402 seq=00015a28 ack=12345679 plen=1460 acc=1 arsp=0 adv=0 dup=0 cam=1 st=1 rn=00015a28 rw=c000 su=123512bd sn=12359b9d tk=ff tl=0
RXDBG k=181952 seq=00015fdc ack=12345679 plen=1460 acc=1 arsp=0 adv=0 dup=0 cam=1 st=1 rn=00015fdc rw=c000 su=123512bd sn=1235a151 tk=ff tl=0
RXDBG k=183502 seq=00016590 ack=12345679 plen=1460 acc=1 arsp=0 adv=0 dup=0 cam=1 st=1 rn=00016590 rw=c000 su=123512bd sn=1235a705 tk=ff tl=0
MMB t=184287 rb_id= 0 win=(0     0     0) fresh=(39420 49150) hi16=1
MM t=184287 rb_id= 0 win=(0     0     0) fresh=(39420 49150) hi16=1
RXDBG k=185052 seq=00016b44 ack=12345679 plen=1460 acc=1 arsp=0 adv=0 dup=0 cam=1 st=1 rn=00016b44 rw=c000 su=123512bd sn=1235acb9 tk=ff tl=0
RXDBG k=186602 seq=000170f8 ack=12345679 plen=1460 acc=1 arsp=0 adv=0 dup=0 cam=1 st=1 rn=000170f8 rw=c000 su=123512bd sn=1235b26d tk=ff tl=0
RXDBG k=188152 seq=000176ac ack=12345679 plen=1460 acc=1 arsp=0 adv=0 dup=0 cam=1 st=1 rn=000176ac rw=c000 su=123512bd sn=1235b821 tk=ff tl=0
MMB t=189215 rb_id= 0 win=(0     0     0) fresh=(43800 49150) hi16=1
MM t=189215 rb_id= 0 win=(0     0     0) fresh=(43800 49150) hi16=1
RXDBG k=189702 seq=00017c60 ack=12345679 plen=1460 acc=1 arsp=0 adv=0 dup=0 cam=1 st=1 rn=00017c60 rw=c000 su=123512bd sn=1235bdd5 tk=ff tl=0
RXDBG k=191252 seq=00018214 ack=12345679 plen=1460 acc=1 arsp=0 adv=0 dup=0 cam=1 st=1 rn=00018214 rw=c000 su=123512bd sn=1235c389 tk=ff tl=0
Memory Collision Error on RAMB36E1 : tb_p4_chain.u_echo.u_fifo.gen_mem[8].u_main.gen_sdp.gen_wide.INT_RAMB_SDP.chk_for_col_msg at simulation time 1539708.000 ns.
A read was performed on address 9eff (hex) of port A while a write was requested to the same address on port B.  The write will be successful however the read value on port A is unknown until the next CLKA cycle.
RXDBG k=192802 seq=000187c8 ack=12345679 plen=1460 acc=1 arsp=0 adv=0 dup=0 cam=1 st=1 rn=000187c8 rw=c000 su=123512bd sn=1235c93d tk=ff tl=0
Memory Collision Error on RAMB36E1 : tb_p4_chain.u_echo.u_fifo.gen_mem[8].u_main.gen_sdp.gen_wide.INT_RAMB_SDP.chk_for_col_msg at simulation time 1552108.000 ns.
A read was performed on address ccbf (hex) of port A while a write was requested to the same address on port B.  The write will be successful however the read value on port A is unknown until the next CLKA cycle.
MMB t=194143 rb_id= 0 win=(0     0     0) fresh=(48180 49150) hi16=1
MM t=194143 rb_id= 0 win=(0     0     0) fresh=(48180 49150) hi16=1
RXDBG k=194352 seq=00018d7c ack=12345679 plen=1460 acc=1 arsp=0 adv=0 dup=0 cam=1 st=1 rn=00018d7c rw=c000 su=123512bd sn=1235cef1 tk=ff tl=0
Memory Collision Error on RAMB36E1 : tb_p4_chain.u_echo.u_fifo.gen_mem[8].u_main.gen_sdp.gen_wide.INT_RAMB_SDP.chk_for_col_msg at simulation time 1564508.000 ns.
A read was performed on address fa7f (hex) of port A while a write was requested to the same address on port B.  The write will be successful however the read value on port A is unknown until the next CLKA cycle.
MM t=195730 rb_id= 0 win=(1 48180 49150) fresh=(49640 49150) hi16=1
RXDBG k=195902 seq=00019330 ack=12345679 plen=1460 acc=1 arsp=0 adv=0 dup=0 cam=1 st=1 rn=00019330 rw=c000 su=123512bd sn=1235d4a5 tk=ff tl=0
MM t=195998 rb_id= 1 win=(0 49640 49150) fresh=(    0  8192) hi16=1
MM t=195999 rb_id= 0 win=(1     0  8192) fresh=(49640 49150) hi16=1
Memory Collision Error on RAMB36E1 : tb_p4_chain.u_echo.u_fifo.gen_mem[9].u_main.gen_sdp.gen_wide.INT_RAMB_SDP.chk_for_col_msg at simulation time 1576908.000 ns.
A read was performed on address a83f (hex) of port A while a write was requested to the same address on port B.  The write will be successful however the read value on port A is unknown until the next CLKA cycle.
RXDBG k=197452 seq=000198e4 ack=12345679 plen=1460 acc=1 arsp=0 adv=0 dup=0 cam=1 st=1 rn=000198e4 rw=c000 su=123512bd sn=1235d4a5 tk=ff tl=0
Memory Collision Error on RAMB36E1 : tb_p4_chain.u_echo.u_fifo.gen_mem[9].u_main.gen_sdp.gen_wide.INT_RAMB_SDP.chk_for_col_msg at simulation time 1589308.000 ns.
A read was performed on address d5ff (hex) of port A while a write was requested to the same address on port B.  The write will be successful however the read value on port A is unknown until the next CLKA cycle.
RXDBG k=199002 seq=00019e98 ack=12345679 plen=1460 acc=1 arsp=0 adv=0 dup=0 cam=1 st=1 rn=00019e98 rw=c000 su=123512bd sn=1235da59 tk=ff tl=0
Memory Collision Error on RAMB36E1 : tb_p4_chain.u_echo.u_fifo.gen_mem[10].u_main.gen_sdp.gen_wide.INT_RAMB_SDP.chk_for_col_msg at simulation time 1601708.000 ns.
A read was performed on address 83bf (hex) of port A while a write was requested to the same address on port B.  The write will be successful however the read value on port A is unknown until the next CLKA cycle.
RXDBG k=200552 seq=0001a44c ack=12345679 plen=1460 acc=1 arsp=0 adv=0 dup=0 cam=1 st=1 rn=0001a44c rw=c000 su=123512bd sn=1235e00d tk=ff tl=0
RXDBG k=202102 seq=0001aa00 ack=12345679 plen=1460 acc=1 arsp=0 adv=0 dup=0 cam=1 st=1 rn=0001aa00 rw=c000 su=123512bd sn=1235e5c1 tk=ff tl=0
RXDBG k=203652 seq=0001afb4 ack=12345679 plen=1460 acc=1 arsp=0 adv=0 dup=0 cam=1 st=1 rn=0001afb4 rw=c000 su=123512bd sn=1235eb75 tk=ff tl=0
RXDBG k=205202 seq=0001b568 ack=12345679 plen=1460 acc=1 arsp=0 adv=0 dup=0 cam=1 st=1 rn=0001b568 rw=c000 su=123512bd sn=1235f129 tk=ff tl=0
RXDBG k=206751 seq=0001bb1c ack=1235f129 plen=0 acc=1 arsp=0 adv=1 dup=0 cam=1 st=1 rn=0001bb1c rw=c000 su=123512bd sn=123512bd tk=ff tl=0
RXDBG k=206848 seq=0001bb1c ack=12345679 plen=1460 acc=1 arsp=0 adv=0 dup=0 cam=1 st=1 rn=0001bb1c rw=c000 su=1235f129 sn=123512bd tk=ff tl=0
Memory Collision Error on RAMB36E1 : tb_p4_chain.u_echo.u_fifo.gen_mem[11].u_main.gen_sdp.gen_wide.INT_RAMB_SDP.chk_for_col_msg at simulation time 1662108.000 ns.
A read was performed on address df3f (hex) of port A while a write was requested to the same address on port B.  The write will be successful however the read value on port A is unknown until the next CLKA cycle.
RXDBG k=208398 seq=0001c0d0 ack=12345679 plen=1460 acc=1 arsp=0 adv=0 dup=0 cam=1 st=1 rn=0001c0d0 rw=c000 su=1235f129 sn=12351871 tk=ff tl=0
RXDBG k=209948 seq=0001c684 ack=12345679 plen=1460 acc=1 arsp=0 adv=0 dup=0 cam=1 st=1 rn=0001c684 rw=c000 su=1235f129 sn=12351e25 tk=ff tl=0
RXDBG k=211498 seq=0001cc38 ack=12345679 plen=1460 acc=1 arsp=0 adv=0 dup=0 cam=1 st=1 rn=0001cc38 rw=c000 su=1235f129 sn=123523d9 tk=ff tl=0
Memory Collision Error on RAMB36E1 : tb_p4_chain.u_echo.u_fifo.gen_mem[12].u_main.gen_sdp.gen_wide.INT_RAMB_SDP.chk_for_col_msg at simulation time 1696940.000 ns.
A read was performed on address df3f (hex) of port A while a write was requested to the same address on port B.  The write will be successful however the read value on port A is unknown until the next CLKA cycle.
RXDBG k=213048 seq=0001d1ec ack=12345679 plen=1460 acc=1 arsp=0 adv=0 dup=0 cam=1 st=1 rn=0001d1ec rw=c000 su=1235f129 sn=1235298d tk=ff tl=0
RXDBG k=214598 seq=0001d7a0 ack=12345679 plen=1460 acc=1 arsp=0 adv=0 dup=0 cam=1 st=1 rn=0001d7a0 rw=c000 su=1235f129 sn=12352f41 tk=ff tl=0
RXDBG k=216148 seq=0001dd54 ack=12345679 plen=1460 acc=1 arsp=0 adv=0 dup=0 cam=1 st=1 rn=0001dd54 rw=c000 su=1235f129 sn=123534f5 tk=ff tl=0
Memory Collision Error on RAMB36E1 : tb_p4_chain.u_echo.u_fifo.gen_mem[13].u_main.gen_sdp.gen_wide.INT_RAMB_SDP.chk_for_col_msg at simulation time 1731772.000 ns.
A read was performed on address df3f (hex) of port A while a write was requested to the same address on port B.  The write will be successful however the read value on port A is unknown until the next CLKA cycle.
RXDBG k=217698 seq=0001e308 ack=12345679 plen=1460 acc=1 arsp=0 adv=0 dup=0 cam=1 st=1 rn=0001e308 rw=c000 su=1235f129 sn=12353aa9 tk=ff tl=0
RXDBG k=219248 seq=0001e8bc ack=12345679 plen=1460 acc=1 arsp=0 adv=0 dup=0 cam=1 st=1 rn=0001e8bc rw=c000 su=1235f129 sn=1235405d tk=ff tl=0
Memory Collision Error on RAMB36E1 : tb_p4_chain.u_echo.u_fifo.gen_mem[14].u_main.gen_sdp.gen_wide.INT_RAMB_SDP.chk_for_col_msg at simulation time 1765820.000 ns.
A read was performed on address df3f (hex) of port A while a write was requested to the same address on port B.  The write will be successful however the read value on port A is unknown until the next CLKA cycle.
RXDBG k=220798 seq=0001ee70 ack=12345679 plen=1460 acc=1 arsp=0 adv=0 dup=0 cam=1 st=1 rn=0001ee70 rw=c000 su=1235f129 sn=12354611 tk=ff tl=0
RXDBG k=222348 seq=0001f424 ack=12345679 plen=1460 acc=1 arsp=0 adv=0 dup=0 cam=1 st=1 rn=0001f424 rw=c000 su=1235f129 sn=12354bc5 tk=ff tl=0
RXDBG k=223898 seq=0001f9d8 ack=12345679 plen=1460 acc=1 arsp=0 adv=0 dup=0 cam=1 st=1 rn=0001f9d8 rw=c000 su=1235f129 sn=12355179 tk=ff tl=0
Memory Collision Error on RAMB36E1 : tb_p4_chain.u_echo.u_fifo.gen_mem[15].u_main.gen_sdp.gen_wide.INT_RAMB_SDP.chk_for_col_msg at simulation time 1800748.000 ns.
A read was performed on address df3f (hex) of port A while a write was requested to the same address on port B.  The write will be successful however the read value on port A is unknown until the next CLKA cycle.
RXDBG k=225448 seq=0001ff8c ack=12345679 plen=1460 acc=1 arsp=0 adv=0 dup=0 cam=1 st=1 rn=0001ff8c rw=c000 su=1235f129 sn=1235572d tk=ff tl=0
RXDBG k=226998 seq=00020540 ack=12345679 plen=1460 acc=1 arsp=0 adv=0 dup=0 cam=1 st=1 rn=00020540 rw=c000 su=1235f129 sn=12355ce1 tk=ff tl=0
RXDBG k=228548 seq=00020af4 ack=12345679 plen=1460 acc=1 arsp=0 adv=0 dup=0 cam=1 st=1 rn=00020af4 rw=c000 su=1235f129 sn=12356295 tk=ff tl=0
Memory Collision Error on RAMB36E1 : tb_p4_chain.u_echo.u_fifo.gen_mem[0].u_main.gen_sdp.gen_wide.INT_RAMB_SDP.chk_for_col_msg at simulation time 1835580.000 ns.
A read was performed on address df3f (hex) of port A while a write was requested to the same address on port B.  The write will be successful however the read value on port A is unknown until the next CLKA cycle.
RXDBG k=230098 seq=000210a8 ack=12345679 plen=1460 acc=1 arsp=0 adv=0 dup=0 cam=1 st=1 rn=000210a8 rw=c000 su=1235f129 sn=12356295 tk=ff tl=0
RXDBG k=231648 seq=0002165c ack=12345679 plen=1460 acc=1 arsp=0 adv=0 dup=0 cam=1 st=1 rn=0002165c rw=c000 su=1235f129 sn=12356849 tk=ff tl=0
RXDBG k=233198 seq=00021c10 ack=12345679 plen=1460 acc=1 arsp=0 adv=0 dup=0 cam=1 st=1 rn=00021c10 rw=c000 su=1235f129 sn=12356dfd tk=ff tl=0
Memory Collision Error on RAMB36E1 : tb_p4_chain.u_echo.u_fifo.gen_mem[1].u_main.gen_sdp.gen_wide.INT_RAMB_SDP.chk_for_col_msg at simulation time 1870412.000 ns.
A read was performed on address df3f (hex) of port A while a write was requested to the same address on port B.  The write will be successful however the read value on port A is unknown until the next CLKA cycle.
RXDBG k=234748 seq=000221c4 ack=12345679 plen=1460 acc=1 arsp=0 adv=0 dup=0 cam=1 st=1 rn=000221c4 rw=c000 su=1235f129 sn=123573b1 tk=ff tl=0
RXDBG k=236298 seq=00022778 ack=12345679 plen=1460 acc=1 arsp=0 adv=0 dup=0 cam=1 st=1 rn=00022778 rw=c000 su=1235f129 sn=12357965 tk=ff tl=0
RXDBG k=237848 seq=00022d2c ack=12345679 plen=1460 acc=1 arsp=0 adv=0 dup=0 cam=1 st=1 rn=00022d2c rw=c000 su=1235f129 sn=12357f19 tk=ff tl=0
Memory Collision Error on RAMB36E1 : tb_p4_chain.u_echo.u_fifo.gen_mem[2].u_main.gen_sdp.gen_wide.INT_RAMB_SDP.chk_for_col_msg at simulation time 1905244.000 ns.
A read was performed on address df3f (hex) of port A while a write was requested to the same address on port B.  The write will be successful however the read value on port A is unknown until the next CLKA cycle.
RXDBG k=239398 seq=000232e0 ack=12345679 plen=1460 acc=1 arsp=0 adv=0 dup=0 cam=1 st=1 rn=000232e0 rw=c000 su=1235f129 sn=123584cd tk=ff tl=0
RXDBG k=240948 seq=00023894 ack=12345679 plen=1460 acc=1 arsp=0 adv=0 dup=0 cam=1 st=1 rn=00023894 rw=c000 su=1235f129 sn=12358a81 tk=ff tl=0
Memory Collision Error on RAMB36E1 : tb_p4_chain.u_echo.u_fifo.gen_mem[3].u_main.gen_sdp.gen_wide.INT_RAMB_SDP.chk_for_col_msg at simulation time 1939388.000 ns.
A read was performed on address df3f (hex) of port A while a write was requested to the same address on port B.  The write will be successful however the read value on port A is unknown until the next CLKA cycle.
RXDBG k=242498 seq=00023e48 ack=12345679 plen=1460 acc=1 arsp=0 adv=0 dup=0 cam=1 st=1 rn=00023e48 rw=c000 su=1235f129 sn=12359035 tk=ff tl=0
RXDBG k=244048 seq=000243fc ack=12345679 plen=1460 acc=1 arsp=0 adv=0 dup=0 cam=1 st=1 rn=000243fc rw=c000 su=1235f129 sn=123595e9 tk=ff tl=0
RXDBG k=245598 seq=000249b0 ack=12345679 plen=1460 acc=1 arsp=0 adv=0 dup=0 cam=1 st=1 rn=000249b0 rw=c000 su=1235f129 sn=12359b9d tk=ff tl=0
Memory Collision Error on RAMB36E1 : tb_p4_chain.u_echo.u_fifo.gen_mem[4].u_main.gen_sdp.gen_wide.INT_RAMB_SDP.chk_for_col_msg at simulation time 1974220.000 ns.
A read was performed on address df3f (hex) of port A while a write was requested to the same address on port B.  The write will be successful however the read value on port A is unknown until the next CLKA cycle.
RXDBG k=247148 seq=00024f64 ack=12345679 plen=1460 acc=1 arsp=0 adv=0 dup=0 cam=1 st=1 rn=00024f64 rw=c000 su=1235f129 sn=1235a151 tk=ff tl=0
RXDBG k=248698 seq=00025518 ack=12345679 plen=1460 acc=1 arsp=0 adv=0 dup=0 cam=1 st=1 rn=00025518 rw=c000 su=1235f129 sn=1235a705 tk=ff tl=0
RXDBG k=250248 seq=00025acc ack=12345679 plen=1460 acc=1 arsp=0 adv=0 dup=0 cam=1 st=1 rn=00025acc rw=c000 su=1235f129 sn=1235acb9 tk=ff tl=0
Memory Collision Error on RAMB36E1 : tb_p4_chain.u_echo.u_fifo.gen_mem[5].u_main.gen_sdp.gen_wide.INT_RAMB_SDP.chk_for_col_msg at simulation time 2009052.000 ns.
A read was performed on address df3f (hex) of port A while a write was requested to the same address on port B.  The write will be successful however the read value on port A is unknown until the next CLKA cycle.
RXDBG k=251798 seq=00026080 ack=12345679 plen=1460 acc=1 arsp=0 adv=0 dup=0 cam=1 st=1 rn=00026080 rw=c000 su=1235f129 sn=1235b26d tk=ff tl=0
RXDBG k=253348 seq=00026634 ack=12345679 plen=1460 acc=1 arsp=0 adv=0 dup=0 cam=1 st=1 rn=00026634 rw=c000 su=1235f129 sn=1235b821 tk=ff tl=0
RXDBG k=254898 seq=00026be8 ack=12345679 plen=1460 acc=1 arsp=0 adv=0 dup=0 cam=1 st=1 rn=00026be8 rw=c000 su=1235f129 sn=1235b821 tk=ff tl=0
Memory Collision Error on RAMB36E1 : tb_p4_chain.u_echo.u_fifo.gen_mem[6].u_main.gen_sdp.gen_wide.INT_RAMB_SDP.chk_for_col_msg at simulation time 2043884.000 ns.
A read was performed on address df3f (hex) of port A while a write was requested to the same address on port B.  The write will be successful however the read value on port A is unknown until the next CLKA cycle.
RXDBG k=256448 seq=0002719c ack=12345679 plen=1460 acc=1 arsp=0 adv=0 dup=0 cam=1 st=1 rn=0002719c rw=c000 su=1235f129 sn=1235bdd5 tk=ff tl=0
RXDBG k=257998 seq=00027750 ack=12345679 plen=1460 acc=1 arsp=0 adv=0 dup=0 cam=1 st=1 rn=00027750 rw=c000 su=1235f129 sn=1235c389 tk=ff tl=0
RXDBG k=259548 seq=00027d04 ack=12345679 plen=1460 acc=1 arsp=0 adv=0 dup=0 cam=1 st=1 rn=00027d04 rw=c000 su=1235f129 sn=1235c93d tk=ff tl=0
Memory Collision Error on RAMB36E1 : tb_p4_chain.u_echo.u_fifo.gen_mem[7].u_main.gen_sdp.gen_wide.INT_RAMB_SDP.chk_for_col_msg at simulation time 2078716.000 ns.
A read was performed on address df3f (hex) of port A while a write was requested to the same address on port B.  The write will be successful however the read value on port A is unknown until the next CLKA cycle.
RXDBG k=261098 seq=000282b8 ack=12345679 plen=1460 acc=1 arsp=0 adv=0 dup=0 cam=1 st=1 rn=000282b8 rw=c000 su=1235f129 sn=1235cef1 tk=ff tl=0
RXDBG k=262648 seq=0002886c ack=12345679 plen=1460 acc=1 arsp=0 adv=0 dup=0 cam=1 st=1 rn=0002886c rw=c000 su=1235f129 sn=1235d4a5 tk=ff tl=0
Memory Collision Error on RAMB36E1 : tb_p4_chain.u_echo.u_fifo.gen_mem[8].u_main.gen_sdp.gen_wide.INT_RAMB_SDP.chk_for_col_msg at simulation time 2112860.000 ns.
A read was performed on address df3f (hex) of port A while a write was requested to the same address on port B.  The write will be successful however the read value on port A is unknown until the next CLKA cycle.
RXDBG k=264198 seq=00028e20 ack=12345679 plen=1460 acc=1 arsp=0 adv=0 dup=0 cam=1 st=1 rn=00028e20 rw=c000 su=1235f129 sn=1235da59 tk=ff tl=0
RXDBG k=265748 seq=000293d4 ack=12345679 plen=1460 acc=1 arsp=0 adv=0 dup=0 cam=1 st=1 rn=000293d4 rw=c000 su=1235f129 sn=1235e00d tk=ff tl=0
RXDBG k=267298 seq=00029988 ack=12345679 plen=1460 acc=1 arsp=0 adv=0 dup=0 cam=1 st=1 rn=00029988 rw=c000 su=1235f129 sn=1235e5c1 tk=ff tl=0
RXDBG k=270398 seq=0002a4f0 ack=12345679 plen=1460 acc=0 arsp=1 adv=0 dup=0 cam=1 st=1 rn=00029988 rw=c000 su=1235f129 sn=1235f129 tk=ff tl=0
RXDBG k=271948 seq=0002aaa4 ack=12345679 plen=1460 acc=0 arsp=1 adv=0 dup=0 cam=1 st=1 rn=00029988 rw=c000 su=1235f129 sn=1235f6dd tk=ff tl=0
RXDBG k=273498 seq=0002b058 ack=12345679 plen=1460 acc=0 arsp=1 adv=0 dup=0 cam=1 st=1 rn=00029988 rw=c000 su=1235f129 sn=1235fc91 tk=ff tl=0
RXDBG k=275048 seq=0002b60c ack=12345679 plen=1460 acc=0 arsp=1 adv=0 dup=0 cam=1 st=1 rn=00029988 rw=c000 su=1235f129 sn=12360245 tk=ff tl=0
RXDBG k=276598 seq=0002bbc0 ack=12345679 plen=1460 acc=0 arsp=1 adv=0 dup=0 cam=1 st=1 rn=00029988 rw=c000 su=1235f129 sn=123607f9 tk=ff tl=0
RXDBG k=278148 seq=0002c174 ack=12345679 plen=1460 acc=0 arsp=1 adv=0 dup=0 cam=1 st=1 rn=00029988 rw=c000 su=1235f129 sn=12360dad tk=ff tl=0
RXDBG k=279698 seq=0002c728 ack=12345679 plen=1460 acc=0 arsp=1 adv=0 dup=0 cam=1 st=1 rn=00029988 rw=c000 su=1235f129 sn=12361361 tk=ff tl=0
RXDBG k=281248 seq=0002ccdc ack=12345679 plen=1460 acc=0 arsp=1 adv=0 dup=0 cam=1 st=1 rn=00029988 rw=c000 su=1235f129 sn=12361915 tk=ff tl=0
RXDBG k=282798 seq=0002d290 ack=12345679 plen=1460 acc=0 arsp=1 adv=0 dup=0 cam=1 st=1 rn=00029988 rw=c000 su=1235f129 sn=12361915 tk=ff tl=0
RXDBG k=284348 seq=0002d844 ack=12345679 plen=1460 acc=0 arsp=1 adv=0 dup=0 cam=1 st=1 rn=00029988 rw=c000 su=1235f129 sn=12361ec9 tk=ff tl=0
RXDBG k=285898 seq=0002ddf8 ack=12345679 plen=1460 acc=0 arsp=1 adv=0 dup=0 cam=1 st=1 rn=00029988 rw=c000 su=1235f129 sn=1236247d tk=ff tl=0
RXDBG k=287448 seq=0002e3ac ack=12345679 plen=1460 acc=0 arsp=1 adv=0 dup=0 cam=1 st=1 rn=00029988 rw=c000 su=1235f129 sn=12362a31 tk=ff tl=0
RXDBG k=288998 seq=0002e960 ack=12345679 plen=1460 acc=0 arsp=1 adv=0 dup=0 cam=1 st=1 rn=00029988 rw=c000 su=1235f129 sn=12362fe5 tk=ff tl=0
RXDBG k=290548 seq=0002ef14 ack=12345679 plen=1460 acc=0 arsp=1 adv=0 dup=0 cam=1 st=1 rn=00029988 rw=c000 su=1235f129 sn=12363599 tk=ff tl=0
RXDBG k=292098 seq=0002f4c8 ack=12345679 plen=1460 acc=0 arsp=1 adv=0 dup=0 cam=1 st=1 rn=00029988 rw=c000 su=1235f129 sn=12363b4d tk=ff tl=0
RXDBG k=293648 seq=0002fa7c ack=12345679 plen=1460 acc=0 arsp=1 adv=0 dup=0 cam=1 st=1 rn=00029988 rw=c000 su=1235f129 sn=12364101 tk=ff tl=0
RXDBG k=295198 seq=00030030 ack=12345679 plen=1460 acc=0 arsp=1 adv=0 dup=0 cam=1 st=1 rn=00029988 rw=c000 su=1235f129 sn=123646b5 tk=ff tl=0
RXDBG k=296748 seq=000305e4 ack=12345679 plen=1460 acc=0 arsp=1 adv=0 dup=0 cam=1 st=1 rn=00029988 rw=c000 su=1235f129 sn=12364c69 tk=ff tl=0
RXDBG k=298298 seq=00030b98 ack=12345679 plen=1460 acc=0 arsp=1 adv=0 dup=0 cam=1 st=1 rn=00029988 rw=c000 su=1235f129 sn=1236521d tk=ff tl=0
RXDBG k=299848 seq=0003114c ack=12345679 plen=1460 acc=0 arsp=1 adv=0 dup=0 cam=1 st=1 rn=00029988 rw=c000 su=1235f129 sn=123657d1 tk=ff tl=0
RXDBG k=301398 seq=00031700 ack=12345679 plen=1460 acc=0 arsp=1 adv=0 dup=0 cam=1 st=1 rn=00029988 rw=c000 su=1235f129 sn=12365d85 tk=ff tl=0
RXDBG k=302948 seq=00031cb4 ack=12345679 plen=1460 acc=0 arsp=1 adv=0 dup=0 cam=1 st=1 rn=00029988 rw=c000 su=1235f129 sn=12366339 tk=ff tl=0
RXDBG k=304498 seq=00032268 ack=12345679 plen=1460 acc=0 arsp=1 adv=0 dup=0 cam=1 st=1 rn=00029988 rw=c000 su=1235f129 sn=123668ed tk=ff tl=0
RXDBG k=306048 seq=0003281c ack=12345679 plen=1460 acc=0 arsp=1 adv=0 dup=0 cam=1 st=1 rn=00029988 rw=c000 su=1235f129 sn=12366ea1 tk=ff tl=0
RXDBG k=307598 seq=00032dd0 ack=12345679 plen=1460 acc=0 arsp=1 adv=0 dup=0 cam=1 st=1 rn=00029988 rw=c000 su=1235f129 sn=12367455 tk=ff tl=0
RXDBG k=309148 seq=00033384 ack=12345679 plen=1460 acc=0 arsp=1 adv=0 dup=0 cam=1 st=1 rn=00029988 rw=c000 su=1235f129 sn=12367a09 tk=ff tl=0
RXDBG k=310698 seq=00033938 ack=12345679 plen=1460 acc=0 arsp=1 adv=0 dup=0 cam=1 st=1 rn=00029988 rw=c000 su=1235f129 sn=12367a09 tk=ff tl=0
MMB t=310847 rb_id= 0 win=(0     0     0) fresh=(36500 49150) hi16=0
RXDBG k=312248 seq=00033eec ack=12345679 plen=1460 acc=0 arsp=1 adv=0 dup=0 cam=1 st=1 rn=00029988 rw=c000 su=1235f129 sn=12367fbd tk=ff tl=0
RXDBG k=313798 seq=000344a0 ack=12345679 plen=1460 acc=0 arsp=1 adv=0 dup=0 cam=1 st=1 rn=00029988 rw=c000 su=1235f129 sn=12368571 tk=ff tl=0
RXDBG k=315348 seq=00034a54 ack=12345679 plen=1460 acc=0 arsp=1 adv=0 dup=0 cam=1 st=1 rn=00029988 rw=c000 su=1235f129 sn=12368b25 tk=ff tl=0
MMB t=315775 rb_id= 0 win=(0     0     0) fresh=(40880 49150) hi16=0
RXDBG k=316898 seq=00035008 ack=12345679 plen=1460 acc=0 arsp=1 adv=0 dup=0 cam=1 st=1 rn=00029988 rw=c000 su=1235f129 sn=123690d9 tk=ff tl=0
RXDBG k=318448 seq=000355bc ack=12345679 plen=1460 acc=0 arsp=1 adv=0 dup=0 cam=1 st=1 rn=00029988 rw=c000 su=1235f129 sn=1236968d tk=ff tl=0
RXDBG k=319998 seq=00035b70 ack=12345679 plen=1460 acc=0 arsp=0 adv=0 dup=0 cam=1 st=1 rn=00029988 rw=c000 su=1235f129 sn=12369c41 tk=ff tl=0
MMB t=320703 rb_id= 0 win=(0     0     0) fresh=(45260 49150) hi16=0
RXDBG k=321548 seq=00036124 ack=12345679 plen=1460 acc=0 arsp=0 adv=0 dup=0 cam=1 st=1 rn=00029988 rw=c000 su=1235f129 sn=1236a1f5 tk=ff tl=0
RXDBG k=323098 seq=000366d8 ack=12345679 plen=1460 acc=0 arsp=0 adv=0 dup=0 cam=1 st=1 rn=00029988 rw=c000 su=1235f129 sn=1236a7a9 tk=ff tl=0
RXDBG k=324648 seq=00036c8c ack=12345679 plen=1460 acc=0 arsp=0 adv=0 dup=0 cam=1 st=1 rn=00029988 rw=c000 su=1235f129 sn=1236ad5d tk=ff tl=0
RXDBG k=326198 seq=00037240 ack=12345679 plen=1460 acc=0 arsp=0 adv=0 dup=0 cam=1 st=1 rn=00029988 rw=c000 su=1235f129 sn=1236b311 tk=ff tl=0
RXDBG k=327748 seq=000377f4 ack=12345679 plen=1460 acc=0 arsp=0 adv=0 dup=0 cam=1 st=1 rn=00029988 rw=c000 su=1235f129 sn=1236b8c5 tk=ff tl=0
RXDBG k=329298 seq=00037da8 ack=12345679 plen=1460 acc=0 arsp=0 adv=0 dup=0 cam=1 st=1 rn=00029988 rw=c000 su=1235f129 sn=1236be79 tk=ff tl=0
RXDBG k=330848 seq=0003835c ack=12345679 plen=1460 acc=0 arsp=0 adv=0 dup=0 cam=1 st=1 rn=00029988 rw=c000 su=1235f129 sn=1236c42d tk=ff tl=0
RXDBG k=332398 seq=00038910 ack=12345679 plen=1460 acc=0 arsp=0 adv=0 dup=0 cam=1 st=1 rn=00029988 rw=c000 su=1235f129 sn=1236c42d tk=ff tl=0
RXDBG k=333948 seq=00038ec4 ack=12345679 plen=1460 acc=0 arsp=0 adv=0 dup=0 cam=1 st=1 rn=00029988 rw=c000 su=1235f129 sn=1236c9e1 tk=ff tl=0
RXDBG k=335498 seq=00039478 ack=12345679 plen=1460 acc=0 arsp=0 adv=0 dup=0 cam=1 st=1 rn=00029988 rw=c000 su=1235f129 sn=1236cf95 tk=ff tl=0
RXDBG k=337048 seq=00039a2c ack=12345679 plen=1460 acc=0 arsp=0 adv=0 dup=0 cam=1 st=1 rn=00029988 rw=c000 su=1235f129 sn=1236d549 tk=ff tl=0
RXDBG k=338598 seq=00039fe0 ack=12345679 plen=1460 acc=0 arsp=0 adv=0 dup=0 cam=1 st=1 rn=00029988 rw=c000 su=1235f129 sn=1236dafd tk=ff tl=0
RXDBG k=340148 seq=0003a594 ack=12345679 plen=1460 acc=0 arsp=0 adv=0 dup=0 cam=1 st=1 rn=00029988 rw=c000 su=1235f129 sn=1236e0b1 tk=ff tl=0
RXDBG k=341698 seq=0003ab48 ack=12345679 plen=1460 acc=0 arsp=0 adv=0 dup=0 cam=1 st=1 rn=00029988 rw=c000 su=1235f129 sn=1236e0b1 tk=ff tl=0
RXDBG k=343248 seq=0003b0fc ack=12345679 plen=1460 acc=0 arsp=0 adv=0 dup=0 cam=1 st=1 rn=00029988 rw=c000 su=1235f129 sn=1236e665 tk=ff tl=0
RXDBG k=344798 seq=0003b6b0 ack=12345679 plen=1460 acc=0 arsp=0 adv=0 dup=0 cam=1 st=1 rn=00029988 rw=c000 su=1235f129 sn=1235f129 tk=ff tl=0
RXDBG k=346348 seq=0003bc64 ack=12345679 plen=1460 acc=0 arsp=0 adv=0 dup=0 cam=1 st=1 rn=00029988 rw=c000 su=1235f129 sn=1235f6dd tk=ff tl=0
RXDBG k=347898 seq=0003c218 ack=12345679 plen=1460 acc=0 arsp=0 adv=0 dup=0 cam=1 st=1 rn=00029988 rw=c000 su=1235f129 sn=1235fc91 tk=ff tl=0
RXDBG k=349448 seq=0003c7cc ack=12345679 plen=1460 acc=0 arsp=0 adv=0 dup=0 cam=1 st=1 rn=00029988 rw=c000 su=1235f129 sn=12360245 tk=ff tl=0
RXDBG k=350998 seq=0003cd80 ack=12345679 plen=1460 acc=0 arsp=0 adv=0 dup=0 cam=1 st=1 rn=00029988 rw=c000 su=1235f129 sn=123607f9 tk=ff tl=0
RXDBG k=352548 seq=0003d334 ack=12345679 plen=1460 acc=0 arsp=0 adv=0 dup=0 cam=1 st=1 rn=00029988 rw=c000 su=1235f129 sn=12360dad tk=ff tl=0
RXDBG k=354098 seq=0003d8e8 ack=12345679 plen=1460 acc=0 arsp=0 adv=0 dup=0 cam=1 st=1 rn=00029988 rw=c000 su=1235f129 sn=12361361 tk=ff tl=0
RXDBG k=355648 seq=0003de9c ack=12345679 plen=1460 acc=0 arsp=0 adv=0 dup=0 cam=1 st=1 rn=00029988 rw=c000 su=1235f129 sn=12361915 tk=ff tl=0
RXDBG k=357198 seq=0003e450 ack=12345679 plen=1460 acc=0 arsp=0 adv=0 dup=0 cam=1 st=1 rn=00029988 rw=c000 su=1235f129 sn=12361ec9 tk=ff tl=0
RXDBG k=358748 seq=0003ea04 ack=12345679 plen=1460 acc=0 arsp=0 adv=0 dup=0 cam=1 st=1 rn=00029988 rw=c000 su=1235f129 sn=1236247d tk=ff tl=0
RXDBG k=360298 seq=0003efb8 ack=12345679 plen=1460 acc=0 arsp=0 adv=0 dup=0 cam=1 st=1 rn=00029988 rw=c000 su=1235f129 sn=12362a31 tk=ff tl=0
RXDBG k=361848 seq=0003f56c ack=12345679 plen=1460 acc=0 arsp=0 adv=0 dup=0 cam=1 st=1 rn=00029988 rw=c000 su=1235f129 sn=12362fe5 tk=ff tl=0
RXDBG k=363398 seq=0003fb20 ack=12345679 plen=1460 acc=0 arsp=0 adv=0 dup=0 cam=1 st=1 rn=00029988 rw=c000 su=1235f129 sn=12363599 tk=ff tl=0
RXDBG k=364948 seq=000400d4 ack=12345679 plen=1460 acc=0 arsp=0 adv=0 dup=0 cam=1 st=1 rn=00029988 rw=c000 su=1235f129 sn=12363599 tk=ff tl=0
RXDBG k=366498 seq=00040688 ack=12345679 plen=1460 acc=0 arsp=0 adv=0 dup=0 cam=1 st=1 rn=00029988 rw=c000 su=1235f129 sn=12363b4d tk=ff tl=0
RXDBG k=368048 seq=00040c3c ack=12345679 plen=1460 acc=0 arsp=0 adv=0 dup=0 cam=1 st=1 rn=00029988 rw=c000 su=1235f129 sn=12364101 tk=ff tl=0
RXDBG k=369598 seq=000411f0 ack=12345679 plen=1460 acc=0 arsp=0 adv=0 dup=0 cam=1 st=1 rn=00029988 rw=c000 su=1235f129 sn=123646b5 tk=ff tl=0
RXDBG k=371148 seq=000417a4 ack=12345679 plen=1460 acc=0 arsp=0 adv=0 dup=0 cam=1 st=1 rn=00029988 rw=c000 su=1235f129 sn=12364c69 tk=ff tl=0
RXDBG k=372698 seq=00041d58 ack=12345679 plen=1460 acc=0 arsp=0 adv=0 dup=0 cam=1 st=1 rn=00029988 rw=c000 su=1235f129 sn=1236521d tk=ff tl=0
RXDBG k=374248 seq=0004230c ack=12345679 plen=1460 acc=0 arsp=0 adv=0 dup=0 cam=1 st=1 rn=00029988 rw=c000 su=1235f129 sn=123657d1 tk=ff tl=0
RXDBG k=375798 seq=000428c0 ack=12345679 plen=1460 acc=0 arsp=0 adv=0 dup=0 cam=1 st=1 rn=00029988 rw=c000 su=1235f129 sn=12365d85 tk=ff tl=0
RXDBG k=377348 seq=00042e74 ack=12345679 plen=1460 acc=0 arsp=0 adv=0 dup=0 cam=1 st=1 rn=00029988 rw=c000 su=1235f129 sn=12366339 tk=ff tl=0
RXDBG k=378898 seq=00043428 ack=12345679 plen=1460 acc=0 arsp=0 adv=0 dup=0 cam=1 st=1 rn=00029988 rw=c000 su=1235f129 sn=123668ed tk=ff tl=0
RXDBG k=380448 seq=000439dc ack=12345679 plen=1460 acc=0 arsp=0 adv=0 dup=0 cam=1 st=1 rn=00029988 rw=c000 su=1235f129 sn=12366ea1 tk=ff tl=0
RXDBG k=381998 seq=00043f90 ack=12345679 plen=1460 acc=0 arsp=0 adv=0 dup=0 cam=1 st=1 rn=00029988 rw=c000 su=1235f129 sn=12367455 tk=ff tl=0
RXDBG k=383548 seq=00044544 ack=12345679 plen=1460 acc=0 arsp=0 adv=0 dup=0 cam=1 st=1 rn=00029988 rw=c000 su=1235f129 sn=12367a09 tk=ff tl=0
RXDBG k=385098 seq=00044af8 ack=12345679 plen=1460 acc=0 arsp=0 adv=0 dup=0 cam=1 st=1 rn=00029988 rw=c000 su=1235f129 sn=12367fbd tk=ff tl=0
RXDBG k=386648 seq=000450ac ack=12345679 plen=1460 acc=0 arsp=0 adv=0 dup=0 cam=1 st=1 rn=00029988 rw=c000 su=1235f129 sn=12368571 tk=ff tl=0
RXDBG k=388198 seq=00045660 ack=12345679 plen=1460 acc=0 arsp=0 adv=0 dup=0 cam=1 st=1 rn=00029988 rw=c000 su=1235f129 sn=12368b25 tk=ff tl=0
RXDBG k=389748 seq=00045c14 ack=12345679 plen=1460 acc=0 arsp=0 adv=0 dup=0 cam=1 st=1 rn=00029988 rw=c000 su=1235f129 sn=123690d9 tk=ff tl=0
RXDBG k=391298 seq=000461c8 ack=12345679 plen=1460 acc=0 arsp=0 adv=0 dup=0 cam=1 st=1 rn=00029988 rw=c000 su=1235f129 sn=1236968d tk=ff tl=0
RXDBG k=392848 seq=0004677c ack=12345679 plen=1460 acc=0 arsp=0 adv=0 dup=0 cam=1 st=1 rn=00029988 rw=c000 su=1235f129 sn=12369c41 tk=ff tl=0
RXDBG k=394398 seq=00046d30 ack=12345679 plen=1460 acc=0 arsp=0 adv=0 dup=0 cam=1 st=1 rn=00029988 rw=c000 su=1235f129 sn=1236a1f5 tk=ff tl=0
RXDBG k=395948 seq=000472e4 ack=12345679 plen=1460 acc=0 arsp=0 adv=0 dup=0 cam=1 st=1 rn=00029988 rw=c000 su=1235f129 sn=1236a7a9 tk=ff tl=0
Memory Collision Error on RAMB36E1 : tb_p4_chain.u_slow_rx.u_ff.gen_mem[0].u_main.gen_sdp.gen_wide.INT_RAMB_SDP.chk_for_col_msg at simulation time 3339852.000 ns.
A read was performed on address 88ff (hex) of port A while a write was requested to the same address on port B.  The write will be successful however the read value on port A is unknown until the next CLKA cycle.
RXDBG k=419070 seq=0000004d ack=00000384 plen=20 acc=1 arsp=0 adv=0 dup=0 cam=1 st=1 rn=0000004d rw=1800 su=00000384 sn=00000384 tk=ff tl=0
Memory Collision Error on RAMB36E1 : tb_p4_chain.u_echo.u_fifo.gen_mem[9].u_main.gen_sdp.gen_wide.INT_RAMB_SDP.chk_for_col_msg at simulation time 3352844.000 ns.
A read was performed on address bbff (hex) of port A while a write was requested to the same address on port B.  The write will be successful however the read value on port A is unknown until the next CLKA cycle.
Memory Collision Error on RAMB36E1 : tb_p4_chain.u_slow_tx.u_wf.gen_mem[0].u_main.gen_sdp.gen_wide.INT_RAMB_SDP.chk_for_col_msg at simulation time 3364940.000 ns.
A read was performed on address 88ff (hex) of port A while a write was requested to the same address on port B.  The write will be successful however the read value on port A is unknown until the next CLKA cycle.
RXDBG k=420667 seq=00000061 ack=00000398 plen=0 acc=1 arsp=0 adv=1 dup=0 cam=1 st=1 rn=00000061 rw=1800 su=00000384 sn=00000384 tk=ff tl=0
PCSTALL thresh=49150 delay=300 k(stall=141600 sess=205489 inj=206660) sess=1 inj_sent=1 in_sess=1 hi_inj=1235f129 hi_stall=12351871 new_after=127 snxt_inj=123512bd suna_inj=123512bd snd_nxt=1236cf95 snd_una=1235f129 retx=3
DONE rx(pass=157 nm=50 ack=151) tx(fr=391 ack=151) eco(echo=118) slow(cmt=5 drp=0 tx=5 pg=0)
GATEPROBE mm=73 wro=33 wrc=40 id0=45 blk=8 eff0=420 runmax=2 oprun=1 clrun=1 strad=151202 strmm=3
$finish called at time : 3845596 ns : File "D:/repo/XCKU5PMini/udp_hls_10g/tb/tb_p4_chain.v" Line 1303
run: Time (s): cpu = 00:00:01 ; elapsed = 00:01:29 . Memory (MB): peak = 243.449 ; gain = 0.000
exit
INFO: xsimkernel Simulation Memory Usage: 92512 KB (Peak: 92512 KB), Simulation CPU Usage: 87984 ms
INFO: [Common 17-206] Exiting xsim at Tue Sep 29 11:23:09 2026...
