INFO: [VRFC 10-2263] Analyzing Verilog file "D:/repo/XCKU5PMini/udp_hls_10g/rtl/crc32_8b.v" into library xil_defaultlib
INFO: [VRFC 10-311] analyzing module crc32_8b
INFO: [VRFC 10-2263] Analyzing Verilog file "D:/repo/XCKU5PMini/udp_hls_10g/rtl/fifo_sync.v" into library xil_defaultlib
INFO: [VRFC 10-311] analyzing module fifo_sync
INFO: [VRFC 10-2263] Analyzing Verilog file "D:/repo/XCKU5PMini/udp_hls_10g/rtl/checksum16.v" into library xil_defaultlib
INFO: [VRFC 10-311] analyzing module checksum16
INFO: [VRFC 10-2263] Analyzing Verilog file "D:/repo/XCKU5PMini/udp_hls_10g/rtl/frame_fifo.v" into library xil_defaultlib
INFO: [VRFC 10-311] analyzing module frame_fifo
INFO: [VRFC 10-2263] Analyzing Verilog file "D:/repo/XCKU5PMini/udp_hls_10g/rtl/mac_rx_64.v" into library xil_defaultlib
INFO: [VRFC 10-311] analyzing module mac_rx_64
INFO: [VRFC 10-2263] Analyzing Verilog file "D:/repo/XCKU5PMini/udp_hls_10g/rtl/mac_tx_64.v" into library xil_defaultlib
INFO: [VRFC 10-311] analyzing module mac_tx_64
INFO: [VRFC 10-2263] Analyzing Verilog file "D:/repo/XCKU5PMini/udp_hls_10g/rtl/tcp_cam.v" into library xil_defaultlib
INFO: [VRFC 10-311] analyzing module tcp_cam
INFO: [VRFC 10-2263] Analyzing Verilog file "D:/repo/XCKU5PMini/udp_hls_10g/rtl/tcb.v" into library xil_defaultlib
INFO: [VRFC 10-311] analyzing module tcb
INFO: [VRFC 10-2263] Analyzing Verilog file "D:/repo/XCKU5PMini/udp_hls_10g/rtl/tcp_rx.v" into library xil_defaultlib
INFO: [VRFC 10-311] analyzing module tcp_rx
INFO: [VRFC 10-2263] Analyzing Verilog file "D:/repo/XCKU5PMini/udp_hls_10g/rtl/tcp_tx_frame.v" into library xil_defaultlib
INFO: [VRFC 10-311] analyzing module tcp_tx_frame
INFO: [VRFC 10-2263] Analyzing Verilog file "D:/repo/XCKU5PMini/udp_hls_10g/rtl/retx_ram.v" into library xil_defaultlib
INFO: [VRFC 10-311] analyzing module retx_ram
INFO: [VRFC 10-2263] Analyzing Verilog file "D:/repo/XCKU5PMini/udp_hls_10g/rtl/tcp_echo.v" into library xil_defaultlib
INFO: [VRFC 10-311] analyzing module tcp_echo
INFO: [VRFC 10-2263] Analyzing Verilog file "D:/repo/XCKU5PMini/udp_hls_10g/rtl/axis_pipe.v" into library xil_defaultlib
INFO: [VRFC 10-311] analyzing module axis_pipe
INFO: [VRFC 10-2263] Analyzing Verilog file "D:/repo/XCKU5PMini/udp_hls_10g/rtl/rx_classify.v" into library xil_defaultlib
INFO: [VRFC 10-311] analyzing module rx_classify
INFO: [VRFC 10-2263] Analyzing Verilog file "D:/repo/XCKU5PMini/udp_hls_10g/rtl/vlan_strip.v" into library xil_defaultlib
INFO: [VRFC 10-311] analyzing module vlan_strip
INFO: [VRFC 10-2263] Analyzing Verilog file "D:/repo/XCKU5PMini/udp_hls_10g/rtl/slow_rx_adp.v" into library xil_defaultlib
INFO: [VRFC 10-311] analyzing module slow_rx_adp
INFO: [VRFC 10-2263] Analyzing Verilog file "D:/repo/XCKU5PMini/udp_hls_10g/rtl/slow_cfg_adp.v" into library xil_defaultlib
INFO: [VRFC 10-311] analyzing module slow_cfg_adp
INFO: [VRFC 10-2263] Analyzing Verilog file "D:/repo/XCKU5PMini/udp_hls_10g/rtl/slow_tx_adp.v" into library xil_defaultlib
INFO: [VRFC 10-311] analyzing module slow_tx_adp
INFO: [VRFC 10-2263] Analyzing Verilog file "D:/repo/XCKU5PMini/udp_hls_10g/rtl/tx_arb.v" into library xil_defaultlib
INFO: [VRFC 10-311] analyzing module tx_arb
INFO: [VRFC 10-2263] Analyzing Verilog file "D:/repo/XCKU5PMini/udp_hls_10g/tb/tb_p4_chain.v" into library xil_defaultlib
INFO: [VRFC 10-311] analyzing module tb_p4_chain
INFO: [VRFC 10-2263] Analyzing Verilog file "C:/AMDDesignTools/2025.2/data/verilog/src/glbl.v" into library xil_defaultlib
INFO: [VRFC 10-311] analyzing module glbl
