
*** Running vivado
    with args -log wrapper_p4.vdi -applog -m64 -product Vivado -messageDb vivado.pb -mode batch -source wrapper_p4.tcl -notrace



****** Vivado v2025.2 (64-bit)
  **** SW Build 6299465 on Fri Nov 14 19:35:11 GMT 2025
  **** IP Build 6300035 on Fri Nov 14 10:48:45 MST 2025
  **** SharedData Build 6298862 on Thu Nov 13 04:50:51 MST 2025
  **** Start of session at: Fri Oct  9 23:14:07 2026
    ** Copyright 1986-2022 Xilinx, Inc. All Rights Reserved.
    ** Copyright 2022-2025 Advanced Micro Devices, Inc. All Rights Reserved.

source wrapper_p4.tcl -notrace
create_project: Time (s): cpu = 00:00:35 ; elapsed = 00:00:06 . Memory (MB): peak = 537.059 ; gain = 224.258
Command: link_design -top wrapper_p4 -part xcku5p-ffvb676-1-e
Design is defaulting to srcset: sources_1
Design is defaulting to constrset: constrs_1
INFO: [Device 21-403] Loading part xcku5p-ffvb676-1-e
INFO: [Project 1-5699] Read binary netlist with skipMacroContent - 1
INFO: [Project 1-454] Reading design checkpoint 'd:/repo/XCKU5PMini/udp_hls_10g/vivado_prj/p7b_ku5p_prj.gen/sources_1/ip/xdma_0/xdma_0.dcp' for cell 'u_pcie_xdma'
INFO: [Project 1-454] Reading design checkpoint 'd:/repo/XCKU5PMini/udp_hls_10g/vivado_prj/p7b_ku5p_prj.gen/sources_1/ip/pcs64/pcs64.dcp' for cell 'u_pcs'
Netlist sorting complete. Time (s): cpu = 00:00:01 ; elapsed = 00:00:00.843 . Memory (MB): peak = 1806.297 ; gain = 0.000
INFO: [Netlist 29-17] Analyzing 7729 Unisim elements for replacement
INFO: [Netlist 29-28] Unisim Transformation completed in 1 CPU seconds
INFO: [Project 1-479] Netlist was created with Vivado 2025.2
INFO: [Project 1-570] Preparing netlist for logic optimization
Parsing XDC File [d:/repo/XCKU5PMini/udp_hls_10g/vivado_prj/p7b_ku5p_prj.gen/sources_1/ip/pcs64/ip_1/synth/pcs64_gt_1.xdc] for cell 'u_pcs/inst/i_pcs64_gt_1/inst'
Finished Parsing XDC File [d:/repo/XCKU5PMini/udp_hls_10g/vivado_prj/p7b_ku5p_prj.gen/sources_1/ip/pcs64/ip_1/synth/pcs64_gt_1.xdc] for cell 'u_pcs/inst/i_pcs64_gt_1/inst'
Parsing XDC File [d:/repo/XCKU5PMini/udp_hls_10g/vivado_prj/p7b_ku5p_prj.gen/sources_1/ip/pcs64/ip_0/synth/pcs64_gt.xdc] for cell 'u_pcs/inst/i_pcs64_gt/inst'
Finished Parsing XDC File [d:/repo/XCKU5PMini/udp_hls_10g/vivado_prj/p7b_ku5p_prj.gen/sources_1/ip/pcs64/ip_0/synth/pcs64_gt.xdc] for cell 'u_pcs/inst/i_pcs64_gt/inst'
Parsing XDC File [d:/repo/XCKU5PMini/udp_hls_10g/vivado_prj/p7b_ku5p_prj.gen/sources_1/ip/pcs64/synth/pcs64_board.xdc] for cell 'u_pcs/inst'
Finished Parsing XDC File [d:/repo/XCKU5PMini/udp_hls_10g/vivado_prj/p7b_ku5p_prj.gen/sources_1/ip/pcs64/synth/pcs64_board.xdc] for cell 'u_pcs/inst'
Parsing XDC File [d:/repo/XCKU5PMini/udp_hls_10g/vivado_prj/p7b_ku5p_prj.gen/sources_1/ip/pcs64/synth/pcs64.xdc] for cell 'u_pcs/inst'
WARNING: [Vivado_Tcl 4-921] Waiver ID 'CDC-10' -to list should not be empty. [d:/repo/XCKU5PMini/udp_hls_10g/vivado_prj/p7b_ku5p_prj.gen/sources_1/ip/pcs64/synth/pcs64.xdc:106]
WARNING: [Vivado_Tcl 4-921] Waiver ID 'CDC-1' -to list should not be empty. [d:/repo/XCKU5PMini/udp_hls_10g/vivado_prj/p7b_ku5p_prj.gen/sources_1/ip/pcs64/synth/pcs64.xdc:111]
WARNING: [Vivado_Tcl 4-921] Waiver ID 'CDC-4' -to list should not be empty. [d:/repo/XCKU5PMini/udp_hls_10g/vivado_prj/p7b_ku5p_prj.gen/sources_1/ip/pcs64/synth/pcs64.xdc:119]
WARNING: [Vivado_Tcl 4-921] Waiver ID 'CDC-1' -to list should not be empty. [d:/repo/XCKU5PMini/udp_hls_10g/vivado_prj/p7b_ku5p_prj.gen/sources_1/ip/pcs64/synth/pcs64.xdc:123]
WARNING: [Vivado_Tcl 4-921] Waiver ID 'CDC-1' -to list should not be empty. [d:/repo/XCKU5PMini/udp_hls_10g/vivado_prj/p7b_ku5p_prj.gen/sources_1/ip/pcs64/synth/pcs64.xdc:127]
WARNING: [Vivado_Tcl 4-921] Waiver ID 'CDC-1' -to list should not be empty. [d:/repo/XCKU5PMini/udp_hls_10g/vivado_prj/p7b_ku5p_prj.gen/sources_1/ip/pcs64/synth/pcs64.xdc:131]
WARNING: [Vivado_Tcl 4-921] Waiver ID 'CDC-1' -to list should not be empty. [d:/repo/XCKU5PMini/udp_hls_10g/vivado_prj/p7b_ku5p_prj.gen/sources_1/ip/pcs64/synth/pcs64.xdc:135]
WARNING: [Vivado_Tcl 4-921] Waiver ID 'CDC-1' -to list should not be empty. [d:/repo/XCKU5PMini/udp_hls_10g/vivado_prj/p7b_ku5p_prj.gen/sources_1/ip/pcs64/synth/pcs64.xdc:140]
WARNING: [Vivado_Tcl 4-939] Waiver ID 'TIMING-11' object list should not be empty (perhaps an invalid wildcard was used or only unsupported objects). [d:/repo/XCKU5PMini/udp_hls_10g/vivado_prj/p7b_ku5p_prj.gen/sources_1/ip/pcs64/synth/pcs64.xdc:145]
WARNING: [Vivado_Tcl 4-919] Waiver ID 'CDC-11' -from list should not be empty. [d:/repo/XCKU5PMini/udp_hls_10g/vivado_prj/p7b_ku5p_prj.gen/sources_1/ip/pcs64/synth/pcs64.xdc:163]
Finished Parsing XDC File [d:/repo/XCKU5PMini/udp_hls_10g/vivado_prj/p7b_ku5p_prj.gen/sources_1/ip/pcs64/synth/pcs64.xdc] for cell 'u_pcs/inst'
Parsing XDC File [d:/repo/XCKU5PMini/udp_hls_10g/vivado_prj/p7b_ku5p_prj.gen/sources_1/ip/xdma_0/ip_0/ip_0/synth/xdma_0_pcie4_ip_gt.xdc] for cell 'u_pcie_xdma/inst/pcie4_ip_i/inst/xdma_0_pcie4_ip_gt_top_i/diablo_gt.diablo_gt_phy_wrapper/gt_wizard.gtwizard_top_i/xdma_0_pcie4_ip_gt_i/inst'
Finished Parsing XDC File [d:/repo/XCKU5PMini/udp_hls_10g/vivado_prj/p7b_ku5p_prj.gen/sources_1/ip/xdma_0/ip_0/ip_0/synth/xdma_0_pcie4_ip_gt.xdc] for cell 'u_pcie_xdma/inst/pcie4_ip_i/inst/xdma_0_pcie4_ip_gt_top_i/diablo_gt.diablo_gt_phy_wrapper/gt_wizard.gtwizard_top_i/xdma_0_pcie4_ip_gt_i/inst'
Parsing XDC File [d:/repo/XCKU5PMini/udp_hls_10g/vivado_prj/p7b_ku5p_prj.gen/sources_1/ip/xdma_0/ip_0/source/ip_pcie4_uscale_plus_impl_x0y0.xdc] for cell 'u_pcie_xdma/inst/pcie4_ip_i/inst'
Finished Parsing XDC File [d:/repo/XCKU5PMini/udp_hls_10g/vivado_prj/p7b_ku5p_prj.gen/sources_1/ip/xdma_0/ip_0/source/ip_pcie4_uscale_plus_impl_x0y0.xdc] for cell 'u_pcie_xdma/inst/pcie4_ip_i/inst'
Parsing XDC File [d:/repo/XCKU5PMini/udp_hls_10g/vivado_prj/p7b_ku5p_prj.gen/sources_1/ip/xdma_0/ip_0/source/ip_pcie4_uscale_plus_x0y0.xdc] for cell 'u_pcie_xdma/inst/pcie4_ip_i/inst'
Finished Parsing XDC File [d:/repo/XCKU5PMini/udp_hls_10g/vivado_prj/p7b_ku5p_prj.gen/sources_1/ip/xdma_0/ip_0/source/ip_pcie4_uscale_plus_x0y0.xdc] for cell 'u_pcie_xdma/inst/pcie4_ip_i/inst'
INFO: [Timing 38-35] Done setting XDC timing constraints.
INFO: [Timing 38-2] Deriving generated clocks
Parsing XDC File [d:/repo/XCKU5PMini/udp_hls_10g/vivado_prj/p7b_ku5p_prj.gen/sources_1/ip/xdma_0/xdma_0_board.xdc] for cell 'u_pcie_xdma/inst'
Finished Parsing XDC File [d:/repo/XCKU5PMini/udp_hls_10g/vivado_prj/p7b_ku5p_prj.gen/sources_1/ip/xdma_0/xdma_0_board.xdc] for cell 'u_pcie_xdma/inst'
Parsing XDC File [d:/repo/XCKU5PMini/udp_hls_10g/vivado_prj/p7b_ku5p_prj.gen/sources_1/ip/xdma_0/source/xdma_0_pcie4_uscaleplus_ip.xdc] for cell 'u_pcie_xdma/inst'
Finished Parsing XDC File [d:/repo/XCKU5PMini/udp_hls_10g/vivado_prj/p7b_ku5p_prj.gen/sources_1/ip/xdma_0/source/xdma_0_pcie4_uscaleplus_ip.xdc] for cell 'u_pcie_xdma/inst'
Parsing XDC File [D:/repo/XCKU5PMini/udp_hls_10g/board/ku5p_p7b_gt.xdc]
CRITICAL WARNING: [Constraints 18-1056] Clock 'gtrefclk0' completely overrides clock 'gt_refclk_p'.
New: create_clock -period 6.400 -name gtrefclk0 [get_ports gt_refclk_p], [D:/repo/XCKU5PMini/udp_hls_10g/board/ku5p_p7b_gt.xdc:30]
Previous: create_clock -period 6.400 [get_ports gt_refclk_p], [d:/repo/XCKU5PMini/udp_hls_10g/vivado_prj/p7b_ku5p_prj.gen/sources_1/ip/pcs64/synth/pcs64.xdc:65]
Resolution: Review the constraint files and remove the redundant clock definition(s). If the clock constraints are not saved in a file, you can first save the constraints to an XDC file and reload the design once the constraints have been corrected.
Finished Parsing XDC File [D:/repo/XCKU5PMini/udp_hls_10g/board/ku5p_p7b_gt.xdc]
Parsing XDC File [D:/repo/XCKU5PMini/udp_hls_10g/board/ku5p_p6e_pcie.xdc]
Finished Parsing XDC File [D:/repo/XCKU5PMini/udp_hls_10g/board/ku5p_p6e_pcie.xdc]
Parsing XDC File [D:/repo/XCKU5PMini/udp_hls_10g/board/ku5p_p6b_sysclk.xdc]
Finished Parsing XDC File [D:/repo/XCKU5PMini/udp_hls_10g/board/ku5p_p6b_sysclk.xdc]
Parsing XDC File [D:/repo/XCKU5PMini/udp_hls_10g/board/ku5p_p7b_cdc.xdc]
INFO: [Timing 38-2] Deriving generated clocks [D:/repo/XCKU5PMini/udp_hls_10g/board/ku5p_p7b_cdc.xdc:36]
Finished Parsing XDC File [D:/repo/XCKU5PMini/udp_hls_10g/board/ku5p_p7b_cdc.xdc]
Parsing XDC File [d:/repo/XCKU5PMini/udp_hls_10g/vivado_prj/p7b_ku5p_prj.gen/sources_1/ip/xdma_0/ip_0/xdma_0_pcie4_ip_board.xdc] for cell 'u_pcie_xdma/inst/pcie4_ip_i/inst'
Finished Parsing XDC File [d:/repo/XCKU5PMini/udp_hls_10g/vivado_prj/p7b_ku5p_prj.gen/sources_1/ip/xdma_0/ip_0/xdma_0_pcie4_ip_board.xdc] for cell 'u_pcie_xdma/inst/pcie4_ip_i/inst'
Parsing XDC File [d:/repo/XCKU5PMini/udp_hls_10g/vivado_prj/p7b_ku5p_prj.gen/sources_1/ip/xdma_0/ip_0/synth/xdma_0_pcie4_ip_late.xdc] for cell 'u_pcie_xdma/inst/pcie4_ip_i/inst'
INFO: [Vivado 12-626] No clocks found. Please use 'create_clock' or 'create_generated_clock' command to create clocks. [d:/repo/XCKU5PMini/udp_hls_10g/vivado_prj/p7b_ku5p_prj.gen/sources_1/ip/xdma_0/ip_0/synth/xdma_0_pcie4_ip_late.xdc:73]
WARNING: [Vivado_Tcl 4-939] Waiver ID 'TIMING-54' object list should not be empty (perhaps an invalid wildcard was used or only unsupported objects). [d:/repo/XCKU5PMini/udp_hls_10g/vivado_prj/p7b_ku5p_prj.gen/sources_1/ip/xdma_0/ip_0/synth/xdma_0_pcie4_ip_late.xdc:73]
Finished Parsing XDC File [d:/repo/XCKU5PMini/udp_hls_10g/vivado_prj/p7b_ku5p_prj.gen/sources_1/ip/xdma_0/ip_0/synth/xdma_0_pcie4_ip_late.xdc] for cell 'u_pcie_xdma/inst/pcie4_ip_i/inst'
INFO: [Project 1-1714] 12 XPM XDC files have been applied to the design.
INFO: [Opt 31-138] Pushed 0 inverter(s) to 0 load pin(s).
INFO: [Project 1-1687] 52 scoped IP constraints or related sub-commands were skipped due to synthesis logic optimizations usually triggered by constant connectivity or unconnected output pins. To review the skipped constraints and messages, run the command 'set_param netlist.IPMsgFiltering false' before opening the design.
Netlist sorting complete. Time (s): cpu = 00:00:00 ; elapsed = 00:00:00.039 . Memory (MB): peak = 4264.172 ; gain = 0.000
INFO: [Project 1-111] Unisim Transformation Summary:
  A total of 1419 instances were transformed.
  DSP48E2 => DSP48E2 (DSP_ALU, DSP_A_B_DATA, DSP_C_DATA, DSP_MULTIPLIER, DSP_M_DATA, DSP_OUTPUT, DSP_PREADD, DSP_PREADD_DATA): 4 instances
  IBUF => IBUF (IBUFCTRL, INBUF): 1 instance 
  IBUFDS => IBUFDS (DIFFINBUF, IBUFCTRL): 1 instance 
  RAM16X1D => RAM32X1D (RAMD32(x2)): 20 instances
  RAM16X1S => RAM32X1S (RAMS32): 224 instances
  RAM256X1S => RAM256X1S (MUXF7(x2), MUXF8, RAMS64E(x4)): 9 instances
  RAM32M => RAM32M (RAMD32(x6), RAMS32(x2)): 41 instances
  RAM32M16 => RAM32M16 (RAMD32(x14), RAMS32(x2)): 216 instances
  RAM32X1D => RAM32X1D (RAMD32(x2)): 16 instances
  RAM64M => RAM64M (RAMD64E(x4)): 241 instances
  RAM64M8 => RAM64M8 (RAMD64E(x8)): 518 instances
  RAM64X1D => RAM64X1D (RAMD64E(x2)): 128 instances

16 Infos, 11 Warnings, 1 Critical Warnings and 0 Errors encountered.
link_design completed successfully
link_design: Time (s): cpu = 00:01:29 ; elapsed = 00:01:02 . Memory (MB): peak = 4264.172 ; gain = 3639.797
Command: opt_design
Attempting to get a license for feature 'Implementation' and/or device 'xcku5p'
INFO: [Common 17-349] Got license for feature 'Implementation' and/or device 'xcku5p'
Running DRC as a precondition to command opt_design

Starting DRC Task
INFO: [DRC 23-27] Running DRC with 8 threads
INFO: [Project 1-461] DRC finished with 0 Errors
INFO: [Project 1-462] Please refer to the DRC report (report_drc) for more information.

Time (s): cpu = 00:00:02 ; elapsed = 00:00:00.584 . Memory (MB): peak = 4264.172 ; gain = 0.000

Starting Cache Timing Information Task
INFO: [Timing 38-35] Done setting XDC timing constraints.
Ending Cache Timing Information Task | Checksum: 33e877c69

Time (s): cpu = 00:00:08 ; elapsed = 00:00:02 . Memory (MB): peak = 4264.172 ; gain = 0.000

Starting Logic Optimization Task

Phase 1 Initialization

Phase 1.1 Core Generation And Design Setup
Phase 1.1 Core Generation And Design Setup | Checksum: 33e877c69

Time (s): cpu = 00:00:01 ; elapsed = 00:00:00.086 . Memory (MB): peak = 4264.172 ; gain = 0.000

Phase 1.2 Setup Constraints And Sort Netlist
Phase 1.2 Setup Constraints And Sort Netlist | Checksum: 33e877c69

Time (s): cpu = 00:00:01 ; elapsed = 00:00:00.158 . Memory (MB): peak = 4264.172 ; gain = 0.000
Phase 1 Initialization | Checksum: 33e877c69

Time (s): cpu = 00:00:01 ; elapsed = 00:00:00.169 . Memory (MB): peak = 4264.172 ; gain = 0.000

Phase 2 Timer Update And Timing Data Collection

Phase 2.1 Detect if minReqCache needed
Phase 2.1 Detect if minReqCache needed | Checksum: 33e877c69

Time (s): cpu = 00:00:01 ; elapsed = 00:00:00.259 . Memory (MB): peak = 4264.172 ; gain = 0.000

Phase 2.2 Timer Update
Phase 2.2 Timer Update | Checksum: 33e877c69

Time (s): cpu = 00:00:05 ; elapsed = 00:00:01 . Memory (MB): peak = 4264.172 ; gain = 0.000

Phase 2.3 Timing Data Collection
Phase 2.3 Timing Data Collection | Checksum: 33e877c69

Time (s): cpu = 00:00:05 ; elapsed = 00:00:01 . Memory (MB): peak = 4264.172 ; gain = 0.000
Phase 2 Timer Update And Timing Data Collection | Checksum: 33e877c69

Time (s): cpu = 00:00:05 ; elapsed = 00:00:01 . Memory (MB): peak = 4264.172 ; gain = 0.000

Phase 3 Retarget
INFO: [Opt 31-1851] Number of loadless carry chains removed were: 0
INFO: [Opt 31-1834] Total Chains To Be Transformed Were: 0 AND Number of Transformed insts Created are: 0
INFO: [Opt 31-1566] Pulled 108 inverters resulting in an inversion of 1180 pins
INFO: [Opt 31-138] Pushed 72 inverter(s) to 42351 load pin(s).
INFO: [Opt 31-49] Retargeted 0 cell(s).
Phase 3 Retarget | Checksum: 22a1d97d5

Time (s): cpu = 00:00:09 ; elapsed = 00:00:05 . Memory (MB): peak = 4264.172 ; gain = 0.000
Retarget | Checksum: 22a1d97d5
INFO: [Opt 31-389] Phase Retarget created 586 cells and removed 1772 cells
INFO: [Opt 31-1021] In phase Retarget, 12 netlist objects are constrained preventing optimization. Please run opt_design with -debug_log to get more detail. 

Phase 4 Constant propagation
INFO: [Opt 31-138] Pushed 7 inverter(s) to 44 load pin(s).
Phase 4 Constant propagation | Checksum: 289154d64

Time (s): cpu = 00:00:10 ; elapsed = 00:00:06 . Memory (MB): peak = 4264.172 ; gain = 0.000
Constant propagation | Checksum: 289154d64
INFO: [Opt 31-389] Phase Constant propagation created 913 cells and removed 3136 cells
INFO: [Opt 31-1021] In phase Constant propagation, 40 netlist objects are constrained preventing optimization. Please run opt_design with -debug_log to get more detail. 

Phase 5 Sweep
INFO: [Constraints 18-11670] Building netlist checker database with flags, 0x8
Done building netlist checker database: Time (s): cpu = 00:00:01 ; elapsed = 00:00:00.057 . Memory (MB): peak = 4264.172 ; gain = 0.000
INFO: [Constraints 18-11670] Building netlist checker database with flags, 0x8
Done building netlist checker database: Time (s): cpu = 00:00:00 ; elapsed = 00:00:00.049 . Memory (MB): peak = 4264.172 ; gain = 0.000
Phase 5 Sweep | Checksum: 291d6d1ea

Time (s): cpu = 00:00:13 ; elapsed = 00:00:09 . Memory (MB): peak = 4264.172 ; gain = 0.000
Sweep | Checksum: 291d6d1ea
INFO: [Opt 31-389] Phase Sweep created 2 cells and removed 9981 cells
INFO: [Opt 31-1021] In phase Sweep, 144 netlist objects are constrained preventing optimization. Please run opt_design with -debug_log to get more detail. 

Phase 6 BUFG optimization
INFO: [Opt 31-1077] Phase BUFG optimization inserted 0 global clock buffer(s) for CLOCK_LOW_FANOUT.
Phase 6 BUFG optimization | Checksum: 291d6d1ea

Time (s): cpu = 00:00:15 ; elapsed = 00:00:10 . Memory (MB): peak = 4264.172 ; gain = 0.000
BUFG optimization | Checksum: 291d6d1ea
INFO: [Opt 31-662] Phase BUFG optimization created 0 cells of which 0 are BUFGs and removed 0 cells.

Phase 7 Shift Register Optimization
INFO: [Opt 31-1064] SRL Remap converted 0 SRLs to 0 registers and converted 0 registers of register chains to 0 SRLs
Phase 7 Shift Register Optimization | Checksum: 291d6d1ea

Time (s): cpu = 00:00:15 ; elapsed = 00:00:10 . Memory (MB): peak = 4264.172 ; gain = 0.000
Shift Register Optimization | Checksum: 291d6d1ea
INFO: [Opt 31-389] Phase Shift Register Optimization created 0 cells and removed 0 cells

Phase 8 Post Processing Netlist
INFO: [Opt 31-1566] Pulled 1 inverters resulting in an inversion of 2 pins
Phase 8 Post Processing Netlist | Checksum: 2d52b0440

Time (s): cpu = 00:00:15 ; elapsed = 00:00:11 . Memory (MB): peak = 4264.172 ; gain = 0.000
Post Processing Netlist | Checksum: 2d52b0440
INFO: [Opt 31-389] Phase Post Processing Netlist created 0 cells and removed 1 cells

Phase 9 Finalization

Phase 9.1 Finalizing Design Cores and Updating Shapes
Phase 9.1 Finalizing Design Cores and Updating Shapes | Checksum: 2788733ec

Time (s): cpu = 00:00:17 ; elapsed = 00:00:12 . Memory (MB): peak = 4264.172 ; gain = 0.000

Phase 9.2 Verifying Netlist Connectivity

Starting Connectivity Check Task

Time (s): cpu = 00:00:00 ; elapsed = 00:00:00.160 . Memory (MB): peak = 4264.172 ; gain = 0.000
Phase 9.2 Verifying Netlist Connectivity | Checksum: 2788733ec

Time (s): cpu = 00:00:17 ; elapsed = 00:00:12 . Memory (MB): peak = 4264.172 ; gain = 0.000
Phase 9 Finalization | Checksum: 2788733ec

Time (s): cpu = 00:00:17 ; elapsed = 00:00:12 . Memory (MB): peak = 4264.172 ; gain = 0.000
Opt_design Change Summary
=========================


-------------------------------------------------------------------------------------------------------------------------
|  Phase                        |  #Cells created  |  #Cells Removed  |  #Constrained objects preventing optimizations  |
-------------------------------------------------------------------------------------------------------------------------
|  Retarget                     |             586  |            1772  |                                             12  |
|  Constant propagation         |             913  |            3136  |                                             40  |
|  Sweep                        |               2  |            9981  |                                            144  |
|  BUFG optimization            |               0  |               0  |                                              0  |
|  Shift Register Optimization  |               0  |               0  |                                              0  |
|  Post Processing Netlist      |               0  |               1  |                                              0  |
-------------------------------------------------------------------------------------------------------------------------


Ending Logic Optimization Task | Checksum: 2788733ec

Time (s): cpu = 00:00:17 ; elapsed = 00:00:12 . Memory (MB): peak = 4264.172 ; gain = 0.000

Starting Power Optimization Task
INFO: [Pwropt 34-132] Skipping clock gating for clocks with a period < 2.00 ns.
INFO: [Timing 38-35] Done setting XDC timing constraints.
INFO: [Pwropt 34-9] Applying IDT optimizations ...
INFO: [Pwropt 34-10] Applying ODC optimizations ...
Running Vector-less Activity Propagation...

Finished Running Vector-less Activity Propagation


Starting PowerOpt Patch Enables Task
INFO: [Pwropt 34-162] WRITE_MODE attribute of 0 BRAM(s) out of a total of 379 has been updated to save power. Run report_power_opt to get a complete listing of the BRAMs updated.
INFO: [Pwropt 34-201] Structural ODC has moved 4 WE to EN ports
Number of BRAM Ports augmented: 266 newly gated: 40 Total Ports: 758
Ending PowerOpt Patch Enables Task | Checksum: 289f61671

Time (s): cpu = 00:00:01 ; elapsed = 00:00:01 . Memory (MB): peak = 4771.859 ; gain = 0.000
Ending Power Optimization Task | Checksum: 289f61671

Time (s): cpu = 00:01:05 ; elapsed = 00:00:24 . Memory (MB): peak = 4771.859 ; gain = 507.688

Starting Final Cleanup Task

Starting Logic Optimization Task
INFO: [Timing 38-35] Done setting XDC timing constraints.
Ending Logic Optimization Task | Checksum: 27b350794

Time (s): cpu = 00:00:13 ; elapsed = 00:00:05 . Memory (MB): peak = 4771.859 ; gain = 0.000
Ending Final Cleanup Task | Checksum: 27b350794

Time (s): cpu = 00:00:15 ; elapsed = 00:00:07 . Memory (MB): peak = 4771.859 ; gain = 0.000
Netlist sorting complete. Time (s): cpu = 00:00:00 ; elapsed = 00:00:00.045 . Memory (MB): peak = 4771.859 ; gain = 0.000
INFO: [Common 17-83] Releasing license: Implementation
49 Infos, 11 Warnings, 1 Critical Warnings and 0 Errors encountered.
opt_design completed successfully
opt_design: Time (s): cpu = 00:01:48 ; elapsed = 00:00:48 . Memory (MB): peak = 4771.859 ; gain = 507.688
INFO: [Vivado 12-24828] Executing command : report_drc -file wrapper_p4_drc_opted.rpt -pb wrapper_p4_drc_opted.pb -rpx wrapper_p4_drc_opted.rpx
Command: report_drc -file wrapper_p4_drc_opted.rpt -pb wrapper_p4_drc_opted.pb -rpx wrapper_p4_drc_opted.rpx
INFO: [IP_Flow 19-1839] IP Catalog is up to date.
INFO: [DRC 23-27] Running DRC with 8 threads
INFO: [Vivado_Tcl 2-168] The results of DRC are in file D:/repo/XCKU5PMini/udp_hls_10g/vivado_prj/p7b_ku5p_prj.runs/impl_1/wrapper_p4_drc_opted.rpt.
report_drc completed successfully
report_drc: Time (s): cpu = 00:00:11 ; elapsed = 00:00:05 . Memory (MB): peak = 4771.859 ; gain = 0.000
generate_parallel_reports: Time (s): cpu = 00:00:11 ; elapsed = 00:00:05 . Memory (MB): peak = 4771.859 ; gain = 0.000
INFO: [Timing 38-480] Writing timing data to binary archive.
Wrote PlaceDB: Time (s): cpu = 00:00:00 ; elapsed = 00:00:00.028 . Memory (MB): peak = 4771.859 ; gain = 0.000
Wrote PulsedLatchDB: Time (s): cpu = 00:00:00 ; elapsed = 00:00:00 . Memory (MB): peak = 4771.859 ; gain = 0.000
Writing XDEF routing.
Writing XDEF routing logical nets.
Write ShapeDB Complete: Time (s): cpu = 00:00:01 ; elapsed = 00:00:00.134 . Memory (MB): peak = 4771.859 ; gain = 0.000
Writing XDEF routing special nets.
Wrote RouteStorage: Time (s): cpu = 00:00:01 ; elapsed = 00:00:00.149 . Memory (MB): peak = 4771.859 ; gain = 0.000
Wrote Netlist Cache: Time (s): cpu = 00:00:00 ; elapsed = 00:00:00.002 . Memory (MB): peak = 4771.859 ; gain = 0.000
Wrote Device Cache: Time (s): cpu = 00:00:00 ; elapsed = 00:00:00.019 . Memory (MB): peak = 4771.859 ; gain = 0.000
Write Physdb Complete: Time (s): cpu = 00:00:01 ; elapsed = 00:00:00.211 . Memory (MB): peak = 4771.859 ; gain = 0.000
INFO: [Common 17-1381] The checkpoint 'D:/repo/XCKU5PMini/udp_hls_10g/vivado_prj/p7b_ku5p_prj.runs/impl_1/wrapper_p4_opt.dcp' has been generated.
write_checkpoint: Time (s): cpu = 00:00:09 ; elapsed = 00:00:05 . Memory (MB): peak = 4771.859 ; gain = 0.000
Command: place_design -directive ExtraTimingOpt
Attempting to get a license for feature 'Implementation' and/or device 'xcku5p'
INFO: [Common 17-349] Got license for feature 'Implementation' and/or device 'xcku5p'
INFO: [Common 17-83] Releasing license: Implementation
INFO: [DRC 23-27] Running DRC with 8 threads
INFO: [Vivado_Tcl 4-198] DRC finished with 0 Errors
INFO: [Vivado_Tcl 4-199] Please refer to the DRC report (report_drc) for more information.
INFO: [Timing 38-35] Done setting XDC timing constraints.
INFO: [Vivado_Tcl 4-2302] The placer was invoked with the 'ExtraTimingOpt' directive.
Running DRC as a precondition to command place_design
INFO: [DRC 23-27] Running DRC with 8 threads
INFO: [Vivado_Tcl 4-198] DRC finished with 0 Errors
INFO: [Vivado_Tcl 4-199] Please refer to the DRC report (report_drc) for more information.
INFO: [Place 30-611] Multithreading enabled for place_design using a maximum of 8 CPUs

Starting Placer Task

Phase 1 Placer Initialization

Phase 1.1 Placer Initialization Netlist Sorting
Netlist sorting complete. Time (s): cpu = 00:00:00 ; elapsed = 00:00:00.042 . Memory (MB): peak = 4771.859 ; gain = 0.000
Phase 1.1 Placer Initialization Netlist Sorting | Checksum: 17f5dcaee

Time (s): cpu = 00:00:00 ; elapsed = 00:00:00.069 . Memory (MB): peak = 4771.859 ; gain = 0.000
Netlist sorting complete. Time (s): cpu = 00:00:00 ; elapsed = 00:00:00.042 . Memory (MB): peak = 4771.859 ; gain = 0.000

Phase 1.2 IO Placement/ Clock Placement/ Build Placer Device
Phase 1.2 IO Placement/ Clock Placement/ Build Placer Device | Checksum: d48a0168

Time (s): cpu = 00:00:09 ; elapsed = 00:00:05 . Memory (MB): peak = 4771.859 ; gain = 0.000

Phase 1.3 Build Placer Netlist Model
Phase 1.3 Build Placer Netlist Model | Checksum: 13a8cacdf

Time (s): cpu = 00:00:48 ; elapsed = 00:00:23 . Memory (MB): peak = 4771.859 ; gain = 0.000

Phase 1.4 Constrain Clocks/Macros
Phase 1.4 Constrain Clocks/Macros | Checksum: 13a8cacdf

Time (s): cpu = 00:00:49 ; elapsed = 00:00:23 . Memory (MB): peak = 4771.859 ; gain = 0.000
Phase 1 Placer Initialization | Checksum: 13a8cacdf

Time (s): cpu = 00:00:49 ; elapsed = 00:00:23 . Memory (MB): peak = 4771.859 ; gain = 0.000

Phase 2 Global Placement

Phase 2.1 Floorplanning

Phase 2.1.1 Partition Driven Placement

Phase 2.1.1.1 PBP: Partition Driven Placement
Phase 2.1.1.1 PBP: Partition Driven Placement | Checksum: f305a58b

Time (s): cpu = 00:02:13 ; elapsed = 00:00:54 . Memory (MB): peak = 4771.859 ; gain = 0.000

Phase 2.1.1.2 PBP: Clock Region Placement
INFO: [Place 30-3162] Check ILP status : ILP-based clock placer completed successfully.
Phase 2.1.1.2 PBP: Clock Region Placement | Checksum: 20dbb3a7f

Time (s): cpu = 00:02:15 ; elapsed = 00:00:56 . Memory (MB): peak = 4771.859 ; gain = 0.000

Phase 2.1.1.3 PBP: Discrete Incremental
Phase 2.1.1.3 PBP: Discrete Incremental | Checksum: 225c1c167

Time (s): cpu = 00:02:16 ; elapsed = 00:00:56 . Memory (MB): peak = 4771.859 ; gain = 0.000

Phase 2.1.1.4 PBP: Compute Congestion
Phase 2.1.1.4 PBP: Compute Congestion | Checksum: 225c1c167

Time (s): cpu = 00:02:33 ; elapsed = 00:01:01 . Memory (MB): peak = 4995.754 ; gain = 223.895

Phase 2.1.1.5 PBP: Macro Placement
Phase 2.1.1.5 PBP: Macro Placement | Checksum: 15e5b814c

Time (s): cpu = 00:02:35 ; elapsed = 00:01:03 . Memory (MB): peak = 4995.754 ; gain = 223.895

Phase 2.1.1.6 PBP: UpdateTiming
Phase 2.1.1.6 PBP: UpdateTiming | Checksum: 202d0a502

Time (s): cpu = 00:02:47 ; elapsed = 00:01:07 . Memory (MB): peak = 4995.754 ; gain = 223.895

Phase 2.1.1.7 PBP: Add part constraints
Phase 2.1.1.7 PBP: Add part constraints | Checksum: 202d0a502

Time (s): cpu = 00:02:47 ; elapsed = 00:01:07 . Memory (MB): peak = 4995.754 ; gain = 223.895
Phase 2.1.1 Partition Driven Placement | Checksum: 202d0a502

Time (s): cpu = 00:02:47 ; elapsed = 00:01:07 . Memory (MB): peak = 4995.754 ; gain = 223.895
Phase 2.1 Floorplanning | Checksum: 1b631eb02

Time (s): cpu = 00:02:47 ; elapsed = 00:01:08 . Memory (MB): peak = 4995.754 ; gain = 223.895

Phase 2.2 Update Timing before SLR Path Opt
Phase 2.2 Update Timing before SLR Path Opt | Checksum: 1b631eb02

Time (s): cpu = 00:02:48 ; elapsed = 00:01:08 . Memory (MB): peak = 4995.754 ; gain = 223.895

Phase 2.3 Post-Processing in Floorplanning
Phase 2.3 Post-Processing in Floorplanning | Checksum: 1b2378e1a

Time (s): cpu = 00:02:48 ; elapsed = 00:01:08 . Memory (MB): peak = 4995.754 ; gain = 223.895

Phase 2.4 Global Place Phase1
Phase 2.4 Global Place Phase1 | Checksum: 134c2c74d

Time (s): cpu = 00:11:52 ; elapsed = 00:03:56 . Memory (MB): peak = 5471.855 ; gain = 699.996

Phase 2.5 Global Place Phase2

Phase 2.5.1 UpdateTiming Before Physical Synthesis
Phase 2.5.1 UpdateTiming Before Physical Synthesis | Checksum: 166040c23

Time (s): cpu = 00:12:02 ; elapsed = 00:03:59 . Memory (MB): peak = 5471.855 ; gain = 699.996

Phase 2.5.2 Physical Synthesis In Placer
INFO: [Physopt 32-1035] Found 912 LUTNM shape to break, 2114 LUT instances to create LUTNM shape
INFO: [Physopt 32-1044] Break lutnm for timing: one critical 233, two critical 679, total 912, new lutff created 23
INFO: [Physopt 32-1138] End 1 Pass. Optimized 1779 nets or LUTs. Breaked 912 LUTs, combined 867 existing LUTs and moved 0 existing LUT
INFO: [Physopt 32-1030] Pass 1. Identified 258 candidate driver sets for equivalent driver rewiring.
INFO: [Physopt 32-661] Optimized 148 nets.  Re-placed 561 instances.
INFO: [Physopt 32-775] End 1 Pass. Optimized 148 nets or cells. Created 2 new cells, deleted 88 existing cells and moved 561 existing cells
Netlist sorting complete. Time (s): cpu = 00:00:00 ; elapsed = 00:00:00.486 . Memory (MB): peak = 5471.855 ; gain = 0.000
INFO: [Physopt 32-1132] Very high fanout net 'u_tcp_echo/u_fifo/wptr_reg[0]_rep__1_0[0]' is not considered as a candidate in VHFN optimization. The fanout considered for this optimization is changed from 1015 to 126 due to a timing constraint or macro primitives that prevent optimization on all of the loads. To force replication, set the FORCE_MAX_FANOUT property on the net to a number less than 126.
INFO: [Physopt 32-1132] Very high fanout net 'u_tcp_echo/u_fifo/wptr_reg[1]_rep__0_0' is not considered as a candidate in VHFN optimization. The fanout considered for this optimization is changed from 1043 to 134 due to a timing constraint or macro primitives that prevent optimization on all of the loads. To force replication, set the FORCE_MAX_FANOUT property on the net to a number less than 134.
INFO: [Physopt 32-1132] Very high fanout net 'u_tcp_echo/u_fifo/wptr_reg[2]_rep__0_0' is not considered as a candidate in VHFN optimization. The fanout considered for this optimization is changed from 1038 to 129 due to a timing constraint or macro primitives that prevent optimization on all of the loads. To force replication, set the FORCE_MAX_FANOUT property on the net to a number less than 129.
INFO: [Physopt 32-1132] Very high fanout net 'u_tcp_echo/u_fifo/wptr_reg[3]_rep_0' is not considered as a candidate in VHFN optimization. The fanout considered for this optimization is changed from 1030 to 127 due to a timing constraint or macro primitives that prevent optimization on all of the loads. To force replication, set the FORCE_MAX_FANOUT property on the net to a number less than 127.
INFO: [Physopt 32-1132] Very high fanout net 'u_tcp_echo/u_fifo/ADDRH[0]' is not considered as a candidate in VHFN optimization. The fanout considered for this optimization is changed from 1157 to 134 due to a timing constraint or macro primitives that prevent optimization on all of the loads. To force replication, set the FORCE_MAX_FANOUT property on the net to a number less than 134.
INFO: [Physopt 32-1132] Very high fanout net 'u_tcp_echo/u_fifo/ADDRH[1]' is not considered as a candidate in VHFN optimization. The fanout considered for this optimization is changed from 1156 to 133 due to a timing constraint or macro primitives that prevent optimization on all of the loads. To force replication, set the FORCE_MAX_FANOUT property on the net to a number less than 133.
INFO: [Physopt 32-65] No nets found for high-fanout optimization.
INFO: [Physopt 32-232] Optimized 0 net. Created 0 new instance.
INFO: [Physopt 32-775] End 1 Pass. Optimized 0 net or cell. Created 0 new cell, deleted 0 existing cell and moved 0 existing cell
INFO: [Physopt 32-76] Pass 1. Identified 7 candidate nets for fanout optimization.
INFO: [Physopt 32-81] Processed net u_tcp_echo/u_fifo/Q[6]. Replicated 10 times.
INFO: [Physopt 32-81] Processed net u_tcp_echo/u_fifo/DI[0]. Replicated 7 times.
INFO: [Physopt 32-81] Processed net u_tcp_echo/u_fifo/wptr_reg[2]_rep_0. Replicated 5 times.
INFO: [Physopt 32-81] Processed net u_tcp_echo/u_fifo/Q[7]. Replicated 10 times.
INFO: [Physopt 32-81] Processed net u_tcp_echo/u_fifo/wptr_reg[1]_rep_0. Replicated 5 times.
INFO: [Physopt 32-81] Processed net u_tcp_echo/u_fifo/Q[3]. Replicated 4 times.
INFO: [Physopt 32-232] Optimized 6 nets. Created 41 new instances.
INFO: [Physopt 32-775] End 1 Pass. Optimized 6 nets or cells. Created 41 new cells, deleted 0 existing cell and moved 0 existing cell
Netlist sorting complete. Time (s): cpu = 00:00:00 ; elapsed = 00:00:00.105 . Memory (MB): peak = 5471.855 ; gain = 0.000
INFO: [Physopt 32-46] Identified 2 candidate nets for critical-cell optimization.
INFO: [Physopt 32-81] Processed net u_tcp_echo/u_fifo/wptr_reg[4]_rep__2_n_53. Replicated 1 times.
INFO: [Physopt 32-232] Optimized 1 net. Created 1 new instance.
INFO: [Physopt 32-775] End 1 Pass. Optimized 1 net or cell. Created 1 new cell, deleted 0 existing cell and moved 0 existing cell
Netlist sorting complete. Time (s): cpu = 00:00:00 ; elapsed = 00:00:00.053 . Memory (MB): peak = 5471.855 ; gain = 0.000
INFO: [Physopt 32-456] No candidate cells for DSP register optimization found in the design.
INFO: [Physopt 32-775] End 2 Pass. Optimized 0 net or cell. Created 0 new cell, deleted 0 existing cell and moved 0 existing cell
INFO: [Physopt 32-1123] No candidate cells found for Shift Register to Pipeline optimization
INFO: [Physopt 32-775] End 2 Pass. Optimized 0 net or cell. Created 0 new cell, deleted 0 existing cell and moved 0 existing cell
INFO: [Physopt 32-1401] No candidate cells found for Shift Register optimization.
INFO: [Physopt 32-677] No candidate cells for Shift Register optimization found in the design
INFO: [Physopt 32-775] End 1 Pass. Optimized 0 net or cell. Created 0 new cell, deleted 0 existing cell and moved 0 existing cell
INFO: [Physopt 32-526] No candidate cells for BRAM register optimization found in the design
INFO: [Physopt 32-775] End 1 Pass. Optimized 0 net or cell. Created 0 new cell, deleted 0 existing cell and moved 0 existing cell
INFO: [Physopt 32-846] No candidate cells for URAM register optimization found in the design
INFO: [Physopt 32-775] End 1 Pass. Optimized 0 net or cell. Created 0 new cell, deleted 0 existing cell and moved 0 existing cell
INFO: [Physopt 32-846] No candidate cells for URAM register optimization found in the design
INFO: [Physopt 32-775] End 1 Pass. Optimized 0 net or cell. Created 0 new cell, deleted 0 existing cell and moved 0 existing cell
INFO: [Physopt 32-949] No candidate nets found for dynamic/static region interface net replication
INFO: [Physopt 32-775] End 1 Pass. Optimized 0 net or cell. Created 0 new cell, deleted 0 existing cell and moved 0 existing cell
Netlist sorting complete. Time (s): cpu = 00:00:00 ; elapsed = 00:00:00.044 . Memory (MB): peak = 5471.855 ; gain = 0.000

Summary of Physical Synthesis Optimizations
============================================


-----------------------------------------------------------------------------------------------------------------------------------------------------------
|  Optimization                                     |  Added Cells  |  Removed Cells  |  Optimized Cells/Nets  |  Dont Touch  |  Iterations  |  Elapsed   |
-----------------------------------------------------------------------------------------------------------------------------------------------------------
|  LUT Combining                                    |          912  |            867  |                  1779  |           0  |           1  |  00:00:02  |
|  Retime                                           |            0  |              0  |                     0  |           0  |           1  |  00:00:00  |
|  Equivalent Driver Rewiring                       |            2  |             88  |                   148  |           2  |           1  |  00:00:10  |
|  Very High Fanout                                 |            0  |              0  |                     0  |           0  |           1  |  00:00:00  |
|  Fanout                                           |           41  |              0  |                     6  |           0  |           1  |  00:00:01  |
|  Critical Cell                                    |            1  |              0  |                     1  |           0  |           1  |  00:00:00  |
|  DSP Register                                     |            0  |              0  |                     0  |           0  |           1  |  00:00:00  |
|  Shift Register to Pipeline                       |            0  |              0  |                     0  |           0  |           1  |  00:00:00  |
|  Shift Register                                   |            0  |              0  |                     0  |           0  |           1  |  00:00:00  |
|  BRAM Register                                    |            0  |              0  |                     0  |           0  |           1  |  00:00:00  |
|  URAM Register                                    |            0  |              0  |                     0  |           0  |           1  |  00:00:00  |
|  Dynamic/Static Region Interface Net Replication  |            0  |              0  |                     0  |           0  |           1  |  00:00:00  |
|  Total                                            |          956  |            955  |                  1934  |           2  |          12  |  00:00:13  |
-----------------------------------------------------------------------------------------------------------------------------------------------------------


Phase 2.5.2 Physical Synthesis In Placer | Checksum: 20926cc7c

Time (s): cpu = 00:12:26 ; elapsed = 00:04:19 . Memory (MB): peak = 5471.855 ; gain = 699.996
Phase 2.5 Global Place Phase2 | Checksum: 1d5857b95

Time (s): cpu = 00:12:49 ; elapsed = 00:04:26 . Memory (MB): peak = 5471.855 ; gain = 699.996
Phase 2 Global Placement | Checksum: 1d5857b95

Time (s): cpu = 00:12:49 ; elapsed = 00:04:26 . Memory (MB): peak = 5471.855 ; gain = 699.996

Phase 3 Detail Placement

Phase 3.1 Commit Multi Column Macros
Phase 3.1 Commit Multi Column Macros | Checksum: 183866c34

Time (s): cpu = 00:13:16 ; elapsed = 00:04:35 . Memory (MB): peak = 5471.855 ; gain = 699.996

Phase 3.2 Commit Most Macros & LUTRAMs
Phase 3.2 Commit Most Macros & LUTRAMs | Checksum: 29f59826d

Time (s): cpu = 00:13:30 ; elapsed = 00:04:42 . Memory (MB): peak = 5471.855 ; gain = 699.996

Phase 3.3 Small Shape DP

Phase 3.3.1 Small Shape Clustering
Phase 3.3.1 Small Shape Clustering | Checksum: 31f48335a

Time (s): cpu = 00:14:36 ; elapsed = 00:05:05 . Memory (MB): peak = 5471.855 ; gain = 699.996

Phase 3.3.2 Slice Area Swap

Phase 3.3.2.1 Slice Area Swap Initial
Phase 3.3.2.1 Slice Area Swap Initial | Checksum: 2666581db

Time (s): cpu = 00:15:05 ; elapsed = 00:05:21 . Memory (MB): peak = 5471.855 ; gain = 699.996
Phase 3.3.2 Slice Area Swap | Checksum: 2666581db

Time (s): cpu = 00:15:05 ; elapsed = 00:05:21 . Memory (MB): peak = 5471.855 ; gain = 699.996
Phase 3.3 Small Shape DP | Checksum: 28a268205

Time (s): cpu = 00:15:58 ; elapsed = 00:05:36 . Memory (MB): peak = 5475.742 ; gain = 703.883

Phase 3.4 Re-assign LUT pins
Phase 3.4 Re-assign LUT pins | Checksum: 265b97db2

Time (s): cpu = 00:16:04 ; elapsed = 00:05:42 . Memory (MB): peak = 5475.742 ; gain = 703.883

Phase 3.5 Pipeline Register Optimization
Phase 3.5 Pipeline Register Optimization | Checksum: 24bcfe1a8

Time (s): cpu = 00:16:05 ; elapsed = 00:05:43 . Memory (MB): peak = 5475.742 ; gain = 703.883

Phase 3.6 Fast Optimization
Phase 3.6 Fast Optimization | Checksum: 21b22d6a7

Time (s): cpu = 00:17:05 ; elapsed = 00:06:02 . Memory (MB): peak = 5475.742 ; gain = 703.883
Phase 3 Detail Placement | Checksum: 21b22d6a7

Time (s): cpu = 00:17:06 ; elapsed = 00:06:02 . Memory (MB): peak = 5475.742 ; gain = 703.883

Phase 4 Post Placement Optimization and Clean-Up

Phase 4.1 Post Commit Optimization
INFO: [Timing 38-35] Done setting XDC timing constraints.

Phase 4.1.1 Post Placement Optimization
Post Placement Optimization Initialization | Checksum: 26962a60a

Phase 4.1.1.1 BUFG Insertion

Starting Physical Synthesis Task

Phase 1 Physical Synthesis Initialization
INFO: [Physopt 32-721] Multithreading enabled for phys_opt_design using a maximum of 8 CPUs
INFO: [Physopt 32-619] Estimated Timing Summary | WNS=-0.532 | TNS=-113.976 |
Phase 1 Physical Synthesis Initialization | Checksum: 16329271e

Time (s): cpu = 00:00:03 ; elapsed = 00:00:00.815 . Memory (MB): peak = 5546.805 ; gain = 0.000
INFO: [Place 46-35] Processed net u_clkgen/rel_sr[3], inserted BUFG to drive 18161 loads.
INFO: [Place 46-35] Processed net u_clkgen/rel_sr_reg[3]_0, inserted BUFG to drive 16358 loads.
INFO: [Place 46-34] Processed net u_pcie_xdma/inst/pcie4_ip_i/inst/user_reset, BUFG insertion was skipped due to possible timing degradation.
INFO: [Place 46-34] Processed net u_snap_seq/E[0], BUFG insertion was skipped due to possible timing degradation.
INFO: [Place 46-34] Processed net u_snap_seq/dout[1151]_i_1_n_53, BUFG insertion was skipped due to possible timing degradation.
INFO: [Place 46-56] BUFG insertion identified 5 candidate nets. Inserted BUFG: 2, Replicated BUFG Driver: 0, Skipped due to Placement/Routing Conflicts: 0, Skipped due to Timing Degradation: 3, Skipped due to netlist editing failed: 0.
Ending Physical Synthesis Task | Checksum: 2890571c5

Time (s): cpu = 00:00:12 ; elapsed = 00:00:08 . Memory (MB): peak = 5546.805 ; gain = 0.000
Phase 4.1.1.1 BUFG Insertion | Checksum: 1c47cc64d

Time (s): cpu = 00:18:18 ; elapsed = 00:06:30 . Memory (MB): peak = 5546.805 ; gain = 774.945

Phase 4.1.1.2 Post Placement Timing Optimization
INFO: [Place 30-746] Post Placement Timing Summary WNS=0.188. For the most accurate timing information please run report_timing.
Phase 4.1.1.2 Post Placement Timing Optimization | Checksum: 21aac92ec

Time (s): cpu = 00:19:45 ; elapsed = 00:07:52 . Memory (MB): peak = 5546.805 ; gain = 774.945

Time (s): cpu = 00:19:45 ; elapsed = 00:07:52 . Memory (MB): peak = 5546.805 ; gain = 774.945
Phase 4.1 Post Commit Optimization | Checksum: 21aac92ec

Time (s): cpu = 00:19:46 ; elapsed = 00:07:52 . Memory (MB): peak = 5546.805 ; gain = 774.945
Netlist sorting complete. Time (s): cpu = 00:00:00 ; elapsed = 00:00:00.260 . Memory (MB): peak = 5546.805 ; gain = 0.000

Phase 4.2 Post Placement Cleanup
Phase 4.2 Post Placement Cleanup | Checksum: 252e646ea

Time (s): cpu = 00:20:08 ; elapsed = 00:08:01 . Memory (MB): peak = 5546.805 ; gain = 774.945

Phase 4.3 Placer Reporting

Phase 4.3.1 Print Estimated Congestion
INFO: [Place 30-612] Post-Placement Estimated Congestion 
 ________________________________________________________________________
|           | Global Congestion | Long Congestion   | Short Congestion  |
| Direction | Region Size       | Region Size       | Region Size       |
|___________|___________________|___________________|___________________|
|      North|                2x2|                4x4|                8x8|
|___________|___________________|___________________|___________________|
|      South|                2x2|                4x4|                8x8|
|___________|___________________|___________________|___________________|
|       East|                2x2|                1x1|                8x8|
|___________|___________________|___________________|___________________|
|       West|                8x8|              16x16|                8x8|
|___________|___________________|___________________|___________________|

Phase 4.3.1 Print Estimated Congestion | Checksum: 252e646ea

Time (s): cpu = 00:20:09 ; elapsed = 00:08:01 . Memory (MB): peak = 5546.805 ; gain = 774.945
Phase 4.3 Placer Reporting | Checksum: 252e646ea

Time (s): cpu = 00:20:09 ; elapsed = 00:08:01 . Memory (MB): peak = 5546.805 ; gain = 774.945

Phase 4.4 Final Placement Cleanup
Netlist sorting complete. Time (s): cpu = 00:00:00 ; elapsed = 00:00:00.046 . Memory (MB): peak = 5546.805 ; gain = 0.000

Time (s): cpu = 00:20:09 ; elapsed = 00:08:02 . Memory (MB): peak = 5546.805 ; gain = 774.945
Phase 4 Post Placement Optimization and Clean-Up | Checksum: 21a073056

Time (s): cpu = 00:20:10 ; elapsed = 00:08:02 . Memory (MB): peak = 5546.805 ; gain = 774.945
Ending Placer Task | Checksum: 1b722f582

Time (s): cpu = 00:20:11 ; elapsed = 00:08:02 . Memory (MB): peak = 5546.805 ; gain = 774.945
121 Infos, 11 Warnings, 1 Critical Warnings and 0 Errors encountered.
place_design completed successfully
place_design: Time (s): cpu = 00:20:26 ; elapsed = 00:08:07 . Memory (MB): peak = 5546.805 ; gain = 774.945
INFO: [Vivado 12-24838] Running report commands "report_control_sets, report_io, report_utilization" in parallel.
Running report generation with 3 threads.
INFO: [Vivado 12-24828] Executing command : report_io -file wrapper_p4_io_placed.rpt
report_io: Time (s): cpu = 00:00:00 ; elapsed = 00:00:00.113 . Memory (MB): peak = 5546.805 ; gain = 0.000
INFO: [Vivado 12-24828] Executing command : report_control_sets -verbose -file wrapper_p4_control_sets_placed.rpt
report_control_sets: Time (s): cpu = 00:00:01 ; elapsed = 00:00:00.356 . Memory (MB): peak = 5546.805 ; gain = 0.000
INFO: [Vivado 12-24828] Executing command : report_utilization -file wrapper_p4_utilization_placed.rpt -pb wrapper_p4_utilization_placed.pb
INFO: [Timing 38-480] Writing timing data to binary archive.
Write ShapeDB Complete: Time (s): cpu = 00:00:00 ; elapsed = 00:00:00.191 . Memory (MB): peak = 5546.805 ; gain = 0.000
Wrote PlaceDB: Time (s): cpu = 00:00:10 ; elapsed = 00:00:04 . Memory (MB): peak = 5546.805 ; gain = 0.000
Wrote PulsedLatchDB: Time (s): cpu = 00:00:00 ; elapsed = 00:00:00 . Memory (MB): peak = 5546.805 ; gain = 0.000
Writing XDEF routing.
Writing XDEF routing logical nets.
Writing XDEF routing special nets.
Wrote RouteStorage: Time (s): cpu = 00:00:00 ; elapsed = 00:00:00.135 . Memory (MB): peak = 5546.805 ; gain = 0.000
Wrote Netlist Cache: Time (s): cpu = 00:00:00 ; elapsed = 00:00:00.137 . Memory (MB): peak = 5546.805 ; gain = 0.000
Wrote Device Cache: Time (s): cpu = 00:00:00 ; elapsed = 00:00:00.016 . Memory (MB): peak = 5546.805 ; gain = 0.000
Write Physdb Complete: Time (s): cpu = 00:00:10 ; elapsed = 00:00:05 . Memory (MB): peak = 5546.805 ; gain = 0.000
INFO: [Common 17-1381] The checkpoint 'D:/repo/XCKU5PMini/udp_hls_10g/vivado_prj/p7b_ku5p_prj.runs/impl_1/wrapper_p4_placed.dcp' has been generated.
write_checkpoint: Time (s): cpu = 00:00:13 ; elapsed = 00:00:08 . Memory (MB): peak = 5546.805 ; gain = 0.000
Command: phys_opt_design -directive Explore
Attempting to get a license for feature 'Implementation' and/or device 'xcku5p'
INFO: [Common 17-349] Got license for feature 'Implementation' and/or device 'xcku5p'
INFO: [Vivado_Tcl 4-137] Directive used for phys_opt_design is: Explore

Starting Initial Update Timing Task

Time (s): cpu = 00:00:35 ; elapsed = 00:00:10 . Memory (MB): peak = 5546.805 ; gain = 0.000
INFO: [Vivado_Tcl 4-2279] Estimated Timing Summary | WNS= 0.188 | TNS= 0.000 | 
INFO: [Vivado_Tcl 4-383] Design worst setup slack (WNS) is greater than or equal to 0.000 ns. All physical synthesis setup optimizations will be skipped.
INFO: [Vivado_Tcl 4-232] No setup violation found. The netlist was not modified.
INFO: [Common 17-83] Releasing license: Implementation
133 Infos, 11 Warnings, 1 Critical Warnings and 0 Errors encountered.
phys_opt_design completed successfully
phys_opt_design: Time (s): cpu = 00:00:37 ; elapsed = 00:00:11 . Memory (MB): peak = 5546.805 ; gain = 0.000
INFO: [Timing 38-480] Writing timing data to binary archive.
Write ShapeDB Complete: Time (s): cpu = 00:00:01 ; elapsed = 00:00:00.186 . Memory (MB): peak = 5546.805 ; gain = 0.000
Wrote PlaceDB: Time (s): cpu = 00:00:11 ; elapsed = 00:00:04 . Memory (MB): peak = 5546.805 ; gain = 0.000
Wrote PulsedLatchDB: Time (s): cpu = 00:00:00 ; elapsed = 00:00:00 . Memory (MB): peak = 5546.805 ; gain = 0.000
Writing XDEF routing.
Writing XDEF routing logical nets.
Writing XDEF routing special nets.
Wrote RouteStorage: Time (s): cpu = 00:00:00 ; elapsed = 00:00:00.114 . Memory (MB): peak = 5546.805 ; gain = 0.000
Wrote Netlist Cache: Time (s): cpu = 00:00:00 ; elapsed = 00:00:00.194 . Memory (MB): peak = 5546.805 ; gain = 0.000
Wrote Device Cache: Time (s): cpu = 00:00:00 ; elapsed = 00:00:00.025 . Memory (MB): peak = 5546.805 ; gain = 0.000
Write Physdb Complete: Time (s): cpu = 00:00:11 ; elapsed = 00:00:05 . Memory (MB): peak = 5546.805 ; gain = 0.000
INFO: [Common 17-1381] The checkpoint 'D:/repo/XCKU5PMini/udp_hls_10g/vivado_prj/p7b_ku5p_prj.runs/impl_1/wrapper_p4_physopt.dcp' has been generated.
write_checkpoint: Time (s): cpu = 00:00:13 ; elapsed = 00:00:08 . Memory (MB): peak = 5546.805 ; gain = 0.000
Command: route_design -directive NoTimingRelaxation
Attempting to get a license for feature 'Implementation' and/or device 'xcku5p'
INFO: [Common 17-349] Got license for feature 'Implementation' and/or device 'xcku5p'


Starting Routing Task
INFO: [Route 35-270] Using Router directive 'NoTimingRelaxation'.
INFO: [Route 35-254] Multithreading enabled for route_design using a maximum of 8 CPUs

Phase 1 Build RT Design
Checksum: PlaceDB: 665b653c ConstDB: 0 ShapeSum: 61e6e8ec RouteDB: eee0a75a
Nodegraph reading from file.  Time (s): cpu = 00:00:00 ; elapsed = 00:00:00.432 . Memory (MB): peak = 5546.805 ; gain = 0.000
Post Restoration Checksum: NetGraph: 5a7b83f7 | NumContArr: 2199c643 | Constraints: 6f52c12d | Timing: c2a8fa9d
Phase 1 Build RT Design | Checksum: 1ae110604

Time (s): cpu = 00:00:39 ; elapsed = 00:00:08 . Memory (MB): peak = 5546.805 ; gain = 0.000

Phase 2 Router Initialization

Phase 2.1 Fix Topology Constraints
Phase 2.1 Fix Topology Constraints | Checksum: 1ae110604

Time (s): cpu = 00:00:39 ; elapsed = 00:00:08 . Memory (MB): peak = 5546.805 ; gain = 0.000

Phase 2.2 Pre Route Cleanup
Phase 2.2 Pre Route Cleanup | Checksum: 1ae110604

Time (s): cpu = 00:00:40 ; elapsed = 00:00:08 . Memory (MB): peak = 5546.805 ; gain = 0.000

Phase 2.3 Global Clock Net Routing
 Number of Nodes with overlaps = 0
Phase 2.3 Global Clock Net Routing | Checksum: 279161522

Time (s): cpu = 00:00:46 ; elapsed = 00:00:13 . Memory (MB): peak = 5546.805 ; gain = 0.000

Phase 2.4 Update Timing
Phase 2.4 Update Timing | Checksum: 2d401d0ca

Time (s): cpu = 00:01:07 ; elapsed = 00:00:20 . Memory (MB): peak = 5546.805 ; gain = 0.000
INFO: [Route 35-416] Intermediate Timing Summary | WNS=0.233  | TNS=0.000  | WHS=-0.303 | THS=-238.673|


Phase 2.5 Soft Constraint Pins - Fast Budgeting
Phase 2.5 Soft Constraint Pins - Fast Budgeting | Checksum: 32e7b027b

Time (s): cpu = 00:01:34 ; elapsed = 00:00:28 . Memory (MB): peak = 5546.805 ; gain = 0.000

Router Utilization Summary
  Global Vertical Routing Utilization    = 0.00329052 %
  Global Horizontal Routing Utilization  = 0.000429997 %
  Routable Net Status*
  *Does not include unroutable nets such as driverless and loadless.
  Run report_route_status for detailed report.
  Number of Failed Nets               = 130541
    (Failed Nets is the sum of unrouted and partially routed nets)
  Number of Unrouted Nets             = 99164
  Number of Partially Routed Nets     = 31377
  Number of Node Overlaps             = 0

Phase 2 Router Initialization | Checksum: 241dbe5bf

Time (s): cpu = 00:01:37 ; elapsed = 00:00:29 . Memory (MB): peak = 5546.805 ; gain = 0.000

Phase 3 Global Routing
Phase 3 Global Routing | Checksum: 241dbe5bf

Time (s): cpu = 00:01:37 ; elapsed = 00:00:29 . Memory (MB): peak = 5546.805 ; gain = 0.000

Phase 4 Initial Routing

Phase 4.1 Initial Net Routing Pass
Phase 4.1 Initial Net Routing Pass | Checksum: 1d6c137a6

Time (s): cpu = 00:02:10 ; elapsed = 00:00:41 . Memory (MB): peak = 5546.805 ; gain = 0.000
Phase 4 Initial Routing | Checksum: 2110d3e9f

Time (s): cpu = 00:02:12 ; elapsed = 00:00:42 . Memory (MB): peak = 5546.805 ; gain = 0.000

INFO: [Route 35-449] Initial Estimated Congestion
 ________________________________________________________________________
|           | Global Congestion | Long Congestion   | Short Congestion  |
|           |___________________|___________________|___________________|
| Direction | Size   | % Tiles  | Size   | % Tiles  | Size   | % Tiles  |
|___________|________|__________|________|__________|________|__________|
|      NORTH|     8x8|      0.54|     8x8|      1.09|   16x16|      1.19|
|___________|________|__________|________|__________|________|__________|
|      SOUTH|     8x8|      0.40|     8x8|      0.78|     8x8|      0.68|
|___________|________|__________|________|__________|________|__________|
|       EAST|     8x8|      0.36|     4x4|      0.39|   16x16|      1.44|
|___________|________|__________|________|__________|________|__________|
|       WEST|   16x16|      1.09|   16x16|      2.02|   16x16|      1.27|
|___________|________|__________|________|__________|________|__________|
Congestion Report
GLOBAL Congestion bounded by tiles (Lower Left Tile -> Upper Right Tile):
WEST
	INT_X39Y100->INT_X54Y115 (BRAM_X39Y100->CLEL_R_X54Y115)
	INT_X39Y99->INT_X54Y114 (BRAM_X39Y95->CLEL_R_X54Y114)
	INT_X39Y98->INT_X54Y113 (BRAM_X39Y95->CLEL_R_X54Y113)
	INT_X39Y97->INT_X54Y112 (BRAM_X39Y95->CLEL_R_X54Y112)
LONG Congestion bounded by tiles (Lower Left Tile -> Upper Right Tile):
WEST
	INT_X34Y100->INT_X57Y115 (CLEM_X34Y100->CLEL_R_X57Y115)
	INT_X32Y96->INT_X47Y111 (CLEM_X32Y96->CLEL_R_X47Y111)
	INT_X32Y102->INT_X47Y117 (CLEM_X32Y102->CLEL_R_X47Y117)
	INT_X32Y101->INT_X47Y116 (CLEM_X32Y101->CLEL_R_X47Y116)
	INT_X32Y100->INT_X47Y115 (CLEM_X32Y100->CLEL_R_X47Y115)
SHORT Congestion bounded by tiles (Lower Left Tile -> Upper Right Tile):
NORTH
	INT_X49Y98->INT_X56Y113 (CLEM_X49Y98->CLEL_R_X56Y113)
	INT_X48Y104->INT_X55Y111 (CLEM_X48Y104->CLEL_R_X55Y111)
	INT_X32Y24->INT_X39Y31 (CLEM_X32Y24->CLEL_R_X39Y31)
	INT_X32Y23->INT_X39Y30 (CLEM_X32Y23->CLEL_R_X39Y30)
	INT_X48Y103->INT_X55Y110 (CLEM_X48Y103->CLEL_R_X55Y110)
EAST
	INT_X56Y6->INT_X63Y21 (CLEM_X56Y6->CLEL_R_X63Y21)
	INT_X56Y8->INT_X63Y15 (CLEM_X56Y8->CLEL_R_X63Y15)
	INT_X56Y7->INT_X63Y14 (CLEM_X56Y7->CLEL_R_X63Y14)
	INT_X56Y14->INT_X63Y21 (CLEM_X56Y14->CLEL_R_X63Y21)
	INT_X56Y6->INT_X63Y13 (CLEM_X56Y6->CLEL_R_X63Y13)
WEST
	INT_X48Y100->INT_X55Y115 (CLEM_X48Y100->CLEL_R_X55Y115)
	INT_X48Y104->INT_X55Y111 (CLEM_X48Y104->CLEL_R_X55Y111)
	INT_X32Y24->INT_X39Y31 (CLEM_X32Y24->CLEL_R_X39Y31)
	INT_X32Y23->INT_X39Y30 (CLEM_X32Y23->CLEL_R_X39Y30)
	INT_X48Y103->INT_X55Y110 (CLEM_X48Y103->CLEL_R_X55Y110)

Phase 5 Rip-up And Reroute

Phase 5.1 Global Iteration 0
 Number of Nodes with overlaps = 34835
 Number of Nodes with overlaps = 4209
 Number of Nodes with overlaps = 1035
 Number of Nodes with overlaps = 336
 Number of Nodes with overlaps = 133
 Number of Nodes with overlaps = 59
 Number of Nodes with overlaps = 32
 Number of Nodes with overlaps = 21
 Number of Nodes with overlaps = 15
 Number of Nodes with overlaps = 9
 Number of Nodes with overlaps = 6
 Number of Nodes with overlaps = 3
 Number of Nodes with overlaps = 2
 Number of Nodes with overlaps = 2
 Number of Nodes with overlaps = 2
 Number of Nodes with overlaps = 2
 Number of Nodes with overlaps = 1
 Number of Nodes with overlaps = 1
 Number of Nodes with overlaps = 0
INFO: [Route 35-416] Intermediate Timing Summary | WNS=-0.350 | TNS=-16.512| WHS=-0.047 | THS=-1.246 |

Phase 5.1 Global Iteration 0 | Checksum: 1ea2b5bea

Time (s): cpu = 00:06:46 ; elapsed = 00:02:35 . Memory (MB): peak = 5546.805 ; gain = 0.000

Phase 5.2 Global Iteration 1
 Number of Nodes with overlaps = 2580
 Number of Nodes with overlaps = 431
 Number of Nodes with overlaps = 95
 Number of Nodes with overlaps = 37
 Number of Nodes with overlaps = 18
 Number of Nodes with overlaps = 10
 Number of Nodes with overlaps = 8
 Number of Nodes with overlaps = 4
 Number of Nodes with overlaps = 2
 Number of Nodes with overlaps = 2
 Number of Nodes with overlaps = 1
 Number of Nodes with overlaps = 1
 Number of Nodes with overlaps = 1
 Number of Nodes with overlaps = 1
 Number of Nodes with overlaps = 1
 Number of Nodes with overlaps = 0
INFO: [Route 35-416] Intermediate Timing Summary | WNS=-0.245 | TNS=-2.005 | WHS=N/A    | THS=N/A    |

Phase 5.2 Global Iteration 1 | Checksum: 2990cd488

Time (s): cpu = 00:08:13 ; elapsed = 00:03:21 . Memory (MB): peak = 5546.805 ; gain = 0.000

Phase 5.3 Global Iteration 2
 Number of Nodes with overlaps = 1976
 Number of Nodes with overlaps = 324
 Number of Nodes with overlaps = 115
 Number of Nodes with overlaps = 58
 Number of Nodes with overlaps = 25
 Number of Nodes with overlaps = 15
 Number of Nodes with overlaps = 10
 Number of Nodes with overlaps = 6
 Number of Nodes with overlaps = 5
 Number of Nodes with overlaps = 3
 Number of Nodes with overlaps = 3
 Number of Nodes with overlaps = 3
 Number of Nodes with overlaps = 4
 Number of Nodes with overlaps = 4
 Number of Nodes with overlaps = 1
 Number of Nodes with overlaps = 0
INFO: [Route 35-416] Intermediate Timing Summary | WNS=-0.102 | TNS=-0.260 | WHS=N/A    | THS=N/A    |

Phase 5.3 Global Iteration 2 | Checksum: 302c573cd

Time (s): cpu = 00:09:31 ; elapsed = 00:04:00 . Memory (MB): peak = 5546.805 ; gain = 0.000

Phase 5.4 Global Iteration 3
 Number of Nodes with overlaps = 1699
 Number of Nodes with overlaps = 206
 Number of Nodes with overlaps = 60
 Number of Nodes with overlaps = 18
 Number of Nodes with overlaps = 6
 Number of Nodes with overlaps = 2
 Number of Nodes with overlaps = 3
 Number of Nodes with overlaps = 2
 Number of Nodes with overlaps = 1
 Number of Nodes with overlaps = 0
INFO: [Route 35-416] Intermediate Timing Summary | WNS=-0.213 | TNS=-1.114 | WHS=N/A    | THS=N/A    |

Phase 5.4 Global Iteration 3 | Checksum: 260696bb3

Time (s): cpu = 00:10:14 ; elapsed = 00:04:23 . Memory (MB): peak = 5546.805 ; gain = 0.000
Phase 5 Rip-up And Reroute | Checksum: 260696bb3

Time (s): cpu = 00:10:14 ; elapsed = 00:04:23 . Memory (MB): peak = 5546.805 ; gain = 0.000

Phase 6 Delay and Skew Optimization

Phase 6.1 Delay CleanUp
INFO: [Route 35-416] Intermediate Timing Summary | WNS=-0.102 | TNS=-0.260 | WHS=0.010  | THS=0.000  |

INFO: [Route 35-416] Intermediate Timing Summary | WNS=-0.102 | TNS=-0.260 | WHS=0.010  | THS=0.000  |

 Number of Nodes with overlaps = 0
Phase 6.1 Delay CleanUp | Checksum: 1e38ad5a9

Time (s): cpu = 00:10:39 ; elapsed = 00:04:29 . Memory (MB): peak = 5546.805 ; gain = 0.000

Phase 6.2 Clock Skew Optimization
Phase 6.2 Clock Skew Optimization | Checksum: 1e38ad5a9

Time (s): cpu = 00:10:39 ; elapsed = 00:04:29 . Memory (MB): peak = 5546.805 ; gain = 0.000
Phase 6 Delay and Skew Optimization | Checksum: 1e38ad5a9

Time (s): cpu = 00:10:39 ; elapsed = 00:04:29 . Memory (MB): peak = 5546.805 ; gain = 0.000

Phase 7 Post Hold Fix

Phase 7.1 Hold Fix Iter
INFO: [Route 35-416] Intermediate Timing Summary | WNS=-0.102 | TNS=-0.260 | WHS=0.010  | THS=0.000  |

Phase 7.1 Hold Fix Iter | Checksum: 163305f29

Time (s): cpu = 00:10:54 ; elapsed = 00:04:33 . Memory (MB): peak = 5546.805 ; gain = 0.000
Phase 7 Post Hold Fix | Checksum: 163305f29

Time (s): cpu = 00:10:55 ; elapsed = 00:04:33 . Memory (MB): peak = 5546.805 ; gain = 0.000

Phase 8 Route finalize

Router Utilization Summary
  Global Vertical Routing Utilization    = 13.958 %
  Global Horizontal Routing Utilization  = 15.5103 %
  Routable Net Status*
  *Does not include unroutable nets such as driverless and loadless.
  Run report_route_status for detailed report.
  Number of Failed Nets               = 0
    (Failed Nets is the sum of unrouted and partially routed nets)
  Number of Unrouted Nets             = 0
  Number of Partially Routed Nets     = 0
  Number of Node Overlaps             = 0


--GLOBAL Congestion:
Utilization threshold used for congestion level computation: 0.85
Congestion Report
North Dir 2x2 Area, Max Cong = 86.9718%, Congestion bounded by tiles (Lower Left Tile -> Upper Right Tile):
   INT_X54Y106 -> INT_X55Y107
South Dir 2x2 Area, Max Cong = 85.4265%, Congestion bounded by tiles (Lower Left Tile -> Upper Right Tile):
   INT_X54Y106 -> INT_X55Y107
East Dir 1x1 Area, Max Cong = 93.2692%, Congestion bounded by tiles (Lower Left Tile -> Upper Right Tile):
   INT_X59Y15 -> INT_X59Y15
   INT_X60Y15 -> INT_X60Y15
   INT_X60Y13 -> INT_X60Y13
West Dir 4x4 Area, Max Cong = 89.8438%, Congestion bounded by tiles (Lower Left Tile -> Upper Right Tile):
   INT_X52Y108 -> INT_X55Y111
   INT_X52Y104 -> INT_X55Y107

------------------------------
Reporting congestion hotspots
------------------------------
Direction: North
----------------
Congested clusters found at Level 1
Effective congestion level: 2 Aspect Ratio: 0.5 Sparse Ratio: 0.5
Direction: South
----------------
Congested clusters found at Level 1
Effective congestion level: 2 Aspect Ratio: 0.5 Sparse Ratio: 0.5
Direction: East
----------------
Congested clusters found at Level 0
Effective congestion level: 1 Aspect Ratio: 0.5 Sparse Ratio: 0.5
Direction: West
----------------
Congested clusters found at Level 1
Effective congestion level: 3 Aspect Ratio: 0.428571 Sparse Ratio: 1.0625

Phase 8 Route finalize | Checksum: 163305f29

Time (s): cpu = 00:10:57 ; elapsed = 00:04:34 . Memory (MB): peak = 5546.805 ; gain = 0.000

Phase 9 Verifying routed nets

 Verification completed successfully
Phase 9 Verifying routed nets | Checksum: 163305f29

Time (s): cpu = 00:10:58 ; elapsed = 00:04:34 . Memory (MB): peak = 5546.805 ; gain = 0.000

Phase 10 Depositing Routes
Phase 10 Depositing Routes | Checksum: 163305f29

Time (s): cpu = 00:11:08 ; elapsed = 00:04:41 . Memory (MB): peak = 5546.805 ; gain = 0.000

Phase 11 Leaf Clock Prog Delay Opt

Phase 11.1 Optimize Skews

Phase 11.1.1 Leaf ClockOpt Init
Phase 11.1.1 Leaf ClockOpt Init | Checksum: 21c652508

Time (s): cpu = 00:12:00 ; elapsed = 00:04:52 . Memory (MB): peak = 5546.805 ; gain = 0.000
Phase 11.1 Optimize Skews | Checksum: 2f1522d07

Time (s): cpu = 00:12:02 ; elapsed = 00:04:53 . Memory (MB): peak = 5546.805 ; gain = 0.000

Phase 11.2 Post SkewOpt Delay Cleanup

Phase 11.2.1 Delay CleanUp
INFO: [Route 35-416] Intermediate Timing Summary | WNS=0.014  | TNS=0.000  | WHS=0.010  | THS=0.000  |

INFO: [Route 35-416] Intermediate Timing Summary | WNS=0.014  | TNS=0.000  | WHS=0.010  | THS=0.000  |

Phase 11.2.1 Delay CleanUp | Checksum: 30788a95d

Time (s): cpu = 00:12:24 ; elapsed = 00:04:58 . Memory (MB): peak = 5546.805 ; gain = 0.000
Phase 11.2 Post SkewOpt Delay Cleanup | Checksum: 30788a95d

Time (s): cpu = 00:12:25 ; elapsed = 00:04:58 . Memory (MB): peak = 5546.805 ; gain = 0.000

Phase 11.3 Post SkewOpt Hold Fix

Phase 11.3.1 Hold Fix Iter
INFO: [Route 35-416] Intermediate Timing Summary | WNS=0.014  | TNS=0.000  | WHS=0.010  | THS=0.000  |

Phase 11.3.1 Hold Fix Iter | Checksum: 2edef524a

Time (s): cpu = 00:12:55 ; elapsed = 00:05:06 . Memory (MB): peak = 5546.805 ; gain = 0.000
Phase 11.3 Post SkewOpt Hold Fix | Checksum: 28070d8da

Time (s): cpu = 00:13:11 ; elapsed = 00:05:11 . Memory (MB): peak = 5546.805 ; gain = 0.000
Phase 11 Leaf Clock Prog Delay Opt | Checksum: 26195b4d0

Time (s): cpu = 00:13:27 ; elapsed = 00:05:15 . Memory (MB): peak = 5546.805 ; gain = 0.000

Phase 12 Depositing Routes
Phase 12 Depositing Routes | Checksum: 26195b4d0

Time (s): cpu = 00:13:37 ; elapsed = 00:05:22 . Memory (MB): peak = 5546.805 ; gain = 0.000

Phase 13 Resolve XTalk
Phase 13 Resolve XTalk | Checksum: 26195b4d0

Time (s): cpu = 00:13:37 ; elapsed = 00:05:22 . Memory (MB): peak = 5546.805 ; gain = 0.000

Phase 14 Post Process Routing
Phase 14 Post Process Routing | Checksum: 26195b4d0

Time (s): cpu = 00:13:39 ; elapsed = 00:05:23 . Memory (MB): peak = 5546.805 ; gain = 0.000

Phase 15 Post Router Timing
INFO: [Route 35-20] Post Routing Timing Summary | WNS=0.021  | TNS=0.000  | WHS=0.010  | THS=0.000  |

Phase 15 Post Router Timing | Checksum: 27dd98b5f

Time (s): cpu = 00:14:33 ; elapsed = 00:05:32 . Memory (MB): peak = 5546.805 ; gain = 0.000
Time taken to check if laguna hold fix is required (in secs): 0.001
Skip PhysOpt in Router because non-negative WNS value: 2.09583e-11 .

Phase 16 Route finalize
Phase 16 Route finalize | Checksum: 27dd98b5f

Time (s): cpu = 00:14:34 ; elapsed = 00:05:32 . Memory (MB): peak = 5546.805 ; gain = 0.000
INFO: [Route 35-61] The design met the timing requirement.
Total Elapsed time in route_design: 331.852 secs

Phase 17 Post-Route Event Processing
Phase 17 Post-Route Event Processing | Checksum: c97b340d

Time (s): cpu = 00:14:35 ; elapsed = 00:05:32 . Memory (MB): peak = 5546.805 ; gain = 0.000
INFO: [Route 35-16] Router Completed Successfully
Ending Routing Task | Checksum: c97b340d

Time (s): cpu = 00:14:36 ; elapsed = 00:05:33 . Memory (MB): peak = 5546.805 ; gain = 0.000

Routing Is Done.
INFO: [Common 17-83] Releasing license: Implementation
154 Infos, 11 Warnings, 1 Critical Warnings and 0 Errors encountered.
route_design completed successfully
route_design: Time (s): cpu = 00:14:37 ; elapsed = 00:05:34 . Memory (MB): peak = 5546.805 ; gain = 0.000
INFO: [Vivado 12-24828] Executing command : report_drc -file wrapper_p4_drc_routed.rpt -pb wrapper_p4_drc_routed.pb -rpx wrapper_p4_drc_routed.rpx
Command: report_drc -file wrapper_p4_drc_routed.rpt -pb wrapper_p4_drc_routed.pb -rpx wrapper_p4_drc_routed.rpx
INFO: [IP_Flow 19-1839] IP Catalog is up to date.
INFO: [DRC 23-27] Running DRC with 8 threads
INFO: [Vivado_Tcl 2-168] The results of DRC are in file D:/repo/XCKU5PMini/udp_hls_10g/vivado_prj/p7b_ku5p_prj.runs/impl_1/wrapper_p4_drc_routed.rpt.
report_drc completed successfully
INFO: [Vivado 12-24828] Executing command : report_methodology -file wrapper_p4_methodology_drc_routed.rpt -pb wrapper_p4_methodology_drc_routed.pb -rpx wrapper_p4_methodology_drc_routed.rpx
Command: report_methodology -file wrapper_p4_methodology_drc_routed.rpt -pb wrapper_p4_methodology_drc_routed.pb -rpx wrapper_p4_methodology_drc_routed.rpx
INFO: [Timing 38-35] Done setting XDC timing constraints.
INFO: [DRC 23-133] Running Methodology with 8 threads
INFO: [Vivado_Tcl 2-1520] The results of Report Methodology are in file D:/repo/XCKU5PMini/udp_hls_10g/vivado_prj/p7b_ku5p_prj.runs/impl_1/wrapper_p4_methodology_drc_routed.rpt.
report_methodology completed successfully
report_drc: Time (s): cpu = 00:00:37 ; elapsed = 00:00:08 . Memory (MB): peak = 5546.805 ; gain = 0.000
INFO: [Vivado 12-24828] Executing command : report_timing_summary -max_paths 10 -routable_nets -report_unconstrained -file wrapper_p4_timing_summary_routed.rpt -pb wrapper_p4_timing_summary_routed.pb -rpx wrapper_p4_timing_summary_routed.rpx -warn_on_violation 
INFO: [Timing 38-35] Done setting XDC timing constraints.
INFO: [Timing 38-91] UpdateTimingParams: Speed grade: -1, Temperature grade: E, Delay Type: min_max.
INFO: [Timing 38-191] Multithreading enabled for timing update using a maximum of 8 CPUs
report_timing_summary: Time (s): cpu = 00:00:19 ; elapsed = 00:00:08 . Memory (MB): peak = 5546.805 ; gain = 0.000
INFO: [Vivado 12-24838] Running report commands "report_incremental_reuse, report_route_status" in parallel.
Running report generation with 2 threads.
INFO: [Vivado 12-24828] Executing command : report_incremental_reuse -file wrapper_p4_incremental_reuse_routed.rpt
INFO: [Vivado_Tcl 4-1062] Incremental flow is disabled. No incremental reuse Info to report.
INFO: [Vivado 12-24828] Executing command : report_route_status -file wrapper_p4_route_status.rpt -pb wrapper_p4_route_status.pb
INFO: [Vivado 12-24828] Executing command : report_power -file wrapper_p4_power_routed.rpt -pb wrapper_p4_power_summary_routed.pb -rpx wrapper_p4_power_routed.rpx
Command: report_power -file wrapper_p4_power_routed.rpt -pb wrapper_p4_power_summary_routed.pb -rpx wrapper_p4_power_routed.rpx
Running Vector-less Activity Propagation...

Finished Running Vector-less Activity Propagation
WARNING: [Power 33-332] Found switching activity that implies high-fanout reset nets being asserted for excessive periods of time which may result in inaccurate power analysis.
Resolution: To review and fix problems, please run Power Constraints Advisor in the GUI from Tools > Power Constraints Advisor or run report_power with the -advisory option to generate a text report.
171 Infos, 12 Warnings, 1 Critical Warnings and 0 Errors encountered.
report_power completed successfully
report_power: Time (s): cpu = 00:00:37 ; elapsed = 00:00:20 . Memory (MB): peak = 5546.805 ; gain = 0.000
INFO: [Vivado 12-24828] Executing command : report_clock_utilization -file wrapper_p4_clock_utilization_routed.rpt
INFO: [Vivado 12-24828] Executing command : report_bus_skew -warn_on_violation -file wrapper_p4_bus_skew_routed.rpt -pb wrapper_p4_bus_skew_routed.pb -rpx wrapper_p4_bus_skew_routed.rpx
INFO: [Timing 38-91] UpdateTimingParams: Speed grade: -1, Temperature grade: E, Delay Type: min_max.
INFO: [Timing 38-191] Multithreading enabled for timing update using a maximum of 8 CPUs
generate_parallel_reports: Time (s): cpu = 00:01:53 ; elapsed = 00:00:46 . Memory (MB): peak = 5546.805 ; gain = 0.000
INFO: [Timing 38-480] Writing timing data to binary archive.
Write ShapeDB Complete: Time (s): cpu = 00:00:01 ; elapsed = 00:00:00.182 . Memory (MB): peak = 5546.805 ; gain = 0.000
Wrote PlaceDB: Time (s): cpu = 00:00:10 ; elapsed = 00:00:04 . Memory (MB): peak = 5546.805 ; gain = 0.000
Wrote PulsedLatchDB: Time (s): cpu = 00:00:00 ; elapsed = 00:00:00 . Memory (MB): peak = 5546.805 ; gain = 0.000
Writing XDEF routing.
Writing XDEF routing logical nets.
Writing XDEF routing special nets.
Wrote RouteStorage: Time (s): cpu = 00:00:02 ; elapsed = 00:00:00.859 . Memory (MB): peak = 5546.805 ; gain = 0.000
Wrote Netlist Cache: Time (s): cpu = 00:00:01 ; elapsed = 00:00:00.136 . Memory (MB): peak = 5546.805 ; gain = 0.000
Wrote Device Cache: Time (s): cpu = 00:00:00 ; elapsed = 00:00:00.017 . Memory (MB): peak = 5546.805 ; gain = 0.000
Write Physdb Complete: Time (s): cpu = 00:00:13 ; elapsed = 00:00:05 . Memory (MB): peak = 5546.805 ; gain = 0.000
INFO: [Common 17-1381] The checkpoint 'D:/repo/XCKU5PMini/udp_hls_10g/vivado_prj/p7b_ku5p_prj.runs/impl_1/wrapper_p4_routed.dcp' has been generated.
write_checkpoint: Time (s): cpu = 00:00:16 ; elapsed = 00:00:09 . Memory (MB): peak = 5546.805 ; gain = 0.000
INFO: [Memdata 28-208] The XPM instance: <u_pcie_xdma/inst/ram_top/mas_bridge_ram_write_512.MASTER_WRITE_FIFO/xpm_memory_sdpram_inst_loop[0].xpm_memory_sdpram_inst/xpm_memory_base_inst> is part of IP: <u_pcie_xdma>. This XPM instance will be excluded from the .mmi because updatemem is prohibited from making changes to an XPM that is part of an IP.
INFO: [Memdata 28-208] The XPM instance: <u_pcie_xdma/inst/ram_top/gen_c2h_bram.C2H_DAT0_FIFO/xpm_memory_sdpram_inst_loop[1].xpm_memory_sdpram_inst/xpm_memory_base_inst> is part of IP: <u_pcie_xdma>. This XPM instance will be excluded from the .mmi because updatemem is prohibited from making changes to an XPM that is part of an IP.
INFO: [Memdata 28-208] The XPM instance: <u_pcie_xdma/inst/ram_top/gen_c2h_bram.C2H_DAT0_FIFO/xpm_memory_sdpram_inst_loop[0].xpm_memory_sdpram_inst/xpm_memory_base_inst> is part of IP: <u_pcie_xdma>. This XPM instance will be excluded from the .mmi because updatemem is prohibited from making changes to an XPM that is part of an IP.
INFO: [Memdata 28-208] The XPM instance: <u_pcie_xdma/inst/ram_top/MASTER_READ_BRAM/xpm_memory_sdpram_inst_loop[0].xpm_memory_sdpram_inst/xpm_memory_base_inst> is part of IP: <u_pcie_xdma>. This XPM instance will be excluded from the .mmi because updatemem is prohibited from making changes to an XPM that is part of an IP.
Command: write_bitstream -force wrapper_p4.bit
Attempting to get a license for feature 'Implementation' and/or device 'xcku5p'
INFO: [Common 17-349] Got license for feature 'Implementation' and/or device 'xcku5p'
CRITICAL WARNING: [Vivado 12-1790] Evaluation License Warning: This design contains one or more IP cores that use separately licensed features. If the design has been configured to make use of evaluation features, please note that these features will cease to function after a certain period of time. Please consult the core datasheet to determine whether the core which you have configured will be affected. Evaluation features should NOT be used in production systems.

Evaluation cores found in this design:
    IP core 'pcs64' (xxv_ethernet_v5_0_2) was generated with multiple features:
        IP feature 'xxv_eth_basekr@2025.05' was enabled using a design_linking license.
        IP feature 'xxv_eth_mac_pcs@2025.05' was enabled using a design_linking license.
        IP feature 'xxv_tsn_802d1cm@2025.05' was enabled using a design_linking license.

Resolution: If a new IP Core license was added, in order for the new license to be picked up, the current netlist needs to be updated by resetting and re-generating the IP output products before bitstream generation.
Running DRC as a precondition to command write_bitstream
INFO: [IP_Flow 19-1839] IP Catalog is up to date.
INFO: [DRC 23-27] Running DRC with 8 threads
INFO: [Vivado 12-3199] DRC finished with 0 Errors
INFO: [Vivado 12-3200] Please refer to the DRC report (report_drc) for more information.
Integrating Hard IP ELF/MEM with the PDI.
INFO: [Designutils 20-2272] Running write_bitstream with 8 threads.
Loading data files...
Loading site data...
Loading route data...
Processing options...
Creating bitmap...
Creating bitstream...
Writing bitstream ./wrapper_p4.bit...
INFO: [Vivado 12-1842] Bitgen Completed Successfully.
INFO: [Common 17-83] Releasing license: Implementation
189 Infos, 12 Warnings, 2 Critical Warnings and 0 Errors encountered.
write_bitstream completed successfully
write_bitstream: Time (s): cpu = 00:01:13 ; elapsed = 00:00:22 . Memory (MB): peak = 5584.250 ; gain = 37.445
INFO: [Common 17-206] Exiting Vivado at Fri Oct  9 23:31:43 2026...
