### J6META_BEGIN 2026-10-08T17:09:16Z
STC_META_TAG=N1 STC_META_CONNS=30 STC_META_SECS=25 STC_META_RCVBUF=8388608
STC_META_SINK=./p7b_tcp_sink STC_META_SINK_EXTRA='' STC_META_PCAP_ON=0 STC_META_BID_EXPECT=0x00000011
STC_META_PCAP_ACTIVE=0 STC_META_IO_AFFECTING=0 STC_META_PCAP_TARGET=/tmp/N1.pcap STC_META_SNAP=/tmp/p7b_biz/p7b_snap.sh
STC_META_GEOM_FALLBACK=GEOM_NOPCAP_* (NIC Δport_rx_good_bytes/Δport_rx_packets + 板侧 ΔW43/ΔW20/fps; 见文件头 ②)
STC_META_SCRIPT=/tmp/p7b_biz/stc_dl.sh STC_META_SCRIPT_MD5=4273c6f8620d5ff051967fafa8c4f7e3
STC_META_SINK_MD5=367e6f61e7ece7c3b6c4cfd0ae99c037
STC_META_PACE=N/A(board_is_sender) STC_META_BOARD_BID_PRE=0x00000011
STC_META_WRAP_RULE=all_board_cnt_32bit; delta_mod_2^32_with_k_recorded; W51_wrap@9.4Gbps=3.65s; W5_limit_27.487s
### PHASE route_carrier 1791479356.346509817
192.168.100.2 dev enp1s0f1np1 src 192.168.100.100 uid 0 
    cache 
CARRIER=1
### PHASE geom_gate 1791479356.349484332
ID_MAGIC 0x50360001   (want 0x50360001)
ID_BID   0x00000011   (want 0x00000011 = 本构建的 BUILD_ID)
ID_MARKER 0xdeadbeef  (want 0xdeadbeef)
ID_UNIMPL 0xffffffff  (want 0xffffffff: 未实现地址必须走 SLVERR)
ID_OK 1791479356.368754763
STC_GEOM_OK NW=63 BID=0x00000011
### PHASE nic_pre 1791479356.369741892
     port_tx_bytes: 1157357
     port_tx_packets: 18021
     port_rx_good_bytes: 32716560
     port_rx_packets: 21679
     port_rx_bad: 0
     port_rx_nodesc_drops: 0
     rx_eth_crc_err: 0
TcpInSegs                       65676              0.0
TcpOutSegs                      54344              0.0
TcpRetransSegs                  688                0.0
TcpExtTCPLossUndo               1                  0.0
TcpExtTCPFastRetrans            96                 0.0
TcpExtTCPRcvCollapsed           0                  0.0
TcpExtTCPOFOQueue               18604              0.0
TcpExtTCPACKSkippedPAWS         0                  0.0
TcpExtTCPACKSkippedSeq          11                 0.0
### PHASE pre_snapshot 1791479356.373993400
SNAP_BEGIN N1_pre gen=6
W0   0x20   rx_stat_frames         0x00004665
W1   0x24   rx_stat_bytes          0x0011a8ed
W2   0x28   wl_last_lastframelen   0x00000040
W3   0x2C   rx_stat_crc_err        0x00000000
W4   0x30   rx_stat_drop           0x00000000
W5   0x34   gmii_free_FE           0x785e4abf
W6   0x38   srx_stat_commit        0x00000157
W7   0x3C   stx_stat_frames        0x0000004f
W8   0x40   udpapp_tx_frames       0x00000000
W9   0x44   udpapp_tx_bytes        0x00000000
W10  0x48   udpapp_rx_frames       0x00000000
W11  0x4C   udpapp_rx_bytes        0x00000000
W12  0x50   udpapp_rx_null         0x00000000
W13  0x54   udpapp_mismatch        0x00000000
W14  0x58   tx_stat_frames_TCP     0x00005460
W15  0x5C   tx_stat_bytes_TCP      0x01e00000
W16  0x60   srx_hls_bytes          0x00006ac9
W17  0x64   hr_cnt_hlsreset        0x00000000
W18  0x68   stx_stat_purge         0x00000000
W19  0x6C   srx_stat_drop          0x00000000
W20  0x70   mac_tx_frames          0x000054af
W21  0x74   tx_stat_abort          0x00000000
W22  0x78   rx_stat_pass_TCP       0x000044f0
W23  0x7C   rx_stat_nonmatch_TCP   0x0000001e
W24  0x80   dp_free_DP             0x78765a99
W25  0x84   mmcm_locked            0x00000001
W26  0x88   rxcdc_full_cycles      0x00000003
W27  0x8C   rxcdc_occ_max          0x00000006
W28  0x90   txcdc_occ_max          0x00000006
W29  0x94   txwire_stall_cycles    0x00000000
W30  0x98   rxcdc_out_frames       0x00004665
W31  0x9C   rxcdc_out_bytes        0x00108f59
W32  0xA0   rx_stat_drop_partial   0x00000000
W33  0xA4   rx_stat_orphan_bytes   0x00000000
W34  0xA8   rx_stat_drop_full      0x00000000
W35  0xAC   rx_stat_fifo_ovf       0x00000000
W36  0xB0   mrx_stat_rx_words      0x785e43fb
W37  0xB4   mrx_stat_rx_pay_bytes  0x00108f59
W38  0xB8   rxcdc_ovf_cnt          0x00000000
W39  0xBC   pcs_status_bundle      0x2000100c
W40  0xC0   pcs_evt_bundle         0x000000ff
W41  0xC4   mtx_stat_flush_words   0x00000000
W42  0xC8   mtx_stat_flush_done    0x00000000
W43  0xCC   mtx_stat_tx_words      0x785a32ce
W44  0xD0   mtx_stat_tx_ctrl_char  0xc0dc0e97
W45  0xD4   txcdc_ovf_cnt          0x00000000
W46  0xD8   cls_dbg_stat_ovf       0x00000000
W47  0xDC   cls_dbg_stat_route_ovf 0x00000000
W48  0xE0   cls_dbg_stat_stall_in  0x00000000
W49  0xE4   cls_dbg_occ            0x00000000
W50  0xE8   tx_clk_act             0x743ad059
W51  0xEC   app_tx_bytes           0x01e00000
W52  0xF0   app_tx_frames          0x00005442
W53  0xF4   app_rx_bytes           0x00000000
W54  0xF8   app_mismatch           0x00000000
W55  0xFC   tx_stat_retx           0x00000000
W56  0x100  udpapp_tx_ovf          0x00000000
W57  0x104  tx_retx_hi             0x00000000
W58  0x108  tx_retx_active         0x00000000
W59  0x10C  stx_stat_fifo_ovf      0x00000000
W60  0x110  srx_stat_fifo_ovf      0x00000000
W61  0x114  app_ctrl_stat_wu       0x00000000
W62  0x118  app_ctrl_rx_occ_bytes  0x00000000
SNAP_END N1_pre nff=0
PCAP_ACTIVE=0 IO_AFFECTING=0 (默认: 不抓包, 不写盘; 取证需显式 PCAP_ON=1)
### PHASE t0_snapshot 1791479357.614599540
SNAP_BEGIN N1_t0 gen=7
W5   0x34   gmii_free_FE           0x83ee6322
W51  0xEC   app_tx_bytes           0x01e00000
W52  0xF0   app_tx_frames          0x00005442
W15  0x5C   tx_stat_bytes_TCP      0x01e00000
W14  0x58   tx_stat_frames_TCP     0x00005460
W20  0x70   mac_tx_frames          0x000054af
W43  0xCC   mtx_stat_tx_words      0x83ea440a
W55  0xFC   tx_stat_retx           0x00000000
W57  0x104  tx_retx_hi             0x00000000
W58  0x108  tx_retx_active         0x00000000
W54  0xF8   app_mismatch           0x00000000
W61  0x114  app_ctrl_stat_wu       0x00000000
W62  0x118  app_ctrl_rx_occ_bytes  0x00000000
W56  0x100  udpapp_tx_ovf          0x00000000
W59  0x10C  stx_stat_fifo_ovf      0x00000000
W60  0x110  srx_stat_fifo_ovf      0x00000000
W0   0x20   rx_stat_frames         0x00004665
W22  0x78   rx_stat_pass_TCP       0x000044f0
SNAP_END N1_t0 nff=0
### PHASE sink_start 1791479357.691091391
SINK_RC=0 1791479357.764153362
### PHASE t1_snapshot 1791479357.765042104
SNAP_BEGIN N1_t1 gen=8
W5   0x34   gmii_free_FE           0x8552ff5c
W51  0xEC   app_tx_bytes           0x03c00000
W52  0xF0   app_tx_frames          0x0000a884
W15  0x5C   tx_stat_bytes_TCP      0x03c00000
W14  0x58   tx_stat_frames_TCP     0x0000a8c0
W20  0x70   mac_tx_frames          0x0000a94b
W43  0xCC   mtx_stat_tx_words      0x854edf67
W55  0xFC   tx_stat_retx           0x00000000
W57  0x104  tx_retx_hi             0x00000000
W58  0x108  tx_retx_active         0x00000000
W54  0xF8   app_mismatch           0x00000000
W61  0x114  app_ctrl_stat_wu       0x00000000
W62  0x118  app_ctrl_rx_occ_bytes  0x00000000
W56  0x100  udpapp_tx_ovf          0x00000000
W59  0x10C  stx_stat_fifo_ovf      0x00000000
W60  0x110  srx_stat_fifo_ovf      0x00000000
W0   0x20   rx_stat_frames         0x00008c01
W22  0x78   rx_stat_pass_TCP       0x00008a32
SNAP_END N1_t1 nff=0
### PHASE post_snapshot 1791479358.840743400
SNAP_BEGIN N1_post gen=9
W0   0x20   rx_stat_frames         0x00008c3d
W1   0x24   rx_stat_bytes          0x00232091
W2   0x28   wl_last_lastframelen   0x00000040
W3   0x2C   rx_stat_crc_err        0x00000000
W4   0x30   rx_stat_drop           0x00000000
W5   0x34   gmii_free_FE           0x8f591ad8
W6   0x38   srx_stat_commit        0x000001cf
W7   0x3C   stx_stat_frames        0x0000008b
W8   0x40   udpapp_tx_frames       0x00000000
W9   0x44   udpapp_tx_bytes        0x00000000
W10  0x48   udpapp_rx_frames       0x00000000
W11  0x4C   udpapp_rx_bytes        0x00000000
W12  0x50   udpapp_rx_null         0x00000000
W13  0x54   udpapp_mismatch        0x00000000
W14  0x58   tx_stat_frames_TCP     0x0000a8c0
W15  0x5C   tx_stat_bytes_TCP      0x03c00000
W16  0x60   srx_hls_bytes          0x00008c4d
W17  0x64   hr_cnt_hlsreset        0x00000000
W18  0x68   stx_stat_purge         0x00000000
W19  0x6C   srx_stat_drop          0x00000000
W20  0x70   mac_tx_frames          0x0000a94b
W21  0x74   tx_stat_abort          0x00000000
W22  0x78   rx_stat_pass_TCP       0x00008a32
W23  0x7C   rx_stat_nonmatch_TCP   0x0000003c
W24  0x80   dp_free_DP             0x8f712520
W25  0x84   mmcm_locked            0x00000001
W26  0x88   rxcdc_full_cycles      0x00000003
W27  0x8C   rxcdc_occ_max          0x00000006
W28  0x90   txcdc_occ_max          0x00000006
W29  0x94   txwire_stall_cycles    0x00000000
W30  0x98   rxcdc_out_frames       0x00008c3d
W31  0x9C   rxcdc_out_bytes        0x0020ef9d
W32  0xA0   rx_stat_drop_partial   0x00000000
W33  0xA4   rx_stat_orphan_bytes   0x00000000
W34  0xA8   rx_stat_drop_full      0x00000000
W35  0xAC   rx_stat_fifo_ovf       0x00000000
W36  0xB0   mrx_stat_rx_words      0x8f591414
W37  0xB4   mrx_stat_rx_pay_bytes  0x0020ef9d
W38  0xB8   rxcdc_ovf_cnt          0x00000000
W39  0xBC   pcs_status_bundle      0x2000100c
W40  0xC0   pcs_evt_bundle         0x000000ff
W41  0xC4   mtx_stat_flush_words   0x00000000
W42  0xC8   mtx_stat_flush_done    0x00000000
W43  0xCC   mtx_stat_tx_words      0x8f54f4ae
W44  0xD0   mtx_stat_tx_ctrl_char  0x76bc9fdf
W45  0xD4   txcdc_ovf_cnt          0x00000000
W46  0xD8   cls_dbg_stat_ovf       0x00000000
W47  0xDC   cls_dbg_stat_route_ovf 0x00000000
W48  0xE0   cls_dbg_stat_stall_in  0x00000000
W49  0xE4   cls_dbg_occ            0x00000000
W50  0xE8   tx_clk_act             0x8b2a6236
W51  0xEC   app_tx_bytes           0x03c00000
W52  0xF0   app_tx_frames          0x0000a884
W53  0xF4   app_rx_bytes           0x00000000
W54  0xF8   app_mismatch           0x00000000
W55  0xFC   tx_stat_retx           0x00000000
W56  0x100  udpapp_tx_ovf          0x00000000
W57  0x104  tx_retx_hi             0x00000000
W58  0x108  tx_retx_active         0x00000000
W59  0x10C  stx_stat_fifo_ovf      0x00000000
W60  0x110  srx_stat_fifo_ovf      0x00000000
W61  0x114  app_ctrl_stat_wu       0x00000000
W62  0x118  app_ctrl_rx_occ_bytes  0x00000000
SNAP_END N1_post nff=0
### PHASE nic_post 1791479359.076086161
     port_tx_bytes: 2302097
     port_tx_packets: 35901
     port_rx_good_bytes: 65430660
     port_rx_packets: 43339
     port_rx_bad: 0
     port_rx_nodesc_drops: 0
     rx_eth_crc_err: 0
TcpInSegs                       87431              0.0
TcpOutSegs                      72349              0.0
TcpRetransSegs                  748                0.0
TcpExtTCPLossUndo               1                  0.0
TcpExtTCPFastRetrans            96                 0.0
TcpExtTCPRcvCollapsed           0                  0.0
TcpExtTCPOFOQueue               18604              0.0
TcpExtTCPACKSkippedPAWS         0                  0.0
TcpExtTCPACKSkippedSeq          11                 0.0
### PHASE geom_nopcap 1791479359.080343916
### GEOM_NOPCAP (PCAP_ON=0; 不抓包也能判帧几何; raw 与 wrap 位一并落盘)
GEOM_NOPCAP_NIC_rx A_bytes=32716560 B_bytes=65430660 d_bytes=32714100 wrap=0 | A_pkts=21679 B_pkts=43339 d_pkts=21660 wrap=0 | bytes_per_pkt=1510.346260
GEOM_NOPCAP_BOARD A_W20=21679 B_W20=43339 dW20=21660 wrap=0 | A_W43=2213168138 B_W43=2236538727 dW43=23370589 wrap=0 | A_W5=2213438242 B_W5=2236809052 dW5=23370810 wrap=0 | cpf=1078.974561 | fps=144812.054
### PHASE idle_snap 1791479359.093731829
SNAP_BEGIN N1_idle gen=10
W5   0x34   gmii_free_FE           0xa458c431
W51  0xEC   app_tx_bytes           0x03c00000
W52  0xF0   app_tx_frames          0x0000a884
W15  0x5C   tx_stat_bytes_TCP      0x03c00000
W14  0x58   tx_stat_frames_TCP     0x0000a8c0
W20  0x70   mac_tx_frames          0x0000a94b
W43  0xCC   mtx_stat_tx_words      0xa4549109
W55  0xFC   tx_stat_retx           0x00000000
W57  0x104  tx_retx_hi             0x00000000
W58  0x108  tx_retx_active         0x00000000
W54  0xF8   app_mismatch           0x00000000
W61  0x114  app_ctrl_stat_wu       0x00000000
W62  0x118  app_ctrl_rx_occ_bytes  0x00000000
W56  0x100  udpapp_tx_ovf          0x00000000
W59  0x10C  stx_stat_fifo_ovf      0x00000000
W60  0x110  srx_stat_fifo_ovf      0x00000000
W0   0x20   rx_stat_frames         0x00008c79
W22  0x78   rx_stat_pass_TCP       0x00008a32
SNAP_END N1_idle nff=0
### SINK tail:
SINK_CONN 27 OK bytes=1048576 first_mismatch=-1 mism_bytes=0 conn_ms=0.101 dur_ms=2.018 Mbps=4156.684 reads=9 poll_tmo=0 CPU_FREQ_KHZ=3709212
SINK_CONN 28 OK bytes=1048576 first_mismatch=-1 mism_bytes=0 conn_ms=0.068 dur_ms=2.412 Mbps=3478.226 reads=11 poll_tmo=0 CPU_FREQ_KHZ=3800000
SINK_CONN 29 OK bytes=1048576 first_mismatch=-1 mism_bytes=0 conn_ms=0.089 dur_ms=2.292 Mbps=3659.961 reads=11 poll_tmo=0 CPU_FREQ_KHZ=3798100
SINK_SUM conns=30 fail_conns=0 bytes=31457280 clean_conns=30 bad_conns=0 mismatch_bytes=0 stall_conns=0 err_conns=0 poll_tmo=0 wall_s=0.068 net_s=0.068 agg_Mbps=3707.083
SINK_DONE
PIN_GETCPU_END=5 PIN_FREQ_END_KHZ=3798100
### SINK_SUM:
SINK_SUM conns=30 fail_conns=0 bytes=31457280 clean_conns=30 bad_conns=0 mismatch_bytes=0 stall_conns=0 err_conns=0 poll_tmo=0 wall_s=0.068 net_s=0.068 agg_Mbps=3707.083
### SINK head:
PIN_RULE=avoid-nic PIN_DEGRADED=none PIN_CPU=5 PIN_CORES_ONLINE=0-7 PIN_NIC_IFACE=enp1s0f0np0,enp1s0f1np1 PIN_NIC_CPUS=0,1,2,3,4,5 PIN_NIC_EXCLUDED=none PIN_CORE_LOAD=13959 PIN_ALLOWED_MASK=20 PIN_GETCPU_START=5 PIN_FREQ_START_KHZ=3726695 PIN_GOV=schedutil PIN_NIC_IRQLINES=12 PIN_NIC_IFACE_SRC=auto PIN_TUPLE_ORDER=own_sib_t
SINK_CONN 0 OK bytes=1048576 first_mismatch=-1 mism_bytes=0 conn_ms=0.145 dur_ms=2.190 Mbps=3829.841 reads=57 poll_tmo=0 CPU_FREQ_KHZ=3759403
SINK_CONN 1 OK bytes=1048576 first_mismatch=-1 mism_bytes=0 conn_ms=0.111 dur_ms=2.379 Mbps=3526.804 reads=12 poll_tmo=0 CPU_FREQ_KHZ=3797530
### CPU samples (last 24):
SYS_T 1791479357.692443597 cpu  26278 119 14895 3495241 2771 0 122 0 0 0
PS_T  1791479357.694302784  2.8 htop| 0.7 java| 0.6 sshd| 0.2 gnome-shell| 0.1 snapd| 0.1 hw_server|
### SS samples (last 6):
SS_T 1791479356.614276570 State    Recv-Q Send-Q   Local Address:Port   Peer Address:PortProcess                                                                                                                                                                    
SS_T 1791479357.125456573 State    Recv-Q Send-Q   Local Address:Port   Peer Address:PortProcess                                                                                                                                                                    
SS_T 1791479357.636805587 State    Recv-Q Send-Q   Local Address:Port   Peer Address:PortProcess                                                                                                                                                                    
STC_META_BOARD_BID_END=0x00000011
STC_DL_DONE 1791479361.176425729
