### J6META_BEGIN 2026-10-08T17:09:52Z
STC_META_TAG=N1b STC_META_CONNS=30 STC_META_SECS=25 STC_META_RCVBUF=8388608
STC_META_SINK=./p7b_tcp_sink STC_META_SINK_EXTRA='' STC_META_PCAP_ON=0 STC_META_BID_EXPECT=0x00000011
STC_META_PCAP_ACTIVE=0 STC_META_IO_AFFECTING=0 STC_META_PCAP_TARGET=/tmp/N1b.pcap STC_META_SNAP=/tmp/p7b_biz/p7b_snap.sh
STC_META_GEOM_FALLBACK=GEOM_NOPCAP_* (NIC Δport_rx_good_bytes/Δport_rx_packets + 板侧 ΔW43/ΔW20/fps; 见文件头 ②)
STC_META_SCRIPT=/tmp/p7b_biz/stc_dl.sh STC_META_SCRIPT_MD5=4273c6f8620d5ff051967fafa8c4f7e3
STC_META_SINK_MD5=367e6f61e7ece7c3b6c4cfd0ae99c037
STC_META_PACE=N/A(board_is_sender) STC_META_BOARD_BID_PRE=0x00000011
STC_META_WRAP_RULE=all_board_cnt_32bit; delta_mod_2^32_with_k_recorded; W51_wrap@9.4Gbps=3.65s; W5_limit_27.487s
### PHASE route_carrier 1791479392.092453501
192.168.100.2 dev enp1s0f1np1 src 192.168.100.100 uid 0 
    cache 
CARRIER=1
### PHASE geom_gate 1791479392.095399818
ID_MAGIC 0x50360001   (want 0x50360001)
ID_BID   0x00000011   (want 0x00000011 = 本构建的 BUILD_ID)
ID_MARKER 0xdeadbeef  (want 0xdeadbeef)
ID_UNIMPL 0xffffffff  (want 0xffffffff: 未实现地址必须走 SLVERR)
ID_OK 1791479392.114507060
STC_GEOM_OK NW=63 BID=0x00000011
### PHASE nic_pre 1791479392.115487006
     port_tx_bytes: 5753900
     port_tx_packets: 89815
     port_rx_good_bytes: 163573152
     port_rx_packets: 108322
     port_rx_bad: 0
     port_rx_nodesc_drops: 0
     rx_eth_crc_err: 0
TcpInSegs                       152874             0.0
TcpOutSegs                      126510             0.0
TcpRetransSegs                  1378               0.0
TcpExtTCPLossUndo               1                  0.0
TcpExtTCPFastRetrans            96                 0.0
TcpExtTCPRcvCollapsed           0                  0.0
TcpExtTCPOFOQueue               18604              0.0
TcpExtTCPACKSkippedPAWS         0                  0.0
TcpExtTCPACKSkippedSeq          11                 0.0
### PHASE pre_snapshot 1791479392.119720896
SNAP_BEGIN N1b_pre gen=26
W0   0x20   rx_stat_frames         0x00015ed7
W1   0x24   rx_stat_bytes          0x0057cc2c
W2   0x28   wl_last_lastframelen   0x00000040
W3   0x2C   rx_stat_crc_err        0x00000000
W4   0x30   rx_stat_drop           0x00000000
W5   0x34   gmii_free_FE           0xc545b88c
W6   0x38   srx_stat_commit        0x000004fa
W7   0x3C   stx_stat_frames        0x00000142
W8   0x40   udpapp_tx_frames       0x00000000
W9   0x44   udpapp_tx_bytes        0x00000000
W10  0x48   udpapp_rx_frames       0x00000000
W11  0x4C   udpapp_rx_bytes        0x00000000
W12  0x50   udpapp_rx_null         0x00000000
W13  0x54   udpapp_mismatch        0x00000000
W14  0x58   tx_stat_frames_TCP     0x0001a5e0
W15  0x5C   tx_stat_bytes_TCP      0x09600000
W16  0x60   srx_hls_bytes          0x000168d4
W17  0x64   hr_cnt_hlsreset        0x00000000
W18  0x68   stx_stat_purge         0x00000000
W19  0x6C   srx_stat_drop          0x00000000
W20  0x70   mac_tx_frames          0x0001a722
W21  0x74   tx_stat_abort          0x00000000
W22  0x78   rx_stat_pass_TCP       0x00015947
W23  0x7C   rx_stat_nonmatch_TCP   0x00000096
W24  0x80   dp_free_DP             0xc55d7773
W25  0x84   mmcm_locked            0x00000001
W26  0x88   rxcdc_full_cycles      0x00000003
W27  0x8C   rxcdc_occ_max          0x00000006
W28  0x90   txcdc_occ_max          0x00000006
W29  0x94   txwire_stall_cycles    0x00000000
W30  0x98   rxcdc_out_frames       0x00015ed7
W31  0x9C   rxcdc_out_bytes        0x005250d0
W32  0xA0   rx_stat_drop_partial   0x00000000
W33  0xA4   rx_stat_orphan_bytes   0x00000000
W34  0xA8   rx_stat_drop_full      0x00000000
W35  0xAC   rx_stat_fifo_ovf       0x00000000
W36  0xB0   mrx_stat_rx_words      0xc545b1c9
W37  0xB4   mrx_stat_rx_pay_bytes  0x005250d0
W38  0xB8   rxcdc_ovf_cnt          0x00000000
W39  0xBC   pcs_status_bundle      0x2000100c
W40  0xC0   pcs_evt_bundle         0x000000ff
W41  0xC4   mtx_stat_flush_words   0x00000000
W42  0xC8   mtx_stat_flush_done    0x00000000
W43  0xCC   mtx_stat_tx_words      0xc540d27b
W44  0xD0   mtx_stat_tx_ctrl_char  0x203b144a
W45  0xD4   txcdc_ovf_cnt          0x00000000
W46  0xD8   cls_dbg_stat_ovf       0x00000000
W47  0xDC   cls_dbg_stat_route_ovf 0x00000000
W48  0xE0   cls_dbg_stat_stall_in  0x00000000
W49  0xE4   cls_dbg_occ            0x00000000
W50  0xE8   tx_clk_act             0xc07fa638
W51  0xEC   app_tx_bytes           0x09600000
W52  0xF0   app_tx_frames          0x0001a54a
W53  0xF4   app_rx_bytes           0x00000000
W54  0xF8   app_mismatch           0x00000000
W55  0xFC   tx_stat_retx           0x00000000
W56  0x100  udpapp_tx_ovf          0x00000000
W57  0x104  tx_retx_hi             0x00000000
W58  0x108  tx_retx_active         0x00000000
W59  0x10C  stx_stat_fifo_ovf      0x00000000
W60  0x110  srx_stat_fifo_ovf      0x00000000
W61  0x114  app_ctrl_stat_wu       0x00000000
W62  0x118  app_ctrl_rx_occ_bytes  0x00000000
SNAP_END N1b_pre nff=0
PCAP_ACTIVE=0 IO_AFFECTING=0 (默认: 不抓包, 不写盘; 取证需显式 PCAP_ON=1)
### PHASE t0_snapshot 1791479393.354509912
SNAP_BEGIN N1b_t0 gen=27
W5   0x34   gmii_free_FE           0xd0c7f231
W51  0xEC   app_tx_bytes           0x09600000
W52  0xF0   app_tx_frames          0x0001a54a
W15  0x5C   tx_stat_bytes_TCP      0x09600000
W14  0x58   tx_stat_frames_TCP     0x0001a5e0
W20  0x70   mac_tx_frames          0x0001a722
W43  0xCC   mtx_stat_tx_words      0xd0c304fe
W55  0xFC   tx_stat_retx           0x00000000
W57  0x104  tx_retx_hi             0x00000000
W58  0x108  tx_retx_active         0x00000000
W54  0xF8   app_mismatch           0x00000000
W61  0x114  app_ctrl_stat_wu       0x00000000
W62  0x118  app_ctrl_rx_occ_bytes  0x00000000
W56  0x100  udpapp_tx_ovf          0x00000000
W59  0x10C  stx_stat_fifo_ovf      0x00000000
W60  0x110  srx_stat_fifo_ovf      0x00000000
W0   0x20   rx_stat_frames         0x00015ed7
W22  0x78   rx_stat_pass_TCP       0x00015947
SNAP_END N1b_t0 nff=0
### PHASE sink_start 1791479393.433239844
SINK_RC=0 1791479393.505834947
### PHASE t1_snapshot 1791479393.506711930
SNAP_BEGIN N1b_t1 gen=28
W5   0x34   gmii_free_FE           0xd231a2db
W51  0xEC   app_tx_bytes           0x0b400000
W52  0xF0   app_tx_frames          0x0001f98c
W15  0x5C   tx_stat_bytes_TCP      0x0b400000
W14  0x58   tx_stat_frames_TCP     0x0001fa40
W20  0x70   mac_tx_frames          0x0001fbbe
W43  0xCC   mtx_stat_tx_words      0xd22cb4c9
W55  0xFC   tx_stat_retx           0x00000000
W57  0x104  tx_retx_hi             0x00000000
W58  0x108  tx_retx_active         0x00000000
W54  0xF8   app_mismatch           0x00000000
W61  0x114  app_ctrl_stat_wu       0x00000000
W62  0x118  app_ctrl_rx_occ_bytes  0x00000000
W56  0x100  udpapp_tx_ovf          0x00000000
W59  0x10C  stx_stat_fifo_ovf      0x00000000
W60  0x110  srx_stat_fifo_ovf      0x00000000
W0   0x20   rx_stat_frames         0x0001a3f0
W22  0x78   rx_stat_pass_TCP       0x00019e06
SNAP_END N1b_t1 nff=0
### PHASE post_snapshot 1791479394.582131287
SNAP_BEGIN N1b_post gen=29
W0   0x20   rx_stat_frames         0x0001a44a
W1   0x24   rx_stat_bytes          0x00692a90
W2   0x28   wl_last_lastframelen   0x00000040
W3   0x2C   rx_stat_crc_err        0x00000000
W4   0x30   rx_stat_drop           0x00000000
W5   0x34   gmii_free_FE           0xdc368155
W6   0x38   srx_stat_commit        0x00000590
W7   0x3C   stx_stat_frames        0x0000017e
W8   0x40   udpapp_tx_frames       0x00000000
W9   0x44   udpapp_tx_bytes        0x00000000
W10  0x48   udpapp_rx_frames       0x00000000
W11  0x4C   udpapp_rx_bytes        0x00000000
W12  0x50   udpapp_rx_null         0x00000000
W13  0x54   udpapp_mismatch        0x00000000
W14  0x58   tx_stat_frames_TCP     0x0001fa40
W15  0x5C   tx_stat_bytes_TCP      0x0b400000
W16  0x60   srx_hls_bytes          0x00019250
W17  0x64   hr_cnt_hlsreset        0x00000000
W18  0x68   stx_stat_purge         0x00000000
W19  0x6C   srx_stat_drop          0x00000000
W20  0x70   mac_tx_frames          0x0001fbbe
W21  0x74   tx_stat_abort          0x00000000
W22  0x78   rx_stat_pass_TCP       0x00019e06
W23  0x7C   rx_stat_nonmatch_TCP   0x000000b4
W24  0x80   dp_free_DP             0xdc4e3aa3
W25  0x84   mmcm_locked            0x00000001
W26  0x88   rxcdc_full_cycles      0x00000003
W27  0x8C   rxcdc_occ_max          0x00000006
W28  0x90   txcdc_occ_max          0x00000006
W29  0x94   txwire_stall_cycles    0x00000000
W30  0x98   rxcdc_out_frames       0x0001a44a
W31  0x9C   rxcdc_out_bytes        0x00629968
W32  0xA0   rx_stat_drop_partial   0x00000000
W33  0xA4   rx_stat_orphan_bytes   0x00000000
W34  0xA8   rx_stat_drop_full      0x00000000
W35  0xAC   rx_stat_fifo_ovf       0x00000000
W36  0xB0   mrx_stat_rx_words      0xdc367a91
W37  0xB4   mrx_stat_rx_pay_bytes  0x00629968
W38  0xB8   rxcdc_ovf_cnt          0x00000000
W39  0xBC   pcs_status_bundle      0x2000100c
W40  0xC0   pcs_evt_bundle         0x000000ff
W41  0xC4   mtx_stat_flush_words   0x00000000
W42  0xC8   mtx_stat_flush_done    0x00000000
W43  0xCC   mtx_stat_tx_words      0xdc318d0e
W44  0xD0   mtx_stat_tx_ctrl_char  0xd5cb6b2a
W45  0xD4   txcdc_ovf_cnt          0x00000000
W46  0xD8   cls_dbg_stat_ovf       0x00000000
W47  0xDC   cls_dbg_stat_route_ovf 0x00000000
W48  0xE0   cls_dbg_stat_stall_in  0x00000000
W49  0xE4   cls_dbg_occ            0x00000000
W50  0xE8   tx_clk_act             0xd76549f9
W51  0xEC   app_tx_bytes           0x0b400000
W52  0xF0   app_tx_frames          0x0001f98c
W53  0xF4   app_rx_bytes           0x00000000
W54  0xF8   app_mismatch           0x00000000
W55  0xFC   tx_stat_retx           0x00000000
W56  0x100  udpapp_tx_ovf          0x00000000
W57  0x104  tx_retx_hi             0x00000000
W58  0x108  tx_retx_active         0x00000000
W59  0x10C  stx_stat_fifo_ovf      0x00000000
W60  0x110  srx_stat_fifo_ovf      0x00000000
W61  0x114  app_ctrl_stat_wu       0x00000000
W62  0x118  app_ctrl_rx_occ_bytes  0x00000000
SNAP_END N1b_post nff=0
### PHASE nic_post 1791479394.816491870
     port_tx_bytes: 6894096
     port_tx_packets: 107624
     port_rx_good_bytes: 196287252
     port_rx_packets: 129982
     port_rx_bad: 0
     port_rx_nodesc_drops: 0
     rx_eth_crc_err: 0
TcpInSegs                       174627             0.0
TcpOutSegs                      144381             0.0
TcpRetransSegs                  1498               0.0
TcpExtTCPLossUndo               1                  0.0
TcpExtTCPFastRetrans            96                 0.0
TcpExtTCPRcvCollapsed           0                  0.0
TcpExtTCPOFOQueue               18604              0.0
TcpExtTCPACKSkippedPAWS         0                  0.0
TcpExtTCPACKSkippedSeq          11                 0.0
### PHASE geom_nopcap 1791479394.820797238
### GEOM_NOPCAP (PCAP_ON=0; 不抓包也能判帧几何; raw 与 wrap 位一并落盘)
GEOM_NOPCAP_NIC_rx A_bytes=163573152 B_bytes=196287252 d_bytes=32714100 wrap=0 | A_pkts=108322 B_pkts=129982 d_pkts=21660 wrap=0 | bytes_per_pkt=1510.346260
GEOM_NOPCAP_BOARD A_W20=108322 B_W20=129982 dW20=21660 wrap=0 | A_W43=3502441726 B_W43=3526145225 dW43=23703499 wrap=0 | A_W5=3502764593 B_W5=3526468315 dW5=23703722 wrap=0 | cpf=1094.344367 | fps=142778.210
### PHASE idle_snap 1791479394.834065042
SNAP_BEGIN N1b_idle gen=30
W5   0x34   gmii_free_FE           0xf135cf07
W51  0xEC   app_tx_bytes           0x0b400000
W52  0xF0   app_tx_frames          0x0001f98c
W15  0x5C   tx_stat_bytes_TCP      0x0b400000
W14  0x58   tx_stat_frames_TCP     0x0001fa40
W20  0x70   mac_tx_frames          0x0001fbbe
W43  0xCC   mtx_stat_tx_words      0xf130cdbf
W55  0xFC   tx_stat_retx           0x00000000
W57  0x104  tx_retx_hi             0x00000000
W58  0x108  tx_retx_active         0x00000000
W54  0xF8   app_mismatch           0x00000000
W61  0x114  app_ctrl_stat_wu       0x00000000
W62  0x118  app_ctrl_rx_occ_bytes  0x00000000
W56  0x100  udpapp_tx_ovf          0x00000000
W59  0x10C  stx_stat_fifo_ovf      0x00000000
W60  0x110  srx_stat_fifo_ovf      0x00000000
W0   0x20   rx_stat_frames         0x0001a4a4
W22  0x78   rx_stat_pass_TCP       0x00019e06
SNAP_END N1b_idle nff=0
### SINK tail:
SINK_CONN 27 OK bytes=1048576 first_mismatch=-1 mism_bytes=0 conn_ms=0.069 dur_ms=1.977 Mbps=4243.005 reads=9 poll_tmo=0 CPU_FREQ_KHZ=3895010
SINK_CONN 28 OK bytes=1048576 first_mismatch=-1 mism_bytes=0 conn_ms=0.078 dur_ms=1.934 Mbps=4336.978 reads=10 poll_tmo=0 CPU_FREQ_KHZ=3894745
SINK_CONN 29 OK bytes=1048576 first_mismatch=-1 mism_bytes=0 conn_ms=0.075 dur_ms=2.037 Mbps=4117.488 reads=10 poll_tmo=0 CPU_FREQ_KHZ=3802872
SINK_SUM conns=30 fail_conns=0 bytes=31457280 clean_conns=30 bad_conns=0 mismatch_bytes=0 stall_conns=0 err_conns=0 poll_tmo=0 wall_s=0.067 net_s=0.067 agg_Mbps=3741.229
SINK_DONE
PIN_GETCPU_END=5 PIN_FREQ_END_KHZ=3866919
### SINK_SUM:
SINK_SUM conns=30 fail_conns=0 bytes=31457280 clean_conns=30 bad_conns=0 mismatch_bytes=0 stall_conns=0 err_conns=0 poll_tmo=0 wall_s=0.067 net_s=0.067 agg_Mbps=3741.229
### SINK head:
PIN_RULE=avoid-nic PIN_DEGRADED=none PIN_CPU=5 PIN_CORES_ONLINE=0-7 PIN_NIC_IFACE=enp1s0f0np0,enp1s0f1np1 PIN_NIC_CPUS=0,1,2,3,4,5 PIN_NIC_EXCLUDED=none PIN_CORE_LOAD=15186 PIN_ALLOWED_MASK=20 PIN_GETCPU_START=5 PIN_FREQ_START_KHZ=3816936 PIN_GOV=schedutil PIN_NIC_IRQLINES=12 PIN_NIC_IFACE_SRC=auto PIN_TUPLE_ORDER=own_sib_t
SINK_CONN 0 OK bytes=1048576 first_mismatch=-1 mism_bytes=0 conn_ms=0.146 dur_ms=2.274 Mbps=3688.771 reads=12 poll_tmo=0 CPU_FREQ_KHZ=3736665
SINK_CONN 1 OK bytes=1048576 first_mismatch=-1 mism_bytes=0 conn_ms=0.101 dur_ms=2.320 Mbps=3615.863 reads=14 poll_tmo=0 CPU_FREQ_KHZ=3894658
### CPU samples (last 24):
SYS_T 1791479393.434572026 cpu  26530 119 15408 3522973 2774 0 138 0 0 0
PS_T  1791479393.436550348  2.8 htop| 0.7 java| 0.6 sshd| 0.2 gnome-shell| 0.1 snapd| 0.1 hw_server|
### SS samples (last 6):
SS_T 1791479392.354125573 State    Recv-Q Send-Q   Local Address:Port   Peer Address:PortProcess                                                                                                                                                                    
SS_T 1791479392.867702056 State    Recv-Q Send-Q   Local Address:Port   Peer Address:PortProcess                                                                                                                                                                    
SS_T 1791479393.385699630 State    Recv-Q Send-Q   Local Address:Port   Peer Address:PortProcess                                                                                                                                                                    
STC_META_BOARD_BID_END=0x00000011
STC_DL_DONE 1791479396.916931587
