### J6META_BEGIN 2026-10-08T17:09:35Z
STC_META_TAG=N1P STC_META_CONNS=30 STC_META_SECS=25 STC_META_RCVBUF=8388608
STC_META_SINK=./p7b_tcp_sink STC_META_SINK_EXTRA='' STC_META_PCAP_ON=1 STC_META_BID_EXPECT=0x00000011
STC_META_PCAP_ACTIVE=1 STC_META_IO_AFFECTING=1 STC_META_PCAP_TARGET=/tmp/N1P.pcap STC_META_SNAP=/tmp/p7b_biz/p7b_snap.sh
STC_META_GEOM_FALLBACK=GEOM_NOPCAP_* (NIC Δport_rx_good_bytes/Δport_rx_packets + 板侧 ΔW43/ΔW20/fps; 见文件头 ②)
STC_META_SCRIPT=/tmp/p7b_biz/stc_dl.sh STC_META_SCRIPT_MD5=4273c6f8620d5ff051967fafa8c4f7e3
STC_META_SINK_MD5=367e6f61e7ece7c3b6c4cfd0ae99c037
STC_META_PACE=N/A(board_is_sender) STC_META_BOARD_BID_PRE=0x00000011
STC_META_WRAP_RULE=all_board_cnt_32bit; delta_mod_2^32_with_k_recorded; W51_wrap@9.4Gbps=3.65s; W5_limit_27.487s
### PHASE route_carrier 1791479375.859913535
192.168.100.2 dev enp1s0f1np1 src 192.168.100.100 uid 0 
    cache 
CARRIER=1
### PHASE geom_gate 1791479375.862852882
ID_MAGIC 0x50360001   (want 0x50360001)
ID_BID   0x00000011   (want 0x00000011 = 本构建的 BUILD_ID)
ID_MARKER 0xdeadbeef  (want 0xdeadbeef)
ID_UNIMPL 0xffffffff  (want 0xffffffff: 未实现地址必须走 SLVERR)
ID_OK 1791479375.881876107
STC_GEOM_OK NW=63 BID=0x00000011
### PHASE nic_pre 1791479375.882886550
     port_tx_bytes: 3451253
     port_tx_packets: 53850
     port_rx_good_bytes: 98144952
     port_rx_packets: 65002
     port_rx_bad: 0
     port_rx_nodesc_drops: 0
     rx_eth_crc_err: 0
TcpInSegs                       109290             0.0
TcpOutSegs                      90391              0.0
TcpRetransSegs                  1018               0.0
TcpExtTCPLossUndo               1                  0.0
TcpExtTCPFastRetrans            96                 0.0
TcpExtTCPRcvCollapsed           0                  0.0
TcpExtTCPOFOQueue               18604              0.0
TcpExtTCPACKSkippedPAWS         0                  0.0
TcpExtTCPACKSkippedSeq          11                 0.0
### PHASE pre_snapshot 1791479375.887137241
SNAP_BEGIN N1P_pre gen=16
W0   0x20   rx_stat_frames         0x0000d25a
W1   0x24   rx_stat_bytes          0x0034a975
W2   0x28   wl_last_lastframelen   0x00000040
W3   0x2C   rx_stat_crc_err        0x00000000
W4   0x30   rx_stat_drop           0x00000000
W5   0x34   gmii_free_FE           0x2e189971
W6   0x38   srx_stat_commit        0x00000319
W7   0x3C   stx_stat_frames        0x000000ca
W8   0x40   udpapp_tx_frames       0x00000000
W9   0x44   udpapp_tx_bytes        0x00000000
W10  0x48   udpapp_rx_frames       0x00000000
W11  0x4C   udpapp_rx_bytes        0x00000000
W12  0x50   udpapp_rx_null         0x00000000
W13  0x54   udpapp_mismatch        0x00000000
W14  0x58   tx_stat_frames_TCP     0x0000fd20
W15  0x5C   tx_stat_bytes_TCP      0x05a00000
W16  0x60   srx_hls_bytes          0x0000e599
W17  0x64   hr_cnt_hlsreset        0x00000000
W18  0x68   stx_stat_purge         0x00000000
W19  0x6C   srx_stat_drop          0x00000000
W20  0x70   mac_tx_frames          0x0000fdea
W21  0x74   tx_stat_abort          0x00000000
W22  0x78   rx_stat_pass_TCP       0x0000cee7
W23  0x7C   rx_stat_nonmatch_TCP   0x0000005a
W24  0x80   dp_free_DP             0x2e307d2a
W25  0x84   mmcm_locked            0x00000001
W26  0x88   rxcdc_full_cycles      0x00000003
W27  0x8C   rxcdc_occ_max          0x00000006
W28  0x90   txcdc_occ_max          0x00000006
W29  0x94   txwire_stall_cycles    0x00000000
W30  0x98   rxcdc_out_frames       0x0000d25a
W31  0x9C   rxcdc_out_bytes        0x0031600d
W32  0xA0   rx_stat_drop_partial   0x00000000
W33  0xA4   rx_stat_orphan_bytes   0x00000000
W34  0xA8   rx_stat_drop_full      0x00000000
W35  0xAC   rx_stat_fifo_ovf       0x00000000
W36  0xB0   mrx_stat_rx_words      0x2e1892ad
W37  0xB4   mrx_stat_rx_pay_bytes  0x0031600d
W38  0xB8   rxcdc_ovf_cnt          0x00000000
W39  0xBC   pcs_status_bundle      0x2000100c
W40  0xC0   pcs_evt_bundle         0x000000ff
W41  0xC4   mtx_stat_flush_words   0x00000000
W42  0xC8   mtx_stat_flush_done    0x00000000
W43  0xCC   mtx_stat_tx_words      0x2e141103
W44  0xD0   mtx_stat_tx_ctrl_char  0x6ac003fa
W45  0xD4   txcdc_ovf_cnt          0x00000000
W46  0xD8   cls_dbg_stat_ovf       0x00000000
W47  0xDC   cls_dbg_stat_route_ovf 0x00000000
W48  0xE0   cls_dbg_stat_stall_in  0x00000000
W49  0xE4   cls_dbg_occ            0x00000000
W50  0xE8   tx_clk_act             0x299c6b0f
W51  0xEC   app_tx_bytes           0x05a00000
W52  0xF0   app_tx_frames          0x0000fcc6
W53  0xF4   app_rx_bytes           0x00000000
W54  0xF8   app_mismatch           0x00000000
W55  0xFC   tx_stat_retx           0x00000000
W56  0x100  udpapp_tx_ovf          0x00000000
W57  0x104  tx_retx_hi             0x00000000
W58  0x108  tx_retx_active         0x00000000
W59  0x10C  stx_stat_fifo_ovf      0x00000000
W60  0x110  srx_stat_fifo_ovf      0x00000000
W61  0x114  app_ctrl_stat_wu       0x00000000
W62  0x118  app_ctrl_rx_occ_bytes  0x00000000
SNAP_END N1P_pre nff=0
PCAP_ACTIVE=1 IO_AFFECTING=1 target=/tmp/N1P.pcap (⚠️ 本跑读数含磁盘 IO: tcpdump -w 逐包落盘 ⇒ 不许与 PCAP_ON=0 的读数混比)
### PHASE t0_snapshot 1791479377.124670294
SNAP_BEGIN N1P_t0 gen=17
W5   0x34   gmii_free_FE           0x39a19452
W51  0xEC   app_tx_bytes           0x05a00000
W52  0xF0   app_tx_frames          0x0000fcc6
W15  0x5C   tx_stat_bytes_TCP      0x05a00000
W14  0x58   tx_stat_frames_TCP     0x0000fd20
W20  0x70   mac_tx_frames          0x0000fdea
W43  0xCC   mtx_stat_tx_words      0x399d04bf
W55  0xFC   tx_stat_retx           0x00000000
W57  0x104  tx_retx_hi             0x00000000
W58  0x108  tx_retx_active         0x00000000
W54  0xF8   app_mismatch           0x00000000
W61  0x114  app_ctrl_stat_wu       0x00000000
W62  0x118  app_ctrl_rx_occ_bytes  0x00000000
W56  0x100  udpapp_tx_ovf          0x00000000
W59  0x10C  stx_stat_fifo_ovf      0x00000000
W60  0x110  srx_stat_fifo_ovf      0x00000000
W0   0x20   rx_stat_frames         0x0000d25a
W22  0x78   rx_stat_pass_TCP       0x0000cee7
SNAP_END N1P_t0 nff=0
### PHASE sink_start 1791479377.202238293
SINK_RC=0 1791479377.276521979
### PHASE t1_snapshot 1791479377.277351394
SNAP_BEGIN N1P_t1 gen=18
W5   0x34   gmii_free_FE           0x3b0b1293
W51  0xEC   app_tx_bytes           0x07800000
W52  0xF0   app_tx_frames          0x00015108
W15  0x5C   tx_stat_bytes_TCP      0x07800000
W14  0x58   tx_stat_frames_TCP     0x00015180
W20  0x70   mac_tx_frames          0x00015286
W43  0xCC   mtx_stat_tx_words      0x3b068220
W55  0xFC   tx_stat_retx           0x00000000
W57  0x104  tx_retx_hi             0x00000000
W58  0x108  tx_retx_active         0x00000000
W54  0xF8   app_mismatch           0x00000000
W61  0x114  app_ctrl_stat_wu       0x00000000
W62  0x118  app_ctrl_rx_occ_bytes  0x00000000
W56  0x100  udpapp_tx_ovf          0x00000000
W59  0x10C  stx_stat_fifo_ovf      0x00000000
W60  0x110  srx_stat_fifo_ovf      0x00000000
W0   0x20   rx_stat_frames         0x00011857
W22  0x78   rx_stat_pass_TCP       0x0001148a
SNAP_END N1P_t1 nff=0
### PHASE post_snapshot 1791479378.353954889
SNAP_BEGIN N1P_post gen=19
W0   0x20   rx_stat_frames         0x00011893
W1   0x24   rx_stat_bytes          0x00463959
W2   0x28   wl_last_lastframelen   0x00000040
W3   0x2C   rx_stat_crc_err        0x00000000
W4   0x30   rx_stat_drop           0x00000000
W5   0x34   gmii_free_FE           0x4512fa1c
W6   0x38   srx_stat_commit        0x00000391
W7   0x3C   stx_stat_frames        0x00000106
W8   0x40   udpapp_tx_frames       0x00000000
W9   0x44   udpapp_tx_bytes        0x00000000
W10  0x48   udpapp_rx_frames       0x00000000
W11  0x4C   udpapp_rx_bytes        0x00000000
W12  0x50   udpapp_rx_null         0x00000000
W13  0x54   udpapp_mismatch        0x00000000
W14  0x58   tx_stat_frames_TCP     0x00015180
W15  0x5C   tx_stat_bytes_TCP      0x07800000
W16  0x60   srx_hls_bytes          0x0001071d
W17  0x64   hr_cnt_hlsreset        0x00000000
W18  0x68   stx_stat_purge         0x00000000
W19  0x6C   srx_stat_drop          0x00000000
W20  0x70   mac_tx_frames          0x00015286
W21  0x74   tx_stat_abort          0x00000000
W22  0x78   rx_stat_pass_TCP       0x0001148a
W23  0x7C   rx_stat_nonmatch_TCP   0x00000078
W24  0x80   dp_free_DP             0x452ad83d
W25  0x84   mmcm_locked            0x00000001
W26  0x88   rxcdc_full_cycles      0x00000003
W27  0x8C   rxcdc_occ_max          0x00000006
W28  0x90   txcdc_occ_max          0x00000006
W29  0x94   txwire_stall_cycles    0x00000000
W30  0x98   rxcdc_out_frames       0x00011893
W31  0x9C   rxcdc_out_bytes        0x0041d70d
W32  0xA0   rx_stat_drop_partial   0x00000000
W33  0xA4   rx_stat_orphan_bytes   0x00000000
W34  0xA8   rx_stat_drop_full      0x00000000
W35  0xAC   rx_stat_fifo_ovf       0x00000000
W36  0xB0   mrx_stat_rx_words      0x4512f359
W37  0xB4   mrx_stat_rx_pay_bytes  0x0041d70d
W38  0xB8   rxcdc_ovf_cnt          0x00000000
W39  0xBC   pcs_status_bundle      0x2000100c
W40  0xC0   pcs_evt_bundle         0x000000ff
W41  0xC4   mtx_stat_flush_words   0x00000000
W42  0xC8   mtx_stat_flush_done    0x00000000
W43  0xCC   mtx_stat_tx_words      0x450e6373
W44  0xD0   mtx_stat_tx_ctrl_char  0x209d19c2
W45  0xD4   txcdc_ovf_cnt          0x00000000
W46  0xD8   cls_dbg_stat_ovf       0x00000000
W47  0xDC   cls_dbg_stat_route_ovf 0x00000000
W48  0xE0   cls_dbg_stat_stall_in  0x00000000
W49  0xE4   cls_dbg_occ            0x00000000
W50  0xE8   tx_clk_act             0x408b940b
W51  0xEC   app_tx_bytes           0x07800000
W52  0xF0   app_tx_frames          0x00015108
W53  0xF4   app_rx_bytes           0x00000000
W54  0xF8   app_mismatch           0x00000000
W55  0xFC   tx_stat_retx           0x00000000
W56  0x100  udpapp_tx_ovf          0x00000000
W57  0x104  tx_retx_hi             0x00000000
W58  0x108  tx_retx_active         0x00000000
W59  0x10C  stx_stat_fifo_ovf      0x00000000
W60  0x110  srx_stat_fifo_ovf      0x00000000
W61  0x114  app_ctrl_stat_wu       0x00000000
W62  0x118  app_ctrl_rx_occ_bytes  0x00000000
SNAP_END N1P_post nff=0
### PHASE nic_post 1791479378.590568539
     port_tx_bytes: 4602201
     port_tx_packets: 71827
     port_rx_good_bytes: 130859052
     port_rx_packets: 86662
     port_rx_bad: 0
     port_rx_nodesc_drops: 0
     rx_eth_crc_err: 0
TcpInSegs                       131042             0.0
TcpOutSegs                      108492             0.0
TcpRetransSegs                  1078               0.0
TcpExtTCPLossUndo               1                  0.0
TcpExtTCPFastRetrans            96                 0.0
TcpExtTCPRcvCollapsed           0                  0.0
TcpExtTCPOFOQueue               18604              0.0
TcpExtTCPACKSkippedPAWS         0                  0.0
TcpExtTCPACKSkippedSeq          11                 0.0
### PHASE geom_nopcap 1791479378.594755630
### GEOM_NOPCAP (PCAP_ON=1; 不抓包也能判帧几何; raw 与 wrap 位一并落盘)
GEOM_NOPCAP_NIC_rx A_bytes=98144952 B_bytes=130859052 d_bytes=32714100 wrap=0 | A_pkts=65002 B_pkts=86662 d_pkts=21660 wrap=0 | bytes_per_pkt=1510.346260
GEOM_NOPCAP_BOARD A_W20=65002 B_W20=86662 dW20=21660 wrap=0 | A_W43=966591679 B_W43=990282272 dW43=23690593 wrap=0 | A_W5=966890578 B_W5=990581395 dW5=23690817 wrap=0 | cpf=1093.748523 | fps=142855.985
### PHASE idle_snap 1791479378.608046568
SNAP_BEGIN N1P_idle gen=20
W5   0x34   gmii_free_FE           0x5a16917d
W51  0xEC   app_tx_bytes           0x07800000
W52  0xF0   app_tx_frames          0x00015108
W15  0x5C   tx_stat_bytes_TCP      0x07800000
W14  0x58   tx_stat_frames_TCP     0x00015180
W20  0x70   mac_tx_frames          0x00015286
W43  0xCC   mtx_stat_tx_words      0x5a11edd0
W55  0xFC   tx_stat_retx           0x00000000
W57  0x104  tx_retx_hi             0x00000000
W58  0x108  tx_retx_active         0x00000000
W54  0xF8   app_mismatch           0x00000000
W61  0x114  app_ctrl_stat_wu       0x00000000
W62  0x118  app_ctrl_rx_occ_bytes  0x00000000
W56  0x100  udpapp_tx_ovf          0x00000000
W59  0x10C  stx_stat_fifo_ovf      0x00000000
W60  0x110  srx_stat_fifo_ovf      0x00000000
W0   0x20   rx_stat_frames         0x000118d0
W22  0x78   rx_stat_pass_TCP       0x0001148a
SNAP_END N1P_idle nff=0
### SINK tail:
SINK_CONN 27 OK bytes=1048576 first_mismatch=-1 mism_bytes=0 conn_ms=0.098 dur_ms=2.550 Mbps=3289.980 reads=27 poll_tmo=0 CPU_FREQ_KHZ=3868229
SINK_CONN 28 OK bytes=1048576 first_mismatch=-1 mism_bytes=0 conn_ms=0.111 dur_ms=2.038 Mbps=4116.514 reads=12 poll_tmo=0 CPU_FREQ_KHZ=3869285
SINK_CONN 29 OK bytes=1048576 first_mismatch=-1 mism_bytes=0 conn_ms=0.133 dur_ms=2.114 Mbps=3968.472 reads=11 poll_tmo=0 CPU_FREQ_KHZ=3800234
SINK_SUM conns=30 fail_conns=0 bytes=31457280 clean_conns=30 bad_conns=0 mismatch_bytes=0 stall_conns=0 err_conns=0 poll_tmo=0 wall_s=0.069 net_s=0.069 agg_Mbps=3635.260
SINK_DONE
PIN_GETCPU_END=5 PIN_FREQ_END_KHZ=3800234
### SINK_SUM:
SINK_SUM conns=30 fail_conns=0 bytes=31457280 clean_conns=30 bad_conns=0 mismatch_bytes=0 stall_conns=0 err_conns=0 poll_tmo=0 wall_s=0.069 net_s=0.069 agg_Mbps=3635.260
### SINK head:
PIN_RULE=avoid-nic PIN_DEGRADED=none PIN_CPU=5 PIN_CORES_ONLINE=0-7 PIN_NIC_IFACE=enp1s0f0np0,enp1s0f1np1 PIN_NIC_CPUS=0,1,2,3,4,5 PIN_NIC_EXCLUDED=none PIN_CORE_LOAD=14561 PIN_ALLOWED_MASK=20 PIN_GETCPU_START=5 PIN_FREQ_START_KHZ=3871223 PIN_GOV=schedutil PIN_NIC_IRQLINES=12 PIN_NIC_IFACE_SRC=auto PIN_TUPLE_ORDER=own_sib_t
SINK_CONN 0 OK bytes=1048576 first_mismatch=-1 mism_bytes=0 conn_ms=0.120 dur_ms=2.606 Mbps=3218.585 reads=22 poll_tmo=0 CPU_FREQ_KHZ=3895605
SINK_CONN 1 OK bytes=1048576 first_mismatch=-1 mism_bytes=0 conn_ms=0.110 dur_ms=2.091 Mbps=4012.475 reads=12 poll_tmo=0 CPU_FREQ_KHZ=3785375
### CPU samples (last 24):
SYS_T 1791479377.203607346 cpu  26412 119 15157 3510404 2772 0 130 0 0 0
PS_T  1791479377.205518122  2.8 htop| 0.7 java| 0.2 gnome-shell| 0.1 snapd| 0.1 hw_server| 0.1 systemd|
### SS samples (last 6):
SS_T 1791479376.123452643 State    Recv-Q Send-Q   Local Address:Port   Peer Address:PortProcess                                                                                                                                                                    
SS_T 1791479376.636617491 State    Recv-Q Send-Q   Local Address:Port   Peer Address:PortProcess                                                                                                                                                                    
SS_T 1791479377.153093027 State    Recv-Q Send-Q   Local Address:Port   Peer Address:PortProcess                                                                                                                                                                    
### PCAP: -rw-r--r-- 1 tcpdump tcpdump 3670440 Oct  9 01:09 /tmp/N1P.pcap
39498 packets captured
39577 packets received by filter
0 packets dropped by kernel
STC_META_BOARD_BID_END=0x00000011
STC_DL_DONE 1791479380.692309098
