### J6META_BEGIN 2026-10-08T17:12:02Z
J6META_T_START_EPOCH=1791479522.677793955 J6META_T_START_UTC=2026-10-08T17:12:02Z
J6META_HOST=a-MS-7850 J6META_TAG=N1UP
J6META_TARGET=192.168.100.2:8080 J6META_SECS=6 J6META_PCAP=/tmp/N1UP.pcap
J6META_PCAP_ON=1 J6META_PCAP_ACTIVE=1 J6META_IO_AFFECTING=1 J6META_SNAP=/tmp/p7b_biz/p7b_snap.sh
J6META_GEOM_FALLBACK=GEOM_NOPCAP_* (NIC 硬件计数 rx/tx 比值 + 板侧 ΔW43/ΔW20/ΔW53; 见文件头 ⑨)
J6META_NW=63 J6META_EXPECT_BID=0x00000011 J6META_LEGACY=0 J6META_T0T1_WORDS=5,20,43,53,54,61 62
J6META_WRAP_RULE=all_board_cnt_are_32bit; delta_must_be_mod_2^32_with_k_recorded; raw_reads_are_the_snap_words; byte_cnt_wrap_at_2.863Gbps_per_12s; free_cnt_W5_W24_limit_27.487s; ref=P7B_STAGEB_CRITERIA_FIX.md
J6META_SCRIPT=j6_stagec_r6fix.sh J6META_SCRIPT_MD5=5e4c6c7db4b0f734ba0afeee5323e476
J6META_BIT_SHA=n/a
PACE_BPS=0
BIN=./p7b_tcp_src BIN_MD5=2350bb55e1c24b44006a56270efc4b26
SRC_CMD=./p7b_tcp_src --host 192.168.100.2 --port 8080 --seconds 6 
J6META_BOARD_MAGIC=0x50360001 J6META_BOARD_BID=0x00000011
### J6META_END 1791479522.687914870
### PHASE route_carrier 1791479522.688649082
192.168.100.2 dev enp1s0f1np1 src 192.168.100.100 uid 0 
    cache 
CARRIER=1
### PHASE geom_gate 1791479522.691745711  NW=63 EXPECT_BID=0x00000011
ID_MAGIC 0x50360001   (want 0x50360001)
ID_BID   0x00000011   (want 0x00000011 = 本构建的 BUILD_ID)
ID_MARKER 0xdeadbeef  (want 0xdeadbeef)
ID_UNIMPL 0xffffffff  (want 0xffffffff: 未实现地址必须走 SLVERR)
ID_OK 1791479522.711088696
J6_GEOM_OK NW=63 BID=0x00000011 T0T1_WORDS=5,53,54,61 62
### PHASE nic_pre 1791479522.712124127
     port_tx_bytes: 15311132865
     port_tx_packets: 10412611
     port_rx_good_bytes: 861226284
     port_rx_packets: 10437858
     port_rx_bad: 0
     port_rx_nodesc_drops: 0
     rx_eth_crc_err: 0
TcpInSegs                       10483695           0.0
TcpOutSegs                      10455304           0.0
TcpRetransSegs                  1902               0.0
TcpExtTCPFastRetrans            97                 0.0
TcpExtTCPOFOQueue               18677              0.0
TcpExtTCPACKSkippedSeq          11                 0.0
### PHASE pre_snapshot 1791479522.716348351  NW=63
SNAP_BEGIN N1UP_pre gen=51
W0   0x20   rx_stat_frames         0x009ee243
W1   0x24   rx_stat_bytes          0x909d58c1
W2   0x28   wl_last_lastframelen   0x00000066
W3   0x2C   rx_stat_crc_err        0x00000000
W4   0x30   rx_stat_drop           0x00000000
W5   0x34   gmii_free_FE           0x8589fc42
W6   0x38   srx_stat_commit        0x00000753
W7   0x3C   stx_stat_frames        0x00000199
W8   0x40   udpapp_tx_frames       0x00000000
W9   0x44   udpapp_tx_bytes        0x00000000
W10  0x48   udpapp_rx_frames       0x00000000
W11  0x4C   udpapp_rx_bytes        0x00000000
W12  0x50   udpapp_rx_null         0x00000000
W13  0x54   udpapp_mismatch        0x00000000
W14  0x58   tx_stat_frames_TCP     0x009f4349
W15  0x5C   tx_stat_bytes_TCP      0x0b903354
W16  0x60   srx_hls_bytes          0x000221d3
W17  0x64   hr_cnt_hlsreset        0x00000000
W18  0x68   stx_stat_purge         0x00000000
W19  0x6C   srx_stat_drop          0x00000000
W20  0x70   mac_tx_frames          0x009f44e2
W21  0x74   tx_stat_abort          0x00000000
W22  0x78   rx_stat_pass_TCP       0x009eda3c
W23  0x7C   rx_stat_nonmatch_TCP   0x000000b4
W24  0x80   dp_free_DP             0x85a0921f
W25  0x84   mmcm_locked            0x00000001
W26  0x88   rxcdc_full_cycles      0x00000003
W27  0x8C   rxcdc_occ_max          0x00000006
W28  0x90   txcdc_occ_max          0x0000003b
W29  0x94   txwire_stall_cycles    0x00000000
W30  0x98   rxcdc_out_frames       0x009ee243
W31  0x9C   rxcdc_out_bytes        0x8e21cfb5
W32  0xA0   rx_stat_drop_partial   0x00000000
W33  0xA4   rx_stat_orphan_bytes   0x00000000
W34  0xA8   rx_stat_drop_full      0x00000000
W35  0xAC   rx_stat_fifo_ovf       0x00000000
W36  0xB0   mrx_stat_rx_words      0x8589f57e
W37  0xB4   mrx_stat_rx_pay_bytes  0x8e21cfb5
W38  0xB8   rxcdc_ovf_cnt          0x00000000
W39  0xBC   pcs_status_bundle      0x2000100c
W40  0xC0   pcs_evt_bundle         0x000000ff
W41  0xC4   mtx_stat_flush_words   0x00000000
W42  0xC8   mtx_stat_flush_done    0x00000000
W43  0xCC   mtx_stat_tx_words      0x85822552
W44  0xD0   mtx_stat_tx_ctrl_char  0xf4610336
W45  0xD4   txcdc_ovf_cnt          0x00000000
W46  0xD8   cls_dbg_stat_ovf       0x00000000
W47  0xDC   cls_dbg_stat_route_ovf 0x00000000
W48  0xE0   cls_dbg_stat_stall_in  0x00000000
W49  0xE4   cls_dbg_occ            0x00000000
W50  0xE8   tx_clk_act             0x7e735ef7
W51  0xEC   app_tx_bytes           0x0b900000
W52  0xF0   app_tx_frames          0x00020797
W53  0xF4   app_rx_bytes           0x6c93f554
W54  0xF8   app_mismatch           0x00000000
W55  0xFC   tx_stat_retx           0x00000003
W56  0x100  udpapp_tx_ovf          0x00000000
W57  0x104  tx_retx_hi             0x1235dffd
W58  0x108  tx_retx_active         0x00000000
W59  0x10C  stx_stat_fifo_ovf      0x00000000
W60  0x110  srx_stat_fifo_ovf      0x00000000
W61  0x114  app_ctrl_stat_wu       0x00000000
W62  0x118  app_ctrl_rx_occ_bytes  0x00000000
SNAP_END N1UP_pre nff=0
PCAP_ACTIVE=1 IO_AFFECTING=1 target=/tmp/N1UP.pcap (⚠️ 本跑读数含磁盘 IO: tcpdump -w 逐包落盘 ⇒ 不许与 PCAP_ON=0 的读数混比)
### PHASE src_start 1791479524.455422199
PACE_BPS=0
SNAP_BEGIN N1UP_t0 gen=52
W5   0x34   gmii_free_FE           0x95bebf53
W20  0x70   mac_tx_frames          0x009f44e2
W43  0xCC   mtx_stat_tx_words      0x95b6de63
W53  0xF4   app_rx_bytes           0x6c93f554
W54  0xF8   app_mismatch           0x00000000
W61  0x114  app_ctrl_stat_wu       0x00000000
W62  0x118  app_ctrl_rx_occ_bytes  0x00000000
SNAP_END N1UP_t0 nff=0
PIN_RULE=avoid-nic PIN_DEGRADED=none PIN_CPU=5 PIN_CORES_ONLINE=0-7 PIN_NIC_IFACE=enp1s0f0np0,enp1s0f1np1 PIN_NIC_CPUS=0,1,2,3,4,5 PIN_NIC_EXCLUDED=none PIN_CORE_LOAD=85258 PIN_ALLOWED_MASK=20 PIN_GETCPU_START=5 PIN_FREQ_START_KHZ=3878270 PIN_GOV=schedutil PIN_NIC_IRQLINES=12 PIN_NIC_IFACE_SRC=auto PIN_TUPLE_ORDER=own_sib_t
SRC_CONNECTED 192.168.100.2:8080
SRC_EOF_AT 0.003847 rx_bytes=1048576  (板侧 FIN)
SRC_T 1.000 tx_MB=466.500 rx_MB=1.000 eof=1 CPU_FREQ_KHZ=3797996
SRC_T 2.000 tx_MB=934.312 rx_MB=1.000 eof=1 CPU_FREQ_KHZ=3797689
SRC_T 3.000 tx_MB=1402.000 rx_MB=1.000 eof=1 CPU_FREQ_KHZ=3790792
SRC_T 4.000 tx_MB=1869.188 rx_MB=1.000 eof=1 CPU_FREQ_KHZ=3799978
SRC_T 5.000 tx_MB=2336.188 rx_MB=1.000 eof=1 CPU_FREQ_KHZ=3799976
SRC_SUM tx_bytes=2936864768 rx_bytes=1048576 dur_s=6.000 tx_Mbps=3915.811 rx_Mbps=1.398 eof_seen=1 eof_at_s=0.004 send_err=0 rx_first_mismatch=-1 rx_mism_bytes=0 poll_tmo=0 poll_err=0
SRC_DONE
PIN_GETCPU_END=5 PIN_FREQ_END_KHZ=3799977
SRC_RC=0 1791479530.494719218
### PHASE t1_snapshot 1791479530.495568874
SNAP_BEGIN N1UP_t1 gen=53
W5   0x34   gmii_free_FE           0xcdfdc112
W20  0x70   mac_tx_frames          0x00beb41f
W43  0xCC   mtx_stat_tx_words      0xcdf5bd64
W53  0xF4   app_rx_bytes           0x1ba0f410
W54  0xF8   app_mismatch           0x00000000
W61  0x114  app_ctrl_stat_wu       0x00000000
W62  0x118  app_ctrl_rx_occ_bytes  0x00000000
SNAP_END N1UP_t1 nff=0
### PHASE post_snapshot 1791479532.533425114
SNAP_BEGIN N1UP_post gen=54
W0   0x20   rx_stat_frames         0x00be4ef9
W1   0x24   rx_stat_bytes          0x46c8fde1
W2   0x28   wl_last_lastframelen   0x0000017e
W3   0x2C   rx_stat_crc_err        0x00000000
W4   0x30   rx_stat_drop           0x00000000
W5   0x34   gmii_free_FE           0xe0f9f395
W6   0x38   srx_stat_commit        0x00000756
W7   0x3C   stx_stat_frames        0x0000019a
W8   0x40   udpapp_tx_frames       0x00000000
W9   0x44   udpapp_tx_bytes        0x00000000
W10  0x48   udpapp_rx_frames       0x00000000
W11  0x4C   udpapp_rx_bytes        0x00000000
W12  0x50   udpapp_rx_null         0x00000000
W13  0x54   udpapp_mismatch        0x00000000
W14  0x58   tx_stat_frames_TCP     0x00beb286
W15  0x5C   tx_stat_bytes_TCP      0x0ba04470
W16  0x60   srx_hls_bytes          0x00022529
W17  0x64   hr_cnt_hlsreset        0x00000000
W18  0x68   stx_stat_purge         0x00000000
W19  0x6C   srx_stat_drop          0x00000000
W20  0x70   mac_tx_frames          0x00beb420
W21  0x74   tx_stat_abort          0x00000000
W22  0x78   rx_stat_pass_TCP       0x00be46ef
W23  0x7C   rx_stat_nonmatch_TCP   0x000000b4
W24  0x80   dp_free_DP             0xe110733d
W25  0x84   mmcm_locked            0x00000001
W26  0x88   rxcdc_full_cycles      0x00000003
W27  0x8C   rxcdc_occ_max          0x00000006
W28  0x90   txcdc_occ_max          0x0000003b
W29  0x94   txwire_stall_cycles    0x00000000
W30  0x98   rxcdc_out_frames       0x00be4ef9
W31  0x9C   rxcdc_out_bytes        0x43cfc1fd
W32  0xA0   rx_stat_drop_partial   0x00000000
W33  0xA4   rx_stat_orphan_bytes   0x00000000
W34  0xA8   rx_stat_drop_full      0x00000000
W35  0xAC   rx_stat_fifo_ovf       0x00000000
W36  0xB0   mrx_stat_rx_words      0xe0f9ecd1
W37  0xB4   mrx_stat_rx_pay_bytes  0x43cfc1fd
W38  0xB8   rxcdc_ovf_cnt          0x00000000
W39  0xBC   pcs_status_bundle      0x2000100c
W40  0xC0   pcs_evt_bundle         0x000000ff
W41  0xC4   mtx_stat_flush_words   0x00000000
W42  0xC8   mtx_stat_flush_done    0x00000000
W43  0xCC   mtx_stat_tx_words      0xe0f1e430
W44  0xD0   mtx_stat_tx_ctrl_char  0xc7171fc4
W45  0xD4   txcdc_ovf_cnt          0x00000000
W46  0xD8   cls_dbg_stat_ovf       0x00000000
W47  0xDC   cls_dbg_stat_route_ovf 0x00000000
W48  0xE0   cls_dbg_stat_stall_in  0x00000000
W49  0xE4   cls_dbg_occ            0x00000000
W50  0xE8   tx_clk_act             0xd9b6970b
W51  0xEC   app_tx_bytes           0x0ba00000
W52  0xF0   app_tx_frames          0x00020a66
W53  0xF4   app_rx_bytes           0x1ba0f410
W54  0xF8   app_mismatch           0x00000000
W55  0xFC   tx_stat_retx           0x00000004
W56  0x100  udpapp_tx_ovf          0x00000000
W57  0x104  tx_retx_hi             0x1235dffd
W58  0x108  tx_retx_active         0x00000000
W59  0x10C  stx_stat_fifo_ovf      0x00000000
W60  0x110  srx_stat_fifo_ovf      0x00000000
W61  0x114  app_ctrl_stat_wu       0x00000000
W62  0x118  app_ctrl_rx_occ_bytes  0x00000000
SNAP_END N1UP_post nff=0
### PHASE nic_post 1791479532.768135510
     port_tx_bytes: 18367446497
     port_tx_packets: 12472057
     port_rx_good_bytes: 994120924
     port_rx_packets: 12497952
     port_rx_bad: 0
     port_rx_nodesc_drops: 0
     rx_eth_crc_err: 0
TcpInSegs                       12543885           0.0
TcpOutSegs                      12514932           0.0
TcpRetransSegs                  1903               0.0
TcpExtTCPFastRetrans            97                 0.0
TcpExtTCPOFOQueue               18701              0.0
TcpExtTCPACKSkippedSeq          11                 0.0
### PHASE geom_nopcap 1791479532.772415337
### GEOM_NOPCAP (PCAP_ON=1; 不抓包也能给几何/方向口径; raw 与 wrap 位一并落盘)
GEOM_NOPCAP_NIC_rx A_bytes=861226284 B_bytes=994120924 d_bytes=132894640 wrap=0 | A_pkts=10437858 B_pkts=12497952 d_pkts=2060094 wrap=0 | bytes_per_pkt=64.509018
GEOM_NOPCAP_NIC_tx A_bytes=15311132865 B_bytes=18367446497 d_bytes=3056313632 wrap=0 | A_pkts=10412611 B_pkts=12472057 d_pkts=2059446 wrap=0 | bytes_per_pkt=1484.046502
GEOM_NOPCAP_BOARD A_W20=10437858 B_W20=12497951 dW20=2060093 wrap=0 | A_W43=2511789667 B_W43=3455434084 dW43=943644417 wrap=0 | A_W5=2512306003 B_W5=3455959314 dW5=943653311 wrap=0 | cpf=458.059135 (TX 线忙度, 非 193 几何) | fps=341109.947 | 板侧上行 Mbps=3890.285 (ΔW53/时基)
### PHASE ping 1791479533.792217513
3 packets transmitted, 3 received, 0% packet loss, time 415ms rtt min/avg/max/mdev = 0.094/0.095/0.097/0.001 ms 
181876726 /tmp/N1UP.pcap
J6META_T_END_EPOCH=1791479534.210829331 J6META_T_END_UTC=2026-10-08T17:12:14Z J6META_DUR_S=11.533
PACE_BPS=0 J6META_BOARD_BID_END=0x00000011
TCPREG_J6_DONE
