### J6META_BEGIN 2026-10-08T17:09:26Z
STC_META_TAG=O1 STC_META_CONNS=30 STC_META_SECS=25 STC_META_RCVBUF=8388608
STC_META_SINK=/tmp/p7b_oldbench/p7b_tcp_sink STC_META_SINK_EXTRA='' STC_META_PCAP_ON=1 STC_META_BID_EXPECT=0x00000011
STC_META_SCRIPT=/tmp/p7b_oldbench/stc_dl_old.sh STC_META_SCRIPT_MD5=f50e5f82df7dda62f542108ab5a42f84
STC_META_SINK_MD5=10906f39eb7b93c7af633b38b3694c23
STC_META_PACE=N/A(board_is_sender) STC_META_BOARD_BID_PRE=0x00000011
STC_META_WRAP_RULE=all_board_cnt_32bit; delta_mod_2^32_with_k_recorded; W51_wrap@9.4Gbps=3.65s; W5_limit_27.487s
### PHASE route_carrier 1791479366.874824033
192.168.100.2 dev enp1s0f1np1 src 192.168.100.100 uid 0 
    cache 
CARRIER=1
### PHASE geom_gate 1791479366.877762346
ID_MAGIC 0x50360001   (want 0x50360001)
ID_BID   0x00000011   (want 0x00000011 = 本构建的 BUILD_ID)
ID_MARKER 0xdeadbeef  (want 0xdeadbeef)
ID_UNIMPL 0xffffffff  (want 0xffffffff: 未实现地址必须走 SLVERR)
ID_OK 1791479366.897040940
STC_GEOM_OK NW=63 BID=0x00000011
### PHASE nic_pre 1791479366.898009622
     port_tx_bytes: 2307857
     port_tx_packets: 35991
     port_rx_good_bytes: 65430660
     port_rx_packets: 43339
     port_rx_bad: 0
     port_rx_nodesc_drops: 0
     rx_eth_crc_err: 0
TcpInSegs                       87491              0.0
TcpOutSegs                      72445              0.0
TcpRetransSegs                  838                0.0
TcpExtTCPLossUndo               1                  0.0
TcpExtTCPFastRetrans            96                 0.0
TcpExtTCPRcvCollapsed           0                  0.0
TcpExtTCPOFOQueue               18604              0.0
TcpExtTCPACKSkippedPAWS         0                  0.0
TcpExtTCPACKSkippedSeq          11                 0.0
### PHASE pre_snapshot 1791479366.901795944
SNAP_BEGIN O1_pre gen=11
W0   0x20   rx_stat_frames         0x00008c97
W1   0x24   rx_stat_bytes          0x00233711
W2   0x28   wl_last_lastframelen   0x00000040
W3   0x2C   rx_stat_crc_err        0x00000000
W4   0x30   rx_stat_drop           0x00000000
W5   0x34   gmii_free_FE           0xda69be9a
W6   0x38   srx_stat_commit        0x00000229
W7   0x3C   stx_stat_frames        0x0000008c
W8   0x40   udpapp_tx_frames       0x00000000
W9   0x44   udpapp_tx_bytes        0x00000000
W10  0x48   udpapp_rx_frames       0x00000000
W11  0x4C   udpapp_rx_bytes        0x00000000
W12  0x50   udpapp_rx_null         0x00000000
W13  0x54   udpapp_mismatch        0x00000000
W14  0x58   tx_stat_frames_TCP     0x0000a8c0
W15  0x5C   tx_stat_bytes_TCP      0x03c00000
W16  0x60   srx_hls_bytes          0x0000a435
W17  0x64   hr_cnt_hlsreset        0x00000000
W18  0x68   stx_stat_purge         0x00000000
W19  0x6C   srx_stat_drop          0x00000000
W20  0x70   mac_tx_frames          0x0000a94c
W21  0x74   tx_stat_abort          0x00000000
W22  0x78   rx_stat_pass_TCP       0x00008a32
W23  0x7C   rx_stat_nonmatch_TCP   0x0000003c
W24  0x80   dp_free_DP             0xda81b6ab
W25  0x84   mmcm_locked            0x00000001
W26  0x88   rxcdc_full_cycles      0x00000003
W27  0x8C   rxcdc_occ_max          0x00000006
W28  0x90   txcdc_occ_max          0x00000006
W29  0x94   txwire_stall_cycles    0x00000000
W30  0x98   rxcdc_out_frames       0x00008c97
W31  0x9C   rxcdc_out_bytes        0x002104b5
W32  0xA0   rx_stat_drop_partial   0x00000000
W33  0xA4   rx_stat_orphan_bytes   0x00000000
W34  0xA8   rx_stat_drop_full      0x00000000
W35  0xAC   rx_stat_fifo_ovf       0x00000000
W36  0xB0   mrx_stat_rx_words      0xda69b7d6
W37  0xB4   mrx_stat_rx_pay_bytes  0x002104b5
W38  0xB8   rxcdc_ovf_cnt          0x00000000
W39  0xBC   pcs_status_bundle      0x2000100c
W40  0xC0   pcs_evt_bundle         0x000000ff
W41  0xC4   mtx_stat_flush_words   0x00000000
W42  0xC8   mtx_stat_flush_done    0x00000000
W43  0xCC   mtx_stat_tx_words      0xda6569fc
W44  0xD0   mtx_stat_tx_ctrl_char  0xcf404a08
W45  0xD4   txcdc_ovf_cnt          0x00000000
W46  0xD8   cls_dbg_stat_ovf       0x00000000
W47  0xDC   cls_dbg_stat_route_ovf 0x00000000
W48  0xE0   cls_dbg_stat_stall_in  0x00000000
W49  0xE4   cls_dbg_occ            0x00000000
W50  0xE8   tx_clk_act             0xd6167633
W51  0xEC   app_tx_bytes           0x03c00000
W52  0xF0   app_tx_frames          0x0000a884
W53  0xF4   app_rx_bytes           0x00000000
W54  0xF8   app_mismatch           0x00000000
W55  0xFC   tx_stat_retx           0x00000000
W56  0x100  udpapp_tx_ovf          0x00000000
W57  0x104  tx_retx_hi             0x00000000
W58  0x108  tx_retx_active         0x00000000
W59  0x10C  stx_stat_fifo_ovf      0x00000000
W60  0x110  srx_stat_fifo_ovf      0x00000000
W61  0x114  app_ctrl_stat_wu       0x00000000
W62  0x118  app_ctrl_rx_occ_bytes  0x00000000
SNAP_END O1_pre nff=0
### PHASE t0_snapshot 1791479368.139862910
SNAP_BEGIN O1_t0 gen=12
W5   0x34   gmii_free_FE           0xe5f4a26d
W51  0xEC   app_tx_bytes           0x03c00000
W52  0xF0   app_tx_frames          0x0000a884
W15  0x5C   tx_stat_bytes_TCP      0x03c00000
W14  0x58   tx_stat_frames_TCP     0x0000a8c0
W20  0x70   mac_tx_frames          0x0000a94c
W43  0xCC   mtx_stat_tx_words      0xe5f046aa
W55  0xFC   tx_stat_retx           0x00000000
W57  0x104  tx_retx_hi             0x00000000
W58  0x108  tx_retx_active         0x00000000
W54  0xF8   app_mismatch           0x00000000
W61  0x114  app_ctrl_stat_wu       0x00000000
W62  0x118  app_ctrl_rx_occ_bytes  0x00000000
W56  0x100  udpapp_tx_ovf          0x00000000
W59  0x10C  stx_stat_fifo_ovf      0x00000000
W60  0x110  srx_stat_fifo_ovf      0x00000000
W0   0x20   rx_stat_frames         0x00008c97
W22  0x78   rx_stat_pass_TCP       0x00008a32
SNAP_END O1_t0 nff=0
### PHASE sink_start 1791479368.216596777
SINK_RC=0 1791479368.289839757
### PHASE t1_snapshot 1791479368.290788922
SNAP_BEGIN O1_t1 gen=13
W5   0x34   gmii_free_FE           0xe7599c60
W51  0xEC   app_tx_bytes           0x05a00000
W52  0xF0   app_tx_frames          0x0000fcc6
W15  0x5C   tx_stat_bytes_TCP      0x05a00000
W14  0x58   tx_stat_frames_TCP     0x0000fd20
W20  0x70   mac_tx_frames          0x0000fde9
W43  0xCC   mtx_stat_tx_words      0xe7553fc0
W55  0xFC   tx_stat_retx           0x00000000
W57  0x104  tx_retx_hi             0x00000000
W58  0x108  tx_retx_active         0x00000000
W54  0xF8   app_mismatch           0x00000000
W61  0x114  app_ctrl_stat_wu       0x00000000
W62  0x118  app_ctrl_rx_occ_bytes  0x00000000
W56  0x100  udpapp_tx_ovf          0x00000000
W59  0x10C  stx_stat_fifo_ovf      0x00000000
W60  0x110  srx_stat_fifo_ovf      0x00000000
W0   0x20   rx_stat_frames         0x0000d1a6
W22  0x78   rx_stat_pass_TCP       0x0000cee7
SNAP_END O1_t1 nff=0
### PHASE post_snapshot 1791479369.367381556
SNAP_BEGIN O1_post gen=14
W0   0x20   rx_stat_frames         0x0000d1e2
W1   0x24   rx_stat_bytes          0x00348b75
W2   0x28   wl_last_lastframelen   0x00000040
W3   0x2C   rx_stat_crc_err        0x00000000
W4   0x30   rx_stat_drop           0x00000000
W5   0x34   gmii_free_FE           0xf164914b
W6   0x38   srx_stat_commit        0x000002a1
W7   0x3C   stx_stat_frames        0x000000c9
W8   0x40   udpapp_tx_frames       0x00000000
W9   0x44   udpapp_tx_bytes        0x00000000
W10  0x48   udpapp_rx_frames       0x00000000
W11  0x4C   udpapp_rx_bytes        0x00000000
W12  0x50   udpapp_rx_null         0x00000000
W13  0x54   udpapp_mismatch        0x00000000
W14  0x58   tx_stat_frames_TCP     0x0000fd20
W15  0x5C   tx_stat_bytes_TCP      0x05a00000
W16  0x60   srx_hls_bytes          0x0000c5b9
W17  0x64   hr_cnt_hlsreset        0x00000000
W18  0x68   stx_stat_purge         0x00000000
W19  0x6C   srx_stat_drop          0x00000000
W20  0x70   mac_tx_frames          0x0000fde9
W21  0x74   tx_stat_abort          0x00000000
W22  0x78   rx_stat_pass_TCP       0x0000cee7
W23  0x7C   rx_stat_nonmatch_TCP   0x0000005a
W24  0x80   dp_free_DP             0xf17c83c6
W25  0x84   mmcm_locked            0x00000001
W26  0x88   rxcdc_full_cycles      0x00000003
W27  0x8C   rxcdc_occ_max          0x00000006
W28  0x90   txcdc_occ_max          0x00000006
W29  0x94   txwire_stall_cycles    0x00000000
W30  0x98   rxcdc_out_frames       0x0000d1e2
W31  0x9C   rxcdc_out_bytes        0x003143ed
W32  0xA0   rx_stat_drop_partial   0x00000000
W33  0xA4   rx_stat_orphan_bytes   0x00000000
W34  0xA8   rx_stat_drop_full      0x00000000
W35  0xAC   rx_stat_fifo_ovf       0x00000000
W36  0xB0   mrx_stat_rx_words      0xf1648a87
W37  0xB4   mrx_stat_rx_pay_bytes  0x003143ed
W38  0xB8   rxcdc_ovf_cnt          0x00000000
W39  0xBC   pcs_status_bundle      0x2000100c
W40  0xC0   pcs_evt_bundle         0x000000ff
W41  0xC4   mtx_stat_flush_words   0x00000000
W42  0xC8   mtx_stat_flush_done    0x00000000
W43  0xCC   mtx_stat_tx_words      0xf1602e73
W44  0xD0   mtx_stat_tx_ctrl_char  0x8520efc1
W45  0xD4   txcdc_ovf_cnt          0x00000000
W46  0xD8   cls_dbg_stat_ovf       0x00000000
W47  0xDC   cls_dbg_stat_route_ovf 0x00000000
W48  0xE0   cls_dbg_stat_stall_in  0x00000000
W49  0xE4   cls_dbg_occ            0x00000000
W50  0xE8   tx_clk_act             0xed0619c4
W51  0xEC   app_tx_bytes           0x05a00000
W52  0xF0   app_tx_frames          0x0000fcc6
W53  0xF4   app_rx_bytes           0x00000000
W54  0xF8   app_mismatch           0x00000000
W55  0xFC   tx_stat_retx           0x00000000
W56  0x100  udpapp_tx_ovf          0x00000000
W57  0x104  tx_retx_hi             0x00000000
W58  0x108  tx_retx_active         0x00000000
W59  0x10C  stx_stat_fifo_ovf      0x00000000
W60  0x110  srx_stat_fifo_ovf      0x00000000
W61  0x114  app_ctrl_stat_wu       0x00000000
W62  0x118  app_ctrl_rx_occ_bytes  0x00000000
SNAP_END O1_post nff=0
### PHASE nic_post 1791479369.603094975
     port_tx_bytes: 3443573
     port_tx_packets: 53730
     port_rx_good_bytes: 98144888
     port_rx_packets: 65001
     port_rx_bad: 0
     port_rx_nodesc_drops: 0
     rx_eth_crc_err: 0
TcpInSegs                       109246             0.0
TcpOutSegs                      90311              0.0
TcpRetransSegs                  898                0.0
TcpExtTCPLossUndo               1                  0.0
TcpExtTCPFastRetrans            96                 0.0
TcpExtTCPRcvCollapsed           0                  0.0
TcpExtTCPOFOQueue               18604              0.0
TcpExtTCPACKSkippedPAWS         0                  0.0
TcpExtTCPACKSkippedSeq          11                 0.0
### PHASE idle_snap 1791479369.606888613
SNAP_BEGIN O1_idle gen=15
W5   0x34   gmii_free_FE           0x0642e045
W51  0xEC   app_tx_bytes           0x05a00000
W52  0xF0   app_tx_frames          0x0000fcc6
W15  0x5C   tx_stat_bytes_TCP      0x05a00000
W14  0x58   tx_stat_frames_TCP     0x0000fd20
W20  0x70   mac_tx_frames          0x0000fdea
W43  0xCC   mtx_stat_tx_words      0x063e7082
W55  0xFC   tx_stat_retx           0x00000000
W57  0x104  tx_retx_hi             0x00000000
W58  0x108  tx_retx_active         0x00000000
W54  0xF8   app_mismatch           0x00000000
W61  0x114  app_ctrl_stat_wu       0x00000000
W62  0x118  app_ctrl_rx_occ_bytes  0x00000000
W56  0x100  udpapp_tx_ovf          0x00000000
W59  0x10C  stx_stat_fifo_ovf      0x00000000
W60  0x110  srx_stat_fifo_ovf      0x00000000
W0   0x20   rx_stat_frames         0x0000d23c
W22  0x78   rx_stat_pass_TCP       0x0000cee7
SNAP_END O1_idle nff=0
### SINK tail:
SINK_CONN 27 OK bytes=1048576 first_mismatch=-1 mism_bytes=0 conn_ms=0.097 dur_ms=2.514 Mbps=3336.307 reads=90 CPU_FREQ_KHZ=3887734
SINK_CONN 28 OK bytes=1048576 first_mismatch=-1 mism_bytes=0 conn_ms=0.089 dur_ms=2.381 Mbps=3523.132 reads=19 CPU_FREQ_KHZ=3897286
SINK_CONN 29 OK bytes=1048576 first_mismatch=-1 mism_bytes=0 conn_ms=0.106 dur_ms=2.092 Mbps=4009.322 reads=11 CPU_FREQ_KHZ=3816660
SINK_SUM conns=30 fail_conns=0 bytes=31457280 clean_conns=30 bad_conns=0 mismatch_bytes=0 wall_s=0.068 net_s=0.068 agg_Mbps=3694.862
SINK_DONE
PIN_GETCPU_END=5 PIN_FREQ_END_KHZ=3799962
### SINK_SUM:
SINK_SUM conns=30 fail_conns=0 bytes=31457280 clean_conns=30 bad_conns=0 mismatch_bytes=0 wall_s=0.068 net_s=0.068 agg_Mbps=3694.862
### SINK head:
PIN_RULE=avoid-nic PIN_DEGRADED=none PIN_CPU=5 PIN_CORES_ONLINE=0-7 PIN_NIC_IFACE=enp1s0f0np0,enp1s0f1np1 PIN_NIC_CPUS=0,1,2,3,4,5 PIN_NIC_EXCLUDED=none PIN_CORE_LOAD=14275 PIN_ALLOWED_MASK=20 PIN_GETCPU_START=5 PIN_FREQ_START_KHZ=3801978 PIN_GOV=schedutil PIN_NIC_IRQLINES=12 PIN_NIC_IFACE_SRC=auto PIN_TUPLE_ORDER=own_sib_t
SINK_CONN 0 OK bytes=1048576 first_mismatch=-1 mism_bytes=0 conn_ms=0.099 dur_ms=2.071 Mbps=4050.192 reads=9 CPU_FREQ_KHZ=3861629
SINK_CONN 1 OK bytes=1048576 first_mismatch=-1 mism_bytes=0 conn_ms=0.080 dur_ms=2.150 Mbps=3901.007 reads=16 CPU_FREQ_KHZ=3797362
### CPU samples (last 24):
SYS_T 1791479368.217846600 cpu  26350 119 15028 3503429 2772 0 126 0 0 0
PS_T  1791479368.219743503  100 p7b_tcp_sink| 2.8 htop| 0.7 java| 0.6 sshd| 0.2 gnome-shell| 0.1 snapd|
### SS samples (last 6):
SS_T 1791479367.138448975 State    Recv-Q Send-Q   Local Address:Port   Peer Address:PortProcess                                                                                                                                                                    
SS_T 1791479367.651718501 State    Recv-Q Send-Q   Local Address:Port   Peer Address:PortProcess                                                                                                                                                                    
SS_T 1791479368.167826928 State    Recv-Q Send-Q   Local Address:Port   Peer Address:PortProcess                                                                                                                                                                    
### PCAP: -rw-r--r-- 1 tcpdump tcpdump 3525754 Oct  9 01:09 /tmp/O1.pcap
37887 packets captured
39339 packets received by filter
0 packets dropped by kernel
STC_META_BOARD_BID_END=0x00000011
STC_DL_DONE 1791479371.690735905
