### J6META_BEGIN 2026-10-08T17:11:22Z
J6META_T_START_EPOCH=1791479482.551761147 J6META_T_START_UTC=2026-10-08T17:11:22Z
J6META_HOST=a-MS-7850 J6META_TAG=O1U
J6META_TARGET=192.168.100.2:8080 J6META_SECS=6 J6META_PCAP=/tmp/U2.pcap
J6META_NW=63 J6META_EXPECT_BID=0x00000011 J6META_LEGACY=0 J6META_T0T1_WORDS=5,53,54,61 62
J6META_WRAP_RULE=all_board_cnt_are_32bit; delta_must_be_mod_2^32_with_k_recorded; raw_reads_are_the_snap_words; byte_cnt_wrap_at_2.863Gbps_per_12s; free_cnt_W5_W24_limit_27.487s; ref=P7B_STAGEB_CRITERIA_FIX.md
J6META_SCRIPT=/tmp/p7b_oldbench/j6_stagec_old.sh J6META_SCRIPT_MD5=e453afac83584b49ae5ed323c23da5d9
J6META_BIT_SHA=n/a
PACE_BPS=0
BIN=/tmp/p7b_oldbench/p7b_tcp_src BIN_MD5=e1261ef4dc26086e55caefa1c9c646b9
SRC_CMD=/tmp/p7b_oldbench/p7b_tcp_src --host 192.168.100.2 --port 8080 --seconds 6 
J6META_BOARD_MAGIC=0x50360001 J6META_BOARD_BID=0x00000011
### J6META_END 1791479482.561130272
### PHASE route_carrier 1791479482.561881309
192.168.100.2 dev enp1s0f1np1 src 192.168.100.100 uid 0 
    cache 
CARRIER=1
### PHASE geom_gate 1791479482.564781839  NW=63 EXPECT_BID=0x00000011
ID_MAGIC 0x50360001   (want 0x50360001)
ID_BID   0x00000011   (want 0x00000011 = 本构建的 BUILD_ID)
ID_MARKER 0xdeadbeef  (want 0xdeadbeef)
ID_UNIMPL 0xffffffff  (want 0xffffffff: 未实现地址必须走 SLVERR)
ID_OK 1791479482.583859892
J6_GEOM_OK NW=63 BID=0x00000011 T0T1_WORDS=5,53,54,61 62
### PHASE pre_snapshot 1791479482.584849164  NW=63
SNAP_BEGIN O1U_pre gen=39
W0   0x20   rx_stat_frames         0x0041bd16
W1   0x24   rx_stat_bytes          0x740bde87
W2   0x28   wl_last_lastframelen   0x00000066
W3   0x2C   rx_stat_crc_err        0x00000000
W4   0x30   rx_stat_drop           0x00000000
W5   0x34   gmii_free_FE           0x0fc9bd3b
W6   0x38   srx_stat_commit        0x00000741
W7   0x3C   stx_stat_frames        0x0000018a
W8   0x40   udpapp_tx_frames       0x00000000
W9   0x44   udpapp_tx_bytes        0x00000000
W10  0x48   udpapp_rx_frames       0x00000000
W11  0x4C   udpapp_rx_bytes        0x00000000
W12  0x50   udpapp_rx_null         0x00000000
W13  0x54   udpapp_mismatch        0x00000000
W14  0x58   tx_stat_frames_TCP     0x00421665
W15  0x5C   tx_stat_bytes_TCP      0x0b602238
W16  0x60   srx_hls_bytes          0x00021017
W17  0x64   hr_cnt_hlsreset        0x00000000
W18  0x68   stx_stat_purge         0x00000000
W19  0x6C   srx_stat_drop          0x00000000
W20  0x70   mac_tx_frames          0x004217ef
W21  0x74   tx_stat_abort          0x00000000
W22  0x78   rx_stat_pass_TCP       0x0041b521
W23  0x7C   rx_stat_nonmatch_TCP   0x000000b4
W24  0x80   dp_free_DP             0x0fe0ae05
W25  0x84   mmcm_locked            0x00000001
W26  0x88   rxcdc_full_cycles      0x00000003
W27  0x8C   rxcdc_occ_max          0x00000006
W28  0x90   txcdc_occ_max          0x0000003b
W29  0x94   txwire_stall_cycles    0x00000000
W30  0x98   rxcdc_out_frames       0x0041bd16
W31  0x9C   rxcdc_out_bytes        0x7304ea2f
W32  0xA0   rx_stat_drop_partial   0x00000000
W33  0xA4   rx_stat_orphan_bytes   0x00000000
W34  0xA8   rx_stat_drop_full      0x00000000
W35  0xAC   rx_stat_fifo_ovf       0x00000000
W36  0xB0   mrx_stat_rx_words      0x0fc9b677
W37  0xB4   mrx_stat_rx_pay_bytes  0x7304ea2f
W38  0xB8   rxcdc_ovf_cnt          0x00000000
W39  0xBC   pcs_status_bundle      0x2000100c
W40  0xC0   pcs_evt_bundle         0x000000ff
W41  0xC4   mtx_stat_flush_words   0x00000000
W42  0xC8   mtx_stat_flush_done    0x00000000
W43  0xCC   mtx_stat_tx_words      0x0fc2cd47
W44  0xD0   mtx_stat_tx_ctrl_char  0x606d9a15
W45  0xD4   txcdc_ovf_cnt          0x00000000
W46  0xD8   cls_dbg_stat_ovf       0x00000000
W47  0xDC   cls_dbg_stat_route_ovf 0x00000000
W48  0xE0   cls_dbg_stat_stall_in  0x00000000
W49  0xE4   cls_dbg_occ            0x00000000
W50  0xE8   tx_clk_act             0x0969252d
W51  0xEC   app_tx_bytes           0x0b600000
W52  0xF0   app_tx_frames          0x0001ff2a
W53  0xF4   app_rx_bytes           0x651cfb20
W54  0xF8   app_mismatch           0x00000000
W55  0xFC   tx_stat_retx           0x00000002
W56  0x100  udpapp_tx_ovf          0x00000000
W57  0x104  tx_retx_hi             0x1235dffd
W58  0x108  tx_retx_active         0x00000000
W59  0x10C  stx_stat_fifo_ovf      0x00000000
W60  0x110  srx_stat_fifo_ovf      0x00000000
W61  0x114  app_ctrl_stat_wu       0x00000000
W62  0x118  app_ctrl_rx_occ_bytes  0x00000000
SNAP_END O1U_pre nff=0
### PHASE src_start 1791479484.320298862
PACE_BPS=0
SNAP_BEGIN O1U_t0 gen=40
W5   0x34   gmii_free_FE           0x1ff73248
W53  0xF4   app_rx_bytes           0x651cfb20
W54  0xF8   app_mismatch           0x00000000
W61  0x114  app_ctrl_stat_wu       0x00000000
W62  0x118  app_ctrl_rx_occ_bytes  0x00000000
SNAP_END O1U_t0 nff=0
PIN_RULE=avoid-nic PIN_DEGRADED=none PIN_CPU=5 PIN_CORES_ONLINE=0-7 PIN_NIC_IFACE=enp1s0f0np0,enp1s0f1np1 PIN_NIC_CPUS=0,1,2,3,4,5 PIN_NIC_EXCLUDED=none PIN_CORE_LOAD=15740 PIN_ALLOWED_MASK=20 PIN_GETCPU_START=5 PIN_FREQ_START_KHZ=3896806 PIN_GOV=schedutil PIN_NIC_IRQLINES=12 PIN_NIC_IFACE_SRC=auto PIN_TUPLE_ORDER=own_sib_t
SRC_CONNECTED 192.168.100.2:8080
SRC_EOF_AT 0.004004 rx_bytes=1048576  (板侧 FIN)
SRC_T 1.000 tx_MB=466.500 rx_MB=1.000 eof=1 CPU_FREQ_KHZ=3797173
SRC_T 2.000 tx_MB=932.938 rx_MB=1.000 eof=1 CPU_FREQ_KHZ=3699960
SRC_T 3.000 tx_MB=1403.250 rx_MB=1.000 eof=1 CPU_FREQ_KHZ=3799988
SRC_T 4.000 tx_MB=1872.562 rx_MB=1.000 eof=1 CPU_FREQ_KHZ=3799970
SRC_T 5.000 tx_MB=2342.375 rx_MB=1.000 eof=1 CPU_FREQ_KHZ=3799988
SRC_SUM tx_bytes=2944663552 rx_bytes=1048576 dur_s=6.000 tx_Mbps=3926.216 rx_Mbps=1.398 eof_seen=1 eof_at_s=0.004 send_err=0 rx_first_mismatch=-1 rx_mism_bytes=0
SRC_DONE
PIN_GETCPU_END=5 PIN_FREQ_END_KHZ=3799983
SRC_RC=0 1791479490.353323485
### PHASE t1_snapshot 1791479490.354195072
SNAP_BEGIN O1U_t1 gen=41
W5   0x34   gmii_free_FE           0x582630f3
W53  0xF4   app_rx_bytes           0x14a0f8e4
W54  0xF8   app_mismatch           0x00000000
W61  0x114  app_ctrl_stat_wu       0x00000000
W62  0x118  app_ctrl_rx_occ_bytes  0x00000000
SNAP_END O1U_t1 nff=0
### PHASE post_snapshot 1791479492.384759500
SNAP_BEGIN O1U_post gen=42
W0   0x20   rx_stat_frames         0x00613ea3
W1   0x24   rx_stat_bytes          0x2ab33d3f
W2   0x28   wl_last_lastframelen   0x00000276
W3   0x2C   rx_stat_crc_err        0x00000000
W4   0x30   rx_stat_drop           0x00000000
W5   0x34   gmii_free_FE           0x6b1370e4
W6   0x38   srx_stat_commit        0x00000744
W7   0x3C   stx_stat_frames        0x0000018d
W8   0x40   udpapp_tx_frames       0x00000000
W9   0x44   udpapp_tx_bytes        0x00000000
W10  0x48   udpapp_rx_frames       0x00000000
W11  0x4C   udpapp_rx_bytes        0x00000000
W12  0x50   udpapp_rx_null         0x00000000
W13  0x54   udpapp_mismatch        0x00000000
W14  0x58   tx_stat_frames_TCP     0x00619a7a
W15  0x5C   tx_stat_bytes_TCP      0x0b703354
W16  0x60   srx_hls_bytes          0x0002155d
W17  0x64   hr_cnt_hlsreset        0x00000000
W18  0x68   stx_stat_purge         0x00000000
W19  0x6C   srx_stat_drop          0x00000000
W20  0x70   mac_tx_frames          0x00619c07
W21  0x74   tx_stat_abort          0x00000000
W22  0x78   rx_stat_pass_TCP       0x006136ab
W23  0x7C   rx_stat_nonmatch_TCP   0x000000b4
W24  0x80   dp_free_DP             0x6b2a4b70
W25  0x84   mmcm_locked            0x00000001
W26  0x88   rxcdc_full_cycles      0x00000003
W27  0x8C   rxcdc_occ_max          0x00000006
W28  0x90   txcdc_occ_max          0x0000003b
W29  0x94   txwire_stall_cycles    0x00000000
W30  0x98   rxcdc_out_frames       0x00613ea3
W31  0x9C   rxcdc_out_bytes        0x292e42b3
W32  0xA0   rx_stat_drop_partial   0x00000000
W33  0xA4   rx_stat_orphan_bytes   0x00000000
W34  0xA8   rx_stat_drop_full      0x00000000
W35  0xAC   rx_stat_fifo_ovf       0x00000000
W36  0xB0   mrx_stat_rx_words      0x6b136a20
W37  0xB4   mrx_stat_rx_pay_bytes  0x292e42b3
W38  0xB8   rxcdc_ovf_cnt          0x00000000
W39  0xBC   pcs_status_bundle      0x2000100c
W40  0xC0   pcs_evt_bundle         0x000000ff
W41  0xC4   mtx_stat_flush_words   0x00000000
W42  0xC8   mtx_stat_flush_done    0x00000000
W43  0xCC   mtx_stat_tx_words      0x6b0c487f
W44  0xD0   mtx_stat_tx_ctrl_char  0x31ebd0fd
W45  0xD4   txcdc_ovf_cnt          0x00000000
W46  0xD8   cls_dbg_stat_ovf       0x00000000
W47  0xDC   cls_dbg_stat_route_ovf 0x00000000
W48  0xE0   cls_dbg_stat_stall_in  0x00000000
W49  0xE4   cls_dbg_occ            0x00000000
W50  0xE8   tx_clk_act             0x64866ed2
W51  0xEC   app_tx_bytes           0x0b700000
W52  0xF0   app_tx_frames          0x000201f9
W53  0xF4   app_rx_bytes           0x14a0f8e4
W54  0xF8   app_mismatch           0x00000000
W55  0xFC   tx_stat_retx           0x00000003
W56  0x100  udpapp_tx_ovf          0x00000000
W57  0x104  tx_retx_hi             0x1235dffd
W58  0x108  tx_retx_active         0x00000000
W59  0x10C  stx_stat_fifo_ovf      0x00000000
W60  0x110  srx_stat_fifo_ovf      0x00000000
W61  0x114  app_ctrl_stat_wu       0x00000000
W62  0x118  app_ctrl_rx_occ_bytes  0x00000000
SNAP_END O1U_post nff=0
### PHASE ping 1791479493.623874126
3 packets transmitted, 3 received, 0% packet loss, time 415ms rtt min/avg/max/mdev = 0.084/0.090/0.096/0.005 ms 
182288644 /tmp/U2.pcap
J6META_T_END_EPOCH=1791479494.042727072 J6META_T_END_UTC=2026-10-08T17:11:34Z J6META_DUR_S=11.491
PACE_BPS=0 J6META_BOARD_BID_END=0x00000011
TCPREG_J6_DONE
