### J6META_BEGIN 2026-10-08T17:09:46Z
STC_META_TAG=O2 STC_META_CONNS=30 STC_META_SECS=25 STC_META_RCVBUF=8388608
STC_META_SINK=/tmp/p7b_oldbench/p7b_tcp_sink STC_META_SINK_EXTRA='' STC_META_PCAP_ON=1 STC_META_BID_EXPECT=0x00000011
STC_META_SCRIPT=/tmp/p7b_oldbench/stc_dl_old.sh STC_META_SCRIPT_MD5=f50e5f82df7dda62f542108ab5a42f84
STC_META_SINK_MD5=10906f39eb7b93c7af633b38b3694c23
STC_META_PACE=N/A(board_is_sender) STC_META_BOARD_BID_PRE=0x00000011
STC_META_WRAP_RULE=all_board_cnt_32bit; delta_mod_2^32_with_k_recorded; W51_wrap@9.4Gbps=3.65s; W5_limit_27.487s
### PHASE route_carrier 1791479386.356404430
192.168.100.2 dev enp1s0f1np1 src 192.168.100.100 uid 0 
    cache 
CARRIER=1
### PHASE geom_gate 1791479386.359308496
ID_MAGIC 0x50360001   (want 0x50360001)
ID_BID   0x00000011   (want 0x00000011 = 本构建的 BUILD_ID)
ID_MARKER 0xdeadbeef  (want 0xdeadbeef)
ID_UNIMPL 0xffffffff  (want 0xffffffff: 未实现地址必须走 SLVERR)
ID_OK 1791479386.378424814
STC_GEOM_OK NW=63 BID=0x00000011
### PHASE nic_pre 1791479386.379454937
     port_tx_bytes: 4611912
     port_tx_packets: 71978
     port_rx_good_bytes: 130859052
     port_rx_packets: 86662
     port_rx_bad: 0
     port_rx_nodesc_drops: 0
     rx_eth_crc_err: 0
TcpInSegs                       131088             0.0
TcpOutSegs                      108574             0.0
TcpRetransSegs                  1228               0.0
TcpExtTCPLossUndo               1                  0.0
TcpExtTCPFastRetrans            96                 0.0
TcpExtTCPRcvCollapsed           0                  0.0
TcpExtTCPOFOQueue               18604              0.0
TcpExtTCPACKSkippedPAWS         0                  0.0
TcpExtTCPACKSkippedSeq          11                 0.0
### PHASE pre_snapshot 1791479386.383142776
SNAP_BEGIN O2_pre gen=21
W0   0x20   rx_stat_frames         0x0001192a
W1   0x24   rx_stat_bytes          0x00465f48
W2   0x28   wl_last_lastframelen   0x00000040
W3   0x2C   rx_stat_crc_err        0x00000000
W4   0x30   rx_stat_drop           0x00000000
W5   0x34   gmii_free_FE           0x8fd89e89
W6   0x38   srx_stat_commit        0x00000428
W7   0x3C   stx_stat_frames        0x00000106
W8   0x40   udpapp_tx_frames       0x00000000
W9   0x44   udpapp_tx_bytes        0x00000000
W10  0x48   udpapp_rx_frames       0x00000000
W11  0x4C   udpapp_rx_bytes        0x00000000
W12  0x50   udpapp_rx_null         0x00000000
W13  0x54   udpapp_mismatch        0x00000000
W14  0x58   tx_stat_frames_TCP     0x00015180
W15  0x5C   tx_stat_bytes_TCP      0x07800000
W16  0x60   srx_hls_bytes          0x00012f68
W17  0x64   hr_cnt_hlsreset        0x00000000
W18  0x68   stx_stat_purge         0x00000000
W19  0x6C   srx_stat_drop          0x00000000
W20  0x70   mac_tx_frames          0x00015286
W21  0x74   tx_stat_abort          0x00000000
W22  0x78   rx_stat_pass_TCP       0x0001148a
W23  0x7C   rx_stat_nonmatch_TCP   0x00000078
W24  0x80   dp_free_DP             0x8ff06a76
W25  0x84   mmcm_locked            0x00000001
W26  0x88   rxcdc_full_cycles      0x00000003
W27  0x8C   rxcdc_occ_max          0x00000006
W28  0x90   txcdc_occ_max          0x00000006
W29  0x94   txwire_stall_cycles    0x00000000
W30  0x98   rxcdc_out_frames       0x0001192a
W31  0x9C   rxcdc_out_bytes        0x0041faa0
W32  0xA0   rx_stat_drop_partial   0x00000000
W33  0xA4   rx_stat_orphan_bytes   0x00000000
W34  0xA8   rx_stat_drop_full      0x00000000
W35  0xAC   rx_stat_fifo_ovf       0x00000000
W36  0xB0   mrx_stat_rx_words      0x8fd897c5
W37  0xB4   mrx_stat_rx_pay_bytes  0x0041faa0
W38  0xB8   rxcdc_ovf_cnt          0x00000000
W39  0xBC   pcs_status_bundle      0x2000100c
W40  0xC0   pcs_evt_bundle         0x000000ff
W41  0xC4   mtx_stat_flush_words   0x00000000
W42  0xC8   mtx_stat_flush_done    0x00000000
W43  0xCC   mtx_stat_tx_words      0x8fd3d98f
W44  0xD0   mtx_stat_tx_ctrl_char  0x76c8caa2
W45  0xD4   txcdc_ovf_cnt          0x00000000
W46  0xD8   cls_dbg_stat_ovf       0x00000000
W47  0xDC   cls_dbg_stat_route_ovf 0x00000000
W48  0xE0   cls_dbg_stat_stall_in  0x00000000
W49  0xE4   cls_dbg_occ            0x00000000
W50  0xE8   tx_clk_act             0x8b2cb269
W51  0xEC   app_tx_bytes           0x07800000
W52  0xF0   app_tx_frames          0x00015108
W53  0xF4   app_rx_bytes           0x00000000
W54  0xF8   app_mismatch           0x00000000
W55  0xFC   tx_stat_retx           0x00000000
W56  0x100  udpapp_tx_ovf          0x00000000
W57  0x104  tx_retx_hi             0x00000000
W58  0x108  tx_retx_active         0x00000000
W59  0x10C  stx_stat_fifo_ovf      0x00000000
W60  0x110  srx_stat_fifo_ovf      0x00000000
W61  0x114  app_ctrl_stat_wu       0x00000000
W62  0x118  app_ctrl_rx_occ_bytes  0x00000000
SNAP_END O2_pre nff=0
### PHASE t0_snapshot 1791479387.619491259
SNAP_BEGIN O2_t0 gen=22
W5   0x34   gmii_free_FE           0x9b5d5ea1
W51  0xEC   app_tx_bytes           0x07800000
W52  0xF0   app_tx_frames          0x00015108
W15  0x5C   tx_stat_bytes_TCP      0x07800000
W14  0x58   tx_stat_frames_TCP     0x00015180
W20  0x70   mac_tx_frames          0x00015286
W43  0xCC   mtx_stat_tx_words      0x9b589284
W55  0xFC   tx_stat_retx           0x00000000
W57  0x104  tx_retx_hi             0x00000000
W58  0x108  tx_retx_active         0x00000000
W54  0xF8   app_mismatch           0x00000000
W61  0x114  app_ctrl_stat_wu       0x00000000
W62  0x118  app_ctrl_rx_occ_bytes  0x00000000
W56  0x100  udpapp_tx_ovf          0x00000000
W59  0x10C  stx_stat_fifo_ovf      0x00000000
W60  0x110  srx_stat_fifo_ovf      0x00000000
W0   0x20   rx_stat_frames         0x0001192a
W22  0x78   rx_stat_pass_TCP       0x0001148a
SNAP_END O2_t0 nff=0
### PHASE sink_start 1791479387.695415367
SINK_RC=0 1791479387.768019490
### PHASE t1_snapshot 1791479387.768889683
SNAP_BEGIN O2_t1 gen=23
W5   0x34   gmii_free_FE           0x9cc1353e
W51  0xEC   app_tx_bytes           0x09600000
W52  0xF0   app_tx_frames          0x0001a54a
W15  0x5C   tx_stat_bytes_TCP      0x09600000
W14  0x58   tx_stat_frames_TCP     0x0001a5e0
W20  0x70   mac_tx_frames          0x0001a722
W43  0xCC   mtx_stat_tx_words      0x9cbc6846
W55  0xFC   tx_stat_retx           0x00000000
W57  0x104  tx_retx_hi             0x00000000
W58  0x108  tx_retx_active         0x00000000
W54  0xF8   app_mismatch           0x00000000
W61  0x114  app_ctrl_stat_wu       0x00000000
W62  0x118  app_ctrl_rx_occ_bytes  0x00000000
W56  0x100  udpapp_tx_ovf          0x00000000
W59  0x10C  stx_stat_fifo_ovf      0x00000000
W60  0x110  srx_stat_fifo_ovf      0x00000000
W0   0x20   rx_stat_frames         0x00015e41
W22  0x78   rx_stat_pass_TCP       0x00015947
SNAP_END O2_t1 nff=0
### PHASE post_snapshot 1791479388.845511594
SNAP_BEGIN O2_post gen=24
W0   0x20   rx_stat_frames         0x00015e7d
W1   0x24   rx_stat_bytes          0x0057b5ac
W2   0x28   wl_last_lastframelen   0x00000040
W3   0x2C   rx_stat_crc_err        0x00000000
W4   0x30   rx_stat_drop           0x00000000
W5   0x34   gmii_free_FE           0xa6c7d52f
W6   0x38   srx_stat_commit        0x000004a0
W7   0x3C   stx_stat_frames        0x00000142
W8   0x40   udpapp_tx_frames       0x00000000
W9   0x44   udpapp_tx_bytes        0x00000000
W10  0x48   udpapp_rx_frames       0x00000000
W11  0x4C   udpapp_rx_bytes        0x00000000
W12  0x50   udpapp_rx_null         0x00000000
W13  0x54   udpapp_mismatch        0x00000000
W14  0x58   tx_stat_frames_TCP     0x0001a5e0
W15  0x5C   tx_stat_bytes_TCP      0x09600000
W16  0x60   srx_hls_bytes          0x000150ec
W17  0x64   hr_cnt_hlsreset        0x00000000
W18  0x68   stx_stat_purge         0x00000000
W19  0x6C   srx_stat_drop          0x00000000
W20  0x70   mac_tx_frames          0x0001a722
W21  0x74   tx_stat_abort          0x00000000
W22  0x78   rx_stat_pass_TCP       0x00015947
W23  0x7C   rx_stat_nonmatch_TCP   0x00000096
W24  0x80   dp_free_DP             0xa6df9b85
W25  0x84   mmcm_locked            0x00000001
W26  0x88   rxcdc_full_cycles      0x00000003
W27  0x8C   rxcdc_occ_max          0x00000006
W28  0x90   txcdc_occ_max          0x00000006
W29  0x94   txwire_stall_cycles    0x00000000
W30  0x98   rxcdc_out_frames       0x00015e7d
W31  0x9C   rxcdc_out_bytes        0x00523bb8
W32  0xA0   rx_stat_drop_partial   0x00000000
W33  0xA4   rx_stat_orphan_bytes   0x00000000
W34  0xA8   rx_stat_drop_full      0x00000000
W35  0xAC   rx_stat_fifo_ovf       0x00000000
W36  0xB0   mrx_stat_rx_words      0xa6c7ce6b
W37  0xB4   mrx_stat_rx_pay_bytes  0x00523bb8
W38  0xB8   rxcdc_ovf_cnt          0x00000000
W39  0xBC   pcs_status_bundle      0x2000100c
W40  0xC0   pcs_evt_bundle         0x000000ff
W41  0xC4   mtx_stat_flush_words   0x00000000
W42  0xC8   mtx_stat_flush_done    0x00000000
W43  0xCC   mtx_stat_tx_words      0xa6c30201
W44  0xD0   mtx_stat_tx_ctrl_char  0x2c4c907a
W45  0xD4   txcdc_ovf_cnt          0x00000000
W46  0xD8   cls_dbg_stat_ovf       0x00000000
W47  0xDC   cls_dbg_stat_route_ovf 0x00000000
W48  0xE0   cls_dbg_stat_stall_in  0x00000000
W49  0xE4   cls_dbg_occ            0x00000000
W50  0xE8   tx_clk_act             0xa210a7c4
W51  0xEC   app_tx_bytes           0x09600000
W52  0xF0   app_tx_frames          0x0001a54a
W53  0xF4   app_rx_bytes           0x00000000
W54  0xF8   app_mismatch           0x00000000
W55  0xFC   tx_stat_retx           0x00000000
W56  0x100  udpapp_tx_ovf          0x00000000
W57  0x104  tx_retx_hi             0x00000000
W58  0x108  tx_retx_active         0x00000000
W59  0x10C  stx_stat_fifo_ovf      0x00000000
W60  0x110  srx_stat_fifo_ovf      0x00000000
W61  0x114  app_ctrl_stat_wu       0x00000000
W62  0x118  app_ctrl_rx_occ_bytes  0x00000000
SNAP_END O2_post nff=0
### PHASE nic_post 1791479389.078066978
     port_tx_bytes: 5748140
     port_tx_packets: 89725
     port_rx_good_bytes: 163573152
     port_rx_packets: 108322
     port_rx_bad: 0
     port_rx_nodesc_drops: 0
     rx_eth_crc_err: 0
TcpInSegs                       152840             0.0
TcpOutSegs                      126446             0.0
TcpRetransSegs                  1288               0.0
TcpExtTCPLossUndo               1                  0.0
TcpExtTCPFastRetrans            96                 0.0
TcpExtTCPRcvCollapsed           0                  0.0
TcpExtTCPOFOQueue               18604              0.0
TcpExtTCPACKSkippedPAWS         0                  0.0
TcpExtTCPACKSkippedSeq          11                 0.0
### PHASE idle_snap 1791479389.081886164
SNAP_BEGIN O2_idle gen=25
W5   0x34   gmii_free_FE           0xbba20916
W51  0xEC   app_tx_bytes           0x09600000
W52  0xF0   app_tx_frames          0x0001a54a
W15  0x5C   tx_stat_bytes_TCP      0x09600000
W14  0x58   tx_stat_frames_TCP     0x0001a5e0
W20  0x70   mac_tx_frames          0x0001a722
W43  0xCC   mtx_stat_tx_words      0xbb9d28fd
W55  0xFC   tx_stat_retx           0x00000000
W57  0x104  tx_retx_hi             0x00000000
W58  0x108  tx_retx_active         0x00000000
W54  0xF8   app_mismatch           0x00000000
W61  0x114  app_ctrl_stat_wu       0x00000000
W62  0x118  app_ctrl_rx_occ_bytes  0x00000000
W56  0x100  udpapp_tx_ovf          0x00000000
W59  0x10C  stx_stat_fifo_ovf      0x00000000
W60  0x110  srx_stat_fifo_ovf      0x00000000
W0   0x20   rx_stat_frames         0x00015ed7
W22  0x78   rx_stat_pass_TCP       0x00015947
SNAP_END O2_idle nff=0
### SINK tail:
SINK_CONN 27 OK bytes=1048576 first_mismatch=-1 mism_bytes=0 conn_ms=0.109 dur_ms=1.968 Mbps=4261.965 reads=11 CPU_FREQ_KHZ=3799991
SINK_CONN 28 OK bytes=1048576 first_mismatch=-1 mism_bytes=0 conn_ms=0.105 dur_ms=2.419 Mbps=3467.692 reads=90 CPU_FREQ_KHZ=3899980
SINK_CONN 29 OK bytes=1048576 first_mismatch=-1 mism_bytes=0 conn_ms=0.083 dur_ms=2.409 Mbps=3481.785 reads=90 CPU_FREQ_KHZ=3899985
SINK_SUM conns=30 fail_conns=0 bytes=31457280 clean_conns=30 bad_conns=0 mismatch_bytes=0 wall_s=0.068 net_s=0.068 agg_Mbps=3727.693
SINK_DONE
PIN_GETCPU_END=5 PIN_FREQ_END_KHZ=3899985
### SINK_SUM:
SINK_SUM conns=30 fail_conns=0 bytes=31457280 clean_conns=30 bad_conns=0 mismatch_bytes=0 wall_s=0.068 net_s=0.068 agg_Mbps=3727.693
### SINK head:
PIN_RULE=avoid-nic PIN_DEGRADED=none PIN_CPU=5 PIN_CORES_ONLINE=0-7 PIN_NIC_IFACE=enp1s0f0np0,enp1s0f1np1 PIN_NIC_CPUS=0,1,2,3,4,5 PIN_NIC_EXCLUDED=none PIN_CORE_LOAD=14821 PIN_ALLOWED_MASK=20 PIN_GETCPU_START=5 PIN_FREQ_START_KHZ=3749884 PIN_GOV=schedutil PIN_NIC_IRQLINES=12 PIN_NIC_IFACE_SRC=auto PIN_TUPLE_ORDER=own_sib_t
SINK_CONN 0 OK bytes=1048576 first_mismatch=-1 mism_bytes=0 conn_ms=0.138 dur_ms=2.201 Mbps=3811.839 reads=32 CPU_FREQ_KHZ=3711890
SINK_CONN 1 OK bytes=1048576 first_mismatch=-1 mism_bytes=0 conn_ms=0.097 dur_ms=2.027 Mbps=4138.390 reads=9 CPU_FREQ_KHZ=3706620
### CPU samples (last 24):
SYS_T 1791479387.696691128 cpu  26475 119 15287 3518577 2774 0 135 0 0 0
PS_T  1791479387.698568688  2.8 htop| 0.7 java| 0.6 sshd| 0.2 gnome-shell| 0.1 snapd| 0.1 hw_server|
### SS samples (last 6):
SS_T 1791479386.619219656 State    Recv-Q Send-Q   Local Address:Port   Peer Address:PortProcess                                                                                                                                                                    
SS_T 1791479387.132644433 State    Recv-Q Send-Q   Local Address:Port   Peer Address:PortProcess                                                                                                                                                                    
SS_T 1791479387.649810728 State    Recv-Q Send-Q   Local Address:Port   Peer Address:PortProcess                                                                                                                                                                    
### PCAP: -rw-r--r-- 1 tcpdump tcpdump 3527070 Oct  9 01:09 /tmp/O2.pcap
37874 packets captured
39347 packets received by filter
0 packets dropped by kernel
STC_META_BOARD_BID_END=0x00000011
STC_DL_DONE 1791479391.166032298
