### J6META_BEGIN 2026-10-08T17:10:43Z
J6META_T_START_EPOCH=1791479443.298888871 J6META_T_START_UTC=2026-10-08T17:10:43Z
J6META_HOST=a-MS-7850 J6META_TAG=U0
J6META_TARGET=192.168.100.2:8080 J6META_SECS=6 J6META_PCAP=/tmp/U0.pcap
J6META_PCAP_ON=0 J6META_PCAP_ACTIVE=0 J6META_IO_AFFECTING=0 J6META_SNAP=/tmp/p7b_biz/p7b_snap.sh
J6META_GEOM_FALLBACK=GEOM_NOPCAP_* (NIC 硬件计数 rx/tx 比值 + 板侧 ΔW43/ΔW20/ΔW53; 见文件头 ⑨)
J6META_NW=63 J6META_EXPECT_BID=0x00000011 J6META_LEGACY=0 J6META_T0T1_WORDS=5,20,43,53,54,61 62
J6META_WRAP_RULE=all_board_cnt_are_32bit; delta_must_be_mod_2^32_with_k_recorded; raw_reads_are_the_snap_words; byte_cnt_wrap_at_2.863Gbps_per_12s; free_cnt_W5_W24_limit_27.487s; ref=P7B_STAGEB_CRITERIA_FIX.md
J6META_SCRIPT=j6_stagec_r6fix.sh J6META_SCRIPT_MD5=5e4c6c7db4b0f734ba0afeee5323e476
J6META_BIT_SHA=n/a
PACE_BPS=0
BIN=./p7b_tcp_src BIN_MD5=2350bb55e1c24b44006a56270efc4b26
SRC_CMD=./p7b_tcp_src --host 192.168.100.2 --port 8080 --seconds 6 
J6META_BOARD_MAGIC=0x50360001 J6META_BOARD_BID=0x00000011
### J6META_END 1791479443.309056654
### PHASE route_carrier 1791479443.309825350
192.168.100.2 dev enp1s0f1np1 src 192.168.100.100 uid 0 
    cache 
CARRIER=1
### PHASE geom_gate 1791479443.312762119  NW=63 EXPECT_BID=0x00000011
ID_MAGIC 0x50360001   (want 0x50360001)
ID_BID   0x00000011   (want 0x00000011 = 本构建的 BUILD_ID)
ID_MARKER 0xdeadbeef  (want 0xdeadbeef)
ID_UNIMPL 0xffffffff  (want 0xffffffff: 未实现地址必须走 SLVERR)
ID_OK 1791479443.331987449
J6_GEOM_OK NW=63 BID=0x00000011 T0T1_WORDS=5,53,54,61 62
### PHASE nic_pre 1791479443.332971429
     port_tx_bytes: 6917227
     port_tx_packets: 107985
     port_rx_good_bytes: 196287510
     port_rx_packets: 129986
     port_rx_bad: 0
     port_rx_nodesc_drops: 0
     rx_eth_crc_err: 0
TcpInSegs                       175182             0.0
TcpOutSegs                      149542             0.0
TcpRetransSegs                  1863               0.0
TcpExtTCPFastRetrans            96                 0.0
TcpExtTCPOFOQueue               18604              0.0
TcpExtTCPACKSkippedSeq          11                 0.0
### PHASE pre_snapshot 1791479443.337192999  NW=63
SNAP_BEGIN U0_pre gen=31
W0   0x20   rx_stat_frames         0x0001a5d1
W1   0x24   rx_stat_bytes          0x00698c6b
W2   0x28   wl_last_lastframelen   0x00000040
W3   0x2C   rx_stat_crc_err        0x00000000
W4   0x30   rx_stat_drop           0x00000000
W5   0x34   gmii_free_FE           0xa244eee7
W6   0x38   srx_stat_commit        0x00000717
W7   0x3C   stx_stat_frames        0x00000182
W8   0x40   udpapp_tx_frames       0x00000000
W9   0x44   udpapp_tx_bytes        0x00000000
W10  0x48   udpapp_rx_frames       0x00000000
W11  0x4C   udpapp_rx_bytes        0x00000000
W12  0x50   udpapp_rx_null         0x00000000
W13  0x54   udpapp_mismatch        0x00000000
W14  0x58   tx_stat_frames_TCP     0x0001fa40
W15  0x5C   tx_stat_bytes_TCP      0x0b400000
W16  0x60   srx_hls_bytes          0x0001fa47
W17  0x64   hr_cnt_hlsreset        0x00000000
W18  0x68   stx_stat_purge         0x00000000
W19  0x6C   srx_stat_drop          0x00000000
W20  0x70   mac_tx_frames          0x0001fbc2
W21  0x74   tx_stat_abort          0x00000000
W22  0x78   rx_stat_pass_TCP       0x00019e06
W23  0x7C   rx_stat_nonmatch_TCP   0x000000b4
W24  0x80   dp_free_DP             0xa25c391a
W25  0x84   mmcm_locked            0x00000001
W26  0x88   rxcdc_full_cycles      0x00000003
W27  0x8C   rxcdc_occ_max          0x00000006
W28  0x90   txcdc_occ_max          0x00000006
W29  0x94   txwire_stall_cycles    0x00000000
W30  0x98   rxcdc_out_frames       0x0001a5d1
W31  0x9C   rxcdc_out_bytes        0x0062f527
W32  0xA0   rx_stat_drop_partial   0x00000000
W33  0xA4   rx_stat_orphan_bytes   0x00000000
W34  0xA8   rx_stat_drop_full      0x00000000
W35  0xAC   rx_stat_fifo_ovf       0x00000000
W36  0xB0   mrx_stat_rx_words      0xa244e823
W37  0xB4   mrx_stat_rx_pay_bytes  0x0062f527
W38  0xB8   rxcdc_ovf_cnt          0x00000000
W39  0xBC   pcs_status_bundle      0x2000100c
W40  0xC0   pcs_evt_bundle         0x000000ff
W41  0xC4   mtx_stat_flush_words   0x00000000
W42  0xC8   mtx_stat_flush_done    0x00000000
W43  0xCC   mtx_stat_tx_words      0xa23ee127
W44  0xD0   mtx_stat_tx_ctrl_char  0x06360ad4
W45  0xD4   txcdc_ovf_cnt          0x00000000
W46  0xD8   cls_dbg_stat_ovf       0x00000000
W47  0xDC   cls_dbg_stat_route_ovf 0x00000000
W48  0xE0   cls_dbg_stat_stall_in  0x00000000
W49  0xE4   cls_dbg_occ            0x00000000
W50  0xE8   tx_clk_act             0x9c962727
W51  0xEC   app_tx_bytes           0x0b400000
W52  0xF0   app_tx_frames          0x0001f98c
W53  0xF4   app_rx_bytes           0x00000000
W54  0xF8   app_mismatch           0x00000000
W55  0xFC   tx_stat_retx           0x00000000
W56  0x100  udpapp_tx_ovf          0x00000000
W57  0x104  tx_retx_hi             0x00000000
W58  0x108  tx_retx_active         0x00000000
W59  0x10C  stx_stat_fifo_ovf      0x00000000
W60  0x110  srx_stat_fifo_ovf      0x00000000
W61  0x114  app_ctrl_stat_wu       0x00000000
W62  0x118  app_ctrl_rx_occ_bytes  0x00000000
SNAP_END U0_pre nff=0
PCAP_ACTIVE=0 IO_AFFECTING=0 (默认: 不抓包, 不写盘; 取证需显式 PCAP_ON=1)
### PHASE src_start 1791479445.072722474
PACE_BPS=0
SNAP_BEGIN U0_t0 gen=32
W5   0x34   gmii_free_FE           0xb2711780
W20  0x70   mac_tx_frames          0x0001fbc2
W43  0xCC   mtx_stat_tx_words      0xb26affb9
W53  0xF4   app_rx_bytes           0x00000000
W54  0xF8   app_mismatch           0x00000000
W61  0x114  app_ctrl_stat_wu       0x00000000
W62  0x118  app_ctrl_rx_occ_bytes  0x00000000
SNAP_END U0_t0 nff=0
PIN_RULE=avoid-nic PIN_DEGRADED=none PIN_CPU=5 PIN_CORES_ONLINE=0-7 PIN_NIC_IFACE=enp1s0f0np0,enp1s0f1np1 PIN_NIC_CPUS=0,1,2,3,4,5 PIN_NIC_EXCLUDED=none PIN_CORE_LOAD=15678 PIN_ALLOWED_MASK=20 PIN_GETCPU_START=5 PIN_FREQ_START_KHZ=3722528 PIN_GOV=schedutil PIN_NIC_IRQLINES=12 PIN_NIC_IFACE_SRC=auto PIN_TUPLE_ORDER=own_sib_t
SRC_CONNECTED 192.168.100.2:8080
SRC_EOF_AT 0.003526 rx_bytes=1048576  (板侧 FIN)
SRC_T 1.000 tx_MB=479.438 rx_MB=1.000 eof=1 CPU_FREQ_KHZ=3827342
SRC_T 2.000 tx_MB=961.188 rx_MB=1.000 eof=1 CPU_FREQ_KHZ=3899976
SRC_T 3.000 tx_MB=1441.375 rx_MB=1.000 eof=1 CPU_FREQ_KHZ=3899981
SRC_T 4.000 tx_MB=1922.375 rx_MB=1.000 eof=1 CPU_FREQ_KHZ=3899974
SRC_T 5.000 tx_MB=2404.062 rx_MB=1.000 eof=1 CPU_FREQ_KHZ=3899979
SRC_SUM tx_bytes=3024420864 rx_bytes=1048576 dur_s=6.000 tx_Mbps=4032.539 rx_Mbps=1.398 eof_seen=1 eof_at_s=0.004 send_err=0 rx_first_mismatch=-1 rx_mism_bytes=0 poll_tmo=0 poll_err=0
SRC_DONE
PIN_GETCPU_END=5 PIN_FREQ_END_KHZ=3900008
SRC_RC=0 1791479451.111952422
### PHASE t1_snapshot 1791479451.112757398
SNAP_BEGIN U0_t1 gen=33
W5   0x34   gmii_free_FE           0xeaaf9e7d
W20  0x70   mac_tx_frames          0x00225542
W43  0xCC   mtx_stat_tx_words      0xeaa963db
W53  0xF4   app_rx_bytes           0xb444febc
W54  0xF8   app_mismatch           0x00000000
W61  0x114  app_ctrl_stat_wu       0x00000000
W62  0x118  app_ctrl_rx_occ_bytes  0x00000000
SNAP_END U0_t1 nff=0
### PHASE post_snapshot 1791479453.149177750
SNAP_BEGIN U0_post gen=34
W0   0x20   rx_stat_frames         0x0021fcec
W1   0x24   rx_stat_bytes          0xbc024dab
W2   0x28   wl_last_lastframelen   0x0000017e
W3   0x2C   rx_stat_crc_err        0x00000000
W4   0x30   rx_stat_drop           0x00000000
W5   0x34   gmii_free_FE           0xfda9379e
W6   0x38   srx_stat_commit        0x00000738
W7   0x3C   stx_stat_frames        0x00000183
W8   0x40   udpapp_tx_frames       0x00000000
W9   0x44   udpapp_tx_bytes        0x00000000
W10  0x48   udpapp_rx_frames       0x00000000
W11  0x4C   udpapp_rx_bytes        0x00000000
W12  0x50   udpapp_rx_null         0x00000000
W13  0x54   udpapp_mismatch        0x00000000
W14  0x58   tx_stat_frames_TCP     0x002253c0
W15  0x5C   tx_stat_bytes_TCP      0x0b50111c
W16  0x60   srx_hls_bytes          0x00020595
W17  0x64   hr_cnt_hlsreset        0x00000000
W18  0x68   stx_stat_purge         0x00000000
W19  0x6C   srx_stat_drop          0x00000000
W20  0x70   mac_tx_frames          0x00225543
W21  0x74   tx_stat_abort          0x00000000
W22  0x78   rx_stat_pass_TCP       0x0021f500
W23  0x7C   rx_stat_nonmatch_TCP   0x000000b4
W24  0x80   dp_free_DP             0xfdc06b66
W25  0x84   mmcm_locked            0x00000001
W26  0x88   rxcdc_full_cycles      0x00000003
W27  0x8C   rxcdc_occ_max          0x00000006
W28  0x90   txcdc_occ_max          0x0000003b
W29  0x94   txwire_stall_cycles    0x00000000
W30  0x98   rxcdc_out_frames       0x0021fcec
W31  0x9C   rxcdc_out_bytes        0xbb7a59fb
W32  0xA0   rx_stat_drop_partial   0x00000000
W33  0xA4   rx_stat_orphan_bytes   0x00000000
W34  0xA8   rx_stat_drop_full      0x00000000
W35  0xAC   rx_stat_fifo_ovf       0x00000000
W36  0xB0   mrx_stat_rx_words      0xfda930da
W37  0xB4   mrx_stat_rx_pay_bytes  0xbb7a59fb
W38  0xB8   rxcdc_ovf_cnt          0x00000000
W39  0xBC   pcs_status_bundle      0x2000100c
W40  0xC0   pcs_evt_bundle         0x000000ff
W41  0xC4   mtx_stat_flush_words   0x00000000
W42  0xC8   mtx_stat_flush_done    0x00000000
W43  0xCC   mtx_stat_tx_words      0xfda2f13d
W44  0xD0   mtx_stat_tx_ctrl_char  0xd84db88d
W45  0xD4   txcdc_ovf_cnt          0x00000000
W46  0xD8   cls_dbg_stat_ovf       0x00000000
W47  0xDC   cls_dbg_stat_route_ovf 0x00000000
W48  0xE0   cls_dbg_stat_stall_in  0x00000000
W49  0xE4   cls_dbg_occ            0x00000000
W50  0xE8   tx_clk_act             0xf7cdec83
W51  0xEC   app_tx_bytes           0x0b500000
W52  0xF0   app_tx_frames          0x0001fc5b
W53  0xF4   app_rx_bytes           0xb444febc
W54  0xF8   app_mismatch           0x00000000
W55  0xFC   tx_stat_retx           0x00000001
W56  0x100  udpapp_tx_ovf          0x00000000
W57  0x104  tx_retx_hi             0x1235dffd
W58  0x108  tx_retx_active         0x00000000
W59  0x10C  stx_stat_fifo_ovf      0x00000000
W60  0x110  srx_stat_fifo_ovf      0x00000000
W61  0x114  app_ctrl_stat_wu       0x00000000
W62  0x118  app_ctrl_rx_occ_bytes  0x00000000
SNAP_END U0_post nff=0
### PHASE nic_post 1791479453.385087193
     port_tx_bytes: 3154267563
     port_tx_packets: 2227436
     port_rx_good_bytes: 333020294
     port_rx_packets: 2250051
     port_rx_bad: 0
     port_rx_nodesc_drops: 0
     rx_eth_crc_err: 0
TcpInSegs                       2295343            0.0
TcpOutSegs                      2269143            0.0
TcpRetransSegs                  1896               0.0
TcpExtTCPFastRetrans            96                 0.0
TcpExtTCPOFOQueue               18628              0.0
TcpExtTCPACKSkippedSeq          11                 0.0
### PHASE geom_nopcap 1791479453.389320430
### GEOM_NOPCAP (PCAP_ON=0; 不抓包也能给几何/方向口径; raw 与 wrap 位一并落盘)
GEOM_NOPCAP_NIC_rx A_bytes=196287510 B_bytes=333020294 d_bytes=136732784 wrap=0 | A_pkts=129986 B_pkts=2250051 d_pkts=2120065 wrap=0 | bytes_per_pkt=64.494619
GEOM_NOPCAP_NIC_tx A_bytes=6917227 B_bytes=3154267563 d_bytes=3147350336 wrap=0 | A_pkts=107985 B_pkts=2227436 d_pkts=2119451 wrap=0 | bytes_per_pkt=1484.983770
GEOM_NOPCAP_BOARD A_W20=129986 B_W20=2250050 dW20=2120064 wrap=0 | A_W43=2993356729 B_W43=3936969691 dW43=943612962 wrap=0 | A_W5=2993756032 B_W5=3937377917 dW5=943621885 wrap=0 | cpf=445.087017 (TX 线忙度, 非 193 几何) | fps=351051.629 | 板侧上行 Mbps=4006.399 (ΔW53/时基)
### PHASE ping 1791479454.409544373
3 packets transmitted, 3 received, 0% packet loss, time 413ms rtt min/avg/max/mdev = 0.077/0.087/0.097/0.008 ms 
PCAP_SKIPPED (PCAP_ON=0: 本跑没有 pcap; 帧几何看上面的 GEOM_NOPCAP_*)
J6META_T_END_EPOCH=1791479454.826011172 J6META_T_END_UTC=2026-10-08T17:10:54Z J6META_DUR_S=11.527
PACE_BPS=0 J6META_BOARD_BID_END=0x00000011
TCPREG_J6_DONE
