# gate   : clkgen_p6b
# bat    : sim\clkgen\run_tb_clk_gen_p6b.bat
# args   : []
# expect : exit 0
# desc   : P6b 时钟发生器门
# started: 2026-09-30 13:06:52

CLKGEN CHECK lock_a_asserts : PASS
CLKGEN CHECK lock_b_asserts_mmcm : PASS
CLKGEN CHECK G3a_rst_dp_held_until_locked : PASS
CLKGEN CHECK G4a_rst_dp_held_until_locked_mmcm : PASS
CLKGEN CHECK G3b_rst_dp_sync_release_3to5_dp_edges : PASS
CLKGEN CHECK G4b_rst_dp_sync_release_3to8_dp_edges : PASS
CLKGEN CHECK rst_a_released : PASS
CLKGEN CHECK rst_b_released : PASS
CLKGEN CHECK meter_a_done : PASS
CLKGEN CHECK meter_b_done : PASS
CLKGEN CHECK meter_c_done : PASS
CLKGEN CHECK meter_d_done : PASS
CLKGEN CHECK G1_ratio_25_16_bypass_exact : PASS
CLKGEN CHECK G1b_ratio_cross_multiply_bypass : PASS
CLKGEN CHECK G2_ratio_25_16_mmcm_exact : PASS
CLKGEN CHECK G2b_ratio_cross_multiply_mmcm : PASS
CLKGEN CHECK G7_negctl_wrong_mult_must_fail_ratio : PASS
CLKGEN CHECK G8_negctl_wrong_outdiv_must_fail_ratio : PASS
CLKGEN CHECK G7b_negctl_wrong_mult_value_near_2400 : PASS
CLKGEN CHECK G8b_negctl_wrong_outdiv_value_near_3333 : PASS
CLKGEN CHECK G5a_ext_rst_asserts_fast : PASS
CLKGEN CHECK G5b_ext_rst_holds : PASS
CLKGEN CHECK G5c_ext_rst_release_is_not_immediate : PASS
CLKGEN CHECK G5d_ext_rst_released : PASS
CLKGEN CHECK G6a_bypass_locked_drops_when_ref_stops : PASS
CLKGEN CHECK G6b_bypass_rst_dp_reasserts_on_loss_of_lock : PASS
CLKGEN CHECK G6c_loss_of_lock_rst_dp_assert_is_immediate : PASS
CLKGEN CHECK G6d_mmcm_locked_drops_when_ref_stops : PASS
CLKGEN CHECK G6e_mmcm_rst_dp_reasserts_on_loss_of_lock : PASS
CLKGEN CHECK G6f_mmcm_loss_of_lock_rst_dp_assert_is_immediate : PASS
CLKGEN SUMMARY n_checks=30 n_fail=0
PASS_ALL
CLK GEN P6B GATE PASS


# ===== runner: EXIT=0  5.6s   =====
