# gate   : p3_cam_tcb
# bat    : sim\p3sim\run_tb_cam_tcb.bat
# args   : []
# expect : exit 0
# desc   : CAM+TCB 单元
# started: 2026-09-30 13:06:20

INFO: [VRFC 10-2263] Analyzing Verilog file "D:/repo/XCKU5PMini/udp_hls_10g/rtl/tcp_cam.v" into library xil_defaultlib
INFO: [VRFC 10-311] analyzing module tcp_cam
INFO: [VRFC 10-2263] Analyzing Verilog file "D:/repo/XCKU5PMini/udp_hls_10g/rtl/tcb.v" into library xil_defaultlib
INFO: [VRFC 10-311] analyzing module tcb
INFO: [VRFC 10-2263] Analyzing Verilog file "D:/repo/XCKU5PMini/udp_hls_10g/tb/tb_tcp_cam_tcb.v" into library xil_defaultlib
INFO: [VRFC 10-311] analyzing module tb_tcp_cam_tcb
Vivado Simulator v2025.2
Copyright 1986-2022 Xilinx, Inc. All Rights Reserved.
Copyright 2022-2025 Advanced Micro Devices, Inc. All Rights Reserved.
Running: C:/AMDDesignTools/2025.2/Vivado/bin/unwrapped/win64.o/xelab.exe -debug typical -timescale 1ns/1ps -L xil_defaultlib xil_defaultlib.tb_tcp_cam_tcb -s tb_cam_tcb 
Multi-threading is on. Using 18 slave threads.
Starting static elaboration
Pass Through NonSizing Optimizer
WARNING: [VRFC 10-3645] port 'rd_sip' remains unconnected for this instance [D:/repo/XCKU5PMini/udp_hls_10g/tb/tb_tcp_cam_tcb.v:35]
WARNING: [VRFC 10-3645] port 'rc_id' remains unconnected for this instance [D:/repo/XCKU5PMini/udp_hls_10g/tb/tb_tcp_cam_tcb.v:47]
Completed static elaboration
Starting simulation data flow analysis
Completed simulation data flow analysis
Time Resolution for simulation is 1ps
Compiling module xil_defaultlib.tcp_cam
Compiling module xil_defaultlib.tcb
Compiling module xil_defaultlib.tb_tcp_cam_tcb
Built simulation snapshot tb_cam_tcb

****** xsim v2025.2 (64-bit)
  **** SW Build 6299465 on Fri Nov 14 19:35:11 GMT 2025
  **** IP Build 6300035 on Fri Nov 14 10:48:45 MST 2025
  **** SharedData Build 6298862 on Thu Nov 13 04:50:51 MST 2025
  **** Start of session at: Wed Sep 30 13:06:22 2026
    ** Copyright 1986-2022 Xilinx, Inc. All Rights Reserved.
    ** Copyright 2022-2025 Advanced Micro Devices, Inc. All Rights Reserved.

source xsim.dir/tb_cam_tcb/xsim_script.tcl
# xsim {tb_cam_tcb} -autoloadwcfg -tclbatch {run.tcl}
Time resolution is 1 ps
source run.tcl
## run all
ALL_OK steps=11
$finish called at time : 292 ns : File "D:/repo/XCKU5PMini/udp_hls_10g/tb/tb_tcp_cam_tcb.v" Line 154
## quit
INFO: [Common 17-206] Exiting xsim at Wed Sep 30 13:06:24 2026...


# ===== runner: EXIT=0  4.1s   =====
