# gate   : p3_tcp_echo
# bat    : sim\p3sim\run_tb_tcp_echo.bat
# args   : []
# expect : exit 0
# desc   : TCP echo
# started: 2026-09-30 13:06:29

INFO: [VRFC 10-2263] Analyzing Verilog file "D:/repo/XCKU5PMini/udp_hls_10g/rtl/crc32_8b.v" into library xil_defaultlib
INFO: [VRFC 10-311] analyzing module crc32_8b
INFO: [VRFC 10-2263] Analyzing Verilog file "D:/repo/XCKU5PMini/udp_hls_10g/rtl/checksum16.v" into library xil_defaultlib
INFO: [VRFC 10-311] analyzing module checksum16
INFO: [VRFC 10-2263] Analyzing Verilog file "D:/repo/XCKU5PMini/udp_hls_10g/rtl/fifo_sync.v" into library xil_defaultlib
INFO: [VRFC 10-311] analyzing module fifo_sync
INFO: [VRFC 10-2263] Analyzing Verilog file "D:/repo/XCKU5PMini/udp_hls_10g/rtl/frame_fifo.v" into library xil_defaultlib
INFO: [VRFC 10-311] analyzing module frame_fifo
INFO: [VRFC 10-2263] Analyzing Verilog file "D:/repo/XCKU5PMini/udp_hls_10g/rtl/mac_rx_64.v" into library xil_defaultlib
INFO: [VRFC 10-311] analyzing module mac_rx_64
INFO: [VRFC 10-2263] Analyzing Verilog file "D:/repo/XCKU5PMini/udp_hls_10g/rtl/mac_tx_64.v" into library xil_defaultlib
INFO: [VRFC 10-311] analyzing module mac_tx_64
INFO: [VRFC 10-2263] Analyzing Verilog file "D:/repo/XCKU5PMini/udp_hls_10g/rtl/tcp_cam.v" into library xil_defaultlib
INFO: [VRFC 10-311] analyzing module tcp_cam
INFO: [VRFC 10-2263] Analyzing Verilog file "D:/repo/XCKU5PMini/udp_hls_10g/rtl/tcb.v" into library xil_defaultlib
INFO: [VRFC 10-311] analyzing module tcb
INFO: [VRFC 10-2263] Analyzing Verilog file "D:/repo/XCKU5PMini/udp_hls_10g/rtl/tcp_rx.v" into library xil_defaultlib
INFO: [VRFC 10-311] analyzing module tcp_rx
INFO: [VRFC 10-2263] Analyzing Verilog file "D:/repo/XCKU5PMini/udp_hls_10g/rtl/tcp_echo.v" into library xil_defaultlib
INFO: [VRFC 10-311] analyzing module tcp_echo
INFO: [VRFC 10-2263] Analyzing Verilog file "D:/repo/XCKU5PMini/udp_hls_10g/rtl/axis_pipe.v" into library xil_defaultlib
INFO: [VRFC 10-311] analyzing module axis_pipe
INFO: [VRFC 10-2263] Analyzing Verilog file "D:/repo/XCKU5PMini/udp_hls_10g/rtl/tcp_tx_frame.v" into library xil_defaultlib
INFO: [VRFC 10-311] analyzing module tcp_tx_frame
INFO: [VRFC 10-2263] Analyzing Verilog file "D:/repo/XCKU5PMini/udp_hls_10g/rtl/retx_ram.v" into library xil_defaultlib
INFO: [VRFC 10-311] analyzing module retx_ram
INFO: [VRFC 10-2263] Analyzing Verilog file "D:/repo/XCKU5PMini/udp_hls_10g/rtl/tcp_synp.v" into library xil_defaultlib
INFO: [VRFC 10-311] analyzing module tcp_synp
INFO: [VRFC 10-2263] Analyzing Verilog file "D:/repo/XCKU5PMini/udp_hls_10g/tb/tb_tcp_echo.v" into library xil_defaultlib
INFO: [VRFC 10-311] analyzing module tb_tcp_echo
INFO: [VRFC 10-2263] Analyzing Verilog file "C:/AMDDesignTools/2025.2/data/verilog/src/glbl.v" into library xil_defaultlib
INFO: [VRFC 10-311] analyzing module glbl
Vivado Simulator v2025.2
Copyright 1986-2022 Xilinx, Inc. All Rights Reserved.
Copyright 2022-2025 Advanced Micro Devices, Inc. All Rights Reserved.
Running: C:/AMDDesignTools/2025.2/Vivado/bin/unwrapped/win64.o/xelab.exe -debug typical -timescale 1ns/1ps -L unisims_ver -L xil_defaultlib xil_defaultlib.tb_tcp_echo xil_defaultlib.glbl -s tb_tcp_echo 
Multi-threading is on. Using 18 slave threads.
Starting static elaboration
Pass Through NonSizing Optimizer
WARNING: [VRFC 10-3645] port 'stat_drop_full' remains unconnected for this instance [D:/repo/XCKU5PMini/udp_hls_10g/tb/tb_tcp_echo.v:158]
WARNING: [VRFC 10-3645] port 'retx_req' remains unconnected for this instance [D:/repo/XCKU5PMini/udp_hls_10g/tb/tb_tcp_echo.v:167]
WARNING: [VRFC 10-3645] port 'stat_tlast_wr' remains unconnected for this instance [D:/repo/XCKU5PMini/udp_hls_10g/tb/tb_tcp_echo.v:199]
WARNING: [VRFC 10-5021] port 'dbg_rd_addr' is not connected on this instance [D:/repo/XCKU5PMini/udp_hls_10g/tb/tb_tcp_echo.v:199]
WARNING: [VRFC 10-3645] port 'rc_id' remains unconnected for this instance [D:/repo/XCKU5PMini/udp_hls_10g/tb/tb_tcp_echo.v:230]
WARNING: [VRFC 10-3645] port 'o_rst_sent' remains unconnected for this instance [D:/repo/XCKU5PMini/udp_hls_10g/tb/tb_tcp_echo.v:258]
WARNING: [VRFC 10-3645] port 'stat_flush_words' remains unconnected for this instance [D:/repo/XCKU5PMini/udp_hls_10g/tb/tb_tcp_echo.v:285]
WARNING: [VRFC 10-3645] port 'crc_nxt' remains unconnected for this instance [D:/repo/XCKU5PMini/udp_hls_10g/rtl/mac_rx_64.v:126]
WARNING: [VRFC 10-3645] port 'dbg_wptr' remains unconnected for this instance [D:/repo/XCKU5PMini/udp_hls_10g/rtl/mac_rx_64.v:364]
WARNING: [VRFC 10-3645] port 'dbg_wptr' remains unconnected for this instance [D:/repo/XCKU5PMini/udp_hls_10g/rtl/tcp_echo.v:108]
WARNING: [VRFC 10-3645] port 'full_next' remains unconnected for this instance [D:/repo/XCKU5PMini/udp_hls_10g/rtl/tcp_tx_frame.v:645]
WARNING: [VRFC 10-3645] port 'dbg_wptr' remains unconnected for this instance [D:/repo/XCKU5PMini/udp_hls_10g/rtl/tcp_tx_frame.v:710]
WARNING: [VRFC 10-3645] port 'dbg_wptr' remains unconnected for this instance [D:/repo/XCKU5PMini/udp_hls_10g/rtl/mac_tx_64.v:70]
Completed static elaboration
Starting simulation data flow analysis
Completed simulation data flow analysis
Time Resolution for simulation is 1ps
Compiling module xil_defaultlib.crc32_8b
Compiling module xil_defaultlib.fifo_sync
Compiling module xil_defaultlib.mac_rx_64
Compiling module xil_defaultlib.tcp_rx
Compiling module unisims_ver.RB36_INTERNAL_VLOG(RAM_MODE="SDP...
Compiling module unisims_ver.RAMB36E1(RAM_MODE="SDP",READ_WID...
Compiling module xil_defaultlib.frame_fifo(D=8192,AW=13)
Compiling module xil_defaultlib.fifo_sync(W=4,D=64,AW=6)
Compiling module xil_defaultlib.tcp_echo
Compiling module xil_defaultlib.axis_pipe
Compiling module xil_defaultlib.tcp_cam
Compiling module xil_defaultlib.tcb
Compiling module xil_defaultlib.tcp_synp
Compiling module xil_defaultlib.retx_ram
Compiling module xil_defaultlib.checksum16
Compiling module xil_defaultlib.fifo_sync(W=73,D=256,AW=8)
Compiling module xil_defaultlib.fifo_sync(W=39,D=32,AW=5)
Compiling module xil_defaultlib.tcp_tx_frame
Compiling module xil_defaultlib.fifo_sync(W=73,D=16,AW=4)
Compiling module xil_defaultlib.mac_tx_64
Compiling module xil_defaultlib.tb_tcp_echo
Compiling module xil_defaultlib.glbl
Built simulation snapshot tb_tcp_echo

****** xsim v2025.2 (64-bit)
  **** SW Build 6299465 on Fri Nov 14 19:35:11 GMT 2025
  **** IP Build 6300035 on Fri Nov 14 10:48:45 MST 2025
  **** SharedData Build 6298862 on Thu Nov 13 04:50:51 MST 2025
  **** Start of session at: Wed Sep 30 13:06:33 2026
    ** Copyright 1986-2022 Xilinx, Inc. All Rights Reserved.
    ** Copyright 2022-2025 Advanced Micro Devices, Inc. All Rights Reserved.

source xsim.dir/tb_tcp_echo/xsim_script.tcl
# xsim {tb_tcp_echo} -autoloadwcfg -tclbatch {run.tcl}
Time resolution is 1 ps
source run.tcl
## run all
Memory Collision Error on RAMB36E1 : tb_tcp_echo.u_echo.u_fifo.gen_mem[0].u_main.gen_sdp.gen_wide.INT_RAMB_SDP.chk_for_col_msg at simulation time 38484.000 ns.
A read was performed on address 803f (hex) of port A while a write was requested to the same address on port B.  The write will be successful however the read value on port A is unknown until the next CLKA cycle.
Memory Collision Error on RAMB36E1 : tb_tcp_echo.u_echo.u_fifo.gen_mem[0].u_main.gen_sdp.gen_wide.INT_RAMB_SDP.chk_for_col_msg at simulation time 51236.000 ns.
A read was performed on address 807f (hex) of port A while a write was requested to the same address on port B.  The write will be successful however the read value on port A is unknown until the next CLKA cycle.
Memory Collision Error on RAMB36E1 : tb_tcp_echo.u_echo.u_fifo.gen_mem[0].u_main.gen_sdp.gen_wide.INT_RAMB_SDP.chk_for_col_msg at simulation time 64196.000 ns.
A read was performed on address 81ff (hex) of port A while a write was requested to the same address on port B.  The write will be successful however the read value on port A is unknown until the next CLKA cycle.
Memory Collision Error on RAMB36E1 : tb_tcp_echo.u_echo.u_fifo.gen_mem[0].u_main.gen_sdp.gen_wide.INT_RAMB_SDP.chk_for_col_msg at simulation time 103268.000 ns.
A read was performed on address 853f (hex) of port A while a write was requested to the same address on port B.  The write will be successful however the read value on port A is unknown until the next CLKA cycle.
Memory Collision Error on RAMB36E1 : tb_tcp_echo.u_echo.u_fifo.gen_mem[0].u_main.gen_sdp.gen_wide.INT_RAMB_SDP.chk_for_col_msg at simulation time 104084.000 ns.
A read was performed on address 85ff (hex) of port A while a write was requested to the same address on port B.  The write will be successful however the read value on port A is unknown until the next CLKA cycle.
Memory Collision Error on RAMB36E1 : tb_tcp_echo.u_echo.u_fifo.gen_mem[0].u_main.gen_sdp.gen_wide.INT_RAMB_SDP.chk_for_col_msg at simulation time 104876.000 ns.
A read was performed on address 863f (hex) of port A while a write was requested to the same address on port B.  The write will be successful however the read value on port A is unknown until the next CLKA cycle.
Memory Collision Error on RAMB36E1 : tb_tcp_echo.u_echo.u_fifo.gen_mem[0].u_main.gen_sdp.gen_wide.INT_RAMB_SDP.chk_for_col_msg at simulation time 105668.000 ns.
A read was performed on address 86bf (hex) of port A while a write was requested to the same address on port B.  The write will be successful however the read value on port A is unknown until the next CLKA cycle.
Memory Collision Error on RAMB36E1 : tb_tcp_echo.u_echo.u_fifo.gen_mem[0].u_main.gen_sdp.gen_wide.INT_RAMB_SDP.chk_for_col_msg at simulation time 118428.000 ns.
A read was performed on address 873f (hex) of port A while a write was requested to the same address on port B.  The write will be successful however the read value on port A is unknown until the next CLKA cycle.
DONE rx(pass=8 nm=1 ip=0 crc=1 seq=2 ack=2 by=194) tx(fr=10 by=194 ack=3 drop=0) eco(echo=7 drop=1)
$finish called at time : 150596 ns : File "D:/repo/XCKU5PMini/udp_hls_10g/tb/tb_tcp_echo.v" Line 369
## quit
INFO: [Common 17-206] Exiting xsim at Wed Sep 30 13:06:36 2026...
12 RX frames
frames RX=12 TX=10, rx stats {'pss': 8, 'nonmatch': 1, 'ipcsum': 0, 'crc': 1, 'seq': 2, 'ack': 2, 'bytes': 194}, final rcv_nxt0=1174 snd_nxt0=6174
MISMATCH: frame 0 (synack c0 plen=0) bytes mismatch
MISMATCH: frame 1 (data c0 plen=5) bytes mismatch
MISMATCH: frame 2 (data c0 plen=42) bytes mismatch
MISMATCH: frame 3 (data c0 plen=100) bytes mismatch
MISMATCH: frame 4 (ack c0 plen=0) bytes mismatch
MISMATCH: frame 5 (ack c0 plen=0) bytes mismatch
MISMATCH: frame 7 (data c0 plen=8) bytes mismatch
MISMATCH: frame 8 (data c0 plen=9) bytes mismatch
MISMATCH: frame 9 (data c0 plen=10) bytes mismatch
MISMATCH: TCBF exp [1174, 6174, 6000, 12288, 16384, 1, 97, 920, 900, 6144, 8704, 1] got (1174, 6174, 6000, 49152, 16384, 1, 97, 920, 900, 6144, 8704, 1)
ECHO FAIL (10 errs)


# ===== runner: EXIT=1  7.5s   =====
