# gate   : p3_tcp_rx
# bat    : sim\p3sim\run_tb_tcp_rx.bat
# args   : []
# expect : exit 0
# desc   : TCP RX
# started: 2026-09-30 13:06:37

INFO: [VRFC 10-2263] Analyzing Verilog file "D:/repo/XCKU5PMini/udp_hls_10g/rtl/crc32_8b.v" into library xil_defaultlib
INFO: [VRFC 10-311] analyzing module crc32_8b
INFO: [VRFC 10-2263] Analyzing Verilog file "D:/repo/XCKU5PMini/udp_hls_10g/rtl/fifo_sync.v" into library xil_defaultlib
INFO: [VRFC 10-311] analyzing module fifo_sync
INFO: [VRFC 10-2263] Analyzing Verilog file "D:/repo/XCKU5PMini/udp_hls_10g/rtl/mac_rx_64.v" into library xil_defaultlib
INFO: [VRFC 10-311] analyzing module mac_rx_64
INFO: [VRFC 10-2263] Analyzing Verilog file "D:/repo/XCKU5PMini/udp_hls_10g/rtl/tcp_cam.v" into library xil_defaultlib
INFO: [VRFC 10-311] analyzing module tcp_cam
INFO: [VRFC 10-2263] Analyzing Verilog file "D:/repo/XCKU5PMini/udp_hls_10g/rtl/tcb.v" into library xil_defaultlib
INFO: [VRFC 10-311] analyzing module tcb
INFO: [VRFC 10-2263] Analyzing Verilog file "D:/repo/XCKU5PMini/udp_hls_10g/rtl/tcp_rx.v" into library xil_defaultlib
INFO: [VRFC 10-311] analyzing module tcp_rx
INFO: [VRFC 10-2263] Analyzing Verilog file "D:/repo/XCKU5PMini/udp_hls_10g/tb/tb_tcp_rx.v" into library xil_defaultlib
INFO: [VRFC 10-311] analyzing module tb_tcp_rx
Vivado Simulator v2025.2
Copyright 1986-2022 Xilinx, Inc. All Rights Reserved.
Copyright 2022-2025 Advanced Micro Devices, Inc. All Rights Reserved.
Running: C:/AMDDesignTools/2025.2/Vivado/bin/unwrapped/win64.o/xelab.exe -debug typical -timescale 1ns/1ps -L xil_defaultlib xil_defaultlib.tb_tcp_rx -s tb_tcp_rx 
Multi-threading is on. Using 18 slave threads.
Starting static elaboration
Pass Through NonSizing Optimizer
WARNING: [VRFC 10-3645] port 'stat_drop_full' remains unconnected for this instance [D:/repo/XCKU5PMini/udp_hls_10g/tb/tb_tcp_rx.v:91]
WARNING: [VRFC 10-3645] port 'retx_req' remains unconnected for this instance [D:/repo/XCKU5PMini/udp_hls_10g/tb/tb_tcp_rx.v:101]
WARNING: [VRFC 10-3645] port 'rd_sip' remains unconnected for this instance [D:/repo/XCKU5PMini/udp_hls_10g/tb/tb_tcp_rx.v:130]
WARNING: [VRFC 10-3645] port 'rc_id' remains unconnected for this instance [D:/repo/XCKU5PMini/udp_hls_10g/tb/tb_tcp_rx.v:141]
WARNING: [VRFC 10-3645] port 'crc_nxt' remains unconnected for this instance [D:/repo/XCKU5PMini/udp_hls_10g/rtl/mac_rx_64.v:126]
WARNING: [VRFC 10-3645] port 'dbg_wptr' remains unconnected for this instance [D:/repo/XCKU5PMini/udp_hls_10g/rtl/mac_rx_64.v:364]
Completed static elaboration
Starting simulation data flow analysis
Completed simulation data flow analysis
Time Resolution for simulation is 1ps
Compiling module xil_defaultlib.crc32_8b
Compiling module xil_defaultlib.fifo_sync
Compiling module xil_defaultlib.mac_rx_64
Compiling module xil_defaultlib.tcp_rx
Compiling module xil_defaultlib.tcp_cam
Compiling module xil_defaultlib.tcb
Compiling module xil_defaultlib.tb_tcp_rx
Built simulation snapshot tb_tcp_rx

****** xsim v2025.2 (64-bit)
  **** SW Build 6299465 on Fri Nov 14 19:35:11 GMT 2025
  **** IP Build 6300035 on Fri Nov 14 10:48:45 MST 2025
  **** SharedData Build 6298862 on Thu Nov 13 04:50:51 MST 2025
  **** Start of session at: Wed Sep 30 13:06:40 2026
    ** Copyright 1986-2022 Xilinx, Inc. All Rights Reserved.
    ** Copyright 2022-2025 Advanced Micro Devices, Inc. All Rights Reserved.

source xsim.dir/tb_tcp_rx/xsim_script.tcl
# xsim {tb_tcp_rx} -autoloadwcfg -tclbatch {run.tcl}
Time resolution is 1 ps
source run.tcl
## run all
P4b7 DIRECTED PASS rcv_nxt=0000044c snd_una=00001770 snd_wnd=4000
DONE pass=20 nonmatch=7 ipcsum=1 crc=1 seq=4 ack=17 bytes=1843 | mac fr=33 crc=1 drop=0
$finish called at time : 45780 ns : File "D:/repo/XCKU5PMini/udp_hls_10g/tb/tb_tcp_rx.v" Line 267
## quit
INFO: [Common 17-206] Exiting xsim at Wed Sep 30 13:06:42 2026...

****** xsim v2025.2 (64-bit)
  **** SW Build 6299465 on Fri Nov 14 19:35:11 GMT 2025
  **** IP Build 6300035 on Fri Nov 14 10:48:45 MST 2025
  **** SharedData Build 6298862 on Thu Nov 13 04:50:51 MST 2025
  **** Start of session at: Wed Sep 30 13:06:42 2026
    ** Copyright 1986-2022 Xilinx, Inc. All Rights Reserved.
    ** Copyright 2022-2025 Advanced Micro Devices, Inc. All Rights Reserved.

source xsim.dir/tb_tcp_rx/xsim_script.tcl
# xsim {tb_tcp_rx} -testplusarg STALL -autoloadwcfg -tclbatch {run.tcl}
Time resolution is 1 ps
source run.tcl
## run all
P4b7 DIRECTED PASS rcv_nxt=0000044c snd_una=00001770 snd_wnd=4000
DONE pass=20 nonmatch=7 ipcsum=1 crc=1 seq=4 ack=17 bytes=1843 | mac fr=33 crc=1 drop=0
$finish called at time : 45780 ns : File "D:/repo/XCKU5PMini/udp_hls_10g/tb/tb_tcp_rx.v" Line 267
## quit
INFO: [Common 17-206] Exiting xsim at Wed Sep 30 13:06:44 2026...

****** xsim v2025.2 (64-bit)
  **** SW Build 6299465 on Fri Nov 14 19:35:11 GMT 2025
  **** IP Build 6300035 on Fri Nov 14 10:48:45 MST 2025
  **** SharedData Build 6298862 on Thu Nov 13 04:50:51 MST 2025
  **** Start of session at: Wed Sep 30 13:06:44 2026
    ** Copyright 1986-2022 Xilinx, Inc. All Rights Reserved.
    ** Copyright 2022-2025 Advanced Micro Devices, Inc. All Rights Reserved.

source xsim.dir/tb_tcp_rx/xsim_script.tcl
# xsim {tb_tcp_rx} -testplusarg HARD -autoloadwcfg -tclbatch {run.tcl}
Time resolution is 1 ps
source run.tcl
## run all
P4b7 DIRECTED PASS rcv_nxt=0000044c snd_una=00001770 snd_wnd=4000
DONE pass=17 nonmatch=4 ipcsum=1 crc=1 seq=5 ack=14 bytes=295 | mac fr=27 crc=1 drop=6
$finish called at time : 45780 ns : File "D:/repo/XCKU5PMini/udp_hls_10g/tb/tb_tcp_rx.v" Line 267
## quit
INFO: [Common 17-206] Exiting xsim at Wed Sep 30 13:06:46 2026...
nostall: 293 lines, stats {'pss': 20, 'nonmatch': 7, 'ipcsum': 1, 'crc': 1, 'seq': 4, 'ack': 17, 'bytes': 1843}, mac [33, 1, 0, 3977] OK
stall: 293 lines, stats {'pss': 20, 'nonmatch': 7, 'ipcsum': 1, 'crc': 1, 'seq': 4, 'ack': 17, 'bytes': 1843}, mac [33, 1, 0, 3977] OK
hard LINE 63: exp 'META 0A000001 D431 0014 1 00000000' resp 'FEND 1'
hard STATS: exp {'pss': 15, 'nonmatch': 6, 'ipcsum': 1, 'crc': 0, 'seq': 5, 'ack': 14, 'bytes': 295} resp ['17', '4', '1', '1', '5', '14', '295']
hard: 92 lines, stats {'pss': 15, 'nonmatch': 6, 'ipcsum': 1, 'crc': 0, 'seq': 5, 'ack': 14, 'bytes': 295}, mac [27, 1, 6, 2049] MISMATCH


# ===== runner: EXIT=1  9.6s   =====
