# gate   : p4_matrix16
# bat    : sim\p4gates\run_matrix_p4dfix.bat
# args   : []
# expect : exit 0
# desc   : P4 ÈªòËÆ§ÊûÑÂª∫ÂõûÂΩíÁü©Èòµ 16 Èó®Ôºàchain/burst/trunc50/trunc100/halfdrop/txdrop50/gate4096/dupstorm/pcackoob/vlanchain/vlanburst/stallgate/unit_retx/unit_fifo/unit_vlan/unit_uartÔºâ
# started: 2026-09-30 12:35:57

[P4GUARD OK] root=d:\repo\xcku5pmini\udp_hls_10g self=d:\repo\xcku5pmini\udp_hls_10g manifests=5
GATE chain EXIT=0
GATE burst200 EXIT=0
ª∑æ≥±‰¡ø TRUNC √ª”–∂®“Â
ª∑æ≥±‰¡ø 50 √ª”–∂®“Â
ª∑æ≥±‰¡ø TRUNCM √ª”–∂®“Â
ª∑æ≥±‰¡ø 8 √ª”–∂®“Â
GATE trunc50 EXIT=0
ª∑æ≥±‰¡ø TRUNC √ª”–∂®“Â
ª∑æ≥±‰¡ø 100 √ª”–∂®“Â
ª∑æ≥±‰¡ø TRUNCM √ª”–∂®“Â
ª∑æ≥±‰¡ø 8 √ª”–∂®“Â
GATE trunc100 EXIT=0
ª∑æ≥±‰¡ø HALFDROP √ª”–∂®“Â
ª∑æ≥±‰¡ø 100 √ª”–∂®“Â
ª∑æ≥±‰¡ø HALFDROPK √ª”–∂®“Â
ª∑æ≥±‰¡ø 990 √ª”–∂®“Â
GATE halfdrop EXIT=0
GATE txdrop50 EXIT=0
GATE gate4096 EXIT=0
GATE dupstorm EXIT=0
ª∑æ≥±‰¡ø PCACKOOB √ª”–∂®“Â
ª∑æ≥±‰¡ø 1 √ª”–∂®“Â
GATE pcackoob EXIT=0
GATE vlanchain EXIT=0
GATE vlanburst EXIT=0
GATE stallgate EXIT=0
GATE unit_retx EXIT=0
GATE unit_fifo EXIT=0
GATE unit_vlan EXIT=0
GATE unit_uart EXIT=0
---- summary ----


# ===== runner: EXIT=0  1459.0s   =====
