# gate   : p4gates_selfcheck
# bat    : sim\p4gates\implicit_gate_selftest.bat
# args   : []
# expect : exit 0
# desc   : 隐式网检测器自检(9 项对照)
# started: 2026-09-30 13:00:16

==========================================================================
 implicit_gate.bat self test -- controls a0 / a / a1 / a2 / b / c
==========================================================================

---- a0  PATHOLOGICAL design seen by XVLOG ONLY ---- EXPECT PASS(0)
     (this is the proof the OLD keyword gate was dumb: xvlog prints nothing)
CASE-a0-A1-xvlog: OK  no implicit-net signature in D:\repo\XCKU5PMini\udp_hls_10g\sim\p4gates\evidence\implicit_gate_2026-09-29\log_a_A1_xvlog_clean_SILENT.log.txt
[a0] expected=0 got=0

---- a1  PATHOLOGICAL design seen by XELAB ---- EXPECT FAIL(1)
CASE-a1-A1-xelab: IMPLICIT-NET-FAIL  log=D:\repo\XCKU5PMini\udp_hls_10g\sim\p4gates\evidence\implicit_gate_2026-09-29\log_a_A1_xelab_10-3091.log.txt
WARNING: [VRFC 10-3091] actual bit length 1 differs from formal bit length 64 for port 'q' [D:/repo/XCKU5PMini/udp_hls_10g/_proj_10g/notes/p7b_implicit_repro/A1_portconn.v:7]
WARNING: [VRFC 10-3091] actual bit length 1 differs from formal bit length 64 for port 'd' [D:/repo/XCKU5PMini/udp_hls_10g/_proj_10g/notes/p7b_implicit_repro/A1_portconn.v:8]
[a1] expected=1 got=1

---- a2  PATHOLOGICAL design (implicit net in an EXPRESSION) xvlog ---- EXPECT FAIL(1)
CASE-a2-A2-expr: IMPLICIT-NET-FAIL  log=D:\repo\XCKU5PMini\udp_hls_10g\sim\p4gates\evidence\implicit_gate_2026-09-29\log_a2_A2_xvlog_10-2989.log.txt
ERROR: [VRFC 10-2989] 'pay_sel' is not declared [D:/repo/XCKU5PMini/udp_hls_10g/_proj_10g/notes/p7b_implicit_repro/A2_expr.v:3]
[a2] expected=1 got=1

---- a3  PATHOLOGICAL design seen by SYNTH ---- EXPECT FAIL(1)
CASE-a3-A1-synth: IMPLICIT-NET-FAIL  log=D:\repo\XCKU5PMini\udp_hls_10g\sim\p4gates\evidence\implicit_gate_2026-09-29\log_a_A1_synth_8-11241.log.txt
INFO: [Synth 8-11241] undeclared symbol 'mid', assumed default net type 'wire' [D:/repo/XCKU5PMini/udp_hls_10g/_proj_10g/notes/p7b_implicit_repro/A1_portconn.v:7]
[a3] expected=1 got=1

---- b1  CLEAN design, xvlog ---- EXPECT PASS(0)
CASE-b1-clean-xvlog: OK  no implicit-net signature in D:\repo\XCKU5PMini\udp_hls_10g\sim\p4gates\evidence\implicit_gate_2026-09-29\log_b_B1_xvlog.log.txt
[b1] expected=0 got=0

---- b2  CLEAN design, xelab ---- EXPECT PASS(0)
CASE-b2-clean-xelab: OK  no implicit-net signature in D:\repo\XCKU5PMini\udp_hls_10g\sim\p4gates\evidence\implicit_gate_2026-09-29\log_b_B1_xelab.log.txt
[b2] expected=0 got=0

---- b3  CLEAN design, synth ---- EXPECT PASS(0)
CASE-b3-clean-synth: OK  no implicit-net signature in D:\repo\XCKU5PMini\udp_hls_10g\sim\p4gates\evidence\implicit_gate_2026-09-29\log_b_B1_synth.log.txt
[b3] expected=0 got=0

---- c1  BENIGN WARNINGS only (synth 8-6014 / 8-7129 / 8-3917) ---- EXPECT PASS(0)
CASE-c1-benign-synth: OK  no implicit-net signature in D:\repo\XCKU5PMini\udp_hls_10g\sim\p4gates\evidence\implicit_gate_2026-09-29\log_c_C1_synth_benign_warnings.log.txt
[c1] expected=0 got=0

---- c2  REAL production xvlog log (VRFC 10-3609 benign) ---- EXPECT PASS(0)
CASE-c2-real-prod: OK  no implicit-net signature in D:\repo\XCKU5PMini\udp_hls_10g\sim\p4gates\evidence\implicit_gate_2026-09-29\log_c_REAL_production_xvlog_10-3609.log.txt
[c2] expected=0 got=0

---- c3  missing log file ---- EXPECT FAIL(2)
CASE-c3-missing: LOG-MISSING D:\repo\XCKU5PMini\udp_hls_10g\sim\p4gates\evidence\implicit_gate_2026-09-29\no_such_log.txt 
[c3] expected=2 got=2

SELFTEST_RESULT = PASS_ALL (9 controls: 4 pathological FAIL, 4 clean PASS, 1 missing-log FAIL)


# ===== runner: EXIT=0  0.2s   =====
