sim/p4indm/run_4gates.sh: line 11: %REPO_ROOT%/sim/p4indm/matrix_4gates.log: No such file or directory
sim/p4indm/run_4gates.sh: line 23: cd: %REPO_ROOT%/sim/p4sim: No such file or directory
sim/p4indm/run_4gates.sh: line 14: %REPO_ROOT%/sim/p4indm/matrix_4gates.log: No such file or directory
sim/p4indm/run_4gates.sh: line 17: %REPO_ROOT%/sim/p4indm/matrix_4gates.log: No such file or directory
sim/p4indm/run_4gates.sh: line 18: %REPO_ROOT%/sim/p4indm/matrix_4gates.log: No such file or directory
sim/p4indm/run_4gates.sh: line 19: %REPO_ROOT%/sim/p4indm/matrix_4gates.log: No such file or directory
GATE pcackoob EXIT=1
sim/p4indm/run_4gates.sh: line 14: %REPO_ROOT%/sim/p4indm/matrix_4gates.log: No such file or directory
sim/p4indm/run_4gates.sh: line 17: %REPO_ROOT%/sim/p4indm/matrix_4gates.log: No such file or directory
sim/p4indm/run_4gates.sh: line 18: %REPO_ROOT%/sim/p4indm/matrix_4gates.log: No such file or directory
sim/p4indm/run_4gates.sh: line 19: %REPO_ROOT%/sim/p4indm/matrix_4gates.log: No such file or directory
GATE vlanchain EXIT=1
sim/p4indm/run_4gates.sh: line 14: %REPO_ROOT%/sim/p4indm/matrix_4gates.log: No such file or directory
sim/p4indm/run_4gates.sh: line 17: %REPO_ROOT%/sim/p4indm/matrix_4gates.log: No such file or directory
sim/p4indm/run_4gates.sh: line 18: %REPO_ROOT%/sim/p4indm/matrix_4gates.log: No such file or directory
sim/p4indm/run_4gates.sh: line 19: %REPO_ROOT%/sim/p4indm/matrix_4gates.log: No such file or directory
GATE vlanburst EXIT=1
sim/p4indm/run_4gates.sh: line 14: %REPO_ROOT%/sim/p4indm/matrix_4gates.log: No such file or directory
sim/p4indm/run_4gates.sh: line 17: %REPO_ROOT%/sim/p4indm/matrix_4gates.log: No such file or directory
sim/p4indm/run_4gates.sh: line 18: %REPO_ROOT%/sim/p4indm/matrix_4gates.log: No such file or directory
sim/p4indm/run_4gates.sh: line 19: %REPO_ROOT%/sim/p4indm/matrix_4gates.log: No such file or directory
GATE stallgate EXIT=1
sim/p4indm/run_4gates.sh: line 29: %REPO_ROOT%/sim/p4indm/matrix_4gates.log: No such file or directory
