# gate   : p5_adv_reconn_fast
# bat    : sim\p5sim\run_tb_p5_adv.bat
# args   : ['reconn_fast']
# expect : exit 0
# desc   : å¯¹æŠ—é›† reconn_fast
# started: 2026-09-30 12:52:18

gen_stim_p5_adv: case=reconn_fast cmds=25 pushes=4 drops=0
½ÓÊÜÔ£¶È: ACC_MARGIN=4096 ¡Ü ÎïÀíÓàÁ¿ 10550 (FIFO 65536 - Åä¶î 49152 - ¦¤ 2816 - U 1518 - µ¥¶Î 1500); Óë wrapper Ò»ÖÂ
FAST ¹Û²ì: ÏßÉÏÊı¾İÖ¡ 4 / FIN Ö¡Êı 2 / app_tx_ready=0000 / ³¬Ê±=no
=== case reconn_fast ===
Ö¡·ÖÀà: data c0=4 c1=0 | FIN=2/0 | RST=0/0 | ´¿ACK=0 | ÆäËü=0
ADVTX   : {'frames': 6, 'bytes': 5840, 'ack': 2, 'drop_len': 0, 'fin': 2, 'rst': 0, 'eend': 0}
ADVFRM  : {'data': 4, 'fin': 2, 'rst': 0, 'other': 0, 'ackcnt': 6}
ADVAPP  : {'run': 0, 'qn': 0, 'off': 0, 'len': 1460, 'tid': 0}
ADVSTAT2: {'scfg_add': 2, 'scfg_del': 1, 'ev_up': 2, 'ev_down': 1, 'ev_drop': 0}
TCB0    : rcv_nxt=20000401 snd_nxt=12347b6a snd_una=12347b6a rcv_wnd=c000 snd_wnd=ffff state=1 fin_sent=1
TCB1    : rcv_nxt=00000000 snd_nxt=00000000 snd_una=00000000 rcv_wnd=0000 snd_wnd=0000 state=0 fin_sent=0
WARN: fast ÖØÁ¬ºóĞÂ»á»°±»µ² (Êı¾İÖ¡ 4, rdy=0000, FIN 2) ¡ª ÈôÈ·ÈÏ fin_sent_r ²ĞÁô¼´ÎªÈ±Ïİ
P5 ADV[reconn_fast] OK


# ===== runner: EXIT=0  52.2s   =====
