# gate   : p5_adv_accmgn
# bat    : sim\p5sim\run_tb_p5_adv.bat
# args   : ['accmgn']
# expect : exit 0
# desc   : ÂØπÊäóÈõÜ accmgn
# started: 2026-09-30 12:54:11

gen_stim_p5_adv: case=accmgn cmds=21 pushes=1 drops=0
Ω” ‹‘£∂»: ACC_MARGIN=4096 °‹ ŒÔ¿Ì”‡¡ø 10550 (FIFO 65536 - ≈‰∂Ó 49152 - ¶§ 2816 - U 1518 - µ•∂Œ 1500); ”Î wrapper “ª÷¬
  rx ª˘œﬂ: {'pass': 1, 'nonmatch': 0, 'ipcsum': 0, 'crc': 0, 'seq': 0, 'ack': 0, 'bytes': 0, 'trunc': 0}
  ÃΩ’Î IN(D=3328): rx ‘ˆ¡ø {'pass': 0, 'seq': 1, 'nonmatch': 0, 'ipcsum': 0, 'crc': 0, 'trunc': 0}
  ÃΩ’Î OUT(D=10551): rx ‘ˆ¡ø {'pass': 0, 'seq': 0, 'nonmatch': 1, 'ipcsum': 0, 'crc': 0, 'trunc': 0}
=== case accmgn ===
÷°∑÷¿‡: data c0=1 c1=0 | FIN=0/0 | RST=0/0 | ¥øACK=1 | ∆‰À¸=0
ADVTX   : {'frames': 2, 'bytes': 1000, 'ack': 1, 'drop_len': 0, 'fin': 0, 'rst': 0, 'eend': 0}
ADVFRM  : {'data': 1, 'fin': 0, 'rst': 0, 'other': 1, 'ackcnt': 3}
ADVAPP  : {'run': 0, 'qn': 0, 'off': 0, 'len': 1000, 'tid': 0}
ADVSTAT2: {'scfg_add': 2, 'scfg_del': 0, 'ev_up': 2, 'ev_down': 0, 'ev_drop': 0}
TCB0    : rcv_nxt=20000001 snd_nxt=12345a61 snd_una=12345a61 rcv_wnd=c000 snd_wnd=ffff state=1 fin_sent=0
TCB1    : rcv_nxt=21000001 snd_nxt=12346001 snd_una=12346001 rcv_wnd=0000 snd_wnd=c000 state=1 fin_sent=0
P5 ADV[accmgn] OK


# ===== runner: EXIT=0  7.5s   =====
