# gate   : p5dx_d6_ctr
# bat    : sim\p5dx_d6\run_ctr.bat
# args   : []
# expect : exit 0
# desc   : D6 计数器门
# started: 2026-09-30 13:05:51

frames=11 bytes=762 -> D:\repo\XCKU5PMini\udp_hls_10g\sim\p5dx_d6
  A1 SYN         len=70
  A2 ACK         len=66
  A3 SYN-retry   len=70
  B1 SYN         len=70
  B2 SYN-retry   len=70
  A4 FIN         len=66
  A5 SYN-again   len=70
  X1 SYN         len=70
  X2 SYN         len=70
  X3 SYN         len=70
  X4 SYN         len=70
done


# ===== runner: EXIT=0  28.8s   =====
