# gate   : p5e_udp_neglearn
# bat    : sim\p5e_udp\run_tb_app_udp.bat
# args   : ['neglearn']
# expect : exit !0
# desc   : иґџеЇ№з…§пј€жњџжњ› exit 1пј‰пјље­¦д№ жєђй’‰ 0
# started: 2026-09-30 13:02:23

---- FAIL detail [neglearn]: 
  [FAIL] яяя¤яяя¶яяяеяяя«яяяЂяяяеяЋ o_ready = 1 (learn-on-RX)
  [FAIL] яяя‘яяя­яяя° peeяяяђЋ apяяя«яяяіяяяеяяяЏяяя§
  [FAIL] яяя‘яяя¦яяя§ = 42 + 1472
  [FAIL] TX яяяйяї = 42 яяяЅяяя·
  [FAIL] TX dst mac яяя­яяя°яя„ peer
  [FAIL] TX src mac яяяњяяяє
  [FAIL] TX ethertype = IPv4
  [FAIL] TX IP proto = UDP
  [FAIL] TX IP total_len
  [FAIL] TX Iяяя¤яяяЎяяяеяяя­яяя®
  [FAIL] TX src ip
  [FAIL] TX dst ip = peer
  [FAIL] TX src port = 8081
  [FAIL] TX dst port = 8081
  [FAIL] TX UDP len
  [FAIL] TX UDPяяяЎяяяеяяя­яяя®яяяјяяяґяяяґяяяЅяя·)
  [FAIL] яяявяў(a) 0 яяї:яяя°яяяеяяяёяяяї
  [FAIL] TX яяяйяї = 42 яяяЅяяя·
  [FAIL] TX dst mac яяя­яяя°яя„ peer
  [FAIL] TX src mac яяяњяяяє
  [FAIL] TX ethertype = IPv4
  [FAIL] TX IP proto = UDP
  [FAIL] TX IP total_len
  [FAIL] TX Iяяя¤яяяЎяяяеяяя­яяя®
  [FAIL] TX src ip
  [FAIL] TX dst ip = peer
  [FAIL] TX src port = 8081
  [FAIL] TX dst port = 8081
  [FAIL] TX UDP len
  [FAIL] TX UDPяяяЎяяяеяяя­яяя®яяяјяяяґяяяґяяяЅяя·)
  [FAIL] Pяяў(b) 1472:яяя°яяяеяяяёяяяї
  [FAIL] TX яяяйяї = 42 яяяЅяяя·
  [FAIL] TX dst mac яяя­яяя°яя„ peer
  [FAIL] TX src mac яяяњяяяє
  [FAIL] TX ethertype = IPv4
  [FAIL] TX IP proto = UDP
  [FAIL] TX IP total_len
  [FAIL] TX Iяяя¤яяяЎяяяеяяя­яяя®
  [FAIL] TX src ip
  [FAIL] TX dst ip = peer
  [FAIL] TX src port = 8081
  [FAIL] TX dst port = 8081
  [FAIL] TX UDP len
  [FAIL] TX UDPяяяЎяяяеяяя­яяя®яяяјяяяґяяяґяяяЅяя·)
  [FAIL] яяяў(c) 1500яяяЃ° 1 яяядяяяєяяяйяяяЂяяя‹яяђ)
  [FAIL] TX яяяйяї = 42 яяяЅяяя·
  [FAIL] TX dst mac яяя­яяя°яя„ peer
  [FAIL] TX src mac яяяњяяяє
  [FAIL] TX ethertype = IPv4
  [FAIL] TX IP proto = UDP
  [FAIL] TX IP total_len
  [FAIL] TX Iяяя¤яяяЎяяяеяяя­яяя®
  [FAIL] TX src ip
  [FAIL] TX dst ip = peer
  [FAIL] TX src port = 8081
  [FAIL] TX dst port = 8081
  [FAIL] TX UDP len
  [FAIL] TX UDPяяяЎяяяеяяя­яяя®яяяјяяяґяяяґяяяЅяя·)
  [FAIL] Pяяў(d) 1501:яяяйяяяёяяяЉяяї*яяяеяяя†яяя­яяў)
  [FAIL] Pяяў(d) stat_drop_len = 1
  [FAIL] яяявяў(dяяяёяяяўяяяеяяя»яяя§яяяеяё (1472яяяЉяяї)
  [FAIL] TX яяяйяї = 42 яяяЅяяя·
  [FAIL] TX dst mac яяя­яяя°яя„ peer
  [FAIL] TX src mac яяяњяяяє
  [FAIL] TX ethertype = IPv4
  [FAIL] TX IP proto = UDP
  [FAIL] TX IP total_len
  [FAIL] TX Iяяя¤яяяЎяяяеяяя­яяя®
  [FAIL] TX src ip
  [FAIL] TX dst ip = peer
  [FAIL] TX src port = 8081
  [FAIL] TX dst port = 8081
  [FAIL] TX UDP len
  [FAIL] TX UDPяяяЎяяяеяяя­яяя®яяяјяяяґяяяґяяяЅяя·)
  [FAIL] яяя‘яяяеяяя€° peer BяяяЋяяязяяяЏяяя§
  [FAIL] яяявя¤b яяў peerяяяЋ TX dst mac = peer B
  [FAIL] Pяя¤bяяяў peeяяяђЋ TX dst ip = peer B
  [FAIL] яяявя¤b src mac яяядяяяњяяяє
  [FAIL] TX яяяйяї = 42 яяяЅяяя·
  [FAIL] TX dst mac яяя­яяя°яя„ peer
  [FAIL] TX src mac яяяњяяяє
  [FAIL] TX ethertype = IPv4
  [FAIL] TX IP proto = UDP
  [FAIL] TX IP total_len
  [FAIL] TX Iяяя¤яяяЎяяяеяяя­яяя®
  [FAIL] TX src ip
  [FAIL] TX dst ip = peer
  [FAIL] TX src port = 8081
  [FAIL] TX dst port = 8081
  [FAIL] TX UDP len
  [FAIL] TX UDPяяяЎяяяеяяя­яяя®яяяјяяяґяяяґяяяЅяя·)
  [FAIL] TX яяяйяї = 42 яяяЅяяя·
  [FAIL] TX dst mac яяя­яяя°яя„ peer
  [FAIL] TX src mac яяяњяяяє
  [FAIL] TX ethertype = IPv4
  [FAIL] TX IP proto = UDP
  [FAIL] TX IP total_len
  [FAIL] TX Iяяя¤яяяЎяяяеяяя­яяя®
  [FAIL] TX src ip
  [FAIL] TX dst ip = peer
  [FAIL] TX src port = 8081
  [FAIL] TX dst port = 8081
  [FAIL] TX UDP len
  [FAIL] TX UDPяяяЎяяяеяяя­яяя®яяяјяяяґяяяґяяяЅяя·)
P5E UDP APP GATE: FAIL errs=104


# ===== runner: EXIT=1  9.2s   =====
