# gate   : p7b_lanefix_dbg
# bat    : _proj_10g\notes\p7b_lanefix\dbg\run_dbg.bat
# args   : []
# expect : exit 0
# desc   : lane4 重对齐调试门
# started: 2026-09-30 13:27:38

#-----------------------------------------------------------
# xsim v2025.2 (64-bit)
# SW Build 6299465 on Fri Nov 14 19:35:11 GMT 2025
# IP Build 6300035 on Fri Nov 14 10:48:45 MST 2025
# SharedData Build 6298862 on Thu Nov 13 04:50:51 MST 2025
# Start of session at: Wed Sep 30 13:27:40 2026
# Process ID         : 32632
# Current directory  : D:/repo/XCKU5PMini/udp_hls_10g/_proj_10g/notes/p7b_lanefix/dbg
# Command line       : xsim.exe -log xsim_dbg.log -mode tcl -source {xsim.dir/tb_lane4_dbg/xsim_script.tcl}
# Log file           : D:/repo/XCKU5PMini/udp_hls_10g/_proj_10g/notes/p7b_lanefix/dbg/xsim_dbg.log
# Journal file       : D:/repo/XCKU5PMini/udp_hls_10g/_proj_10g/notes/p7b_lanefix/dbg\xsim.jou
# Running On         : xyz-intel
# Platform           : Windows Server 2016 or Windows 10
# Operating System   : 26200
# Processor Detail   : Intel(R) Core(TM) Ultra 7 265K
# CPU Frequency      : 3878 MHz
# CPU Physical cores : 20
# CPU Logical cores  : 20
# Host memory        : 68053 MB
# Swap memory        : 4294 MB
# Total Virtual      : 72348 MB
# Available Virtual  : 45024 MB
#-----------------------------------------------------------
source xsim.dir/tb_lane4_dbg/xsim_script.tcl
# xsim {tb_lane4_dbg} -autoloadwcfg -runall
Time resolution is 1 ps
run -all
==== lane=0 clen=60 ====
  [W0] td=a5a4a7a6a1a0a3a2 tk=ff last=0 sop=1 crs=0 err=0
  [W1] td=adacafaea9a8abaa tk=ff last=0 sop=0 crs=0 err=0
  [W2] td=b5b4b7b6b1b0b3b2 tk=ff last=0 sop=0 crs=0 err=0
  [W3] td=bdbcbfbeb9b8bbba tk=ff last=0 sop=0 crs=0 err=0
  [W4] td=8584878681808382 tk=ff last=0 sop=0 crs=0 err=0
  [W5] td=8d8c8f8e89888b8a tk=ff last=0 sop=0 crs=0 err=0
  [W6] td=9594979691909392 tk=ff last=0 sop=0 crs=0 err=0
  [W7] td=9d9c9f9e8ecf0418 tk=f0 last=1 sop=0 crs=0 err=0
  SUM lane=0 clen=60: words=8 bytes=60 frn=1 sop_tk=ff sop_bad=0 mism=0 drop=0 dropfull=0 part=0 frag=0 frames=1 stat_bytes=64 last_len=64
==== lane=0 clen=60 ====
  [W0] td=a5a4a7a6a1a0a3a2 tk=ff last=0 sop=1 crs=0 err=0
  [W1] td=adacafaea9a8abaa tk=ff last=0 sop=0 crs=0 err=0
  [W2] td=b5b4b7b6b1b0b3b2 tk=ff last=0 sop=0 crs=0 err=0
  [W3] td=bdbcbfbeb9b8bbba tk=ff last=0 sop=0 crs=0 err=0
  [W4] td=8584878681808382 tk=ff last=0 sop=0 crs=0 err=0
  [W5] td=8d8c8f8e89888b8a tk=ff last=0 sop=0 crs=0 err=0
  [W6] td=9594979691909392 tk=ff last=0 sop=0 crs=0 err=0
  [W7] td=9d9c9f9e8ecf0418 tk=f0 last=1 sop=0 crs=0 err=0
  SUM lane=0 clen=60: words=8 bytes=60 frn=1 sop_tk=ff sop_bad=0 mism=0 drop=0 dropfull=0 part=0 frag=0 frames=1 stat_bytes=64 last_len=64
==== lane=4 clen=60 ====
  [W0] td=a5a4a7a6a1a0a3a2 tk=ff last=0 sop=1 crs=0 err=0
  [W1] td=adacafaea9a8abaa tk=ff last=0 sop=0 crs=0 err=0
  [W2] td=b5b4b7b6b1b0b3b2 tk=ff last=0 sop=0 crs=0 err=0
  [W3] td=bdbcbfbeb9b8bbba tk=ff last=0 sop=0 crs=0 err=0
  [W4] td=8584878681808382 tk=ff last=0 sop=0 crs=0 err=0
  [W5] td=8d8c8f8e89888b8a tk=ff last=0 sop=0 crs=0 err=0
  [W6] td=9594979691909392 tk=ff last=0 sop=0 crs=0 err=0
  [W7] td=9d9c9f9e8ecf0418 tk=f0 last=1 sop=0 crs=0 err=0
  SUM lane=4 clen=60: words=8 bytes=60 frn=1 sop_tk=ff sop_bad=0 mism=0 drop=0 dropfull=0 part=0 frag=0 frames=1 stat_bytes=64 last_len=64
==== lane=4 clen=61 ====
  [W0] td=a5a4a7a6a1a0a3a2 tk=ff last=0 sop=1 crs=0 err=0
  [W1] td=adacafaea9a8abaa tk=ff last=0 sop=0 crs=0 err=0
  [W2] td=b5b4b7b6b1b0b3b2 tk=ff last=0 sop=0 crs=0 err=0
  [W3] td=bdbcbfbeb9b8bbba tk=ff last=0 sop=0 crs=0 err=0
  [W4] td=8584878681808382 tk=ff last=0 sop=0 crs=0 err=0
  [W5] td=8d8c8f8e89888b8a tk=ff last=0 sop=0 crs=0 err=0
  [W6] td=9594979691909392 tk=ff last=0 sop=0 crs=0 err=0
  [W7] td=9d9c9f9e99266f0c tk=f8 last=1 sop=0 crs=0 err=0
  SUM lane=4 clen=61: words=8 bytes=61 frn=1 sop_tk=ff sop_bad=0 mism=0 drop=0 dropfull=0 part=0 frag=0 frames=1 stat_bytes=65 last_len=65
==== lane=4 clen=62 ====
  [W0] td=a5a4a7a6a1a0a3a2 tk=ff last=0 sop=1 crs=0 err=0
  [W1] td=adacafaea9a8abaa tk=ff last=0 sop=0 crs=0 err=0
  [W2] td=b5b4b7b6b1b0b3b2 tk=ff last=0 sop=0 crs=0 err=0
  [W3] td=bdbcbfbeb9b8bbba tk=ff last=0 sop=0 crs=0 err=0
  [W4] td=8584878681808382 tk=ff last=0 sop=0 crs=0 err=0
  [W5] td=8d8c8f8e89888b8a tk=ff last=0 sop=0 crs=0 err=0
  [W6] td=9594979691909392 tk=ff last=0 sop=0 crs=0 err=0
  [W7] td=9d9c9f9e99980df6 tk=fc last=1 sop=0 crs=0 err=0
  SUM lane=4 clen=62: words=8 bytes=62 frn=1 sop_tk=ff sop_bad=0 mism=0 drop=0 dropfull=0 part=0 frag=0 frames=1 stat_bytes=66 last_len=66
==== lane=4 clen=63 ====
  [W0] td=a5a4a7a6a1a0a3a2 tk=ff last=0 sop=1 crs=0 err=0
  [W1] td=adacafaea9a8abaa tk=ff last=0 sop=0 crs=0 err=0
  [W2] td=b5b4b7b6b1b0b3b2 tk=ff last=0 sop=0 crs=0 err=0
  [W3] td=bdbcbfbeb9b8bbba tk=ff last=0 sop=0 crs=0 err=0
  [W4] td=8584878681808382 tk=ff last=0 sop=0 crs=0 err=0
  [W5] td=8d8c8f8e89888b8a tk=ff last=0 sop=0 crs=0 err=0
  [W6] td=9594979691909392 tk=ff last=0 sop=0 crs=0 err=0
  [W7] td=9d9c9f9e99989b67 tk=fe last=1 sop=0 crs=0 err=0
  SUM lane=4 clen=63: words=8 bytes=63 frn=1 sop_tk=ff sop_bad=0 mism=0 drop=0 dropfull=0 part=0 frag=0 frames=1 stat_bytes=67 last_len=67
==== lane=4 clen=64 ====
  [W0] td=a5a4a7a6a1a0a3a2 tk=ff last=0 sop=1 crs=0 err=0
  [W1] td=adacafaea9a8abaa tk=ff last=0 sop=0 crs=0 err=0
  [W2] td=b5b4b7b6b1b0b3b2 tk=ff last=0 sop=0 crs=0 err=0
  [W3] td=bdbcbfbeb9b8bbba tk=ff last=0 sop=0 crs=0 err=0
  [W4] td=8584878681808382 tk=ff last=0 sop=0 crs=0 err=0
  [W5] td=8d8c8f8e89888b8a tk=ff last=0 sop=0 crs=0 err=0
  [W6] td=9594979691909392 tk=ff last=0 sop=0 crs=0 err=0
  [W7] td=9d9c9f9e99989b9a tk=ff last=1 sop=0 crs=0 err=0
  SUM lane=4 clen=64: words=8 bytes=64 frn=1 sop_tk=ff sop_bad=0 mism=0 drop=0 dropfull=0 part=0 frag=0 frames=1 stat_bytes=68 last_len=68
==== lane=4 clen=1514 ====
  [W0] td=a5a4a7a6a1a0a3a2 tk=ff last=0 sop=1 crs=0 err=0
  [W1] td=adacafaea9a8abaa tk=ff last=0 sop=0 crs=0 err=0
  [W2] td=b5b4b7b6b1b0b3b2 tk=ff last=0 sop=0 crs=0 err=0
  [W3] td=bdbcbfbeb9b8bbba tk=ff last=0 sop=0 crs=0 err=0
  [W4] td=8584878681808382 tk=ff last=0 sop=0 crs=0 err=0
  [W5] td=8d8c8f8e89888b8a tk=ff last=0 sop=0 crs=0 err=0
  [W6] td=9594979691909392 tk=ff last=0 sop=0 crs=0 err=0
  [W7] td=9d9c9f9e99989b9a tk=ff last=0 sop=0 crs=0 err=0
  [W8] td=e5e4e7e6e1e0e3e2 tk=ff last=0 sop=0 crs=0 err=0
  [W9] td=edecefeee9e8ebea tk=ff last=0 sop=0 crs=0 err=0
  [W10] td=f5f4f7f6f1f0f3f2 tk=ff last=0 sop=0 crs=0 err=0
  [W11] td=fdfcfffef9f8fbfa tk=ff last=0 sop=0 crs=0 err=0
  [W12] td=c5c4c7c6c1c0c3c2 tk=ff last=0 sop=0 crs=0 err=0
  [W13] td=cdcccfcec9c8cbca tk=ff last=0 sop=0 crs=0 err=0
  [W14] td=d5d4d7d6d1d0d3d2 tk=ff last=0 sop=0 crs=0 err=0
  [W15] td=dddcdfded9d8dbda tk=ff last=0 sop=0 crs=0 err=0
  [W16] td=2524272621202322 tk=ff last=0 sop=0 crs=0 err=0
  [W17] td=2d2c2f2e29282b2a tk=ff last=0 sop=0 crs=0 err=0
  [W18] td=3534373631303332 tk=ff last=0 sop=0 crs=0 err=0
  [W19] td=3d3c3f3e39383b3a tk=ff last=0 sop=0 crs=0 err=0
  [W20] td=0504070601000302 tk=ff last=0 sop=0 crs=0 err=0
  [W21] td=0d0c0f0e09080b0a tk=ff last=0 sop=0 crs=0 err=0
  [W22] td=1514171611101312 tk=ff last=0 sop=0 crs=0 err=0
  [W23] td=1d1c1f1e19181b1a tk=ff last=0 sop=0 crs=0 err=0
  [W24] td=6564676661606362 tk=ff last=0 sop=0 crs=0 err=0
  [W25] td=6d6c6f6e69686b6a tk=ff last=0 sop=0 crs=0 err=0
  [W26] td=7574777671707372 tk=ff last=0 sop=0 crs=0 err=0
  [W27] td=7d7c7f7e79787b7a tk=ff last=0 sop=0 crs=0 err=0
  [W28] td=4544474641404342 tk=ff last=0 sop=0 crs=0 err=0
  [W29] td=4d4c4f4e49484b4a tk=ff last=0 sop=0 crs=0 err=0
  [W30] td=5554575651505352 tk=ff last=0 sop=0 crs=0 err=0
  [W31] td=5d5c5f5e59585b5a tk=ff last=0 sop=0 crs=0 err=0
  [W32] td=a5a4a7a6a1a0a3a2 tk=ff last=0 sop=0 crs=0 err=0
  [W33] td=adacafaea9a8abaa tk=ff last=0 sop=0 crs=0 err=0
  [W34] td=b5b4b7b6b1b0b3b2 tk=ff last=0 sop=0 crs=0 err=0
  [W35] td=bdbcbfbeb9b8bbba tk=ff last=0 sop=0 crs=0 err=0
  [W36] td=8584878681808382 tk=ff last=0 sop=0 crs=0 err=0
  [W37] td=8d8c8f8e89888b8a tk=ff last=0 sop=0 crs=0 err=0
  [W38] td=9594979691909392 tk=ff last=0 sop=0 crs=0 err=0
  [W39] td=9d9c9f9e99989b9a tk=ff last=0 sop=0 crs=0 err=0
  [W40] td=e5e4e7e6e1e0e3e2 tk=ff last=0 sop=0 crs=0 err=0
  [W41] td=edecefeee9e8ebea tk=ff last=0 sop=0 crs=0 err=0
  [W42] td=f5f4f7f6f1f0f3f2 tk=ff last=0 sop=0 crs=0 err=0
  [W43] td=fdfcfffef9f8fbfa tk=ff last=0 sop=0 crs=0 err=0
  [W44] td=c5c4c7c6c1c0c3c2 tk=ff last=0 sop=0 crs=0 err=0
  [W45] td=cdcccfcec9c8cbca tk=ff last=0 sop=0 crs=0 err=0
  [W46] td=d5d4d7d6d1d0d3d2 tk=ff last=0 sop=0 crs=0 err=0
  [W47] td=dddcdfded9d8dbda tk=ff last=0 sop=0 crs=0 err=0
  [W48] td=2524272621202322 tk=ff last=0 sop=0 crs=0 err=0
  [W49] td=2d2c2f2e29282b2a tk=ff last=0 sop=0 crs=0 err=0
  [W50] td=3534373631303332 tk=ff last=0 sop=0 crs=0 err=0
  [W51] td=3d3c3f3e39383b3a tk=ff last=0 sop=0 crs=0 err=0
  [W52] td=0504070601000302 tk=ff last=0 sop=0 crs=0 err=0
  [W53] td=0d0c0f0e09080b0a tk=ff last=0 sop=0 crs=0 err=0
  [W54] td=1514171611101312 tk=ff last=0 sop=0 crs=0 err=0
  [W55] td=1d1c1f1e19181b1a tk=ff last=0 sop=0 crs=0 err=0
  [W56] td=6564676661606362 tk=ff last=0 sop=0 crs=0 err=0
  [W57] td=6d6c6f6e69686b6a tk=ff last=0 sop=0 crs=0 err=0
  [W58] td=7574777671707372 tk=ff last=0 sop=0 crs=0 err=0
  [W59] td=7d7c7f7e79787b7a tk=ff last=0 sop=0 crs=0 err=0
  [W60] td=4544474641404342 tk=ff last=0 sop=0 crs=0 err=0
  [W61] td=4d4c4f4e49484b4a tk=ff last=0 sop=0 crs=0 err=0
  [W62] td=5554575651505352 tk=ff last=0 sop=0 crs=0 err=0
  [W63] td=5d5c5f5e59585b5a tk=ff last=0 sop=0 crs=0 err=0
  [W64] td=a5a4a7a6a1a0a3a2 tk=ff last=0 sop=0 crs=0 err=0
  [W65] td=adacafaea9a8abaa tk=ff last=0 sop=0 crs=0 err=0
  [W66] td=b5b4b7b6b1b0b3b2 tk=ff last=0 sop=0 crs=0 err=0
  [W67] td=bdbcbfbeb9b8bbba tk=ff last=0 sop=0 crs=0 err=0
  [W68] td=8584878681808382 tk=ff last=0 sop=0 crs=0 err=0
  [W69] td=8d8c8f8e89888b8a tk=ff last=0 sop=0 crs=0 err=0
  [W70] td=9594979691909392 tk=ff last=0 sop=0 crs=0 err=0
  [W71] td=9d9c9f9e99989b9a tk=ff last=0 sop=0 crs=0 err=0
  [W72] td=e5e4e7e6e1e0e3e2 tk=ff last=0 sop=0 crs=0 err=0
  [W73] td=edecefeee9e8ebea tk=ff last=0 sop=0 crs=0 err=0
  [W74] td=f5f4f7f6f1f0f3f2 tk=ff last=0 sop=0 crs=0 err=0
  [W75] td=fdfcfffef9f8fbfa tk=ff last=0 sop=0 crs=0 err=0
  [W76] td=c5c4c7c6c1c0c3c2 tk=ff last=0 sop=0 crs=0 err=0
  [W77] td=cdcccfcec9c8cbca tk=ff last=0 sop=0 crs=0 err=0
  [W78] td=d5d4d7d6d1d0d3d2 tk=ff last=0 sop=0 crs=0 err=0
  [W79] td=dddcdfded9d8dbda tk=ff last=0 sop=0 crs=0 err=0
  [W80] td=2524272621202322 tk=ff last=0 sop=0 crs=0 err=0
  [W81] td=2d2c2f2e29282b2a tk=ff last=0 sop=0 crs=0 err=0
  [W82] td=3534373631303332 tk=ff last=0 sop=0 crs=0 err=0
  [W83] td=3d3c3f3e39383b3a tk=ff last=0 sop=0 crs=0 err=0
  [W84] td=0504070601000302 tk=ff last=0 sop=0 crs=0 err=0
  [W85] td=0d0c0f0e09080b0a tk=ff last=0 sop=0 crs=0 err=0
  [W86] td=1514171611101312 tk=ff last=0 sop=0 crs=0 err=0
  [W87] td=1d1c1f1e19181b1a tk=ff last=0 sop=0 crs=0 err=0
  [W88] td=6564676661606362 tk=ff last=0 sop=0 crs=0 err=0
  [W89] td=6d6c6f6e69686b6a tk=ff last=0 sop=0 crs=0 err=0
  [W90] td=7574777671707372 tk=ff last=0 sop=0 crs=0 err=0
  [W91] td=7d7c7f7e79787b7a tk=ff last=0 sop=0 crs=0 err=0
  [W92] td=4544474641404342 tk=ff last=0 sop=0 crs=0 err=0
  [W93] td=4d4c4f4e49484b4a tk=ff last=0 sop=0 crs=0 err=0
  [W94] td=5554575651505352 tk=ff last=0 sop=0 crs=0 err=0
  [W95] td=5d5c5f5e59585b5a tk=ff last=0 sop=0 crs=0 err=0
  [W96] td=a5a4a7a6a1a0a3a2 tk=ff last=0 sop=0 crs=0 err=0
  [W97] td=adacafaea9a8abaa tk=ff last=0 sop=0 crs=0 err=0
  [W98] td=b5b4b7b6b1b0b3b2 tk=ff last=0 sop=0 crs=0 err=0
  [W99] td=bdbcbfbeb9b8bbba tk=ff last=0 sop=0 crs=0 err=0
  [W100] td=8584878681808382 tk=ff last=0 sop=0 crs=0 err=0
  [W101] td=8d8c8f8e89888b8a tk=ff last=0 sop=0 crs=0 err=0
  [W102] td=9594979691909392 tk=ff last=0 sop=0 crs=0 err=0
  [W103] td=9d9c9f9e99989b9a tk=ff last=0 sop=0 crs=0 err=0
  [W104] td=e5e4e7e6e1e0e3e2 tk=ff last=0 sop=0 crs=0 err=0
  [W105] td=edecefeee9e8ebea tk=ff last=0 sop=0 crs=0 err=0
  [W106] td=f5f4f7f6f1f0f3f2 tk=ff last=0 sop=0 crs=0 err=0
  [W107] td=fdfcfffef9f8fbfa tk=ff last=0 sop=0 crs=0 err=0
  [W108] td=c5c4c7c6c1c0c3c2 tk=ff last=0 sop=0 crs=0 err=0
  [W109] td=cdcccfcec9c8cbca tk=ff last=0 sop=0 crs=0 err=0
  [W110] td=d5d4d7d6d1d0d3d2 tk=ff last=0 sop=0 crs=0 err=0
  [W111] td=dddcdfded9d8dbda tk=ff last=0 sop=0 crs=0 err=0
  [W112] td=2524272621202322 tk=ff last=0 sop=0 crs=0 err=0
  [W113] td=2d2c2f2e29282b2a tk=ff last=0 sop=0 crs=0 err=0
  [W114] td=3534373631303332 tk=ff last=0 sop=0 crs=0 err=0
  [W115] td=3d3c3f3e39383b3a tk=ff last=0 sop=0 crs=0 err=0
  [W116] td=0504070601000302 tk=ff last=0 sop=0 crs=0 err=0
  [W117] td=0d0c0f0e09080b0a tk=ff last=0 sop=0 crs=0 err=0
  [W118] td=1514171611101312 tk=ff last=0 sop=0 crs=0 err=0
  [W119] td=1d1c1f1e19181b1a tk=ff last=0 sop=0 crs=0 err=0
  [W120] td=6564676661606362 tk=ff last=0 sop=0 crs=0 err=0
  [W121] td=6d6c6f6e69686b6a tk=ff last=0 sop=0 crs=0 err=0
  [W122] td=7574777671707372 tk=ff last=0 sop=0 crs=0 err=0
  [W123] td=7d7c7f7e79787b7a tk=ff last=0 sop=0 crs=0 err=0
  [W124] td=4544474641404342 tk=ff last=0 sop=0 crs=0 err=0
  [W125] td=4d4c4f4e49484b4a tk=ff last=0 sop=0 crs=0 err=0
  [W126] td=5554575651505352 tk=ff last=0 sop=0 crs=0 err=0
  [W127] td=5d5c5f5e59585b5a tk=ff last=0 sop=0 crs=0 err=0
  [W128] td=a5a4a7a6a1a0a3a2 tk=ff last=0 sop=0 crs=0 err=0
  [W129] td=adacafaea9a8abaa tk=ff last=0 sop=0 crs=0 err=0
  [W130] td=b5b4b7b6b1b0b3b2 tk=ff last=0 sop=0 crs=0 err=0
  [W131] td=bdbcbfbeb9b8bbba tk=ff last=0 sop=0 crs=0 err=0
  [W132] td=8584878681808382 tk=ff last=0 sop=0 crs=0 err=0
  [W133] td=8d8c8f8e89888b8a tk=ff last=0 sop=0 crs=0 err=0
  [W134] td=9594979691909392 tk=ff last=0 sop=0 crs=0 err=0
  [W135] td=9d9c9f9e99989b9a tk=ff last=0 sop=0 crs=0 err=0
  [W136] td=e5e4e7e6e1e0e3e2 tk=ff last=0 sop=0 crs=0 err=0
  [W137] td=edecefeee9e8ebea tk=ff last=0 sop=0 crs=0 err=0
  [W138] td=f5f4f7f6f1f0f3f2 tk=ff last=0 sop=0 crs=0 err=0
  [W139] td=fdfcfffef9f8fbfa tk=ff last=0 sop=0 crs=0 err=0
  [W140] td=c5c4c7c6c1c0c3c2 tk=ff last=0 sop=0 crs=0 err=0
  [W141] td=cdcccfcec9c8cbca tk=ff last=0 sop=0 crs=0 err=0
  [W142] td=d5d4d7d6d1d0d3d2 tk=ff last=0 sop=0 crs=0 err=0
  [W143] td=dddcdfded9d8dbda tk=ff last=0 sop=0 crs=0 err=0
  [W144] td=2524272621202322 tk=ff last=0 sop=0 crs=0 err=0
  [W145] td=2d2c2f2e29282b2a tk=ff last=0 sop=0 crs=0 err=0
  [W146] td=3534373631303332 tk=ff last=0 sop=0 crs=0 err=0
  [W147] td=3d3c3f3e39383b3a tk=ff last=0 sop=0 crs=0 err=0
  [W148] td=0504070601000302 tk=ff last=0 sop=0 crs=0 err=0
  [W149] td=0d0c0f0e09080b0a tk=ff last=0 sop=0 crs=0 err=0
  [W150] td=1514171611101312 tk=ff last=0 sop=0 crs=0 err=0
  [W151] td=1d1c1f1e19181b1a tk=ff last=0 sop=0 crs=0 err=0
  [W152] td=6564676661606362 tk=ff last=0 sop=0 crs=0 err=0
  [W153] td=6d6c6f6e69686b6a tk=ff last=0 sop=0 crs=0 err=0
  [W154] td=7574777671707372 tk=ff last=0 sop=0 crs=0 err=0
  [W155] td=7d7c7f7e79787b7a tk=ff last=0 sop=0 crs=0 err=0
  [W156] td=4544474641404342 tk=ff last=0 sop=0 crs=0 err=0
  [W157] td=4d4c4f4e49484b4a tk=ff last=0 sop=0 crs=0 err=0
  [W158] td=5554575651505352 tk=ff last=0 sop=0 crs=0 err=0
  [W159] td=5d5c5f5e59585b5a tk=ff last=0 sop=0 crs=0 err=0
  [W160] td=a5a4a7a6a1a0a3a2 tk=ff last=0 sop=0 crs=0 err=0
  [W161] td=adacafaea9a8abaa tk=ff last=0 sop=0 crs=0 err=0
  [W162] td=b5b4b7b6b1b0b3b2 tk=ff last=0 sop=0 crs=0 err=0
  [W163] td=bdbcbfbeb9b8bbba tk=ff last=0 sop=0 crs=0 err=0
  [W164] td=8584878681808382 tk=ff last=0 sop=0 crs=0 err=0
  [W165] td=8d8c8f8e89888b8a tk=ff last=0 sop=0 crs=0 err=0
  [W166] td=9594979691909392 tk=ff last=0 sop=0 crs=0 err=0
  [W167] td=9d9c9f9e99989b9a tk=ff last=0 sop=0 crs=0 err=0
  [W168] td=e5e4e7e6e1e0e3e2 tk=ff last=0 sop=0 crs=0 err=0
  [W169] td=edecefeee9e8ebea tk=ff last=0 sop=0 crs=0 err=0
  [W170] td=f5f4f7f6f1f0f3f2 tk=ff last=0 sop=0 crs=0 err=0
  [W171] td=fdfcfffef9f8fbfa tk=ff last=0 sop=0 crs=0 err=0
  [W172] td=c5c4c7c6c1c0c3c2 tk=ff last=0 sop=0 crs=0 err=0
  [W173] td=cdcccfcec9c8cbca tk=ff last=0 sop=0 crs=0 err=0
  [W174] td=d5d4d7d6d1d0d3d2 tk=ff last=0 sop=0 crs=0 err=0
  [W175] td=dddcdfded9d8dbda tk=ff last=0 sop=0 crs=0 err=0
  [W176] td=2524272621202322 tk=ff last=0 sop=0 crs=0 err=0
  [W177] td=2d2c2f2e29282b2a tk=ff last=0 sop=0 crs=0 err=0
  [W178] td=3534373631303332 tk=ff last=0 sop=0 crs=0 err=0
  [W179] td=3d3c3f3e39383b3a tk=ff last=0 sop=0 crs=0 err=0
  [W180] td=0504070601000302 tk=ff last=0 sop=0 crs=0 err=0
  [W181] td=0d0c0f0e09080b0a tk=ff last=0 sop=0 crs=0 err=0
  [W182] td=1514171611101312 tk=ff last=0 sop=0 crs=0 err=0
  [W183] td=1d1c1f1e19181b1a tk=ff last=0 sop=0 crs=0 err=0
  [W184] td=6564676661606362 tk=ff last=0 sop=0 crs=0 err=0
  [W185] td=6d6c6f6e69686b6a tk=ff last=0 sop=0 crs=0 err=0
  [W186] td=7574777671707372 tk=ff last=0 sop=0 crs=0 err=0
  [W187] td=7d7c7f7e79787b7a tk=ff last=0 sop=0 crs=0 err=0
  [W188] td=4544474641404342 tk=ff last=0 sop=0 crs=0 err=0
  [W189] td=4d4c1a464e98fd07 tk=c0 last=1 sop=0 crs=0 err=0
  SUM lane=4 clen=1514: words=190 bytes=1514 frn=1 sop_tk=ff sop_bad=0 mism=0 drop=0 dropfull=0 part=0 frag=0 frames=1 stat_bytes=1518 last_len=1518
==== tb_lane4_dbg done ====
$finish called at time : 3580800 ps : File "D:/repo/XCKU5PMini/udp_hls_10g/_proj_10g/notes/p7b_lanefix/dbg/tb_lane4_dbg.v" Line 150
exit
INFO: [Common 17-206] Exiting xsim at Wed Sep 30 13:27:42 2026...


# ===== runner: EXIT=0  3.9s   =====
