# gate   : run_tb_tx
# bat    : sim\run_tb_tx.bat
# args   : []
# expect : exit 0
# desc   : mac_tx_64 单元
# started: 2026-09-30 13:12:20

INFO: [VRFC 10-2263] Analyzing Verilog file "D:/repo/XCKU5PMini/udp_hls_10g/rtl/crc32_8b.v" into library xil_defaultlib
INFO: [VRFC 10-311] analyzing module crc32_8b
INFO: [VRFC 10-2263] Analyzing Verilog file "D:/repo/XCKU5PMini/udp_hls_10g/rtl/fifo_sync.v" into library xil_defaultlib
INFO: [VRFC 10-311] analyzing module fifo_sync
INFO: [VRFC 10-2263] Analyzing Verilog file "D:/repo/XCKU5PMini/udp_hls_10g/rtl/mac_tx_64.v" into library xil_defaultlib
INFO: [VRFC 10-311] analyzing module mac_tx_64
INFO: [VRFC 10-2263] Analyzing Verilog file "D:/repo/XCKU5PMini/udp_hls_10g/tb/tb_mac_tx_64.v" into library xil_defaultlib
INFO: [VRFC 10-311] analyzing module tb_mac_tx_64
Vivado Simulator v2025.2
Copyright 1986-2022 Xilinx, Inc. All Rights Reserved.
Copyright 2022-2025 Advanced Micro Devices, Inc. All Rights Reserved.
Running: C:/AMDDesignTools/2025.2/Vivado/bin/unwrapped/win64.o/xelab.exe -debug typical -timescale 1ns/1ps -L xil_defaultlib xil_defaultlib.tb_mac_tx_64 -s tb_snap 
Multi-threading is on. Using 18 slave threads.
Starting static elaboration
Pass Through NonSizing Optimizer
WARNING: [VRFC 10-3645] port 'stat_flush_words' remains unconnected for this instance [D:/repo/XCKU5PMini/udp_hls_10g/tb/tb_mac_tx_64.v:25]
WARNING: [VRFC 10-3645] port 'dbg_wptr' remains unconnected for this instance [D:/repo/XCKU5PMini/udp_hls_10g/rtl/mac_tx_64.v:70]
Completed static elaboration
Starting simulation data flow analysis
Completed simulation data flow analysis
Time Resolution for simulation is 1ps
Compiling module xil_defaultlib.fifo_sync(W=73,D=16,AW=4)
Compiling module xil_defaultlib.crc32_8b
Compiling module xil_defaultlib.mac_tx_64
Compiling module xil_defaultlib.tb_mac_tx_64
Built simulation snapshot tb_snap
No value specified for option : testplusarg

****** Vivado Simulator v2025.2
  **** Copyright 1986-2022 Xilinx, Inc. All Rights Reserved.
  **** Copyright 2022-2025 Advanced Micro Devices, Inc. All Rights Reserved.

Usage: C:/AMDDesignTools/2025.2/Vivado/bin/unwrapped/win64.o/xsim.exe [options]
(Switches with double dash '--' can also be used with a single dash '-')
    --R                  : Run simulation till end i.e. do 'run all;quit'
    --autoloadwcfg       : Load already saved waveform configuration file
    --clear_child_on_exit : Clear child processes upon exiting simulation (only applicable to Linux).
    --cov_db_dir         : Directory where the Functional Coverage database will be saved. The functional coverage data will be present under <cov_db_dir_argvalue>/xsim.covdb/<cov_db_name_argvalue> directory. Default is ./ or inherits value set in xelab.
    --cov_db_name        : Database name under which Functional Coverage database will be saved. The functional coverage data will be present under <cov_db_dir_argvalue>/xsim.covdb/<cov_db_name_argvalue> directory. Default is snapshot name or inherits value set in xelab.
    --disable_circular_dependency_check : Disable runtime error for cyclic/circular dependency in constraint randomization.
    --disable_multi_driver_resolution_scheduling : Revert to original multi driver resolution flow during scheduling the processes
    --downgrade_error2info : Downgrade severity level of HDL messages from Error to Info.
    --downgrade_error2warning : Downgrade severity level of HDL messages from Error to Warning.
    --downgrade_fatal2info : Downgrade severity level of HDL messages from Fatal to Info.
    --downgrade_fatal2warning : Downgrade severity level of HDL messages from Fatal to Warning.
    --downgrade_severity : Downgrade severity level of HDL messages. Choices are:error2warning|error2info|fatal2warning|fatal2info
    --f                  : Take command line options from a file
    --file               : Take command line options from a file
    --g                  : Run with interactive GUI
    --gui                : Run with interactive GUI
    --h                  : Print help message and exit
    --help               : Print help message and exit
    --ieeewarnings       : Enable warnings from VHDL IEEE functions
    --ignore_assertions  : Ignore System Verilog Concurrent Assertions.
    --ignore_coverage    : Ignore System Verilog Functional Coverage.
    --ignore_feature     : Ignore effect of specific HDL feature or construct. Choices are: assertion
    --log                : Specify the log file name
    --maxdeltaid         : Specify the maximum delta number. Will report error if it exceeds maximum simulation loops at the same time
    --maxlogsize         : Set the maximum size a log file can reach in MB. The default setting is unlimited
    --nolog              : Suppress log file generation
    --nosignalhandlers   : Run with no signal handlers to avoid conflict with security software.
    --onerror            : Specify behavior upon simulation run-time error: quit|stop
    --onfinish           : Specify behavior at end of simulation: quit|stop
    --protoinst          : Specify a .protoinst file for protocol analysis
    --runall             : Run simulation till end i.e. do 'run all;quit'
    --stats              : Display memory and cpu stats upon exiting
    --sv_seed            : seed for sv constraint random
    --t                  : Specify the TCL file for batch mode execution
    --tclbatch           : Specify the TCL file for batch mode execution
    --tempDir            : Specify the temporary directory name
    --testplusarg        : Specify plus args to be used by $test$plusargs and $value$plusargs system functions
    --tl                 : Enable printing of file name and line number of statements being executed.
    --tp                 : Enable printing of hierarchical names of process being executed.
    --version            : Print the simulator version and quit.
    --view               : Open a wave configuration file. This switch should be used together with -gui switch
    --wdb                : Specify the waveform database output file.
    --xsimdir            : Location of xsim.dir directory. Default location is "." i.e. current run directory.


# ===== runner: EXIT=1  2.0s   =====
