# gate   : rxp_v6
# bat    : sim\rxpdiag\run_tb_rxp_v6.bat
# args   : []
# expect : exit 0
# desc   : rxp v6
# started: 2026-09-30 13:11:40

RXPV6 A V1 cv=3044 cg=8a ce=ca co=100 cm=1 cz=1 cs=0 | cnt=5888
RXPV6 B V1 | v5(din) dv=3044 dg=8a de=ca do=100 dm=1 | app II=3044 UMM=1 URF=4 | dPS=4 dRL=0
RXPV6 A V2 cv=0 cg=00 ce=00 co=0 cm=0 cz=0 cs=0 | cnt=5888
RXPV6 B V2 | v5(din) dv=0 dg=00 de=00 do=0 dm=0 | app II=0 UMM=0 URF=4 | dPS=4 dRL=0
RXPV6 A V3a cv=0 cg=00 ce=00 co=0 cm=0 cz=0 cs=0 | cnt=5888
RXPV6 B V3a | v5(din) dv=0 dg=00 de=00 do=0 dm=0 | app II=0 UMM=0 URF=4 | dPS=4 dRL=0
RXPV6 A V3b cv=1473 cg=e9 ce=f9 co=1 cm=1 cz=1 cs=0 | cnt=5888
RXPV6 B V3b | v5(din) dv=1473 dg=e9 de=f9 do=1 dm=1 | app II=1473 UMM=1 URF=4 | dPS=4 dRL=0
RXPV6 A V4 cv=1470 cg=04 ce=24 co=1470 cm=2 cz=1 cs=0 | cnt=5884
RXPV6 B V4 | v5(din) dv=1470 dg=04 de=24 do=1470 dm=2 | app II=1470 UMM=2 URF=4 | dPS=4 dRL=0
RXPV6 A V5 cv=3044 cg=8a ce=ca co=100 cm=2 cz=1 cs=0 | cnt=5888
RXPV6 B V5 | v5(din) dv=3044 dg=8a de=ca do=100 dm=2 | app II=3044 UMM=2 URF=4 | dPS=4 dRL=0
RXPV6 A V6 cv=3040 cg=4c ce=44 co=96 cm=2 cz=1 cs=0 | cnt=5888
RXPV6 B V6 | v5(din) dv=3040 dg=4c de=44 do=96 dm=2 | app II=3040 UMM=2 URF=4 | dPS=4 dRL=0
RXPV6 A V7 cv=14 cg=9a ce=d6 co=22 cm=726 cz=1 cs=92 | cnt=742
RXPV6 B V7 | v5(din) dv=0 dg=00 de=00 do=0 dm=0 | app II=0 UMM=0 URF=1 | dPS=1 dRL=0
RXP-V6 GATE: OK


# ===== runner: EXIT=0  7.0s   =====
