# gate   : rxp_v5
# bat    : sim\rxpdiag\run_tb_rxp_v5.bat
# args   : []
# expect : exit 0
# desc   : rxp v5
# started: 2026-09-30 13:11:34

RXPV5 A W1 dv=3044 dg=8a de=ca do=100 dm=1 vz=1 | cnt=5888
RXPV5 B W1 dPS=4 dNM=0 dIC=0 dDC=0 dSB=5888 | dURF=4 dRL=0
RXPV5 A W2 dv=0 dg=00 de=00 do=0 dm=0 vz=0 | cnt=5888
RXPV5 B W2 dPS=4 dNM=0 dIC=0 dDC=0 dSB=5888 | dURF=4 dRL=0
RXPV5 A W3 dv=3044 dg=8a de=ca do=100 dm=2 vz=1 | cnt=5888
RXPV5 B W3 dPS=4 dNM=0 dIC=0 dDC=0 dSB=5888 | dURF=4 dRL=0
RXPV5 A W4 dv=1470 dg=04 de=24 do=1470 dm=2 vz=1 | cnt=5884
RXPV5 B W4 dPS=4 dNM=0 dIC=0 dDC=0 dSB=5884 | dURF=4 dRL=0
RXPV5 A W5 dv=0 dg=00 de=00 do=0 dm=0 vz=0 | cnt=0
RXPV5 B W5 dPS=0 dNM=4 dIC=0 dDC=0 dSB=0 | dURF=0 dRL=0
RXPV5 A W6 dv=0 dg=00 de=00 do=0 dm=0 vz=0 | cnt=0
RXPV5 B W6 dPS=0 dNM=0 dIC=4 dDC=0 dSB=0 | dURF=0 dRL=0
RXPV5 A W7 dv=0 dg=00 de=00 do=0 dm=0 vz=0 | cnt=5888
RXPV5 B W7 dPS=0 dNM=0 dIC=0 dDC=4 dSB=0 | dURF=0 dRL=4
RXPV5 W7 NOTE: RL=4 (4 frames rolled back) while dURF=0 and DM=0 => rollback moves the write pointer but does NOT perturb the written byte sequence; it only shifts the app-side byte indices (DV==II holds only when RL==0 and WF==0).
RXP-V5 GATE: OK


# ===== runner: EXIT=0  6.6s   =====
