# gate   : rxsim_udp_rx
# bat    : sim\rxsim\run_tb_udp_rx.bat
# args   : []
# expect : exit 0
# desc   : udp_rx 单元
# started: 2026-09-30 13:11:54

INFO: [VRFC 10-2263] Analyzing Verilog file "D:/repo/XCKU5PMini/udp_hls_10g/rtl/crc32_8b.v" into library xil_defaultlib
INFO: [VRFC 10-311] analyzing module crc32_8b
INFO: [VRFC 10-2263] Analyzing Verilog file "D:/repo/XCKU5PMini/udp_hls_10g/rtl/fifo_sync.v" into library xil_defaultlib
INFO: [VRFC 10-311] analyzing module fifo_sync
INFO: [VRFC 10-2263] Analyzing Verilog file "D:/repo/XCKU5PMini/udp_hls_10g/rtl/mac_rx_64.v" into library xil_defaultlib
INFO: [VRFC 10-311] analyzing module mac_rx_64
INFO: [VRFC 10-2263] Analyzing Verilog file "D:/repo/XCKU5PMini/udp_hls_10g/rtl/udp_rx.v" into library xil_defaultlib
INFO: [VRFC 10-311] analyzing module udp_rx
INFO: [VRFC 10-2263] Analyzing Verilog file "D:/repo/XCKU5PMini/udp_hls_10g/tb/tb_udp_rx.v" into library xil_defaultlib
INFO: [VRFC 10-311] analyzing module tb_udp_rx
Vivado Simulator v2025.2
Copyright 1986-2022 Xilinx, Inc. All Rights Reserved.
Copyright 2022-2025 Advanced Micro Devices, Inc. All Rights Reserved.
Running: C:/AMDDesignTools/2025.2/Vivado/bin/unwrapped/win64.o/xelab.exe -debug typical -timescale 1ns/1ps -L xil_defaultlib xil_defaultlib.tb_udp_rx -s tb_udp_rx 
Multi-threading is on. Using 18 slave threads.
Starting static elaboration
Pass Through NonSizing Optimizer
WARNING: [VRFC 10-3645] port 'stat_drop_full' remains unconnected for this instance [D:/repo/XCKU5PMini/udp_hls_10g/tb/tb_udp_rx.v:45]
WARNING: [VRFC 10-3645] port 'crc_nxt' remains unconnected for this instance [D:/repo/XCKU5PMini/udp_hls_10g/rtl/mac_rx_64.v:126]
WARNING: [VRFC 10-3645] port 'dbg_wptr' remains unconnected for this instance [D:/repo/XCKU5PMini/udp_hls_10g/rtl/mac_rx_64.v:364]
Completed static elaboration
Starting simulation data flow analysis
Completed simulation data flow analysis
Time Resolution for simulation is 1ps
Compiling module xil_defaultlib.crc32_8b
Compiling module xil_defaultlib.fifo_sync
Compiling module xil_defaultlib.mac_rx_64
Compiling module xil_defaultlib.udp_rx
Compiling module xil_defaultlib.tb_udp_rx
Built simulation snapshot tb_udp_rx

****** xsim v2025.2 (64-bit)
  **** SW Build 6299465 on Fri Nov 14 19:35:11 GMT 2025
  **** IP Build 6300035 on Fri Nov 14 10:48:45 MST 2025
  **** SharedData Build 6298862 on Thu Nov 13 04:50:51 MST 2025
  **** Start of session at: Wed Sep 30 13:11:57 2026
    ** Copyright 1986-2022 Xilinx, Inc. All Rights Reserved.
    ** Copyright 2022-2025 Advanced Micro Devices, Inc. All Rights Reserved.

source xsim.dir/tb_udp_rx/xsim_script.tcl
# xsim {tb_udp_rx} -autoloadwcfg -tclbatch {run.tcl}
Time resolution is 1 ps
source run.tcl
## run all
DONE pass=21 nonmatch=10 ipcsum=1 crc=1 bytes=1904 | mac fr=33 crc=1 drop=0
$finish called at time : 43700 ns : File "D:/repo/XCKU5PMini/udp_hls_10g/tb/tb_udp_rx.v" Line 128
## quit
INFO: [Common 17-206] Exiting xsim at Wed Sep 30 13:11:59 2026...

****** xsim v2025.2 (64-bit)
  **** SW Build 6299465 on Fri Nov 14 19:35:11 GMT 2025
  **** IP Build 6300035 on Fri Nov 14 10:48:45 MST 2025
  **** SharedData Build 6298862 on Thu Nov 13 04:50:51 MST 2025
  **** Start of session at: Wed Sep 30 13:11:59 2026
    ** Copyright 1986-2022 Xilinx, Inc. All Rights Reserved.
    ** Copyright 2022-2025 Advanced Micro Devices, Inc. All Rights Reserved.

source xsim.dir/tb_udp_rx/xsim_script.tcl
# xsim {tb_udp_rx} -testplusarg STALL -autoloadwcfg -tclbatch {run.tcl}
Time resolution is 1 ps
source run.tcl
## run all
DONE pass=21 nonmatch=10 ipcsum=1 crc=1 bytes=1904 | mac fr=33 crc=1 drop=0
$finish called at time : 43700 ns : File "D:/repo/XCKU5PMini/udp_hls_10g/tb/tb_udp_rx.v" Line 128
## quit
INFO: [Common 17-206] Exiting xsim at Wed Sep 30 13:12:01 2026...

****** xsim v2025.2 (64-bit)
  **** SW Build 6299465 on Fri Nov 14 19:35:11 GMT 2025
  **** IP Build 6300035 on Fri Nov 14 10:48:45 MST 2025
  **** SharedData Build 6298862 on Thu Nov 13 04:50:51 MST 2025
  **** Start of session at: Wed Sep 30 13:12:01 2026
    ** Copyright 1986-2022 Xilinx, Inc. All Rights Reserved.
    ** Copyright 2022-2025 Advanced Micro Devices, Inc. All Rights Reserved.

source xsim.dir/tb_udp_rx/xsim_script.tcl
# xsim {tb_udp_rx} -testplusarg HARD -autoloadwcfg -tclbatch {run.tcl}
Time resolution is 1 ps
source run.tcl
## run all
DONE pass=20 nonmatch=6 ipcsum=1 crc=1 bytes=404 | mac fr=27 crc=1 drop=6
$finish called at time : 43700 ns : File "D:/repo/XCKU5PMini/udp_hls_10g/tb/tb_udp_rx.v" Line 128
## quit
INFO: [Common 17-206] Exiting xsim at Wed Sep 30 13:12:03 2026...


# ===== runner: EXIT=0  9.2s   =====
