# gate   : snapcdc24_p6e
# bat    : sim\snapcdc\review24\p6e\run.bat
# args   : []
# expect : exit 0
# desc   : CDC24 p6e wrapper
# started: 2026-09-30 13:13:04

  [PASS] 1  MAGIC = 50360001
  [PASS]   BUILD_ID (P7b ÿÿÿæÿŸ 5ÿÿÿ­—=7) = 00000007
  [PASS] 3  MARKER = deadbeef
  [PASS] 4  HW_STATUS.bit3 = user_lnk_up = 1 (æ›¿èº«å·²æŠ¥é“¾è·¯èµ·)
  [PASS] 5  gmii åŸŸè‡ªç”±è®¡æ•°åœ¨è·‘ (å¿«ç…§ CDC çœŸçš„åœ¨æ¬æ•°)
  [FAIL] 5b Î”W24/Î”W5 = 1.0000 ä¸åœ¨ [1.24, 1.26]: **æ•°æ®é¢æ²¡è·‘åœ¨ 156.25MHz**
  [PASS] locked == 1 (DP ÿÿÿéÿÿÿºÿÿÿÿÿš) = 00000001
  [PASS] 6 W0 = rx_stat_frames = 11111111
  [PASS] 6 W1 = rx_stat_bytes = 22222222
  [PASS] 6 W2 = {16'd0,wl_last} = 0000abcd
  [PASS] 6 W3 = rx_stat_crc_err = 33333333
  [PASS] 6 W4 = rx_stat_drop = 44444444
  [PASS] 6 W6 = srx_stat_commit = 66666666
  [PASS] 6 W7  = stx_stat_frames = 77777777
  [PASS] 6 W8  = udpapp_tx_frames = 88888888
  [PASS] 6 W9  = udpapp_tx_bytes = 99999999
  [PASS] 6 W10 = udpapp_rx_frames = aaaaaaaa
  [PASS] 6 W11 = udpapp_rx_bytes = bbbbbbbb
  [PASS] 6 W12 = udpapp_rx_null = cccccccc
  [PASS] 6 W13 = udpapp_mismatch = dddddddd
  [PASS] 6 W14 = tx_stat_frames (TCP) = eeeeeeee
  [PASS] 6 W15 = tx_stat_bytes (TCP) = ffffffff
  [PASS] 6 W16 = srx_hls_bytes = 01020304
  [PASS] 6 W17 = hr_cnt = 05060708
  [PASS] 6 W18 = stx_stat_purge = 090a0b0c
  [PASS] 6 W19 = srx_stat_drop = 0d0e0f10
  [PASS] 6 W20 = mac_tx_frames = 11121314
  [PASS] 6 W21 = tx_stat_abort = 15161718
  [PASS] 6 W22 = rx_stat_pass = 191a1b1c
  [PASS] 6 W23 = rx_stat_nonmatch = 1d1e1f20
  [PASS] 6 W26 = rxcdc_full_cycles = 21222324
  [PASS] 6 W27 = {16'd0,rxcdc_occ_max} = 00002526
  [PASS] 6 W28 = {16'd0,txcdc_occ_max} = 00002728
  [PASS] 6 W29 = txwire_stall_cycles = 292a2b2c
  [PASS] 6 W30 = rxcdc_out_frames = 2d2e2f30
  [PASS] 6 W31 = rxcdc_out_bytes = 31323334
  [PASS] 6 W32 = stat_drop_partial (C10) = 35363738
  [PASS] 6 W33 = stat_orphan_bytes (C10) = 393a3b3c
  [PASS] 6 W34 = stat_drop_full = 3d3e3f40
  [PASS]  stat_fifo_ovf (ÿÿ’ ÿÿÿÿÿÿ·ÿÿ) = 41424344
  [PASS] ning) frozen while not triggered = 00001861
  [PASS] 8  gen æ°å¥½ +1 (5 -> 6)
  [PASS] ÿÿÿœÿÿÿ€ 0xEÿÿÿ‡’ rresp = SLVERR = 00000002
FAIL      tb_p6e_pcie_wrapper: 1 é¡¹å¤±è´¥


# ===== runner: EXIT=1  17.7s   =====
