# gate   : snapcdc24_cdc
# bat    : sim\snapcdc\review24\cdc\run.bat
# args   : []
# expect : exit 0
# desc   : CDC24 cdc
# started: 2026-09-30 13:12:58

TB_NW_SEL-WARN: 没有 -d TB_NW_<W> ⇒ 上面的 32 是**兜底默认值**, 不是任何一次门运行
  [PASS] 0 激励自洽: 逐字步长 112500 fs x 32 字 = 整束 3600000 fs < clk_b 最小半周期 4550000 fs
  [PASS] 1 基本: 结果 = 请求时刻的位束 (tag=100, 全部 32 字全对)
  [PASS] 2 相干性: 16 相位全部相干, 且新旧两侧都扫到 (判据非空)
  [PASS] 3 busy: 连发 3 拍只产生 1 次 valid
  [PASS] 4 背靠背: 8 次请求 = 8 次 valid, 数据全对
  [PASS] 5 负对照 A: 撕裂被抓到 1 次 ⇒ 相干性检查确有判别力
  [PASS] 6 复位回收: 飞行中复位 → 释放后回空闲, 无假 valid
  [PASS] 6b 复位后恢复正常快照 (tag=601)
  [PASS] 7 时钟停摆: 恢复后握手自动补完, 数据正确 (tag=700)
  [PASS] 8a 真 RTL 在 200 次快照中 0 次位混 (源每拍都变)
  [PASS] 8b 负对照 B: 直通模型在**同一激励**下混了 105/200 次 ⇒ 判据 8a 有判别力
  [PASS] 9a 复位释放 (clk_b 未起) ⇒ 空闲, 无假 valid/busy
  [PASS] 9b clk_b 起来后第一次快照正常 (tag=900)
PASS_ALL  tb_snap_cdc: NW=32 判据 0-9 全过 (含负对照 A/B)


# ===== runner: EXIT=0  4.5s   =====
