# gate   : snapcdc_t2
# bat    : sim\snapcdc\review\run_t2.bat
# args   : []
# expect : exit 0
# desc   : CDC review t2
# started: 2026-09-30 13:12:55

#-----------------------------------------------------------
# xsim v2025.2 (64-bit)
# SW Build 6299465 on Fri Nov 14 19:35:11 GMT 2025
# IP Build 6300035 on Fri Nov 14 10:48:45 MST 2025
# SharedData Build 6298862 on Thu Nov 13 04:50:51 MST 2025
# Start of session at: Wed Sep 30 13:12:56 2026
# Process ID         : 29412
# Current directory  : D:/repo/XCKU5PMini/udp_hls_10g/sim/snapcdc/review
# Command line       : xsim.exe -log xsim_t2.log -mode tcl -source {xsim.dir/tb_t2/xsim_script.tcl}
# Log file           : D:/repo/XCKU5PMini/udp_hls_10g/sim/snapcdc/review/xsim_t2.log
# Journal file       : D:/repo/XCKU5PMini/udp_hls_10g/sim/snapcdc/review\xsim.jou
# Running On         : xyz-intel
# Platform           : Windows Server 2016 or Windows 10
# Operating System   : 26200
# Processor Detail   : Intel(R) Core(TM) Ultra 7 265K
# CPU Frequency      : 3878 MHz
# CPU Physical cores : 20
# CPU Logical cores  : 20
# Host memory        : 68053 MB
# Swap memory        : 4294 MB
# Total Virtual      : 72348 MB
# Available Virtual  : 45453 MB
#-----------------------------------------------------------
source xsim.dir/tb_t2/xsim_script.tcl
# xsim {tb_t2} -autoloadwcfg -runall
Time resolution is 1 ps
run -all
=== tb_t2: 停止请求瞬间的逐拍追踪 ===
  [t] clk_a 周期实测 = 4 (pa 设 4)
  [t] 20 次 valid 后 t=856 nf=20 nv=20 nu=20
  --- 停请求 (req_mode=3) t=858 ---
  e1   t=862    req=0 busy=1 done=0 valid=0 tog=1 ack=0 asa=000 tsb=001 upd=0 | nf=21 nv=20 nu=20
  e2   t=866    req=0 busy=1 done=0 valid=0 tog=1 ack=0 asa=000 tsb=001 upd=0 | nf=21 nv=20 nu=20
  e3   t=870    req=0 busy=1 done=0 valid=0 tog=1 ack=0 asa=000 tsb=011 upd=1 | nf=21 nv=20 nu=20
  e4   t=874    req=0 busy=1 done=0 valid=0 tog=1 ack=0 asa=000 tsb=011 upd=1 | nf=21 nv=20 nu=20
  e5   t=878    req=0 busy=1 done=0 valid=0 tog=1 ack=1 asa=000 tsb=111 upd=0 | nf=21 nv=20 nu=21
  e6   t=882    req=0 busy=1 done=0 valid=0 tog=1 ack=1 asa=001 tsb=111 upd=0 | nf=21 nv=20 nu=21
  e7   t=886    req=0 busy=1 done=0 valid=0 tog=1 ack=1 asa=011 tsb=111 upd=0 | nf=21 nv=20 nu=21
  e8   t=890    req=0 busy=0 done=1 valid=0 tog=1 ack=1 asa=111 tsb=111 upd=0 | nf=21 nv=20 nu=21
  e9   t=894    req=0 busy=0 done=1 valid=1 tog=1 ack=1 asa=111 tsb=111 upd=0 | nf=21 nv=21 nu=21
  e10  t=898    req=0 busy=0 done=1 valid=0 tog=1 ack=1 asa=111 tsb=111 upd=0 | nf=21 nv=21 nu=21
  e11  t=902    req=0 busy=0 done=1 valid=0 tog=1 ack=1 asa=111 tsb=111 upd=0 | nf=21 nv=21 nu=21
  e12  t=906    req=0 busy=0 done=1 valid=0 tog=1 ack=1 asa=111 tsb=111 upd=0 | nf=21 nv=21 nu=21
  e13  t=910    req=0 busy=0 done=1 valid=0 tog=1 ack=1 asa=111 tsb=111 upd=0 | nf=21 nv=21 nu=21
  e14  t=914    req=0 busy=0 done=1 valid=0 tog=1 ack=1 asa=111 tsb=111 upd=0 | nf=21 nv=21 nu=21
  e15  t=918    req=0 busy=0 done=1 valid=0 tog=1 ack=1 asa=111 tsb=111 upd=0 | nf=21 nv=21 nu=21
  e16  t=922    req=0 busy=0 done=1 valid=0 tog=1 ack=1 asa=111 tsb=111 upd=0 | nf=21 nv=21 nu=21
  e17  t=926    req=0 busy=0 done=1 valid=0 tog=1 ack=1 asa=111 tsb=111 upd=0 | nf=21 nv=21 nu=21
  e18  t=930    req=0 busy=0 done=1 valid=0 tog=1 ack=1 asa=111 tsb=111 upd=0 | nf=21 nv=21 nu=21
  e19  t=934    req=0 busy=0 done=1 valid=0 tog=1 ack=1 asa=111 tsb=111 upd=0 | nf=21 nv=21 nu=21
  e20  t=938    req=0 busy=0 done=1 valid=0 tog=1 ack=1 asa=111 tsb=111 upd=0 | nf=21 nv=21 nu=21
  e21  t=942    req=0 busy=0 done=1 valid=0 tog=1 ack=1 asa=111 tsb=111 upd=0 | nf=21 nv=21 nu=21
  e22  t=946    req=0 busy=0 done=1 valid=0 tog=1 ack=1 asa=111 tsb=111 upd=0 | nf=21 nv=21 nu=21
  e23  t=950    req=0 busy=0 done=1 valid=0 tog=1 ack=1 asa=111 tsb=111 upd=0 | nf=21 nv=21 nu=21
  e24  t=954    req=0 busy=0 done=1 valid=0 tog=1 ack=1 asa=111 tsb=111 upd=0 | nf=21 nv=21 nu=21
  e25  t=958    req=0 busy=0 done=1 valid=0 tog=1 ack=1 asa=111 tsb=111 upd=0 | nf=21 nv=21 nu=21
  e26  t=962    req=0 busy=0 done=1 valid=0 tog=1 ack=1 asa=111 tsb=111 upd=0 | nf=21 nv=21 nu=21
  e27  t=966    req=0 busy=0 done=1 valid=0 tog=1 ack=1 asa=111 tsb=111 upd=0 | nf=21 nv=21 nu=21
  e28  t=970    req=0 busy=0 done=1 valid=0 tog=1 ack=1 asa=111 tsb=111 upd=0 | nf=21 nv=21 nu=21
  e29  t=974    req=0 busy=0 done=1 valid=0 tog=1 ack=1 asa=111 tsb=111 upd=0 | nf=21 nv=21 nu=21
  e30  t=978    req=0 busy=0 done=1 valid=0 tog=1 ack=1 asa=111 tsb=111 upd=0 | nf=21 nv=21 nu=21
  e31  t=982    req=0 busy=0 done=1 valid=0 tog=1 ack=1 asa=111 tsb=111 upd=0 | nf=21 nv=21 nu=21
  e32  t=986    req=0 busy=0 done=1 valid=0 tog=1 ack=1 asa=111 tsb=111 upd=0 | nf=21 nv=21 nu=21
  e33  t=990    req=0 busy=0 done=1 valid=0 tog=1 ack=1 asa=111 tsb=111 upd=0 | nf=21 nv=21 nu=21
  e34  t=994    req=0 busy=0 done=1 valid=0 tog=1 ack=1 asa=111 tsb=111 upd=0 | nf=21 nv=21 nu=21
  e35  t=998    req=0 busy=0 done=1 valid=0 tog=1 ack=1 asa=111 tsb=111 upd=0 | nf=21 nv=21 nu=21
  e36  t=1002   req=0 busy=0 done=1 valid=0 tog=1 ack=1 asa=111 tsb=111 upd=0 | nf=21 nv=21 nu=21
  e37  t=1006   req=0 busy=0 done=1 valid=0 tog=1 ack=1 asa=111 tsb=111 upd=0 | nf=21 nv=21 nu=21
  e38  t=1010   req=0 busy=0 done=1 valid=0 tog=1 ack=1 asa=111 tsb=111 upd=0 | nf=21 nv=21 nu=21
  e39  t=1014   req=0 busy=0 done=1 valid=0 tog=1 ack=1 asa=111 tsb=111 upd=0 | nf=21 nv=21 nu=21
  e40  t=1018   req=0 busy=0 done=1 valid=0 tog=1 ack=1 asa=111 tsb=111 upd=0 | nf=21 nv=21 nu=21
  [t] 停请求 40 拍后 t=1018 busy=0 done=1 nf=21 nv=21 nu=21
  --- 重开请求 t=1018 ---
  e41  t=1022   req=0 busy=0 done=1 valid=0 tog=1 ack=1 asa=111 tsb=111 upd=0 | nf=21 nv=21 nu=21
  e42  t=1026   req=1 busy=0 done=1 valid=0 tog=1 ack=1 asa=111 tsb=111 upd=0 | nf=21 nv=21 nu=21
  e43  t=1030   req=1 busy=1 done=0 valid=0 tog=0 ack=1 asa=111 tsb=110 upd=0 | nf=22 nv=21 nu=21
  e44  t=1034   req=0 busy=1 done=0 valid=0 tog=0 ack=1 asa=111 tsb=110 upd=0 | nf=22 nv=21 nu=21
  e45  t=1038   req=0 busy=1 done=0 valid=0 tog=0 ack=1 asa=111 tsb=100 upd=1 | nf=22 nv=21 nu=21
  e46  t=1042   req=0 busy=1 done=0 valid=0 tog=0 ack=1 asa=111 tsb=100 upd=1 | nf=22 nv=21 nu=21
  e47  t=1046   req=0 busy=1 done=0 valid=0 tog=0 ack=0 asa=111 tsb=000 upd=0 | nf=22 nv=21 nu=22
  e48  t=1050   req=0 busy=1 done=0 valid=0 tog=0 ack=0 asa=110 tsb=000 upd=0 | nf=22 nv=21 nu=22
  e49  t=1054   req=0 busy=1 done=0 valid=0 tog=0 ack=0 asa=100 tsb=000 upd=0 | nf=22 nv=21 nu=22
  e50  t=1058   req=0 busy=0 done=1 valid=0 tog=0 ack=0 asa=000 tsb=000 upd=0 | nf=22 nv=21 nu=22
  e51  t=1062   req=1 busy=0 done=1 valid=1 tog=0 ack=0 asa=000 tsb=000 upd=0 | nf=22 nv=22 nu=22
  e52  t=1066   req=1 busy=1 done=0 valid=0 tog=1 ack=0 asa=000 tsb=000 upd=0 | nf=23 nv=22 nu=22
  e53  t=1070   req=0 busy=1 done=0 valid=0 tog=1 ack=0 asa=000 tsb=001 upd=0 | nf=23 nv=22 nu=22
  e54  t=1074   req=0 busy=1 done=0 valid=0 tog=1 ack=0 asa=000 tsb=001 upd=0 | nf=23 nv=22 nu=22
  e55  t=1078   req=0 busy=1 done=0 valid=0 tog=1 ack=0 asa=000 tsb=011 upd=1 | nf=23 nv=22 nu=22
  e56  t=1082   req=0 busy=1 done=0 valid=0 tog=1 ack=0 asa=000 tsb=011 upd=1 | nf=23 nv=22 nu=22
  e57  t=1086   req=0 busy=1 done=0 valid=0 tog=1 ack=1 asa=000 tsb=111 upd=0 | nf=23 nv=22 nu=23
  e58  t=1090   req=0 busy=1 done=0 valid=0 tog=1 ack=1 asa=001 tsb=111 upd=0 | nf=23 nv=22 nu=23
  e59  t=1094   req=0 busy=1 done=0 valid=0 tog=1 ack=1 asa=011 tsb=111 upd=0 | nf=23 nv=22 nu=23
  e60  t=1098   req=0 busy=0 done=1 valid=0 tog=1 ack=1 asa=111 tsb=111 upd=0 | nf=23 nv=22 nu=23
  e61  t=1102   req=1 busy=0 done=1 valid=1 tog=1 ack=1 asa=111 tsb=111 upd=0 | nf=23 nv=23 nu=23
  e62  t=1106   req=1 busy=1 done=0 valid=0 tog=0 ack=1 asa=111 tsb=111 upd=0 | nf=24 nv=23 nu=23
  e63  t=1110   req=0 busy=1 done=0 valid=0 tog=0 ack=1 asa=111 tsb=110 upd=0 | nf=24 nv=23 nu=23
  e64  t=1114   req=0 busy=1 done=0 valid=0 tog=0 ack=1 asa=111 tsb=110 upd=0 | nf=24 nv=23 nu=23
  e65  t=1118   req=0 busy=1 done=0 valid=0 tog=0 ack=1 asa=111 tsb=100 upd=1 | nf=24 nv=23 nu=23
  e66  t=1122   req=0 busy=1 done=0 valid=0 tog=0 ack=1 asa=111 tsb=100 upd=1 | nf=24 nv=23 nu=23
  e67  t=1126   req=0 busy=1 done=0 valid=0 tog=0 ack=0 asa=111 tsb=000 upd=0 | nf=24 nv=23 nu=24
  e68  t=1130   req=0 busy=1 done=0 valid=0 tog=0 ack=0 asa=110 tsb=000 upd=0 | nf=24 nv=23 nu=24
  e69  t=1134   req=0 busy=1 done=0 valid=0 tog=0 ack=0 asa=100 tsb=000 upd=0 | nf=24 nv=23 nu=24
  e70  t=1138   req=0 busy=0 done=1 valid=0 tog=0 ack=0 asa=000 tsb=000 upd=0 | nf=24 nv=23 nu=24
  [t] 重开后 t=1138 nf=24 nv=23 nu=24 busy=0
=== done ===
$finish called at time : 1138 ns : File "D:/repo/XCKU5PMini/udp_hls_10g/sim/snapcdc/review/tb_t2.v" Line 91
exit
INFO: [Common 17-206] Exiting xsim at Wed Sep 30 13:12:58 2026...


# ===== runner: EXIT=0  3.4s   =====
