# gate   : snapcdc_torture
# bat    : sim\snapcdc\review\run_torture.bat
# args   : []
# expect : exit 0
# desc   : CDC review ж‹·ж‰“й—Ё
# started: 2026-09-30 13:13:02

  [ok]   P0 200 яяяеяяя…яяя¶яяяжя· (яяяжяяя‹яяяЅяя)
  [ok]   P0 яяязяяяђЋ flips == updates == valids
  [ok]   яяяйяяяЅяяя·
  [ok]   яяяйяяяЅяяяЋяяяжяяяЇяяяђ
  [ok]   яяяйяяяЅяяя·
  [ok]   яяяйяяяЅяяяЋяяяжяяяЇяяяђ
  [ok]   яяяйяяяЅяяя·
  [ok]   яяяйяяяЅяяяЋяяяжяяяЇяяяђ
  [ok]   яяязяяяєяяяЌяяязяяя®яяяЁяяћ (busy=1)
  [ok]   PяяяЈяяяЊяяяжяяя…яяя„яяяеяяяўяяяЅяяҐ яяяЄяяҐ яяя¬Ў valid)
  [ok]   яяяйяяяЅяяяЋяяяжяяяЇяяяђ
  [ok]   P5яяяєяяяжяяя«яяяияяя±яяяЁяяћ)
  [ok]   P5 яяяжяяяњяяяґ busяяяЊяяя
  [ok]   P5 яяяжяяяњяяяґяяяжя° valid
  [ok]   PяяяЃяяяЌяяяжяяяЌяяяҐяяяжяяя¤яяяЋяя„ яяяџяяяђ
  [ok]   яяяйяяяЅяяяЋяяяжяяяЇяяяђ
  [ok]   P6 clkяяядяяя­яяяЁяяяйя¶ validяяяёяяяЇяяҐ)
  [ok]   P6 clk_b яяяеяяяњяяя¶ busяяяЊяяя
  [ok]   P6яяяЉяяяеяяя¦яяяЅяяязяяяљяяя°яяяжяяя‡Є clk_b яяяжяяя№яяяЋ
  [ok]   PяяяЃяяяЌяяяйяяяЅяяя·
  [ok]   яяяйяяяЅяяяЋяяяжяяяЇяяяђ
  [ok]   P7яяя©яяяІяяядяяяђЋ buяяядяє 0
  [ok]   P7a яяяйяяя¤яяяЌяяяея‡ valid
  [ok]   P7яяя©яяяІяяядяяяђЋ buяяядяє 0
  [ok]   P7a яяяйяяя¤яяяЌяяяея‡ valid
  [ok]   P7яяя©яяяІяяядяяяђЋ buяяядяє 0
  [ok]   P7a яяяйяяя¤яяяЌяяяея‡ valid
  [ok]   P7яяя©яяяІяяядяяяђЋ buяяядяє 0
  [ok]   P7a яяяйяяя¤яяяЌяяяея‡ valid
  [ok]   P7яяя©яяяІяяядяяяђЋ buяяядяє 0
  [ok]   P7a яяяйяяя¤яяяЌяяяея‡ valid
  [ok]   P7яяя©яяяІяяядяяяђЋ buяяядяє 0
  [ok]   P7a яяяйяяя¤яяяЌяяяея‡ valid
  [ok]   P7яяя©яяяІяяядяяяђЋ buяяядяє 0
  [ok]   P7a яяяйяяя¤яяяЌяяяея‡ valid
  [ok]   P7яяя©яяяІяяядяяяђЋ buяяядяє 0
  [ok]   P7a яяяйяяя¤яяяЌяяяея‡ valid
  [ok]   PяяяйяяяЅяяяЋяяяжяяяЇяяяђ
  [ok]   P7bяяяєяяяжяяя«яяяияяя±яяяЁяяћ)
  [ok]   PяяяеяяяЅяяяЂяяяеяяяЋ‰ 1 яяЎ valiяяядяяя†яяяћяя‘)
  [ok]   P7bяяяЌяяяеяяяєяяяѓяяяеяяя‡яяяЂяяяћяяя¶яяяйяћ <= 1)
  [INFO] P7b е¤ЌдЅЌеђЋж–°зєЄе…ѓ: flips=2 upd=2 valid=1
  [ok]   P7яяя¤яяяЌяяяйяяяЅяяя·
  [ok]   P7bяяяЌяяяеяяяЌяяя®яяяжяяяЇяяяђ
  [ok]   P8яяя•яяяияяяЉяяя°яяяЈяяяҐяяяжяяя€яяя«яя›)
  [ok]   P8 яяяжяяя’яяя‚яяяйяяяЅяяя·
  [ok]   яяяйяяяЅяяяЋяяяжяяяЇяяяђ
TOR_PASS  tb_torture: е…ЁйѓЁдёЌеЏй‡Џж€ђз«‹ (еђ«ж’•иЈ‚иґџеЇ№з…§е‘Ѕдё­)
INFO: [Common 17-206] Exiting xsim at Wed Sep 30 13:13:06 2026...


# ===== runner: EXIT=0  3.9s   =====
