# gate   : snap_cdc
# bat    : sim\snapcdc\run_tb_snap_cdc.bat
# args   : []
# expect : exit 0
# desc   : snap_cdc 单元
# started: 2026-09-30 13:12:28

================= snap_cdc gate: 5 widths (14/22/24/32/36) =================
================= NW=14 (REAL: SNAP_FE_NW, -d TB_NW_14) =================
  [PASS] 0 激励自洽: 逐字步长 257142 fs x 14 字 = 整束 3600000 fs < clk_b 最小半周期 4550000 fs
  [PASS] 1 基本: 结果 = 请求时刻的位束 (tag=100, 全部 14 字全对)
  [INFO] 2 相位统计: 旧值 13 次 / 新值 3 次
  [PASS] 2 相干性: 16 相位全部相干, 且新旧两侧都扫到 (判据非空)
  [PASS] 3 busy: 连发 3 拍只产生 1 次 valid
  [PASS] 4 背靠背: 8 次请求 = 8 次 valid, 数据全对
  [PASS] 5 负对照 A: 撕裂被抓到 1 次 ⇒ 相干性检查确有判别力
  [PASS] 6 复位回收: 飞行中复位 → 释放后回空闲, 无假 valid
  [PASS] 6b 复位后恢复正常快照 (tag=601)
  [INFO] 7 b 时钟停摆: busy 挂高且无 valid (预期行为, 不是故障)
  [PASS] 7 时钟停摆: 恢复后握手自动补完, 数据正确 (tag=700)
  [INFO] 负对照 B 首次位混: naive tag=001f54 (该代 src_gen=8021)
  [PASS] 8a 真 RTL 在 200 次快照中 0 次位混 (源每拍都变)
  [PASS] 8b 负对照 B: 直通模型在**同一激励**下混了 103/200 次 ⇒ 判据 8a 有判别力
  [PASS] 9a 复位释放 (clk_b 未起) ⇒ 空闲, 无假 valid/busy
  [PASS] 9b clk_b 起来后第一次快照正常 (tag=900)
PASS_ALL  tb_snap_cdc: NW=14 判据 0-9 全过 (含负对照 A/B)
INFO: [Common 17-206] Exiting xsim at Wed Sep 30 13:12:33 2026...
NW14-OK
================= NW=22 (REAL: SNAP_DP_NW, -d TB_NW_22) =================
  [PASS] 0 激励自洽: 逐字步长 163636 fs x 22 字 = 整束 3600000 fs < clk_b 最小半周期 4550000 fs
  [PASS] 1 基本: 结果 = 请求时刻的位束 (tag=100, 全部 22 字全对)
  [INFO] 2 相位统计: 旧值 13 次 / 新值 3 次
  [PASS] 2 相干性: 16 相位全部相干, 且新旧两侧都扫到 (判据非空)
  [PASS] 3 busy: 连发 3 拍只产生 1 次 valid
  [PASS] 4 背靠背: 8 次请求 = 8 次 valid, 数据全对
  [PASS] 5 负对照 A: 撕裂被抓到 1 次 ⇒ 相干性检查确有判别力
  [PASS] 6 复位回收: 飞行中复位 → 释放后回空闲, 无假 valid
  [PASS] 6b 复位后恢复正常快照 (tag=601)
  [INFO] 7 b 时钟停摆: busy 挂高且无 valid (预期行为, 不是故障)
  [PASS] 7 时钟停摆: 恢复后握手自动补完, 数据正确 (tag=700)
  [INFO] 负对照 B 首次位混: naive tag=001f54 (该代 src_gen=8021)
  [PASS] 8a 真 RTL 在 200 次快照中 0 次位混 (源每拍都变)
  [PASS] 8b 负对照 B: 直通模型在**同一激励**下混了 103/200 次 ⇒ 判据 8a 有判别力
  [PASS] 9a 复位释放 (clk_b 未起) ⇒ 空闲, 无假 valid/busy
  [PASS] 9b clk_b 起来后第一次快照正常 (tag=900)
PASS_ALL  tb_snap_cdc: NW=22 判据 0-9 全过 (含负对照 A/B)
INFO: [Common 17-206] Exiting xsim at Wed Sep 30 13:12:37 2026...
NW22-OK
================= NW=24 (legacy P6e word count, -d TB_NW_24) =============
  [PASS] 0 激励自洽: 逐字步长 150000 fs x 24 字 = 整束 3599999 fs < clk_b 最小半周期 4550000 fs
  [PASS] 1 基本: 结果 = 请求时刻的位束 (tag=100, 全部 24 字全对)
  [INFO] 2 相位统计: 旧值 13 次 / 新值 3 次
  [PASS] 2 相干性: 16 相位全部相干, 且新旧两侧都扫到 (判据非空)
  [PASS] 3 busy: 连发 3 拍只产生 1 次 valid
  [PASS] 4 背靠背: 8 次请求 = 8 次 valid, 数据全对
  [PASS] 5 负对照 A: 撕裂被抓到 1 次 ⇒ 相干性检查确有判别力
  [PASS] 6 复位回收: 飞行中复位 → 释放后回空闲, 无假 valid
  [PASS] 6b 复位后恢复正常快照 (tag=601)
  [INFO] 7 b 时钟停摆: busy 挂高且无 valid (预期行为, 不是故障)
  [PASS] 7 时钟停摆: 恢复后握手自动补完, 数据正确 (tag=700)
  [INFO] 负对照 B 首次位混: naive tag=001f54 (该代 src_gen=8021)
  [PASS] 8a 真 RTL 在 200 次快照中 0 次位混 (源每拍都变)
  [PASS] 8b 负对照 B: 直通模型在**同一激励**下混了 103/200 次 ⇒ 判据 8a 有判别力
  [PASS] 9a 复位释放 (clk_b 未起) ⇒ 空闲, 无假 valid/busy
  [PASS] 9b clk_b 起来后第一次快照正常 (tag=900)
PASS_ALL  tb_snap_cdc: NW=24 判据 0-9 全过 (含负对照 A/B)
INFO: [Common 17-206] Exiting xsim at Wed Sep 30 13:12:41 2026...
NW24-OK
================= NW=32 (legacy P6b v1 estimate, -d TB_NW_32) ============
  [PASS] 0 激励自洽: 逐字步长 112500 fs x 32 字 = 整束 3600000 fs < clk_b 最小半周期 4550000 fs
  [PASS] 1 基本: 结果 = 请求时刻的位束 (tag=100, 全部 32 字全对)
  [INFO] 2 相位统计: 旧值 13 次 / 新值 3 次
  [PASS] 2 相干性: 16 相位全部相干, 且新旧两侧都扫到 (判据非空)
  [PASS] 3 busy: 连发 3 拍只产生 1 次 valid
  [PASS] 4 背靠背: 8 次请求 = 8 次 valid, 数据全对
  [PASS] 5 负对照 A: 撕裂被抓到 1 次 ⇒ 相干性检查确有判别力
  [PASS] 6 复位回收: 飞行中复位 → 释放后回空闲, 无假 valid
  [PASS] 6b 复位后恢复正常快照 (tag=601)
  [INFO] 7 b 时钟停摆: busy 挂高且无 valid (预期行为, 不是故障)
  [PASS] 7 时钟停摆: 恢复后握手自动补完, 数据正确 (tag=700)
  [INFO] 负对照 B 首次位混: naive tag=001f54 (该代 src_gen=8021)
  [PASS] 8a 真 RTL 在 200 次快照中 0 次位混 (源每拍都变)
  [PASS] 8b 负对照 B: 直通模型在**同一激励**下混了 105/200 次 ⇒ 判据 8a 有判别力
  [PASS] 9a 复位释放 (clk_b 未起) ⇒ 空闲, 无假 valid/busy
  [PASS] 9b clk_b 起来后第一次快照正常 (tag=900)
PASS_ALL  tb_snap_cdc: NW=32 判据 0-9 全过 (含负对照 A/B)
INFO: [Common 17-206] Exiting xsim at Wed Sep 30 13:12:46 2026...
NW32-OK
================= NW=36 (REAL: SNAP_NW_P6E whole window, -d TB_NW_36) ====
  [PASS] 0 激励自洽: 逐字步长 100000 fs x 36 字 = 整束 3600000 fs < clk_b 最小半周期 4550000 fs
  [PASS] 1 基本: 结果 = 请求时刻的位束 (tag=100, 全部 36 字全对)
  [INFO] 2 相位统计: 旧值 13 次 / 新值 3 次
  [PASS] 2 相干性: 16 相位全部相干, 且新旧两侧都扫到 (判据非空)
  [PASS] 3 busy: 连发 3 拍只产生 1 次 valid
  [PASS] 4 背靠背: 8 次请求 = 8 次 valid, 数据全对
  [PASS] 5 负对照 A: 撕裂被抓到 1 次 ⇒ 相干性检查确有判别力
  [PASS] 6 复位回收: 飞行中复位 → 释放后回空闲, 无假 valid
  [PASS] 6b 复位后恢复正常快照 (tag=601)
  [INFO] 7 b 时钟停摆: busy 挂高且无 valid (预期行为, 不是故障)
  [PASS] 7 时钟停摆: 恢复后握手自动补完, 数据正确 (tag=700)
  [INFO] 负对照 B 首次位混: naive tag=001f54 (该代 src_gen=8021)
  [PASS] 8a 真 RTL 在 200 次快照中 0 次位混 (源每拍都变)
  [PASS] 8b 负对照 B: 直通模型在**同一激励**下混了 105/200 次 ⇒ 判据 8a 有判别力
  [PASS] 9a 复位释放 (clk_b 未起) ⇒ 空闲, 无假 valid/busy
  [PASS] 9b clk_b 起来后第一次快照正常 (tag=900)
PASS_ALL  tb_snap_cdc: NW=36 判据 0-9 全过 (含负对照 A/B)
INFO: [Common 17-206] Exiting xsim at Wed Sep 30 13:12:50 2026...
NW36-OK
===================================================================
SNAP_CDC_GATE_ALL: OK (NW=14/22/24/32/36 all PASS_ALL)


# ===== runner: EXIT=0  21.5s   =====
