# gate   : xxv_pay_sel
# bat    : _proj_10g\xxv_loop\sim\run_sim_pay.bat
# args   : []
# expect : exit 0
# desc   : PCS 载荷选择门
# started: 2026-09-30 13:27:27

XVLOG_RC=0
XELAB_RC=0
XSIM_RC=0
TB START
TBCASE psel=0 FRAME 1 at word 18203
TBCASE psel=0 word 18204 d=fe14ffffffffffff c=00
TBCASE psel=0 word 18208 d=0000000000000000 c=00
TBCASE psel=0 word 18212 d=0000000000000000 c=00
TBCASE psel=0 word 18216 d=0000000000000000 c=00
TBCASE psel=0 word 18220 d=0000000000000000 c=00
TBCASE psel=0 word 18224 d=0000000000000000 c=00
TBCASE psel=0 word 18228 d=0000000000000000 c=00
TBCASE psel=0 word 18232 d=0000000000000000 c=00
TBCASE psel=0 TERM at word 18235
TBCASE psel=0 FRAME 2 at word 18237
TBCASE psel=0 word 18240 d=0000000000000000 c=00
TBCASE psel=0 word 18244 d=0000000000000000 c=00
TBCASE psel=0 word 18248 d=0000000000000000 c=00
TBCASE psel=0 word 18252 d=0000000000000000 c=00
TBCASE psel=0 word 18256 d=0000000000000000 c=00
TBCASE psel=0 word 18260 d=0000000000000000 c=00
TBCASE psel=0 word 18264 d=0000000000000000 c=00
TBCASE psel=0 word 18268 d=0000000000000000 c=00
TBCASE psel=0 TERM at word 18269
TBCASE psel=0 FRAME 3 at word 18271
TBCASE psel=0 FRAME 4 at word 18305
TBCASE psel=1 FRAME 1 at word 18203
TBCASE psel=1 word 18204 d=fe14ffffffffffff c=00
TBCASE psel=1 word 18208 d=ffffffffffffffff c=00
TBCASE psel=1 word 18212 d=ffffffffffffffff c=00
TBCASE psel=1 word 18216 d=ffffffffffffffff c=00
TBCASE psel=1 word 18220 d=ffffffffffffffff c=00
TBCASE psel=1 word 18224 d=ffffffffffffffff c=00
TBCASE psel=1 word 18228 d=ffffffffffffffff c=00
TBCASE psel=1 word 18232 d=ffffffffffffffff c=00
TBCASE psel=1 TERM at word 18235
TBCASE psel=1 FRAME 2 at word 18237
TBCASE psel=1 word 18240 d=ffffffffffffffff c=00
TBCASE psel=1 word 18244 d=ffffffffffffffff c=00
TBCASE psel=1 word 18248 d=ffffffffffffffff c=00
TBCASE psel=1 word 18252 d=ffffffffffffffff c=00
TBCASE psel=1 word 18256 d=ffffffffffffffff c=00
TBCASE psel=1 word 18260 d=ffffffffffffffff c=00
TBCASE psel=1 word 18264 d=ffffffffffffffff c=00
TBCASE psel=1 word 18268 d=ffffffffffffffff c=00
TBCASE psel=1 TERM at word 18269
TBCASE psel=1 FRAME 3 at word 18271
TBCASE psel=1 FRAME 4 at word 18305
TB DONE


# ===== runner: EXIT=0  6.5s   =====
