#-----------------------------------------------------------
# xsim v2025.2 (64-bit)
# SW Build 6299465 on Fri Nov 14 19:35:11 GMT 2025
# IP Build 6300035 on Fri Nov 14 10:48:45 MST 2025
# SharedData Build 6298862 on Thu Nov 13 04:50:51 MST 2025
# Start of session at: Tue Sep 29 22:20:53 2026
# Process ID         : 30560
# Current directory  : D:/repo/XCKU5PMini/udp_hls_10g/audit_scratch/t4_reset/case
# Command line       : xsim.exe -log xsim.log -mode tcl -source {xsim.dir/tb_cdc_reset/xsim_script.tcl}
# Log file           : D:/repo/XCKU5PMini/udp_hls_10g/audit_scratch/t4_reset/case/xsim.log
# Journal file       : D:/repo/XCKU5PMini/udp_hls_10g/audit_scratch/t4_reset/case\xsim.jou
# Running On         : xyz-intel
# Platform           : Windows Server 2016 or Windows 10
# Operating System   : 26200
# Processor Detail   : Intel(R) Core(TM) Ultra 7 265K
# CPU Frequency      : 3878 MHz
# CPU Physical cores : 20
# CPU Logical cores  : 20
# Host memory        : 68053 MB
# Swap memory        : 4294 MB
# Total Virtual      : 72348 MB
# Available Virtual  : 44565 MB
#-----------------------------------------------------------
source xsim.dir/tb_cdc_reset/xsim_script.tcl
# xsim {tb_cdc_reset} -autoloadwcfg -runall
Time resolution is 1 ps
run -all
RST0 tag=1 model_acc=3984 dut_acc=3983 (raw_wbin=400 raw_rbin=398) get=3982 stale=0 fullcyc=4 wref=0
RST1 tag=1 model_acc=3984 dut_acc=3983 (raw_wbin=400 raw_rbin=398) get=3982 stale=0 fullcyc=4 wref=0
RST2 tag=1 model_acc=3996 dut_acc=3995 (raw_wbin=412 raw_rbin=410) get=3994 stale=0 fullcyc=4 wref=3
RST3 tag=1 model_acc=3984 dut_acc=3983 (raw_wbin=400 raw_rbin=398) get=3982 stale=0 fullcyc=4 wref=0
RST1 STALE-EVENT t=37667000 got_seq=4407 exp=4663 (回退/跳变 = 脏数据)
RST1 tag=2 model_acc=12998 dut_acc=12997 (raw_wbin=198 raw_rbin=196) get=9412 stale=1 fullcyc=5 wref=1
RST0 tag=30 model_acc=0 dut_acc=0 (raw_wbin=0 raw_rbin=0) get=0 stale=0 fullcyc=4 wref=0
RST0 tag=3 model_acc=19990 dut_acc=19989 (raw_wbin=22 raw_rbin=20) get=19988 stale=0 fullcyc=4 wref=0
RST3 tag=4 model_acc=20244 dut_acc=20244 (raw_wbin=276 raw_rbin=20) get=19988 stale=0 fullcyc=5750 wref=5746
RST3 tag=5 model_acc=40239 dut_acc=40238 (raw_wbin=303 raw_rbin=301) get=40237 stale=0 fullcyc=5755 wref=5751
CDC_RESET SUMMARY
  A(wrapper both-rst): mid-reset 前后 model_acc=19990 dut_wbin=19989 get=19988 stale=0
  B(rd-side-only-rst): get=9412 stale=1 (契约: 多弹/脏数据)
RESET **B-CONFIRMED**: 只复位读侧 => 1 次脏数据读 (got 计数=9412 > 真实在飞)
  C(release-window)  : model_acc=3996 dut_wbin=3995  => 静默丢 1 字
  D(clk-stop)        : fullcyc=5750 get=19988 stale=0 wbin=20244
RESET **F-1-CONFIRMED**: 复位释放窗口内 1 个字被静默丢弃 (full 读 0)
RESET B: get=9412 wbin=12997 (未观察到多弹)
RESET DONE
$finish called at time : 472724 ns : File "D:/repo/XCKU5PMini/udp_hls_10g/audit_scratch/t4_reset/tb_cdc_reset.v" Line 197
exit
INFO: [Common 17-206] Exiting xsim at Tue Sep 29 22:20:55 2026...
