#-----------------------------------------------------------
# xsim v2025.2 (64-bit)
# SW Build 6299465 on Fri Nov 14 19:35:11 GMT 2025
# IP Build 6300035 on Fri Nov 14 10:48:45 MST 2025
# SharedData Build 6298862 on Thu Nov 13 04:50:51 MST 2025
# Start of session at: Tue Sep 29 11:10:05 2026
# Process ID         : 20828
# Current directory  : D:/repo/XCKU5PMini/udp_hls_10g/audit_scratch/t4_reset/case
# Command line       : xsim.exe -log xsim.log -mode tcl -source {xsim.dir/tb_cdc_reset/xsim_script.tcl}
# Log file           : D:/repo/XCKU5PMini/udp_hls_10g/audit_scratch/t4_reset/case/xsim.log
# Journal file       : D:/repo/XCKU5PMini/udp_hls_10g/audit_scratch/t4_reset/case\xsim.jou
# Running On         : xyz-intel
# Platform           : Windows Server 2016 or Windows 10
# Operating System   : 26200
# Processor Detail   : Intel(R) Core(TM) Ultra 7 265K
# CPU Frequency      : 3878 MHz
# CPU Physical cores : 20
# CPU Logical cores  : 20
# Host memory        : 68053 MB
# Swap memory        : 4294 MB
# Total Virtual      : 72348 MB
# Available Virtual  : 49740 MB
#-----------------------------------------------------------
source xsim.dir/tb_cdc_reset/xsim_script.tcl
# xsim {tb_cdc_reset} -autoloadwcfg -runall
Time resolution is 1 ps
run -all
RST2 STALE-EVENT t=291000 got_seq=305419896 exp=305419897 (回退/跳变 = 脏数据)
RST2 STALE-EVENT t=298000 got_seq=305419896 exp=305419897 (回退/跳变 = 脏数据)
RST2 STALE-EVENT t=304000 got_seq=305419896 exp=305419897 (回退/跳变 = 脏数据)
RST2 STALE-EVENT t=317000 got_seq=305419896 exp=305419897 (回退/跳变 = 脏数据)
RST2 STALE-EVENT t=323000 got_seq=305419896 exp=305419897 (回退/跳变 = 脏数据)
RST3 STALE-EVENT t=394000 got_seq=305419896 exp=305419897 (回退/跳变 = 脏数据)
RST0 STALE-EVENT t=394000 got_seq=305419896 exp=305419897 (回退/跳变 = 脏数据)
RST3 STALE-EVENT t=400000 got_seq=305419896 exp=305419897 (回退/跳变 = 脏数据)
RST0 STALE-EVENT t=400000 got_seq=305419896 exp=305419897 (回退/跳变 = 脏数据)
RST3 STALE-EVENT t=413000 got_seq=305419896 exp=305419897 (回退/跳变 = 脏数据)
RST0 STALE-EVENT t=413000 got_seq=305419896 exp=305419897 (回退/跳变 = 脏数据)
RST3 STALE-EVENT t=419000 got_seq=305419896 exp=305419897 (回退/跳变 = 脏数据)
RST0 STALE-EVENT t=419000 got_seq=305419896 exp=305419897 (回退/跳变 = 脏数据)
RST3 STALE-EVENT t=426000 got_seq=305419896 exp=305419897 (回退/跳变 = 脏数据)
RST0 STALE-EVENT t=426000 got_seq=305419896 exp=305419897 (回退/跳变 = 脏数据)
RST0 tag=1 model_acc=3984 dut_wbin=400 dut_rbin=398 get=3982 stale=3981 fullcyc=0 wref=0
RST1 tag=1 model_acc=3984 dut_wbin=x dut_rbin=x get=x stale=x fullcyc=0 wref=0
RST2 tag=1 model_acc=3999 dut_wbin=413 dut_rbin=411 get=3995 stale=3994 fullcyc=0 wref=0
RST3 tag=1 model_acc=3984 dut_wbin=400 dut_rbin=398 get=3982 stale=3981 fullcyc=0 wref=0
RST1 tag=2 model_acc=12999 dut_wbin=x dut_rbin=x get=0 stale=0 fullcyc=0 wref=0
RST2 STALE-EVENT t=104733000 got_seq=305419896 exp=305419897 (回退/跳变 = 脏数据)
RST2 STALE-EVENT t=104739000 got_seq=305419896 exp=305419897 (回退/跳变 = 脏数据)
RST2 STALE-EVENT t=104746000 got_seq=305419896 exp=305419897 (回退/跳变 = 脏数据)
RST2 STALE-EVENT t=104752000 got_seq=305419896 exp=305419897 (回退/跳变 = 脏数据)
RST2 STALE-EVENT t=104765000 got_seq=305419896 exp=305419897 (回退/跳变 = 脏数据)
RST3 STALE-EVENT t=104835000 got_seq=305419896 exp=305419897 (回退/跳变 = 脏数据)
RST0 STALE-EVENT t=104835000 got_seq=305419896 exp=305419897 (回退/跳变 = 脏数据)
RST3 STALE-EVENT t=104842000 got_seq=305419896 exp=305419897 (回退/跳变 = 脏数据)
RST0 STALE-EVENT t=104842000 got_seq=305419896 exp=305419897 (回退/跳变 = 脏数据)
RST3 STALE-EVENT t=104848000 got_seq=305419896 exp=305419897 (回退/跳变 = 脏数据)
RST0 STALE-EVENT t=104848000 got_seq=305419896 exp=305419897 (回退/跳变 = 脏数据)
RST3 STALE-EVENT t=104861000 got_seq=305419896 exp=305419897 (回退/跳变 = 脏数据)
RST0 STALE-EVENT t=104861000 got_seq=305419896 exp=305419897 (回退/跳变 = 脏数据)
RST3 STALE-EVENT t=104867000 got_seq=305419896 exp=305419897 (回退/跳变 = 脏数据)
RST0 STALE-EVENT t=104867000 got_seq=305419896 exp=305419897 (回退/跳变 = 脏数据)
RST0 tag=3 model_acc=19984 dut_wbin=16 dut_rbin=14 get=19982 stale=19981 fullcyc=0 wref=0
RST3 tag=4 model_acc=20238 dut_wbin=270 dut_rbin=14 get=19982 stale=19981 fullcyc=5746 wref=5746
RST3 tag=5 model_acc=40234 dut_wbin=298 dut_rbin=296 get=40232 stale=40231 fullcyc=5750 wref=5750
CDC_RESET SUMMARY
  A(wrapper both-rst): mid-reset 前后 model_acc=19984 dut_wbin=16 get=19982 stale=19981
  B(rd-side-only-rst): get=0 stale=0 (契约: 多弹/脏数据)
  C(release-window)  : model_acc=3999 dut_wbin=413  => 静默丢 3586 字
  D(clk-stop)        : fullcyc=5746 get=19982 stale=19981 wbin=270
RESET **F-1-CONFIRMED**: 复位释放窗口内 3586 个字被静默丢弃 (full 读 0)
RESET DONE
$finish called at time : 472676 ns : File "D:/repo/XCKU5PMini/udp_hls_10g/audit_scratch/t4_reset/tb_cdc_reset.v" Line 191
exit
INFO: [Common 17-206] Exiting xsim at Tue Sep 29 11:10:07 2026...
