=== p6e_udp_pattern (C++, 吞吐口径): 本地 :8081 <-> 板子 192.168.100.2:8081 ===
    内核 SO_RCVBUF 实收 = 8.0 MB ; 重同步窗口 = 65536 B
    [teach] 发 1 x 100 B 图案前缀 -> 192.168.100.2:8081 (板子随即全速发)
  [GAP] 第 2 帧前少 1472 字节 (接收侧掉包) ⇒ 重对齐; 累计 1472 字节
  [GAP] 第 3 帧前少 1472 字节 (接收侧掉包) ⇒ 重对齐; 累计 2944 字节
  [GAP] 第 4 帧前少 1472 字节 (接收侧掉包) ⇒ 重对齐; 累计 4416 字节
  [GAP] 第 5 帧前少 1472 字节 (接收侧掉包) ⇒ 重对齐; 累计 5888 字节
  [GAP] 第 6 帧前少 1472 字节 (接收侧掉包) ⇒ 重对齐; 累计 7360 字节
    [  1.0s] 帧=548 字节=806656  ≈    6.4 Mbps  失配=0 掉包=547
    [  2.0s] 帧=1095 字节=1611840  ≈    6.4 Mbps  失配=0 掉包=1094
    [  3.0s] 帧=1643 字节=2418496  ≈    6.4 Mbps  失配=0 掉包=1642
    [  4.0s] 帧=2191 字节=3225152  ≈    6.4 Mbps  失配=0 掉包=2190
    [  5.0s] 帧=2739 字节=4031808  ≈    6.4 Mbps  失配=0 掉包=2738
    [  6.0s] 帧=3287 字节=4838464  ≈    6.4 Mbps  失配=0 掉包=3286
    [  7.0s] 帧=3834 字节=5643648  ≈    6.4 Mbps  失配=0 掉包=3833
  [FAIL] 第 3858 帧真失配 (窗口内找不到对齐点): 长 1472, 首个不同字节 @1
    [ 10.5s] 帧=3858 字节=5678976  ≈    4.3 Mbps  失配=1 掉包=3856

  [汇总] 收 3858 帧 / 5678976 字节 / 10.54s ⇒ **4.3 Mbps** (接收侧口径)
        载荷长度桶(128B): 1408-1535B:3858 
        (板子 i_paylen=1472 ⇒ 预期只有 1472 那一桶非零)
  [INFO] 接收侧掉包 3856 次 / 5676032 字节 (占 49.99%) ⇒ 是我这边内核缓冲丢的;
         与板子 W9(udpapp_tx_bytes) 对账可确认少的是谁丢的
  [FAIL] 1/3858 帧图案真失配
