
*** Running vivado
    with args -log wrapper_p4.vdi -applog -m64 -product Vivado -messageDb vivado.pb -mode batch -source wrapper_p4.tcl -notrace



****** Vivado v2025.2 (64-bit)
  **** SW Build 6299465 on Fri Nov 14 19:35:11 GMT 2025
  **** IP Build 6300035 on Fri Nov 14 10:48:45 MST 2025
  **** SharedData Build 6298862 on Thu Nov 13 04:50:51 MST 2025
  **** Start of session at: Wed Oct  7 13:09:37 2026
    ** Copyright 1986-2022 Xilinx, Inc. All Rights Reserved.
    ** Copyright 2022-2025 Advanced Micro Devices, Inc. All Rights Reserved.

source wrapper_p4.tcl -notrace
create_project: Time (s): cpu = 00:00:33 ; elapsed = 00:00:05 . Memory (MB): peak = 549.969 ; gain = 240.781
Command: link_design -top wrapper_p4 -part xcku5p-ffvb676-1-e
Design is defaulting to srcset: sources_1
Design is defaulting to constrset: constrs_1
INFO: [Device 21-403] Loading part xcku5p-ffvb676-1-e
INFO: [Project 1-5699] Read binary netlist with skipMacroContent - 1
INFO: [Project 1-454] Reading design checkpoint 'd:/repo/XCKU5PMini/udp_hls_10g/vivado_prj/p7b_ku5p_prj.gen/sources_1/ip/xdma_0/xdma_0.dcp' for cell 'u_pcie_xdma'
INFO: [Project 1-454] Reading design checkpoint 'd:/repo/XCKU5PMini/udp_hls_10g/vivado_prj/p7b_ku5p_prj.gen/sources_1/ip/pcs64/pcs64.dcp' for cell 'u_pcs'
Netlist sorting complete. Time (s): cpu = 00:00:01 ; elapsed = 00:00:00.870 . Memory (MB): peak = 1804.195 ; gain = 0.000
INFO: [Netlist 29-17] Analyzing 7667 Unisim elements for replacement
INFO: [Netlist 29-28] Unisim Transformation completed in 1 CPU seconds
INFO: [Project 1-479] Netlist was created with Vivado 2025.2
INFO: [Project 1-570] Preparing netlist for logic optimization
Parsing XDC File [d:/repo/XCKU5PMini/udp_hls_10g/vivado_prj/p7b_ku5p_prj.gen/sources_1/ip/pcs64/ip_1/synth/pcs64_gt_1.xdc] for cell 'u_pcs/inst/i_pcs64_gt_1/inst'
Finished Parsing XDC File [d:/repo/XCKU5PMini/udp_hls_10g/vivado_prj/p7b_ku5p_prj.gen/sources_1/ip/pcs64/ip_1/synth/pcs64_gt_1.xdc] for cell 'u_pcs/inst/i_pcs64_gt_1/inst'
Parsing XDC File [d:/repo/XCKU5PMini/udp_hls_10g/vivado_prj/p7b_ku5p_prj.gen/sources_1/ip/pcs64/ip_0/synth/pcs64_gt.xdc] for cell 'u_pcs/inst/i_pcs64_gt/inst'
Finished Parsing XDC File [d:/repo/XCKU5PMini/udp_hls_10g/vivado_prj/p7b_ku5p_prj.gen/sources_1/ip/pcs64/ip_0/synth/pcs64_gt.xdc] for cell 'u_pcs/inst/i_pcs64_gt/inst'
Parsing XDC File [d:/repo/XCKU5PMini/udp_hls_10g/vivado_prj/p7b_ku5p_prj.gen/sources_1/ip/pcs64/synth/pcs64_board.xdc] for cell 'u_pcs/inst'
Finished Parsing XDC File [d:/repo/XCKU5PMini/udp_hls_10g/vivado_prj/p7b_ku5p_prj.gen/sources_1/ip/pcs64/synth/pcs64_board.xdc] for cell 'u_pcs/inst'
Parsing XDC File [d:/repo/XCKU5PMini/udp_hls_10g/vivado_prj/p7b_ku5p_prj.gen/sources_1/ip/pcs64/synth/pcs64.xdc] for cell 'u_pcs/inst'
WARNING: [Vivado_Tcl 4-921] Waiver ID 'CDC-10' -to list should not be empty. [d:/repo/XCKU5PMini/udp_hls_10g/vivado_prj/p7b_ku5p_prj.gen/sources_1/ip/pcs64/synth/pcs64.xdc:106]
WARNING: [Vivado_Tcl 4-921] Waiver ID 'CDC-1' -to list should not be empty. [d:/repo/XCKU5PMini/udp_hls_10g/vivado_prj/p7b_ku5p_prj.gen/sources_1/ip/pcs64/synth/pcs64.xdc:111]
WARNING: [Vivado_Tcl 4-921] Waiver ID 'CDC-4' -to list should not be empty. [d:/repo/XCKU5PMini/udp_hls_10g/vivado_prj/p7b_ku5p_prj.gen/sources_1/ip/pcs64/synth/pcs64.xdc:119]
WARNING: [Vivado_Tcl 4-921] Waiver ID 'CDC-1' -to list should not be empty. [d:/repo/XCKU5PMini/udp_hls_10g/vivado_prj/p7b_ku5p_prj.gen/sources_1/ip/pcs64/synth/pcs64.xdc:123]
WARNING: [Vivado_Tcl 4-921] Waiver ID 'CDC-1' -to list should not be empty. [d:/repo/XCKU5PMini/udp_hls_10g/vivado_prj/p7b_ku5p_prj.gen/sources_1/ip/pcs64/synth/pcs64.xdc:127]
WARNING: [Vivado_Tcl 4-921] Waiver ID 'CDC-1' -to list should not be empty. [d:/repo/XCKU5PMini/udp_hls_10g/vivado_prj/p7b_ku5p_prj.gen/sources_1/ip/pcs64/synth/pcs64.xdc:131]
WARNING: [Vivado_Tcl 4-921] Waiver ID 'CDC-1' -to list should not be empty. [d:/repo/XCKU5PMini/udp_hls_10g/vivado_prj/p7b_ku5p_prj.gen/sources_1/ip/pcs64/synth/pcs64.xdc:135]
WARNING: [Vivado_Tcl 4-921] Waiver ID 'CDC-1' -to list should not be empty. [d:/repo/XCKU5PMini/udp_hls_10g/vivado_prj/p7b_ku5p_prj.gen/sources_1/ip/pcs64/synth/pcs64.xdc:140]
WARNING: [Vivado_Tcl 4-939] Waiver ID 'TIMING-11' object list should not be empty (perhaps an invalid wildcard was used or only unsupported objects). [d:/repo/XCKU5PMini/udp_hls_10g/vivado_prj/p7b_ku5p_prj.gen/sources_1/ip/pcs64/synth/pcs64.xdc:145]
WARNING: [Vivado_Tcl 4-919] Waiver ID 'CDC-11' -from list should not be empty. [d:/repo/XCKU5PMini/udp_hls_10g/vivado_prj/p7b_ku5p_prj.gen/sources_1/ip/pcs64/synth/pcs64.xdc:163]
Finished Parsing XDC File [d:/repo/XCKU5PMini/udp_hls_10g/vivado_prj/p7b_ku5p_prj.gen/sources_1/ip/pcs64/synth/pcs64.xdc] for cell 'u_pcs/inst'
Parsing XDC File [d:/repo/XCKU5PMini/udp_hls_10g/vivado_prj/p7b_ku5p_prj.gen/sources_1/ip/xdma_0/ip_0/ip_0/synth/xdma_0_pcie4_ip_gt.xdc] for cell 'u_pcie_xdma/inst/pcie4_ip_i/inst/xdma_0_pcie4_ip_gt_top_i/diablo_gt.diablo_gt_phy_wrapper/gt_wizard.gtwizard_top_i/xdma_0_pcie4_ip_gt_i/inst'
Finished Parsing XDC File [d:/repo/XCKU5PMini/udp_hls_10g/vivado_prj/p7b_ku5p_prj.gen/sources_1/ip/xdma_0/ip_0/ip_0/synth/xdma_0_pcie4_ip_gt.xdc] for cell 'u_pcie_xdma/inst/pcie4_ip_i/inst/xdma_0_pcie4_ip_gt_top_i/diablo_gt.diablo_gt_phy_wrapper/gt_wizard.gtwizard_top_i/xdma_0_pcie4_ip_gt_i/inst'
Parsing XDC File [d:/repo/XCKU5PMini/udp_hls_10g/vivado_prj/p7b_ku5p_prj.gen/sources_1/ip/xdma_0/ip_0/source/ip_pcie4_uscale_plus_impl_x0y0.xdc] for cell 'u_pcie_xdma/inst/pcie4_ip_i/inst'
Finished Parsing XDC File [d:/repo/XCKU5PMini/udp_hls_10g/vivado_prj/p7b_ku5p_prj.gen/sources_1/ip/xdma_0/ip_0/source/ip_pcie4_uscale_plus_impl_x0y0.xdc] for cell 'u_pcie_xdma/inst/pcie4_ip_i/inst'
Parsing XDC File [d:/repo/XCKU5PMini/udp_hls_10g/vivado_prj/p7b_ku5p_prj.gen/sources_1/ip/xdma_0/ip_0/source/ip_pcie4_uscale_plus_x0y0.xdc] for cell 'u_pcie_xdma/inst/pcie4_ip_i/inst'
Finished Parsing XDC File [d:/repo/XCKU5PMini/udp_hls_10g/vivado_prj/p7b_ku5p_prj.gen/sources_1/ip/xdma_0/ip_0/source/ip_pcie4_uscale_plus_x0y0.xdc] for cell 'u_pcie_xdma/inst/pcie4_ip_i/inst'
INFO: [Timing 38-35] Done setting XDC timing constraints.
INFO: [Timing 38-2] Deriving generated clocks
Parsing XDC File [d:/repo/XCKU5PMini/udp_hls_10g/vivado_prj/p7b_ku5p_prj.gen/sources_1/ip/xdma_0/xdma_0_board.xdc] for cell 'u_pcie_xdma/inst'
Finished Parsing XDC File [d:/repo/XCKU5PMini/udp_hls_10g/vivado_prj/p7b_ku5p_prj.gen/sources_1/ip/xdma_0/xdma_0_board.xdc] for cell 'u_pcie_xdma/inst'
Parsing XDC File [d:/repo/XCKU5PMini/udp_hls_10g/vivado_prj/p7b_ku5p_prj.gen/sources_1/ip/xdma_0/source/xdma_0_pcie4_uscaleplus_ip.xdc] for cell 'u_pcie_xdma/inst'
Finished Parsing XDC File [d:/repo/XCKU5PMini/udp_hls_10g/vivado_prj/p7b_ku5p_prj.gen/sources_1/ip/xdma_0/source/xdma_0_pcie4_uscaleplus_ip.xdc] for cell 'u_pcie_xdma/inst'
Parsing XDC File [D:/repo/XCKU5PMini/udp_hls_10g/board/ku5p_p7b_gt.xdc]
CRITICAL WARNING: [Constraints 18-1056] Clock 'gtrefclk0' completely overrides clock 'gt_refclk_p'.
New: create_clock -period 6.400 -name gtrefclk0 [get_ports gt_refclk_p], [D:/repo/XCKU5PMini/udp_hls_10g/board/ku5p_p7b_gt.xdc:30]
Previous: create_clock -period 6.400 [get_ports gt_refclk_p], [d:/repo/XCKU5PMini/udp_hls_10g/vivado_prj/p7b_ku5p_prj.gen/sources_1/ip/pcs64/synth/pcs64.xdc:65]
Resolution: Review the constraint files and remove the redundant clock definition(s). If the clock constraints are not saved in a file, you can first save the constraints to an XDC file and reload the design once the constraints have been corrected.
Finished Parsing XDC File [D:/repo/XCKU5PMini/udp_hls_10g/board/ku5p_p7b_gt.xdc]
Parsing XDC File [D:/repo/XCKU5PMini/udp_hls_10g/board/ku5p_p6e_pcie.xdc]
Finished Parsing XDC File [D:/repo/XCKU5PMini/udp_hls_10g/board/ku5p_p6e_pcie.xdc]
Parsing XDC File [D:/repo/XCKU5PMini/udp_hls_10g/board/ku5p_p6b_sysclk.xdc]
Finished Parsing XDC File [D:/repo/XCKU5PMini/udp_hls_10g/board/ku5p_p6b_sysclk.xdc]
Parsing XDC File [D:/repo/XCKU5PMini/udp_hls_10g/board/ku5p_p7b_cdc.xdc]
INFO: [Timing 38-2] Deriving generated clocks [D:/repo/XCKU5PMini/udp_hls_10g/board/ku5p_p7b_cdc.xdc:36]
Finished Parsing XDC File [D:/repo/XCKU5PMini/udp_hls_10g/board/ku5p_p7b_cdc.xdc]
Parsing XDC File [d:/repo/XCKU5PMini/udp_hls_10g/vivado_prj/p7b_ku5p_prj.gen/sources_1/ip/xdma_0/ip_0/xdma_0_pcie4_ip_board.xdc] for cell 'u_pcie_xdma/inst/pcie4_ip_i/inst'
Finished Parsing XDC File [d:/repo/XCKU5PMini/udp_hls_10g/vivado_prj/p7b_ku5p_prj.gen/sources_1/ip/xdma_0/ip_0/xdma_0_pcie4_ip_board.xdc] for cell 'u_pcie_xdma/inst/pcie4_ip_i/inst'
Parsing XDC File [d:/repo/XCKU5PMini/udp_hls_10g/vivado_prj/p7b_ku5p_prj.gen/sources_1/ip/xdma_0/ip_0/synth/xdma_0_pcie4_ip_late.xdc] for cell 'u_pcie_xdma/inst/pcie4_ip_i/inst'
INFO: [Vivado 12-626] No clocks found. Please use 'create_clock' or 'create_generated_clock' command to create clocks. [d:/repo/XCKU5PMini/udp_hls_10g/vivado_prj/p7b_ku5p_prj.gen/sources_1/ip/xdma_0/ip_0/synth/xdma_0_pcie4_ip_late.xdc:73]
WARNING: [Vivado_Tcl 4-939] Waiver ID 'TIMING-54' object list should not be empty (perhaps an invalid wildcard was used or only unsupported objects). [d:/repo/XCKU5PMini/udp_hls_10g/vivado_prj/p7b_ku5p_prj.gen/sources_1/ip/xdma_0/ip_0/synth/xdma_0_pcie4_ip_late.xdc:73]
Finished Parsing XDC File [d:/repo/XCKU5PMini/udp_hls_10g/vivado_prj/p7b_ku5p_prj.gen/sources_1/ip/xdma_0/ip_0/synth/xdma_0_pcie4_ip_late.xdc] for cell 'u_pcie_xdma/inst/pcie4_ip_i/inst'
INFO: [Project 1-1714] 12 XPM XDC files have been applied to the design.
INFO: [Opt 31-138] Pushed 0 inverter(s) to 0 load pin(s).
INFO: [Project 1-1687] 52 scoped IP constraints or related sub-commands were skipped due to synthesis logic optimizations usually triggered by constant connectivity or unconnected output pins. To review the skipped constraints and messages, run the command 'set_param netlist.IPMsgFiltering false' before opening the design.
Netlist sorting complete. Time (s): cpu = 00:00:00 ; elapsed = 00:00:00.050 . Memory (MB): peak = 4254.902 ; gain = 0.000
INFO: [Project 1-111] Unisim Transformation Summary:
  A total of 1375 instances were transformed.
  DSP48E2 => DSP48E2 (DSP_ALU, DSP_A_B_DATA, DSP_C_DATA, DSP_MULTIPLIER, DSP_M_DATA, DSP_OUTPUT, DSP_PREADD, DSP_PREADD_DATA): 4 instances
  IBUF => IBUF (IBUFCTRL, INBUF): 1 instance 
  IBUFDS => IBUFDS (DIFFINBUF, IBUFCTRL): 1 instance 
  RAM16X1D => RAM32X1D (RAMD32(x2)): 20 instances
  RAM16X1S => RAM32X1S (RAMS32): 224 instances
  RAM256X1S => RAM256X1S (MUXF7(x2), MUXF8, RAMS64E(x4)): 9 instances
  RAM32M => RAM32M (RAMD32(x6), RAMS32(x2)): 41 instances
  RAM32M16 => RAM32M16 (RAMD32(x14), RAMS32(x2)): 216 instances
  RAM32X1D => RAM32X1D (RAMD32(x2)): 16 instances
  RAM64M => RAM64M (RAMD64E(x4)): 237 instances
  RAM64M8 => RAM64M8 (RAMD64E(x8)): 478 instances
  RAM64X1D => RAM64X1D (RAMD64E(x2)): 128 instances

16 Infos, 11 Warnings, 1 Critical Warnings and 0 Errors encountered.
link_design completed successfully
link_design: Time (s): cpu = 00:01:31 ; elapsed = 00:01:05 . Memory (MB): peak = 4254.902 ; gain = 3627.676
Command: opt_design
Attempting to get a license for feature 'Implementation' and/or device 'xcku5p'
INFO: [Common 17-349] Got license for feature 'Implementation' and/or device 'xcku5p'
Running DRC as a precondition to command opt_design

Starting DRC Task
INFO: [DRC 23-27] Running DRC with 8 threads
INFO: [Project 1-461] DRC finished with 0 Errors
INFO: [Project 1-462] Please refer to the DRC report (report_drc) for more information.

Time (s): cpu = 00:00:02 ; elapsed = 00:00:00.578 . Memory (MB): peak = 4254.902 ; gain = 0.000

Starting Cache Timing Information Task
INFO: [Timing 38-35] Done setting XDC timing constraints.
Ending Cache Timing Information Task | Checksum: 1f858db04

Time (s): cpu = 00:00:08 ; elapsed = 00:00:03 . Memory (MB): peak = 4254.902 ; gain = 0.000

Starting Logic Optimization Task

Phase 1 Initialization

Phase 1.1 Core Generation And Design Setup
Phase 1.1 Core Generation And Design Setup | Checksum: 1f858db04

Time (s): cpu = 00:00:00 ; elapsed = 00:00:00.088 . Memory (MB): peak = 4254.902 ; gain = 0.000

Phase 1.2 Setup Constraints And Sort Netlist
Phase 1.2 Setup Constraints And Sort Netlist | Checksum: 1f858db04

Time (s): cpu = 00:00:01 ; elapsed = 00:00:00.168 . Memory (MB): peak = 4254.902 ; gain = 0.000
Phase 1 Initialization | Checksum: 1f858db04

Time (s): cpu = 00:00:01 ; elapsed = 00:00:00.179 . Memory (MB): peak = 4254.902 ; gain = 0.000

Phase 2 Timer Update And Timing Data Collection

Phase 2.1 Detect if minReqCache needed
Phase 2.1 Detect if minReqCache needed | Checksum: 1f858db04

Time (s): cpu = 00:00:01 ; elapsed = 00:00:00.276 . Memory (MB): peak = 4254.902 ; gain = 0.000

Phase 2.2 Timer Update
Phase 2.2 Timer Update | Checksum: 1f858db04

Time (s): cpu = 00:00:04 ; elapsed = 00:00:01 . Memory (MB): peak = 4254.902 ; gain = 0.000

Phase 2.3 Timing Data Collection
Phase 2.3 Timing Data Collection | Checksum: 1f858db04

Time (s): cpu = 00:00:04 ; elapsed = 00:00:01 . Memory (MB): peak = 4254.902 ; gain = 0.000
Phase 2 Timer Update And Timing Data Collection | Checksum: 1f858db04

Time (s): cpu = 00:00:04 ; elapsed = 00:00:01 . Memory (MB): peak = 4254.902 ; gain = 0.000

Phase 3 Retarget
INFO: [Opt 31-1851] Number of loadless carry chains removed were: 0
INFO: [Opt 31-1834] Total Chains To Be Transformed Were: 0 AND Number of Transformed insts Created are: 0
INFO: [Opt 31-1566] Pulled 106 inverters resulting in an inversion of 1323 pins
INFO: [Opt 31-138] Pushed 72 inverter(s) to 41736 load pin(s).
INFO: [Opt 31-49] Retargeted 0 cell(s).
Phase 3 Retarget | Checksum: 24111ea77

Time (s): cpu = 00:00:08 ; elapsed = 00:00:05 . Memory (MB): peak = 4254.902 ; gain = 0.000
Retarget | Checksum: 24111ea77
INFO: [Opt 31-389] Phase Retarget created 586 cells and removed 1769 cells
INFO: [Opt 31-1021] In phase Retarget, 12 netlist objects are constrained preventing optimization. Please run opt_design with -debug_log to get more detail. 

Phase 4 Constant propagation
INFO: [Opt 31-138] Pushed 7 inverter(s) to 44 load pin(s).
Phase 4 Constant propagation | Checksum: 281ea8680

Time (s): cpu = 00:00:10 ; elapsed = 00:00:06 . Memory (MB): peak = 4254.902 ; gain = 0.000
Constant propagation | Checksum: 281ea8680
INFO: [Opt 31-389] Phase Constant propagation created 917 cells and removed 3141 cells
INFO: [Opt 31-1021] In phase Constant propagation, 40 netlist objects are constrained preventing optimization. Please run opt_design with -debug_log to get more detail. 

Phase 5 Sweep
INFO: [Constraints 18-11670] Building netlist checker database with flags, 0x8
Done building netlist checker database: Time (s): cpu = 00:00:00 ; elapsed = 00:00:00.078 . Memory (MB): peak = 4254.902 ; gain = 0.000
INFO: [Constraints 18-11670] Building netlist checker database with flags, 0x8
Done building netlist checker database: Time (s): cpu = 00:00:00 ; elapsed = 00:00:00.064 . Memory (MB): peak = 4254.902 ; gain = 0.000
Phase 5 Sweep | Checksum: 1bdc594a6

Time (s): cpu = 00:00:13 ; elapsed = 00:00:10 . Memory (MB): peak = 4254.902 ; gain = 0.000
Sweep | Checksum: 1bdc594a6
INFO: [Opt 31-389] Phase Sweep created 2 cells and removed 9981 cells
INFO: [Opt 31-1021] In phase Sweep, 144 netlist objects are constrained preventing optimization. Please run opt_design with -debug_log to get more detail. 

Phase 6 BUFG optimization
INFO: [Opt 31-1077] Phase BUFG optimization inserted 0 global clock buffer(s) for CLOCK_LOW_FANOUT.
Phase 6 BUFG optimization | Checksum: 1bdc594a6

Time (s): cpu = 00:00:15 ; elapsed = 00:00:11 . Memory (MB): peak = 4254.902 ; gain = 0.000
BUFG optimization | Checksum: 1bdc594a6
INFO: [Opt 31-662] Phase BUFG optimization created 0 cells of which 0 are BUFGs and removed 0 cells.

Phase 7 Shift Register Optimization
INFO: [Opt 31-1064] SRL Remap converted 0 SRLs to 0 registers and converted 0 registers of register chains to 0 SRLs
Phase 7 Shift Register Optimization | Checksum: 1bdc594a6

Time (s): cpu = 00:00:15 ; elapsed = 00:00:11 . Memory (MB): peak = 4254.902 ; gain = 0.000
Shift Register Optimization | Checksum: 1bdc594a6
INFO: [Opt 31-389] Phase Shift Register Optimization created 0 cells and removed 0 cells

Phase 8 Post Processing Netlist
INFO: [Opt 31-1566] Pulled 1 inverters resulting in an inversion of 2 pins
Phase 8 Post Processing Netlist | Checksum: 1f842e5da

Time (s): cpu = 00:00:15 ; elapsed = 00:00:11 . Memory (MB): peak = 4254.902 ; gain = 0.000
Post Processing Netlist | Checksum: 1f842e5da
INFO: [Opt 31-389] Phase Post Processing Netlist created 0 cells and removed 1 cells

Phase 9 Finalization

Phase 9.1 Finalizing Design Cores and Updating Shapes
Phase 9.1 Finalizing Design Cores and Updating Shapes | Checksum: 22791cbc8

Time (s): cpu = 00:00:17 ; elapsed = 00:00:13 . Memory (MB): peak = 4254.902 ; gain = 0.000

Phase 9.2 Verifying Netlist Connectivity

Starting Connectivity Check Task

Time (s): cpu = 00:00:00 ; elapsed = 00:00:00.172 . Memory (MB): peak = 4254.902 ; gain = 0.000
Phase 9.2 Verifying Netlist Connectivity | Checksum: 22791cbc8

Time (s): cpu = 00:00:17 ; elapsed = 00:00:13 . Memory (MB): peak = 4254.902 ; gain = 0.000
Phase 9 Finalization | Checksum: 22791cbc8

Time (s): cpu = 00:00:17 ; elapsed = 00:00:13 . Memory (MB): peak = 4254.902 ; gain = 0.000
Opt_design Change Summary
=========================


-------------------------------------------------------------------------------------------------------------------------
|  Phase                        |  #Cells created  |  #Cells Removed  |  #Constrained objects preventing optimizations  |
-------------------------------------------------------------------------------------------------------------------------
|  Retarget                     |             586  |            1769  |                                             12  |
|  Constant propagation         |             917  |            3141  |                                             40  |
|  Sweep                        |               2  |            9981  |                                            144  |
|  BUFG optimization            |               0  |               0  |                                              0  |
|  Shift Register Optimization  |               0  |               0  |                                              0  |
|  Post Processing Netlist      |               0  |               1  |                                              0  |
-------------------------------------------------------------------------------------------------------------------------


Ending Logic Optimization Task | Checksum: 22791cbc8

Time (s): cpu = 00:00:17 ; elapsed = 00:00:13 . Memory (MB): peak = 4254.902 ; gain = 0.000

Starting Power Optimization Task
INFO: [Pwropt 34-132] Skipping clock gating for clocks with a period < 2.00 ns.
INFO: [Timing 38-35] Done setting XDC timing constraints.
INFO: [Pwropt 34-9] Applying IDT optimizations ...
INFO: [Pwropt 34-10] Applying ODC optimizations ...
Running Vector-less Activity Propagation...

Finished Running Vector-less Activity Propagation


Starting PowerOpt Patch Enables Task
INFO: [Pwropt 34-162] WRITE_MODE attribute of 0 BRAM(s) out of a total of 379 has been updated to save power. Run report_power_opt to get a complete listing of the BRAMs updated.
INFO: [Pwropt 34-201] Structural ODC has moved 4 WE to EN ports
Number of BRAM Ports augmented: 266 newly gated: 40 Total Ports: 758
Ending PowerOpt Patch Enables Task | Checksum: 2316eebd4

Time (s): cpu = 00:00:02 ; elapsed = 00:00:01 . Memory (MB): peak = 4811.148 ; gain = 0.000
Ending Power Optimization Task | Checksum: 2316eebd4

Time (s): cpu = 00:01:08 ; elapsed = 00:00:26 . Memory (MB): peak = 4811.148 ; gain = 556.246

Starting Final Cleanup Task

Starting Logic Optimization Task
INFO: [Timing 38-35] Done setting XDC timing constraints.
Ending Logic Optimization Task | Checksum: 234ba4156

Time (s): cpu = 00:00:13 ; elapsed = 00:00:05 . Memory (MB): peak = 4811.148 ; gain = 0.000
Ending Final Cleanup Task | Checksum: 234ba4156

Time (s): cpu = 00:00:15 ; elapsed = 00:00:08 . Memory (MB): peak = 4811.148 ; gain = 0.000
Netlist sorting complete. Time (s): cpu = 00:00:00 ; elapsed = 00:00:00.052 . Memory (MB): peak = 4811.148 ; gain = 0.000
INFO: [Common 17-83] Releasing license: Implementation
49 Infos, 11 Warnings, 1 Critical Warnings and 0 Errors encountered.
opt_design completed successfully
opt_design: Time (s): cpu = 00:01:52 ; elapsed = 00:00:52 . Memory (MB): peak = 4811.148 ; gain = 556.246
INFO: [Vivado 12-24828] Executing command : report_drc -file wrapper_p4_drc_opted.rpt -pb wrapper_p4_drc_opted.pb -rpx wrapper_p4_drc_opted.rpx
Command: report_drc -file wrapper_p4_drc_opted.rpt -pb wrapper_p4_drc_opted.pb -rpx wrapper_p4_drc_opted.rpx
INFO: [IP_Flow 19-1839] IP Catalog is up to date.
INFO: [DRC 23-27] Running DRC with 8 threads
INFO: [Vivado_Tcl 2-168] The results of DRC are in file D:/repo/XCKU5PMini/udp_hls_10g/vivado_prj/p7b_ku5p_prj.runs/impl_1/wrapper_p4_drc_opted.rpt.
report_drc completed successfully
report_drc: Time (s): cpu = 00:00:12 ; elapsed = 00:00:05 . Memory (MB): peak = 4811.148 ; gain = 0.000
generate_parallel_reports: Time (s): cpu = 00:00:12 ; elapsed = 00:00:05 . Memory (MB): peak = 4811.148 ; gain = 0.000
INFO: [Timing 38-480] Writing timing data to binary archive.
Wrote PlaceDB: Time (s): cpu = 00:00:01 ; elapsed = 00:00:00.023 . Memory (MB): peak = 4811.148 ; gain = 0.000
Wrote PulsedLatchDB: Time (s): cpu = 00:00:00 ; elapsed = 00:00:00 . Memory (MB): peak = 4811.148 ; gain = 0.000
Writing XDEF routing.
Writing XDEF routing logical nets.
Write ShapeDB Complete: Time (s): cpu = 00:00:01 ; elapsed = 00:00:00.116 . Memory (MB): peak = 4811.148 ; gain = 0.000
Writing XDEF routing special nets.
Wrote RouteStorage: Time (s): cpu = 00:00:00 ; elapsed = 00:00:00.134 . Memory (MB): peak = 4811.148 ; gain = 0.000
Wrote Netlist Cache: Time (s): cpu = 00:00:00 ; elapsed = 00:00:00.001 . Memory (MB): peak = 4811.148 ; gain = 0.000
Wrote Device Cache: Time (s): cpu = 00:00:00 ; elapsed = 00:00:00.016 . Memory (MB): peak = 4811.148 ; gain = 0.000
Write Physdb Complete: Time (s): cpu = 00:00:01 ; elapsed = 00:00:00.186 . Memory (MB): peak = 4811.148 ; gain = 0.000
INFO: [Common 17-1381] The checkpoint 'D:/repo/XCKU5PMini/udp_hls_10g/vivado_prj/p7b_ku5p_prj.runs/impl_1/wrapper_p4_opt.dcp' has been generated.
write_checkpoint: Time (s): cpu = 00:00:09 ; elapsed = 00:00:06 . Memory (MB): peak = 4811.148 ; gain = 0.000
Command: place_design -directive ExtraTimingOpt
Attempting to get a license for feature 'Implementation' and/or device 'xcku5p'
INFO: [Common 17-349] Got license for feature 'Implementation' and/or device 'xcku5p'
INFO: [Common 17-83] Releasing license: Implementation
INFO: [DRC 23-27] Running DRC with 8 threads
INFO: [Vivado_Tcl 4-198] DRC finished with 0 Errors
INFO: [Vivado_Tcl 4-199] Please refer to the DRC report (report_drc) for more information.
INFO: [Timing 38-35] Done setting XDC timing constraints.
INFO: [Vivado_Tcl 4-2302] The placer was invoked with the 'ExtraTimingOpt' directive.
Running DRC as a precondition to command place_design
INFO: [DRC 23-27] Running DRC with 8 threads
INFO: [Vivado_Tcl 4-198] DRC finished with 0 Errors
INFO: [Vivado_Tcl 4-199] Please refer to the DRC report (report_drc) for more information.
INFO: [Place 30-611] Multithreading enabled for place_design using a maximum of 8 CPUs

Starting Placer Task

Phase 1 Placer Initialization

Phase 1.1 Placer Initialization Netlist Sorting
Netlist sorting complete. Time (s): cpu = 00:00:00 ; elapsed = 00:00:00.042 . Memory (MB): peak = 4811.148 ; gain = 0.000
Phase 1.1 Placer Initialization Netlist Sorting | Checksum: 231f2676c

Time (s): cpu = 00:00:00 ; elapsed = 00:00:00.066 . Memory (MB): peak = 4811.148 ; gain = 0.000
Netlist sorting complete. Time (s): cpu = 00:00:00 ; elapsed = 00:00:00.048 . Memory (MB): peak = 4811.148 ; gain = 0.000

Phase 1.2 IO Placement/ Clock Placement/ Build Placer Device
Phase 1.2 IO Placement/ Clock Placement/ Build Placer Device | Checksum: f0e6327b

Time (s): cpu = 00:00:08 ; elapsed = 00:00:04 . Memory (MB): peak = 4811.148 ; gain = 0.000

Phase 1.3 Build Placer Netlist Model
Phase 1.3 Build Placer Netlist Model | Checksum: 1597f357e

Time (s): cpu = 00:00:43 ; elapsed = 00:00:22 . Memory (MB): peak = 4811.148 ; gain = 0.000

Phase 1.4 Constrain Clocks/Macros
Phase 1.4 Constrain Clocks/Macros | Checksum: 1597f357e

Time (s): cpu = 00:00:43 ; elapsed = 00:00:22 . Memory (MB): peak = 4811.148 ; gain = 0.000
Phase 1 Placer Initialization | Checksum: 1597f357e

Time (s): cpu = 00:00:43 ; elapsed = 00:00:23 . Memory (MB): peak = 4811.148 ; gain = 0.000

Phase 2 Global Placement

Phase 2.1 Floorplanning

Phase 2.1.1 Partition Driven Placement

Phase 2.1.1.1 PBP: Partition Driven Placement
Phase 2.1.1.1 PBP: Partition Driven Placement | Checksum: 1aeb40f92

Time (s): cpu = 00:01:58 ; elapsed = 00:00:50 . Memory (MB): peak = 4811.148 ; gain = 0.000

Phase 2.1.1.2 PBP: Clock Region Placement
INFO: [Place 30-3162] Check ILP status : ILP-based clock placer completed successfully.
Phase 2.1.1.2 PBP: Clock Region Placement | Checksum: 264cf5864

Time (s): cpu = 00:02:00 ; elapsed = 00:00:53 . Memory (MB): peak = 4811.148 ; gain = 0.000

Phase 2.1.1.3 PBP: Discrete Incremental
Phase 2.1.1.3 PBP: Discrete Incremental | Checksum: 22565eb2d

Time (s): cpu = 00:02:00 ; elapsed = 00:00:53 . Memory (MB): peak = 4811.148 ; gain = 0.000

Phase 2.1.1.4 PBP: Compute Congestion
Phase 2.1.1.4 PBP: Compute Congestion | Checksum: 22565eb2d

Time (s): cpu = 00:02:16 ; elapsed = 00:00:57 . Memory (MB): peak = 4983.488 ; gain = 172.340

Phase 2.1.1.5 PBP: Macro Placement
Phase 2.1.1.5 PBP: Macro Placement | Checksum: 1ce911352

Time (s): cpu = 00:02:18 ; elapsed = 00:00:59 . Memory (MB): peak = 4983.488 ; gain = 172.340

Phase 2.1.1.6 PBP: UpdateTiming
Phase 2.1.1.6 PBP: UpdateTiming | Checksum: 1e3c6cc76

Time (s): cpu = 00:02:28 ; elapsed = 00:01:03 . Memory (MB): peak = 4983.488 ; gain = 172.340

Phase 2.1.1.7 PBP: Add part constraints
Phase 2.1.1.7 PBP: Add part constraints | Checksum: 1e3c6cc76

Time (s): cpu = 00:02:28 ; elapsed = 00:01:03 . Memory (MB): peak = 4983.488 ; gain = 172.340
Phase 2.1.1 Partition Driven Placement | Checksum: 1e3c6cc76

Time (s): cpu = 00:02:28 ; elapsed = 00:01:03 . Memory (MB): peak = 4983.488 ; gain = 172.340
Phase 2.1 Floorplanning | Checksum: 243179a76

Time (s): cpu = 00:02:28 ; elapsed = 00:01:03 . Memory (MB): peak = 4983.488 ; gain = 172.340

Phase 2.2 Update Timing before SLR Path Opt
Phase 2.2 Update Timing before SLR Path Opt | Checksum: 243179a76

Time (s): cpu = 00:02:29 ; elapsed = 00:01:03 . Memory (MB): peak = 4983.488 ; gain = 172.340

Phase 2.3 Post-Processing in Floorplanning
Phase 2.3 Post-Processing in Floorplanning | Checksum: 1ec1ecc66

Time (s): cpu = 00:02:29 ; elapsed = 00:01:04 . Memory (MB): peak = 4983.488 ; gain = 172.340

Phase 2.4 Global Place Phase1
Phase 2.4 Global Place Phase1 | Checksum: 116716ef2

Time (s): cpu = 00:10:58 ; elapsed = 00:03:43 . Memory (MB): peak = 5445.848 ; gain = 634.699

Phase 2.5 Global Place Phase2

Phase 2.5.1 UpdateTiming Before Physical Synthesis
Phase 2.5.1 UpdateTiming Before Physical Synthesis | Checksum: 1ea24cfab

Time (s): cpu = 00:11:13 ; elapsed = 00:03:48 . Memory (MB): peak = 5445.848 ; gain = 634.699

Phase 2.5.2 Physical Synthesis In Placer
INFO: [Physopt 32-1035] Found 620 LUTNM shape to break, 2333 LUT instances to create LUTNM shape
INFO: [Physopt 32-1044] Break lutnm for timing: one critical 128, two critical 492, total 620, new lutff created 6
INFO: [Physopt 32-1138] End 1 Pass. Optimized 1549 nets or LUTs. Breaked 620 LUTs, combined 929 existing LUTs and moved 0 existing LUT
INFO: [Physopt 32-1030] Pass 1. Identified 247 candidate driver sets for equivalent driver rewiring.
INFO: [Physopt 32-661] Optimized 149 nets.  Re-placed 630 instances.
INFO: [Physopt 32-775] End 1 Pass. Optimized 149 nets or cells. Created 2 new cells, deleted 522 existing cells and moved 630 existing cells
Netlist sorting complete. Time (s): cpu = 00:00:01 ; elapsed = 00:00:00.493 . Memory (MB): peak = 5445.848 ; gain = 0.000
INFO: [Physopt 32-1132] Very high fanout net 'u_tcp_echo/u_fifo/wptr_reg[1]_rep_n_53' is not considered as a candidate in VHFN optimization. The fanout considered for this optimization is changed from 1042 to 131 due to a timing constraint or macro primitives that prevent optimization on all of the loads. To force replication, set the FORCE_MAX_FANOUT property on the net to a number less than 131.
INFO: [Physopt 32-1132] Very high fanout net 'u_tcp_echo/u_fifo/wptr_reg[2]_rep__0_n_53' is not considered as a candidate in VHFN optimization. The fanout considered for this optimization is changed from 1030 to 127 due to a timing constraint or macro primitives that prevent optimization on all of the loads. To force replication, set the FORCE_MAX_FANOUT property on the net to a number less than 127.
INFO: [Physopt 32-1132] Very high fanout net 'u_tcp_echo/u_fifo/wptr_reg[3]_rep__1_n_53' is not considered as a candidate in VHFN optimization. The fanout considered for this optimization is changed from 1096 to 129 due to a timing constraint or macro primitives that prevent optimization on all of the loads. To force replication, set the FORCE_MAX_FANOUT property on the net to a number less than 129.
INFO: [Physopt 32-1132] Very high fanout net 'u_tcp_echo/u_fifo/wptr_reg[4]_rep__0_n_53' is not considered as a candidate in VHFN optimization. The fanout considered for this optimization is changed from 1024 to 123 due to a timing constraint or macro primitives that prevent optimization on all of the loads. To force replication, set the FORCE_MAX_FANOUT property on the net to a number less than 123.
INFO: [Physopt 32-65] No nets found for high-fanout optimization.
INFO: [Physopt 32-232] Optimized 0 net. Created 0 new instance.
INFO: [Physopt 32-775] End 1 Pass. Optimized 0 net or cell. Created 0 new cell, deleted 0 existing cell and moved 0 existing cell
INFO: [Physopt 32-76] Pass 1. Identified 7 candidate nets for fanout optimization.
INFO: [Physopt 32-81] Processed net u_tcp_echo/u_fifo/Q[7]. Replicated 10 times.
INFO: [Physopt 32-81] Processed net u_tcp_echo/u_fifo/Q[6]. Replicated 10 times.
INFO: [Physopt 32-81] Processed net u_tcp_echo/u_fifo/Q[3]. Replicated 7 times.
INFO: [Physopt 32-81] Processed net u_tcp_echo/u_fifo/wptr_reg[0]_rep__2_n_53. Replicated 7 times.
INFO: [Physopt 32-81] Processed net u_tcp_echo/u_fifo/wptr_reg[2]_rep_n_53. Replicated 4 times.
INFO: [Physopt 32-81] Processed net u_tcp_echo/u_fifo/Q[1]. Replicated 4 times.
INFO: [Physopt 32-81] Processed net u_tcp_echo/u_fifo/wptr_reg[4]_rep_n_53. Replicated 5 times.
INFO: [Physopt 32-232] Optimized 7 nets. Created 47 new instances.
INFO: [Physopt 32-775] End 1 Pass. Optimized 7 nets or cells. Created 47 new cells, deleted 0 existing cell and moved 0 existing cell
Netlist sorting complete. Time (s): cpu = 00:00:00 ; elapsed = 00:00:00.086 . Memory (MB): peak = 5445.848 ; gain = 0.000
INFO: [Physopt 32-46] Identified 1 candidate net for critical-cell optimization.
INFO: [Physopt 32-232] Optimized 0 net. Created 0 new instance.
INFO: [Physopt 32-775] End 1 Pass. Optimized 0 net or cell. Created 0 new cell, deleted 0 existing cell and moved 0 existing cell
INFO: [Physopt 32-456] No candidate cells for DSP register optimization found in the design.
INFO: [Physopt 32-775] End 2 Pass. Optimized 0 net or cell. Created 0 new cell, deleted 0 existing cell and moved 0 existing cell
INFO: [Physopt 32-1123] No candidate cells found for Shift Register to Pipeline optimization
INFO: [Physopt 32-775] End 2 Pass. Optimized 0 net or cell. Created 0 new cell, deleted 0 existing cell and moved 0 existing cell
INFO: [Physopt 32-1401] No candidate cells found for Shift Register optimization.
INFO: [Physopt 32-677] No candidate cells for Shift Register optimization found in the design
INFO: [Physopt 32-775] End 1 Pass. Optimized 0 net or cell. Created 0 new cell, deleted 0 existing cell and moved 0 existing cell
INFO: [Physopt 32-526] No candidate cells for BRAM register optimization found in the design
INFO: [Physopt 32-775] End 1 Pass. Optimized 0 net or cell. Created 0 new cell, deleted 0 existing cell and moved 0 existing cell
INFO: [Physopt 32-846] No candidate cells for URAM register optimization found in the design
INFO: [Physopt 32-775] End 1 Pass. Optimized 0 net or cell. Created 0 new cell, deleted 0 existing cell and moved 0 existing cell
INFO: [Physopt 32-846] No candidate cells for URAM register optimization found in the design
INFO: [Physopt 32-775] End 1 Pass. Optimized 0 net or cell. Created 0 new cell, deleted 0 existing cell and moved 0 existing cell
INFO: [Physopt 32-949] No candidate nets found for dynamic/static region interface net replication
INFO: [Physopt 32-775] End 1 Pass. Optimized 0 net or cell. Created 0 new cell, deleted 0 existing cell and moved 0 existing cell
Netlist sorting complete. Time (s): cpu = 00:00:00 ; elapsed = 00:00:00.044 . Memory (MB): peak = 5445.848 ; gain = 0.000

Summary of Physical Synthesis Optimizations
============================================


-----------------------------------------------------------------------------------------------------------------------------------------------------------
|  Optimization                                     |  Added Cells  |  Removed Cells  |  Optimized Cells/Nets  |  Dont Touch  |  Iterations  |  Elapsed   |
-----------------------------------------------------------------------------------------------------------------------------------------------------------
|  LUT Combining                                    |          620  |            929  |                  1549  |           0  |           1  |  00:00:02  |
|  Retime                                           |            0  |              0  |                     0  |           0  |           1  |  00:00:00  |
|  Equivalent Driver Rewiring                       |            2  |            522  |                   149  |           2  |           1  |  00:00:12  |
|  Very High Fanout                                 |            0  |              0  |                     0  |           0  |           1  |  00:00:00  |
|  Fanout                                           |           47  |              0  |                     7  |           0  |           1  |  00:00:01  |
|  Critical Cell                                    |            0  |              0  |                     0  |           0  |           1  |  00:00:00  |
|  DSP Register                                     |            0  |              0  |                     0  |           0  |           1  |  00:00:00  |
|  Shift Register to Pipeline                       |            0  |              0  |                     0  |           0  |           1  |  00:00:00  |
|  Shift Register                                   |            0  |              0  |                     0  |           0  |           1  |  00:00:00  |
|  BRAM Register                                    |            0  |              0  |                     0  |           0  |           1  |  00:00:00  |
|  URAM Register                                    |            0  |              0  |                     0  |           0  |           1  |  00:00:00  |
|  Dynamic/Static Region Interface Net Replication  |            0  |              0  |                     0  |           0  |           1  |  00:00:00  |
|  Total                                            |          669  |           1451  |                  1705  |           2  |          12  |  00:00:15  |
-----------------------------------------------------------------------------------------------------------------------------------------------------------


Phase 2.5.2 Physical Synthesis In Placer | Checksum: 11158bbd5

Time (s): cpu = 00:11:39 ; elapsed = 00:04:09 . Memory (MB): peak = 5445.848 ; gain = 634.699
Phase 2.5 Global Place Phase2 | Checksum: 121ecf05a

Time (s): cpu = 00:12:03 ; elapsed = 00:04:17 . Memory (MB): peak = 5445.848 ; gain = 634.699
Phase 2 Global Placement | Checksum: 121ecf05a

Time (s): cpu = 00:12:03 ; elapsed = 00:04:17 . Memory (MB): peak = 5445.848 ; gain = 634.699

Phase 3 Detail Placement

Phase 3.1 Commit Multi Column Macros
Phase 3.1 Commit Multi Column Macros | Checksum: 1719c2b93

Time (s): cpu = 00:12:30 ; elapsed = 00:04:26 . Memory (MB): peak = 5445.848 ; gain = 634.699

Phase 3.2 Commit Most Macros & LUTRAMs
Phase 3.2 Commit Most Macros & LUTRAMs | Checksum: 2184030a7

Time (s): cpu = 00:12:43 ; elapsed = 00:04:32 . Memory (MB): peak = 5445.848 ; gain = 634.699

Phase 3.3 Small Shape DP

Phase 3.3.1 Small Shape Clustering
Phase 3.3.1 Small Shape Clustering | Checksum: 1cff946b1

Time (s): cpu = 00:14:04 ; elapsed = 00:04:57 . Memory (MB): peak = 5445.848 ; gain = 634.699

Phase 3.3.2 Slice Area Swap

Phase 3.3.2.1 Slice Area Swap Initial
Phase 3.3.2.1 Slice Area Swap Initial | Checksum: 1aa2fa2e8

Time (s): cpu = 00:14:34 ; elapsed = 00:05:15 . Memory (MB): peak = 5445.848 ; gain = 634.699
Phase 3.3.2 Slice Area Swap | Checksum: 1aa2fa2e8

Time (s): cpu = 00:14:35 ; elapsed = 00:05:15 . Memory (MB): peak = 5445.848 ; gain = 634.699
Phase 3.3 Small Shape DP | Checksum: 14b0f7edb

Time (s): cpu = 00:15:26 ; elapsed = 00:05:31 . Memory (MB): peak = 5490.367 ; gain = 679.219

Phase 3.4 Re-assign LUT pins
Phase 3.4 Re-assign LUT pins | Checksum: 12389587d

Time (s): cpu = 00:15:33 ; elapsed = 00:05:36 . Memory (MB): peak = 5490.367 ; gain = 679.219

Phase 3.5 Pipeline Register Optimization
Phase 3.5 Pipeline Register Optimization | Checksum: 11f2b314e

Time (s): cpu = 00:15:33 ; elapsed = 00:05:37 . Memory (MB): peak = 5490.367 ; gain = 679.219

Phase 3.6 Fast Optimization
Phase 3.6 Fast Optimization | Checksum: 267bae4e3

Time (s): cpu = 00:16:24 ; elapsed = 00:05:47 . Memory (MB): peak = 5490.367 ; gain = 679.219
Phase 3 Detail Placement | Checksum: 267bae4e3

Time (s): cpu = 00:16:24 ; elapsed = 00:05:48 . Memory (MB): peak = 5490.367 ; gain = 679.219

Phase 4 Post Placement Optimization and Clean-Up

Phase 4.1 Post Commit Optimization
INFO: [Timing 38-35] Done setting XDC timing constraints.

Phase 4.1.1 Post Placement Optimization
Post Placement Optimization Initialization | Checksum: 1cc9347ec

Phase 4.1.1.1 BUFG Insertion

Starting Physical Synthesis Task

Phase 1 Physical Synthesis Initialization
INFO: [Physopt 32-721] Multithreading enabled for phys_opt_design using a maximum of 8 CPUs
INFO: [Physopt 32-619] Estimated Timing Summary | WNS=0.079 | TNS=0.000 |
Phase 1 Physical Synthesis Initialization | Checksum: ef1bc0a2

Time (s): cpu = 00:00:04 ; elapsed = 00:00:00.788 . Memory (MB): peak = 5532.512 ; gain = 0.000
INFO: [Place 46-35] Processed net u_clkgen/rel_sr[3], inserted BUFG to drive 17541 loads.
INFO: [Place 46-35] Processed net u_clkgen/rel_sr_reg[3]_0, inserted BUFG to drive 16358 loads.
INFO: [Place 46-34] Processed net u_pcie_xdma/inst/pcie4_ip_i/inst/user_reset, BUFG insertion was skipped due to possible timing degradation.
INFO: [Place 46-35] Processed net u_snap_seq/E[0], inserted BUFG to drive 1821 loads.
INFO: [Place 46-35] Processed net u_snap_seq/valid_i_1_n_53, inserted BUFG to drive 1056 loads.
INFO: [Place 46-56] BUFG insertion identified 5 candidate nets. Inserted BUFG: 4, Replicated BUFG Driver: 0, Skipped due to Placement/Routing Conflicts: 0, Skipped due to Timing Degradation: 1, Skipped due to netlist editing failed: 0.
Ending Physical Synthesis Task | Checksum: 140d9e2d0

Time (s): cpu = 00:00:12 ; elapsed = 00:00:08 . Memory (MB): peak = 5532.512 ; gain = 0.000
Phase 4.1.1.1 BUFG Insertion | Checksum: 1888fee9c

Time (s): cpu = 00:17:35 ; elapsed = 00:06:15 . Memory (MB): peak = 5532.512 ; gain = 721.363

Phase 4.1.1.2 Post Placement Timing Optimization
INFO: [Place 30-746] Post Placement Timing Summary WNS=0.389. For the most accurate timing information please run report_timing.
Phase 4.1.1.2 Post Placement Timing Optimization | Checksum: 229d19647

Time (s): cpu = 00:18:26 ; elapsed = 00:07:03 . Memory (MB): peak = 5532.512 ; gain = 721.363

Time (s): cpu = 00:18:26 ; elapsed = 00:07:03 . Memory (MB): peak = 5532.512 ; gain = 721.363
Phase 4.1 Post Commit Optimization | Checksum: 229d19647

Time (s): cpu = 00:18:27 ; elapsed = 00:07:03 . Memory (MB): peak = 5532.512 ; gain = 721.363
Netlist sorting complete. Time (s): cpu = 00:00:00 ; elapsed = 00:00:00.244 . Memory (MB): peak = 5532.512 ; gain = 0.000

Phase 4.2 Post Placement Cleanup
Phase 4.2 Post Placement Cleanup | Checksum: 23c1c7913

Time (s): cpu = 00:18:48 ; elapsed = 00:07:11 . Memory (MB): peak = 5532.512 ; gain = 721.363

Phase 4.3 Placer Reporting

Phase 4.3.1 Print Estimated Congestion
INFO: [Place 30-612] Post-Placement Estimated Congestion 
 ________________________________________________________________________
|           | Global Congestion | Long Congestion   | Short Congestion  |
| Direction | Region Size       | Region Size       | Region Size       |
|___________|___________________|___________________|___________________|
|      North|                8x8|                8x8|                4x4|
|___________|___________________|___________________|___________________|
|      South|                2x2|                2x2|                4x4|
|___________|___________________|___________________|___________________|
|       East|                2x2|                1x1|                8x8|
|___________|___________________|___________________|___________________|
|       West|                4x4|                1x1|                8x8|
|___________|___________________|___________________|___________________|

Phase 4.3.1 Print Estimated Congestion | Checksum: 23c1c7913

Time (s): cpu = 00:18:49 ; elapsed = 00:07:12 . Memory (MB): peak = 5532.512 ; gain = 721.363
Phase 4.3 Placer Reporting | Checksum: 23c1c7913

Time (s): cpu = 00:18:50 ; elapsed = 00:07:12 . Memory (MB): peak = 5532.512 ; gain = 721.363

Phase 4.4 Final Placement Cleanup
Netlist sorting complete. Time (s): cpu = 00:00:00 ; elapsed = 00:00:00.042 . Memory (MB): peak = 5532.512 ; gain = 0.000

Time (s): cpu = 00:18:50 ; elapsed = 00:07:12 . Memory (MB): peak = 5532.512 ; gain = 721.363
Phase 4 Post Placement Optimization and Clean-Up | Checksum: 3059c4c53

Time (s): cpu = 00:18:50 ; elapsed = 00:07:12 . Memory (MB): peak = 5532.512 ; gain = 721.363
Ending Placer Task | Checksum: 22d0c0849

Time (s): cpu = 00:18:51 ; elapsed = 00:07:12 . Memory (MB): peak = 5532.512 ; gain = 721.363
119 Infos, 11 Warnings, 1 Critical Warnings and 0 Errors encountered.
place_design completed successfully
place_design: Time (s): cpu = 00:19:05 ; elapsed = 00:07:17 . Memory (MB): peak = 5532.512 ; gain = 721.363
INFO: [Vivado 12-24838] Running report commands "report_control_sets, report_io, report_utilization" in parallel.
Running report generation with 3 threads.
INFO: [Vivado 12-24828] Executing command : report_io -file wrapper_p4_io_placed.rpt
report_io: Time (s): cpu = 00:00:00 ; elapsed = 00:00:00.112 . Memory (MB): peak = 5532.512 ; gain = 0.000
INFO: [Vivado 12-24828] Executing command : report_control_sets -verbose -file wrapper_p4_control_sets_placed.rpt
report_control_sets: Time (s): cpu = 00:00:01 ; elapsed = 00:00:00.347 . Memory (MB): peak = 5532.512 ; gain = 0.000
INFO: [Vivado 12-24828] Executing command : report_utilization -file wrapper_p4_utilization_placed.rpt -pb wrapper_p4_utilization_placed.pb
INFO: [Timing 38-480] Writing timing data to binary archive.
Write ShapeDB Complete: Time (s): cpu = 00:00:01 ; elapsed = 00:00:00.183 . Memory (MB): peak = 5532.512 ; gain = 0.000
Wrote PlaceDB: Time (s): cpu = 00:00:10 ; elapsed = 00:00:04 . Memory (MB): peak = 5532.512 ; gain = 0.000
Wrote PulsedLatchDB: Time (s): cpu = 00:00:00 ; elapsed = 00:00:00 . Memory (MB): peak = 5532.512 ; gain = 0.000
Writing XDEF routing.
Writing XDEF routing logical nets.
Writing XDEF routing special nets.
Wrote RouteStorage: Time (s): cpu = 00:00:00 ; elapsed = 00:00:00.136 . Memory (MB): peak = 5532.512 ; gain = 0.000
Wrote Netlist Cache: Time (s): cpu = 00:00:00 ; elapsed = 00:00:00.129 . Memory (MB): peak = 5532.512 ; gain = 0.000
Wrote Device Cache: Time (s): cpu = 00:00:00 ; elapsed = 00:00:00.016 . Memory (MB): peak = 5532.512 ; gain = 0.000
Write Physdb Complete: Time (s): cpu = 00:00:10 ; elapsed = 00:00:04 . Memory (MB): peak = 5532.512 ; gain = 0.000
INFO: [Common 17-1381] The checkpoint 'D:/repo/XCKU5PMini/udp_hls_10g/vivado_prj/p7b_ku5p_prj.runs/impl_1/wrapper_p4_placed.dcp' has been generated.
write_checkpoint: Time (s): cpu = 00:00:13 ; elapsed = 00:00:07 . Memory (MB): peak = 5532.512 ; gain = 0.000
Command: phys_opt_design -directive Explore
Attempting to get a license for feature 'Implementation' and/or device 'xcku5p'
INFO: [Common 17-349] Got license for feature 'Implementation' and/or device 'xcku5p'
INFO: [Vivado_Tcl 4-137] Directive used for phys_opt_design is: Explore

Starting Initial Update Timing Task

Time (s): cpu = 00:00:34 ; elapsed = 00:00:10 . Memory (MB): peak = 5532.512 ; gain = 0.000
INFO: [Vivado_Tcl 4-2279] Estimated Timing Summary | WNS= 0.389 | TNS= 0.000 | 
INFO: [Vivado_Tcl 4-383] Design worst setup slack (WNS) is greater than or equal to 0.000 ns. All physical synthesis setup optimizations will be skipped.
INFO: [Vivado_Tcl 4-232] No setup violation found. The netlist was not modified.
INFO: [Common 17-83] Releasing license: Implementation
131 Infos, 11 Warnings, 1 Critical Warnings and 0 Errors encountered.
phys_opt_design completed successfully
phys_opt_design: Time (s): cpu = 00:00:35 ; elapsed = 00:00:11 . Memory (MB): peak = 5532.512 ; gain = 0.000
INFO: [Timing 38-480] Writing timing data to binary archive.
Write ShapeDB Complete: Time (s): cpu = 00:00:01 ; elapsed = 00:00:00.180 . Memory (MB): peak = 5532.512 ; gain = 0.000
Wrote PlaceDB: Time (s): cpu = 00:00:10 ; elapsed = 00:00:04 . Memory (MB): peak = 5532.512 ; gain = 0.000
Wrote PulsedLatchDB: Time (s): cpu = 00:00:00 ; elapsed = 00:00:00 . Memory (MB): peak = 5532.512 ; gain = 0.000
Writing XDEF routing.
Writing XDEF routing logical nets.
Writing XDEF routing special nets.
Wrote RouteStorage: Time (s): cpu = 00:00:00 ; elapsed = 00:00:00.127 . Memory (MB): peak = 5532.512 ; gain = 0.000
Wrote Netlist Cache: Time (s): cpu = 00:00:01 ; elapsed = 00:00:00.120 . Memory (MB): peak = 5532.512 ; gain = 0.000
Wrote Device Cache: Time (s): cpu = 00:00:00 ; elapsed = 00:00:00.017 . Memory (MB): peak = 5532.512 ; gain = 0.000
Write Physdb Complete: Time (s): cpu = 00:00:11 ; elapsed = 00:00:04 . Memory (MB): peak = 5532.512 ; gain = 0.000
INFO: [Common 17-1381] The checkpoint 'D:/repo/XCKU5PMini/udp_hls_10g/vivado_prj/p7b_ku5p_prj.runs/impl_1/wrapper_p4_physopt.dcp' has been generated.
write_checkpoint: Time (s): cpu = 00:00:13 ; elapsed = 00:00:07 . Memory (MB): peak = 5532.512 ; gain = 0.000
Command: route_design -directive NoTimingRelaxation
Attempting to get a license for feature 'Implementation' and/or device 'xcku5p'
INFO: [Common 17-349] Got license for feature 'Implementation' and/or device 'xcku5p'


Starting Routing Task
INFO: [Route 35-270] Using Router directive 'NoTimingRelaxation'.
INFO: [Route 35-254] Multithreading enabled for route_design using a maximum of 8 CPUs

Phase 1 Build RT Design
Checksum: PlaceDB: 8fd14e9d ConstDB: 0 ShapeSum: d448e384 RouteDB: c8f1d628
Nodegraph reading from file.  Time (s): cpu = 00:00:01 ; elapsed = 00:00:00.419 . Memory (MB): peak = 5532.512 ; gain = 0.000
Post Restoration Checksum: NetGraph: 183cf8af | NumContArr: 917e494 | Constraints: 36660c1d | Timing: c2a8fa9d
Phase 1 Build RT Design | Checksum: 11a63e3fd

Time (s): cpu = 00:00:38 ; elapsed = 00:00:08 . Memory (MB): peak = 5532.512 ; gain = 0.000

Phase 2 Router Initialization

Phase 2.1 Fix Topology Constraints
Phase 2.1 Fix Topology Constraints | Checksum: 11a63e3fd

Time (s): cpu = 00:00:38 ; elapsed = 00:00:08 . Memory (MB): peak = 5532.512 ; gain = 0.000

Phase 2.2 Pre Route Cleanup
Phase 2.2 Pre Route Cleanup | Checksum: 11a63e3fd

Time (s): cpu = 00:00:39 ; elapsed = 00:00:08 . Memory (MB): peak = 5532.512 ; gain = 0.000

Phase 2.3 Global Clock Net Routing
 Number of Nodes with overlaps = 0
Phase 2.3 Global Clock Net Routing | Checksum: 22d7cb3ce

Time (s): cpu = 00:00:45 ; elapsed = 00:00:13 . Memory (MB): peak = 5532.512 ; gain = 0.000

Phase 2.4 Update Timing
Phase 2.4 Update Timing | Checksum: 1ac2054ce

Time (s): cpu = 00:01:07 ; elapsed = 00:00:20 . Memory (MB): peak = 5532.512 ; gain = 0.000
INFO: [Route 35-416] Intermediate Timing Summary | WNS=0.457  | TNS=0.000  | WHS=-0.336 | THS=-228.923|


Phase 2.5 Soft Constraint Pins - Fast Budgeting
Phase 2.5 Soft Constraint Pins - Fast Budgeting | Checksum: 1a82d851a

Time (s): cpu = 00:01:31 ; elapsed = 00:00:28 . Memory (MB): peak = 5532.512 ; gain = 0.000

Router Utilization Summary
  Global Vertical Routing Utilization    = 0.00173047 %
  Global Horizontal Routing Utilization  = 0.00155874 %
  Routable Net Status*
  *Does not include unroutable nets such as driverless and loadless.
  Run report_route_status for detailed report.
  Number of Failed Nets               = 128247
    (Failed Nets is the sum of unrouted and partially routed nets)
  Number of Unrouted Nets             = 98175
  Number of Partially Routed Nets     = 30072
  Number of Node Overlaps             = 1

Phase 2 Router Initialization | Checksum: 184137367

Time (s): cpu = 00:01:34 ; elapsed = 00:00:30 . Memory (MB): peak = 5532.512 ; gain = 0.000

Phase 3 Global Routing
Phase 3 Global Routing | Checksum: 184137367

Time (s): cpu = 00:01:35 ; elapsed = 00:00:30 . Memory (MB): peak = 5532.512 ; gain = 0.000

Phase 4 Initial Routing

Phase 4.1 Initial Net Routing Pass
Phase 4.1 Initial Net Routing Pass | Checksum: 21f0bdc7e

Time (s): cpu = 00:02:08 ; elapsed = 00:00:42 . Memory (MB): peak = 5532.512 ; gain = 0.000
Phase 4 Initial Routing | Checksum: 24842397b

Time (s): cpu = 00:02:10 ; elapsed = 00:00:42 . Memory (MB): peak = 5532.512 ; gain = 0.000

INFO: [Route 35-449] Initial Estimated Congestion
 ________________________________________________________________________
|           | Global Congestion | Long Congestion   | Short Congestion  |
|           |___________________|___________________|___________________|
| Direction | Size   | % Tiles  | Size   | % Tiles  | Size   | % Tiles  |
|___________|________|__________|________|__________|________|__________|
|      NORTH|     8x8|      0.59|   16x16|      1.57|     8x8|      0.87|
|___________|________|__________|________|__________|________|__________|
|      SOUTH|     4x4|      0.30|     4x4|      0.47|     8x8|      0.66|
|___________|________|__________|________|__________|________|__________|
|       EAST|     8x8|      0.54|     4x4|      0.23|   16x16|      1.53|
|___________|________|__________|________|__________|________|__________|
|       WEST|     8x8|      0.40|     4x4|      0.57|   16x16|      0.91|
|___________|________|__________|________|__________|________|__________|
Congestion Report
LONG Congestion bounded by tiles (Lower Left Tile -> Upper Right Tile):
NORTH
	INT_X32Y128->INT_X39Y167 (CLEM_X32Y128->CLEL_R_X39Y167)
	INT_X32Y144->INT_X39Y151 (CLEM_X32Y144->CLEL_R_X39Y151)
	INT_X32Y136->INT_X39Y143 (CLEM_X32Y136->CLEL_R_X39Y143)
	INT_X32Y143->INT_X39Y150 (CLEM_X32Y143->CLEL_R_X39Y150)
	INT_X32Y135->INT_X39Y142 (CLEM_X32Y135->CLEL_R_X39Y142)
SHORT Congestion bounded by tiles (Lower Left Tile -> Upper Right Tile):
EAST
	INT_X40Y96->INT_X47Y111 (CLEM_X40Y96->CLEL_R_X47Y111)
	INT_X40Y104->INT_X47Y111 (CLEM_X40Y104->CLEL_R_X47Y111)
	INT_X32Y24->INT_X39Y31 (CLEM_X32Y24->CLEL_R_X39Y31)
	INT_X48Y8->INT_X55Y15 (CLEM_X48Y8->CLEL_R_X55Y15)
	INT_X32Y23->INT_X39Y30 (CLEM_X32Y23->CLEL_R_X39Y30)
WEST
	INT_X34Y102->INT_X49Y117 (CLEM_X34Y102->CLEL_R_X49Y117)
	INT_X40Y104->INT_X47Y111 (CLEM_X40Y104->CLEL_R_X47Y111)
	INT_X40Y103->INT_X47Y110 (CLEM_X40Y103->CLEL_R_X47Y110)
	INT_X40Y102->INT_X47Y109 (CLEM_X40Y102->CLEL_R_X47Y109)
	INT_X40Y101->INT_X47Y108 (CLEM_X40Y101->CLEL_R_X47Y108)

Phase 5 Rip-up And Reroute

Phase 5.1 Global Iteration 0
 Number of Nodes with overlaps = 33484
 Number of Nodes with overlaps = 3569
 Number of Nodes with overlaps = 684
 Number of Nodes with overlaps = 208
 Number of Nodes with overlaps = 77
 Number of Nodes with overlaps = 46
 Number of Nodes with overlaps = 28
 Number of Nodes with overlaps = 16
 Number of Nodes with overlaps = 10
 Number of Nodes with overlaps = 8
 Number of Nodes with overlaps = 8
 Number of Nodes with overlaps = 4
 Number of Nodes with overlaps = 1
 Number of Nodes with overlaps = 0
INFO: [Route 35-416] Intermediate Timing Summary | WNS=0.008  | TNS=0.000  | WHS=-0.044 | THS=-1.040 |

Phase 5.1 Global Iteration 0 | Checksum: 27c5eb6f8

Time (s): cpu = 00:05:48 ; elapsed = 00:02:10 . Memory (MB): peak = 5532.512 ; gain = 0.000

Phase 5.2 Additional Iteration for Hold
Phase 5.2 Additional Iteration for Hold | Checksum: 231e5100e

Time (s): cpu = 00:05:49 ; elapsed = 00:02:10 . Memory (MB): peak = 5532.512 ; gain = 0.000
Phase 5 Rip-up And Reroute | Checksum: 231e5100e

Time (s): cpu = 00:05:49 ; elapsed = 00:02:10 . Memory (MB): peak = 5532.512 ; gain = 0.000

Phase 6 Delay and Skew Optimization

Phase 6.1 Delay CleanUp
INFO: [Route 35-416] Intermediate Timing Summary | WNS=0.008  | TNS=0.000  | WHS=0.007  | THS=0.000  |

INFO: [Route 35-416] Intermediate Timing Summary | WNS=0.008  | TNS=0.000  | WHS=0.007  | THS=0.000  |

Phase 6.1 Delay CleanUp | Checksum: 14cd6a841

Time (s): cpu = 00:06:10 ; elapsed = 00:02:15 . Memory (MB): peak = 5532.512 ; gain = 0.000

Phase 6.2 Clock Skew Optimization
Phase 6.2 Clock Skew Optimization | Checksum: 14cd6a841

Time (s): cpu = 00:06:11 ; elapsed = 00:02:15 . Memory (MB): peak = 5532.512 ; gain = 0.000
Phase 6 Delay and Skew Optimization | Checksum: 14cd6a841

Time (s): cpu = 00:06:11 ; elapsed = 00:02:15 . Memory (MB): peak = 5532.512 ; gain = 0.000

Phase 7 Post Hold Fix

Phase 7.1 Hold Fix Iter
INFO: [Route 35-416] Intermediate Timing Summary | WNS=0.008  | TNS=0.000  | WHS=0.007  | THS=0.000  |

Phase 7.1 Hold Fix Iter | Checksum: 1cdc4192e

Time (s): cpu = 00:06:25 ; elapsed = 00:02:19 . Memory (MB): peak = 5532.512 ; gain = 0.000
Phase 7 Post Hold Fix | Checksum: 1cdc4192e

Time (s): cpu = 00:06:26 ; elapsed = 00:02:19 . Memory (MB): peak = 5532.512 ; gain = 0.000

Phase 8 Route finalize

Router Utilization Summary
  Global Vertical Routing Utilization    = 13.5803 %
  Global Horizontal Routing Utilization  = 14.0065 %
  Routable Net Status*
  *Does not include unroutable nets such as driverless and loadless.
  Run report_route_status for detailed report.
  Number of Failed Nets               = 0
    (Failed Nets is the sum of unrouted and partially routed nets)
  Number of Unrouted Nets             = 0
  Number of Partially Routed Nets     = 0
  Number of Node Overlaps             = 0

Phase 8 Route finalize | Checksum: 1cdc4192e

Time (s): cpu = 00:06:28 ; elapsed = 00:02:20 . Memory (MB): peak = 5532.512 ; gain = 0.000

Phase 9 Verifying routed nets

 Verification completed successfully
Phase 9 Verifying routed nets | Checksum: 1cdc4192e

Time (s): cpu = 00:06:28 ; elapsed = 00:02:20 . Memory (MB): peak = 5532.512 ; gain = 0.000

Phase 10 Depositing Routes
Phase 10 Depositing Routes | Checksum: 1cdc4192e

Time (s): cpu = 00:06:38 ; elapsed = 00:02:27 . Memory (MB): peak = 5532.512 ; gain = 0.000

Phase 11 Resolve XTalk
Phase 11 Resolve XTalk | Checksum: 1cdc4192e

Time (s): cpu = 00:06:39 ; elapsed = 00:02:27 . Memory (MB): peak = 5532.512 ; gain = 0.000

Phase 12 Post Process Routing
Phase 12 Post Process Routing | Checksum: 1cdc4192e

Time (s): cpu = 00:06:40 ; elapsed = 00:02:28 . Memory (MB): peak = 5532.512 ; gain = 0.000

Phase 13 Route finalize
Phase 13 Route finalize | Checksum: 1cdc4192e

Time (s): cpu = 00:06:41 ; elapsed = 00:02:28 . Memory (MB): peak = 5532.512 ; gain = 0.000

Phase 14 Post Router Timing
INFO: [Route 35-20] Post Routing Timing Summary | WNS=0.006  | TNS=0.000  | WHS=0.008  | THS=0.000  |

Phase 14 Post Router Timing | Checksum: 162d9639e

Time (s): cpu = 00:07:33 ; elapsed = 00:02:36 . Memory (MB): peak = 5532.512 ; gain = 0.000
INFO: [Route 35-61] The design met the timing requirement.
Total Elapsed time in route_design: 156.4 secs

Phase 15 Post-Route Event Processing
Phase 15 Post-Route Event Processing | Checksum: 227c82e41

Time (s): cpu = 00:07:34 ; elapsed = 00:02:37 . Memory (MB): peak = 5532.512 ; gain = 0.000
INFO: [Route 35-16] Router Completed Successfully
Ending Routing Task | Checksum: 227c82e41

Time (s): cpu = 00:07:35 ; elapsed = 00:02:37 . Memory (MB): peak = 5532.512 ; gain = 0.000

Routing Is Done.
INFO: [Common 17-83] Releasing license: Implementation
146 Infos, 11 Warnings, 1 Critical Warnings and 0 Errors encountered.
route_design completed successfully
route_design: Time (s): cpu = 00:07:36 ; elapsed = 00:02:38 . Memory (MB): peak = 5532.512 ; gain = 0.000
INFO: [Vivado 12-24828] Executing command : report_drc -file wrapper_p4_drc_routed.rpt -pb wrapper_p4_drc_routed.pb -rpx wrapper_p4_drc_routed.rpx
Command: report_drc -file wrapper_p4_drc_routed.rpt -pb wrapper_p4_drc_routed.pb -rpx wrapper_p4_drc_routed.rpx
INFO: [IP_Flow 19-1839] IP Catalog is up to date.
INFO: [DRC 23-27] Running DRC with 8 threads
INFO: [Vivado_Tcl 2-168] The results of DRC are in file D:/repo/XCKU5PMini/udp_hls_10g/vivado_prj/p7b_ku5p_prj.runs/impl_1/wrapper_p4_drc_routed.rpt.
report_drc completed successfully
INFO: [Vivado 12-24828] Executing command : report_methodology -file wrapper_p4_methodology_drc_routed.rpt -pb wrapper_p4_methodology_drc_routed.pb -rpx wrapper_p4_methodology_drc_routed.rpx
Command: report_methodology -file wrapper_p4_methodology_drc_routed.rpt -pb wrapper_p4_methodology_drc_routed.pb -rpx wrapper_p4_methodology_drc_routed.rpx
INFO: [Timing 38-35] Done setting XDC timing constraints.
INFO: [DRC 23-133] Running Methodology with 8 threads
INFO: [Vivado_Tcl 2-1520] The results of Report Methodology are in file D:/repo/XCKU5PMini/udp_hls_10g/vivado_prj/p7b_ku5p_prj.runs/impl_1/wrapper_p4_methodology_drc_routed.rpt.
report_methodology completed successfully
report_drc: Time (s): cpu = 00:00:35 ; elapsed = 00:00:08 . Memory (MB): peak = 5532.512 ; gain = 0.000
INFO: [Vivado 12-24828] Executing command : report_timing_summary -max_paths 10 -routable_nets -report_unconstrained -file wrapper_p4_timing_summary_routed.rpt -pb wrapper_p4_timing_summary_routed.pb -rpx wrapper_p4_timing_summary_routed.rpx -warn_on_violation 
INFO: [Timing 38-35] Done setting XDC timing constraints.
INFO: [Timing 38-91] UpdateTimingParams: Speed grade: -1, Temperature grade: E, Delay Type: min_max.
INFO: [Timing 38-191] Multithreading enabled for timing update using a maximum of 8 CPUs
report_timing_summary: Time (s): cpu = 00:00:20 ; elapsed = 00:00:08 . Memory (MB): peak = 5532.512 ; gain = 0.000
INFO: [Vivado 12-24838] Running report commands "report_incremental_reuse, report_route_status" in parallel.
Running report generation with 2 threads.
INFO: [Vivado 12-24828] Executing command : report_incremental_reuse -file wrapper_p4_incremental_reuse_routed.rpt
INFO: [Vivado_Tcl 4-1062] Incremental flow is disabled. No incremental reuse Info to report.
INFO: [Vivado 12-24828] Executing command : report_route_status -file wrapper_p4_route_status.rpt -pb wrapper_p4_route_status.pb
INFO: [Vivado 12-24828] Executing command : report_power -file wrapper_p4_power_routed.rpt -pb wrapper_p4_power_summary_routed.pb -rpx wrapper_p4_power_routed.rpx
Command: report_power -file wrapper_p4_power_routed.rpt -pb wrapper_p4_power_summary_routed.pb -rpx wrapper_p4_power_routed.rpx
Running Vector-less Activity Propagation...

Finished Running Vector-less Activity Propagation
WARNING: [Power 33-332] Found switching activity that implies high-fanout reset nets being asserted for excessive periods of time which may result in inaccurate power analysis.
Resolution: To review and fix problems, please run Power Constraints Advisor in the GUI from Tools > Power Constraints Advisor or run report_power with the -advisory option to generate a text report.
163 Infos, 12 Warnings, 1 Critical Warnings and 0 Errors encountered.
report_power completed successfully
report_power: Time (s): cpu = 00:00:34 ; elapsed = 00:00:19 . Memory (MB): peak = 5532.512 ; gain = 0.000
INFO: [Vivado 12-24828] Executing command : report_clock_utilization -file wrapper_p4_clock_utilization_routed.rpt
INFO: [Vivado 12-24828] Executing command : report_bus_skew -warn_on_violation -file wrapper_p4_bus_skew_routed.rpt -pb wrapper_p4_bus_skew_routed.pb -rpx wrapper_p4_bus_skew_routed.rpx
INFO: [Timing 38-91] UpdateTimingParams: Speed grade: -1, Temperature grade: E, Delay Type: min_max.
INFO: [Timing 38-191] Multithreading enabled for timing update using a maximum of 8 CPUs
generate_parallel_reports: Time (s): cpu = 00:01:49 ; elapsed = 00:00:44 . Memory (MB): peak = 5532.512 ; gain = 0.000
INFO: [Timing 38-480] Writing timing data to binary archive.
Write ShapeDB Complete: Time (s): cpu = 00:00:01 ; elapsed = 00:00:00.180 . Memory (MB): peak = 5532.512 ; gain = 0.000
Wrote PlaceDB: Time (s): cpu = 00:00:10 ; elapsed = 00:00:04 . Memory (MB): peak = 5532.512 ; gain = 0.000
Wrote PulsedLatchDB: Time (s): cpu = 00:00:00 ; elapsed = 00:00:00 . Memory (MB): peak = 5532.512 ; gain = 0.000
Writing XDEF routing.
Writing XDEF routing logical nets.
Writing XDEF routing special nets.
Wrote RouteStorage: Time (s): cpu = 00:00:03 ; elapsed = 00:00:00.853 . Memory (MB): peak = 5532.512 ; gain = 0.000
Wrote Netlist Cache: Time (s): cpu = 00:00:00 ; elapsed = 00:00:00.127 . Memory (MB): peak = 5532.512 ; gain = 0.000
Wrote Device Cache: Time (s): cpu = 00:00:00 ; elapsed = 00:00:00.017 . Memory (MB): peak = 5532.512 ; gain = 0.000
Write Physdb Complete: Time (s): cpu = 00:00:13 ; elapsed = 00:00:05 . Memory (MB): peak = 5532.512 ; gain = 0.000
INFO: [Common 17-1381] The checkpoint 'D:/repo/XCKU5PMini/udp_hls_10g/vivado_prj/p7b_ku5p_prj.runs/impl_1/wrapper_p4_routed.dcp' has been generated.
write_checkpoint: Time (s): cpu = 00:00:15 ; elapsed = 00:00:08 . Memory (MB): peak = 5532.512 ; gain = 0.000
INFO: [Memdata 28-208] The XPM instance: <u_pcie_xdma/inst/ram_top/mas_bridge_ram_write_512.MASTER_WRITE_FIFO/xpm_memory_sdpram_inst_loop[0].xpm_memory_sdpram_inst/xpm_memory_base_inst> is part of IP: <u_pcie_xdma>. This XPM instance will be excluded from the .mmi because updatemem is prohibited from making changes to an XPM that is part of an IP.
INFO: [Memdata 28-208] The XPM instance: <u_pcie_xdma/inst/ram_top/gen_c2h_bram.C2H_DAT0_FIFO/xpm_memory_sdpram_inst_loop[1].xpm_memory_sdpram_inst/xpm_memory_base_inst> is part of IP: <u_pcie_xdma>. This XPM instance will be excluded from the .mmi because updatemem is prohibited from making changes to an XPM that is part of an IP.
INFO: [Memdata 28-208] The XPM instance: <u_pcie_xdma/inst/ram_top/gen_c2h_bram.C2H_DAT0_FIFO/xpm_memory_sdpram_inst_loop[0].xpm_memory_sdpram_inst/xpm_memory_base_inst> is part of IP: <u_pcie_xdma>. This XPM instance will be excluded from the .mmi because updatemem is prohibited from making changes to an XPM that is part of an IP.
INFO: [Memdata 28-208] The XPM instance: <u_pcie_xdma/inst/ram_top/MASTER_READ_BRAM/xpm_memory_sdpram_inst_loop[0].xpm_memory_sdpram_inst/xpm_memory_base_inst> is part of IP: <u_pcie_xdma>. This XPM instance will be excluded from the .mmi because updatemem is prohibited from making changes to an XPM that is part of an IP.
Command: write_bitstream -force wrapper_p4.bit
Attempting to get a license for feature 'Implementation' and/or device 'xcku5p'
INFO: [Common 17-349] Got license for feature 'Implementation' and/or device 'xcku5p'
CRITICAL WARNING: [Vivado 12-1790] Evaluation License Warning: This design contains one or more IP cores that use separately licensed features. If the design has been configured to make use of evaluation features, please note that these features will cease to function after a certain period of time. Please consult the core datasheet to determine whether the core which you have configured will be affected. Evaluation features should NOT be used in production systems.

Evaluation cores found in this design:
    IP core 'pcs64' (xxv_ethernet_v5_0_2) was generated with multiple features:
        IP feature 'xxv_eth_basekr@2025.05' was enabled using a design_linking license.
        IP feature 'xxv_eth_mac_pcs@2025.05' was enabled using a design_linking license.
        IP feature 'xxv_tsn_802d1cm@2025.05' was enabled using a design_linking license.

Resolution: If a new IP Core license was added, in order for the new license to be picked up, the current netlist needs to be updated by resetting and re-generating the IP output products before bitstream generation.
Running DRC as a precondition to command write_bitstream
INFO: [IP_Flow 19-1839] IP Catalog is up to date.
INFO: [DRC 23-27] Running DRC with 8 threads
INFO: [Vivado 12-3199] DRC finished with 0 Errors
INFO: [Vivado 12-3200] Please refer to the DRC report (report_drc) for more information.
Integrating Hard IP ELF/MEM with the PDI.
INFO: [Designutils 20-2272] Running write_bitstream with 8 threads.
Loading data files...
Loading site data...
Loading route data...
Processing options...
Creating bitmap...
Creating bitstream...
Writing bitstream ./wrapper_p4.bit...
INFO: [Vivado 12-1842] Bitgen Completed Successfully.
INFO: [Common 17-83] Releasing license: Implementation
181 Infos, 12 Warnings, 2 Critical Warnings and 0 Errors encountered.
write_bitstream completed successfully
write_bitstream: Time (s): cpu = 00:01:10 ; elapsed = 00:00:22 . Memory (MB): peak = 5532.512 ; gain = 0.000
INFO: [Common 17-206] Exiting Vivado at Wed Oct  7 13:23:32 2026...
