Vivado Simulator v2025.2
Copyright 1986-2022 Xilinx, Inc. All Rights Reserved.
Copyright 2022-2025 Advanced Micro Devices, Inc. All Rights Reserved.
Running: C:/AMDDesignTools/2025.2/Vivado/bin/unwrapped/win64.o/xelab.exe -debug typical xil_defaultlib.tb_tcp_tx_ovl -s txovl -log xe.log 
Multi-threading is on. Using 18 slave threads.
Starting static elaboration
Pass Through NonSizing Optimizer
WARNING: [VRFC 10-3645] port 'dbg_wptr' remains unconnected for this instance [D:/repo/XCKU5PMini/udp_hls_10g/rtl/tcp_tx_frame.v:973]
Completed static elaboration
Starting simulation data flow analysis
Completed simulation data flow analysis
Time Resolution for simulation is 1ps
Compiling module xil_defaultlib.tcb
Compiling module xil_defaultlib.fifo_sync(W=73,D=256,AW=8)
Compiling module xil_defaultlib.retx_ram
Compiling module xil_defaultlib.checksum16
Compiling module xil_defaultlib.fifo_sync(W=39,D=32,AW=5)
Compiling module xil_defaultlib.tcp_tx_frame(RTO_LIM=8,PERSIST_E...
Compiling module xil_defaultlib.tb_tcp_tx_ovl
Built simulation snapshot txovl
