#-----------------------------------------------------------
# xsim v2025.2 (64-bit)
# SW Build 6299465 on Fri Nov 14 19:35:11 GMT 2025
# IP Build 6300035 on Fri Nov 14 10:48:45 MST 2025
# SharedData Build 6298862 on Thu Nov 13 04:50:51 MST 2025
# Start of session at: Tue Sep 29 11:25:43 2026
# Process ID         : 14452
# Current directory  : D:/repo/XCKU5PMini/udp_hls_10g/audit_scratch/t9_f3restart/case_new
# Command line       : xsim.exe -log xsim_new.log -mode tcl -source {xsim.dir/tb_f3_restart/xsim_script.tcl}
# Log file           : D:/repo/XCKU5PMini/udp_hls_10g/audit_scratch/t9_f3restart/case_new/xsim_new.log
# Journal file       : D:/repo/XCKU5PMini/udp_hls_10g/audit_scratch/t9_f3restart/case_new\xsim.jou
# Running On         : xyz-intel
# Platform           : Windows Server 2016 or Windows 10
# Operating System   : 26200
# Processor Detail   : Intel(R) Core(TM) Ultra 7 265K
# CPU Frequency      : 3878 MHz
# CPU Physical cores : 20
# CPU Logical cores  : 20
# Host memory        : 68053 MB
# Swap memory        : 4294 MB
# Total Virtual      : 72348 MB
# Available Virtual  : 49634 MB
#-----------------------------------------------------------
source xsim.dir/tb_f3_restart/xsim_script.tcl
# xsim {tb_f3_restart} -autoloadwcfg -runall
Time resolution is 1 ps
run -all
TB-STIM frames=12 bytes=1200 stopIdx=340
F3 STOP at si=340 (frame K=3 mid-content); dp side now restarts
F3 RELOCK: fe_acc=96 dut_acc=96 (窗口内静默丢 0)
F3 DELIV[0] len=64 WHOLE 帧0 crs=1 tuser=0
F3 DELIV[1] len=64 WHOLE 帧1 crs=1 tuser=0
F3 DELIV[2] len=64 WHOLE 帧2 crs=1 tuser=0
F3 DELIV[3] len=64 WHOLE 帧3 crs=1 tuser=0
F3 DELIV[4] len=64 WHOLE 帧4 crs=1 tuser=0
F3 DELIV[5] len=64 WHOLE 帧5 crs=1 tuser=0
F3 DELIV[6] len=64 WHOLE 帧6 crs=1 tuser=0
F3 DELIV[7] len=64 WHOLE 帧7 crs=1 tuser=0
F3 DELIV[8] len=64 WHOLE 帧8 crs=1 tuser=0
F3 DELIV[9] len=64 WHOLE 帧9 crs=1 tuser=0
F3 DELIV[10] len=64 WHOLE 帧10 crs=1 tuser=0
F3 DELIV[11] len=64 WHOLE 帧11 crs=1 tuser=0
F3 SUMMARY ndel=12 whole=12 frag=0 stale_frag=0 trunc_with_crs=0 unrec=0
F3 SUMMARY fe_acc=96 dut_acc=96 silent_drop=0 mac_frames=12 mac_drop=0 ovf=0
F3 VERDICT stale_frag=0 silent_drop=0
$finish called at time : 46916 ns : File "D:/repo/XCKU5PMini/udp_hls_10g/audit_scratch/t9_f3restart/tb_f3_restart.v" Line 292
exit
INFO: [Common 17-206] Exiting xsim at Tue Sep 29 11:25:45 2026...
