#-----------------------------------------------------------
# xsim v2025.2 (64-bit)
# SW Build 6299465 on Fri Nov 14 19:35:11 GMT 2025
# IP Build 6300035 on Fri Nov 14 10:48:45 MST 2025
# SharedData Build 6298862 on Thu Nov 13 04:50:51 MST 2025
# Start of session at: Tue Sep 29 22:20:57 2026
# Process ID         : 7060
# Current directory  : D:/repo/XCKU5PMini/udp_hls_10g/audit_scratch/t1_bits/case_pos
# Command line       : xsim.exe -log xsim_pos.log -mode tcl -source {xsim.dir/tb_cdc_bits/xsim_script.tcl}
# Log file           : D:/repo/XCKU5PMini/udp_hls_10g/audit_scratch/t1_bits/case_pos/xsim_pos.log
# Journal file       : D:/repo/XCKU5PMini/udp_hls_10g/audit_scratch/t1_bits/case_pos\xsim.jou
# Running On         : xyz-intel
# Platform           : Windows Server 2016 or Windows 10
# Operating System   : 26200
# Processor Detail   : Intel(R) Core(TM) Ultra 7 265K
# CPU Frequency      : 3878 MHz
# CPU Physical cores : 20
# CPU Logical cores  : 20
# Host memory        : 68053 MB
# Swap memory        : 4294 MB
# Total Virtual      : 72348 MB
# Available Virtual  : 44313 MB
#-----------------------------------------------------------
source xsim.dir/tb_cdc_bits/xsim_script.tcl
# xsim {tb_cdc_bits} -autoloadwcfg -runall
Time resolution is 1 ps
run -all
SPAN73 RESULT W=73 FWW=73 NPAT=308 words=308 bad_raw=0 bad_map=0 checks=308 acc=308 refw=1969 pop=308 rcv=308
SPAN76 RESULT W=76 FWW=76 NPAT=320 words=320 bad_raw=0 bad_map=0 checks=320 acc=320 refw=2024 pop=320 rcv=320
CDC_SPAN_TOTAL W76 words=320 bad_raw=0 bad_map=0 checks=320 acc=320 refw=2024 pop=320 | W73 words=308 bad_raw=0 bad_map=0 checks=308 acc=308 refw=1969 pop=308
CDC_BITS: PASS_ALL
$finish called at time : 33040 ns : File "D:/repo/XCKU5PMini/udp_hls_10g/audit_scratch/t1_bits/tb_cdc_bits.v" Line 261
exit
INFO: [Common 17-206] Exiting xsim at Tue Sep 29 22:20:59 2026...
