#-----------------------------------------------------------
# xsim v2025.2 (64-bit)
# SW Build 6299465 on Fri Nov 14 19:35:11 GMT 2025
# IP Build 6300035 on Fri Nov 14 10:48:45 MST 2025
# SharedData Build 6298862 on Thu Nov 13 04:50:51 MST 2025
# Start of session at: Tue Sep 29 11:02:10 2026
# Process ID         : 26908
# Current directory  : D:/repo/XCKU5PMini/udp_hls_10g/audit_scratch/t4_misc/crc
# Command line       : xsim.exe -log xs.log -mode tcl -source {xsim.dir/p/xsim_script.tcl}
# Log file           : D:/repo/XCKU5PMini/udp_hls_10g/audit_scratch/t4_misc/crc/xs.log
# Journal file       : D:/repo/XCKU5PMini/udp_hls_10g/audit_scratch/t4_misc/crc\xsim.jou
# Running On         : xyz-intel
# Platform           : Windows Server 2016 or Windows 10
# Operating System   : 26200
# Processor Detail   : Intel(R) Core(TM) Ultra 7 265K
# CPU Frequency      : 3878 MHz
# CPU Physical cores : 20
# CPU Logical cores  : 20
# Host memory        : 68053 MB
# Swap memory        : 4294 MB
# Total Virtual      : 72348 MB
# Available Virtual  : 49780 MB
#-----------------------------------------------------------
source xsim.dir/p/xsim_script.tcl
# xsim {p} -autoloadwcfg -runall
Time resolution is 1 ps
run -all
A raw(123456789)=340bc6d9  zlib=cbf43926 (exp CBF43926)
B fcs bytes = 26 39 f4 cb
C residue=d1895a48 (exp DEBB20E3)
$finish called at time : 0 fs : File "D:/repo/XCKU5PMini/udp_hls_10g/audit_scratch/t4_misc/crc/tb_crc_probe.v" Line 27
exit
INFO: [Common 17-206] Exiting xsim at Tue Sep 29 11:02:12 2026...
