#-----------------------------------------------------------
# xsim v2025.2 (64-bit)
# SW Build 6299465 on Fri Nov 14 19:35:11 GMT 2025
# IP Build 6300035 on Fri Nov 14 10:48:45 MST 2025
# SharedData Build 6298862 on Thu Nov 13 04:50:51 MST 2025
# Start of session at: Tue Sep 29 11:02:51 2026
# Process ID         : 21532
# Current directory  : D:/repo/XCKU5PMini/udp_hls_10g/audit_scratch/t4_misc/crc
# Command line       : xsim.exe -log xs3.log -mode tcl -source {xsim.dir/p3/xsim_script.tcl}
# Log file           : D:/repo/XCKU5PMini/udp_hls_10g/audit_scratch/t4_misc/crc/xs3.log
# Journal file       : D:/repo/XCKU5PMini/udp_hls_10g/audit_scratch/t4_misc/crc\xsim.jou
# Running On         : xyz-intel
# Platform           : Windows Server 2016 or Windows 10
# Operating System   : 26200
# Processor Detail   : Intel(R) Core(TM) Ultra 7 265K
# CPU Frequency      : 3878 MHz
# CPU Physical cores : 20
# CPU Logical cores  : 20
# Host memory        : 68053 MB
# Swap memory        : 4294 MB
# Total Virtual      : 72348 MB
# Available Virtual  : 49793 MB
#-----------------------------------------------------------
source xsim.dir/p3/xsim_script.tcl
# xsim {p3} -autoloadwcfg -runall
Time resolution is 1 ps
run -all
STEP k=0 byte=00 raw=2dfd1072
STEP k=1 byte=0d raw=c09791bd
STEP k=2 byte=1a raw=4872a1da
STEP k=3 byte=27 raw=c344fc00
RAW60=13e17ecb
FCS=34 81 1e ec
FCSSTEP k=0 byte=34 raw=00ec1e81
FCSSTEP k=1 byte=81 raw=0000ec1e
FCSSTEP k=2 byte=1e raw=000000ec
FCSSTEP k=3 byte=ec raw=00000000
RESIDUE=00000000
$finish called at time : 0 fs : File "D:/repo/XCKU5PMini/udp_hls_10g/audit_scratch/t4_misc/crc/tb_crc_probe3.v" Line 34
exit
INFO: [Common 17-206] Exiting xsim at Tue Sep 29 11:02:53 2026...
