SNAP_T 1791652502.332579105
SNAP_BEGIN S0B gen=272
W5   0x34   gmii_free_FE           0x91a3464f
W20  0x70   mac_tx_frames          0x00064cf7
W43  0xCC   mtx_stat_tx_words      0x91935200
W51  0xEC   app_tx_bytes           0x23c5ed38
W14  0x58   tx_stat_frames_TCP     0x00064cc5
W15  0x5C   tx_stat_bytes_TCP      0x23edc81c
W55  0xFC   tx_stat_retx           0x000000a7
W57  0x104  tx_retx_hi             0x1234eac1
W58  0x108  tx_retx_active         0x00000000
SNAP_END S0B nff=0
SNAP_T 1791652502.534769648
SNAP_BEGIN S0B gen=273
W5   0x34   gmii_free_FE           0x937fbe88
W20  0x70   mac_tx_frames          0x00064dd5
W43  0xCC   mtx_stat_tx_words      0x936fc908
W51  0xEC   app_tx_bytes           0x23c68ce8
W14  0x58   tx_stat_frames_TCP     0x00064da2
W15  0x5C   tx_stat_bytes_TCP      0x23f2aecc
W55  0xFC   tx_stat_retx           0x000000ba
W57  0x104  tx_retx_hi             0x1234f629
W58  0x108  tx_retx_active         0x00000000
SNAP_END S0B nff=0
SNAP_T 1791652502.730633470
SNAP_BEGIN S0B gen=274
W5   0x34   gmii_free_FE           0x9552846a
W20  0x70   mac_tx_frames          0x00064de7
W43  0xCC   mtx_stat_tx_words      0x95428dbe
W51  0xEC   app_tx_bytes           0x23c68ce8
W14  0x58   tx_stat_frames_TCP     0x00064db4
W15  0x5C   tx_stat_bytes_TCP      0x23f31574
W55  0xFC   tx_stat_retx           0x000000bd
W57  0x104  tx_retx_hi             0x1234f629
W58  0x108  tx_retx_active         0x00000000
SNAP_END S0B nff=0
SNAP_T 1791652502.928434061
SNAP_BEGIN S0B gen=275
W5   0x34   gmii_free_FE           0x972a68b3
W20  0x70   mac_tx_frames          0x00064de7
W43  0xCC   mtx_stat_tx_words      0x971a70d8
W51  0xEC   app_tx_bytes           0x23c68ce8
W14  0x58   tx_stat_frames_TCP     0x00064db4
W15  0x5C   tx_stat_bytes_TCP      0x23f31574
W55  0xFC   tx_stat_retx           0x000000bd
W57  0x104  tx_retx_hi             0x1234f629
W58  0x108  tx_retx_active         0x00000000
SNAP_END S0B nff=0
SNAP_T 1791652503.124459846
SNAP_BEGIN S0B gen=276
W5   0x34   gmii_free_FE           0x98fd969a
W20  0x70   mac_tx_frames          0x00064de7
W43  0xCC   mtx_stat_tx_words      0x98ed9d93
W51  0xEC   app_tx_bytes           0x23c68ce8
W14  0x58   tx_stat_frames_TCP     0x00064db4
W15  0x5C   tx_stat_bytes_TCP      0x23f31574
W55  0xFC   tx_stat_retx           0x000000bd
W57  0x104  tx_retx_hi             0x1234f629
W58  0x108  tx_retx_active         0x00000000
SNAP_END S0B nff=0
SNAP_T 1791652503.321326075
SNAP_BEGIN S0B gen=277
W5   0x34   gmii_free_FE           0x9ad2dfef
W20  0x70   mac_tx_frames          0x00064de7
W43  0xCC   mtx_stat_tx_words      0x9ac2e5bb
W51  0xEC   app_tx_bytes           0x23c68ce8
W14  0x58   tx_stat_frames_TCP     0x00064db4
W15  0x5C   tx_stat_bytes_TCP      0x23f31574
W55  0xFC   tx_stat_retx           0x000000bd
W57  0x104  tx_retx_hi             0x1234f629
W58  0x108  tx_retx_active         0x00000000
SNAP_END S0B nff=0
SNAP_T 1791652503.517138637
SNAP_BEGIN S0B gen=278
W5   0x34   gmii_free_FE           0x9ca5b453
W20  0x70   mac_tx_frames          0x00064de7
W43  0xCC   mtx_stat_tx_words      0x9c95b8f3
W51  0xEC   app_tx_bytes           0x23c68ce8
W14  0x58   tx_stat_frames_TCP     0x00064db4
W15  0x5C   tx_stat_bytes_TCP      0x23f31574
W55  0xFC   tx_stat_retx           0x000000bd
W57  0x104  tx_retx_hi             0x1234f629
W58  0x108  tx_retx_active         0x00000000
SNAP_END S0B nff=0
SNAP_T 1791652503.713243026
SNAP_BEGIN S0B gen=279
W5   0x34   gmii_free_FE           0x9e794977
W20  0x70   mac_tx_frames          0x00064de7
W43  0xCC   mtx_stat_tx_words      0x9e694ceb
W51  0xEC   app_tx_bytes           0x23c68ce8
W14  0x58   tx_stat_frames_TCP     0x00064db4
W15  0x5C   tx_stat_bytes_TCP      0x23f31574
W55  0xFC   tx_stat_retx           0x000000bd
W57  0x104  tx_retx_hi             0x1234f629
W58  0x108  tx_retx_active         0x00000000
SNAP_END S0B nff=0
SNAP_T 1791652503.909177819
SNAP_BEGIN S0B gen=280
W5   0x34   gmii_free_FE           0xa04c74fb
W20  0x70   mac_tx_frames          0x00064de7
W43  0xCC   mtx_stat_tx_words      0xa03c7743
W51  0xEC   app_tx_bytes           0x23c68ce8
W14  0x58   tx_stat_frames_TCP     0x00064db4
W15  0x5C   tx_stat_bytes_TCP      0x23f31574
W55  0xFC   tx_stat_retx           0x000000bd
W57  0x104  tx_retx_hi             0x1234f629
W58  0x108  tx_retx_active         0x00000000
SNAP_END S0B nff=0
SNAP_T 1791652504.105234758
SNAP_BEGIN S0B gen=281
W5   0x34   gmii_free_FE           0xa2212b8d
W20  0x70   mac_tx_frames          0x00064de7
W43  0xCC   mtx_stat_tx_words      0xa2112ca9
W51  0xEC   app_tx_bytes           0x23c68ce8
W14  0x58   tx_stat_frames_TCP     0x00064db4
W15  0x5C   tx_stat_bytes_TCP      0x23f31574
W55  0xFC   tx_stat_retx           0x000000bd
W57  0x104  tx_retx_hi             0x1234f629
W58  0x108  tx_retx_active         0x00000000
SNAP_END S0B nff=0
SNAP_T 1791652504.301531268
SNAP_BEGIN S0B gen=282
W5   0x34   gmii_free_FE           0xa3f3bad1
W20  0x70   mac_tx_frames          0x00064de7
W43  0xCC   mtx_stat_tx_words      0xa3e3bac1
W51  0xEC   app_tx_bytes           0x23c68ce8
W14  0x58   tx_stat_frames_TCP     0x00064db4
W15  0x5C   tx_stat_bytes_TCP      0x23f31574
W55  0xFC   tx_stat_retx           0x000000bd
W57  0x104  tx_retx_hi             0x1234f629
W58  0x108  tx_retx_active         0x00000000
SNAP_END S0B nff=0
SNAP_T 1791652504.501320925
SNAP_BEGIN S0B gen=283
W5   0x34   gmii_free_FE           0xa5d0517a
W20  0x70   mac_tx_frames          0x00064de7
W43  0xCC   mtx_stat_tx_words      0xa5c05038
W51  0xEC   app_tx_bytes           0x23c68ce8
W14  0x58   tx_stat_frames_TCP     0x00064db4
W15  0x5C   tx_stat_bytes_TCP      0x23f31574
W55  0xFC   tx_stat_retx           0x000000bd
W57  0x104  tx_retx_hi             0x1234f629
W58  0x108  tx_retx_active         0x00000000
SNAP_END S0B nff=0
SNAP_T 1791652504.698595569
SNAP_BEGIN S0B gen=284
W5   0x34   gmii_free_FE           0xa7a65ea2
W20  0x70   mac_tx_frames          0x00064de7
W43  0xCC   mtx_stat_tx_words      0xa7965c32
W51  0xEC   app_tx_bytes           0x23c68ce8
W14  0x58   tx_stat_frames_TCP     0x00064db4
W15  0x5C   tx_stat_bytes_TCP      0x23f31574
W55  0xFC   tx_stat_retx           0x000000bd
W57  0x104  tx_retx_hi             0x1234f629
W58  0x108  tx_retx_active         0x00000000
SNAP_END S0B nff=0
SNAP_T 1791652504.894189707
SNAP_BEGIN S0B gen=285
W5   0x34   gmii_free_FE           0xa9790611
W20  0x70   mac_tx_frames          0x00064de7
W43  0xCC   mtx_stat_tx_words      0xa9690276
W51  0xEC   app_tx_bytes           0x23c68ce8
W14  0x58   tx_stat_frames_TCP     0x00064db4
W15  0x5C   tx_stat_bytes_TCP      0x23f31574
W55  0xFC   tx_stat_retx           0x000000bd
W57  0x104  tx_retx_hi             0x1234f629
W58  0x108  tx_retx_active         0x00000000
SNAP_END S0B nff=0
SNAP_T 1791652505.090007391
SNAP_BEGIN S0B gen=286
W5   0x34   gmii_free_FE           0xab4bd134
W20  0x70   mac_tx_frames          0x00064de7
W43  0xCC   mtx_stat_tx_words      0xab3bcc6e
W51  0xEC   app_tx_bytes           0x23c68ce8
W14  0x58   tx_stat_frames_TCP     0x00064db4
W15  0x5C   tx_stat_bytes_TCP      0x23f31574
W55  0xFC   tx_stat_retx           0x000000bd
W57  0x104  tx_retx_hi             0x1234f629
W58  0x108  tx_retx_active         0x00000000
SNAP_END S0B nff=0
SNAP_T 1791652505.287492715
SNAP_BEGIN S0B gen=287
W5   0x34   gmii_free_FE           0xad22c7a4
W20  0x70   mac_tx_frames          0x00064de7
W43  0xCC   mtx_stat_tx_words      0xad12c1af
W51  0xEC   app_tx_bytes           0x23c68ce8
W14  0x58   tx_stat_frames_TCP     0x00064db4
W15  0x5C   tx_stat_bytes_TCP      0x23f31574
W55  0xFC   tx_stat_retx           0x000000bd
W57  0x104  tx_retx_hi             0x1234f629
W58  0x108  tx_retx_active         0x00000000
SNAP_END S0B nff=0
SNAP_T 1791652505.483311880
SNAP_BEGIN S0B gen=288
W5   0x34   gmii_free_FE           0xaef584b4
W20  0x70   mac_tx_frames          0x00064de7
W43  0xCC   mtx_stat_tx_words      0xaee57d94
W51  0xEC   app_tx_bytes           0x23c68ce8
W14  0x58   tx_stat_frames_TCP     0x00064db4
W15  0x5C   tx_stat_bytes_TCP      0x23f31574
W55  0xFC   tx_stat_retx           0x000000bd
W57  0x104  tx_retx_hi             0x1234f629
W58  0x108  tx_retx_active         0x00000000
SNAP_END S0B nff=0
SNAP_T 1791652505.680369726
SNAP_BEGIN S0B gen=289
W5   0x34   gmii_free_FE           0xb0cb6bcb
W20  0x70   mac_tx_frames          0x00064de7
W43  0xCC   mtx_stat_tx_words      0xb0bb637e
W51  0xEC   app_tx_bytes           0x23c68ce8
W14  0x58   tx_stat_frames_TCP     0x00064db4
W15  0x5C   tx_stat_bytes_TCP      0x23f31574
W55  0xFC   tx_stat_retx           0x000000bd
W57  0x104  tx_retx_hi             0x1234f629
W58  0x108  tx_retx_active         0x00000000
SNAP_END S0B nff=0
SNAP_T 1791652505.876513920
SNAP_BEGIN S0B gen=290
W5   0x34   gmii_free_FE           0xb2a0369d
W20  0x70   mac_tx_frames          0x00064de7
W43  0xCC   mtx_stat_tx_words      0xb2902d22
W51  0xEC   app_tx_bytes           0x23c68ce8
W14  0x58   tx_stat_frames_TCP     0x00064db4
W15  0x5C   tx_stat_bytes_TCP      0x23f31574
W55  0xFC   tx_stat_retx           0x000000bd
W57  0x104  tx_retx_hi             0x1234f629
W58  0x108  tx_retx_active         0x00000000
SNAP_END S0B nff=0
SNAP_T 1791652506.072718078
SNAP_BEGIN S0B gen=291
W5   0x34   gmii_free_FE           0xb472bc64
W20  0x70   mac_tx_frames          0x00064de7
W43  0xCC   mtx_stat_tx_words      0xb462b1be
W51  0xEC   app_tx_bytes           0x23c68ce8
W14  0x58   tx_stat_frames_TCP     0x00064db4
W15  0x5C   tx_stat_bytes_TCP      0x23f31574
W55  0xFC   tx_stat_retx           0x000000bd
W57  0x104  tx_retx_hi             0x1234f629
W58  0x108  tx_retx_active         0x00000000
SNAP_END S0B nff=0
SNAP_T 1791652506.268435584
SNAP_BEGIN S0B gen=292
W5   0x34   gmii_free_FE           0xb6454b70
W20  0x70   mac_tx_frames          0x00064de7
W43  0xCC   mtx_stat_tx_words      0xb6353f9f
W51  0xEC   app_tx_bytes           0x23c68ce8
W14  0x58   tx_stat_frames_TCP     0x00064db4
W15  0x5C   tx_stat_bytes_TCP      0x23f31574
W55  0xFC   tx_stat_retx           0x000000bd
W57  0x104  tx_retx_hi             0x1234f629
W58  0x108  tx_retx_active         0x00000000
SNAP_END S0B nff=0
SNAP_T 1791652506.464584913
SNAP_BEGIN S0B gen=293
W5   0x34   gmii_free_FE           0xb819181d
W20  0x70   mac_tx_frames          0x00064de7
W43  0xCC   mtx_stat_tx_words      0xb8090b1f
W51  0xEC   app_tx_bytes           0x23c68ce8
W14  0x58   tx_stat_frames_TCP     0x00064db4
W15  0x5C   tx_stat_bytes_TCP      0x23f31574
W55  0xFC   tx_stat_retx           0x000000bd
W57  0x104  tx_retx_hi             0x1234f629
W58  0x108  tx_retx_active         0x00000000
SNAP_END S0B nff=0
SNAP_T 1791652506.660254167
SNAP_BEGIN S0B gen=294
W5   0x34   gmii_free_FE           0xb9ebc7ac
W20  0x70   mac_tx_frames          0x00064de7
W43  0xCC   mtx_stat_tx_words      0xb9dbb983
W51  0xEC   app_tx_bytes           0x23c68ce8
W14  0x58   tx_stat_frames_TCP     0x00064db4
W15  0x5C   tx_stat_bytes_TCP      0x23f31574
W55  0xFC   tx_stat_retx           0x000000bd
W57  0x104  tx_retx_hi             0x1234f629
W58  0x108  tx_retx_active         0x00000000
SNAP_END S0B nff=0
SNAP_T 1791652506.856284280
SNAP_BEGIN S0B gen=295
W5   0x34   gmii_free_FE           0xbbbee873
W20  0x70   mac_tx_frames          0x00064de7
W43  0xCC   mtx_stat_tx_words      0xbbaed91e
W51  0xEC   app_tx_bytes           0x23c68ce8
W14  0x58   tx_stat_frames_TCP     0x00064db4
W15  0x5C   tx_stat_bytes_TCP      0x23f31574
W55  0xFC   tx_stat_retx           0x000000bd
W57  0x104  tx_retx_hi             0x1234f629
W58  0x108  tx_retx_active         0x00000000
SNAP_END S0B nff=0
SNAP_T 1791652507.052195140
SNAP_BEGIN S0B gen=296
W5   0x34   gmii_free_FE           0xbd9233b0
W20  0x70   mac_tx_frames          0x00064de7
W43  0xCC   mtx_stat_tx_words      0xbd82232f
W51  0xEC   app_tx_bytes           0x23c68ce8
W14  0x58   tx_stat_frames_TCP     0x00064db4
W15  0x5C   tx_stat_bytes_TCP      0x23f31574
W55  0xFC   tx_stat_retx           0x000000bd
W57  0x104  tx_retx_hi             0x1234f629
W58  0x108  tx_retx_active         0x00000000
SNAP_END S0B nff=0
SNAP_T 1791652507.248331380
SNAP_BEGIN S0B gen=297
W5   0x34   gmii_free_FE           0xbf65bc40
W20  0x70   mac_tx_frames          0x00064de7
W43  0xCC   mtx_stat_tx_words      0xbf55aa93
W51  0xEC   app_tx_bytes           0x23c68ce8
W14  0x58   tx_stat_frames_TCP     0x00064db4
W15  0x5C   tx_stat_bytes_TCP      0x23f31574
W55  0xFC   tx_stat_retx           0x000000bd
W57  0x104  tx_retx_hi             0x1234f629
W58  0x108  tx_retx_active         0x00000000
SNAP_END S0B nff=0
SNAP_T 1791652507.445476191
SNAP_BEGIN S0B gen=298
W5   0x34   gmii_free_FE           0xc13c924c
W20  0x70   mac_tx_frames          0x00064de7
W43  0xCC   mtx_stat_tx_words      0xc12c7f71
W51  0xEC   app_tx_bytes           0x23c68ce8
W14  0x58   tx_stat_frames_TCP     0x00064db4
W15  0x5C   tx_stat_bytes_TCP      0x23f31574
W55  0xFC   tx_stat_retx           0x000000bd
W57  0x104  tx_retx_hi             0x1234f629
W58  0x108  tx_retx_active         0x00000000
SNAP_END S0B nff=0
SNAP_T 1791652507.641601730
SNAP_BEGIN S0B gen=299
W5   0x34   gmii_free_FE           0xc30f3d40
W20  0x70   mac_tx_frames          0x00064de7
W43  0xCC   mtx_stat_tx_words      0xc2ff293a
W51  0xEC   app_tx_bytes           0x23c68ce8
W14  0x58   tx_stat_frames_TCP     0x00064db4
W15  0x5C   tx_stat_bytes_TCP      0x23f31574
W55  0xFC   tx_stat_retx           0x000000bd
W57  0x104  tx_retx_hi             0x1234f629
W58  0x108  tx_retx_active         0x00000000
SNAP_END S0B nff=0
SNAP_T 1791652507.837338184
SNAP_BEGIN S0B gen=300
W5   0x34   gmii_free_FE           0xc4e1e833
W20  0x70   mac_tx_frames          0x00064de8
W43  0xCC   mtx_stat_tx_words      0xc4d1d302
W51  0xEC   app_tx_bytes           0x23c68ce8
W14  0x58   tx_stat_frames_TCP     0x00064db4
W15  0x5C   tx_stat_bytes_TCP      0x23f31574
W55  0xFC   tx_stat_retx           0x000000bd
W57  0x104  tx_retx_hi             0x1234f629
W58  0x108  tx_retx_active         0x00000000
SNAP_END S0B nff=0
SNAP_T 1791652508.034181140
SNAP_BEGIN S0B gen=301
W5   0x34   gmii_free_FE           0xc6b75763
W20  0x70   mac_tx_frames          0x00064de8
W43  0xCC   mtx_stat_tx_words      0xc6a74104
W51  0xEC   app_tx_bytes           0x23c68ce8
W14  0x58   tx_stat_frames_TCP     0x00064db4
W15  0x5C   tx_stat_bytes_TCP      0x23f31574
W55  0xFC   tx_stat_retx           0x000000bd
W57  0x104  tx_retx_hi             0x1234f629
W58  0x108  tx_retx_active         0x00000000
SNAP_END S0B nff=0
SNAP_T 1791652508.231318009
SNAP_BEGIN S0B gen=302
W5   0x34   gmii_free_FE           0xc88d5825
W20  0x70   mac_tx_frames          0x00064de8
W43  0xCC   mtx_stat_tx_words      0xc87d4098
W51  0xEC   app_tx_bytes           0x23c68ce8
W14  0x58   tx_stat_frames_TCP     0x00064db4
W15  0x5C   tx_stat_bytes_TCP      0x23f31574
W55  0xFC   tx_stat_retx           0x000000bd
W57  0x104  tx_retx_hi             0x1234f629
W58  0x108  tx_retx_active         0x00000000
SNAP_END S0B nff=0
SNAP_T 1791652508.426676684
SNAP_BEGIN S0B gen=303
W5   0x34   gmii_free_FE           0xca5f0d9e
W20  0x70   mac_tx_frames          0x00064de8
W43  0xCC   mtx_stat_tx_words      0xca4ef4e7
W51  0xEC   app_tx_bytes           0x23c68ce8
W14  0x58   tx_stat_frames_TCP     0x00064db4
W15  0x5C   tx_stat_bytes_TCP      0x23f31574
W55  0xFC   tx_stat_retx           0x000000bd
W57  0x104  tx_retx_hi             0x1234f629
W58  0x108  tx_retx_active         0x00000000
SNAP_END S0B nff=0
SNAP_T 1791652508.622652927
SNAP_BEGIN S0B gen=304
W5   0x34   gmii_free_FE           0xcc3273f1
W20  0x70   mac_tx_frames          0x00064de8
W43  0xCC   mtx_stat_tx_words      0xcc225a0e
W51  0xEC   app_tx_bytes           0x23c68ce8
W14  0x58   tx_stat_frames_TCP     0x00064db4
W15  0x5C   tx_stat_bytes_TCP      0x23f31574
W55  0xFC   tx_stat_retx           0x000000bd
W57  0x104  tx_retx_hi             0x1234f629
W58  0x108  tx_retx_active         0x00000000
SNAP_END S0B nff=0
SNAP_T 1791652508.818546999
SNAP_BEGIN S0B gen=305
W5   0x34   gmii_free_FE           0xce053065
W20  0x70   mac_tx_frames          0x00064de8
W43  0xCC   mtx_stat_tx_words      0xcdf51557
W51  0xEC   app_tx_bytes           0x23c68ce8
W14  0x58   tx_stat_frames_TCP     0x00064db4
W15  0x5C   tx_stat_bytes_TCP      0x23f31574
W55  0xFC   tx_stat_retx           0x000000bd
W57  0x104  tx_retx_hi             0x1234f629
W58  0x108  tx_retx_active         0x00000000
SNAP_END S0B nff=0
SNAP_T 1791652509.014454245
SNAP_BEGIN S0B gen=306
W5   0x34   gmii_free_FE           0xcfd8dd26
W20  0x70   mac_tx_frames          0x00064de8
W43  0xCC   mtx_stat_tx_words      0xcfc8c0ec
W51  0xEC   app_tx_bytes           0x23c68ce8
W14  0x58   tx_stat_frames_TCP     0x00064db4
W15  0x5C   tx_stat_bytes_TCP      0x23f31574
W55  0xFC   tx_stat_retx           0x000000bd
W57  0x104  tx_retx_hi             0x1234f629
W58  0x108  tx_retx_active         0x00000000
SNAP_END S0B nff=0
SNAP_T 1791652509.210265046
SNAP_BEGIN S0B gen=307
W5   0x34   gmii_free_FE           0xd1ab7abe
W20  0x70   mac_tx_frames          0x00064de8
W43  0xCC   mtx_stat_tx_words      0xd19b5d59
W51  0xEC   app_tx_bytes           0x23c68ce8
W14  0x58   tx_stat_frames_TCP     0x00064db4
W15  0x5C   tx_stat_bytes_TCP      0x23f31574
W55  0xFC   tx_stat_retx           0x000000bd
W57  0x104  tx_retx_hi             0x1234f629
W58  0x108  tx_retx_active         0x00000000
SNAP_END S0B nff=0
SNAP_T 1791652509.407617759
SNAP_BEGIN S0B gen=308
W5   0x34   gmii_free_FE           0xd381d5e8
W20  0x70   mac_tx_frames          0x00064de8
W43  0xCC   mtx_stat_tx_words      0xd371b755
W51  0xEC   app_tx_bytes           0x23c68ce8
W14  0x58   tx_stat_frames_TCP     0x00064db4
W15  0x5C   tx_stat_bytes_TCP      0x23f31574
W55  0xFC   tx_stat_retx           0x000000bd
W57  0x104  tx_retx_hi             0x1234f629
W58  0x108  tx_retx_active         0x00000000
SNAP_END S0B nff=0
SNAP_T 1791652509.604314972
SNAP_BEGIN S0B gen=309
W5   0x34   gmii_free_FE           0xd556ded7
W20  0x70   mac_tx_frames          0x00064de8
W43  0xCC   mtx_stat_tx_words      0xd546bf17
W51  0xEC   app_tx_bytes           0x23c68ce8
W14  0x58   tx_stat_frames_TCP     0x00064db4
W15  0x5C   tx_stat_bytes_TCP      0x23f31574
W55  0xFC   tx_stat_retx           0x000000bd
W57  0x104  tx_retx_hi             0x1234f629
W58  0x108  tx_retx_active         0x00000000
SNAP_END S0B nff=0
SNAP_T 1791652509.800244505
SNAP_BEGIN S0B gen=310
W5   0x34   gmii_free_FE           0xd729e7ba
W20  0x70   mac_tx_frames          0x00064de8
W43  0xCC   mtx_stat_tx_words      0xd719c6ce
W51  0xEC   app_tx_bytes           0x23c68ce8
W14  0x58   tx_stat_frames_TCP     0x00064db4
W15  0x5C   tx_stat_bytes_TCP      0x23f31574
W55  0xFC   tx_stat_retx           0x000000bd
W57  0x104  tx_retx_hi             0x1234f629
W58  0x108  tx_retx_active         0x00000000
SNAP_END S0B nff=0
SNAP_T 1791652509.995889449
SNAP_BEGIN S0B gen=311
W5   0x34   gmii_free_FE           0xd8fc9174
W20  0x70   mac_tx_frames          0x00064de8
W43  0xCC   mtx_stat_tx_words      0xd8ec6f5d
W51  0xEC   app_tx_bytes           0x23c68ce8
W14  0x58   tx_stat_frames_TCP     0x00064db4
W15  0x5C   tx_stat_bytes_TCP      0x23f31574
W55  0xFC   tx_stat_retx           0x000000bd
W57  0x104  tx_retx_hi             0x1234f629
W58  0x108  tx_retx_active         0x00000000
SNAP_END S0B nff=0
SNAP_T 1791652510.191637573
SNAP_BEGIN S0B gen=312
W5   0x34   gmii_free_FE           0xdacf664e
W20  0x70   mac_tx_frames          0x00064de8
W43  0xCC   mtx_stat_tx_words      0xdabf430c
W51  0xEC   app_tx_bytes           0x23c68ce8
W14  0x58   tx_stat_frames_TCP     0x00064db4
W15  0x5C   tx_stat_bytes_TCP      0x23f31574
W55  0xFC   tx_stat_retx           0x000000bd
W57  0x104  tx_retx_hi             0x1234f629
W58  0x108  tx_retx_active         0x00000000
SNAP_END S0B nff=0
SNAP_T 1791652510.387535944
SNAP_BEGIN S0B gen=313
W5   0x34   gmii_free_FE           0xdca23b33
W20  0x70   mac_tx_frames          0x00064de8
W43  0xCC   mtx_stat_tx_words      0xdc9216c5
W51  0xEC   app_tx_bytes           0x23c68ce8
W14  0x58   tx_stat_frames_TCP     0x00064db4
W15  0x5C   tx_stat_bytes_TCP      0x23f31574
W55  0xFC   tx_stat_retx           0x000000bd
W57  0x104  tx_retx_hi             0x1234f629
W58  0x108  tx_retx_active         0x00000000
SNAP_END S0B nff=0
SNAP_T 1791652510.584385041
SNAP_BEGIN S0B gen=314
W5   0x34   gmii_free_FE           0xde77fc78
W20  0x70   mac_tx_frames          0x00064de8
W43  0xCC   mtx_stat_tx_words      0xde67d6dd
W51  0xEC   app_tx_bytes           0x23c68ce8
W14  0x58   tx_stat_frames_TCP     0x00064db4
W15  0x5C   tx_stat_bytes_TCP      0x23f31574
W55  0xFC   tx_stat_retx           0x000000bd
W57  0x104  tx_retx_hi             0x1234f629
W58  0x108  tx_retx_active         0x00000000
SNAP_END S0B nff=0
SNAP_T 1791652510.780400480
SNAP_BEGIN S0B gen=315
W5   0x34   gmii_free_FE           0xe04aaca4
W20  0x70   mac_tx_frames          0x00064de8
W43  0xCC   mtx_stat_tx_words      0xe03a85dd
W51  0xEC   app_tx_bytes           0x23c68ce8
W14  0x58   tx_stat_frames_TCP     0x00064db4
W15  0x5C   tx_stat_bytes_TCP      0x23f31574
W55  0xFC   tx_stat_retx           0x000000bd
W57  0x104  tx_retx_hi             0x1234f629
W58  0x108  tx_retx_active         0x00000000
SNAP_END S0B nff=0
SNAP_T 1791652510.976160538
SNAP_BEGIN S0B gen=316
W5   0x34   gmii_free_FE           0xe21dc58e
W20  0x70   mac_tx_frames          0x00064de8
W43  0xCC   mtx_stat_tx_words      0xe20d9d9c
W51  0xEC   app_tx_bytes           0x23c68ce8
W14  0x58   tx_stat_frames_TCP     0x00064db4
W15  0x5C   tx_stat_bytes_TCP      0x23f31574
W55  0xFC   tx_stat_retx           0x000000bd
W57  0x104  tx_retx_hi             0x1234f629
W58  0x108  tx_retx_active         0x00000000
SNAP_END S0B nff=0
SNAP_T 1791652511.173164415
SNAP_BEGIN S0B gen=317
W5   0x34   gmii_free_FE           0xe3f36e44
W20  0x70   mac_tx_frames          0x00064de9
W43  0xCC   mtx_stat_tx_words      0xe3e34525
W51  0xEC   app_tx_bytes           0x23c68ce8
W14  0x58   tx_stat_frames_TCP     0x00064db4
W15  0x5C   tx_stat_bytes_TCP      0x23f31574
W55  0xFC   tx_stat_retx           0x000000bd
W57  0x104  tx_retx_hi             0x1234f629
W58  0x108  tx_retx_active         0x00000000
SNAP_END S0B nff=0
SNAP_T 1791652511.368968935
SNAP_BEGIN S0B gen=318
W5   0x34   gmii_free_FE           0xe5c63e18
W20  0x70   mac_tx_frames          0x00064de9
W43  0xCC   mtx_stat_tx_words      0xe5b613cd
W51  0xEC   app_tx_bytes           0x23c68ce8
W14  0x58   tx_stat_frames_TCP     0x00064db4
W15  0x5C   tx_stat_bytes_TCP      0x23f31574
W55  0xFC   tx_stat_retx           0x000000bd
W57  0x104  tx_retx_hi             0x1234f629
W58  0x108  tx_retx_active         0x00000000
SNAP_END S0B nff=0
SNAP_T 1791652511.565049658
SNAP_BEGIN S0B gen=319
W5   0x34   gmii_free_FE           0xe7998566
W20  0x70   mac_tx_frames          0x00064de9
W43  0xCC   mtx_stat_tx_words      0xe78959ef
W51  0xEC   app_tx_bytes           0x23c68ce8
W14  0x58   tx_stat_frames_TCP     0x00064db4
W15  0x5C   tx_stat_bytes_TCP      0x23f31574
W55  0xFC   tx_stat_retx           0x000000bd
W57  0x104  tx_retx_hi             0x1234f629
W58  0x108  tx_retx_active         0x00000000
SNAP_END S0B nff=0
SNAP_T 1791652511.761960223
SNAP_BEGIN S0B gen=320
W5   0x34   gmii_free_FE           0xe96f3866
W20  0x70   mac_tx_frames          0x00064de9
W43  0xCC   mtx_stat_tx_words      0xe95f0bc2
W51  0xEC   app_tx_bytes           0x23c68ce8
W14  0x58   tx_stat_frames_TCP     0x00064db4
W15  0x5C   tx_stat_bytes_TCP      0x23f31574
W55  0xFC   tx_stat_retx           0x000000bd
W57  0x104  tx_retx_hi             0x1234f629
W58  0x108  tx_retx_active         0x00000000
SNAP_END S0B nff=0
SNAP_T 1791652511.957602439
SNAP_BEGIN S0B gen=321
W5   0x34   gmii_free_FE           0xeb4172fb
W20  0x70   mac_tx_frames          0x00064de9
W43  0xCC   mtx_stat_tx_words      0xeb31452c
W51  0xEC   app_tx_bytes           0x23c68ce8
W14  0x58   tx_stat_frames_TCP     0x00064db4
W15  0x5C   tx_stat_bytes_TCP      0x23f31574
W55  0xFC   tx_stat_retx           0x000000bd
W57  0x104  tx_retx_hi             0x1234f629
W58  0x108  tx_retx_active         0x00000000
SNAP_END S0B nff=0
SNAP_T 1791652512.156098064
SNAP_BEGIN S0B gen=322
W5   0x34   gmii_free_FE           0xed1b1a17
W20  0x70   mac_tx_frames          0x00064de9
W43  0xCC   mtx_stat_tx_words      0xed0aeb19
W51  0xEC   app_tx_bytes           0x23c68ce8
W14  0x58   tx_stat_frames_TCP     0x00064db4
W15  0x5C   tx_stat_bytes_TCP      0x23f31574
W55  0xFC   tx_stat_retx           0x000000bd
W57  0x104  tx_retx_hi             0x1234f629
W58  0x108  tx_retx_active         0x00000000
SNAP_END S0B nff=0
SNAP_T 1791652512.352702375
SNAP_BEGIN S0B gen=323
W5   0x34   gmii_free_FE           0xeeef880b
W20  0x70   mac_tx_frames          0x00064de9
W43  0xCC   mtx_stat_tx_words      0xeedf57e0
W51  0xEC   app_tx_bytes           0x23c68ce8
W14  0x58   tx_stat_frames_TCP     0x00064db4
W15  0x5C   tx_stat_bytes_TCP      0x23f31574
W55  0xFC   tx_stat_retx           0x000000bd
W57  0x104  tx_retx_hi             0x1234f629
W58  0x108  tx_retx_active         0x00000000
SNAP_END S0B nff=0
SNAP_T 1791652512.549409556
SNAP_BEGIN S0B gen=324
W5   0x34   gmii_free_FE           0xf0c4a9e8
W20  0x70   mac_tx_frames          0x00064de9
W43  0xCC   mtx_stat_tx_words      0xf0b47890
W51  0xEC   app_tx_bytes           0x23c68ce8
W14  0x58   tx_stat_frames_TCP     0x00064db4
W15  0x5C   tx_stat_bytes_TCP      0x23f31574
W55  0xFC   tx_stat_retx           0x000000bd
W57  0x104  tx_retx_hi             0x1234f629
W58  0x108  tx_retx_active         0x00000000
SNAP_END S0B nff=0
SNAP_T 1791652512.745638575
SNAP_BEGIN S0B gen=325
W5   0x34   gmii_free_FE           0xf298783e
W20  0x70   mac_tx_frames          0x00064dea
W43  0xCC   mtx_stat_tx_words      0xf28845ba
W51  0xEC   app_tx_bytes           0x23c68ce8
W14  0x58   tx_stat_frames_TCP     0x00064db4
W15  0x5C   tx_stat_bytes_TCP      0x23f31574
W55  0xFC   tx_stat_retx           0x000000bd
W57  0x104  tx_retx_hi             0x1234f629
W58  0x108  tx_retx_active         0x00000000
SNAP_END S0B nff=0
SNAP_T 1791652512.941994743
SNAP_BEGIN S0B gen=326
W5   0x34   gmii_free_FE           0xf46c851b
W20  0x70   mac_tx_frames          0x00064dea
W43  0xCC   mtx_stat_tx_words      0xf45c516b
W51  0xEC   app_tx_bytes           0x23c68ce8
W14  0x58   tx_stat_frames_TCP     0x00064db4
W15  0x5C   tx_stat_bytes_TCP      0x23f31574
W55  0xFC   tx_stat_retx           0x000000bd
W57  0x104  tx_retx_hi             0x1234f629
W58  0x108  tx_retx_active         0x00000000
SNAP_END S0B nff=0
SNAP_T 1791652513.138089562
SNAP_BEGIN S0B gen=327
W5   0x34   gmii_free_FE           0xf64001ec
W20  0x70   mac_tx_frames          0x00064dea
W43  0xCC   mtx_stat_tx_words      0xf62fcd10
W51  0xEC   app_tx_bytes           0x23c68ce8
W14  0x58   tx_stat_frames_TCP     0x00064db4
W15  0x5C   tx_stat_bytes_TCP      0x23f31574
W55  0xFC   tx_stat_retx           0x000000bd
W57  0x104  tx_retx_hi             0x1234f629
W58  0x108  tx_retx_active         0x00000000
SNAP_END S0B nff=0
SNAP_T 1791652513.333488294
SNAP_BEGIN S0B gen=328
W5   0x34   gmii_free_FE           0xf811e846
W20  0x70   mac_tx_frames          0x00064dea
W43  0xCC   mtx_stat_tx_words      0xf801b23f
W51  0xEC   app_tx_bytes           0x23c68ce8
W14  0x58   tx_stat_frames_TCP     0x00064db4
W15  0x5C   tx_stat_bytes_TCP      0x23f31574
W55  0xFC   tx_stat_retx           0x000000bd
W57  0x104  tx_retx_hi             0x1234f629
W58  0x108  tx_retx_active         0x00000000
SNAP_END S0B nff=0
SNAP_T 1791652513.529896718
SNAP_BEGIN S0B gen=329
W5   0x34   gmii_free_FE           0xf9e6eb00
W20  0x70   mac_tx_frames          0x00064dea
W43  0xCC   mtx_stat_tx_words      0xf9d6b3cd
W51  0xEC   app_tx_bytes           0x23c68ce8
W14  0x58   tx_stat_frames_TCP     0x00064db4
W15  0x5C   tx_stat_bytes_TCP      0x23f31574
W55  0xFC   tx_stat_retx           0x000000bd
W57  0x104  tx_retx_hi             0x1234f629
W58  0x108  tx_retx_active         0x00000000
SNAP_END S0B nff=0
SNAP_T 1791652513.726517227
SNAP_BEGIN S0B gen=330
W5   0x34   gmii_free_FE           0xfbbb0878
W20  0x70   mac_tx_frames          0x00064dea
W43  0xCC   mtx_stat_tx_words      0xfbaad018
W51  0xEC   app_tx_bytes           0x23c68ce8
W14  0x58   tx_stat_frames_TCP     0x00064db4
W15  0x5C   tx_stat_bytes_TCP      0x23f31574
W55  0xFC   tx_stat_retx           0x000000bd
W57  0x104  tx_retx_hi             0x1234f629
W58  0x108  tx_retx_active         0x00000000
SNAP_END S0B nff=0
SNAP_T 1791652513.922644842
SNAP_BEGIN S0B gen=331
W5   0x34   gmii_free_FE           0xfd8ee25b
W20  0x70   mac_tx_frames          0x00064dea
W43  0xCC   mtx_stat_tx_words      0xfd7ea8d0
W51  0xEC   app_tx_bytes           0x23c68ce8
W14  0x58   tx_stat_frames_TCP     0x00064db4
W15  0x5C   tx_stat_bytes_TCP      0x23f31574
W55  0xFC   tx_stat_retx           0x000000bd
W57  0x104  tx_retx_hi             0x1234f629
W58  0x108  tx_retx_active         0x00000000
SNAP_END S0B nff=0
SNAP_T 1791652514.118951534
SNAP_BEGIN S0B gen=332
W5   0x34   gmii_free_FE           0xff62db34
W20  0x70   mac_tx_frames          0x00064deb
W43  0xCC   mtx_stat_tx_words      0xff52a07d
W51  0xEC   app_tx_bytes           0x23c68ce8
W14  0x58   tx_stat_frames_TCP     0x00064db4
W15  0x5C   tx_stat_bytes_TCP      0x23f31574
W55  0xFC   tx_stat_retx           0x000000bd
W57  0x104  tx_retx_hi             0x1234f629
W58  0x108  tx_retx_active         0x00000000
SNAP_END S0B nff=0
SNAP_T 1791652514.314694236
SNAP_BEGIN S0B gen=333
W5   0x34   gmii_free_FE           0x0135b12a
W20  0x70   mac_tx_frames          0x00064deb
W43  0xCC   mtx_stat_tx_words      0x01257547
W51  0xEC   app_tx_bytes           0x23c68ce8
W14  0x58   tx_stat_frames_TCP     0x00064db4
W15  0x5C   tx_stat_bytes_TCP      0x23f31574
W55  0xFC   tx_stat_retx           0x000000bd
W57  0x104  tx_retx_hi             0x1234f629
W58  0x108  tx_retx_active         0x00000000
SNAP_END S0B nff=0
SNAP_T 1791652514.510465333
SNAP_BEGIN S0B gen=334
W5   0x34   gmii_free_FE           0x03080ac7
W20  0x70   mac_tx_frames          0x00064deb
W43  0xCC   mtx_stat_tx_words      0x02f7cdb9
W51  0xEC   app_tx_bytes           0x23c68ce8
W14  0x58   tx_stat_frames_TCP     0x00064db4
W15  0x5C   tx_stat_bytes_TCP      0x23f31574
W55  0xFC   tx_stat_retx           0x000000bd
W57  0x104  tx_retx_hi             0x1234f629
W58  0x108  tx_retx_active         0x00000000
SNAP_END S0B nff=0
SNAP_T 1791652514.706423797
SNAP_BEGIN S0B gen=335
W5   0x34   gmii_free_FE           0x04db46f2
W20  0x70   mac_tx_frames          0x00064deb
W43  0xCC   mtx_stat_tx_words      0x04cb08b9
W51  0xEC   app_tx_bytes           0x23c68ce8
W14  0x58   tx_stat_frames_TCP     0x00064db4
W15  0x5C   tx_stat_bytes_TCP      0x23f31574
W55  0xFC   tx_stat_retx           0x000000bd
W57  0x104  tx_retx_hi             0x1234f629
W58  0x108  tx_retx_active         0x00000000
SNAP_END S0B nff=0
SNAP_T 1791652514.903227019
SNAP_BEGIN S0B gen=336
W5   0x34   gmii_free_FE           0x06b0968d
W20  0x70   mac_tx_frames          0x00064deb
W43  0xCC   mtx_stat_tx_words      0x06a05726
W51  0xEC   app_tx_bytes           0x23c68ce8
W14  0x58   tx_stat_frames_TCP     0x00064db4
W15  0x5C   tx_stat_bytes_TCP      0x23f31574
W55  0xFC   tx_stat_retx           0x000000bd
W57  0x104  tx_retx_hi             0x1234f629
W58  0x108  tx_retx_active         0x00000000
SNAP_END S0B nff=0
SNAP_T 1791652515.099169487
SNAP_BEGIN S0B gen=337
W5   0x34   gmii_free_FE           0x08842b4d
W20  0x70   mac_tx_frames          0x00064deb
W43  0xCC   mtx_stat_tx_words      0x0873eabb
W51  0xEC   app_tx_bytes           0x23c68ce8
W14  0x58   tx_stat_frames_TCP     0x00064db4
W15  0x5C   tx_stat_bytes_TCP      0x23f31574
W55  0xFC   tx_stat_retx           0x000000bd
W57  0x104  tx_retx_hi             0x1234f629
W58  0x108  tx_retx_active         0x00000000
SNAP_END S0B nff=0
SNAP_T 1791652515.296226730
SNAP_BEGIN S0B gen=338
W5   0x34   gmii_free_FE           0x0a598491
W20  0x70   mac_tx_frames          0x00064deb
W43  0xCC   mtx_stat_tx_words      0x0a4942d2
W51  0xEC   app_tx_bytes           0x23c68ce8
W14  0x58   tx_stat_frames_TCP     0x00064db4
W15  0x5C   tx_stat_bytes_TCP      0x23f31574
W55  0xFC   tx_stat_retx           0x000000bd
W57  0x104  tx_retx_hi             0x1234f629
W58  0x108  tx_retx_active         0x00000000
SNAP_END S0B nff=0
SNAP_T 1791652515.492284198
SNAP_BEGIN S0B gen=339
W5   0x34   gmii_free_FE           0x0c2ccc40
W20  0x70   mac_tx_frames          0x00064deb
W43  0xCC   mtx_stat_tx_words      0x0c1c8955
W51  0xEC   app_tx_bytes           0x23c68ce8
W14  0x58   tx_stat_frames_TCP     0x00064db4
W15  0x5C   tx_stat_bytes_TCP      0x23f31574
W55  0xFC   tx_stat_retx           0x000000bd
W57  0x104  tx_retx_hi             0x1234f629
W58  0x108  tx_retx_active         0x00000000
SNAP_END S0B nff=0
SNAP_T 1791652515.687700134
SNAP_BEGIN S0B gen=340
W5   0x34   gmii_free_FE           0x0dff04ca
W20  0x70   mac_tx_frames          0x00064deb
W43  0xCC   mtx_stat_tx_words      0x0deec0b5
W51  0xEC   app_tx_bytes           0x23c68ce8
W14  0x58   tx_stat_frames_TCP     0x00064db4
W15  0x5C   tx_stat_bytes_TCP      0x23f31574
W55  0xFC   tx_stat_retx           0x000000bd
W57  0x104  tx_retx_hi             0x1234f629
W58  0x108  tx_retx_active         0x00000000
SNAP_END S0B nff=0
SNAP_T 1791652515.883605401
SNAP_BEGIN S0B gen=341
W5   0x34   gmii_free_FE           0x0fd1e1f4
W20  0x70   mac_tx_frames          0x00064deb
W43  0xCC   mtx_stat_tx_words      0x0fc19cb3
W51  0xEC   app_tx_bytes           0x23c68ce8
W14  0x58   tx_stat_frames_TCP     0x00064db4
W15  0x5C   tx_stat_bytes_TCP      0x23f31574
W55  0xFC   tx_stat_retx           0x000000bd
W57  0x104  tx_retx_hi             0x1234f629
W58  0x108  tx_retx_active         0x00000000
SNAP_END S0B nff=0
SNAP_T 1791652516.079175439
SNAP_BEGIN S0B gen=342
W5   0x34   gmii_free_FE           0x11a40644
W20  0x70   mac_tx_frames          0x00064deb
W43  0xCC   mtx_stat_tx_words      0x1193bfd8
W51  0xEC   app_tx_bytes           0x23c68ce8
W14  0x58   tx_stat_frames_TCP     0x00064db4
W15  0x5C   tx_stat_bytes_TCP      0x23f31574
W55  0xFC   tx_stat_retx           0x000000bd
W57  0x104  tx_retx_hi             0x1234f629
W58  0x108  tx_retx_active         0x00000000
SNAP_END S0B nff=0
SNAP_T 1791652516.274653874
SNAP_BEGIN S0B gen=343
W5   0x34   gmii_free_FE           0x137637b0
W20  0x70   mac_tx_frames          0x00064deb
W43  0xCC   mtx_stat_tx_words      0x1365f019
W51  0xEC   app_tx_bytes           0x23c68ce8
W14  0x58   tx_stat_frames_TCP     0x00064db4
W15  0x5C   tx_stat_bytes_TCP      0x23f31574
W55  0xFC   tx_stat_retx           0x000000bd
W57  0x104  tx_retx_hi             0x1234f629
W58  0x108  tx_retx_active         0x00000000
SNAP_END S0B nff=0
SNAP_T 1791652516.470368936
SNAP_BEGIN S0B gen=344
W5   0x34   gmii_free_FE           0x1548c156
W20  0x70   mac_tx_frames          0x00064deb
W43  0xCC   mtx_stat_tx_words      0x15387894
W51  0xEC   app_tx_bytes           0x23c68ce8
W14  0x58   tx_stat_frames_TCP     0x00064db4
W15  0x5C   tx_stat_bytes_TCP      0x23f31574
W55  0xFC   tx_stat_retx           0x000000bd
W57  0x104  tx_retx_hi             0x1234f629
W58  0x108  tx_retx_active         0x00000000
SNAP_END S0B nff=0
SNAP_T 1791652516.666499490
SNAP_BEGIN S0B gen=345
W5   0x34   gmii_free_FE           0x171cbca5
W20  0x70   mac_tx_frames          0x00064deb
W43  0xCC   mtx_stat_tx_words      0x170c72b7
W51  0xEC   app_tx_bytes           0x23c68ce8
W14  0x58   tx_stat_frames_TCP     0x00064db4
W15  0x5C   tx_stat_bytes_TCP      0x23f31574
W55  0xFC   tx_stat_retx           0x000000bd
W57  0x104  tx_retx_hi             0x1234f629
W58  0x108  tx_retx_active         0x00000000
SNAP_END S0B nff=0
SNAP_T 1791652516.863101296
SNAP_BEGIN S0B gen=346
W5   0x34   gmii_free_FE           0x18f12054
W20  0x70   mac_tx_frames          0x00064deb
W43  0xCC   mtx_stat_tx_words      0x18e0d539
W51  0xEC   app_tx_bytes           0x23c68ce8
W14  0x58   tx_stat_frames_TCP     0x00064db4
W15  0x5C   tx_stat_bytes_TCP      0x23f31574
W55  0xFC   tx_stat_retx           0x000000bd
W57  0x104  tx_retx_hi             0x1234f629
W58  0x108  tx_retx_active         0x00000000
SNAP_END S0B nff=0
SNAP_T 1791652517.058606362
SNAP_BEGIN S0B gen=347
W5   0x34   gmii_free_FE           0x1ac37401
W20  0x70   mac_tx_frames          0x00064deb
W43  0xCC   mtx_stat_tx_words      0x1ab327bb
W51  0xEC   app_tx_bytes           0x23c68ce8
W14  0x58   tx_stat_frames_TCP     0x00064db4
W15  0x5C   tx_stat_bytes_TCP      0x23f31574
W55  0xFC   tx_stat_retx           0x000000bd
W57  0x104  tx_retx_hi             0x1234f629
W58  0x108  tx_retx_active         0x00000000
SNAP_END S0B nff=0
SNAP_T 1791652517.254671157
SNAP_BEGIN S0B gen=348
W5   0x34   gmii_free_FE           0x1c9707e6
W20  0x70   mac_tx_frames          0x00064deb
W43  0xCC   mtx_stat_tx_words      0x1c86ba75
W51  0xEC   app_tx_bytes           0x23c68ce8
W14  0x58   tx_stat_frames_TCP     0x00064db4
W15  0x5C   tx_stat_bytes_TCP      0x23f31574
W55  0xFC   tx_stat_retx           0x000000bd
W57  0x104  tx_retx_hi             0x1234f629
W58  0x108  tx_retx_active         0x00000000
SNAP_END S0B nff=0
SNAP_T 1791652517.450110064
SNAP_BEGIN S0B gen=349
W5   0x34   gmii_free_FE           0x1e68cce3
W20  0x70   mac_tx_frames          0x00064deb
W43  0xCC   mtx_stat_tx_words      0x1e587e47
W51  0xEC   app_tx_bytes           0x23c68ce8
W14  0x58   tx_stat_frames_TCP     0x00064db4
W15  0x5C   tx_stat_bytes_TCP      0x23f31574
W55  0xFC   tx_stat_retx           0x000000bd
W57  0x104  tx_retx_hi             0x1234f629
W58  0x108  tx_retx_active         0x00000000
SNAP_END S0B nff=0
