SNAP_T 1791652542.251932144
SNAP_BEGIN S0C gen=350
W5   0x34   gmii_free_FE           0x056a627c
W20  0x70   mac_tx_frames          0x00064deb
W43  0xCC   mtx_stat_tx_words      0x05597f78
W51  0xEC   app_tx_bytes           0x23c68ce8
W14  0x58   tx_stat_frames_TCP     0x00064db4
W15  0x5C   tx_stat_bytes_TCP      0x23f31574
W55  0xFC   tx_stat_retx           0x000000bd
W57  0x104  tx_retx_hi             0x1234f629
W58  0x108  tx_retx_active         0x00000000
SNAP_END S0C nff=0
SNAP_T 1791652542.457069913
SNAP_BEGIN S0C gen=351
W5   0x34   gmii_free_FE           0x07503766
W20  0x70   mac_tx_frames          0x0007465a
W43  0xCC   mtx_stat_tx_words      0x073f5329
W51  0xEC   app_tx_bytes           0x294ca878
W14  0x58   tx_stat_frames_TCP     0x00074622
W15  0x5C   tx_stat_bytes_TCP      0x297be8cc
W55  0xFC   tx_stat_retx           0x000000c9
W57  0x104  tx_retx_hi             0x1781d0b1
W58  0x108  tx_retx_active         0x00000000
SNAP_END S0C nff=0
SNAP_T 1791652542.690577024
SNAP_BEGIN S0C gen=352
W5   0x34   gmii_free_FE           0x097f27b2
W20  0x70   mac_tx_frames          0x0008906b
W43  0xCC   mtx_stat_tx_words      0x096e420c
W51  0xEC   app_tx_bytes           0x30a442d4
W14  0x58   tx_stat_frames_TCP     0x00089033
W15  0x5C   tx_stat_bytes_TCP      0x30d651c0
W55  0xFC   tx_stat_retx           0x000000d5
W57  0x104  tx_retx_hi             0x1e34da11
W58  0x108  tx_retx_active         0x00000000
SNAP_END S0C nff=0
SNAP_T 1791652542.917000247
SNAP_BEGIN S0C gen=353
W5   0x34   gmii_free_FE           0x0baa41ae
W20  0x70   mac_tx_frames          0x0009da1f
W43  0xCC   mtx_stat_tx_words      0x0b995aa3
W51  0xEC   app_tx_bytes           0x37f974af
W14  0x58   tx_stat_frames_TCP     0x0009d9e7
W15  0x5C   tx_stat_bytes_TCP      0x382ea7bf
W55  0xFC   tx_stat_retx           0x000000e3
W57  0x104  tx_retx_hi             0x2628d218
W58  0x108  tx_retx_active         0x00000000
SNAP_END S0C nff=0
