
*** Running vivado
    with args -log mac_tx_min_top.vdi -applog -m64 -product Vivado -messageDb vivado.pb -mode batch -source mac_tx_min_top.tcl -notrace



****** Vivado v2025.2 (64-bit)
  **** SW Build 6299465 on Fri Nov 14 19:35:11 GMT 2025
  **** IP Build 6300035 on Fri Nov 14 10:48:45 MST 2025
  **** SharedData Build 6298862 on Thu Nov 13 04:50:51 MST 2025
  **** Start of session at: Tue Sep 29 21:55:04 2026
    ** Copyright 1986-2022 Xilinx, Inc. All Rights Reserved.
    ** Copyright 2022-2025 Advanced Micro Devices, Inc. All Rights Reserved.

source mac_tx_min_top.tcl -notrace
create_project: Time (s): cpu = 00:00:33 ; elapsed = 00:00:05 . Memory (MB): peak = 552.398 ; gain = 241.375
Command: link_design -top mac_tx_min_top -part xcku5p-ffvb676-1-e -mode out_of_context
Design is defaulting to srcset: sources_1
Design is defaulting to constrset: constrs_1
INFO: [Device 21-403] Loading part xcku5p-ffvb676-1-e
Netlist sorting complete. Time (s): cpu = 00:00:00 ; elapsed = 00:00:00.007 . Memory (MB): peak = 1684.648 ; gain = 0.000
INFO: [Netlist 29-17] Analyzing 81 Unisim elements for replacement
INFO: [Netlist 29-28] Unisim Transformation completed in 0 CPU seconds
INFO: [Project 1-479] Netlist was created with Vivado 2025.2
INFO: [Project 1-570] Preparing netlist for logic optimization
Parsing XDC File [D:/repo/XCKU5PMini/udp_hls_10g/_proj_10g/p7b_mac_synth/xdc/mac_tx_min.xdc]
INFO: [Vivado 12-4761] HD.CLK_SRC property is set on port clk. The net connecting to the port drives either clock PIN or hierarchical black box. Use the create_clock constraint to create a clock on this port prior to setting HD.CLK_SRC.  [D:/repo/XCKU5PMini/udp_hls_10g/_proj_10g/p7b_mac_synth/xdc/mac_tx_min.xdc:19]
Finished Parsing XDC File [D:/repo/XCKU5PMini/udp_hls_10g/_proj_10g/p7b_mac_synth/xdc/mac_tx_min.xdc]
INFO: [Opt 31-138] Pushed 0 inverter(s) to 0 load pin(s).
Netlist sorting complete. Time (s): cpu = 00:00:00 ; elapsed = 00:00:00.001 . Memory (MB): peak = 1938.746 ; gain = 0.000
INFO: [Project 1-111] Unisim Transformation Summary:
  A total of 6 instances were transformed.
  RAM32M => RAM32M (RAMD32(x6), RAMS32(x2)): 1 instance 
  RAM32M16 => RAM32M16 (RAMD32(x14), RAMS32(x2)): 5 instances

8 Infos, 0 Warnings, 0 Critical Warnings and 0 Errors encountered.
link_design completed successfully
link_design: Time (s): cpu = 00:00:09 ; elapsed = 00:00:10 . Memory (MB): peak = 1938.746 ; gain = 1386.348
Command: opt_design
Attempting to get a license for feature 'Implementation' and/or device 'xcku5p'
INFO: [Common 17-349] Got license for feature 'Implementation' and/or device 'xcku5p'
Running DRC as a precondition to command opt_design

Starting DRC Task
INFO: [DRC 23-27] Running DRC with 8 threads
WARNING: [DRC 23-814] Not all possible (connectivity based) DRCs may have been run because this design is seen as Out of Context.
INFO: [Project 1-461] DRC finished with 0 Errors
INFO: [Project 1-462] Please refer to the DRC report (report_drc) for more information.

Time (s): cpu = 00:00:01 ; elapsed = 00:00:00.307 . Memory (MB): peak = 2085.801 ; gain = 147.055

Starting Cache Timing Information Task
INFO: [Timing 38-35] Done setting XDC timing constraints.
Ending Cache Timing Information Task | Checksum: 1f0daf2bf

Time (s): cpu = 00:00:02 ; elapsed = 00:00:03 . Memory (MB): peak = 2333.844 ; gain = 248.043

Starting Logic Optimization Task

Phase 1 Initialization

Phase 1.1 Core Generation And Design Setup
Phase 1.1 Core Generation And Design Setup | Checksum: 1f0daf2bf

Time (s): cpu = 00:00:00 ; elapsed = 00:00:00.002 . Memory (MB): peak = 2808.008 ; gain = 0.000

Phase 1.2 Setup Constraints And Sort Netlist
Phase 1.2 Setup Constraints And Sort Netlist | Checksum: 1f0daf2bf

Time (s): cpu = 00:00:00 ; elapsed = 00:00:00.003 . Memory (MB): peak = 2808.008 ; gain = 0.000
Phase 1 Initialization | Checksum: 1f0daf2bf

Time (s): cpu = 00:00:00 ; elapsed = 00:00:00.004 . Memory (MB): peak = 2808.008 ; gain = 0.000

Phase 2 Timer Update And Timing Data Collection

Phase 2.1 Detect if minReqCache needed
Phase 2.1 Detect if minReqCache needed | Checksum: 1f0daf2bf

Time (s): cpu = 00:00:00 ; elapsed = 00:00:00.008 . Memory (MB): peak = 2808.008 ; gain = 0.000

Phase 2.2 Timer Update
Phase 2.2 Timer Update | Checksum: 1f0daf2bf

Time (s): cpu = 00:00:00 ; elapsed = 00:00:00.011 . Memory (MB): peak = 2808.008 ; gain = 0.000
Phase 2 Timer Update And Timing Data Collection | Checksum: 1f0daf2bf

Time (s): cpu = 00:00:00 ; elapsed = 00:00:00.011 . Memory (MB): peak = 2808.008 ; gain = 0.000

Phase 3 Retarget
INFO: [Opt 31-1851] Number of loadless carry chains removed were: 0
INFO: [Opt 31-1834] Total Chains To Be Transformed Were: 0 AND Number of Transformed insts Created are: 0
INFO: [Opt 31-138] Pushed 1 inverter(s) to 488 load pin(s).
INFO: [Opt 31-49] Retargeted 0 cell(s).
Phase 3 Retarget | Checksum: 2293b9ae3

Time (s): cpu = 00:00:00 ; elapsed = 00:00:00.050 . Memory (MB): peak = 2808.008 ; gain = 0.000
Retarget | Checksum: 2293b9ae3
INFO: [Opt 31-389] Phase Retarget created 0 cells and removed 1 cells

Phase 4 Constant propagation
INFO: [Opt 31-138] Pushed 0 inverter(s) to 0 load pin(s).
Phase 4 Constant propagation | Checksum: 2293b9ae3

Time (s): cpu = 00:00:00 ; elapsed = 00:00:00.061 . Memory (MB): peak = 2808.008 ; gain = 0.000
Constant propagation | Checksum: 2293b9ae3
INFO: [Opt 31-389] Phase Constant propagation created 0 cells and removed 0 cells

Phase 5 Sweep
INFO: [Constraints 18-11670] Building netlist checker database with flags, 0x8
Done building netlist checker database: Time (s): cpu = 00:00:00 ; elapsed = 00:00:00.001 . Memory (MB): peak = 2808.008 ; gain = 0.000
Phase 5 Sweep | Checksum: 195f0821d

Time (s): cpu = 00:00:00 ; elapsed = 00:00:00.070 . Memory (MB): peak = 2808.008 ; gain = 0.000
Sweep | Checksum: 195f0821d
INFO: [Opt 31-389] Phase Sweep created 0 cells and removed 0 cells

Phase 6 BUFG optimization
INFO: [Opt 31-1077] Phase BUFG optimization inserted 0 global clock buffer(s) for CLOCK_LOW_FANOUT.
Phase 6 BUFG optimization | Checksum: 195f0821d

Time (s): cpu = 00:00:00 ; elapsed = 00:00:00.078 . Memory (MB): peak = 2808.008 ; gain = 0.000
BUFG optimization | Checksum: 195f0821d
INFO: [Opt 31-662] Phase BUFG optimization created 0 cells of which 0 are BUFGs and removed 0 cells.

Phase 7 Shift Register Optimization
INFO: [Opt 31-1064] SRL Remap converted 0 SRLs to 0 registers and converted 0 registers of register chains to 0 SRLs
Phase 7 Shift Register Optimization | Checksum: 195f0821d

Time (s): cpu = 00:00:00 ; elapsed = 00:00:00.081 . Memory (MB): peak = 2808.008 ; gain = 0.000
Shift Register Optimization | Checksum: 195f0821d
INFO: [Opt 31-389] Phase Shift Register Optimization created 0 cells and removed 0 cells

Phase 8 Post Processing Netlist
Phase 8 Post Processing Netlist | Checksum: 195f0821d

Time (s): cpu = 00:00:00 ; elapsed = 00:00:00.084 . Memory (MB): peak = 2808.008 ; gain = 0.000
Post Processing Netlist | Checksum: 195f0821d
INFO: [Opt 31-389] Phase Post Processing Netlist created 0 cells and removed 0 cells

Phase 9 Finalization

Phase 9.1 Finalizing Design Cores and Updating Shapes
Phase 9.1 Finalizing Design Cores and Updating Shapes | Checksum: 1f6645309

Time (s): cpu = 00:00:00 ; elapsed = 00:00:00.104 . Memory (MB): peak = 2808.008 ; gain = 0.000

Phase 9.2 Verifying Netlist Connectivity

Starting Connectivity Check Task

Time (s): cpu = 00:00:00 ; elapsed = 00:00:00.006 . Memory (MB): peak = 2808.008 ; gain = 0.000
Phase 9.2 Verifying Netlist Connectivity | Checksum: 1f6645309

Time (s): cpu = 00:00:00 ; elapsed = 00:00:00.111 . Memory (MB): peak = 2808.008 ; gain = 0.000
Phase 9 Finalization | Checksum: 1f6645309

Time (s): cpu = 00:00:00 ; elapsed = 00:00:00.111 . Memory (MB): peak = 2808.008 ; gain = 0.000
Opt_design Change Summary
=========================


-------------------------------------------------------------------------------------------------------------------------
|  Phase                        |  #Cells created  |  #Cells Removed  |  #Constrained objects preventing optimizations  |
-------------------------------------------------------------------------------------------------------------------------
|  Retarget                     |               0  |               1  |                                              0  |
|  Constant propagation         |               0  |               0  |                                              0  |
|  Sweep                        |               0  |               0  |                                              0  |
|  BUFG optimization            |               0  |               0  |                                              0  |
|  Shift Register Optimization  |               0  |               0  |                                              0  |
|  Post Processing Netlist      |               0  |               0  |                                              0  |
-------------------------------------------------------------------------------------------------------------------------


Ending Logic Optimization Task | Checksum: 1f6645309

Time (s): cpu = 00:00:00 ; elapsed = 00:00:00.112 . Memory (MB): peak = 2808.008 ; gain = 0.000

Starting Power Optimization Task
INFO: [Pwropt 34-132] Skipping clock gating for clocks with a period < 2.00 ns.
Ending Power Optimization Task | Checksum: 1f6645309

Time (s): cpu = 00:00:00 ; elapsed = 00:00:00.006 . Memory (MB): peak = 2808.008 ; gain = 0.000

Starting Final Cleanup Task
Ending Final Cleanup Task | Checksum: 1f6645309

Time (s): cpu = 00:00:00 ; elapsed = 00:00:00 . Memory (MB): peak = 2808.008 ; gain = 0.000
Netlist sorting complete. Time (s): cpu = 00:00:00 ; elapsed = 00:00:00.001 . Memory (MB): peak = 2808.008 ; gain = 0.000
INFO: [Common 17-83] Releasing license: Implementation
29 Infos, 1 Warnings, 0 Critical Warnings and 0 Errors encountered.
opt_design completed successfully
opt_design: Time (s): cpu = 00:00:06 ; elapsed = 00:00:05 . Memory (MB): peak = 2808.008 ; gain = 869.262
INFO: [Vivado 12-24828] Executing command : report_drc -file mac_tx_min_top_drc_opted.rpt -pb mac_tx_min_top_drc_opted.pb -rpx mac_tx_min_top_drc_opted.rpx
Command: report_drc -file mac_tx_min_top_drc_opted.rpt -pb mac_tx_min_top_drc_opted.pb -rpx mac_tx_min_top_drc_opted.rpx
INFO: [IP_Flow 19-234] Refreshing IP repositories
INFO: [IP_Flow 19-1704] No user IP repositories specified
INFO: [IP_Flow 19-2313] Loaded Vivado IP repository 'C:/AMDDesignTools/2025.2/Vivado/data/ip'.
INFO: [DRC 23-27] Running DRC with 8 threads
WARNING: [DRC 23-814] Not all possible (connectivity based) DRCs may have been run because this design is seen as Out of Context.
INFO: [Vivado_Tcl 2-168] The results of DRC are in file D:/repo/XCKU5PMini/udp_hls_10g/_proj_10g/p7b_mac_synth/mac_only/mac_tx_ooc/mac_tx_ooc.runs/impl_1/mac_tx_min_top_drc_opted.rpt.
report_drc completed successfully
INFO: [Timing 38-35] Done setting XDC timing constraints.
INFO: [Timing 38-480] Writing timing data to binary archive.
Write ShapeDB Complete: Time (s): cpu = 00:00:00 ; elapsed = 00:00:00.002 . Memory (MB): peak = 2808.008 ; gain = 0.000
INFO: [Common 17-1381] The checkpoint 'D:/repo/XCKU5PMini/udp_hls_10g/_proj_10g/p7b_mac_synth/mac_only/mac_tx_ooc/mac_tx_ooc.runs/impl_1/mac_tx_min_top_opt.dcp' has been generated.
Command: place_design -directive ExtraTimingOpt
Attempting to get a license for feature 'Implementation' and/or device 'xcku5p'
INFO: [Common 17-349] Got license for feature 'Implementation' and/or device 'xcku5p'
INFO: [Common 17-83] Releasing license: Implementation
INFO: [DRC 23-27] Running DRC with 8 threads
WARNING: [DRC 23-814] Not all possible (connectivity based) DRCs may have been run because this design is seen as Out of Context.
INFO: [Vivado_Tcl 4-198] DRC finished with 0 Errors
INFO: [Vivado_Tcl 4-199] Please refer to the DRC report (report_drc) for more information.
INFO: [Vivado_Tcl 4-2302] The placer was invoked with the 'ExtraTimingOpt' directive.
Running DRC as a precondition to command place_design
INFO: [DRC 23-27] Running DRC with 8 threads
WARNING: [DRC 23-814] Not all possible (connectivity based) DRCs may have been run because this design is seen as Out of Context.
INFO: [Vivado_Tcl 4-198] DRC finished with 0 Errors
INFO: [Vivado_Tcl 4-199] Please refer to the DRC report (report_drc) for more information.
INFO: [Place 30-611] Multithreading enabled for place_design using a maximum of 8 CPUs

Starting Placer Task

Phase 1 Placer Initialization

Phase 1.1 Placer Initialization Netlist Sorting
Netlist sorting complete. Time (s): cpu = 00:00:00 ; elapsed = 00:00:00.001 . Memory (MB): peak = 2808.008 ; gain = 0.000
Phase 1.1 Placer Initialization Netlist Sorting | Checksum: 11ec8f7c4

Time (s): cpu = 00:00:00 ; elapsed = 00:00:00.001 . Memory (MB): peak = 2808.008 ; gain = 0.000
Netlist sorting complete. Time (s): cpu = 00:00:00 ; elapsed = 00:00:00 . Memory (MB): peak = 2808.008 ; gain = 0.000

Phase 1.2 IO Placement/ Clock Placement/ Build Placer Device
Phase 1.2 IO Placement/ Clock Placement/ Build Placer Device | Checksum: 14f31916c

Time (s): cpu = 00:00:06 ; elapsed = 00:00:07 . Memory (MB): peak = 3496.820 ; gain = 688.812

Phase 1.3 Build Placer Netlist Model
Phase 1.3 Build Placer Netlist Model | Checksum: 1cd0d0511

Time (s): cpu = 00:00:08 ; elapsed = 00:00:07 . Memory (MB): peak = 3496.820 ; gain = 688.812

Phase 1.4 Constrain Clocks/Macros
Phase 1.4 Constrain Clocks/Macros | Checksum: 1cd0d0511

Time (s): cpu = 00:00:08 ; elapsed = 00:00:07 . Memory (MB): peak = 3496.820 ; gain = 688.812
Phase 1 Placer Initialization | Checksum: 1cd0d0511

Time (s): cpu = 00:00:08 ; elapsed = 00:00:07 . Memory (MB): peak = 3496.820 ; gain = 688.812

Phase 2 Global Placement

Phase 2.1 Floorplanning

Phase 2.1.1 Partition Driven Placement

Phase 2.1.1.1 PBP: Partition Driven Placement
Phase 2.1.1.1 PBP: Partition Driven Placement | Checksum: 1b3cf98c8

Time (s): cpu = 00:00:08 ; elapsed = 00:00:07 . Memory (MB): peak = 3496.820 ; gain = 688.812

Phase 2.1.1.2 PBP: Clock Region Placement
INFO: [Place 30-3162] Check ILP status : ILP-based clock placer completed successfully.
Phase 2.1.1.2 PBP: Clock Region Placement | Checksum: 206fdfc9b

Time (s): cpu = 00:00:09 ; elapsed = 00:00:08 . Memory (MB): peak = 3496.820 ; gain = 688.812

Phase 2.1.1.3 PBP: Compute Congestion
Phase 2.1.1.3 PBP: Compute Congestion | Checksum: 206fdfc9b

Time (s): cpu = 00:00:18 ; elapsed = 00:00:10 . Memory (MB): peak = 3643.574 ; gain = 835.566

Phase 2.1.1.4 PBP: UpdateTiming
Phase 2.1.1.4 PBP: UpdateTiming | Checksum: 1cba4e3e4

Time (s): cpu = 00:00:18 ; elapsed = 00:00:10 . Memory (MB): peak = 3643.574 ; gain = 835.566

Phase 2.1.1.5 PBP: Add part constraints
Phase 2.1.1.5 PBP: Add part constraints | Checksum: 1cba4e3e4

Time (s): cpu = 00:00:18 ; elapsed = 00:00:10 . Memory (MB): peak = 3643.574 ; gain = 835.566
Phase 2.1.1 Partition Driven Placement | Checksum: 1cba4e3e4

Time (s): cpu = 00:00:18 ; elapsed = 00:00:10 . Memory (MB): peak = 3643.574 ; gain = 835.566
Phase 2.1 Floorplanning | Checksum: 171db507f

Time (s): cpu = 00:00:18 ; elapsed = 00:00:10 . Memory (MB): peak = 3643.574 ; gain = 835.566

Phase 2.2 Update Timing before SLR Path Opt
Phase 2.2 Update Timing before SLR Path Opt | Checksum: 171db507f

Time (s): cpu = 00:00:18 ; elapsed = 00:00:10 . Memory (MB): peak = 3643.574 ; gain = 835.566

Phase 2.3 Post-Processing in Floorplanning
Phase 2.3 Post-Processing in Floorplanning | Checksum: 171db507f

Time (s): cpu = 00:00:18 ; elapsed = 00:00:10 . Memory (MB): peak = 3643.574 ; gain = 835.566

Phase 2.4 Global Place Phase1
Phase 2.4 Global Place Phase1 | Checksum: 1c12126d0

Time (s): cpu = 00:00:50 ; elapsed = 00:00:20 . Memory (MB): peak = 3757.488 ; gain = 949.480

Phase 2.5 Global Place Phase2

Phase 2.5.1 UpdateTiming Before Physical Synthesis
Phase 2.5.1 UpdateTiming Before Physical Synthesis | Checksum: 1fa062d13

Time (s): cpu = 00:00:51 ; elapsed = 00:00:20 . Memory (MB): peak = 3757.488 ; gain = 949.480

Phase 2.5.2 Physical Synthesis In Placer
INFO: [Physopt 32-1035] Found 0 LUTNM shape to break, 15 LUT instances to create LUTNM shape
INFO: [Physopt 32-1044] Break lutnm for timing: one critical 0, two critical 0, total 0, new lutff created 0
INFO: [Physopt 32-1138] End 1 Pass. Optimized 7 nets or LUTs. Breaked 0 LUT, combined 7 existing LUTs and moved 0 existing LUT
INFO: [Physopt 32-670] No setup violation found.  Equivalent Driver Rewiring was not performed.
INFO: [Physopt 32-65] No nets found for high-fanout optimization.
INFO: [Physopt 32-232] Optimized 0 net. Created 0 new instance.
INFO: [Physopt 32-775] End 1 Pass. Optimized 0 net or cell. Created 0 new cell, deleted 0 existing cell and moved 0 existing cell
INFO: [Physopt 32-670] No setup violation found.  DSP Register Optimization was not performed.
INFO: [Physopt 32-670] No setup violation found.  Shift Register to Pipeline Optimization was not performed.
INFO: [Physopt 32-670] No setup violation found.  Shift Register Optimization was not performed.
INFO: [Physopt 32-670] No setup violation found.  BRAM Register Optimization was not performed.
INFO: [Physopt 32-670] No setup violation found.  URAM Register Optimization was not performed.
INFO: [Physopt 32-949] No candidate nets found for dynamic/static region interface net replication
INFO: [Physopt 32-775] End 1 Pass. Optimized 0 net or cell. Created 0 new cell, deleted 0 existing cell and moved 0 existing cell
Netlist sorting complete. Time (s): cpu = 00:00:00 ; elapsed = 00:00:00 . Memory (MB): peak = 3757.488 ; gain = 0.000

Summary of Physical Synthesis Optimizations
============================================


-----------------------------------------------------------------------------------------------------------------------------------------------------------
|  Optimization                                     |  Added Cells  |  Removed Cells  |  Optimized Cells/Nets  |  Dont Touch  |  Iterations  |  Elapsed   |
-----------------------------------------------------------------------------------------------------------------------------------------------------------
|  LUT Combining                                    |            0  |              7  |                     7  |           0  |           1  |  00:00:00  |
|  Retime                                           |            0  |              0  |                     0  |           0  |           1  |  00:00:00  |
|  Equivalent Driver Rewiring                       |            0  |              0  |                     0  |           0  |           0  |  00:00:00  |
|  Very High Fanout                                 |            0  |              0  |                     0  |           0  |           1  |  00:00:00  |
|  DSP Register                                     |            0  |              0  |                     0  |           0  |           0  |  00:00:00  |
|  Shift Register to Pipeline                       |            0  |              0  |                     0  |           0  |           0  |  00:00:00  |
|  Shift Register                                   |            0  |              0  |                     0  |           0  |           0  |  00:00:00  |
|  BRAM Register                                    |            0  |              0  |                     0  |           0  |           0  |  00:00:00  |
|  URAM Register                                    |            0  |              0  |                     0  |           0  |           0  |  00:00:00  |
|  Dynamic/Static Region Interface Net Replication  |            0  |              0  |                     0  |           0  |           1  |  00:00:00  |
|  Total                                            |            0  |              7  |                     7  |           0  |           4  |  00:00:00  |
-----------------------------------------------------------------------------------------------------------------------------------------------------------


Phase 2.5.2 Physical Synthesis In Placer | Checksum: 185310710

Time (s): cpu = 00:00:51 ; elapsed = 00:00:20 . Memory (MB): peak = 3757.488 ; gain = 949.480
Phase 2.5 Global Place Phase2 | Checksum: 130e42f16

Time (s): cpu = 00:01:01 ; elapsed = 00:00:23 . Memory (MB): peak = 3757.488 ; gain = 949.480
Phase 2 Global Placement | Checksum: 130e42f16

Time (s): cpu = 00:01:01 ; elapsed = 00:00:23 . Memory (MB): peak = 3757.488 ; gain = 949.480

Phase 3 Detail Placement

Phase 3.1 Commit Multi Column Macros
Phase 3.1 Commit Multi Column Macros | Checksum: 146044061

Time (s): cpu = 00:01:11 ; elapsed = 00:00:26 . Memory (MB): peak = 3757.488 ; gain = 949.480

Phase 3.2 Commit Most Macros & LUTRAMs
Phase 3.2 Commit Most Macros & LUTRAMs | Checksum: 24cf72472

Time (s): cpu = 00:01:11 ; elapsed = 00:00:27 . Memory (MB): peak = 3757.488 ; gain = 949.480

Phase 3.3 Small Shape DP

Phase 3.3.1 Small Shape Clustering
Phase 3.3.1 Small Shape Clustering | Checksum: 19703e168

Time (s): cpu = 00:01:30 ; elapsed = 00:00:32 . Memory (MB): peak = 3757.488 ; gain = 949.480

Phase 3.3.2 Slice Area Swap

Phase 3.3.2.1 Slice Area Swap Initial
Phase 3.3.2.1 Slice Area Swap Initial | Checksum: 1b4fb5437

Time (s): cpu = 00:01:40 ; elapsed = 00:00:36 . Memory (MB): peak = 3758.305 ; gain = 950.297
Phase 3.3.2 Slice Area Swap | Checksum: 1b4fb5437

Time (s): cpu = 00:01:40 ; elapsed = 00:00:36 . Memory (MB): peak = 3758.305 ; gain = 950.297
Phase 3.3 Small Shape DP | Checksum: 24c4387a6

Time (s): cpu = 00:02:00 ; elapsed = 00:00:42 . Memory (MB): peak = 3780.590 ; gain = 972.582

Phase 3.4 Re-assign LUT pins
Phase 3.4 Re-assign LUT pins | Checksum: 1a10a5ccb

Time (s): cpu = 00:02:00 ; elapsed = 00:00:42 . Memory (MB): peak = 3780.590 ; gain = 972.582

Phase 3.5 Pipeline Register Optimization
Phase 3.5 Pipeline Register Optimization | Checksum: fa71c3d7

Time (s): cpu = 00:02:00 ; elapsed = 00:00:42 . Memory (MB): peak = 3780.590 ; gain = 972.582
Phase 3 Detail Placement | Checksum: fa71c3d7

Time (s): cpu = 00:02:00 ; elapsed = 00:00:42 . Memory (MB): peak = 3780.590 ; gain = 972.582

Phase 4 Post Placement Optimization and Clean-Up

Phase 4.1 Post Commit Optimization
INFO: [Timing 38-35] Done setting XDC timing constraints.

Phase 4.1.1 Post Placement Optimization
Post Placement Optimization Initialization | Checksum: 18f360f72

Phase 4.1.1.1 BUFG Insertion

Starting Physical Synthesis Task

Phase 1 Physical Synthesis Initialization
INFO: [Physopt 32-721] Multithreading enabled for phys_opt_design using a maximum of 8 CPUs
INFO: [Physopt 32-619] Estimated Timing Summary | WNS=-0.066 | TNS=-0.066 |
Phase 1 Physical Synthesis Initialization | Checksum: 1920cc390

Time (s): cpu = 00:00:00 ; elapsed = 00:00:00.027 . Memory (MB): peak = 3780.590 ; gain = 0.000
INFO: [Place 46-56] BUFG insertion identified 0 candidate nets. Inserted BUFG: 0, Replicated BUFG Driver: 0, Skipped due to Placement/Routing Conflicts: 0, Skipped due to Timing Degradation: 0, Skipped due to netlist editing failed: 0.
Ending Physical Synthesis Task | Checksum: 1f142983d

Time (s): cpu = 00:00:00 ; elapsed = 00:00:00.036 . Memory (MB): peak = 3780.590 ; gain = 0.000
Phase 4.1.1.1 BUFG Insertion | Checksum: 18f360f72

Time (s): cpu = 00:02:11 ; elapsed = 00:00:46 . Memory (MB): peak = 3780.590 ; gain = 972.582

Phase 4.1.1.2 Post Placement Timing Optimization
INFO: [Place 30-746] Post Placement Timing Summary WNS=0.516. For the most accurate timing information please run report_timing.
Phase 4.1.1.2 Post Placement Timing Optimization | Checksum: 1ef7c67cf

Time (s): cpu = 00:02:14 ; elapsed = 00:00:48 . Memory (MB): peak = 3780.590 ; gain = 972.582

Time (s): cpu = 00:02:14 ; elapsed = 00:00:48 . Memory (MB): peak = 3780.590 ; gain = 972.582
Phase 4.1 Post Commit Optimization | Checksum: 1ef7c67cf

Time (s): cpu = 00:02:14 ; elapsed = 00:00:48 . Memory (MB): peak = 3780.590 ; gain = 972.582
Netlist sorting complete. Time (s): cpu = 00:00:00 ; elapsed = 00:00:00.001 . Memory (MB): peak = 3848.602 ; gain = 0.000

Phase 4.2 Post Placement Cleanup
Phase 4.2 Post Placement Cleanup | Checksum: 225fa1e38

Time (s): cpu = 00:02:25 ; elapsed = 00:00:53 . Memory (MB): peak = 3848.602 ; gain = 1040.594

Phase 4.3 Placer Reporting

Phase 4.3.1 Print Estimated Congestion
INFO: [Place 30-612] Post-Placement Estimated Congestion 
 ________________________________________________________________________
|           | Global Congestion | Long Congestion   | Short Congestion  |
| Direction | Region Size       | Region Size       | Region Size       |
|___________|___________________|___________________|___________________|
|      North|                1x1|                1x1|                8x8|
|___________|___________________|___________________|___________________|
|      South|                1x1|                1x1|                4x4|
|___________|___________________|___________________|___________________|
|       East|                4x4|                1x1|                8x8|
|___________|___________________|___________________|___________________|
|       West|                1x1|                1x1|                8x8|
|___________|___________________|___________________|___________________|

Phase 4.3.1 Print Estimated Congestion | Checksum: 225fa1e38

Time (s): cpu = 00:02:25 ; elapsed = 00:00:53 . Memory (MB): peak = 3848.602 ; gain = 1040.594
Phase 4.3 Placer Reporting | Checksum: 225fa1e38

Time (s): cpu = 00:02:25 ; elapsed = 00:00:53 . Memory (MB): peak = 3848.602 ; gain = 1040.594

Phase 4.4 Final Placement Cleanup
Netlist sorting complete. Time (s): cpu = 00:00:00 ; elapsed = 00:00:00.001 . Memory (MB): peak = 3848.602 ; gain = 0.000

Time (s): cpu = 00:02:25 ; elapsed = 00:00:53 . Memory (MB): peak = 3848.602 ; gain = 1040.594
Phase 4 Post Placement Optimization and Clean-Up | Checksum: 2672555d9

Time (s): cpu = 00:02:25 ; elapsed = 00:00:53 . Memory (MB): peak = 3848.602 ; gain = 1040.594
Ending Placer Task | Checksum: 205a37559

Time (s): cpu = 00:02:25 ; elapsed = 00:00:53 . Memory (MB): peak = 3848.602 ; gain = 1040.594
69 Infos, 4 Warnings, 0 Critical Warnings and 0 Errors encountered.
place_design completed successfully
place_design: Time (s): cpu = 00:02:27 ; elapsed = 00:00:53 . Memory (MB): peak = 3848.602 ; gain = 1040.594
INFO: [Vivado 12-24838] Running report commands "report_control_sets, report_io, report_utilization" in parallel.
Running report generation with 3 threads.
INFO: [Vivado 12-24828] Executing command : report_control_sets -verbose -file mac_tx_min_top_control_sets_placed.rpt
report_control_sets: Time (s): cpu = 00:00:00 ; elapsed = 00:00:00.003 . Memory (MB): peak = 3848.602 ; gain = 0.000
INFO: [Vivado 12-24828] Executing command : report_utilization -file mac_tx_min_top_utilization_placed.rpt -pb mac_tx_min_top_utilization_placed.pb
INFO: [Vivado 12-24828] Executing command : report_io -file mac_tx_min_top_io_placed.rpt
report_io: Time (s): cpu = 00:00:00 ; elapsed = 00:00:00.078 . Memory (MB): peak = 3848.602 ; gain = 0.000
INFO: [Timing 38-480] Writing timing data to binary archive.
Write ShapeDB Complete: Time (s): cpu = 00:00:00 ; elapsed = 00:00:00.002 . Memory (MB): peak = 3848.602 ; gain = 0.000
Wrote PlaceDB: Time (s): cpu = 00:00:00 ; elapsed = 00:00:00.062 . Memory (MB): peak = 3848.602 ; gain = 0.000
Wrote PulsedLatchDB: Time (s): cpu = 00:00:00 ; elapsed = 00:00:00 . Memory (MB): peak = 3848.602 ; gain = 0.000
Writing XDEF routing.
Writing XDEF routing logical nets.
Writing XDEF routing special nets.
Wrote RouteStorage: Time (s): cpu = 00:00:00 ; elapsed = 00:00:00.036 . Memory (MB): peak = 3848.602 ; gain = 0.000
Wrote Netlist Cache: Time (s): cpu = 00:00:00 ; elapsed = 00:00:00.001 . Memory (MB): peak = 3848.602 ; gain = 0.000
Wrote Device Cache: Time (s): cpu = 00:00:00 ; elapsed = 00:00:00.013 . Memory (MB): peak = 3848.602 ; gain = 0.000
Write Physdb Complete: Time (s): cpu = 00:00:00 ; elapsed = 00:00:00.122 . Memory (MB): peak = 3848.602 ; gain = 0.000
INFO: [Common 17-1381] The checkpoint 'D:/repo/XCKU5PMini/udp_hls_10g/_proj_10g/p7b_mac_synth/mac_only/mac_tx_ooc/mac_tx_ooc.runs/impl_1/mac_tx_min_top_placed.dcp' has been generated.
Command: phys_opt_design -directive Explore
Attempting to get a license for feature 'Implementation' and/or device 'xcku5p'
INFO: [Common 17-349] Got license for feature 'Implementation' and/or device 'xcku5p'
INFO: [Vivado_Tcl 4-137] Directive used for phys_opt_design is: Explore

Starting Initial Update Timing Task

Time (s): cpu = 00:00:00 ; elapsed = 00:00:00.149 . Memory (MB): peak = 3848.602 ; gain = 0.000
INFO: [Vivado_Tcl 4-2279] Estimated Timing Summary | WNS= 0.516 | TNS= 0.000 | 
INFO: [Vivado_Tcl 4-383] Design worst setup slack (WNS) is greater than or equal to 0.000 ns. All physical synthesis setup optimizations will be skipped.
INFO: [Vivado_Tcl 4-232] No setup violation found. The netlist was not modified.
INFO: [Common 17-83] Releasing license: Implementation
81 Infos, 4 Warnings, 0 Critical Warnings and 0 Errors encountered.
phys_opt_design completed successfully
INFO: [Timing 38-480] Writing timing data to binary archive.
Write ShapeDB Complete: Time (s): cpu = 00:00:00 ; elapsed = 00:00:00.002 . Memory (MB): peak = 3848.602 ; gain = 0.000
Wrote PlaceDB: Time (s): cpu = 00:00:00 ; elapsed = 00:00:00.061 . Memory (MB): peak = 3848.602 ; gain = 0.000
Wrote PulsedLatchDB: Time (s): cpu = 00:00:00 ; elapsed = 00:00:00 . Memory (MB): peak = 3848.602 ; gain = 0.000
Writing XDEF routing.
Writing XDEF routing logical nets.
Writing XDEF routing special nets.
Wrote RouteStorage: Time (s): cpu = 00:00:00 ; elapsed = 00:00:00.034 . Memory (MB): peak = 3848.602 ; gain = 0.000
Wrote Netlist Cache: Time (s): cpu = 00:00:00 ; elapsed = 00:00:00.002 . Memory (MB): peak = 3848.602 ; gain = 0.000
Wrote Device Cache: Time (s): cpu = 00:00:00 ; elapsed = 00:00:00.013 . Memory (MB): peak = 3848.602 ; gain = 0.000
Write Physdb Complete: Time (s): cpu = 00:00:00 ; elapsed = 00:00:00.120 . Memory (MB): peak = 3848.602 ; gain = 0.000
INFO: [Common 17-1381] The checkpoint 'D:/repo/XCKU5PMini/udp_hls_10g/_proj_10g/p7b_mac_synth/mac_only/mac_tx_ooc/mac_tx_ooc.runs/impl_1/mac_tx_min_top_physopt.dcp' has been generated.
Command: route_design -directive NoTimingRelaxation
Attempting to get a license for feature 'Implementation' and/or device 'xcku5p'
INFO: [Common 17-349] Got license for feature 'Implementation' and/or device 'xcku5p'


Starting Routing Task
INFO: [Route 35-270] Using Router directive 'NoTimingRelaxation'.
INFO: [Route 35-254] Multithreading enabled for route_design using a maximum of 8 CPUs

Phase 1 Build RT Design
Checksum: PlaceDB: 9270fe22 ConstDB: 0 ShapeSum: 860dcd72 RouteDB: ed24a9c5
Nodegraph reading from file.  Time (s): cpu = 00:00:01 ; elapsed = 00:00:00.439 . Memory (MB): peak = 3848.602 ; gain = 0.000
WARNING: [Route 35-198] Port "s_axis_tdata[50]" does not have an associated HD.PARTPIN_LOCS, which will prevent the partial routing of the signal "s_axis_tdata[50]". Without this partial route, timing analysis to/from this port will not be accurate, and no routing information for this port can be exported.
WARNING: [Route 35-198] Port "rst_n" does not have an associated HD.PARTPIN_LOCS, which will prevent the partial routing of the signal "rst_n". Without this partial route, timing analysis to/from this port will not be accurate, and no routing information for this port can be exported.
WARNING: [Route 35-198] Port "s_axis_tdata[55]" does not have an associated HD.PARTPIN_LOCS, which will prevent the partial routing of the signal "s_axis_tdata[55]". Without this partial route, timing analysis to/from this port will not be accurate, and no routing information for this port can be exported.
WARNING: [Route 35-198] Port "s_axis_tdata[52]" does not have an associated HD.PARTPIN_LOCS, which will prevent the partial routing of the signal "s_axis_tdata[52]". Without this partial route, timing analysis to/from this port will not be accurate, and no routing information for this port can be exported.
WARNING: [Route 35-198] Port "s_axis_tdata[51]" does not have an associated HD.PARTPIN_LOCS, which will prevent the partial routing of the signal "s_axis_tdata[51]". Without this partial route, timing analysis to/from this port will not be accurate, and no routing information for this port can be exported.
WARNING: [Route 35-198] Port "s_axis_tdata[59]" does not have an associated HD.PARTPIN_LOCS, which will prevent the partial routing of the signal "s_axis_tdata[59]". Without this partial route, timing analysis to/from this port will not be accurate, and no routing information for this port can be exported.
WARNING: [Route 35-198] Port "s_axis_tdata[60]" does not have an associated HD.PARTPIN_LOCS, which will prevent the partial routing of the signal "s_axis_tdata[60]". Without this partial route, timing analysis to/from this port will not be accurate, and no routing information for this port can be exported.
WARNING: [Route 35-198] Port "s_axis_tdata[57]" does not have an associated HD.PARTPIN_LOCS, which will prevent the partial routing of the signal "s_axis_tdata[57]". Without this partial route, timing analysis to/from this port will not be accurate, and no routing information for this port can be exported.
WARNING: [Route 35-198] Port "s_axis_tdata[58]" does not have an associated HD.PARTPIN_LOCS, which will prevent the partial routing of the signal "s_axis_tdata[58]". Without this partial route, timing analysis to/from this port will not be accurate, and no routing information for this port can be exported.
WARNING: [Route 35-198] Port "s_axis_tdata[56]" does not have an associated HD.PARTPIN_LOCS, which will prevent the partial routing of the signal "s_axis_tdata[56]". Without this partial route, timing analysis to/from this port will not be accurate, and no routing information for this port can be exported.
WARNING: [Route 35-198] Port "s_axis_tdata[53]" does not have an associated HD.PARTPIN_LOCS, which will prevent the partial routing of the signal "s_axis_tdata[53]". Without this partial route, timing analysis to/from this port will not be accurate, and no routing information for this port can be exported.
WARNING: [Route 35-198] Port "s_axis_tdata[54]" does not have an associated HD.PARTPIN_LOCS, which will prevent the partial routing of the signal "s_axis_tdata[54]". Without this partial route, timing analysis to/from this port will not be accurate, and no routing information for this port can be exported.
WARNING: [Route 35-198] Port "s_axis_tdata[49]" does not have an associated HD.PARTPIN_LOCS, which will prevent the partial routing of the signal "s_axis_tdata[49]". Without this partial route, timing analysis to/from this port will not be accurate, and no routing information for this port can be exported.
WARNING: [Route 35-198] Port "s_axis_tdata[47]" does not have an associated HD.PARTPIN_LOCS, which will prevent the partial routing of the signal "s_axis_tdata[47]". Without this partial route, timing analysis to/from this port will not be accurate, and no routing information for this port can be exported.
WARNING: [Route 35-198] Port "s_axis_tdata[48]" does not have an associated HD.PARTPIN_LOCS, which will prevent the partial routing of the signal "s_axis_tdata[48]". Without this partial route, timing analysis to/from this port will not be accurate, and no routing information for this port can be exported.
WARNING: [Route 35-198] Port "s_axis_tvalid" does not have an associated HD.PARTPIN_LOCS, which will prevent the partial routing of the signal "s_axis_tvalid". Without this partial route, timing analysis to/from this port will not be accurate, and no routing information for this port can be exported.
WARNING: [Route 35-198] Port "s_axis_tdata[2]" does not have an associated HD.PARTPIN_LOCS, which will prevent the partial routing of the signal "s_axis_tdata[2]". Without this partial route, timing analysis to/from this port will not be accurate, and no routing information for this port can be exported.
WARNING: [Route 35-198] Port "s_axis_tkeep[6]" does not have an associated HD.PARTPIN_LOCS, which will prevent the partial routing of the signal "s_axis_tkeep[6]". Without this partial route, timing analysis to/from this port will not be accurate, and no routing information for this port can be exported.
WARNING: [Route 35-198] Port "s_axis_tkeep[2]" does not have an associated HD.PARTPIN_LOCS, which will prevent the partial routing of the signal "s_axis_tkeep[2]". Without this partial route, timing analysis to/from this port will not be accurate, and no routing information for this port can be exported.
WARNING: [Route 35-198] Port "s_axis_tlast" does not have an associated HD.PARTPIN_LOCS, which will prevent the partial routing of the signal "s_axis_tlast". Without this partial route, timing analysis to/from this port will not be accurate, and no routing information for this port can be exported.
WARNING: [Route 35-198] Port "s_axis_tdata[63]" does not have an associated HD.PARTPIN_LOCS, which will prevent the partial routing of the signal "s_axis_tdata[63]". Without this partial route, timing analysis to/from this port will not be accurate, and no routing information for this port can be exported.
WARNING: [Route 35-198] Port "s_axis_tdata[61]" does not have an associated HD.PARTPIN_LOCS, which will prevent the partial routing of the signal "s_axis_tdata[61]". Without this partial route, timing analysis to/from this port will not be accurate, and no routing information for this port can be exported.
WARNING: [Route 35-198] Port "s_axis_tdata[62]" does not have an associated HD.PARTPIN_LOCS, which will prevent the partial routing of the signal "s_axis_tdata[62]". Without this partial route, timing analysis to/from this port will not be accurate, and no routing information for this port can be exported.
WARNING: [Route 35-198] Port "s_axis_tdata[5]" does not have an associated HD.PARTPIN_LOCS, which will prevent the partial routing of the signal "s_axis_tdata[5]". Without this partial route, timing analysis to/from this port will not be accurate, and no routing information for this port can be exported.
WARNING: [Route 35-198] Port "s_axis_tdata[17]" does not have an associated HD.PARTPIN_LOCS, which will prevent the partial routing of the signal "s_axis_tdata[17]". Without this partial route, timing analysis to/from this port will not be accurate, and no routing information for this port can be exported.
WARNING: [Route 35-198] Port "s_axis_tdata[18]" does not have an associated HD.PARTPIN_LOCS, which will prevent the partial routing of the signal "s_axis_tdata[18]". Without this partial route, timing analysis to/from this port will not be accurate, and no routing information for this port can be exported.
WARNING: [Route 35-198] Port "s_axis_tdata[15]" does not have an associated HD.PARTPIN_LOCS, which will prevent the partial routing of the signal "s_axis_tdata[15]". Without this partial route, timing analysis to/from this port will not be accurate, and no routing information for this port can be exported.
WARNING: [Route 35-198] Port "s_axis_tdata[16]" does not have an associated HD.PARTPIN_LOCS, which will prevent the partial routing of the signal "s_axis_tdata[16]". Without this partial route, timing analysis to/from this port will not be accurate, and no routing information for this port can be exported.
WARNING: [Route 35-198] Port "s_axis_tdata[13]" does not have an associated HD.PARTPIN_LOCS, which will prevent the partial routing of the signal "s_axis_tdata[13]". Without this partial route, timing analysis to/from this port will not be accurate, and no routing information for this port can be exported.
WARNING: [Route 35-198] Port "s_axis_tdata[14]" does not have an associated HD.PARTPIN_LOCS, which will prevent the partial routing of the signal "s_axis_tdata[14]". Without this partial route, timing analysis to/from this port will not be accurate, and no routing information for this port can be exported.
WARNING: [Route 35-198] Port "s_axis_tdata[11]" does not have an associated HD.PARTPIN_LOCS, which will prevent the partial routing of the signal "s_axis_tdata[11]". Without this partial route, timing analysis to/from this port will not be accurate, and no routing information for this port can be exported.
WARNING: [Route 35-198] Port "s_axis_tdata[12]" does not have an associated HD.PARTPIN_LOCS, which will prevent the partial routing of the signal "s_axis_tdata[12]". Without this partial route, timing analysis to/from this port will not be accurate, and no routing information for this port can be exported.
WARNING: [Route 35-198] Port "s_axis_tdata[9]" does not have an associated HD.PARTPIN_LOCS, which will prevent the partial routing of the signal "s_axis_tdata[9]". Without this partial route, timing analysis to/from this port will not be accurate, and no routing information for this port can be exported.
WARNING: [Route 35-198] Port "s_axis_tdata[10]" does not have an associated HD.PARTPIN_LOCS, which will prevent the partial routing of the signal "s_axis_tdata[10]". Without this partial route, timing analysis to/from this port will not be accurate, and no routing information for this port can be exported.
WARNING: [Route 35-198] Port "s_axis_tdata[7]" does not have an associated HD.PARTPIN_LOCS, which will prevent the partial routing of the signal "s_axis_tdata[7]". Without this partial route, timing analysis to/from this port will not be accurate, and no routing information for this port can be exported.
WARNING: [Route 35-198] Port "s_axis_tdata[8]" does not have an associated HD.PARTPIN_LOCS, which will prevent the partial routing of the signal "s_axis_tdata[8]". Without this partial route, timing analysis to/from this port will not be accurate, and no routing information for this port can be exported.
WARNING: [Route 35-198] Port "s_axis_tdata[6]" does not have an associated HD.PARTPIN_LOCS, which will prevent the partial routing of the signal "s_axis_tdata[6]". Without this partial route, timing analysis to/from this port will not be accurate, and no routing information for this port can be exported.
WARNING: [Route 35-198] Port "s_axis_tdata[3]" does not have an associated HD.PARTPIN_LOCS, which will prevent the partial routing of the signal "s_axis_tdata[3]". Without this partial route, timing analysis to/from this port will not be accurate, and no routing information for this port can be exported.
WARNING: [Route 35-198] Port "s_axis_tdata[4]" does not have an associated HD.PARTPIN_LOCS, which will prevent the partial routing of the signal "s_axis_tdata[4]". Without this partial route, timing analysis to/from this port will not be accurate, and no routing information for this port can be exported.
WARNING: [Route 35-198] Port "s_axis_tdata[1]" does not have an associated HD.PARTPIN_LOCS, which will prevent the partial routing of the signal "s_axis_tdata[1]". Without this partial route, timing analysis to/from this port will not be accurate, and no routing information for this port can be exported.
WARNING: [Route 35-198] Port "s_axis_tkeep[7]" does not have an associated HD.PARTPIN_LOCS, which will prevent the partial routing of the signal "s_axis_tkeep[7]". Without this partial route, timing analysis to/from this port will not be accurate, and no routing information for this port can be exported.
WARNING: [Route 35-198] Port "s_axis_tdata[0]" does not have an associated HD.PARTPIN_LOCS, which will prevent the partial routing of the signal "s_axis_tdata[0]". Without this partial route, timing analysis to/from this port will not be accurate, and no routing information for this port can be exported.
WARNING: [Route 35-198] Port "s_axis_tkeep[5]" does not have an associated HD.PARTPIN_LOCS, which will prevent the partial routing of the signal "s_axis_tkeep[5]". Without this partial route, timing analysis to/from this port will not be accurate, and no routing information for this port can be exported.
WARNING: [Route 35-198] Port "s_axis_tkeep[3]" does not have an associated HD.PARTPIN_LOCS, which will prevent the partial routing of the signal "s_axis_tkeep[3]". Without this partial route, timing analysis to/from this port will not be accurate, and no routing information for this port can be exported.
WARNING: [Route 35-198] Port "s_axis_tkeep[4]" does not have an associated HD.PARTPIN_LOCS, which will prevent the partial routing of the signal "s_axis_tkeep[4]". Without this partial route, timing analysis to/from this port will not be accurate, and no routing information for this port can be exported.
WARNING: [Route 35-198] Port "s_axis_tkeep[1]" does not have an associated HD.PARTPIN_LOCS, which will prevent the partial routing of the signal "s_axis_tkeep[1]". Without this partial route, timing analysis to/from this port will not be accurate, and no routing information for this port can be exported.
WARNING: [Route 35-198] Port "s_axis_tkeep[0]" does not have an associated HD.PARTPIN_LOCS, which will prevent the partial routing of the signal "s_axis_tkeep[0]". Without this partial route, timing analysis to/from this port will not be accurate, and no routing information for this port can be exported.
WARNING: [Route 35-198] Port "s_axis_tdata[45]" does not have an associated HD.PARTPIN_LOCS, which will prevent the partial routing of the signal "s_axis_tdata[45]". Without this partial route, timing analysis to/from this port will not be accurate, and no routing information for this port can be exported.
WARNING: [Route 35-198] Port "s_axis_tdata[46]" does not have an associated HD.PARTPIN_LOCS, which will prevent the partial routing of the signal "s_axis_tdata[46]". Without this partial route, timing analysis to/from this port will not be accurate, and no routing information for this port can be exported.
WARNING: [Route 35-198] Port "s_axis_tdata[43]" does not have an associated HD.PARTPIN_LOCS, which will prevent the partial routing of the signal "s_axis_tdata[43]". Without this partial route, timing analysis to/from this port will not be accurate, and no routing information for this port can be exported.
WARNING: [Route 35-198] Port "s_axis_tdata[44]" does not have an associated HD.PARTPIN_LOCS, which will prevent the partial routing of the signal "s_axis_tdata[44]". Without this partial route, timing analysis to/from this port will not be accurate, and no routing information for this port can be exported.
WARNING: [Route 35-198] Port "s_axis_tdata[41]" does not have an associated HD.PARTPIN_LOCS, which will prevent the partial routing of the signal "s_axis_tdata[41]". Without this partial route, timing analysis to/from this port will not be accurate, and no routing information for this port can be exported.
WARNING: [Route 35-198] Port "s_axis_tdata[42]" does not have an associated HD.PARTPIN_LOCS, which will prevent the partial routing of the signal "s_axis_tdata[42]". Without this partial route, timing analysis to/from this port will not be accurate, and no routing information for this port can be exported.
WARNING: [Route 35-198] Port "s_axis_tdata[39]" does not have an associated HD.PARTPIN_LOCS, which will prevent the partial routing of the signal "s_axis_tdata[39]". Without this partial route, timing analysis to/from this port will not be accurate, and no routing information for this port can be exported.
WARNING: [Route 35-198] Port "s_axis_tdata[40]" does not have an associated HD.PARTPIN_LOCS, which will prevent the partial routing of the signal "s_axis_tdata[40]". Without this partial route, timing analysis to/from this port will not be accurate, and no routing information for this port can be exported.
WARNING: [Route 35-198] Port "s_axis_tdata[37]" does not have an associated HD.PARTPIN_LOCS, which will prevent the partial routing of the signal "s_axis_tdata[37]". Without this partial route, timing analysis to/from this port will not be accurate, and no routing information for this port can be exported.
WARNING: [Route 35-198] Port "s_axis_tdata[38]" does not have an associated HD.PARTPIN_LOCS, which will prevent the partial routing of the signal "s_axis_tdata[38]". Without this partial route, timing analysis to/from this port will not be accurate, and no routing information for this port can be exported.
WARNING: [Route 35-198] Port "s_axis_tdata[35]" does not have an associated HD.PARTPIN_LOCS, which will prevent the partial routing of the signal "s_axis_tdata[35]". Without this partial route, timing analysis to/from this port will not be accurate, and no routing information for this port can be exported.
WARNING: [Route 35-198] Port "s_axis_tdata[36]" does not have an associated HD.PARTPIN_LOCS, which will prevent the partial routing of the signal "s_axis_tdata[36]". Without this partial route, timing analysis to/from this port will not be accurate, and no routing information for this port can be exported.
WARNING: [Route 35-198] Port "s_axis_tdata[33]" does not have an associated HD.PARTPIN_LOCS, which will prevent the partial routing of the signal "s_axis_tdata[33]". Without this partial route, timing analysis to/from this port will not be accurate, and no routing information for this port can be exported.
WARNING: [Route 35-198] Port "s_axis_tdata[34]" does not have an associated HD.PARTPIN_LOCS, which will prevent the partial routing of the signal "s_axis_tdata[34]". Without this partial route, timing analysis to/from this port will not be accurate, and no routing information for this port can be exported.
WARNING: [Route 35-198] Port "s_axis_tdata[31]" does not have an associated HD.PARTPIN_LOCS, which will prevent the partial routing of the signal "s_axis_tdata[31]". Without this partial route, timing analysis to/from this port will not be accurate, and no routing information for this port can be exported.
WARNING: [Route 35-198] Port "s_axis_tdata[32]" does not have an associated HD.PARTPIN_LOCS, which will prevent the partial routing of the signal "s_axis_tdata[32]". Without this partial route, timing analysis to/from this port will not be accurate, and no routing information for this port can be exported.
WARNING: [Route 35-198] Port "s_axis_tdata[29]" does not have an associated HD.PARTPIN_LOCS, which will prevent the partial routing of the signal "s_axis_tdata[29]". Without this partial route, timing analysis to/from this port will not be accurate, and no routing information for this port can be exported.
WARNING: [Route 35-198] Port "s_axis_tdata[30]" does not have an associated HD.PARTPIN_LOCS, which will prevent the partial routing of the signal "s_axis_tdata[30]". Without this partial route, timing analysis to/from this port will not be accurate, and no routing information for this port can be exported.
WARNING: [Route 35-198] Port "s_axis_tdata[27]" does not have an associated HD.PARTPIN_LOCS, which will prevent the partial routing of the signal "s_axis_tdata[27]". Without this partial route, timing analysis to/from this port will not be accurate, and no routing information for this port can be exported.
WARNING: [Route 35-198] Port "s_axis_tdata[28]" does not have an associated HD.PARTPIN_LOCS, which will prevent the partial routing of the signal "s_axis_tdata[28]". Without this partial route, timing analysis to/from this port will not be accurate, and no routing information for this port can be exported.
WARNING: [Route 35-198] Port "s_axis_tdata[25]" does not have an associated HD.PARTPIN_LOCS, which will prevent the partial routing of the signal "s_axis_tdata[25]". Without this partial route, timing analysis to/from this port will not be accurate, and no routing information for this port can be exported.
WARNING: [Route 35-198] Port "s_axis_tdata[26]" does not have an associated HD.PARTPIN_LOCS, which will prevent the partial routing of the signal "s_axis_tdata[26]". Without this partial route, timing analysis to/from this port will not be accurate, and no routing information for this port can be exported.
WARNING: [Route 35-198] Port "s_axis_tdata[23]" does not have an associated HD.PARTPIN_LOCS, which will prevent the partial routing of the signal "s_axis_tdata[23]". Without this partial route, timing analysis to/from this port will not be accurate, and no routing information for this port can be exported.
WARNING: [Route 35-198] Port "s_axis_tdata[24]" does not have an associated HD.PARTPIN_LOCS, which will prevent the partial routing of the signal "s_axis_tdata[24]". Without this partial route, timing analysis to/from this port will not be accurate, and no routing information for this port can be exported.
WARNING: [Route 35-198] Port "s_axis_tdata[21]" does not have an associated HD.PARTPIN_LOCS, which will prevent the partial routing of the signal "s_axis_tdata[21]". Without this partial route, timing analysis to/from this port will not be accurate, and no routing information for this port can be exported.
WARNING: [Route 35-198] Port "s_axis_tdata[22]" does not have an associated HD.PARTPIN_LOCS, which will prevent the partial routing of the signal "s_axis_tdata[22]". Without this partial route, timing analysis to/from this port will not be accurate, and no routing information for this port can be exported.
WARNING: [Route 35-198] Port "s_axis_tdata[19]" does not have an associated HD.PARTPIN_LOCS, which will prevent the partial routing of the signal "s_axis_tdata[19]". Without this partial route, timing analysis to/from this port will not be accurate, and no routing information for this port can be exported.
WARNING: [Route 35-198] Port "s_axis_tdata[20]" does not have an associated HD.PARTPIN_LOCS, which will prevent the partial routing of the signal "s_axis_tdata[20]". Without this partial route, timing analysis to/from this port will not be accurate, and no routing information for this port can be exported.
Post Restoration Checksum: NetGraph: 78ab4363 | NumContArr: 42c496d9 | Constraints: c2a8fa9d | Timing: c2a8fa9d
Phase 1 Build RT Design | Checksum: 240c1cf76

Time (s): cpu = 00:00:03 ; elapsed = 00:00:02 . Memory (MB): peak = 3848.602 ; gain = 0.000

Phase 2 Router Initialization

Phase 2.1 Fix Topology Constraints
Phase 2.1 Fix Topology Constraints | Checksum: 240c1cf76

Time (s): cpu = 00:00:03 ; elapsed = 00:00:02 . Memory (MB): peak = 3848.602 ; gain = 0.000

Phase 2.2 Pre Route Cleanup
Phase 2.2 Pre Route Cleanup | Checksum: 240c1cf76

Time (s): cpu = 00:00:03 ; elapsed = 00:00:02 . Memory (MB): peak = 3848.602 ; gain = 0.000

Phase 2.3 Global Clock Net Routing
Phase 2.3 Global Clock Net Routing | Checksum: 240c1cf76

Time (s): cpu = 00:00:04 ; elapsed = 00:00:03 . Memory (MB): peak = 3848.602 ; gain = 0.000

Phase 2.4 Update Timing
Phase 2.4 Update Timing | Checksum: 25cf0ceb7

Time (s): cpu = 00:00:04 ; elapsed = 00:00:03 . Memory (MB): peak = 3848.602 ; gain = 0.000
INFO: [Route 35-416] Intermediate Timing Summary | WNS=0.648  | TNS=0.000  | WHS=-1.216 | THS=-257.641|


Phase 2.5 Soft Constraint Pins - Fast Budgeting
Phase 2.5 Soft Constraint Pins - Fast Budgeting | Checksum: 26edb0b3c

Time (s): cpu = 00:00:05 ; elapsed = 00:00:03 . Memory (MB): peak = 3848.602 ; gain = 0.000

Router Utilization Summary
  Global Vertical Routing Utilization    = 0 %
  Global Horizontal Routing Utilization  = 0 %
  Routable Net Status*
  *Does not include unroutable nets such as driverless and loadless.
  Run report_route_status for detailed report.
  Number of Failed Nets               = 2113
    (Failed Nets is the sum of unrouted and partially routed nets)
  Number of Unrouted Nets             = 1078
  Number of Partially Routed Nets     = 1035
  Number of Node Overlaps             = 0

Phase 2 Router Initialization | Checksum: 2147b5909

Time (s): cpu = 00:00:05 ; elapsed = 00:00:04 . Memory (MB): peak = 3848.602 ; gain = 0.000

Phase 3 Global Routing
Phase 3 Global Routing | Checksum: 2147b5909

Time (s): cpu = 00:00:05 ; elapsed = 00:00:04 . Memory (MB): peak = 3848.602 ; gain = 0.000

Phase 4 Initial Routing

Phase 4.1 Initial Net Routing Pass
Phase 4.1 Initial Net Routing Pass | Checksum: 231782cc6

Time (s): cpu = 00:00:18 ; elapsed = 00:00:15 . Memory (MB): peak = 4113.906 ; gain = 265.305
Phase 4 Initial Routing | Checksum: 2596006c8

Time (s): cpu = 00:00:18 ; elapsed = 00:00:15 . Memory (MB): peak = 4113.906 ; gain = 265.305
INFO: [Route 35-580] Design has 73 pins with tight setup and hold constraints.

The top 5 pins with tight setup and hold constraints:

+====================+===================+=============================+
| Launch Setup Clock | Launch Hold Clock | Pin                         |
+====================+===================+=============================+
| clk                | clk               | u_dut/u_fifo/dout_reg[9]/D  |
| clk                | clk               | u_dut/u_fifo/dout_reg[1]/D  |
| clk                | clk               | u_dut/u_fifo/dout_reg[36]/D |
| clk                | clk               | u_dut/u_fifo/dout_reg[8]/D  |
| clk                | clk               | u_dut/u_fifo/dout_reg[34]/D |
+--------------------+-------------------+-----------------------------+

File with complete list of pins: tight_setup_hold_pins.txt


Phase 5 Rip-up And Reroute

Phase 5.1 Global Iteration 0
 Number of Nodes with overlaps = 1339
 Number of Nodes with overlaps = 297
 Number of Nodes with overlaps = 96
 Number of Nodes with overlaps = 38
 Number of Nodes with overlaps = 15
 Number of Nodes with overlaps = 2
 Number of Nodes with overlaps = 1
 Number of Nodes with overlaps = 0
INFO: [Route 35-416] Intermediate Timing Summary | WNS=0.282  | TNS=0.000  | WHS=-2.146 | THS=-330.574|

Phase 5.1 Global Iteration 0 | Checksum: 234ca23c6

Time (s): cpu = 00:00:27 ; elapsed = 00:00:20 . Memory (MB): peak = 4113.906 ; gain = 265.305

Phase 5.2 Additional Iteration for Hold
Phase 5.2 Additional Iteration for Hold | Checksum: 27474f1a3

Time (s): cpu = 00:00:27 ; elapsed = 00:00:20 . Memory (MB): peak = 4113.906 ; gain = 265.305
Phase 5 Rip-up And Reroute | Checksum: 27474f1a3

Time (s): cpu = 00:00:27 ; elapsed = 00:00:20 . Memory (MB): peak = 4113.906 ; gain = 265.305

Phase 6 Delay and Skew Optimization

Phase 6.1 Delay CleanUp
INFO: [Route 35-416] Intermediate Timing Summary | WNS=0.282  | TNS=0.000  | WHS=-2.146 | THS=-330.455|

INFO: [Route 35-416] Intermediate Timing Summary | WNS=0.282  | TNS=0.000  | WHS=-2.146 | THS=-330.455|

Phase 6.1 Delay CleanUp | Checksum: 1e87476b7

Time (s): cpu = 00:00:27 ; elapsed = 00:00:20 . Memory (MB): peak = 4113.906 ; gain = 265.305

Phase 6.2 Clock Skew Optimization
Phase 6.2 Clock Skew Optimization | Checksum: 1e87476b7

Time (s): cpu = 00:00:27 ; elapsed = 00:00:20 . Memory (MB): peak = 4113.906 ; gain = 265.305
Phase 6 Delay and Skew Optimization | Checksum: 1e87476b7

Time (s): cpu = 00:00:27 ; elapsed = 00:00:20 . Memory (MB): peak = 4113.906 ; gain = 265.305

Phase 7 Post Hold Fix

Phase 7.1 Hold Fix Iter
INFO: [Route 35-416] Intermediate Timing Summary | WNS=0.282  | TNS=0.000  | WHS=-2.146 | THS=-330.455|

Phase 7.1 Hold Fix Iter | Checksum: 26deabbc8

Time (s): cpu = 00:00:27 ; elapsed = 00:00:20 . Memory (MB): peak = 4113.906 ; gain = 265.305

Phase 7.2 Non Free Resource Hold Fix Iter
Phase 7.2 Non Free Resource Hold Fix Iter | Checksum: 1d175ee92

Time (s): cpu = 00:00:27 ; elapsed = 00:00:20 . Memory (MB): peak = 4113.906 ; gain = 265.305
Phase 7 Post Hold Fix | Checksum: 1d175ee92

Time (s): cpu = 00:00:27 ; elapsed = 00:00:20 . Memory (MB): peak = 4113.906 ; gain = 265.305

Phase 8 Route finalize

Router Utilization Summary
  Global Vertical Routing Utilization    = 0.211079 %
  Global Horizontal Routing Utilization  = 0.275198 %
  Routable Net Status*
  *Does not include unroutable nets such as driverless and loadless.
  Run report_route_status for detailed report.
  Number of Failed Nets               = 0
    (Failed Nets is the sum of unrouted and partially routed nets)
  Number of Unrouted Nets             = 0
  Number of Partially Routed Nets     = 0
  Number of Node Overlaps             = 0

Phase 8 Route finalize | Checksum: 1d175ee92

Time (s): cpu = 00:00:28 ; elapsed = 00:00:20 . Memory (MB): peak = 4113.906 ; gain = 265.305

Phase 9 Verifying routed nets

 Verification completed successfully
Phase 9 Verifying routed nets | Checksum: 1d175ee92

Time (s): cpu = 00:00:28 ; elapsed = 00:00:20 . Memory (MB): peak = 4113.906 ; gain = 265.305

Phase 10 Depositing Routes
Phase 10 Depositing Routes | Checksum: 1d175ee92

Time (s): cpu = 00:00:28 ; elapsed = 00:00:21 . Memory (MB): peak = 4113.906 ; gain = 265.305

Phase 11 Resolve XTalk
Phase 11 Resolve XTalk | Checksum: 1d175ee92

Time (s): cpu = 00:00:28 ; elapsed = 00:00:21 . Memory (MB): peak = 4113.906 ; gain = 265.305

Phase 12 Post Process Routing
WARNING: [Route 35-426]  Router was unable to fix hold violation on pins with fixed or dedicated routing. The router cannot add routing detours to improve hold time because the pins fall under one or more of the listed categories: partition pins, fixed routes and intra-site connections.
Resolution: Run report_timing_summary to analyze the hold violations.
Phase 12 Post Process Routing | Checksum: 1d175ee92

Time (s): cpu = 00:00:28 ; elapsed = 00:00:21 . Memory (MB): peak = 4113.906 ; gain = 265.305

Phase 13 Post Router Timing
INFO: [Route 35-20] Post Routing Timing Summary | WNS=0.285  | TNS=0.000  | WHS=-2.146 | THS=-320.945|

Phase 13 Post Router Timing | Checksum: 28484bdd4

Time (s): cpu = 00:00:29 ; elapsed = 00:00:21 . Memory (MB): peak = 4113.906 ; gain = 265.305
Time taken to check if laguna hold fix is required (in secs): 0
Skip PhysOpt in Router because non-negative WNS value: 2.84865e-10 .

Phase 14 Route finalize
Phase 14 Route finalize | Checksum: 28484bdd4

Time (s): cpu = 00:00:29 ; elapsed = 00:00:21 . Memory (MB): peak = 4113.906 ; gain = 265.305
CRITICAL WARNING: [Route 35-39] The design did not meet timing requirements. Please run report_timing_summary for detailed reports.
Resolution: Verify that the timing was met or had small violations at all previous steps (synthesis, placement, power_opt, and phys_opt). Run report_timing_summary and analyze individual timing paths.
INFO: [Route 35-253] TNS is the sum of the worst slack violation on every endpoint in the design. Review the paths with the biggest WNS violations in the timing reports and modify your constraints or your design to improve both WNS and TNS.
Total Elapsed time in route_design: 20.802 secs

Phase 15 Post-Route Event Processing
Phase 15 Post-Route Event Processing | Checksum: 1a20d5410

Time (s): cpu = 00:00:29 ; elapsed = 00:00:21 . Memory (MB): peak = 4113.906 ; gain = 265.305
INFO: [Route 35-16] Router Completed Successfully
Ending Routing Task | Checksum: 1a20d5410

Time (s): cpu = 00:00:29 ; elapsed = 00:00:21 . Memory (MB): peak = 4113.906 ; gain = 265.305

Routing Is Done.
INFO: [Common 17-83] Releasing license: Implementation
96 Infos, 80 Warnings, 1 Critical Warnings and 0 Errors encountered.
route_design completed successfully
route_design: Time (s): cpu = 00:00:29 ; elapsed = 00:00:21 . Memory (MB): peak = 4113.906 ; gain = 265.305
INFO: [Vivado 12-24828] Executing command : report_drc -file mac_tx_min_top_drc_routed.rpt -pb mac_tx_min_top_drc_routed.pb -rpx mac_tx_min_top_drc_routed.rpx
Command: report_drc -file mac_tx_min_top_drc_routed.rpt -pb mac_tx_min_top_drc_routed.pb -rpx mac_tx_min_top_drc_routed.rpx
INFO: [IP_Flow 19-1839] IP Catalog is up to date.
INFO: [DRC 23-27] Running DRC with 8 threads
WARNING: [DRC 23-814] Not all possible (connectivity based) DRCs may have been run because this design is seen as Out of Context.
INFO: [Vivado_Tcl 2-168] The results of DRC are in file D:/repo/XCKU5PMini/udp_hls_10g/_proj_10g/p7b_mac_synth/mac_only/mac_tx_ooc/mac_tx_ooc.runs/impl_1/mac_tx_min_top_drc_routed.rpt.
report_drc completed successfully
INFO: [Vivado 12-24828] Executing command : report_methodology -file mac_tx_min_top_methodology_drc_routed.rpt -pb mac_tx_min_top_methodology_drc_routed.pb -rpx mac_tx_min_top_methodology_drc_routed.rpx
Command: report_methodology -file mac_tx_min_top_methodology_drc_routed.rpt -pb mac_tx_min_top_methodology_drc_routed.pb -rpx mac_tx_min_top_methodology_drc_routed.rpx
INFO: [Timing 38-35] Done setting XDC timing constraints.
INFO: [DRC 23-133] Running Methodology with 8 threads
WARNING: [DRC 23-814] Not all possible (connectivity based) DRCs may have been run because this design is seen as Out of Context.
INFO: [Vivado_Tcl 2-1520] The results of Report Methodology are in file D:/repo/XCKU5PMini/udp_hls_10g/_proj_10g/p7b_mac_synth/mac_only/mac_tx_ooc/mac_tx_ooc.runs/impl_1/mac_tx_min_top_methodology_drc_routed.rpt.
report_methodology completed successfully
INFO: [Vivado 12-24828] Executing command : report_timing_summary -max_paths 10 -routable_nets -report_unconstrained -file mac_tx_min_top_timing_summary_routed.rpt -pb mac_tx_min_top_timing_summary_routed.pb -rpx mac_tx_min_top_timing_summary_routed.rpx -warn_on_violation 
INFO: [Timing 38-35] Done setting XDC timing constraints.
INFO: [Timing 38-91] UpdateTimingParams: Speed grade: -1, Temperature grade: E, Delay Type: min_max.
INFO: [Timing 38-191] Multithreading enabled for timing update using a maximum of 8 CPUs
CRITICAL WARNING: [Timing 38-282] The design failed to meet the timing requirements. Please see the timing summary report for details on the timing violations.
INFO: [Vivado 12-24838] Running report commands "report_incremental_reuse, report_route_status" in parallel.
Running report generation with 2 threads.
INFO: [Vivado 12-24828] Executing command : report_incremental_reuse -file mac_tx_min_top_incremental_reuse_routed.rpt
INFO: [Vivado_Tcl 4-1062] Incremental flow is disabled. No incremental reuse Info to report.
INFO: [Vivado 12-24828] Executing command : report_route_status -file mac_tx_min_top_route_status.rpt -pb mac_tx_min_top_route_status.pb
INFO: [Vivado 12-24828] Executing command : report_power -file mac_tx_min_top_power_routed.rpt -pb mac_tx_min_top_power_summary_routed.pb -rpx mac_tx_min_top_power_routed.rpx
Command: report_power -file mac_tx_min_top_power_routed.rpt -pb mac_tx_min_top_power_summary_routed.pb -rpx mac_tx_min_top_power_routed.rpx
Running Vector-less Activity Propagation...

Finished Running Vector-less Activity Propagation
113 Infos, 82 Warnings, 2 Critical Warnings and 0 Errors encountered.
report_power completed successfully
INFO: [Vivado 12-24828] Executing command : report_clock_utilization -file mac_tx_min_top_clock_utilization_routed.rpt
INFO: [Vivado 12-24828] Executing command : report_bus_skew -warn_on_violation -file mac_tx_min_top_bus_skew_routed.rpt -pb mac_tx_min_top_bus_skew_routed.pb -rpx mac_tx_min_top_bus_skew_routed.rpx
INFO: [Timing 38-91] UpdateTimingParams: Speed grade: -1, Temperature grade: E, Delay Type: min_max.
INFO: [Timing 38-191] Multithreading enabled for timing update using a maximum of 8 CPUs
INFO: [Timing 38-480] Writing timing data to binary archive.
Write ShapeDB Complete: Time (s): cpu = 00:00:00 ; elapsed = 00:00:00.002 . Memory (MB): peak = 4113.906 ; gain = 0.000
Wrote PlaceDB: Time (s): cpu = 00:00:00 ; elapsed = 00:00:00.060 . Memory (MB): peak = 4113.906 ; gain = 0.000
Wrote PulsedLatchDB: Time (s): cpu = 00:00:00 ; elapsed = 00:00:00 . Memory (MB): peak = 4113.906 ; gain = 0.000
Writing XDEF routing.
Writing XDEF routing logical nets.
Writing XDEF routing special nets.
Wrote RouteStorage: Time (s): cpu = 00:00:00 ; elapsed = 00:00:00.047 . Memory (MB): peak = 4113.906 ; gain = 0.000
Wrote Netlist Cache: Time (s): cpu = 00:00:00 ; elapsed = 00:00:00.001 . Memory (MB): peak = 4113.906 ; gain = 0.000
Wrote Device Cache: Time (s): cpu = 00:00:00 ; elapsed = 00:00:00.012 . Memory (MB): peak = 4113.906 ; gain = 0.000
Write Physdb Complete: Time (s): cpu = 00:00:00 ; elapsed = 00:00:00.130 . Memory (MB): peak = 4113.906 ; gain = 0.000
INFO: [Common 17-1381] The checkpoint 'D:/repo/XCKU5PMini/udp_hls_10g/_proj_10g/p7b_mac_synth/mac_only/mac_tx_ooc/mac_tx_ooc.runs/impl_1/mac_tx_min_top_routed.dcp' has been generated.
INFO: [Common 17-206] Exiting Vivado at Tue Sep 29 21:56:48 2026...
