
*** Running vivado
    with args -log mac_tx_min_top.vds -m64 -product Vivado -mode batch -messageDb vivado.pb -notrace -source mac_tx_min_top.tcl



****** Vivado v2025.2 (64-bit)
  **** SW Build 6299465 on Fri Nov 14 19:35:11 GMT 2025
  **** IP Build 6300035 on Fri Nov 14 10:48:45 MST 2025
  **** SharedData Build 6298862 on Thu Nov 13 04:50:51 MST 2025
  **** Start of session at: Tue Sep 29 21:53:59 2026
    ** Copyright 1986-2022 Xilinx, Inc. All Rights Reserved.
    ** Copyright 2022-2025 Advanced Micro Devices, Inc. All Rights Reserved.

source mac_tx_min_top.tcl -notrace
create_project: Time (s): cpu = 00:00:33 ; elapsed = 00:00:05 . Memory (MB): peak = 552.309 ; gain = 240.496
Command: synth_design -top mac_tx_min_top -part xcku5p-ffvb676-1-e -mode out_of_context
Starting synth_design
Attempting to get a license for feature 'Synthesis' and/or device 'xcku5p'
INFO: [Common 17-349] Got license for feature 'Synthesis' and/or device 'xcku5p'
INFO: [Device 21-403] Loading part xcku5p-ffvb676-1-e
INFO: [Synth 8-7079] Multithreading enabled for synth_design using a maximum of 7 processes.
INFO: [Synth 8-7078] Launching helper process for spawning children vivado processes
INFO: [Synth 8-7075] Helper process launched with PID 27352
---------------------------------------------------------------------------------
Starting RTL Elaboration : Time (s): cpu = 00:00:03 ; elapsed = 00:00:03 . Memory (MB): peak = 1932.047 ; gain = 251.012
---------------------------------------------------------------------------------
INFO: [Synth 8-6157] synthesizing module 'mac_tx_min_top' [D:/repo/XCKU5PMini/udp_hls_10g/_proj_10g/p7b_mac_synth/rtl/mac_tx_min_top.v:17]
INFO: [Synth 8-6157] synthesizing module 'mac_tx_10g' [D:/repo/XCKU5PMini/udp_hls_10g/_proj_10g/p7b_mac_synth/rtl/mac_tx_10g.v:33]
INFO: [Synth 8-6157] synthesizing module 'fifo_sync' [D:/repo/XCKU5PMini/udp_hls_10g/_proj_10g/p7b_mac_synth/rtl/fifo_sync.v:20]
	Parameter W bound to: 73 - type: integer 
	Parameter D bound to: 16 - type: integer 
	Parameter AW bound to: 4 - type: integer 
INFO: [Synth 8-6155] done synthesizing module 'fifo_sync' (0#1) [D:/repo/XCKU5PMini/udp_hls_10g/_proj_10g/p7b_mac_synth/rtl/fifo_sync.v:20]
INFO: [Synth 8-6157] synthesizing module 'crc32_64' [D:/repo/XCKU5PMini/udp_hls_10g/_proj_10g/p7b_mac_synth/rtl/crc32_64.v:29]
INFO: [Synth 8-6155] done synthesizing module 'crc32_64' (0#1) [D:/repo/XCKU5PMini/udp_hls_10g/_proj_10g/p7b_mac_synth/rtl/crc32_64.v:29]
INFO: [Synth 8-226] default block is never used [D:/repo/XCKU5PMini/udp_hls_10g/_proj_10g/p7b_mac_synth/rtl/mac_tx_10g.v:271]
INFO: [Synth 8-6155] done synthesizing module 'mac_tx_10g' (0#1) [D:/repo/XCKU5PMini/udp_hls_10g/_proj_10g/p7b_mac_synth/rtl/mac_tx_10g.v:33]
INFO: [Synth 8-6155] done synthesizing module 'mac_tx_min_top' (0#1) [D:/repo/XCKU5PMini/udp_hls_10g/_proj_10g/p7b_mac_synth/rtl/mac_tx_min_top.v:17]
---------------------------------------------------------------------------------
Finished RTL Elaboration : Time (s): cpu = 00:00:04 ; elapsed = 00:00:05 . Memory (MB): peak = 2078.352 ; gain = 397.316
---------------------------------------------------------------------------------
---------------------------------------------------------------------------------
Start Handling Custom Attributes
---------------------------------------------------------------------------------
---------------------------------------------------------------------------------
Finished Handling Custom Attributes : Time (s): cpu = 00:00:04 ; elapsed = 00:00:05 . Memory (MB): peak = 2078.352 ; gain = 397.316
---------------------------------------------------------------------------------
---------------------------------------------------------------------------------
Finished RTL Optimization Phase 1 : Time (s): cpu = 00:00:04 ; elapsed = 00:00:05 . Memory (MB): peak = 2078.352 ; gain = 397.316
---------------------------------------------------------------------------------
Netlist sorting complete. Time (s): cpu = 00:00:00 ; elapsed = 00:00:00.033 . Memory (MB): peak = 2078.352 ; gain = 0.000
INFO: [Project 1-570] Preparing netlist for logic optimization

Processing XDC Constraints
Initializing timing engine
Parsing XDC File [D:/repo/XCKU5PMini/udp_hls_10g/_proj_10g/p7b_mac_synth/xdc/mac_tx_min.xdc]
Finished Parsing XDC File [D:/repo/XCKU5PMini/udp_hls_10g/_proj_10g/p7b_mac_synth/xdc/mac_tx_min.xdc]
Completed Processing XDC Constraints

Netlist sorting complete. Time (s): cpu = 00:00:00 ; elapsed = 00:00:00.001 . Memory (MB): peak = 2170.617 ; gain = 0.000
INFO: [Project 1-111] Unisim Transformation Summary:
No Unisim elements were transformed.

Constraint Validation Runtime : Time (s): cpu = 00:00:00 ; elapsed = 00:00:00.035 . Memory (MB): peak = 2170.617 ; gain = 0.000
---------------------------------------------------------------------------------
Finished Constraint Validation : Time (s): cpu = 00:00:11 ; elapsed = 00:00:12 . Memory (MB): peak = 2170.617 ; gain = 489.582
---------------------------------------------------------------------------------
---------------------------------------------------------------------------------
Start Loading Part and Timing Information
---------------------------------------------------------------------------------
Loading part: xcku5p-ffvb676-1-e
INFO: [Synth 8-6742] Reading net delay rules and data
---------------------------------------------------------------------------------
Finished Loading Part and Timing Information : Time (s): cpu = 00:00:11 ; elapsed = 00:00:12 . Memory (MB): peak = 2170.617 ; gain = 489.582
---------------------------------------------------------------------------------
---------------------------------------------------------------------------------
Start Applying 'set_property' XDC Constraints
---------------------------------------------------------------------------------
---------------------------------------------------------------------------------
Finished applying 'set_property' XDC Constraints : Time (s): cpu = 00:00:11 ; elapsed = 00:00:12 . Memory (MB): peak = 2170.617 ; gain = 489.582
---------------------------------------------------------------------------------
INFO: [Synth 8-802] inferred FSM for state register 'state_reg' in module 'mac_tx_10g'
INFO: [Synth 8-6904] The RAM "fifo_sync:/mem_reg" of size (depth=16 x width=73) is automatically implemented using LUTRAM. BRAM implementation would be inefficient 
---------------------------------------------------------------------------------------------------
                   State |                     New Encoding |                Previous Encoding 
---------------------------------------------------------------------------------------------------
                  S_IDLE |                              000 |                              000
                   S_PRE |                              001 |                              001
                  S_DATA |                              010 |                              010
                 S_ABORT |                              011 |                              110
                 S_FLUSH |                              100 |                              111
                 S_TAIL0 |                              101 |                              011
                 S_TAIL1 |                              110 |                              100
                   S_IFG |                              111 |                              101
---------------------------------------------------------------------------------------------------
INFO: [Synth 8-3354] encoded FSM with state register 'state_reg' using encoding 'sequential' in module 'mac_tx_10g'
---------------------------------------------------------------------------------
Finished RTL Optimization Phase 2 : Time (s): cpu = 00:00:12 ; elapsed = 00:00:13 . Memory (MB): peak = 2170.617 ; gain = 489.582
---------------------------------------------------------------------------------
---------------------------------------------------------------------------------
Start RTL Component Statistics 
---------------------------------------------------------------------------------
Detailed RTL Component Info : 
+---Adders : 
	   2 Input   32 Bit       Adders := 1     
	   2 Input   16 Bit       Adders := 1     
	   2 Input    6 Bit       Adders := 7     
	   3 Input    6 Bit       Adders := 1     
	   2 Input    5 Bit       Adders := 13    
	   8 Input    4 Bit       Adders := 3     
	   2 Input    4 Bit       Adders := 1     
	   2 Input    3 Bit       Adders := 1     
+---XORs : 
	   2 Input     32 Bit         XORs := 1     
	   9 Input      1 Bit         XORs := 31    
	   8 Input      1 Bit         XORs := 1     
+---XORs : 
	               32 Bit    Wide XORs := 288   
	                8 Bit    Wide XORs := 225   
+---Registers : 
	               73 Bit    Registers := 1     
	               64 Bit    Registers := 1     
	               32 Bit    Registers := 3     
	               16 Bit    Registers := 3     
	                8 Bit    Registers := 1     
	                6 Bit    Registers := 1     
	                5 Bit    Registers := 5     
	                4 Bit    Registers := 2     
	                2 Bit    Registers := 1     
	                1 Bit    Registers := 2     
+---RAMs : 
	               1K Bit	(16 X 73 bit)          RAMs := 1     
+---Muxes : 
	   2 Input   73 Bit        Muxes := 1     
	   2 Input   64 Bit        Muxes := 2     
	   6 Input   64 Bit        Muxes := 1     
	   2 Input   32 Bit        Muxes := 4     
	   8 Input   16 Bit        Muxes := 1     
	   2 Input   16 Bit        Muxes := 1     
	   2 Input    8 Bit        Muxes := 46    
	   6 Input    8 Bit        Muxes := 1     
	   8 Input    6 Bit        Muxes := 2     
	   2 Input    5 Bit        Muxes := 5     
	   8 Input    5 Bit        Muxes := 2     
	   2 Input    4 Bit        Muxes := 1     
	   8 Input    4 Bit        Muxes := 1     
	  15 Input    3 Bit        Muxes := 1     
	   4 Input    2 Bit        Muxes := 1     
	   2 Input    1 Bit        Muxes := 6     
	   8 Input    1 Bit        Muxes := 14    
	   3 Input    1 Bit        Muxes := 1     
---------------------------------------------------------------------------------
Finished RTL Component Statistics 
---------------------------------------------------------------------------------
---------------------------------------------------------------------------------
Start Part Resource Summary
---------------------------------------------------------------------------------
Part Resources:
DSPs: 1824 (col length:96)
BRAMs: 960 (col length: RAMB18 96 RAMB36 48)
---------------------------------------------------------------------------------
Finished Part Resource Summary
---------------------------------------------------------------------------------
---------------------------------------------------------------------------------
Start Cross Boundary and Area Optimization
---------------------------------------------------------------------------------
INFO: [Synth 8-6904] The RAM "u_dut/u_fifo/mem_reg" of size (depth=16 x width=73) is automatically implemented using LUTRAM. BRAM implementation would be inefficient 
INFO: [Synth 8-6904] The RAM "u_dut/u_fifo/mem_reg" of size (depth=16 x width=73) is automatically implemented using LUTRAM. BRAM implementation would be inefficient 
---------------------------------------------------------------------------------
Finished Cross Boundary and Area Optimization : Time (s): cpu = 00:00:29 ; elapsed = 00:00:31 . Memory (MB): peak = 2359.480 ; gain = 678.445
---------------------------------------------------------------------------------
---------------------------------------------------------------------------------
Start ROM, RAM, DSP, Shift Register and Retiming Reporting
---------------------------------------------------------------------------------

Distributed RAM: Preliminary Mapping Report (see note below)
+-------------+------------+-----------+----------------------+---------------+
|Module Name  | RTL Object | Inference | Size (Depth x Width) | Primitives    | 
+-------------+------------+-----------+----------------------+---------------+
|u_dut/u_fifo | mem_reg    | Implied   | 16 x 73              | RAM32M16 x 6  | 
+-------------+------------+-----------+----------------------+---------------+

Note: The table above is a preliminary report that shows the Distributed RAMs at the current stage of the synthesis flow. Some Distributed RAMs may be reimplemented as non Distributed RAM primitives later in the synthesis flow. Multiple instantiated RAMs are reported only once.
---------------------------------------------------------------------------------
Finished ROM, RAM, DSP, Shift Register and Retiming Reporting
---------------------------------------------------------------------------------
---------------------------------------------------------------------------------
Start Applying XDC Timing Constraints
---------------------------------------------------------------------------------
---------------------------------------------------------------------------------
Finished Applying XDC Timing Constraints : Time (s): cpu = 00:00:35 ; elapsed = 00:00:36 . Memory (MB): peak = 2704.121 ; gain = 1023.086
---------------------------------------------------------------------------------
---------------------------------------------------------------------------------
Start Timing Optimization
---------------------------------------------------------------------------------
---------------------------------------------------------------------------------
Finished Timing Optimization : Time (s): cpu = 00:00:37 ; elapsed = 00:00:39 . Memory (MB): peak = 2805.387 ; gain = 1124.352
---------------------------------------------------------------------------------
---------------------------------------------------------------------------------
Start ROM, RAM, DSP, Shift Register and Retiming Reporting
---------------------------------------------------------------------------------

Distributed RAM: Final Mapping Report
+-------------+------------+-----------+----------------------+---------------+
|Module Name  | RTL Object | Inference | Size (Depth x Width) | Primitives    | 
+-------------+------------+-----------+----------------------+---------------+
|u_dut/u_fifo | mem_reg    | Implied   | 16 x 73              | RAM32M16 x 6  | 
+-------------+------------+-----------+----------------------+---------------+

---------------------------------------------------------------------------------
Finished ROM, RAM, DSP, Shift Register and Retiming Reporting
---------------------------------------------------------------------------------
---------------------------------------------------------------------------------
Start Technology Mapping
---------------------------------------------------------------------------------
---------------------------------------------------------------------------------
Finished Technology Mapping : Time (s): cpu = 00:00:38 ; elapsed = 00:00:39 . Memory (MB): peak = 2844.750 ; gain = 1163.715
---------------------------------------------------------------------------------
---------------------------------------------------------------------------------
Start IO Insertion
---------------------------------------------------------------------------------
---------------------------------------------------------------------------------
Start Flattening Before IO Insertion
---------------------------------------------------------------------------------
---------------------------------------------------------------------------------
Finished Flattening Before IO Insertion
---------------------------------------------------------------------------------
---------------------------------------------------------------------------------
Start Final Netlist Cleanup
---------------------------------------------------------------------------------
---------------------------------------------------------------------------------
Finished Final Netlist Cleanup
---------------------------------------------------------------------------------
---------------------------------------------------------------------------------
Finished IO Insertion : Time (s): cpu = 00:00:40 ; elapsed = 00:00:42 . Memory (MB): peak = 2982.250 ; gain = 1301.215
---------------------------------------------------------------------------------
---------------------------------------------------------------------------------
Start Renaming Generated Instances
---------------------------------------------------------------------------------
---------------------------------------------------------------------------------
Finished Renaming Generated Instances : Time (s): cpu = 00:00:40 ; elapsed = 00:00:42 . Memory (MB): peak = 2982.250 ; gain = 1301.215
---------------------------------------------------------------------------------
---------------------------------------------------------------------------------
Start Rebuilding User Hierarchy
---------------------------------------------------------------------------------
---------------------------------------------------------------------------------
Finished Rebuilding User Hierarchy : Time (s): cpu = 00:00:40 ; elapsed = 00:00:42 . Memory (MB): peak = 2982.250 ; gain = 1301.215
---------------------------------------------------------------------------------
---------------------------------------------------------------------------------
Start Renaming Generated Ports
---------------------------------------------------------------------------------
---------------------------------------------------------------------------------
Finished Renaming Generated Ports : Time (s): cpu = 00:00:40 ; elapsed = 00:00:42 . Memory (MB): peak = 2982.250 ; gain = 1301.215
---------------------------------------------------------------------------------
---------------------------------------------------------------------------------
Start Handling Custom Attributes
---------------------------------------------------------------------------------
---------------------------------------------------------------------------------
Finished Handling Custom Attributes : Time (s): cpu = 00:00:40 ; elapsed = 00:00:42 . Memory (MB): peak = 2982.250 ; gain = 1301.215
---------------------------------------------------------------------------------
---------------------------------------------------------------------------------
Start Renaming Generated Nets
---------------------------------------------------------------------------------
---------------------------------------------------------------------------------
Finished Renaming Generated Nets : Time (s): cpu = 00:00:40 ; elapsed = 00:00:42 . Memory (MB): peak = 2982.250 ; gain = 1301.215
---------------------------------------------------------------------------------
---------------------------------------------------------------------------------
Start Writing Synthesis Report
---------------------------------------------------------------------------------

Report BlackBoxes: 
+-+--------------+----------+
| |BlackBox name |Instances |
+-+--------------+----------+
+-+--------------+----------+

Report Cell Usage: 
+------+---------+------+
|      |Cell     |Count |
+------+---------+------+
|1     |CARRY8   |    27|
|2     |LUT1     |    38|
|3     |LUT2     |   100|
|4     |LUT3     |   155|
|5     |LUT4     |   127|
|6     |LUT5     |   276|
|7     |LUT6     |  1114|
|8     |MUXF7    |    44|
|9     |MUXF8    |     4|
|10    |RAM32M   |     1|
|11    |RAM32M16 |     5|
|12    |FDCE     |   456|
|13    |FDPE     |    32|
+------+---------+------+
---------------------------------------------------------------------------------
Finished Writing Synthesis Report : Time (s): cpu = 00:00:40 ; elapsed = 00:00:42 . Memory (MB): peak = 2982.250 ; gain = 1301.215
---------------------------------------------------------------------------------
Synthesis finished with 0 errors, 0 critical warnings and 0 warnings.
Synthesis Optimization Runtime : Time (s): cpu = 00:00:33 ; elapsed = 00:00:39 . Memory (MB): peak = 2982.250 ; gain = 1208.949
Synthesis Optimization Complete : Time (s): cpu = 00:00:41 ; elapsed = 00:00:42 . Memory (MB): peak = 2982.250 ; gain = 1301.215
INFO: [Project 1-571] Translating synthesized netlist
Netlist sorting complete. Time (s): cpu = 00:00:00 ; elapsed = 00:00:00.012 . Memory (MB): peak = 2982.250 ; gain = 0.000
INFO: [Netlist 29-17] Analyzing 81 Unisim elements for replacement
INFO: [Netlist 29-28] Unisim Transformation completed in 0 CPU seconds
INFO: [Project 1-570] Preparing netlist for logic optimization
INFO: [Opt 31-138] Pushed 0 inverter(s) to 0 load pin(s).
Netlist sorting complete. Time (s): cpu = 00:00:00 ; elapsed = 00:00:00 . Memory (MB): peak = 2982.250 ; gain = 0.000
INFO: [Project 1-111] Unisim Transformation Summary:
  A total of 6 instances were transformed.
  RAM32M => RAM32M (RAMD32(x6), RAMS32(x2)): 1 instance 
  RAM32M16 => RAM32M16 (RAMD32(x14), RAMS32(x2)): 5 instances

Synth Design complete | Checksum: 588a0d9d
INFO: [Common 17-83] Releasing license: Synthesis
29 Infos, 0 Warnings, 0 Critical Warnings and 0 Errors encountered.
synth_design completed successfully
synth_design: Time (s): cpu = 00:00:45 ; elapsed = 00:00:49 . Memory (MB): peak = 2982.250 ; gain = 2429.941
Write ShapeDB Complete: Time (s): cpu = 00:00:00 ; elapsed = 00:00:00.002 . Memory (MB): peak = 2982.250 ; gain = 0.000
INFO: [Common 17-1381] The checkpoint 'D:/repo/XCKU5PMini/udp_hls_10g/_proj_10g/p7b_mac_synth/mac_only/mac_tx_ooc/mac_tx_ooc.runs/synth_1/mac_tx_min_top.dcp' has been generated.
INFO: [Vivado 12-24828] Executing command : report_utilization -file mac_tx_min_top_utilization_synth.rpt -pb mac_tx_min_top_utilization_synth.pb
INFO: [Common 17-206] Exiting Vivado at Tue Sep 29 21:54:55 2026...
