#-----------------------------------------------------------
# xsim v2025.2 (64-bit)
# SW Build 6299465 on Fri Nov 14 19:35:11 GMT 2025
# IP Build 6300035 on Fri Nov 14 10:48:45 MST 2025
# SharedData Build 6298862 on Thu Nov 13 04:50:51 MST 2025
# Start of session at: Tue Sep 29 22:21:01 2026
# Process ID         : 30120
# Current directory  : D:/repo/XCKU5PMini/udp_hls_10g/audit_scratch/t2_rxcdc/case_pos
# Command line       : xsim.exe -log xsim_pos.log -mode tcl -source {xsim.dir/tb_rx_cdc_chain/xsim_script.tcl}
# Log file           : D:/repo/XCKU5PMini/udp_hls_10g/audit_scratch/t2_rxcdc/case_pos/xsim_pos.log
# Journal file       : D:/repo/XCKU5PMini/udp_hls_10g/audit_scratch/t2_rxcdc/case_pos\xsim.jou
# Running On         : xyz-intel
# Platform           : Windows Server 2016 or Windows 10
# Operating System   : 26200
# Processor Detail   : Intel(R) Core(TM) Ultra 7 265K
# CPU Frequency      : 3878 MHz
# CPU Physical cores : 20
# CPU Logical cores  : 20
# Host memory        : 68053 MB
# Swap memory        : 4294 MB
# Total Virtual      : 72348 MB
# Available Virtual  : 43910 MB
#-----------------------------------------------------------
source xsim.dir/tb_rx_cdc_chain/xsim_script.tcl
# xsim {tb_rx_cdc_chain} -autoloadwcfg -runall
Time resolution is 1 ps
run -all
TB-STIM frames=48 stim_bytes=24747
RXCHAIN FINAL frames_in=48 mac_frames=35 crc_err=0 drop=13 dfull=13 dpart=13 orph=5656 ovf=0 mac_words=1805
RXCHAIN FINAL dp_words=1805 dp_frames=35 term=13 bad=0 cdc_wbin=269 cdc_rbin=269 mrx_rptr=13
RXCHAIN FINAL atomic_ok=1805 atomic_bad=0 wr_cycles=4869 acc=1805 refw=3064 fullcyc=3381 stall_bad=0
RXCHAIN: PASS_ALL
$finish called at time : 287734400 ps : File "D:/repo/XCKU5PMini/udp_hls_10g/audit_scratch/t2_rxcdc/tb_rx_cdc_chain.v" Line 349
exit
INFO: [Common 17-206] Exiting xsim at Tue Sep 29 22:21:03 2026...
