#-----------------------------------------------------------
# xsim v2025.2 (64-bit)
# SW Build 6299465 on Fri Nov 14 19:35:11 GMT 2025
# IP Build 6300035 on Fri Nov 14 10:48:45 MST 2025
# SharedData Build 6298862 on Thu Nov 13 04:50:51 MST 2025
# Start of session at: Tue Sep 29 11:01:31 2026
# Process ID         : 23116
# Current directory  : D:/repo/XCKU5PMini/udp_hls_10g/audit_scratch/t2_rxcdc/case_pos
# Command line       : xsim.exe -log xsim_pos.log -mode tcl -source {xsim.dir/tb_rx_cdc_chain/xsim_script.tcl}
# Log file           : D:/repo/XCKU5PMini/udp_hls_10g/audit_scratch/t2_rxcdc/case_pos/xsim_pos.log
# Journal file       : D:/repo/XCKU5PMini/udp_hls_10g/audit_scratch/t2_rxcdc/case_pos\xsim.jou
# Running On         : xyz-intel
# Platform           : Windows Server 2016 or Windows 10
# Operating System   : 26200
# Processor Detail   : Intel(R) Core(TM) Ultra 7 265K
# CPU Frequency      : 3878 MHz
# CPU Physical cores : 20
# CPU Logical cores  : 20
# Host memory        : 68053 MB
# Swap memory        : 4294 MB
# Total Virtual      : 72348 MB
# Available Virtual  : 49837 MB
#-----------------------------------------------------------
source xsim.dir/tb_rx_cdc_chain/xsim_script.tcl
# xsim {tb_rx_cdc_chain} -autoloadwcfg -runall
Time resolution is 1 ps
run -all
TB-CRC-SELFTEST-FAIL f=0 residue=00000000
TB-CRC-SELFTEST-FAIL f=1 residue=00000000
TB-CRC-SELFTEST-FAIL f=2 residue=00000000
TB-CRC-SELFTEST-FAIL f=3 residue=00000000
TB-CRC-SELFTEST-FAIL f=4 residue=00000000
TB-CRC-SELFTEST-FAIL f=5 residue=00000000
TB-CRC-SELFTEST-FAIL f=6 residue=00000000
TB-CRC-SELFTEST-FAIL f=7 residue=00000000
TB-CRC-SELFTEST-FAIL f=8 residue=00000000
TB-CRC-SELFTEST-FAIL f=9 residue=00000000
TB-CRC-SELFTEST-FAIL f=10 residue=00000000
TB-CRC-SELFTEST-FAIL f=11 residue=00000000
TB-CRC-SELFTEST-FAIL f=12 residue=00000000
TB-CRC-SELFTEST-FAIL f=13 residue=00000000
TB-CRC-SELFTEST-FAIL f=14 residue=00000000
TB-CRC-SELFTEST-FAIL f=15 residue=00000000
TB-CRC-SELFTEST-FAIL f=16 residue=00000000
TB-CRC-SELFTEST-FAIL f=17 residue=00000000
TB-CRC-SELFTEST-FAIL f=18 residue=00000000
TB-CRC-SELFTEST-FAIL f=19 residue=00000000
TB-CRC-SELFTEST-FAIL f=20 residue=00000000
TB-CRC-SELFTEST-FAIL f=21 residue=00000000
TB-CRC-SELFTEST-FAIL f=22 residue=00000000
TB-CRC-SELFTEST-FAIL f=23 residue=00000000
TB-CRC-SELFTEST-FAIL f=24 residue=00000000
TB-CRC-SELFTEST-FAIL f=25 residue=00000000
TB-CRC-SELFTEST-FAIL f=26 residue=00000000
TB-CRC-SELFTEST-FAIL f=27 residue=00000000
TB-CRC-SELFTEST-FAIL f=28 residue=00000000
TB-CRC-SELFTEST-FAIL f=29 residue=00000000
TB-CRC-SELFTEST-FAIL f=30 residue=00000000
TB-CRC-SELFTEST-FAIL f=31 residue=00000000
TB-CRC-SELFTEST-FAIL f=32 residue=00000000
TB-CRC-SELFTEST-FAIL f=33 residue=00000000
TB-CRC-SELFTEST-FAIL f=34 residue=00000000
TB-CRC-SELFTEST-FAIL f=35 residue=00000000
TB-CRC-SELFTEST-FAIL f=36 residue=00000000
TB-CRC-SELFTEST-FAIL f=37 residue=00000000
TB-CRC-SELFTEST-FAIL f=38 residue=00000000
TB-CRC-SELFTEST-FAIL f=39 residue=00000000
TB-CRC-SELFTEST-FAIL f=40 residue=00000000
TB-CRC-SELFTEST-FAIL f=41 residue=00000000
TB-CRC-SELFTEST-FAIL f=42 residue=00000000
TB-CRC-SELFTEST-FAIL f=43 residue=00000000
TB-CRC-SELFTEST-FAIL f=44 residue=00000000
TB-CRC-SELFTEST-FAIL f=45 residue=00000000
TB-CRC-SELFTEST-FAIL f=46 residue=00000000
TB-CRC-SELFTEST-FAIL f=47 residue=00000000
TB-STIM frames=48 stim_bytes=24747
RXCHAIN ATOMIC-FAIL t=476000 rptr 1->1 wbin 1->x tvalid=1 tready=x full=x
RXCHAIN FINAL frames_in=48 mac_frames=0 crc_err=0 drop=48 dfull=0 dpart=0 orph=0 ovf=2700 mac_words=1
RXCHAIN FINAL dp_words=0 dp_frames=0 term=0 bad=0 cdc_wbin=x cdc_rbin=x mrx_rptr=1
RXCHAIN FINAL atomic_ok=1 atomic_bad=1 wr_cycles=35910 acc=35910 refw=0 fullcyc=0 stall_bad=2
RXCHAIN FAIL: R1 原子性 atomic_bad=1
RXCHAIN FAIL: R1b 接受写未同拍弹字 stall_bad=2
RXCHAIN FAIL: R3 fifo_sync 拒写 ovf=2700
RXCHAIN FAIL: R3 词守恒 mac=1 cdc=0
RXCHAIN NO-EVIDENCE: refw==0
RXCHAIN NO-EVIDENCE: dframes=0 <4
RXCHAIN: FAIL
$finish called at time : 287734400 ps : File "D:/repo/XCKU5PMini/udp_hls_10g/audit_scratch/t2_rxcdc/tb_rx_cdc_chain.v" Line 320
exit
INFO: [Common 17-206] Exiting xsim at Tue Sep 29 11:01:33 2026...
