Copyright 1986-2022 Xilinx, Inc. All Rights Reserved. Copyright 2022-2025 Advanced Micro Devices, Inc. All Rights Reserved.
---------------------------------------------------------------------------------------------------------------------------------------------------------------------------------------------------------------------------------------------------------------------------------------------------
| Tool Version      : Vivado v.2025.2 (win64) Build 6299465 Fri Nov 14 19:35:11 GMT 2025
| Date              : Fri Oct  9 08:47:08 2026
| Host              : xyz-intel running 64-bit major release  (build 9200)
| Command           : report_timing -quiet -delay_type max -max_paths 3 -nworst 1 -from [get_pins -quiet {u_tcp_tx/bank_rdy_reg[0]/C}] -to [get_pins -quiet {u_app/stg_reg[33]/CE}] -file {D:\repo\XCKU5PMini\udp_hls_10g\_proj_10g\notes\p7b_build_longflow\_t3_family\out\S3/fam_S3_A_exact.rpt}
| Design            : wrapper_p4
| Device            : xcku5p-ffvb676
| Speed File        : -1  PRODUCTION 1.29 05-01-2022
| Design State      : Routed
| Temperature Grade : E
---------------------------------------------------------------------------------------------------------------------------------------------------------------------------------------------------------------------------------------------------------------------------------------------------

Timing Report

Slack (MET) :             0.641ns  (required time - arrival time)
  Source:                 u_tcp_tx/bank_rdy_reg[0]/C
                            (rising edge-triggered cell FDCE clocked by g_hw.clk_out0  {rise@0.000ns fall@3.200ns period=6.400ns})
  Destination:            u_app/stg_reg[33]/CE
                            (rising edge-triggered cell FDCE clocked by g_hw.clk_out0  {rise@0.000ns fall@3.200ns period=6.400ns})
  Path Group:             g_hw.clk_out0
  Path Type:              Setup (Max at Slow Process Corner)
  Requirement:            6.400ns  (g_hw.clk_out0 rise@6.400ns - g_hw.clk_out0 rise@0.000ns)
  Data Path Delay:        5.660ns  (logic 1.671ns (29.521%)  route 3.989ns (70.479%))
  Logic Levels:           22  (CARRY8=1 LUT2=2 LUT4=4 LUT5=5 LUT6=8 MUXF7=1 MUXF8=1)
  Clock Path Skew:        0.006ns (DCD - SCD + CPR)
    Destination Clock Delay (DCD):    4.850ns = ( 11.250 - 6.400 ) 
    Source Clock Delay      (SCD):    4.566ns
    Clock Pessimism Removal (CPR):    -0.278ns
  Clock Uncertainty:      0.062ns  ((TSJ^2 + DJ^2)^1/2) / 2 + PE
    Total System Jitter     (TSJ):    0.071ns
    Discrete Jitter          (DJ):    0.101ns
    Phase Error              (PE):    0.000ns
  Clock Net Delay (Source):      1.729ns (routing 0.615ns, distribution 1.114ns)
  Clock Net Delay (Destination): 1.624ns (routing 0.561ns, distribution 1.063ns)

    Location             Delay type                Incr(ns)  Path(ns)    Netlist Resource(s)
  -------------------------------------------------------------------    -------------------
                         (clock g_hw.clk_out0 rise edge)
                                                      0.000     0.000 r  
    T25                                               0.000     0.000 r  sys_clk_p (IN)
                         net (fo=0)                   0.100     0.100    u_clkgen/g_hw.u_ibufds/I
    HPIOBDIFFINBUF_X0Y37 DIFFINBUF (Prop_DIFFINBUF_HPIOBDIFFINBUF_DIFF_IN_P_O)
                                                      0.479     0.579 r  u_clkgen/g_hw.u_ibufds/DIFFINBUF_INST/O
                         net (fo=1, routed)           0.050     0.629    u_clkgen/g_hw.u_ibufds/OUT
    T25                  IBUFCTRL (Prop_IBUFCTRL_HPIOB_M_I_O)
                                                      0.000     0.629 r  u_clkgen/g_hw.u_ibufds/IBUFCTRL_INST/O
                         net (fo=1, routed)           0.343     0.972    u_clkgen/g_hw.clk_in_ibuf
    BUFGCE_X0Y37         BUFGCE (Prop_BUFCE_BUFGCE_I_O)
                                                      0.028     1.000 r  u_clkgen/g_hw.u_bufg_in/O
                         net (fo=485, routed)         1.660     2.660    u_clkgen/clk_in_100
    MMCM_X0Y1            MMCME4_ADV (Prop_MMCM_CLKIN1_CLKOUT0)
                                                     -0.106     2.554 r  u_clkgen/g_hw.u_mmcm/CLKOUT0
                         net (fo=1, routed)           0.255     2.809    u_clkgen/g_hw.clk_out0
    BUFGCE_X0Y32         BUFGCE (Prop_BUFCE_BUFGCE_I_O)
                                                      0.028     2.837 r  u_clkgen/g_hw.u_bufg_out/O
    X1Y1 (CLOCK_ROOT)    net (fo=48914, routed)       1.729     4.566    u_tcp_tx/dp_clk
    SLICE_X35Y74         FDCE                                         r  u_tcp_tx/bank_rdy_reg[0]/C
  -------------------------------------------------------------------    -------------------
    SLICE_X35Y74         FDCE (Prop_DFF_SLICEM_C_Q)
                                                      0.096     4.662 r  u_tcp_tx/bank_rdy_reg[0]/Q
                         net (fo=7, routed)           0.075     4.737    u_tcp_tx/u_ackq/wr_r_i_6
    SLICE_X35Y74         LUT4 (Prop_A6LUT_SLICEM_I1_O)
                                                      0.064     4.801 f  u_tcp_tx/u_ackq/scan_id[3]_i_4__0/O
                         net (fo=2, routed)           0.106     4.908    u_tcp_tx/u_ackq/retx_active_reg
    SLICE_X36Y73         LUT5 (Prop_E6LUT_SLICEL_I0_O)
                                                      0.064     4.972 f  u_tcp_tx/u_ackq/scan_id[3]_i_3__0/O
                         net (fo=1, routed)           0.097     5.069    u_tcp_tx/u_ackq/scan_id[3]_i_3__0_n_53
    SLICE_X35Y73         LUT5 (Prop_D6LUT_SLICEM_I4_O)
                                                      0.038     5.107 r  u_tcp_tx/u_ackq/scan_id[3]_i_1__0/O
                         net (fo=237, routed)         0.118     5.224    u_tcp_tx/u_ackq/E[0]
    SLICE_X35Y72         LUT6 (Prop_H6LUT_SLICEM_I1_O)
                                                      0.041     5.265 r  u_tcp_tx/u_ackq/ctrl_seq[30]_i_11/O
                         net (fo=9, routed)           0.134     5.399    u_tcp_tx/u_ackq/ctrl_seq[30]_i_11_n_53
    SLICE_X34Y73         LUT5 (Prop_A6LUT_SLICEM_I4_O)
                                                      0.040     5.439 r  u_tcp_tx/u_ackq/f_wnd[1][15]_i_11/O
                         net (fo=134, routed)         0.327     5.766    u_tcb/f_wnd_reg[1][1]_i_2_1
    SLICE_X33Y70         LUT6 (Prop_A6LUT_SLICEL_I4_O)
                                                      0.100     5.866 f  u_tcb/rto_pend[15]_i_27/O
                         net (fo=1, routed)           0.011     5.877    u_tcb/rto_pend[15]_i_27_n_53
    SLICE_X33Y70         MUXF7 (Prop_F7MUX_AB_SLICEL_I1_O)
                                                      0.076     5.953 f  u_tcb/rto_pend_reg[15]_i_13/O
                         net (fo=1, routed)           0.000     5.953    u_tcb/rto_pend_reg[15]_i_13_n_53
    SLICE_X33Y70         MUXF8 (Prop_F8MUX_BOT_SLICEL_I1_O)
                                                      0.027     5.980 f  u_tcb/rto_pend_reg[15]_i_6/O
                         net (fo=6, routed)           0.289     6.269    u_tcb/rb_state[0]
    SLICE_X34Y71         LUT4 (Prop_C6LUT_SLICEM_I1_O)
                                                      0.098     6.367 f  u_tcb/fin_sent_r[13]_i_2/O
                         net (fo=27, routed)          0.126     6.492    u_tcp_tx/u_retx/ring_rem_reg[0]
    SLICE_X34Y73         LUT6 (Prop_C6LUT_SLICEM_I5_O)
                                                      0.113     6.605 r  u_tcp_tx/u_retx/wr_r_i_6/O
                         net (fo=3, routed)           0.468     7.073    u_tcp_tx/u_ackq/wa_e_r_reg[4]_rep__30
    SLICE_X47Y85         LUT6 (Prop_E6LUT_SLICEL_I2_O)
                                                      0.039     7.112 f  u_tcp_tx/u_ackq/wr_r_i_3/O
                         net (fo=5, routed)           0.055     7.168    u_tcp_tx/u_ackq/win_open_reg
    SLICE_X47Y85         LUT4 (Prop_D6LUT_SLICEL_I3_O)
                                                      0.039     7.207 r  u_tcp_tx/u_ackq/trace_mem[1033]_i_3/O
                         net (fo=1, routed)           0.046     7.253    u_tcp_tx/u_fifo_b/trace_mem_reg[15]_1
    SLICE_X47Y85         LUT5 (Prop_F6LUT_SLICEL_I4_O)
                                                      0.039     7.292 f  u_tcp_tx/u_fifo_b/trace_mem[1033]_i_2/O
                         net (fo=23, routed)          0.057     7.349    u_tcp_tx/u_fifo_b/bank_rdy_reg[1]
    SLICE_X47Y85         LUT2 (Prop_G6LUT_SLICEL_I0_O)
                                                      0.038     7.387 f  u_tcp_tx/u_fifo_b/remain[31]_i_3/O
                         net (fo=80, routed)          0.471     7.858    u_app/app_tx_tready
    SLICE_X55Y85         LUT6 (Prop_D6LUT_SLICEM_I3_O)
                                                      0.062     7.920 r  u_app/bcnt[3]_i_28/O
                         net (fo=7, routed)           0.065     7.985    u_app/bcnt[3]_i_28_n_53
    SLICE_X55Y85         LUT6 (Prop_H6LUT_SLICEM_I4_O)
                                                      0.117     8.102 r  u_app/pw_n[3]_i_33/O
                         net (fo=1, routed)           0.347     8.449    u_app/pw_n[3]_i_33_n_53
    SLICE_X59Y82         LUT2 (Prop_A6LUT_SLICEL_I1_O)
                                                      0.039     8.488 r  u_app/pw_n[3]_i_30/O
                         net (fo=1, routed)           0.011     8.499    u_app/pw_n[3]_i_30_n_53
    SLICE_X59Y82         CARRY8 (Prop_CARRY8_SLICEL_S[0]_O[3])
                                                      0.172     8.671 r  u_app/pw_n_reg[3]_i_13/O[3]
                         net (fo=5, routed)           0.312     8.984    u_app/pw_n_reg[3]_i_13_n_65
    SLICE_X59Y82         LUT4 (Prop_H6LUT_SLICEL_I1_O)
                                                      0.116     9.100 f  u_app/bcnt[3]_i_11/O
                         net (fo=10, routed)          0.128     9.228    u_app_ctrl/tx_lfsr_reg[62]
    SLICE_X59Y80         LUT6 (Prop_G6LUT_SLICEL_I3_O)
                                                      0.038     9.266 r  u_app_ctrl/bcnt[3]_i_5__1/O
                         net (fo=125, routed)         0.277     9.543    u_app/tx_lfsr_reg[62]_0
    SLICE_X60Y81         LUT6 (Prop_E6LUT_SLICEL_I0_O)
                                                      0.039     9.582 r  u_app/pw_n[3]_i_4/O
                         net (fo=13, routed)          0.138     9.720    u_app/pw_n[3]_i_4_n_53
    SLICE_X60Y83         LUT5 (Prop_E6LUT_SLICEL_I1_O)
                                                      0.176     9.896 r  u_app/stg[63]_i_1/O
                         net (fo=64, routed)          0.331    10.226    u_app/stg[63]_i_1_n_53
    SLICE_X62Y84         FDCE                                         r  u_app/stg_reg[33]/CE
  -------------------------------------------------------------------    -------------------

                         (clock g_hw.clk_out0 rise edge)
                                                      6.400     6.400 r  
    T25                                               0.000     6.400 r  sys_clk_p (IN)
                         net (fo=0)                   0.079     6.479    u_clkgen/g_hw.u_ibufds/I
    HPIOBDIFFINBUF_X0Y37 DIFFINBUF (Prop_DIFFINBUF_HPIOBDIFFINBUF_DIFF_IN_P_O)
                                                      0.398     6.877 r  u_clkgen/g_hw.u_ibufds/DIFFINBUF_INST/O
                         net (fo=1, routed)           0.040     6.917    u_clkgen/g_hw.u_ibufds/OUT
    T25                  IBUFCTRL (Prop_IBUFCTRL_HPIOB_M_I_O)
                                                      0.000     6.917 r  u_clkgen/g_hw.u_ibufds/IBUFCTRL_INST/O
                         net (fo=1, routed)           0.303     7.220    u_clkgen/g_hw.clk_in_ibuf
    BUFGCE_X0Y37         BUFGCE (Prop_BUFCE_BUFGCE_I_O)
                                                      0.024     7.244 r  u_clkgen/g_hw.u_bufg_in/O
                         net (fo=485, routed)         1.487     8.731    u_clkgen/clk_in_100
    MMCM_X0Y1            MMCME4_ADV (Prop_MMCM_CLKIN1_CLKOUT0)
                                                      0.644     9.375 r  u_clkgen/g_hw.u_mmcm/CLKOUT0
                         net (fo=1, routed)           0.227     9.602    u_clkgen/g_hw.clk_out0
    BUFGCE_X0Y32         BUFGCE (Prop_BUFCE_BUFGCE_I_O)
                                                      0.024     9.626 r  u_clkgen/g_hw.u_bufg_out/O
    X1Y1 (CLOCK_ROOT)    net (fo=48914, routed)       1.624    11.250    u_app/dp_clk
    SLICE_X62Y84         FDCE                                         r  u_app/stg_reg[33]/C
                         clock pessimism             -0.278    10.972    
                         clock uncertainty           -0.062    10.910    
    SLICE_X62Y84         FDCE (Setup_AFF_SLICEM_C_CE)
                                                     -0.043    10.867    u_app/stg_reg[33]
  -------------------------------------------------------------------
                         required time                         10.867    
                         arrival time                         -10.226    
  -------------------------------------------------------------------
                         slack                                  0.641    




