S 1791602637.463737913 2321557759 662583261
S 1791602637.966633080 2321557764 662583267
S 1791602638.470461198 2321557765 662583267
S 1791602638.974905427 2321557767 662583271
S 1791602639.479505177 2321557767 662583271
S 1791602639.983786606 2321557767 662583271
S 1791602640.488422367 2321557768 662583274
S 1791602640.992774167 2321557768 662583274
S 1791602641.496705323 2321557768 662583274
S 1791602642.001474983 2321557770 662583277
S 1791602642.505122903 2321557772 662583281
S 1791602643.008263366 2321557772 662583281
S 1791602643.511908565 2321557773 662583284
S 1791602644.015120801 2321557773 662583284
S 1791602644.519000809 2321557778 662583294
S 1791602645.022278764 2321557814 662583365
S 1791602645.525540333 2321557814 662583365
S 1791602646.029303492 2321767484 662629029
S 1791602646.533129064 2322146016 662710472
S 1791602647.056209551 2322563941 662799525
S 1791602647.566595403 2322958483 662884220
S 1791602648.070496310 2323341792 662965609
S 1791602648.574418387 2323737208 663050784
S 1791602649.078130309 2324128210 663134394
S 1791602649.581580884 2324516820 663217955
S 1791602650.095835597 2324919162 663304246
S 1791602650.600513262 2325316098 663390026
S 1791602651.105183881 2325713178 663476525
S 1791602651.609266105 2326107893 663560882
S 1791602652.112817982 2326506318 663647428
S 1791602652.616485164 2326902589 663731763
S 1791602653.119859625 2327299521 663817088
S 1791602653.624362892 2327695451 663902478
S 1791602654.128253312 2328078766 663984725
S 1791602654.632662058 2328468044 664067136
S 1791602655.136699417 2328866130 664153807
S 1791602655.640698533 2329262667 664239145
S 1791602656.144898131 2329651782 664323011
S 1791602656.652173429 2330055392 664410494
S 1791602657.155818413 2330454337 664496981
S 1791602657.659261842 2330842429 664579508
S 1791602658.162776606 2331230524 664661194
S 1791602658.666777734 2331624783 664744947
S 1791602659.171144774 2332012002 664828723
S 1791602659.674908280 2332409546 664914823
S 1791602660.178264799 2332804038 665000307
S 1791602660.681774724 2333182437 665080925
S 1791602661.185936315 2333578940 665167044
S 1791602661.689750024 2333992527 665255470
S 1791602662.217256063 2334379852 665337644
S 1791602662.720392945 2334777790 665422419
S 1791602663.257561946 2335192794 665511882
S 1791602663.761648352 2335578929 665594123
S 1791602664.264899522 2335972419 665678453
S 1791602664.768332763 2336371564 665765581
S 1791602665.271789065 2336758122 665847254
S 1791602665.803667181 2337177372 665938608
S 1791602666.307720043 2337574873 666024769
S 1791602666.811674627 2337958190 666105953
S 1791602667.315225435 2338352188 666189785
S 1791602667.819234162 2338750852 666276502
S 1791602668.322973589 2339136546 666360256
S 1791602668.826434876 2339534818 666446610
S 1791602669.329724324 2339932837 666532476
S 1791602669.833258467 2340318711 666614903
S 1791602670.337457399 2340718194 666701900
S 1791602670.841399533 2341115690 666788159
S 1791602671.344759202 2341500840 666870112
S 1791602671.848335875 2341896989 666955591
S 1791602672.351809424 2342294843 667042254
S 1791602672.855283667 2342679367 667125845
S 1791602673.359067638 2343076376 667210676
S 1791602673.862565550 2343473114 667297558
S 1791602674.366724952 2343858654 667380504
S 1791602674.870715317 2344250718 667461800
S 1791602675.374170422 2344650718 667548339
S 1791602675.877589948 2345045878 667631259
S 1791602676.381139885 2345436260 667713832
S 1791602676.885763429 2345830622 667798358
S 1791602677.389936455 2346230346 667883319
S 1791602677.913402503 2346628815 667967185
S 1791602678.417311174 2347026032 668052986
S 1791602678.920954671 2347421752 668136722
S 1791602679.424838251 2347816139 668219339
S 1791602679.928364193 2348211370 668304940
S 1791602680.431578634 2348608507 668389545
S 1791602680.934880860 2349001521 668474409
S 1791602681.438544175 2349399368 668560287
S 1791602681.942010691 2349797009 668646956
S 1791602682.445962560 2350192313 668732676
S 1791602682.949447748 2350584884 668817027
S 1791602683.453153940 2350980075 668902617
S 1791602683.957449550 2351365470 668984283
S 1791602684.461378199 2351763816 669070729
S 1791602684.965111400 2352161055 669156186
S 1791602685.468733417 2352550367 669240868
S 1791602685.972810077 2352951108 669328140
S 1791602686.476489618 2353346866 669413014
S 1791602686.980275926 2353735949 669496584
S 1791602687.488162748 2354132723 669581809
S 1791602687.992274038 2354526093 669665463
S 1791602688.495821853 2354919447 669748996
S 1791602689.028504148 2355334898 669839302
S 1791602689.532457377 2355735439 669927150
S 1791602690.035851525 2356128653 670011137
S 1791602690.539814199 2356527234 670098207
S 1791602691.069062476 2356967506 670193519
S 1791602691.602441819 2357354128 670276696
S 1791602692.106161513 2357749698 670361840
S 1791602692.609946908 2358150313 670449282
S 1791602693.114088070 2358532919 670531164
S 1791602693.617827234 2358930974 670617252
S 1791602694.121523874 2359329495 670704632
S 1791602694.625130845 2359717970 670788272
S 1791602695.128478187 2360104933 670871295
S 1791602695.631941403 2360497088 670956900
S 1791602696.135428019 2360879405 671038338
S 1791602696.639016246 2361276666 671124288
S 1791602697.143252448 2361672727 671210119
S 1791602697.647072814 2362058687 671293642
S 1791602698.150935351 2362454318 671378864
S 1791602698.655615276 2362847143 671463704
S 1791602699.159485293 2363231394 671547085
S 1791602699.663319731 2363624678 671632429
S 1791602700.167145747 2364022115 671718781
S 1791602700.670927278 2364415592 671804068
S 1791602701.174856970 2364812724 671890710
S 1791602701.678144811 2365209998 671977415
S 1791602702.182178905 2365611793 672064815
S 1791602702.686115838 2366008188 672150738
S 1791602703.189620194 2366402261 672236241
S 1791602703.693117515 2366800674 672322593
S 1791602704.197220052 2367195386 672407898
S 1791602704.701274483 2367592811 672493367
S 1791602705.205491495 2367989068 672579556
S 1791602705.708654732 2368385412 672664608
S 1791602706.211864926 2368780708 672750741
S 1791602706.716390241 2369180504 672836521
S 1791602707.230249339 2369588820 672924149
S 1791602707.737506962 2369988666 673010766
S 1791602708.241346963 2370418014 673103120
S 1791602708.783799742 2370819282 673189630
S 1791602709.287495129 2371216313 673273960
S 1791602709.791581812 2371612791 673358509
S 1791602710.294919804 2372006644 673442887
S 1791602710.798429211 2372400445 673527940
S 1791602711.302248723 2372798637 673613735
S 1791602711.806217919 2372934644 673642863
S 1791602712.309086808 2372934644 673642863
S 1791602712.812843610 2372934644 673642863
S 1791602713.317678639 2372934646 673642868
S 1791602713.822404522 2372934646 673642868
S 1791602714.326218412 2372934663 673642904
