S 1791603627.223091801 2492141315 713784027
S 1791603627.727074985 2492141320 713784036
S 1791603628.231214427 2492141320 713784036
S 1791603628.736140878 2492141320 713784036
S 1791603629.240496714 2492141323 713784044
S 1791603629.744827365 2492141323 713784044
S 1791603630.249490229 2492141323 713784044
S 1791603630.753216407 2492141325 713784047
S 1791603631.257278782 2492141325 713784047
S 1791603631.760875522 2492141325 713784047
S 1791603632.265849400 2492141328 713784054
S 1791603632.768608633 2492141329 713784054
S 1791603633.272455864 2492141329 713784054
S 1791603633.777363549 2492141330 713784057
S 1791603634.280987161 2492141332 713784061
S 1791603634.784295739 2492141370 713784137
S 1791603635.287491061 2492141372 713784140
S 1791603635.790629114 2492148771 713789957
S 1791603636.294242923 2492270432 713883877
S 1791603636.797375691 2492368395 713956413
S 1791603637.300749896 2492470798 714032557
S 1791603637.806365129 2492598974 714128051
S 1791603638.312227336 2492693484 714198359
S 1791603638.820008683 2492798518 714275204
S 1791603639.323138292 2492890096 714342327
S 1791603639.827057253 2492997163 714421705
S 1791603640.331452006 2493105225 714501930
S 1791603640.834906823 2493221099 714587233
S 1791603641.338075063 2493320613 714661100
S 1791603641.845453738 2493428126 714741448
S 1791603642.350590534 2493529045 714816974
S 1791603642.855934165 2493624511 714887664
S 1791603643.361646899 2493731388 714966473
S 1791603643.867876954 2493843738 715048796
S 1791603644.372082390 2493952332 715130041
S 1791603644.875704453 2494061114 715210921
S 1791603645.379241202 2494157797 715282787
S 1791603645.883990153 2494260243 715358307
S 1791603646.387472522 2494381774 715448738
S 1791603646.890672736 2494481339 715522498
S 1791603647.395284800 2494581015 715595557
S 1791603647.900095276 2494683639 715671786
S 1791603648.403300050 2494800764 715759275
S 1791603648.906664235 2494899846 715831920
S 1791603649.410725212 2495009328 715913663
S 1791603649.915730601 2495111506 715988492
S 1791603650.421661334 2495213062 716063977
S 1791603650.928439277 2495329453 716150814
S 1791603651.433375418 2495437652 716230301
S 1791603651.937260924 2495533793 716301171
S 1791603652.440802505 2495644321 716383402
S 1791603652.945333550 2495746257 716458789
S 1791603653.449804809 2495858611 716543067
S 1791603653.956369817 2495961736 716619522
S 1791603654.462230840 2496073091 716702891
S 1791603654.966069682 2496177302 716779736
S 1791603655.471291942 2496284941 716858604
S 1791603655.974415563 2496402179 716944806
S 1791603656.478307369 2496495635 717013661
S 1791603656.981471845 2496593559 717085997
S 1791603657.485991196 2496699017 717164423
S 1791603657.990445833 2496818323 717252565
S 1791603658.494218617 2496921096 717329842
S 1791603658.997690102 2497043826 717420303
S 1791603659.501978560 2497145988 717496282
S 1791603660.007106987 2497247410 717572279
S 1791603660.512043384 2497361360 717657199
S 1791603661.017776301 2497478719 717745720
S 1791603661.522069685 2497575921 717817203
S 1791603662.025190215 2497623111 717853328
S 1791603662.527875465 2497623111 717853328
S 1791603663.030583519 2497623111 717853328
S 1791603663.535074682 2497623113 717853331
S 1791603664.038903176 2497623113 717853331
S 1791603664.541837134 2497623128 717853361
