S 1791603840.350426002 2503109749 722153279
S 1791603840.854272289 2503109751 722153281
S 1791603841.358704660 2503109751 722153281
S 1791603841.862849036 2503109751 722153281
S 1791603842.367742776 2503109753 722153287
S 1791603842.871836768 2503109753 722153287
S 1791603843.376795767 2503109753 722153287
S 1791603843.881193766 2503109756 722153290
S 1791603844.385811434 2503109756 722153290
S 1791603844.890460054 2503109756 722153290
S 1791603845.394073198 2503109760 722153298
S 1791603845.897654241 2503109761 722153298
S 1791603846.402372006 2503109761 722153298
S 1791603846.907509872 2503109763 722153301
S 1791603847.411427161 2503109765 722153306
S 1791603847.914290271 2503109803 722153381
S 1791603848.417361021 2503109805 722153384
S 1791603848.920512365 2503110251 722153765
S 1791603849.423597557 2503110426 722153939
S 1791603849.926762400 2503110459 722154001
S 1791603850.429852101 2503110492 722154065
S 1791603850.933054743 2503110520 722154121
S 1791603851.436373598 2503110545 722154184
S 1791603851.939614713 2503110579 722154247
S 1791603852.442551647 2503110596 722154302
S 1791603852.945613184 2503110628 722154367
S 1791603853.448544122 2503110653 722154431
S 1791603853.951384232 2503110681 722154486
S 1791603854.454416113 2503110714 722154547
S 1791603854.958056909 2503110748 722154610
S 1791603855.461125724 2503110764 722154642
S 1791603855.964254227 2503110789 722154692
S 1791603856.467526444 2503110807 722154726
S 1791603856.970523822 2503110825 722154761
S 1791603857.473810960 2503110859 722154827
S 1791603857.977282180 2503110892 722154888
S 1791603858.480594698 2503110922 722154944
S 1791603858.983891508 2503110958 722155010
S 1791603859.487271241 2503110989 722155068
S 1791603859.990487144 2503111019 722155124
S 1791603860.493647704 2503111052 722155189
S 1791603860.996958025 2503111083 722155247
S 1791603861.500175179 2503111114 722155304
S 1791603862.003520809 2503111151 722155373
S 1791603862.506987533 2503111182 722155430
S 1791603863.010287669 2503111214 722155488
S 1791603863.513482510 2503111249 722155556
S 1791603864.016404484 2503111279 722155611
S 1791603864.519329918 2503111305 722155660
S 1791603865.022928076 2503111307 722155664
S 1791603865.527122925 2503111307 722155664
S 1791603866.031255105 2503111307 722155664
S 1791603866.535046458 2503111308 722155667
S 1791603867.038822403 2503111333 722155716
