S 1791604284.514351820 2503120234 722168013
S 1791604285.017734795 2503120237 722168019
S 1791604285.522442201 2503120237 722168019
S 1791604286.026755385 2503120237 722168019
S 1791604286.531891343 2503120239 722168024
S 1791604287.036735789 2503120239 722168024
S 1791604287.541463373 2503120239 722168024
S 1791604288.045222117 2503120240 722168027
S 1791604288.548977052 2503120241 722168027
S 1791604289.053521614 2503120241 722168027
S 1791604289.557173992 2503120244 722168035
S 1791604290.060824767 2503120246 722168035
S 1791604290.565400383 2503120246 722168035
S 1791604291.069411386 2503120246 722168035
S 1791604291.573059963 2503120250 722168043
S 1791604292.076358618 2503120289 722168119
S 1791604292.579466064 2503120289 722168119
S 1791604293.083075453 2503134847 722182666
S 1791604293.586456819 2503170386 722218231
S 1791604294.089980600 2503206136 722254010
S 1791604294.594165674 2503241259 722289159
S 1791604295.098763444 2503276854 722324782
S 1791604295.602536310 2503311056 722359012
S 1791604296.106123606 2503346379 722394364
S 1791604296.609809115 2503381747 722429757
S 1791604297.113680309 2503417303 722465340
S 1791604297.616833763 2503452197 722500264
S 1791604298.120997545 2503487398 722535491
S 1791604298.624452850 2503521571 722569690
S 1791604299.127887736 2503556910 722605058
S 1791604299.631340856 2503591737 722639910
S 1791604300.134776389 2503627069 722675269
S 1791604300.637890115 2503662438 722710667
S 1791604301.140851325 2503696490 722744746
S 1791604301.643933090 2503731716 722779997
S 1791604302.146996825 2503767224 722815533
S 1791604302.650166140 2503802613 722850949
S 1791604303.153315349 2503837946 722886310
S 1791604303.656191451 2503871485 722919879
S 1791604304.158987963 2503906719 722955140
S 1791604304.661921552 2503942354 722990800
S 1791604305.165147784 2503977170 723025647
S 1791604305.668730303 2504012828 723061333
S 1791604306.172516532 2504046647 723095180
S 1791604306.675931083 2504081924 723130483
S 1791604307.179185951 2504117134 723165723
S 1791604307.682454951 2504152541 723201154
S 1791604308.186020975 2504188039 723236682
S 1791604308.690007412 2504223196 723271866
S 1791604309.193338224 2504257045 723305742
S 1791604309.696725529 2504291745 723340470
S 1791604310.200043134 2504326482 723375234
S 1791604310.703058553 2504362324 723411101
S 1791604311.206245968 2504397057 723445865
S 1791604311.710718897 2504430711 723479543
S 1791604312.214100477 2504465719 723514577
S 1791604312.717472376 2504501101 723549986
S 1791604313.221439581 2504536640 723585553
S 1791604313.724776862 2504572092 723621032
S 1791604314.228390088 2504606088 723655055
S 1791604314.732111742 2504641253 723690246
S 1791604315.236321260 2504676672 723725692
S 1791604315.739327944 2504711956 723761003
S 1791604316.242286019 2504746985 723796060
S 1791604316.745291841 2504780912 723830017
S 1791604317.248451188 2504816301 723865432
S 1791604317.751665852 2504851629 723900790
S 1791604318.254694721 2504886401 723935589
S 1791604318.757761216 2504921840 723971055
S 1791604319.260814792 2504957061 724006305
S 1791604319.764558022 2504991473 724040743
S 1791604320.268158862 2505026877 724076175
S 1791604320.771720424 2505062022 724111350
S 1791604321.275120912 2505097145 724146500
S 1791604321.778318924 2505131657 724181040
S 1791604322.281907951 2505166922 724216331
S 1791604322.785357970 2505202532 724251970
S 1791604323.288752173 2505237965 724287429
S 1791604323.792449708 2505273554 724323050
S 1791604324.296078486 2505308833 724358354
S 1791604324.799570351 2505342653 724392200
S 1791604325.303348975 2505377413 724426990
S 1791604325.807035915 2505412579 724462184
S 1791604326.310567871 2505448164 724497796
S 1791604326.814122824 2505483812 724533470
S 1791604327.317409208 2505517800 724567484
S 1791604327.820855920 2505553126 724602838
S 1791604328.324397469 2505588491 724638231
S 1791604328.828154309 2505623804 724673571
S 1791604329.331639459 2505658864 724708659
S 1791604329.835067893 2505694046 724743867
S 1791604330.338643078 2505728463 724778310
S 1791604330.841901205 2505763547 724813420
S 1791604331.344861442 2505798508 724848409
S 1791604331.848090694 2505833581 724883508
S 1791604332.351910287 2505869080 724919032
S 1791604332.855382141 2505903045 724953028
S 1791604333.358924033 2505938956 724988966
S 1791604333.862610185 2505974408 725024445
S 1791604334.366099269 2506009142 725059209
S 1791604334.869290825 2506044888 725094981
S 1791604335.372608393 2506079145 725129264
S 1791604335.875913181 2506114616 725164762
S 1791604336.379553757 2506149913 725200084
S 1791604336.883250420 2506185576 725235773
S 1791604337.388236798 2506221102 725271326
S 1791604337.891342441 2506255225 725305476
S 1791604338.394510560 2506290902 725341180
S 1791604338.898785299 2506326586 725376889
S 1791604339.402136144 2506361327 725411661
S 1791604339.905310099 2506396781 725447141
S 1791604340.408527553 2506432509 725482897
S 1791604340.911934618 2506466234 725516652
S 1791604341.415898821 2506501929 725552373
S 1791604341.919883302 2506537421 725587892
S 1791604342.424581904 2506572847 725623348
S 1791604342.928732704 2506608630 725659157
S 1791604343.432453481 2506643054 725693609
S 1791604343.935718446 2506678187 725728773
S 1791604344.439139671 2506713394 725764007
S 1791604344.943770879 2506748601 725799244
S 1791604345.447164034 2506784000 725834671
S 1791604345.950951071 2506818005 725868702
S 1791604346.454735647 2506853356 725904080
S 1791604346.958624451 2506888597 725939352
S 1791604347.461784802 2506923914 725974696
S 1791604347.964818031 2506959244 726010053
S 1791604348.468381474 2506992611 726043448
S 1791604348.971945345 2507028129 726078992
S 1791604349.477616914 2507063908 726114798
S 1791604349.981895583 2507099669 726150588
S 1791604350.485099859 2507135184 726186129
S 1791604350.988251275 2507169301 726220274
S 1791604351.491303581 2507204707 726255709
S 1791604351.994456178 2507239920 726290948
S 1791604352.497358741 2507275288 726326344
S 1791604353.000425022 2507310754 726361841
S 1791604353.503321152 2507346116 726397230
S 1791604354.006200495 2507380043 726431186
S 1791604354.509252891 2507415312 726466482
S 1791604355.012828452 2507450948 726502141
S 1791604355.516653689 2507486222 726537444
S 1791604356.020357562 2507521315 726572565
S 1791604356.524661170 2507556977 726608252
S 1791604357.028603665 2507592653 726643955
S 1791604357.532362798 2507627845 726679175
S 1791604358.036176075 2507663379 726714736
S 1791604358.540011574 2507698806 726750188
S 1791604359.043293605 2507732906 726784316
S 1791604359.547563136 2507768332 726819768
S 1791604360.051086430 2507804233 726855696
S 1791604360.554243715 2507838604 726890097
S 1791604361.057380621 2507874277 726925793
S 1791604361.560723916 2507908001 726959543
S 1791604362.063986456 2507943057 726994631
S 1791604362.567581245 2507978650 727030249
S 1791604363.070779186 2508014136 727065761
S 1791604363.573875823 2508049471 727101123
S 1791604364.077256611 2508084705 727136386
S 1791604364.580646902 2508119416 727171125
S 1791604365.083985784 2508154956 727206692
S 1791604365.587232349 2508190468 727242231
S 1791604366.090524954 2508225629 727277419
S 1791604366.593993761 2508261135 727312953
S 1791604367.097304587 2508294583 727346429
S 1791604367.600298139 2508330030 727381904
S 1791604368.103406374 2508365713 727417612
S 1791604368.608011265 2508400833 727452761
S 1791604369.111475572 2508435988 727487943
S 1791604369.616041152 2508470055 727522037
S 1791604370.119458393 2508505794 727557804
S 1791604370.623144262 2508541131 727593170
S 1791604371.126577260 2508576669 727628735
S 1791604371.629794222 2508604422 727656519
S 1791604372.133241273 2508604430 727656533
S 1791604372.637211544 2508604430 727656533
S 1791604373.140368482 2508604432 727656538
S 1791604373.643603303 2508604432 727656538
S 1791604374.147235940 2508604432 727656538
