S 1791603328.683863594 2486652798 708290394
S 1791603329.187238191 2486652800 708290396
S 1791603329.692129363 2486652800 708290396
S 1791603330.195835050 2486652802 708290401
S 1791603330.699509383 2486652802 708290401
S 1791603331.202981361 2486652802 708290401
S 1791603331.707165728 2486652803 708290404
S 1791603332.211327225 2486652803 708290404
S 1791603332.715311656 2486652803 708290404
S 1791603333.219400670 2486652805 708290407
S 1791603333.723341529 2486652807 708290412
S 1791603334.227335337 2486652808 708290412
S 1791603334.731465723 2486652810 708290415
S 1791603335.236342659 2486652810 708290415
S 1791603335.739962966 2486652812 708290419
S 1791603336.243091280 2486652853 708290499
S 1791603336.746623558 2486652853 708290499
S 1791603337.250234655 2486653075 708290713
S 1791603337.754194100 2486685730 708323394
S 1791603338.257572586 2486723248 708360940
S 1791603338.760859748 2486760800 708398518
S 1791603339.264685636 2486798863 708436610
S 1791603339.767894585 2486836427 708474201
S 1791603340.271170797 2486872745 708510543
S 1791603340.775741088 2486910859 708548683
S 1791603341.279389731 2486948441 708586291
S 1791603341.783505056 2486985076 708622951
S 1791603342.287432452 2487022659 708660562
S 1791603342.790731525 2487060586 708698516
S 1791603343.293902953 2487098602 708736561
S 1791603343.797274959 2487136839 708774825
S 1791603344.300436539 2487175519 708813528
S 1791603344.804393444 2487212242 708850277
S 1791603345.308065443 2487250181 708888243
S 1791603345.812848105 2487288493 708926581
S 1791603346.315981713 2487326952 708965065
S 1791603346.820401273 2487364784 709002929
S 1791603347.323486290 2487400628 709038800
S 1791603347.827820242 2487438346 709076545
S 1791603348.332454523 2487476616 709114841
S 1791603348.836245030 2487514845 709153097
S 1791603349.340215452 2487552871 709191149
S 1791603349.843552827 2487589039 709227345
S 1791603350.346497933 2487627163 709265495
S 1791603350.849809313 2487665176 709303535
S 1791603351.353699058 2487703758 709342142
S 1791603351.858724428 2487741765 709380175
S 1791603352.363263968 2487778222 709416658
S 1791603352.866598185 2487816183 709454648
S 1791603353.370486539 2487854162 709492653
S 1791603353.873766793 2487892272 709530790
S 1791603354.376854403 2487929971 709568518
S 1791603354.881510753 2487966582 709605153
S 1791603355.386612611 2488004976 709643576
S 1791603355.889597719 2488043610 709682236
S 1791603356.394229862 2488081435 709720088
S 1791603356.898351612 2488119649 709758326
S 1791603357.405873548 2488157866 709796569
S 1791603357.909612317 2488196214 709834945
S 1791603358.412831621 2488234548 709873307
S 1791603358.916499154 2488272841 709911626
S 1791603359.420605384 2488309614 709948427
S 1791603359.924651201 2488347829 709986665
S 1791603360.428923336 2488386453 710025313
S 1791603360.932489230 2488424778 710063665
S 1791603361.436880267 2488462174 710101087
S 1791603361.942832196 2488498138 710137076
S 1791603362.445999395 2488536001 710174967
S 1791603362.948996495 2488573522 710212513
S 1791603363.452744244 2488611676 710250692
S 1791603363.957381714 2488650308 710289352
S 1791603364.462172989 2488689043 710328111
S 1791603364.965456769 2488727673 710366766
S 1791603365.469511346 2488765769 710404889
S 1791603365.973838225 2488803541 710442689
S 1791603366.477060528 2488841251 710480427
S 1791603366.980837128 2488877659 710516863
S 1791603367.484210415 2488915799 710555027
S 1791603367.987693046 2488953731 710592984
S 1791603368.491290667 2488991476 710630756
S 1791603368.995306497 2489029311 710668617
S 1791603369.500004961 2489066118 710705451
S 1791603370.003914394 2489104048 710743410
S 1791603370.508151281 2489142116 710781505
S 1791603371.011412995 2489180827 710820240
S 1791603371.514905563 2489219060 710858499
S 1791603372.018423060 2489254832 710894296
S 1791603372.522243156 2489293288 710932778
S 1791603373.026173078 2489331002 710970519
S 1791603373.529205190 2489369297 711008841
S 1791603374.032342626 2489407283 711046854
S 1791603374.536252455 2489443933 711083533
S 1791603375.040172208 2489482193 711121820
S 1791603375.543307447 2489520300 711159953
S 1791603376.046257698 2489557388 711197069
S 1791603376.549402525 2489594659 711234368
S 1791603377.052606412 2489630659 711270393
S 1791603377.556656634 2489667776 711307537
S 1791603378.061352931 2489705823 711345612
S 1791603378.565378038 2489744054 711383868
S 1791603379.069732810 2489781971 711421815
S 1791603379.574555215 2489819809 711459679
S 1791603380.077914967 2489857520 711497415
S 1791603380.581118727 2489895314 711535238
S 1791603381.084851569 2489933009 711572959
S 1791603381.587975410 2489970663 711610638
S 1791603382.092153263 2490008197 711648199
S 1791603382.596122232 2490046474 711686506
S 1791603383.099948621 2490084814 711724870
S 1791603383.604457584 2490122955 711763037
S 1791603384.108890543 2490158735 711798845
S 1791603384.612296773 2490196773 711836911
S 1791603385.115371061 2490234847 711875011
S 1791603385.618574264 2490273019 711913211
S 1791603386.122406295 2490310547 711950765
S 1791603386.626708428 2490346716 711986961
S 1791603387.130114909 2490384376 712024648
S 1791603387.633492930 2490422718 712063016
S 1791603388.136860006 2490460273 712100598
S 1791603388.641159871 2490497869 712138222
S 1791603389.144574499 2490534130 712174510
S 1791603389.648841406 2490572448 712212854
S 1791603390.152147962 2490611010 712251444
S 1791603390.655941183 2490648543 712289003
S 1791603391.160019071 2490686041 712326527
S 1791603391.664232435 2490722635 712363146
S 1791603392.167426818 2490760982 712401518
S 1791603392.671254763 2490799667 712440231
S 1791603393.175663353 2490837333 712477927
S 1791603393.680008550 2490874695 712515314
S 1791603394.183950499 2490911209 712551855
S 1791603394.687430738 2490948831 712589507
S 1791603395.190626420 2490987150 712627854
S 1791603395.694615351 2491025293 712666023
S 1791603396.198838923 2491063385 712704143
S 1791603396.702758065 2491100657 712741440
S 1791603397.207394764 2491138995 712779804
S 1791603397.713037452 2491177250 712818085
S 1791603398.217945498 2491215836 712856698
S 1791603398.721546911 2491253121 712894010
S 1791603399.224800369 2491290306 712931223
S 1791603399.728079942 2491328419 712969363
S 1791603400.232187203 2491365683 713006654
S 1791603400.736230717 2491404471 713045470
S 1791603401.241220902 2491440930 713081954
S 1791603401.745103460 2491478446 713119493
S 1791603402.248608158 2491515959 713157034
S 1791603402.752234282 2491554495 713195593
S 1791603403.256208653 2491592654 713233781
S 1791603403.760549240 2491628458 713269615
S 1791603404.263609349 2491666402 713307587
S 1791603404.766683720 2491704393 713345605
S 1791603405.269975360 2491743181 713384418
S 1791603405.773658666 2491781030 713422295
S 1791603406.276927952 2491817569 713458860
S 1791603406.780683392 2491855635 713496950
S 1791603407.285175424 2491893524 713534871
S 1791603407.789468890 2491931435 713572809
S 1791603408.292711847 2491969784 713611183
S 1791603408.796337684 2492006610 713648035
S 1791603409.300861353 2492044703 713686155
S 1791603409.804644967 2492083187 713724665
S 1791603410.307944215 2492121126 713762630
S 1791603410.810847934 2492136779 713778310
S 1791603411.314288922 2492136779 713778310
S 1791603411.818436079 2492136780 713778314
S 1791603412.322782185 2492136780 713778314
S 1791603412.827431809 2492136780 713778314
S 1791603413.331187665 2492136791 713778341
