S 1791603804.874861734 2503107941 722150236
S 1791603805.378668495 2503107945 722150243
S 1791603805.883754649 2503107945 722150243
S 1791603806.388483512 2503107945 722150243
S 1791603806.892672827 2503107947 722150247
S 1791603807.396970042 2503107947 722150247
S 1791603807.901594697 2503107947 722150247
S 1791603808.406427591 2503107949 722150251
S 1791603808.912319537 2503107949 722150251
S 1791603809.416236180 2503107949 722150251
S 1791603809.919840616 2503107953 722150260
S 1791603810.422971976 2503107954 722150260
S 1791603810.927911483 2503107954 722150260
S 1791603811.432169282 2503107956 722150263
S 1791603811.935917158 2503107958 722150268
S 1791603812.439196416 2503107997 722150344
S 1791603812.942397403 2503107999 722150347
S 1791603813.446353988 2503108441 722150762
S 1791603813.949682326 2503108551 722150884
S 1791603814.452739039 2503108582 722150945
S 1791603814.955923019 2503108616 722151011
S 1791603815.459055240 2503108646 722151067
S 1791603815.962134562 2503108681 722151130
S 1791603816.465471915 2503108713 722151191
S 1791603816.968482287 2503108742 722151247
S 1791603817.471777098 2503108776 722151311
S 1791603817.975204488 2503108808 722151370
S 1791603818.478329122 2503108839 722151426
S 1791603818.981417180 2503108872 722151489
S 1791603819.484398771 2503108903 722151551
S 1791603819.987530130 2503108932 722151607
S 1791603820.490465858 2503108967 722151674
S 1791603820.994098236 2503108998 722151731
S 1791603821.497145192 2503109026 722151788
S 1791603822.000690248 2503109060 722151855
S 1791603822.503590871 2503109091 722151912
S 1791603823.006543001 2503109122 722151968
S 1791603823.509777121 2503109155 722152033
S 1791603824.013501898 2503109185 722152092
S 1791603824.516523787 2503109216 722152148
S 1791603825.019826876 2503109251 722152213
S 1791603825.522839412 2503109282 722152272
S 1791603826.025810270 2503109313 722152330
S 1791603826.529127980 2503109347 722152398
S 1791603827.032110937 2503109375 722152453
S 1791603827.535186290 2503109407 722152513
S 1791603828.038522206 2503109440 722152578
S 1791603828.541386183 2503109469 722152634
S 1791603829.044588185 2503109489 722152671
S 1791603829.548432775 2503109489 722152671
S 1791603830.052925452 2503109492 722152674
S 1791603830.557116838 2503109492 722152674
S 1791603831.060816729 2503109492 722152674
S 1791603831.564416543 2503109534 722152756
