S 1791603259.312863064 2481169860 704158097
S 1791603259.816463909 2481169862 704158099
S 1791603260.321008717 2481169864 704158104
S 1791603260.825222484 2481169864 704158104
S 1791603261.329245734 2481169864 704158104
S 1791603261.835980009 2481169866 704158108
S 1791603262.340710813 2481169866 704158108
S 1791603262.845401915 2481169866 704158108
S 1791603263.350018027 2481169868 704158111
S 1791603263.853971640 2481169868 704158111
S 1791603264.357575470 2481169868 704158116
S 1791603264.861109032 2481169871 704158120
S 1791603265.365143943 2481169871 704158120
S 1791603265.869618173 2481169871 704158120
S 1791603266.373445570 2481169875 704158128
S 1791603266.876547783 2481169914 704158204
S 1791603267.380110975 2481169914 704158204
S 1791603267.883336038 2481171666 704159503
S 1791603268.386577075 2481242202 704211856
S 1791603268.890878274 2481313609 704266963
S 1791603269.395200540 2481377231 704314857
S 1791603269.899397446 2481448901 704369716
S 1791603270.403286411 2481522172 704426325
S 1791603270.907050394 2481594142 704479698
S 1791603271.410875946 2481658556 704529100
S 1791603271.915289661 2481723875 704577246
S 1791603272.419844412 2481791403 704628412
S 1791603272.924076643 2481868585 704687208
S 1791603273.427446668 2481945477 704745885
S 1791603273.930698286 2482016877 704800131
S 1791603274.434100712 2482079296 704848571
S 1791603274.938377128 2482150742 704902334
S 1791603275.442676223 2482231907 704965185
S 1791603275.946811824 2482308827 705021842
S 1791603276.450719826 2482378024 705073085
S 1791603276.954072569 2482455293 705131699
S 1791603277.458114866 2482529591 705185446
S 1791603277.962691541 2482604792 705243785
S 1791603278.465808833 2482686242 705304178
S 1791603278.969364835 2482743754 705347891
S 1791603279.472967783 2482818713 705405423
S 1791603279.977003839 2482888621 705458368
S 1791603280.481055068 2482959842 705512458
S 1791603280.984464481 2483030995 705566672
S 1791603281.487947043 2483101010 705619346
S 1791603281.991916445 2483181795 705679617
S 1791603282.496223828 2483251557 705733083
S 1791603282.999898130 2483328501 705789708
S 1791603283.503506511 2483394982 705839362
S 1791603284.007478466 2483462194 705889713
S 1791603284.510889235 2483534817 705946237
S 1791603285.014124634 2483606182 705998588
S 1791603285.518050500 2483678930 706052601
S 1791603286.022055617 2483754119 706109219
S 1791603286.526045675 2483824266 706162339
S 1791603287.031084431 2483894427 706215833
S 1791603287.534552887 2483977598 706280154
S 1791603288.038666526 2484045013 706330588
S 1791603288.542980199 2484129594 706396738
S 1791603289.046220824 2484196824 706447193
S 1791603289.549438614 2484270359 706503844
S 1791603290.052527332 2484346717 706561201
S 1791603290.555953895 2484414800 706612797
S 1791603291.060360725 2484488698 706668723
S 1791603291.564571984 2484561275 706724332
S 1791603292.068134480 2484631711 706778567
S 1791603292.571935279 2484701705 706830991
S 1791603293.077003778 2484770366 706882658
S 1791603293.581378248 2484844040 706937087
S 1791603294.084708126 2484917997 706991501
S 1791603294.587986115 2484997861 707052782
S 1791603295.092163431 2485071475 707108850
S 1791603295.595974803 2485153043 707171346
S 1791603296.099638030 2485217233 707219948
S 1791603296.602718217 2485291281 707273615
S 1791603297.107111461 2485368286 707330734
S 1791603297.611320461 2485442979 707385815
S 1791603298.115124180 2485513659 707436702
S 1791603298.618974462 2485586800 707491153
S 1791603299.122591453 2485655866 707542074
S 1791603299.626342716 2485726216 707594179
S 1791603300.132103334 2485798647 707643752
S 1791603300.635641495 2485864964 707693272
S 1791603301.139850609 2485932896 707741894
S 1791603301.644043361 2486009790 707799982
S 1791603302.148016867 2486085544 707856692
S 1791603302.651174894 2486151397 707907178
S 1791603303.154903135 2486224004 707963001
S 1791603303.659283363 2486301317 708021470
S 1791603304.163569311 2486372750 708075973
S 1791603304.667441631 2486448351 708133616
S 1791603305.171448635 2486506308 708177762
S 1791603305.675645938 2486582284 708235471
S 1791603306.179675810 2486649810 708287478
S 1791603306.683991668 2486652543 708289472
S 1791603307.187854669 2486652543 708289472
S 1791603307.692491005 2486652543 708289472
S 1791603308.196579448 2486652545 708289476
S 1791603308.700236100 2486652545 708289476
