S 1791603673.508487577 2497623377 717854080
S 1791603674.011757325 2497623380 717854087
S 1791603674.515013489 2497623380 717854087
S 1791603675.018977041 2497623380 717854087
S 1791603675.523271615 2497623382 717854091
S 1791603676.027712451 2497623382 717854091
S 1791603676.532711449 2497623382 717854091
S 1791603677.036574805 2497623384 717854093
S 1791603677.539977942 2497623384 717854093
S 1791603678.044781240 2497623384 717854093
S 1791603678.548416578 2497623388 717854101
S 1791603679.052398556 2497623389 717854101
S 1791603679.556152959 2497623389 717854101
S 1791603680.059863560 2497623390 717854104
S 1791603680.562909032 2497623393 717854109
S 1791603681.066415627 2497623431 717854184
S 1791603681.569646686 2497623431 717854184
S 1791603682.073045154 2497623545 717854296
S 1791603682.575911380 2497623575 717854351
S 1791603683.079303916 2497623608 717854411
S 1791603683.582477351 2497623641 717854475
S 1791603684.085437625 2497623669 717854530
S 1791603684.588461995 2497623703 717854592
S 1791603685.091726542 2497623737 717854655
S 1791603685.594817567 2497623768 717854711
S 1791603686.098554500 2497623803 717854777
S 1791603686.601484504 2497623835 717854836
S 1791603687.104431450 2497623868 717854895
S 1791603687.607583642 2497623901 717854957
S 1791603688.110718799 2497623931 717855017
S 1791603688.613868299 2497623961 717855076
S 1791603689.117211792 2497623993 717855138
S 1791603689.620223500 2497624025 717855196
S 1791603690.123487101 2497624057 717855255
S 1791603690.626861754 2497624091 717855317
S 1791603691.129840861 2497624122 717855376
S 1791603691.632906096 2497624155 717855436
S 1791603692.135723232 2497624188 717855497
S 1791603692.638769376 2497624219 717855556
S 1791603693.141943435 2497624251 717855618
S 1791603693.645473840 2497624284 717855677
S 1791603694.148424816 2497624317 717855737
S 1791603694.651839516 2497624350 717855800
S 1791603695.154903106 2497624380 717855857
S 1791603695.658221152 2497624411 717855918
S 1791603696.161479665 2497624443 717855982
S 1791603696.664427177 2497624471 717856037
S 1791603697.167379858 2497624507 717856109
S 1791603697.670577746 2497624510 717856113
S 1791603698.175355974 2497624510 717856113
S 1791603698.680008824 2497624512 717856118
S 1791603699.184325448 2497624512 717856118
S 1791603699.688417462 2497624512 717856118
