S 1791603721.549278922 2497624789 717856734
S 1791603722.052513520 2497624793 717856741
S 1791603722.555363508 2497624793 717856741
S 1791603723.058904013 2497624793 717856741
S 1791603723.562795523 2497624796 717856749
S 1791603724.065741488 2497624796 717856749
S 1791603724.568527688 2497624796 717856749
S 1791603725.072518157 2497624797 717856751
S 1791603725.577367186 2497624797 717856751
S 1791603726.080967201 2497624797 717856751
S 1791603726.583876374 2497624801 717856758
S 1791603727.087320468 2497624802 717856758
S 1791603727.591341654 2497624802 717856758
S 1791603728.095601839 2497624804 717856761
S 1791603728.599436626 2497624806 717856765
S 1791603729.102312151 2497624844 717856841
S 1791603729.605275294 2497624846 717856844
S 1791603730.108190295 2497631492 717862411
S 1791603730.611225286 2497690834 717909812
S 1791603731.114897319 2497763045 717966702
S 1791603731.618079419 2497827557 718018572
S 1791603732.122972858 2497891542 718068916
S 1791603732.626363427 2497972747 718134512
S 1791603733.129983494 2498038677 718187201
S 1791603733.633352468 2498106265 718240715
S 1791603734.136788946 2498176506 718297343
S 1791603734.641791878 2498247833 718353700
S 1791603735.145017956 2498325493 718415160
S 1791603735.650391413 2498398724 718472210
S 1791603736.156697265 2498471871 718529104
S 1791603736.660958093 2498546799 718589125
S 1791603737.164134679 2498611610 718641238
S 1791603737.668692730 2498684293 718697969
S 1791603738.172351609 2498752788 718751464
S 1791603738.676211439 2498824764 718810247
S 1791603739.181384890 2498904626 718871759
S 1791603739.685181281 2498968898 718922220
S 1791603740.188482312 2499036049 718975613
S 1791603740.693251890 2499102923 719028216
S 1791603741.197535893 2499169371 719081015
S 1791603741.703576366 2499240491 719135983
S 1791603742.208280908 2499313471 719191994
S 1791603742.711867613 2499385962 719248465
S 1791603743.216961619 2499461265 719306652
S 1791603743.721042927 2499528243 719359288
S 1791603744.224590695 2499608538 719423555
S 1791603744.728818827 2499688641 719485860
S 1791603745.232211917 2499764074 719544984
S 1791603745.735365987 2499829724 719596643
S 1791603746.238410337 2499879170 719634481
S 1791603746.741883845 2499944527 719685264
S 1791603747.245944135 2500015656 719742086
S 1791603747.751221906 2500087258 719797793
S 1791603748.256047773 2500156040 719851820
S 1791603748.761907805 2500227103 719906850
S 1791603749.265878878 2500289863 719957581
S 1791603749.769581323 2500358635 720011581
S 1791603750.273508170 2500420825 720060955
S 1791603750.777183550 2500493134 720118364
S 1791603751.280711191 2500558659 720169955
S 1791603751.787403505 2500643168 720232915
S 1791603752.293238307 2500711599 720285949
S 1791603752.796572409 2500774973 720335301
S 1791603753.299554379 2500840875 720384837
S 1791603753.802526425 2500910844 720440636
S 1791603754.306638404 2500979553 720493998
S 1791603754.811442144 2501061469 720558121
S 1791603755.317367229 2501133168 720612567
S 1791603755.820479535 2501209790 720669953
S 1791603756.325264975 2501288149 720730756
S 1791603756.829631124 2501363389 720788885
S 1791603757.333095115 2501436175 720845177
S 1791603757.836914288 2501508472 720898993
S 1791603758.342463310 2501578425 720952816
S 1791603758.847625916 2501643039 721003636
S 1791603759.351618004 2501714890 721058478
S 1791603759.855625791 2501786840 721114366
S 1791603760.359222921 2501856507 721170193
S 1791603760.863209108 2501930126 721228431
S 1791603761.366435412 2501993203 721277981
S 1791603761.869711938 2502062569 721332305
S 1791603762.374045091 2502125691 721381966
S 1791603762.877926395 2502203751 721443467
S 1791603763.381996452 2502265424 721492324
S 1791603763.886073612 2502338304 721549421
S 1791603764.390523445 2502407000 721602748
S 1791603764.895179011 2502477407 721655590
S 1791603765.399589488 2502542717 721707319
S 1791603765.904377549 2502618633 721767464
S 1791603766.409555045 2502688192 721821347
S 1791603766.912941454 2502768467 721883225
S 1791603767.417887615 2502834007 721935428
S 1791603767.922860543 2502896299 721984101
S 1791603768.426269515 2502962109 722035393
S 1791603768.930447668 2503025388 722084818
S 1791603769.435958998 2503100548 722142748
S 1791603769.941376687 2503107572 722148047
S 1791603770.445691456 2503107572 722148047
S 1791603770.949480396 2503107572 722148047
S 1791603771.453862564 2503107574 722148051
S 1791603771.958929274 2503107574 722148051
S 1791603772.462799899 2503107601 722148105
