S 1791602825.690846014 2372935065 673644383
S 1791602826.194519933 2372935070 673644390
S 1791602826.698572446 2372935070 673644390
S 1791602827.203446329 2372935070 673644390
S 1791602827.708460190 2372935072 673644395
S 1791602828.212442658 2372935072 673644395
S 1791602828.716772648 2372935072 673644395
S 1791602829.221634262 2372935074 673644398
S 1791602829.726758925 2372935074 673644398
S 1791602830.231444052 2372935074 673644398
S 1791602830.734952036 2372935078 673644406
S 1791602831.238160094 2372935079 673644406
S 1791602831.742104424 2372935079 673644406
S 1791602832.246362925 2372935081 673644409
S 1791602832.750173263 2372935083 673644414
S 1791602833.253395060 2372935121 673644489
S 1791602833.756636589 2372935123 673644492
S 1791602834.260260932 2373115916 673693242
S 1791602834.781928504 2373530020 673810345
S 1791602835.286122995 2373923504 673914695
S 1791602835.790042260 2374320692 674026381
S 1791602836.293930595 2374721890 674142016
S 1791602836.798549076 2375114667 674239927
S 1791602837.301826221 2375513102 674353740
S 1791602837.805702809 2375916145 674470730
S 1791602838.309819064 2376304859 674569413
S 1791602838.813541299 2376707760 674686910
S 1791602839.318918793 2377107968 674797102
S 1791602839.823149952 2377502210 674901062
S 1791602840.326538844 2377901753 675003411
S 1791602840.830045950 2378299410 675112565
S 1791602841.334191696 2378697841 675226073
S 1791602841.838203833 2379091948 675327805
S 1791602842.341539532 2379483227 675432420
S 1791602842.845662284 2379886153 675550202
S 1791602843.349835603 2380332483 675676714
S 1791602843.912956275 2380732413 675790687
S 1791602844.416574488 2381126805 675901969
S 1791602844.920334940 2381517710 676006013
S 1791602845.476214396 2381966410 676130318
S 1791602845.992750510 2382363165 676236382
S 1791602846.496923543 2382760269 676340763
S 1791602847.000734745 2383154933 676451208
S 1791602847.505941052 2383556101 676564030
S 1791602848.009729655 2383951658 676666786
S 1791602848.512921900 2384350554 676780463
S 1791602849.016873874 2384753750 676894500
S 1791602849.520978335 2385152060 677006760
S 1791602850.025150324 2385554754 677123600
S 1791602850.529041542 2385955930 677238562
S 1791602851.032728132 2386358449 677354657
S 1791602851.536119786 2386757014 677466876
S 1791602852.039567541 2387158265 677577724
S 1791602852.543313968 2387554181 677680946
S 1791602853.048664115 2387957635 677789268
S 1791602853.552321137 2388357865 677904758
S 1791602854.056046188 2388759709 678019567
S 1791602854.559478528 2389163358 678134180
S 1791602855.063286908 2389564176 678242637
S 1791602855.566648010 2389960737 678351049
S 1791602856.070190745 2390363416 678458154
S 1791602856.573658244 2390763905 678567673
S 1791602857.077477351 2391162909 678678820
S 1791602857.581720407 2391562089 678788913
S 1791602858.085898712 2391958891 678891603
S 1791602858.590036035 2392358604 679001229
S 1791602859.094408104 2392756240 679108392
S 1791602859.653622595 2393201554 679233635
S 1791602860.157067491 2393600688 679343834
S 1791602860.661604974 2393998496 679453976
S 1791602861.165503524 2394401747 679566978
S 1791602861.669745060 2394802666 679680315
S 1791602862.172992173 2395203678 679795146
S 1791602862.676370239 2395602863 679907812
S 1791602863.179800880 2396000776 680020810
S 1791602863.683587822 2396399179 680135894
S 1791602864.187594743 2396799317 680246933
S 1791602864.691437003 2397194936 680357526
S 1791602865.195257192 2397596612 680467586
S 1791602865.699599200 2397996267 680577961
S 1791602866.203995730 2398395566 680692090
S 1791602866.708333633 2398794350 680805703
S 1791602867.220628159 2399201756 680921873
S 1791602867.724227182 2399606724 681039130
S 1791602868.227614321 2400006277 681149056
S 1791602868.731175909 2400402627 681259983
S 1791602869.234602180 2400804165 681376194
S 1791602869.738323700 2401204358 681490321
S 1791602870.242487867 2401604035 681604051
S 1791602870.746883881 2401999985 681717602
S 1791602871.255832534 2402403191 681832847
S 1791602871.767764366 2402809033 681946847
S 1791602872.271558901 2403197328 682051556
S 1791602872.775349926 2403595347 682163332
S 1791602873.278801477 2403996329 682268948
S 1791602873.782248487 2404397245 682384290
S 1791602874.286034916 2404801429 682500207
S 1791602874.789475892 2405199444 682613323
S 1791602875.292911377 2405597308 682716046
S 1791602875.796386161 2405995479 682824728
S 1791602876.300142452 2406398857 682939493
S 1791602876.804213451 2406799185 683055618
S 1791602877.307894314 2407196951 683167903
S 1791602877.812014816 2407591488 683279469
S 1791602878.316626892 2407991649 683390821
S 1791602878.844859237 2408409853 683506546
S 1791602879.348791944 2408811380 683621518
S 1791602879.853128528 2409210149 683733141
S 1791602880.356645173 2409613025 683850609
S 1791602880.860507469 2410015531 683968621
S 1791602881.443521590 2410470326 684085607
S 1791602881.947073578 2410867921 684199110
S 1791602882.450419301 2411258850 684303736
S 1791602882.953754909 2411650484 684406869
S 1791602883.457046431 2412046287 684513731
S 1791602883.960708791 2412439962 684622512
S 1791602884.463891213 2412831537 684731195
S 1791602884.967198444 2413224124 684838947
S 1791602885.470461689 2413627917 684951511
S 1791602885.973709009 2414031532 685069006
S 1791602886.477233026 2414422921 685181123
S 1791602886.981531669 2414821372 685284902
S 1791602887.493057413 2415222648 685395689
S 1791602887.997381619 2415614154 685503152
S 1791602888.502048733 2416004597 685611157
S 1791602889.015224708 2416415306 685729676
S 1791602889.519495597 2416801892 685834373
S 1791602890.022911567 2417200254 685946105
S 1791602890.526312500 2417601557 686064146
S 1791602891.030115142 2417988140 686170873
S 1791602891.533353807 2418383857 686279288
S 1791602892.037007021 2418781339 686390067
S 1791602892.540588236 2419164752 686493826
S 1791602893.044794035 2419556908 686602580
S 1791602893.548734266 2419955038 686715292
S 1791602894.052381012 2420342180 686821153
S 1791602894.556640652 2420736567 686932329
S 1791602895.060564270 2421132654 687043579
S 1791602895.564323121 2421520995 687149552
S 1791602896.068104112 2421915905 687255996
S 1791602896.572297213 2422317552 687368708
S 1791602897.075773998 2422704935 687472045
S 1791602897.580279116 2423098667 687577716
S 1791602898.084735964 2423503173 687694254
S 1791602898.589342880 2423893846 687803543
S 1791602899.094145202 2424288594 687910340
S 1791602899.597921116 2424309552 687915536
S 1791602900.101779030 2424309554 687915540
S 1791602900.604599538 2424309554 687915540
S 1791602901.108411243 2424309554 687915540
S 1791602901.612324363 2424309555 687915543
S 1791602902.115405772 2424309591 687915616
