S 1791602980.815536580 2424309882 687916987
S 1791602981.318935562 2424309884 687916989
S 1791602981.822924689 2424309884 687916989
S 1791602982.327122526 2424309886 687916993
S 1791602982.831124299 2424309886 687916993
S 1791602983.335693567 2424309886 687916993
S 1791602983.840589969 2424309888 687916997
S 1791602984.345385565 2424309888 687916997
S 1791602984.849296430 2424309888 687916997
S 1791602985.353828877 2424309890 687917000
S 1791602985.857475083 2424309892 687917005
S 1791602986.361325779 2424309893 687917005
S 1791602986.865822447 2424309895 687917008
S 1791602987.370451226 2424309895 687917008
S 1791602987.874117305 2424309897 687917012
S 1791602988.377138119 2424309938 687917093
S 1791602988.880364641 2424309938 687917093
S 1791602989.384245226 2424486001 687956682
S 1791602989.888268934 2424886074 688051787
S 1791602990.392313157 2425290513 688149022
S 1791602990.895748874 2425695051 688245284
S 1791602991.399106803 2426100435 688340930
S 1791602991.902486570 2426501733 688437315
S 1791602992.405952063 2426905159 688533238
S 1791602992.909980823 2427292399 688625378
S 1791602993.413744543 2427697412 688721824
S 1791602993.917290908 2428101567 688818564
S 1791602994.420909142 2428491869 688910804
S 1791602994.925118981 2428899023 689008416
S 1791602995.428470078 2429301797 689103739
S 1791602995.931758191 2429705806 689199314
S 1791602996.435353423 2430109646 689294950
S 1791602996.939040996 2430506714 689387773
S 1791602997.442895623 2430907648 689484818
S 1791602997.946491653 2431310726 689580538
S 1791602998.449933459 2431715447 689677065
S 1791602998.953720535 2432104150 689770014
S 1791602999.457163843 2432507719 689865593
S 1791602999.961087532 2432910202 689961629
S 1791603000.476761813 2433296390 690051298
S 1791603000.980208390 2433697080 690147325
S 1791603001.483924100 2434102679 690244211
S 1791603001.988259560 2434493092 690336421
S 1791603002.492172440 2434899040 690434204
S 1791603002.995544668 2435299176 690528454
S 1791603003.499316645 2435685971 690620085
S 1791603004.003643570 2436092089 690716175
S 1791603004.507245112 2436498175 690813170
S 1791603005.011127069 2436893788 690906230
S 1791603005.514836920 2437292727 691001170
S 1791603006.018801752 2437698344 691098650
S 1791603006.522332200 2438098289 691193869
S 1791603007.025991822 2438488594 691285972
S 1791603007.529618321 2438889284 691380724
S 1791603008.033163584 2439294608 691477450
S 1791603008.536605919 2439682058 691568907
S 1791603009.040223911 2440086784 691666039
S 1791603009.543975320 2440493898 691763311
S 1791603010.047420880 2440876417 691851580
S 1791603010.551276529 2441271472 691944839
S 1791603011.054785928 2441675958 692041245
S 1791603011.558458326 2442065567 692132784
S 1791603012.062207198 2442468027 692227885
S 1791603012.565760693 2442873874 692325329
S 1791603013.069531245 2443253232 692413189
S 1791603013.573579551 2443654020 692508033
S 1791603014.077265983 2444058944 692605121
S 1791603014.580547467 2444448862 692698080
S 1791603015.084115113 2444848274 692792942
S 1791603015.587455498 2445254187 692891378
S 1791603016.090969882 2445638378 692982207
S 1791603016.594783046 2446042571 693079095
S 1791603017.098544196 2446449060 693175884
S 1791603017.602428769 2446834361 693266100
S 1791603018.106286284 2447240060 693364112
S 1791603018.610341666 2447644614 693461844
S 1791603019.114132947 2448035256 693554763
S 1791603019.617724862 2448433376 693646566
S 1791603020.121586322 2448837314 693742632
S 1791603020.625487774 2449223065 693833639
S 1791603021.128753519 2449627081 693930092
S 1791603021.632303774 2450030969 694026578
S 1791603022.149309056 2450429743 694121700
S 1791603022.652612750 2450833894 694218313
S 1791603023.156671839 2451236326 694314163
S 1791603023.660569569 2451630986 694408178
S 1791603024.164127925 2452027077 694501626
S 1791603024.667493567 2452420336 694594423
S 1791603025.170972789 2452816526 694688953
S 1791603025.674885052 2453208531 694781840
S 1791603026.178313180 2453612192 694878129
S 1791603026.681772438 2454015886 694974655
S 1791603027.185248533 2454400715 695064654
S 1791603027.688862838 2454801728 695160123
S 1791603028.192960491 2455207150 695256603
S 1791603028.696719491 2455596049 695348567
S 1791603029.200194394 2456002320 695446185
S 1791603029.704545835 2456396227 695538831
S 1791603030.208063175 2456783239 695629564
S 1791603030.711799343 2457187656 695726528
S 1791603031.215217573 2457585807 695819799
S 1791603031.719201309 2457968005 695909451
S 1791603032.226497297 2458374354 696005836
S 1791603032.730830270 2458780632 696103911
S 1791603033.236403418 2459174180 696197670
S 1791603033.739858416 2459577040 696293330
S 1791603034.243625024 2459982135 696389611
S 1791603034.747603586 2460370009 696481053
S 1791603035.251649699 2460774494 696576892
S 1791603035.755352411 2461178247 696673712
S 1791603036.258954747 2461564509 696764029
S 1791603036.762884619 2461964140 696858859
S 1791603037.266488080 2462369008 696955981
S 1791603037.770295535 2462756786 697046540
S 1791603038.273835346 2463159105 697142178
S 1791603038.777082495 2463564869 697239605
S 1791603039.280678367 2463962982 697333565
S 1791603039.798202124 2464368390 697430989
S 1791603040.301969427 2464774921 697529027
S 1791603040.805914690 2465169467 697623507
S 1791603041.309860507 2465574875 697720985
S 1791603041.813246557 2465977362 697816857
S 1791603042.316928078 2466367474 697910094
S 1791603042.820533614 2466768448 698004556
S 1791603043.323866880 2467172570 698099408
S 1791603043.827133621 2467567411 698194213
S 1791603044.330730932 2467961089 698287771
S 1791603044.834301383 2468360865 698380977
S 1791603045.337854941 2468763225 698476962
S 1791603045.841308727 2469154484 698568846
S 1791603046.344773762 2469558282 698665579
S 1791603046.848426854 2469963780 698763063
S 1791603047.352392337 2470353106 698854822
S 1791603047.855845869 2470758375 698951621
S 1791603048.359151541 2471162352 699048487
S 1791603048.863980720 2471551839 699140189
S 1791603049.367701249 2471956971 699236808
S 1791603049.871537757 2472362526 699333845
S 1791603050.374941385 2472752205 699425958
S 1791603050.878746101 2473155834 699522832
S 1791603051.382344088 2473561502 699618401
S 1791603051.885572581 2473951189 699711247
S 1791603052.389044975 2474353490 699806403
S 1791603052.893032355 2474758005 699902780
S 1791603053.397112740 2475145095 699993470
S 1791603053.901030313 2475550222 700090587
S 1791603054.404187620 2475683946 700122712
S 1791603054.907267467 2475683947 700122717
S 1791603055.410165893 2475683947 700122718
S 1791603055.912930277 2475683948 700122720
S 1791603056.416383019 2475683954 700122726
S 1791603056.920442643 2475683973 700122764
