#-----------------------------------------------------------
# xsim v2025.2 (64-bit)
# SW Build 6299465 on Fri Nov 14 19:35:11 GMT 2025
# IP Build 6300035 on Fri Nov 14 10:48:45 MST 2025
# SharedData Build 6298862 on Thu Nov 13 04:50:51 MST 2025
# Start of session at: Sun Oct 11 01:23:30 2026
# Process ID         : 31784
# Current directory  : D:/repo/XCKU5PMini/udp_hls_10g/_proj_10g/notes/p7b_persist_impl_review_20261011/runs/D7A
# Command line       : xsim.exe -log xs.log -mode tcl -source {xsim.dir/txovl/xsim_script.tcl}
# Log file           : D:/repo/XCKU5PMini/udp_hls_10g/_proj_10g/notes/p7b_persist_impl_review_20261011/runs/D7A/xs.log
# Journal file       : D:/repo/XCKU5PMini/udp_hls_10g/_proj_10g/notes/p7b_persist_impl_review_20261011/runs/D7A\xsim.jou
# Running On         : xyz-intel
# Platform           : Windows Server 2016 or Windows 10
# Operating System   : 26300
# Processor Detail   : Intel(R) Core(TM) Ultra 7 265K
# CPU Frequency      : 3878 MHz
# CPU Physical cores : 20
# CPU Logical cores  : 20
# Host memory        : 68053 MB
# Swap memory        : 4294 MB
# Total Virtual      : 72348 MB
# Available Virtual  : 43172 MB
#-----------------------------------------------------------
source xsim.dir/txovl/xsim_script.tcl
# xsim {txovl} -autoloadwcfg -runall
Time resolution is 1 ps
run -all
DBG ack_req rise @39 id=0 syn=1 fin=0 rst=0
DBG sex @56 c=0 op=1 pos=0 n=8 td=0000000000000000 tk=00 tl=0
DBG sex @57 c=0 op=0 pos=0 n=8 td=f5fa73026962393b tk=ff tl=0
DBG sex @58 c=0 op=0 pos=8 n=8 td=42787031c7f15f66 tk=ff tl=0
DBG sex @59 c=0 op=0 pos=16 n=8 td=afa56c37f3be86c6 tk=ff tl=0
DBG sex @60 c=0 op=0 pos=24 n=8 td=7c227825cccc557b tk=ff tl=0
DBG ack_req rise @61 id=1 syn=1 fin=0 rst=0
DBG sex @61 c=0 op=0 pos=32 n=8 td=eecfcbdfe908e2b8 tk=ff tl=0
DBG sex @62 c=0 op=0 pos=40 n=8 td=a9721fca156d653b tk=ff tl=0
DBG sex @63 c=0 op=0 pos=48 n=8 td=9235701f18f6c575 tk=ff tl=0
DBG sex @64 c=0 op=0 pos=56 n=8 td=c5f5160bbd2b67a3 tk=ff tl=0
DBG sex @65 c=0 op=0 pos=64 n=8 td=d173851f62d5e16e tk=ff tl=0
DBG sex @66 c=0 op=0 pos=72 n=8 td=cf9b7557d0c4f83c tk=ff tl=0
DBG sex @67 c=0 op=0 pos=80 n=8 td=df7c1cb73e67070f tk=ff tl=0
DBG sex @68 c=0 op=0 pos=88 n=8 td=80919bb923f12c20 tk=ff tl=0
DBG sex @69 c=0 op=0 pos=96 n=8 td=6bf71f2f0da02eae tk=ff tl=0
DBG sex @70 c=0 op=0 pos=104 n=8 td=41ee18027aeb4db6 tk=ff tl=0
DBG sex @71 c=0 op=0 pos=112 n=8 td=b1e7fc9c3bfe9c43 tk=ff tl=0
DBG sex @72 c=0 op=0 pos=120 n=8 td=30e621b183beb613 tk=ff tl=0
DBG sex @73 c=0 op=0 pos=128 n=8 td=4752dc22156bda35 tk=ff tl=0
DBG sex @74 c=0 op=0 pos=136 n=8 td=cdb0b52ad2722177 tk=ff tl=0
DBG sex @75 c=0 op=0 pos=144 n=8 td=072d9963425899a1 tk=ff tl=0
DBG sex @76 c=0 op=0 pos=152 n=8 td=fcbd851bbb3ba28a tk=ff tl=0
DBG sex @77 c=0 op=0 pos=160 n=8 td=977e729050469a60 tk=ff tl=0
DBG sex @78 c=0 op=0 pos=168 n=8 td=1a7c3d49808f4886 tk=ff tl=0
DBG sex @79 c=0 op=0 pos=176 n=8 td=94c1a551c3879f11 tk=ff tl=0
DBG ack_req rise @455 id=2 syn=1 fin=0 rst=0
DBG ack_req rise @654 id=3 syn=1 fin=0 rst=0
DBG ack_req rise @32762 id=1 syn=0 fin=0 rst=0
DBG ack_req rise @40954 id=1 syn=0 fin=0 rst=0
DBG ack_req rise @49146 id=1 syn=0 fin=0 rst=0
DBG ack_req rise @57338 id=1 syn=0 fin=0 rst=0
DBG ack_req rise @62346 id=0 syn=1 fin=0 rst=0
DBG ack_req rise @65530 id=1 syn=0 fin=0 rst=0
DBG ack_req rise @73722 id=1 syn=0 fin=0 rst=0
DBG ack_req rise @81914 id=1 syn=0 fin=0 rst=0
DBG ack_req rise @90106 id=1 syn=0 fin=0 rst=0
DBG ack_req rise @98298 id=1 syn=0 fin=0 rst=0
DBG ack_req rise @106490 id=1 syn=0 fin=0 rst=0
DBG ack_req rise @112346 id=0 syn=1 fin=0 rst=0
DBG ack_req rise @114682 id=1 syn=0 fin=0 rst=0
DBG ack_req rise @122874 id=1 syn=0 fin=0 rst=0
DBG ack_req rise @131066 id=1 syn=0 fin=0 rst=0
DBG ack_req rise @139258 id=1 syn=0 fin=0 rst=0
DBG ack_req rise @147450 id=1 syn=0 fin=0 rst=0
DBG C1DATA @150322 ps=3 fseq=00046134 plen=1460 wcl=1 nxt=000466e8 una=0004445a
DBG ack_req rise @155642 id=1 syn=0 fin=0 rst=0
DBG ack_req rise @162346 id=0 syn=1 fin=0 rst=0
DBG ack_req rise @163834 id=1 syn=0 fin=0 rst=0
DBG C1DATA @216848 ps=6 fseq=000466e8 plen=1460 wcl=0 nxt=00046c9c una=000466e8
DBG C1DATA @217420 ps=6 fseq=00046c9c plen=1460 wcl=0 nxt=00047250 una=000466e8
DBG C1DATA @217810 ps=9 fseq=00047250 plen=8 wcl=1 nxt=00047258 una=000466e8
DBG C1DATA @231212 ps=16 fseq=000466e8 plen=1460 wcl=1 nxt=00047250 una=000466e8
DBG C1DATA @231403 ps=16 fseq=00046c9c plen=1460 wcl=1 nxt=00047258 una=000466e8
DBG C1DATA @231412 ps=16 fseq=00047250 plen=8 wcl=1 nxt=00047258 una=000466e8
DBG C1DATA @248243 ps=21 fseq=00047258 plen=1460 wcl=0 nxt=00046c9c una=000466e8
DBG C1DATA @248435 ps=21 fseq=000466e8 plen=1460 wcl=0 nxt=00047250 una=000466e8
DBG C1DATA @248626 ps=21 fseq=00046c9c plen=1460 wcl=0 nxt=00047804 una=000466e8
DBG C1DATA @248818 ps=21 fseq=00047250 plen=1460 wcl=0 nxt=00046c9c una=000466e8
DBG C1DATA @249011 ps=21 fseq=000466e8 plen=1460 wcl=0 nxt=00047250 una=000466e8
DBG C1DATA @249202 ps=21 fseq=00046c9c plen=1460 wcl=0 nxt=00047804 una=000466e8
DBG C1DATA @249394 ps=21 fseq=00047250 plen=1460 wcl=0 nxt=00046c9c una=000466e8
DBG E3 @259461 t=0 wnd=0 nxt=00047e07 una=000466e8 fin=0 rst=0 blk=0 pt=0 pp=0 ract=0 ep=15 prdy=0
[FAIL] payload conn=0 seq=000bc8e5 off=7 got=36 exp=74 @264351
   APP-SNAP c=0 kw=715025 pos=0 b0=00 op=1 (frame conn=0 fseq=000bc8e5 plen=1460)
   dump54..69: 07 73 fd 2f 8a 42 d7 36  3a 70 70 1b 07 69 3f 9b
   exp0..7  : 07 73 fd 2f 8a 42 d7 74   (fseq-isn=710629)
DBG E3 @264461 t=5000 wnd=0 nxt=000483bb una=000466e8 fin=0 rst=0 blk=0 pt=4 pp=0 ract=1 ep=15 prdy=0
DBG E3 @269461 t=10000 wnd=0 nxt=000483bb una=000466e8 fin=0 rst=0 blk=0 pt=21 pp=1 ract=0 ep=15 prdy=0
DBG E3 @274461 t=15000 wnd=0 nxt=000483bb una=000466e8 fin=0 rst=0 blk=0 pt=16 pp=1 ract=0 ep=15 prdy=0
DBG E3 @279461 t=20000 wnd=0 nxt=000483bb una=000466e8 fin=0 rst=0 blk=0 pt=9 pp=1 ract=0 ep=15 prdy=0
DBG E3 @284461 t=25000 wnd=0 nxt=000483bb una=000466e8 fin=0 rst=0 blk=1 pt=2 pp=1 ract=1 ep=15 prdy=0
DBG E3 @289461 t=30000 wnd=0 nxt=000483bb una=000466e8 fin=0 rst=0 blk=0 pt=44 pp=2 ract=0 ep=15 prdy=0
DBG E7 @321761 t=0 rdy=1 rxidle=1 rf=1 tval=1 tid=0 blk=1 busy=0 aqem=1 svc=0 re=0 scn=0 ract=0 wo=1 apen=0 fifo=0 bkr=0 coll=0
DBG E7 @321762 t=1 rdy=1 rxidle=1 rf=1 tval=1 tid=0 blk=0 busy=0 aqem=1 svc=0 re=0 scn=0 ract=0 wo=1 apen=0 fifo=0 bkr=0 coll=1
DBG E7 @321763 t=2 rdy=1 rxidle=0 rf=0 tval=1 tid=0 blk=0 busy=0 aqem=1 svc=0 re=0 scn=0 ract=0 wo=1 apen=0 fifo=0 bkr=0 coll=0
DBG E7 @321764 t=3 rdy=1 rxidle=0 rf=0 tval=1 tid=0 blk=0 busy=0 aqem=1 svc=0 re=0 scn=0 ract=0 wo=1 apen=0 fifo=0 bkr=0 coll=0
DBG E7 @321765 t=4 rdy=1 rxidle=0 rf=0 tval=1 tid=0 blk=0 busy=0 aqem=1 svc=0 re=0 scn=0 ract=0 wo=1 apen=0 fifo=0 bkr=0 coll=0
DBG E7 @321766 t=5 rdy=1 rxidle=0 rf=0 tval=1 tid=0 blk=0 busy=0 aqem=1 svc=0 re=0 scn=0 ract=0 wo=1 apen=0 fifo=0 bkr=0 coll=0
DBG E7 @321767 t=6 rdy=1 rxidle=0 rf=0 tval=1 tid=0 blk=0 busy=0 aqem=1 svc=0 re=0 scn=0 ract=0 wo=1 apen=0 fifo=0 bkr=0 coll=0
DBG E7 @321768 t=7 rdy=1 rxidle=0 rf=0 tval=1 tid=0 blk=0 busy=0 aqem=1 svc=0 re=0 scn=0 ract=0 wo=1 apen=0 fifo=0 bkr=0 coll=0
DBG E7 @321769 t=8 rdy=1 rxidle=0 rf=0 tval=1 tid=0 blk=0 busy=0 aqem=1 svc=0 re=0 scn=0 ract=0 wo=1 apen=0 fifo=0 bkr=0 coll=0
DBG E7 @321770 t=9 rdy=1 rxidle=0 rf=0 tval=1 tid=0 blk=0 busy=0 aqem=1 svc=0 re=0 scn=0 ract=0 wo=1 apen=0 fifo=0 bkr=0 coll=0
DBG E7 @321771 t=10 rdy=1 rxidle=0 rf=0 tval=1 tid=0 blk=0 busy=0 aqem=1 svc=0 re=0 scn=0 ract=0 wo=1 apen=0 fifo=0 bkr=0 coll=0
DBG E7 @321772 t=11 rdy=1 rxidle=0 rf=0 tval=1 tid=0 blk=0 busy=0 aqem=1 svc=0 re=0 scn=0 ract=0 wo=1 apen=0 fifo=0 bkr=0 coll=0
DBG E7 @321773 t=12 rdy=1 rxidle=0 rf=0 tval=1 tid=0 blk=0 busy=0 aqem=1 svc=0 re=0 scn=0 ract=0 wo=1 apen=0 fifo=0 bkr=0 coll=0
DBG E7 @321774 t=13 rdy=1 rxidle=0 rf=0 tval=1 tid=0 blk=0 busy=0 aqem=1 svc=0 re=0 scn=0 ract=0 wo=1 apen=0 fifo=0 bkr=0 coll=0
DBG E7 @321775 t=14 rdy=1 rxidle=0 rf=0 tval=1 tid=0 blk=0 busy=0 aqem=1 svc=0 re=0 scn=0 ract=0 wo=1 apen=0 fifo=0 bkr=0 coll=0
[FAIL] RETXFIX jump: session end snd_nxt=0004e59c < retx_hi=0004ebb9 conn=1 @345387
DBG W67CAP#1 @347695 prev_id=1 eff=bffe infl=fa04 win_open=0
---------------- TB_TCP_TX_OVL SUMMARY ----------------
FRAMES recv=2506 data=2100 ctrl=406 dead_skip=0 cyc=379701
COV frames=2100 replay_sessions=174 replay_frames=369 conns=4 plen0=179 singlebeat=653 ctrlblock=9449 rewinds=133
MINGAP handoff_to_next_start=1 finmin1_hits=644 advwrite_to_next_start=5
CYCRX min=6 avg_milli=116334 n=1736
CYCTX min=8 avg_milli=118388 n=2091
FRAMEPERIOD min=8 avg_milli=181466 n=2090
WIRE fin=17 rst=34 syn=11
DUT stat_frames=2505 stat_bytes=1841337 stat_ack=415 adrop=355 drop_len=34 eend=0 fin=17 rst=34 retx=134 tlast_in=1768
OVL F1 overtop_cyc=7434 wrap_ev=655 delta_red=0 cyc_red=0 cov_aborts=34 cov_cdadj=1945 ctrlblk_real=9449
OVL C6 wins=29 req_win=2253 gated=2231 grant_in_win=0 servedwhile=0_chk_red_0
OVL wsrc data=2091 ctrl=62 rew=174 pendclr_wrong=0 ovf=0 issued fin/rst/syn=17/34/11
OVL RETXFIX span_max=3 span_over=0 jump_bad=1 c2resv_n=62 c2resv_bad=0 jump_ev=24
REDS parse=0 csum=0 payload=1 seqcont=0 seqmono=0 ctrl=0 ctrl_to=0 onehot=0 pendbusy=0 replay=0 stuck=0 ovf=0 ackf=0 ghost=0 ringhi=0
REDS2 replay_gap=65 below_una_during_retx=48 replay_tail_short=54 (info) F1_ring=0 J9=0
T8 rx1460 min=189 n=964 (expect <=190)  tx1460 min=191 n=1251 (expect <=192)
T8 fp1460 min=191 (expect <=200)  overlap=53/100 of RX-inflight (136187/254980)
W66 dut=843 tb=843 wndclosed_seen=1 wc_st=4
W67 dut=1 tb_cap=1 tb_peer=842 (W66=843)
W69 dut=00000000 tb=00000000
W69DIR hits=597 dut=1cda05b4 tb=1cda05b4 (末尾值 dut=00000000 tb=00000000)
PACE fpc_milli=5504
PS0 MAXINFLIGHT c0=10307 c1=8903 c2=8839 c3=8839 (BOUND 62948 / RING 65536)
PS1 fire probe_ep=9 probe_out=0 probe_bad=0 d_ev=2100
PS2 LAD n=3 visits dc=9 d1=24 d2=48 gap4=9 (want 8/24/48/8) n2=0
PS2b LAD cycles t_close=150005 t1=157702 t2=176703 t3=215123 reopen=215125 reclose=217630 gap4=6401 leak1=16
PS3 EP probes E2=1 E3=2 E4=0 E5=0 E6=0 E7wit=2
PS4 WIT drain=1 blocked=1 rdy=1 posctrl=1 coll=0 e5ok=16002 e6ok=16002 de=36 rst1=16003 qto=0
PS5 STATE e5=101 e6=011 sn_first=0004eb98 sn_last=0004eb98 (win 00046134->000483bb) dstat=21 dreq=17 retxreq=17
PS6 BAD ladder=0 stop=0 field=0 side=0 sndnxt=0 e2=0 e3=0 e4=0 e5=0 e6=0 coll=0
PS7 E4B fire=1 @319390 rdy_survive=7 @319393
[FAIL] PS j9: Δstat_retx=21 > TB 注入的 retx 请求数=17 (探询引出会话?)
[FAIL] PS j6: 无在飞+窗0 时出现探询 =1
[FAIL] PS j10b: cfg_up 落在读流水内但捕获仍落地 (rdy 存活 7 拍, 首拍 @319393)
TB_TCP_TX_OVL: FAIL reds=5
$finish called at time : 2430089600 ps : File "D:/repo/XCKU5PMini/udp_hls_10g/tb/tb_tcp_tx_ovl.v" Line 2845
exit
INFO: [Common 17-206] Exiting xsim at Sun Oct 11 01:23:35 2026...
