#-----------------------------------------------------------
# xsim v2025.2 (64-bit)
# SW Build 6299465 on Fri Nov 14 19:35:11 GMT 2025
# IP Build 6300035 on Fri Nov 14 10:48:45 MST 2025
# SharedData Build 6298862 on Thu Nov 13 04:50:51 MST 2025
# Start of session at: Tue Sep 29 22:21:18 2026
# Process ID         : 24592
# Current directory  : D:/repo/XCKU5PMini/udp_hls_10g/audit_scratch/t1_bits/case_mutw75
# Command line       : xsim.exe -log xsim_mutw75.log -mode tcl -source {xsim.dir/tb_cdc_bits/xsim_script.tcl}
# Log file           : D:/repo/XCKU5PMini/udp_hls_10g/audit_scratch/t1_bits/case_mutw75/xsim_mutw75.log
# Journal file       : D:/repo/XCKU5PMini/udp_hls_10g/audit_scratch/t1_bits/case_mutw75\xsim.jou
# Running On         : xyz-intel
# Platform           : Windows Server 2016 or Windows 10
# Operating System   : 26200
# Processor Detail   : Intel(R) Core(TM) Ultra 7 265K
# CPU Frequency      : 3878 MHz
# CPU Physical cores : 20
# CPU Logical cores  : 20
# Host memory        : 68053 MB
# Swap memory        : 4294 MB
# Total Virtual      : 72348 MB
# Available Virtual  : 45990 MB
#-----------------------------------------------------------
source xsim.dir/tb_cdc_bits/xsim_script.tcl
# xsim {tb_cdc_bits} -autoloadwcfg -runall
Time resolution is 1 ps
run -all
SPAN73 BAD-RAW idx=72 got=0 exp=1000000000000000000 xor=1000000000000000000
SPAN73 BAD-RAW idx=73 got=fffffffffffffffffe exp=1fffffffffffffffffe xor=1000000000000000000
SPAN73 BAD-RAW idx=74 got=fffffffffffffffffd exp=1fffffffffffffffffd xor=1000000000000000000
SPAN73 BAD-RAW idx=75 got=fffffffffffffffffb exp=1fffffffffffffffffb xor=1000000000000000000
SPAN76 BAD-RAW idx=75 got=0 exp=8000000000000000000 xor=8000000000000000000
SPAN76 BAD-RAW idx=76 got=7fffffffffffffffffe exp=ffffffffffffffffffe xor=8000000000000000000
SPAN76 BAD-RAW idx=77 got=7fffffffffffffffffd exp=ffffffffffffffffffd xor=8000000000000000000
SPAN76 BAD-RAW idx=78 got=7fffffffffffffffffb exp=ffffffffffffffffffb xor=8000000000000000000
SPAN73 RESULT W=73 FWW=72 NPAT=308 words=308 bad_raw=153 bad_map=0 checks=308 acc=308 refw=1969 pop=308 rcv=308
SPAN76 RESULT W=76 FWW=75 NPAT=320 words=320 bad_raw=159 bad_map=0 checks=320 acc=320 refw=2024 pop=320 rcv=320
CDC_SPAN_TOTAL W76 words=320 bad_raw=159 bad_map=0 checks=320 acc=320 refw=2024 pop=320 | W73 words=308 bad_raw=153 bad_map=0 checks=308 acc=308 refw=1969 pop=308
CDC_BITS: FAIL
$finish called at time : 33040 ns : File "D:/repo/XCKU5PMini/udp_hls_10g/audit_scratch/t1_bits/tb_cdc_bits.v" Line 261
exit
INFO: [Common 17-206] Exiting xsim at Tue Sep 29 22:21:20 2026...
