
*** Running vivado
    with args -log probe_macpcs64_top.vdi -applog -m64 -product Vivado -messageDb vivado.pb -mode batch -source probe_macpcs64_top.tcl -notrace



****** Vivado v2025.2 (64-bit)
  **** SW Build 6299465 on Fri Nov 14 19:35:11 GMT 2025
  **** IP Build 6300035 on Fri Nov 14 10:48:45 MST 2025
  **** SharedData Build 6298862 on Thu Nov 13 04:50:51 MST 2025
  **** Start of session at: Tue Sep 29 19:28:45 2026
    ** Copyright 1986-2022 Xilinx, Inc. All Rights Reserved.
    ** Copyright 2022-2025 Advanced Micro Devices, Inc. All Rights Reserved.

source probe_macpcs64_top.tcl -notrace
Command: link_design -top probe_macpcs64_top -part xcku5p-ffvb676-1-e
Design is defaulting to srcset: sources_1
Design is defaulting to constrset: constrs_1
INFO: [Device 21-403] Loading part xcku5p-ffvb676-1-e
INFO: [Project 1-5699] Read binary netlist with skipMacroContent - 1
INFO: [Project 1-454] Reading design checkpoint 'd:/repo/XCKU5PMini/udp_hls_10g/_proj_10g/xxv_probe/macpcs64/macpcs64.gen/sources_1/ip/macpcs64/macpcs64.dcp' for cell 'DUT'
Netlist sorting complete. Time (s): cpu = 00:00:00 ; elapsed = 00:00:00.051 . Memory (MB): peak = 1749.695 ; gain = 0.000
INFO: [Netlist 29-17] Analyzing 144 Unisim elements for replacement
INFO: [Netlist 29-28] Unisim Transformation completed in 0 CPU seconds
INFO: [Project 1-479] Netlist was created with Vivado 2025.2
INFO: [Project 1-570] Preparing netlist for logic optimization
Parsing XDC File [d:/repo/XCKU5PMini/udp_hls_10g/_proj_10g/xxv_probe/macpcs64/macpcs64.gen/sources_1/ip/macpcs64/ip_0/synth/macpcs64_gt.xdc] for cell 'DUT/inst/i_macpcs64_gt/inst'
Finished Parsing XDC File [d:/repo/XCKU5PMini/udp_hls_10g/_proj_10g/xxv_probe/macpcs64/macpcs64.gen/sources_1/ip/macpcs64/ip_0/synth/macpcs64_gt.xdc] for cell 'DUT/inst/i_macpcs64_gt/inst'
Parsing XDC File [d:/repo/XCKU5PMini/udp_hls_10g/_proj_10g/xxv_probe/macpcs64/macpcs64.gen/sources_1/ip/macpcs64/synth/macpcs64_board.xdc] for cell 'DUT/inst'
Finished Parsing XDC File [d:/repo/XCKU5PMini/udp_hls_10g/_proj_10g/xxv_probe/macpcs64/macpcs64.gen/sources_1/ip/macpcs64/synth/macpcs64_board.xdc] for cell 'DUT/inst'
Parsing XDC File [d:/repo/XCKU5PMini/udp_hls_10g/_proj_10g/xxv_probe/macpcs64/macpcs64.gen/sources_1/ip/macpcs64/synth/macpcs64.xdc] for cell 'DUT/inst'
WARNING: [Vivado_Tcl 4-921] Waiver ID 'CDC-1' -to list should not be empty. [d:/repo/XCKU5PMini/udp_hls_10g/_proj_10g/xxv_probe/macpcs64/macpcs64.gen/sources_1/ip/macpcs64/synth/macpcs64.xdc:93]
WARNING: [Vivado_Tcl 4-921] Waiver ID 'CDC-1' -to list should not be empty. [d:/repo/XCKU5PMini/udp_hls_10g/_proj_10g/xxv_probe/macpcs64/macpcs64.gen/sources_1/ip/macpcs64/synth/macpcs64.xdc:97]
WARNING: [Vivado_Tcl 4-921] Waiver ID 'CDC-10' -to list should not be empty. [d:/repo/XCKU5PMini/udp_hls_10g/_proj_10g/xxv_probe/macpcs64/macpcs64.gen/sources_1/ip/macpcs64/synth/macpcs64.xdc:106]
WARNING: [Vivado_Tcl 4-921] Waiver ID 'CDC-1' -to list should not be empty. [d:/repo/XCKU5PMini/udp_hls_10g/_proj_10g/xxv_probe/macpcs64/macpcs64.gen/sources_1/ip/macpcs64/synth/macpcs64.xdc:111]
WARNING: [Vivado_Tcl 4-921] Waiver ID 'CDC-4' -to list should not be empty. [d:/repo/XCKU5PMini/udp_hls_10g/_proj_10g/xxv_probe/macpcs64/macpcs64.gen/sources_1/ip/macpcs64/synth/macpcs64.xdc:119]
WARNING: [Vivado_Tcl 4-921] Waiver ID 'CDC-1' -to list should not be empty. [d:/repo/XCKU5PMini/udp_hls_10g/_proj_10g/xxv_probe/macpcs64/macpcs64.gen/sources_1/ip/macpcs64/synth/macpcs64.xdc:123]
WARNING: [Vivado_Tcl 4-921] Waiver ID 'CDC-1' -to list should not be empty. [d:/repo/XCKU5PMini/udp_hls_10g/_proj_10g/xxv_probe/macpcs64/macpcs64.gen/sources_1/ip/macpcs64/synth/macpcs64.xdc:127]
WARNING: [Vivado_Tcl 4-921] Waiver ID 'CDC-1' -to list should not be empty. [d:/repo/XCKU5PMini/udp_hls_10g/_proj_10g/xxv_probe/macpcs64/macpcs64.gen/sources_1/ip/macpcs64/synth/macpcs64.xdc:131]
WARNING: [Vivado_Tcl 4-921] Waiver ID 'CDC-1' -to list should not be empty. [d:/repo/XCKU5PMini/udp_hls_10g/_proj_10g/xxv_probe/macpcs64/macpcs64.gen/sources_1/ip/macpcs64/synth/macpcs64.xdc:135]
WARNING: [Vivado_Tcl 4-921] Waiver ID 'CDC-1' -to list should not be empty. [d:/repo/XCKU5PMini/udp_hls_10g/_proj_10g/xxv_probe/macpcs64/macpcs64.gen/sources_1/ip/macpcs64/synth/macpcs64.xdc:140]
WARNING: [Vivado_Tcl 4-939] Waiver ID 'TIMING-11' object list should not be empty (perhaps an invalid wildcard was used or only unsupported objects). [d:/repo/XCKU5PMini/udp_hls_10g/_proj_10g/xxv_probe/macpcs64/macpcs64.gen/sources_1/ip/macpcs64/synth/macpcs64.xdc:145]
WARNING: [Vivado_Tcl 4-919] Waiver ID 'CDC-11' -from list should not be empty. [d:/repo/XCKU5PMini/udp_hls_10g/_proj_10g/xxv_probe/macpcs64/macpcs64.gen/sources_1/ip/macpcs64/synth/macpcs64.xdc:163]
WARNING: [Vivado_Tcl 4-921] Waiver ID 'CDC-10' -to list should not be empty. [d:/repo/XCKU5PMini/udp_hls_10g/_proj_10g/xxv_probe/macpcs64/macpcs64.gen/sources_1/ip/macpcs64/synth/macpcs64.xdc:170]
Finished Parsing XDC File [d:/repo/XCKU5PMini/udp_hls_10g/_proj_10g/xxv_probe/macpcs64/macpcs64.gen/sources_1/ip/macpcs64/synth/macpcs64.xdc] for cell 'DUT/inst'
Parsing XDC File [D:/repo/XCKU5PMini/udp_hls_10g/_proj_10g/xxv_probe/xdc/probe_macpcs64.xdc]
CRITICAL WARNING: [Constraints 18-1056] Clock 'gtrefclk' completely overrides clock 'gt_refclk_p'.
New: create_clock -period 6.400 -name gtrefclk [get_ports gt_refclk_p], [D:/repo/XCKU5PMini/udp_hls_10g/_proj_10g/xxv_probe/xdc/probe_macpcs64.xdc:26]
Previous: create_clock -period 6.400 [get_ports gt_refclk_p], [d:/repo/XCKU5PMini/udp_hls_10g/_proj_10g/xxv_probe/macpcs64/macpcs64.gen/sources_1/ip/macpcs64/synth/macpcs64.xdc:65]
Resolution: Review the constraint files and remove the redundant clock definition(s). If the clock constraints are not saved in a file, you can first save the constraints to an XDC file and reload the design once the constraints have been corrected.
Finished Parsing XDC File [D:/repo/XCKU5PMini/udp_hls_10g/_proj_10g/xxv_probe/xdc/probe_macpcs64.xdc]
INFO: [Opt 31-138] Pushed 0 inverter(s) to 0 load pin(s).
INFO: [Project 1-1687] 59 scoped IP constraints or related sub-commands were skipped due to synthesis logic optimizations usually triggered by constant connectivity or unconnected output pins. To review the skipped constraints and messages, run the command 'set_param netlist.IPMsgFiltering false' before opening the design.
Netlist sorting complete. Time (s): cpu = 00:00:00 ; elapsed = 00:00:00.003 . Memory (MB): peak = 2030.441 ; gain = 0.000
INFO: [Project 1-111] Unisim Transformation Summary:
  A total of 27 instances were transformed.
  IBUF => IBUF (IBUFCTRL, INBUF): 1 instance 
  IBUFDS => IBUFDS (DIFFINBUF, IBUFCTRL): 1 instance 
  RAM32M => RAM32M (RAMD32(x6), RAMS32(x2)): 22 instances
  RAM64M => RAM64M (RAMD64E(x4)): 1 instance 
  RAM64X1S => RAM64X1S (RAMS64E): 2 instances

10 Infos, 13 Warnings, 1 Critical Warnings and 0 Errors encountered.
link_design completed successfully
link_design: Time (s): cpu = 00:00:16 ; elapsed = 00:00:17 . Memory (MB): peak = 2030.441 ; gain = 1413.152
Command: opt_design
Attempting to get a license for feature 'Implementation' and/or device 'xcku5p'
INFO: [Common 17-349] Got license for feature 'Implementation' and/or device 'xcku5p'
Running DRC as a precondition to command opt_design

Starting DRC Task
INFO: [DRC 23-27] Running DRC with 4 threads
INFO: [Project 1-461] DRC finished with 0 Errors
INFO: [Project 1-462] Please refer to the DRC report (report_drc) for more information.

Time (s): cpu = 00:00:01 ; elapsed = 00:00:00.365 . Memory (MB): peak = 2098.926 ; gain = 68.484

Starting Cache Timing Information Task
INFO: [Timing 38-35] Done setting XDC timing constraints.
INFO: [Timing 38-2] Deriving generated clocks
Ending Cache Timing Information Task | Checksum: 1a11e3a2f

Time (s): cpu = 00:00:02 ; elapsed = 00:00:03 . Memory (MB): peak = 2425.211 ; gain = 326.285

Starting Logic Optimization Task

Phase 1 Initialization

Phase 1.1 Core Generation And Design Setup
Phase 1.1 Core Generation And Design Setup | Checksum: 1a11e3a2f

Time (s): cpu = 00:00:00 ; elapsed = 00:00:00.004 . Memory (MB): peak = 2902.555 ; gain = 0.000

Phase 1.2 Setup Constraints And Sort Netlist
Phase 1.2 Setup Constraints And Sort Netlist | Checksum: 1a11e3a2f

Time (s): cpu = 00:00:00 ; elapsed = 00:00:00.009 . Memory (MB): peak = 2902.555 ; gain = 0.000
Phase 1 Initialization | Checksum: 1a11e3a2f

Time (s): cpu = 00:00:00 ; elapsed = 00:00:00.010 . Memory (MB): peak = 2902.555 ; gain = 0.000

Phase 2 Timer Update And Timing Data Collection

Phase 2.1 Detect if minReqCache needed
Phase 2.1 Detect if minReqCache needed | Checksum: 1a11e3a2f

Time (s): cpu = 00:00:00 ; elapsed = 00:00:00.017 . Memory (MB): peak = 2902.582 ; gain = 0.027

Phase 2.2 Timer Update
Phase 2.2 Timer Update | Checksum: 1a11e3a2f

Time (s): cpu = 00:00:00 ; elapsed = 00:00:00.074 . Memory (MB): peak = 2902.582 ; gain = 0.027

Phase 2.3 Timing Data Collection
Phase 2.3 Timing Data Collection | Checksum: 1a11e3a2f

Time (s): cpu = 00:00:00 ; elapsed = 00:00:00.079 . Memory (MB): peak = 2902.582 ; gain = 0.027
Phase 2 Timer Update And Timing Data Collection | Checksum: 1a11e3a2f

Time (s): cpu = 00:00:00 ; elapsed = 00:00:00.079 . Memory (MB): peak = 2902.582 ; gain = 0.027

Phase 3 Retarget
INFO: [Opt 31-1851] Number of loadless carry chains removed were: 0
INFO: [Opt 31-1834] Total Chains To Be Transformed Were: 0 AND Number of Transformed insts Created are: 0
INFO: [Opt 31-1566] Pulled 2 inverters resulting in an inversion of 24 pins
INFO: [Opt 31-138] Pushed 8 inverter(s) to 36 load pin(s).
INFO: [Opt 31-49] Retargeted 0 cell(s).
Phase 3 Retarget | Checksum: 1a72e319d

Time (s): cpu = 00:00:01 ; elapsed = 00:00:00.304 . Memory (MB): peak = 2902.582 ; gain = 0.027
Retarget | Checksum: 1a72e319d
INFO: [Opt 31-389] Phase Retarget created 474 cells and removed 547 cells
INFO: [Opt 31-1021] In phase Retarget, 5 netlist objects are constrained preventing optimization. Please run opt_design with -debug_log to get more detail. 

Phase 4 Constant propagation
INFO: [Opt 31-138] Pushed 2 inverter(s) to 25 load pin(s).
Phase 4 Constant propagation | Checksum: 1256c7d4c

Time (s): cpu = 00:00:01 ; elapsed = 00:00:00.489 . Memory (MB): peak = 2902.582 ; gain = 0.027
Constant propagation | Checksum: 1256c7d4c
INFO: [Opt 31-389] Phase Constant propagation created 502 cells and removed 1129 cells

Phase 5 Sweep
INFO: [Constraints 18-11670] Building netlist checker database with flags, 0x8
Done building netlist checker database: Time (s): cpu = 00:00:00 ; elapsed = 00:00:00.002 . Memory (MB): peak = 2902.582 ; gain = 0.000
INFO: [Constraints 18-11670] Building netlist checker database with flags, 0x8
Done building netlist checker database: Time (s): cpu = 00:00:00 ; elapsed = 00:00:00.001 . Memory (MB): peak = 2902.582 ; gain = 0.000
Phase 5 Sweep | Checksum: 17c8276f0

Time (s): cpu = 00:00:01 ; elapsed = 00:00:00.703 . Memory (MB): peak = 2902.582 ; gain = 0.027
Sweep | Checksum: 17c8276f0
INFO: [Opt 31-389] Phase Sweep created 0 cells and removed 2174 cells

Phase 6 BUFG optimization
INFO: [Opt 31-1077] Phase BUFG optimization inserted 0 global clock buffer(s) for CLOCK_LOW_FANOUT.
Phase 6 BUFG optimization | Checksum: 17c8276f0

Time (s): cpu = 00:00:01 ; elapsed = 00:00:00.729 . Memory (MB): peak = 2902.582 ; gain = 0.027
BUFG optimization | Checksum: 17c8276f0
INFO: [Opt 31-662] Phase BUFG optimization created 0 cells of which 0 are BUFGs and removed 0 cells.

Phase 7 Shift Register Optimization
INFO: [Opt 31-1064] SRL Remap converted 0 SRLs to 0 registers and converted 0 registers of register chains to 0 SRLs
Phase 7 Shift Register Optimization | Checksum: 17c8276f0

Time (s): cpu = 00:00:01 ; elapsed = 00:00:00.739 . Memory (MB): peak = 2902.582 ; gain = 0.027
Shift Register Optimization | Checksum: 17c8276f0
INFO: [Opt 31-389] Phase Shift Register Optimization created 0 cells and removed 0 cells

Phase 8 Post Processing Netlist
Phase 8 Post Processing Netlist | Checksum: 17c8276f0

Time (s): cpu = 00:00:01 ; elapsed = 00:00:00.751 . Memory (MB): peak = 2902.582 ; gain = 0.027
Post Processing Netlist | Checksum: 17c8276f0
INFO: [Opt 31-389] Phase Post Processing Netlist created 0 cells and removed 0 cells

Phase 9 Finalization

Phase 9.1 Finalizing Design Cores and Updating Shapes
Phase 9.1 Finalizing Design Cores and Updating Shapes | Checksum: 1dc561bd5

Time (s): cpu = 00:00:01 ; elapsed = 00:00:00.840 . Memory (MB): peak = 2902.582 ; gain = 0.027

Phase 9.2 Verifying Netlist Connectivity

Starting Connectivity Check Task

Time (s): cpu = 00:00:00 ; elapsed = 00:00:00.010 . Memory (MB): peak = 2902.582 ; gain = 0.000
Phase 9.2 Verifying Netlist Connectivity | Checksum: 1dc561bd5

Time (s): cpu = 00:00:01 ; elapsed = 00:00:00.851 . Memory (MB): peak = 2902.582 ; gain = 0.027
Phase 9 Finalization | Checksum: 1dc561bd5

Time (s): cpu = 00:00:01 ; elapsed = 00:00:00.852 . Memory (MB): peak = 2902.582 ; gain = 0.027
Opt_design Change Summary
=========================


-------------------------------------------------------------------------------------------------------------------------
|  Phase                        |  #Cells created  |  #Cells Removed  |  #Constrained objects preventing optimizations  |
-------------------------------------------------------------------------------------------------------------------------
|  Retarget                     |             474  |             547  |                                              5  |
|  Constant propagation         |             502  |            1129  |                                              0  |
|  Sweep                        |               0  |            2174  |                                              0  |
|  BUFG optimization            |               0  |               0  |                                              0  |
|  Shift Register Optimization  |               0  |               0  |                                              0  |
|  Post Processing Netlist      |               0  |               0  |                                              0  |
-------------------------------------------------------------------------------------------------------------------------


Ending Logic Optimization Task | Checksum: 1dc561bd5

Time (s): cpu = 00:00:01 ; elapsed = 00:00:00.853 . Memory (MB): peak = 2902.582 ; gain = 0.027

Starting Power Optimization Task
INFO: [Pwropt 34-132] Skipping clock gating for clocks with a period < 2.00 ns.
Ending Power Optimization Task | Checksum: 1dc561bd5

Time (s): cpu = 00:00:00 ; elapsed = 00:00:00.009 . Memory (MB): peak = 2902.582 ; gain = 0.000

Starting Final Cleanup Task
Ending Final Cleanup Task | Checksum: 1dc561bd5

Time (s): cpu = 00:00:00 ; elapsed = 00:00:00.001 . Memory (MB): peak = 2902.582 ; gain = 0.000
Netlist sorting complete. Time (s): cpu = 00:00:00 ; elapsed = 00:00:00.001 . Memory (MB): peak = 2902.582 ; gain = 0.000
INFO: [Common 17-83] Releasing license: Implementation
35 Infos, 13 Warnings, 1 Critical Warnings and 0 Errors encountered.
opt_design completed successfully
opt_design: Time (s): cpu = 00:00:07 ; elapsed = 00:00:06 . Memory (MB): peak = 2902.582 ; gain = 872.141
INFO: [Vivado 12-24828] Executing command : report_drc -file probe_macpcs64_top_drc_opted.rpt -pb probe_macpcs64_top_drc_opted.pb -rpx probe_macpcs64_top_drc_opted.rpx
Command: report_drc -file probe_macpcs64_top_drc_opted.rpt -pb probe_macpcs64_top_drc_opted.pb -rpx probe_macpcs64_top_drc_opted.rpx
INFO: [IP_Flow 19-1839] IP Catalog is up to date.
INFO: [DRC 23-27] Running DRC with 4 threads
INFO: [Vivado_Tcl 2-168] The results of DRC are in file D:/repo/XCKU5PMini/udp_hls_10g/_proj_10g/xxv_probe/macpcs64/macpcs64.runs/impl_1/probe_macpcs64_top_drc_opted.rpt.
report_drc completed successfully
INFO: [Timing 38-480] Writing timing data to binary archive.
Wrote PlaceDB: Time (s): cpu = 00:00:00 ; elapsed = 00:00:00.003 . Memory (MB): peak = 2902.582 ; gain = 0.000
Wrote PulsedLatchDB: Time (s): cpu = 00:00:00 ; elapsed = 00:00:00 . Memory (MB): peak = 2902.582 ; gain = 0.000
Writing XDEF routing.
Write ShapeDB Complete: Time (s): cpu = 00:00:00 ; elapsed = 00:00:00.005 . Memory (MB): peak = 2902.582 ; gain = 0.000
Writing XDEF routing logical nets.
Writing XDEF routing special nets.
Wrote RouteStorage: Time (s): cpu = 00:00:00 ; elapsed = 00:00:00.037 . Memory (MB): peak = 2902.582 ; gain = 0.000
Wrote Netlist Cache: Time (s): cpu = 00:00:00 ; elapsed = 00:00:00 . Memory (MB): peak = 2902.582 ; gain = 0.000
Wrote Device Cache: Time (s): cpu = 00:00:00 ; elapsed = 00:00:00.014 . Memory (MB): peak = 2902.582 ; gain = 0.000
Write Physdb Complete: Time (s): cpu = 00:00:00 ; elapsed = 00:00:00.061 . Memory (MB): peak = 2902.582 ; gain = 0.000
INFO: [Common 17-1381] The checkpoint 'D:/repo/XCKU5PMini/udp_hls_10g/_proj_10g/xxv_probe/macpcs64/macpcs64.runs/impl_1/probe_macpcs64_top_opt.dcp' has been generated.
Command: place_design
Attempting to get a license for feature 'Implementation' and/or device 'xcku5p'
INFO: [Common 17-349] Got license for feature 'Implementation' and/or device 'xcku5p'
INFO: [Common 17-83] Releasing license: Implementation
INFO: [DRC 23-27] Running DRC with 4 threads
INFO: [Vivado_Tcl 4-198] DRC finished with 0 Errors
INFO: [Vivado_Tcl 4-199] Please refer to the DRC report (report_drc) for more information.
INFO: [Timing 38-35] Done setting XDC timing constraints.
Running DRC as a precondition to command place_design
INFO: [DRC 23-27] Running DRC with 4 threads
INFO: [Vivado_Tcl 4-198] DRC finished with 0 Errors
INFO: [Vivado_Tcl 4-199] Please refer to the DRC report (report_drc) for more information.
INFO: [Place 30-611] Multithreading enabled for place_design using a maximum of 4 CPUs

Starting Placer Task

Phase 1 Placer Initialization

Phase 1.1 Placer Initialization Netlist Sorting
Netlist sorting complete. Time (s): cpu = 00:00:00 ; elapsed = 00:00:00.002 . Memory (MB): peak = 2902.582 ; gain = 0.000
Phase 1.1 Placer Initialization Netlist Sorting | Checksum: eb028a2e

Time (s): cpu = 00:00:00 ; elapsed = 00:00:00.005 . Memory (MB): peak = 2902.582 ; gain = 0.000
Netlist sorting complete. Time (s): cpu = 00:00:00 ; elapsed = 00:00:00.001 . Memory (MB): peak = 2902.582 ; gain = 0.000

Phase 1.2 IO Placement/ Clock Placement/ Build Placer Device
Phase 1.2 IO Placement/ Clock Placement/ Build Placer Device | Checksum: 21d2d5753

Time (s): cpu = 00:00:06 ; elapsed = 00:00:07 . Memory (MB): peak = 3526.750 ; gain = 624.168

Phase 1.3 Build Placer Netlist Model
Phase 1.3 Build Placer Netlist Model | Checksum: 2981e4113

Time (s): cpu = 00:00:08 ; elapsed = 00:00:07 . Memory (MB): peak = 3526.750 ; gain = 624.168

Phase 1.4 Constrain Clocks/Macros
Phase 1.4 Constrain Clocks/Macros | Checksum: 2981e4113

Time (s): cpu = 00:00:08 ; elapsed = 00:00:07 . Memory (MB): peak = 3526.750 ; gain = 624.168
Phase 1 Placer Initialization | Checksum: 2981e4113

Time (s): cpu = 00:00:08 ; elapsed = 00:00:07 . Memory (MB): peak = 3526.750 ; gain = 624.168

Phase 2 Global Placement

Phase 2.1 Floorplanning

Phase 2.1.1 Partition Driven Placement

Phase 2.1.1.1 PBP: Partition Driven Placement
Phase 2.1.1.1 PBP: Partition Driven Placement | Checksum: 235567bd9

Time (s): cpu = 00:00:09 ; elapsed = 00:00:08 . Memory (MB): peak = 3526.750 ; gain = 624.168

Phase 2.1.1.2 PBP: Clock Region Placement
INFO: [Place 30-3162] Check ILP status : ILP-based clock placer completed successfully.
Phase 2.1.1.2 PBP: Clock Region Placement | Checksum: 2f03887f5

Time (s): cpu = 00:00:09 ; elapsed = 00:00:08 . Memory (MB): peak = 3526.750 ; gain = 624.168

Phase 2.1.1.3 PBP: Compute Congestion
Phase 2.1.1.3 PBP: Compute Congestion | Checksum: 2f03887f5

Time (s): cpu = 00:00:18 ; elapsed = 00:00:11 . Memory (MB): peak = 3768.355 ; gain = 865.773

Phase 2.1.1.4 PBP: UpdateTiming
Phase 2.1.1.4 PBP: UpdateTiming | Checksum: 285836ede

Time (s): cpu = 00:00:18 ; elapsed = 00:00:11 . Memory (MB): peak = 3768.355 ; gain = 865.773

Phase 2.1.1.5 PBP: Add part constraints
Phase 2.1.1.5 PBP: Add part constraints | Checksum: 285836ede

Time (s): cpu = 00:00:18 ; elapsed = 00:00:11 . Memory (MB): peak = 3768.355 ; gain = 865.773
Phase 2.1.1 Partition Driven Placement | Checksum: 285836ede

Time (s): cpu = 00:00:18 ; elapsed = 00:00:11 . Memory (MB): peak = 3768.355 ; gain = 865.773
Phase 2.1 Floorplanning | Checksum: 275d5f1b8

Time (s): cpu = 00:00:18 ; elapsed = 00:00:11 . Memory (MB): peak = 3768.355 ; gain = 865.773

Phase 2.2 Update Timing before SLR Path Opt
Phase 2.2 Update Timing before SLR Path Opt | Checksum: 275d5f1b8

Time (s): cpu = 00:00:18 ; elapsed = 00:00:11 . Memory (MB): peak = 3768.355 ; gain = 865.773

Phase 2.3 Post-Processing in Floorplanning
Phase 2.3 Post-Processing in Floorplanning | Checksum: 275d5f1b8

Time (s): cpu = 00:00:18 ; elapsed = 00:00:11 . Memory (MB): peak = 3768.355 ; gain = 865.773

Phase 2.4 Global Place Phase1
Phase 2.4 Global Place Phase1 | Checksum: 24ca6217a

Time (s): cpu = 00:00:50 ; elapsed = 00:00:21 . Memory (MB): peak = 3855.793 ; gain = 953.211

Phase 2.5 Global Place Phase2

Phase 2.5.1 UpdateTiming Before Physical Synthesis
Phase 2.5.1 UpdateTiming Before Physical Synthesis | Checksum: 24ca6217a

Time (s): cpu = 00:00:50 ; elapsed = 00:00:21 . Memory (MB): peak = 3855.793 ; gain = 953.211

Phase 2.5.2 Physical Synthesis In Placer
INFO: [Physopt 32-1035] Found 0 LUTNM shape to break, 280 LUT instances to create LUTNM shape
INFO: [Physopt 32-1044] Break lutnm for timing: one critical 0, two critical 0, total 0, new lutff created 0
INFO: [Physopt 32-1138] End 1 Pass. Optimized 130 nets or LUTs. Breaked 0 LUT, combined 130 existing LUTs and moved 0 existing LUT
INFO: [Physopt 32-670] No setup violation found.  Equivalent Driver Rewiring was not performed.
INFO: [Physopt 32-65] No nets found for high-fanout optimization.
INFO: [Physopt 32-232] Optimized 0 net. Created 0 new instance.
INFO: [Physopt 32-775] End 1 Pass. Optimized 0 net or cell. Created 0 new cell, deleted 0 existing cell and moved 0 existing cell
INFO: [Physopt 32-670] No setup violation found.  DSP Register Optimization was not performed.
INFO: [Physopt 32-670] No setup violation found.  Shift Register to Pipeline Optimization was not performed.
INFO: [Physopt 32-670] No setup violation found.  Shift Register Optimization was not performed.
INFO: [Physopt 32-670] No setup violation found.  BRAM Register Optimization was not performed.
INFO: [Physopt 32-670] No setup violation found.  URAM Register Optimization was not performed.
INFO: [Physopt 32-949] No candidate nets found for dynamic/static region interface net replication
INFO: [Physopt 32-775] End 1 Pass. Optimized 0 net or cell. Created 0 new cell, deleted 0 existing cell and moved 0 existing cell
Netlist sorting complete. Time (s): cpu = 00:00:00 ; elapsed = 00:00:00.002 . Memory (MB): peak = 3855.793 ; gain = 0.000

Summary of Physical Synthesis Optimizations
============================================


-----------------------------------------------------------------------------------------------------------------------------------------------------------
|  Optimization                                     |  Added Cells  |  Removed Cells  |  Optimized Cells/Nets  |  Dont Touch  |  Iterations  |  Elapsed   |
-----------------------------------------------------------------------------------------------------------------------------------------------------------
|  LUT Combining                                    |            0  |            130  |                   130  |           0  |           1  |  00:00:00  |
|  Retime                                           |            0  |              0  |                     0  |           0  |           1  |  00:00:00  |
|  Equivalent Driver Rewiring                       |            0  |              0  |                     0  |           0  |           0  |  00:00:00  |
|  Very High Fanout                                 |            0  |              0  |                     0  |           0  |           1  |  00:00:00  |
|  DSP Register                                     |            0  |              0  |                     0  |           0  |           0  |  00:00:00  |
|  Shift Register to Pipeline                       |            0  |              0  |                     0  |           0  |           0  |  00:00:00  |
|  Shift Register                                   |            0  |              0  |                     0  |           0  |           0  |  00:00:00  |
|  BRAM Register                                    |            0  |              0  |                     0  |           0  |           0  |  00:00:00  |
|  URAM Register                                    |            0  |              0  |                     0  |           0  |           0  |  00:00:00  |
|  Dynamic/Static Region Interface Net Replication  |            0  |              0  |                     0  |           0  |           1  |  00:00:00  |
|  Total                                            |            0  |            130  |                   130  |           0  |           4  |  00:00:00  |
-----------------------------------------------------------------------------------------------------------------------------------------------------------


Phase 2.5.2 Physical Synthesis In Placer | Checksum: 234c8979d

Time (s): cpu = 00:00:51 ; elapsed = 00:00:22 . Memory (MB): peak = 3855.793 ; gain = 953.211
Phase 2.5 Global Place Phase2 | Checksum: 25d440a29

Time (s): cpu = 00:01:00 ; elapsed = 00:00:25 . Memory (MB): peak = 3858.504 ; gain = 955.922
Phase 2 Global Placement | Checksum: 25d440a29

Time (s): cpu = 00:01:00 ; elapsed = 00:00:25 . Memory (MB): peak = 3858.504 ; gain = 955.922

Phase 3 Detail Placement

Phase 3.1 Commit Multi Column Macros
Phase 3.1 Commit Multi Column Macros | Checksum: 262c716ea

Time (s): cpu = 00:01:09 ; elapsed = 00:00:28 . Memory (MB): peak = 3858.504 ; gain = 955.922

Phase 3.2 Commit Most Macros & LUTRAMs
Phase 3.2 Commit Most Macros & LUTRAMs | Checksum: 1f892edab

Time (s): cpu = 00:01:09 ; elapsed = 00:00:28 . Memory (MB): peak = 3858.504 ; gain = 955.922

Phase 3.3 Small Shape DP

Phase 3.3.1 Small Shape Clustering
Phase 3.3.1 Small Shape Clustering | Checksum: 21322eea7

Time (s): cpu = 00:01:28 ; elapsed = 00:00:34 . Memory (MB): peak = 3874.367 ; gain = 971.785

Phase 3.3.2 Slice Area Swap

Phase 3.3.2.1 Slice Area Swap Initial
Phase 3.3.2.1 Slice Area Swap Initial | Checksum: 228583ffc

Time (s): cpu = 00:01:37 ; elapsed = 00:00:37 . Memory (MB): peak = 3885.875 ; gain = 983.293
Phase 3.3.2 Slice Area Swap | Checksum: 228583ffc

Time (s): cpu = 00:01:37 ; elapsed = 00:00:37 . Memory (MB): peak = 3885.875 ; gain = 983.293
Phase 3.3 Small Shape DP | Checksum: 18d2b5ba6

Time (s): cpu = 00:01:56 ; elapsed = 00:00:43 . Memory (MB): peak = 3906.055 ; gain = 1003.473

Phase 3.4 Re-assign LUT pins
Phase 3.4 Re-assign LUT pins | Checksum: 1d50f8734

Time (s): cpu = 00:01:57 ; elapsed = 00:00:43 . Memory (MB): peak = 3906.055 ; gain = 1003.473

Phase 3.5 Pipeline Register Optimization
Phase 3.5 Pipeline Register Optimization | Checksum: 23d4f381d

Time (s): cpu = 00:01:57 ; elapsed = 00:00:44 . Memory (MB): peak = 3906.055 ; gain = 1003.473
Phase 3 Detail Placement | Checksum: 23d4f381d

Time (s): cpu = 00:01:57 ; elapsed = 00:00:44 . Memory (MB): peak = 3906.055 ; gain = 1003.473

Phase 4 Post Placement Optimization and Clean-Up

Phase 4.1 Post Commit Optimization
INFO: [Timing 38-35] Done setting XDC timing constraints.

Phase 4.1.1 Post Placement Optimization
Post Placement Optimization Initialization | Checksum: 2ad3d0bb5

Phase 4.1.1.1 BUFG Insertion

Starting Physical Synthesis Task

Phase 1 Physical Synthesis Initialization
INFO: [Physopt 32-721] Multithreading enabled for phys_opt_design using a maximum of 4 CPUs
INFO: [Physopt 32-619] Estimated Timing Summary | WNS=3.352 | TNS=0.000 |
Phase 1 Physical Synthesis Initialization | Checksum: 24320dfea

Time (s): cpu = 00:00:00 ; elapsed = 00:00:00.051 . Memory (MB): peak = 3906.055 ; gain = 0.000
INFO: [Place 46-56] BUFG insertion identified 0 candidate nets. Inserted BUFG: 0, Replicated BUFG Driver: 0, Skipped due to Placement/Routing Conflicts: 0, Skipped due to Timing Degradation: 0, Skipped due to netlist editing failed: 0.
Ending Physical Synthesis Task | Checksum: 316458197

Time (s): cpu = 00:00:00 ; elapsed = 00:00:00.069 . Memory (MB): peak = 3906.055 ; gain = 0.000
Phase 4.1.1.1 BUFG Insertion | Checksum: 2ad3d0bb5

Time (s): cpu = 00:02:08 ; elapsed = 00:00:47 . Memory (MB): peak = 3906.055 ; gain = 1003.473

Phase 4.1.1.2 Post Placement Timing Optimization
INFO: [Place 30-746] Post Placement Timing Summary WNS=3.352. For the most accurate timing information please run report_timing.
Phase 4.1.1.2 Post Placement Timing Optimization | Checksum: 2b69275b7

Time (s): cpu = 00:02:08 ; elapsed = 00:00:47 . Memory (MB): peak = 3906.055 ; gain = 1003.473

Time (s): cpu = 00:02:08 ; elapsed = 00:00:47 . Memory (MB): peak = 3906.055 ; gain = 1003.473
Phase 4.1 Post Commit Optimization | Checksum: 2b69275b7

Time (s): cpu = 00:02:08 ; elapsed = 00:00:47 . Memory (MB): peak = 3906.055 ; gain = 1003.473
Netlist sorting complete. Time (s): cpu = 00:00:00 ; elapsed = 00:00:00.003 . Memory (MB): peak = 3963.488 ; gain = 0.000

Phase 4.2 Post Placement Cleanup
Phase 4.2 Post Placement Cleanup | Checksum: 2b4dc267f

Time (s): cpu = 00:02:19 ; elapsed = 00:00:52 . Memory (MB): peak = 3963.488 ; gain = 1060.906

Phase 4.3 Placer Reporting

Phase 4.3.1 Print Estimated Congestion
INFO: [Place 30-612] Post-Placement Estimated Congestion 
 ________________________________________________________________________
|           | Global Congestion | Long Congestion   | Short Congestion  |
| Direction | Region Size       | Region Size       | Region Size       |
|___________|___________________|___________________|___________________|
|      North|                1x1|                1x1|                1x1|
|___________|___________________|___________________|___________________|
|      South|                1x1|                1x1|                1x1|
|___________|___________________|___________________|___________________|
|       East|                1x1|                1x1|                1x1|
|___________|___________________|___________________|___________________|
|       West|                1x1|                1x1|                1x1|
|___________|___________________|___________________|___________________|

Phase 4.3.1 Print Estimated Congestion | Checksum: 2b4dc267f

Time (s): cpu = 00:02:19 ; elapsed = 00:00:52 . Memory (MB): peak = 3963.488 ; gain = 1060.906
Phase 4.3 Placer Reporting | Checksum: 2b4dc267f

Time (s): cpu = 00:02:19 ; elapsed = 00:00:52 . Memory (MB): peak = 3963.488 ; gain = 1060.906

Phase 4.4 Final Placement Cleanup
Netlist sorting complete. Time (s): cpu = 00:00:00 ; elapsed = 00:00:00.002 . Memory (MB): peak = 3963.488 ; gain = 0.000

Time (s): cpu = 00:02:19 ; elapsed = 00:00:52 . Memory (MB): peak = 3963.488 ; gain = 1060.906
Phase 4 Post Placement Optimization and Clean-Up | Checksum: 260dfb61c

Time (s): cpu = 00:02:19 ; elapsed = 00:00:52 . Memory (MB): peak = 3963.488 ; gain = 1060.906
Ending Placer Task | Checksum: 1cf3f3055

Time (s): cpu = 00:02:19 ; elapsed = 00:00:52 . Memory (MB): peak = 3963.488 ; gain = 1060.906
72 Infos, 13 Warnings, 1 Critical Warnings and 0 Errors encountered.
place_design completed successfully
place_design: Time (s): cpu = 00:02:22 ; elapsed = 00:00:54 . Memory (MB): peak = 3963.488 ; gain = 1060.906
INFO: [Vivado 12-24838] Running report commands "report_control_sets, report_io, report_utilization" in parallel.
Running report generation with 3 threads.
INFO: [Vivado 12-24828] Executing command : report_control_sets -verbose -file probe_macpcs64_top_control_sets_placed.rpt
report_control_sets: Time (s): cpu = 00:00:00 ; elapsed = 00:00:00.012 . Memory (MB): peak = 3963.488 ; gain = 0.000
INFO: [Vivado 12-24828] Executing command : report_utilization -file probe_macpcs64_top_utilization_placed.rpt -pb probe_macpcs64_top_utilization_placed.pb
INFO: [Vivado 12-24828] Executing command : report_io -file probe_macpcs64_top_io_placed.rpt
report_io: Time (s): cpu = 00:00:00 ; elapsed = 00:00:00.083 . Memory (MB): peak = 3963.488 ; gain = 0.000
INFO: [Timing 38-480] Writing timing data to binary archive.
Write ShapeDB Complete: Time (s): cpu = 00:00:00 ; elapsed = 00:00:00.009 . Memory (MB): peak = 3963.488 ; gain = 0.000
Wrote PlaceDB: Time (s): cpu = 00:00:01 ; elapsed = 00:00:00.166 . Memory (MB): peak = 3963.488 ; gain = 0.000
Wrote PulsedLatchDB: Time (s): cpu = 00:00:00 ; elapsed = 00:00:00 . Memory (MB): peak = 3963.488 ; gain = 0.000
Writing XDEF routing.
Writing XDEF routing logical nets.
Writing XDEF routing special nets.
Wrote RouteStorage: Time (s): cpu = 00:00:00 ; elapsed = 00:00:00.038 . Memory (MB): peak = 3963.488 ; gain = 0.000
Wrote Netlist Cache: Time (s): cpu = 00:00:00 ; elapsed = 00:00:00.006 . Memory (MB): peak = 3963.488 ; gain = 0.000
Wrote Device Cache: Time (s): cpu = 00:00:00 ; elapsed = 00:00:00.013 . Memory (MB): peak = 3963.488 ; gain = 0.000
Write Physdb Complete: Time (s): cpu = 00:00:01 ; elapsed = 00:00:00.233 . Memory (MB): peak = 3963.488 ; gain = 0.000
INFO: [Common 17-1381] The checkpoint 'D:/repo/XCKU5PMini/udp_hls_10g/_proj_10g/xxv_probe/macpcs64/macpcs64.runs/impl_1/probe_macpcs64_top_placed.dcp' has been generated.
Command: phys_opt_design
Attempting to get a license for feature 'Implementation' and/or device 'xcku5p'
INFO: [Common 17-349] Got license for feature 'Implementation' and/or device 'xcku5p'

Starting Initial Update Timing Task

Time (s): cpu = 00:00:01 ; elapsed = 00:00:00.404 . Memory (MB): peak = 3963.488 ; gain = 0.000
INFO: [Vivado_Tcl 4-2279] Estimated Timing Summary | WNS= 3.355 | TNS= 0.000 | 
INFO: [Vivado_Tcl 4-383] Design worst setup slack (WNS) is greater than or equal to 0.000 ns. All physical synthesis setup optimizations will be skipped.
INFO: [Vivado_Tcl 4-232] No setup violation found. The netlist was not modified.
INFO: [Common 17-83] Releasing license: Implementation
83 Infos, 13 Warnings, 1 Critical Warnings and 0 Errors encountered.
phys_opt_design completed successfully
INFO: [Timing 38-480] Writing timing data to binary archive.
Write ShapeDB Complete: Time (s): cpu = 00:00:00 ; elapsed = 00:00:00.009 . Memory (MB): peak = 3963.488 ; gain = 0.000
Wrote PlaceDB: Time (s): cpu = 00:00:01 ; elapsed = 00:00:00.165 . Memory (MB): peak = 3963.488 ; gain = 0.000
Wrote PulsedLatchDB: Time (s): cpu = 00:00:00 ; elapsed = 00:00:00 . Memory (MB): peak = 3963.488 ; gain = 0.000
Writing XDEF routing.
Writing XDEF routing logical nets.
Writing XDEF routing special nets.
Wrote RouteStorage: Time (s): cpu = 00:00:00 ; elapsed = 00:00:00.037 . Memory (MB): peak = 3963.488 ; gain = 0.000
Wrote Netlist Cache: Time (s): cpu = 00:00:00 ; elapsed = 00:00:00.005 . Memory (MB): peak = 3963.488 ; gain = 0.000
Wrote Device Cache: Time (s): cpu = 00:00:00 ; elapsed = 00:00:00.013 . Memory (MB): peak = 3963.488 ; gain = 0.000
Write Physdb Complete: Time (s): cpu = 00:00:01 ; elapsed = 00:00:00.231 . Memory (MB): peak = 3963.488 ; gain = 0.000
INFO: [Common 17-1381] The checkpoint 'D:/repo/XCKU5PMini/udp_hls_10g/_proj_10g/xxv_probe/macpcs64/macpcs64.runs/impl_1/probe_macpcs64_top_physopt.dcp' has been generated.
Command: route_design
Attempting to get a license for feature 'Implementation' and/or device 'xcku5p'
INFO: [Common 17-349] Got license for feature 'Implementation' and/or device 'xcku5p'


Starting Routing Task
INFO: [Route 35-254] Multithreading enabled for route_design using a maximum of 4 CPUs

Phase 1 Build RT Design
Checksum: PlaceDB: a4c8ca16 ConstDB: 0 ShapeSum: 7585c21b RouteDB: b4f0a424
Nodegraph reading from file.  Time (s): cpu = 00:00:00 ; elapsed = 00:00:00.434 . Memory (MB): peak = 3963.488 ; gain = 0.000
Post Restoration Checksum: NetGraph: b6a88062 | NumContArr: ad1e231d | Constraints: f791c69e | Timing: c2a8fa9d
Phase 1 Build RT Design | Checksum: 31e0164ba

Time (s): cpu = 00:00:04 ; elapsed = 00:00:03 . Memory (MB): peak = 3963.488 ; gain = 0.000

Phase 2 Router Initialization

Phase 2.1 Fix Topology Constraints
Phase 2.1 Fix Topology Constraints | Checksum: 31e0164ba

Time (s): cpu = 00:00:04 ; elapsed = 00:00:03 . Memory (MB): peak = 3963.488 ; gain = 0.000

Phase 2.2 Pre Route Cleanup
Phase 2.2 Pre Route Cleanup | Checksum: 31e0164ba

Time (s): cpu = 00:00:04 ; elapsed = 00:00:03 . Memory (MB): peak = 3963.488 ; gain = 0.000

Phase 2.3 Global Clock Net Routing
 Number of Nodes with overlaps = 0
Phase 2.3 Global Clock Net Routing | Checksum: 2151ba824

Time (s): cpu = 00:00:04 ; elapsed = 00:00:03 . Memory (MB): peak = 3963.488 ; gain = 0.000

Phase 2.4 Update Timing
Phase 2.4 Update Timing | Checksum: 277c4de7a

Time (s): cpu = 00:00:05 ; elapsed = 00:00:03 . Memory (MB): peak = 3963.488 ; gain = 0.000
INFO: [Route 35-416] Intermediate Timing Summary | WNS=3.448  | TNS=0.000  | WHS=-0.213 | THS=-6.332 |


Phase 2.5 Soft Constraint Pins - Fast Budgeting
Phase 2.5 Soft Constraint Pins - Fast Budgeting | Checksum: 2d1a71e72

Time (s): cpu = 00:00:06 ; elapsed = 00:00:04 . Memory (MB): peak = 3963.488 ; gain = 0.000

Router Utilization Summary
  Global Vertical Routing Utilization    = 0.000917676 %
  Global Horizontal Routing Utilization  = 0.000429997 %
  Routable Net Status*
  *Does not include unroutable nets such as driverless and loadless.
  Run report_route_status for detailed report.
  Number of Failed Nets               = 6078
    (Failed Nets is the sum of unrouted and partially routed nets)
  Number of Unrouted Nets             = 4847
  Number of Partially Routed Nets     = 1231
  Number of Node Overlaps             = 0

Phase 2 Router Initialization | Checksum: 1bef07066

Time (s): cpu = 00:00:06 ; elapsed = 00:00:04 . Memory (MB): peak = 3963.488 ; gain = 0.000

Phase 3 Global Routing
Phase 3 Global Routing | Checksum: 1bef07066

Time (s): cpu = 00:00:06 ; elapsed = 00:00:04 . Memory (MB): peak = 3963.488 ; gain = 0.000

Phase 4 Initial Routing

Phase 4.1 Initial Net Routing Pass
Phase 4.1 Initial Net Routing Pass | Checksum: 22ba44510

Time (s): cpu = 00:00:08 ; elapsed = 00:00:04 . Memory (MB): peak = 3963.488 ; gain = 0.000
Phase 4 Initial Routing | Checksum: 2646f8c03

Time (s): cpu = 00:00:08 ; elapsed = 00:00:04 . Memory (MB): peak = 3963.488 ; gain = 0.000

Phase 5 Rip-up And Reroute

Phase 5.1 Global Iteration 0
 Number of Nodes with overlaps = 1107
 Number of Nodes with overlaps = 65
 Number of Nodes with overlaps = 2
 Number of Nodes with overlaps = 0
INFO: [Route 35-416] Intermediate Timing Summary | WNS=2.740  | TNS=0.000  | WHS=0.016  | THS=0.000  |

Phase 5.1 Global Iteration 0 | Checksum: 142db060e

Time (s): cpu = 00:00:11 ; elapsed = 00:00:06 . Memory (MB): peak = 3963.488 ; gain = 0.000

Phase 5.2 Additional Iteration for Hold
Phase 5.2 Additional Iteration for Hold | Checksum: 20105ff10

Time (s): cpu = 00:00:11 ; elapsed = 00:00:06 . Memory (MB): peak = 3963.488 ; gain = 0.000
Phase 5 Rip-up And Reroute | Checksum: 20105ff10

Time (s): cpu = 00:00:11 ; elapsed = 00:00:06 . Memory (MB): peak = 3963.488 ; gain = 0.000

Phase 6 Delay and Skew Optimization

Phase 6.1 Delay CleanUp
Phase 6.1 Delay CleanUp | Checksum: 2917826a6

Time (s): cpu = 00:00:11 ; elapsed = 00:00:06 . Memory (MB): peak = 3963.488 ; gain = 0.000

Phase 6.2 Clock Skew Optimization
Phase 6.2 Clock Skew Optimization | Checksum: 2917826a6

Time (s): cpu = 00:00:11 ; elapsed = 00:00:06 . Memory (MB): peak = 3963.488 ; gain = 0.000
Phase 6 Delay and Skew Optimization | Checksum: 2917826a6

Time (s): cpu = 00:00:11 ; elapsed = 00:00:06 . Memory (MB): peak = 3963.488 ; gain = 0.000

Phase 7 Post Hold Fix

Phase 7.1 Hold Fix Iter
INFO: [Route 35-416] Intermediate Timing Summary | WNS=2.740  | TNS=0.000  | WHS=0.016  | THS=0.000  |

Phase 7.1 Hold Fix Iter | Checksum: 243107f16

Time (s): cpu = 00:00:12 ; elapsed = 00:00:06 . Memory (MB): peak = 3963.488 ; gain = 0.000
Phase 7 Post Hold Fix | Checksum: 243107f16

Time (s): cpu = 00:00:12 ; elapsed = 00:00:06 . Memory (MB): peak = 3963.488 ; gain = 0.000

Phase 8 Route finalize

Router Utilization Summary
  Global Vertical Routing Utilization    = 0.293774 %
  Global Horizontal Routing Utilization  = 0.334054 %
  Routable Net Status*
  *Does not include unroutable nets such as driverless and loadless.
  Run report_route_status for detailed report.
  Number of Failed Nets               = 0
    (Failed Nets is the sum of unrouted and partially routed nets)
  Number of Unrouted Nets             = 0
  Number of Partially Routed Nets     = 0
  Number of Node Overlaps             = 0

Phase 8 Route finalize | Checksum: 243107f16

Time (s): cpu = 00:00:13 ; elapsed = 00:00:06 . Memory (MB): peak = 3963.488 ; gain = 0.000

Phase 9 Verifying routed nets

 Verification completed successfully
Phase 9 Verifying routed nets | Checksum: 243107f16

Time (s): cpu = 00:00:13 ; elapsed = 00:00:06 . Memory (MB): peak = 3963.488 ; gain = 0.000

Phase 10 Depositing Routes
Phase 10 Depositing Routes | Checksum: 243107f16

Time (s): cpu = 00:00:13 ; elapsed = 00:00:07 . Memory (MB): peak = 3963.488 ; gain = 0.000

Phase 11 Resolve XTalk
Phase 11 Resolve XTalk | Checksum: 243107f16

Time (s): cpu = 00:00:13 ; elapsed = 00:00:07 . Memory (MB): peak = 3963.488 ; gain = 0.000

Phase 12 Post Process Routing
Phase 12 Post Process Routing | Checksum: 243107f16

Time (s): cpu = 00:00:13 ; elapsed = 00:00:07 . Memory (MB): peak = 3963.488 ; gain = 0.000

Phase 13 Post Router Timing
INFO: [Route 35-57] Estimated Timing Summary | WNS=2.740  | TNS=0.000  | WHS=0.016  | THS=0.000  |

INFO: [Route 35-327] The final timing numbers are based on the router estimated timing analysis. For a complete and accurate timing signoff, please run report_timing_summary.
Phase 13 Post Router Timing | Checksum: 243107f16

Time (s): cpu = 00:00:13 ; elapsed = 00:00:07 . Memory (MB): peak = 3963.488 ; gain = 0.000
Total Elapsed time in route_design: 6.728 secs

Phase 14 Post-Route Event Processing
Phase 14 Post-Route Event Processing | Checksum: 1d4072d1f

Time (s): cpu = 00:00:13 ; elapsed = 00:00:07 . Memory (MB): peak = 3963.488 ; gain = 0.000
INFO: [Route 35-16] Router Completed Successfully
Ending Routing Task | Checksum: 1d4072d1f

Time (s): cpu = 00:00:13 ; elapsed = 00:00:07 . Memory (MB): peak = 3963.488 ; gain = 0.000

Routing Is Done.
INFO: [Common 17-83] Releasing license: Implementation
94 Infos, 13 Warnings, 1 Critical Warnings and 0 Errors encountered.
route_design completed successfully
route_design: Time (s): cpu = 00:00:13 ; elapsed = 00:00:07 . Memory (MB): peak = 3963.488 ; gain = 0.000
INFO: [Vivado 12-24828] Executing command : report_drc -file probe_macpcs64_top_drc_routed.rpt -pb probe_macpcs64_top_drc_routed.pb -rpx probe_macpcs64_top_drc_routed.rpx
Command: report_drc -file probe_macpcs64_top_drc_routed.rpt -pb probe_macpcs64_top_drc_routed.pb -rpx probe_macpcs64_top_drc_routed.rpx
INFO: [IP_Flow 19-1839] IP Catalog is up to date.
INFO: [DRC 23-27] Running DRC with 4 threads
INFO: [Vivado_Tcl 2-168] The results of DRC are in file D:/repo/XCKU5PMini/udp_hls_10g/_proj_10g/xxv_probe/macpcs64/macpcs64.runs/impl_1/probe_macpcs64_top_drc_routed.rpt.
report_drc completed successfully
INFO: [Vivado 12-24828] Executing command : report_methodology -file probe_macpcs64_top_methodology_drc_routed.rpt -pb probe_macpcs64_top_methodology_drc_routed.pb -rpx probe_macpcs64_top_methodology_drc_routed.rpx
Command: report_methodology -file probe_macpcs64_top_methodology_drc_routed.rpt -pb probe_macpcs64_top_methodology_drc_routed.pb -rpx probe_macpcs64_top_methodology_drc_routed.rpx
INFO: [Timing 38-35] Done setting XDC timing constraints.
INFO: [DRC 23-133] Running Methodology with 4 threads
INFO: [Vivado_Tcl 2-1520] The results of Report Methodology are in file D:/repo/XCKU5PMini/udp_hls_10g/_proj_10g/xxv_probe/macpcs64/macpcs64.runs/impl_1/probe_macpcs64_top_methodology_drc_routed.rpt.
report_methodology completed successfully
INFO: [Vivado 12-24828] Executing command : report_timing_summary -max_paths 10 -routable_nets -report_unconstrained -file probe_macpcs64_top_timing_summary_routed.rpt -pb probe_macpcs64_top_timing_summary_routed.pb -rpx probe_macpcs64_top_timing_summary_routed.rpx -warn_on_violation 
INFO: [Timing 38-35] Done setting XDC timing constraints.
INFO: [Timing 38-91] UpdateTimingParams: Speed grade: -1, Temperature grade: E, Delay Type: min_max.
INFO: [Timing 38-191] Multithreading enabled for timing update using a maximum of 4 CPUs
INFO: [Vivado 12-24838] Running report commands "report_incremental_reuse, report_route_status" in parallel.
Running report generation with 2 threads.
INFO: [Vivado 12-24828] Executing command : report_incremental_reuse -file probe_macpcs64_top_incremental_reuse_routed.rpt
INFO: [Vivado_Tcl 4-1062] Incremental flow is disabled. No incremental reuse Info to report.
INFO: [Vivado 12-24828] Executing command : report_route_status -file probe_macpcs64_top_route_status.rpt -pb probe_macpcs64_top_route_status.pb
INFO: [Vivado 12-24828] Executing command : report_power -file probe_macpcs64_top_power_routed.rpt -pb probe_macpcs64_top_power_summary_routed.pb -rpx probe_macpcs64_top_power_routed.rpx
Command: report_power -file probe_macpcs64_top_power_routed.rpt -pb probe_macpcs64_top_power_summary_routed.pb -rpx probe_macpcs64_top_power_routed.rpx
Running Vector-less Activity Propagation...

Finished Running Vector-less Activity Propagation
WARNING: [Power 33-332] Found switching activity that implies high-fanout reset nets being asserted for excessive periods of time which may result in inaccurate power analysis.
Resolution: To review and fix problems, please run Power Constraints Advisor in the GUI from Tools > Power Constraints Advisor or run report_power with the -advisory option to generate a text report.
111 Infos, 14 Warnings, 1 Critical Warnings and 0 Errors encountered.
report_power completed successfully
INFO: [Vivado 12-24828] Executing command : report_clock_utilization -file probe_macpcs64_top_clock_utilization_routed.rpt
INFO: [Vivado 12-24828] Executing command : report_bus_skew -warn_on_violation -file probe_macpcs64_top_bus_skew_routed.rpt -pb probe_macpcs64_top_bus_skew_routed.pb -rpx probe_macpcs64_top_bus_skew_routed.rpx
INFO: [Timing 38-91] UpdateTimingParams: Speed grade: -1, Temperature grade: E, Delay Type: min_max.
INFO: [Timing 38-191] Multithreading enabled for timing update using a maximum of 4 CPUs
generate_parallel_reports: Time (s): cpu = 00:00:13 ; elapsed = 00:00:09 . Memory (MB): peak = 3963.488 ; gain = 0.000
INFO: [Timing 38-480] Writing timing data to binary archive.
Write ShapeDB Complete: Time (s): cpu = 00:00:00 ; elapsed = 00:00:00.009 . Memory (MB): peak = 3963.488 ; gain = 0.000
Wrote PlaceDB: Time (s): cpu = 00:00:01 ; elapsed = 00:00:00.164 . Memory (MB): peak = 3963.488 ; gain = 0.000
Wrote PulsedLatchDB: Time (s): cpu = 00:00:00 ; elapsed = 00:00:00 . Memory (MB): peak = 3963.488 ; gain = 0.000
Writing XDEF routing.
Writing XDEF routing logical nets.
Writing XDEF routing special nets.
Wrote RouteStorage: Time (s): cpu = 00:00:00 ; elapsed = 00:00:00.067 . Memory (MB): peak = 3963.488 ; gain = 0.000
Wrote Netlist Cache: Time (s): cpu = 00:00:00 ; elapsed = 00:00:00.005 . Memory (MB): peak = 3963.488 ; gain = 0.000
Wrote Device Cache: Time (s): cpu = 00:00:00 ; elapsed = 00:00:00.013 . Memory (MB): peak = 3963.488 ; gain = 0.000
Write Physdb Complete: Time (s): cpu = 00:00:01 ; elapsed = 00:00:00.261 . Memory (MB): peak = 3963.488 ; gain = 0.000
INFO: [Common 17-1381] The checkpoint 'D:/repo/XCKU5PMini/udp_hls_10g/_proj_10g/xxv_probe/macpcs64/macpcs64.runs/impl_1/probe_macpcs64_top_routed.dcp' has been generated.
Command: write_bitstream -force probe_macpcs64_top.bit
Attempting to get a license for feature 'Implementation' and/or device 'xcku5p'
INFO: [Common 17-349] Got license for feature 'Implementation' and/or device 'xcku5p'
INFO: [Common 17-83] Releasing license: Implementation
119 Infos, 14 Warnings, 1 Critical Warnings and 1 Errors encountered.
write_bitstream failed
ERROR: [Common 17-69] Command failed: This design contains one or more cells for which bitstream generation is not permitted:
DUT/inst/i_macpcs64_top_0/i_macpcs64_CORE (<encrypted cellview>)
If a new IP Core license was added, in order for the new license to be picked up, the current netlist needs to be updated by resetting and re-generating the IP output products before bitstream generation.
The following IP(s) require licenses greater than a Design Linking license to generate bitstream:
xxv_eth_mac_pcs

INFO: [Common 17-206] Exiting Vivado at Tue Sep 29 19:30:30 2026...
