#-----------------------------------------------------------
# xsim v2025.2 (64-bit)
# SW Build 6299465 on Fri Nov 14 19:35:11 GMT 2025
# IP Build 6300035 on Fri Nov 14 10:48:45 MST 2025
# SharedData Build 6298862 on Thu Nov 13 04:50:51 MST 2025
# Start of session at: Sat Oct 10 10:30:31 2026
# Process ID         : 27168
# Current directory  : D:/repo/XCKU5PMini/udp_hls_10g/_proj_10g/notes/p7b_tool_debt_20261010/task2/rm1_newrtl_newtb
# Command line       : xsim.exe -log xsim.log -mode tcl -source {xsim.dir/tb_sim/xsim_script.tcl}
# Log file           : D:/repo/XCKU5PMini/udp_hls_10g/_proj_10g/notes/p7b_tool_debt_20261010/task2/rm1_newrtl_newtb/xsim.log
# Journal file       : D:/repo/XCKU5PMini/udp_hls_10g/_proj_10g/notes/p7b_tool_debt_20261010/task2/rm1_newrtl_newtb\xsim.jou
# Running On         : xyz-intel
# Platform           : Windows Server 2016 or Windows 10
# Operating System   : 26300
# Processor Detail   : Intel(R) Core(TM) Ultra 7 265K
# CPU Frequency      : 3878 MHz
# CPU Physical cores : 20
# CPU Logical cores  : 20
# Host memory        : 68053 MB
# Swap memory        : 4294 MB
# Total Virtual      : 72348 MB
# Available Virtual  : 49281 MB
#-----------------------------------------------------------
source xsim.dir/tb_sim/xsim_script.tcl
# xsim {tb_sim} -autoloadwcfg -runall
Time resolution is 1 ps
run -all
PASS PHYID1: phy 1 reg 2 -> 001c
PASS PHYID2: phy 1 reg 3 -> c915
PASS BMCR-default: phy 1 reg 0 -> 0000
PASS no-response: phy 7 reg 2 -> ffff
PASS BMCR-write: phy 1 reg 0 wr -> 8000 captured
PASS ANAR-write: phy 1 reg 4 wr -> 01e1 captured
PASS PHYID1-again: phy 1 reg 2 -> 001c
PASS PHYID2-again: phy 1 reg 3 -> c915
PASS busy-start-rej: busy-period start rejected, no extra MDC (64 edges), stat_start_lost=1
PASS after-lost: phy 1 reg 3 -> c915
PASS stat_start_lost cleared by the next accepted start
INFO DIV-guard: DIV=65537 -> first MDC half-period 65536 clk (period 131072 clk = 762.9 Hz @100MHz)
INFO DIV-guard: DIV=65536 -> first MDC half-period 65536 clk (period 131072 clk = 762.9 Hz @100MHz)
INFO DIV-guard: pre-guard truncation gave DIV[15:0]=1 -> half-period 1 clk -> 50000000.0 Hz
PASS DIV-guard: DIV=65537 raises param_bad (clamp is observable)
PASS DIV-guard: param_bad stays 0 for legal DIV (65536 and the main DUT's 4)
PASS DIV-guard: clamped MDC (half-period 65536 clk) is not faster than the legal value
PASS DIV-guard: clamped arm == legal-max arm (both 65536 clk, measured on two DUTs)
PASS contention: master and PHY never drove together (640 MDC edges)
INFO frame span = 512 clk (busy rose @4682, fell @5194), want 512
PASS MDC timing: frame = 512 clk = 64 bits x 2 edges x DIV=4 -> 12.50 MHz MDC at 100MHz
     synthesised DIV=25 -> 2.00 MHz, inside the 2.5MHz clause-22 limit
== RESULT: PASS ==
$finish called at time : 655515 ns : File "D:/repo/XCKU5PMini/udp_hls_10g/_proj_10g/notes/p7b_tool_debt_20261010/task2/rm1_newrtl_newtb/tb_mdio_master.v" Line 488
exit
INFO: [Common 17-206] Exiting xsim at Sat Oct 10 10:30:33 2026...
