  [pre 0] cyc=1491 d=1491 wire=0 | app txs=2 gap=57992 sent=1472 bcnt=0 wr=0 fifo_full=0 utx_busy=1
  [pre 1] cyc=60965 d=59474 wire=1525 | app txs=2 gap=57992 sent=1472 bcnt=0 wr=0 fifo_full=0 utx_busy=1
  [pre 2] cyc=120439 d=59474 wire=1525 | app txs=2 gap=57992 sent=1472 bcnt=0 wr=0 fifo_full=0 utx_busy=1
  [pre 3] cyc=179913 d=59474 wire=1525 | app txs=2 gap=57992 sent=1472 bcnt=0 wr=0 fifo_full=0 utx_busy=1
  [pre 4] cyc=239387 d=59474 wire=1525 | app txs=2 gap=57992 sent=1472 bcnt=0 wr=0 fifo_full=0 utx_busy=1
  [pre 5] cyc=298861 d=59474 wire=1525 | app txs=2 gap=57992 sent=1472 bcnt=0 wr=0 fifo_full=0 utx_busy=1
  [pre 6] cyc=358335 d=59474 wire=1525 | app txs=2 gap=57992 sent=1472 bcnt=0 wr=0 fifo_full=0 utx_busy=1
  [pre 7] cyc=417809 d=59474 wire=1525 | app txs=2 gap=57992 sent=1472 bcnt=0 wr=0 fifo_full=0 utx_busy=1
  [pre 8] cyc=477283 d=59474 wire=1525 | app txs=2 gap=57992 sent=1472 bcnt=0 wr=0 fifo_full=0 utx_busy=1
  [pre 9] cyc=536757 d=59474 wire=1525 | app txs=2 gap=57992 sent=1472 bcnt=0 wr=0 fifo_full=0 utx_busy=1
  [pre 10] cyc=596231 d=59474 wire=1525 | app txs=2 gap=57992 sent=1472 bcnt=0 wr=0 fifo_full=0 utx_busy=1
  [pre 11] cyc=655705 d=59474 wire=1525 | app txs=2 gap=57992 sent=1472 bcnt=0 wr=0 fifo_full=0 utx_busy=1
--- tb_app_udp_rate: TXGAP=58000 paylen=1472 ---
  frames on wire      = 41 (period samples 35)
  mean frame period   = 59474 cycles (475.792 us)
  mean wire len       = 1525 B
  PAYLOAD RATE        = 24.8 Mbps
  WIRE RATE           = 25.6 Mbps
  app tx_frames=41 bytes=60352 | utx frames=40 bytes=58880 drop=0 | mac frames=40 abort=0
  --- P7B-W9 判据 ---
  C1 contract: txf_wr && txf_full on 0 cycles (first @cyc 0); checked pushes=7544
  C2 framer frames=40 len min/max = 1514/1514 (exp 1514)
  C3 wire   samples=35 len min/max = 1525/1525 (exp 1525)
  coverage: full_cyc=0 (satreq=0 floor 20000)
RATE GATE: OK (C1 ovf=0 over 7544 pushes; framer 1514 x40; wire 1525 x35; full_cyc=0)
