  [pre 0] cyc=1015 d=1015 wire=0 | app txs=1 gap=0 sent=0 bcnt=6 wr=0 fifo_full=0 utx_busy=1
  [pre 1] cyc=2078 d=1063 wire=1049 | app txs=1 gap=0 sent=64 bcnt=7 wr=0 fifo_full=0 utx_busy=1
  [pre 2] cyc=3141 d=1063 wire=1049 | app txs=1 gap=0 sent=136 bcnt=0 wr=1 fifo_full=0 utx_busy=1
  [pre 3] cyc=4204 d=1063 wire=1049 | app txs=1 gap=0 sent=200 bcnt=1 wr=0 fifo_full=0 utx_busy=1
  [pre 4] cyc=5267 d=1063 wire=1049 | app txs=1 gap=0 sent=264 bcnt=2 wr=0 fifo_full=0 utx_busy=1
  [pre 5] cyc=6330 d=1063 wire=1049 | app txs=1 gap=0 sent=328 bcnt=3 wr=0 fifo_full=0 utx_busy=1
  [pre 6] cyc=7393 d=1063 wire=1049 | app txs=1 gap=0 sent=392 bcnt=4 wr=0 fifo_full=0 utx_busy=1
  [pre 7] cyc=8456 d=1063 wire=1049 | app txs=1 gap=0 sent=456 bcnt=5 wr=0 fifo_full=0 utx_busy=1
  [pre 8] cyc=9519 d=1063 wire=1049 | app txs=1 gap=0 sent=520 bcnt=6 wr=0 fifo_full=0 utx_busy=1
  [pre 9] cyc=10582 d=1063 wire=1049 | app txs=1 gap=0 sent=584 bcnt=7 wr=0 fifo_full=0 utx_busy=1
  [pre 10] cyc=11645 d=1063 wire=1049 | app txs=1 gap=0 sent=656 bcnt=0 wr=1 fifo_full=0 utx_busy=1
  [pre 11] cyc=12708 d=1063 wire=1049 | app txs=1 gap=0 sent=720 bcnt=1 wr=0 fifo_full=0 utx_busy=1
--- tb_app_udp_rate: TXGAP=0 paylen=996 ---
  frames on wire      = 41 (period samples 35)
  mean frame period   = 1063 cycles (8.504 us)
  mean wire len       = 1049 B
  PAYLOAD RATE        = 937.0 Mbps
  WIRE RATE           = 986.8 Mbps
  app tx_frames=42 bytes=42032 | utx frames=40 bytes=39840 drop=0 | mac frames=40 abort=0
  --- P7B-W9 判据 ---
  C1 contract: txf_wr && txf_full on 0 cycles (first @cyc 0); checked pushes=5274
  C2 framer frames=40 len min/max = 1038/1038 (exp 1038)
  C3 wire   samples=35 len min/max = 1049/1049 (exp 1049)
  coverage: full_cyc=1411 (satreq=0 floor 20000)
RATE GATE: OK (C1 ovf=0 over 5274 pushes; framer 1038 x40; wire 1049 x35; full_cyc=1411)
