  [pre 0] cyc=203 d=203 wire=0 | app txs=1 gap=0 sent=48 bcnt=0 wr=1 fifo_full=0 utx_busy=1
  [pre 1] cyc=1787 d=1584 wire=1525 | app txs=1 gap=0 sent=576 bcnt=0 wr=0 fifo_full=1 utx_busy=1
  [pre 2] cyc=3371 d=1584 wire=1525 | app txs=1 gap=0 sent=576 bcnt=0 wr=0 fifo_full=1 utx_busy=1
  [pre 3] cyc=4955 d=1584 wire=1525 | app txs=1 gap=0 sent=576 bcnt=0 wr=0 fifo_full=1 utx_busy=1
  [pre 4] cyc=6539 d=1584 wire=1525 | app txs=1 gap=0 sent=576 bcnt=0 wr=0 fifo_full=1 utx_busy=1
  [pre 5] cyc=8123 d=1584 wire=1525 | app txs=1 gap=0 sent=576 bcnt=0 wr=0 fifo_full=1 utx_busy=1
  [pre 6] cyc=9707 d=1584 wire=1525 | app txs=1 gap=0 sent=576 bcnt=0 wr=0 fifo_full=1 utx_busy=1
  [pre 7] cyc=11291 d=1584 wire=1525 | app txs=1 gap=0 sent=576 bcnt=0 wr=0 fifo_full=1 utx_busy=1
  [pre 8] cyc=12875 d=1584 wire=1525 | app txs=1 gap=0 sent=576 bcnt=0 wr=0 fifo_full=1 utx_busy=1
  [pre 9] cyc=14459 d=1584 wire=1525 | app txs=1 gap=0 sent=576 bcnt=0 wr=0 fifo_full=1 utx_busy=1
  [pre 10] cyc=16043 d=1584 wire=1525 | app txs=1 gap=0 sent=576 bcnt=0 wr=0 fifo_full=1 utx_busy=1
  [pre 11] cyc=17627 d=1584 wire=1525 | app txs=1 gap=0 sent=576 bcnt=0 wr=0 fifo_full=1 utx_busy=1
--- tb_app_udp_rate: TXGAP=0 paylen=1472 ---
  frames on wire      = 41 (period samples 35)
  mean frame period   = 1584 cycles (12.672 us)
  mean wire len       = 1525 B
  PAYLOAD RATE        = 929.3 Mbps
  WIRE RATE           = 962.8 Mbps
  app tx_frames=42 bytes=62400 | utx frames=40 bytes=58880 drop=0 | mac frames=40 abort=0
  --- P7B-W9 判据 ---
  C1 contract: txf_wr && txf_full on 0 cycles (first @cyc 0); checked pushes=7800
  C2 framer frames=40 len min/max = 1514/1514 (exp 1514)
  C3 wire   samples=35 len min/max = 1525/1525 (exp 1525)
  coverage: full_cyc=55670 (satreq=1 floor 20000)
RATE GATE: OK (C1 ovf=0 over 7800 pushes; framer 1514 x40; wire 1525 x35; full_cyc=55670)
