#-----------------------------------------------------------
# xsim v2025.2 (64-bit)
# SW Build 6299465 on Fri Nov 14 19:35:11 GMT 2025
# IP Build 6300035 on Fri Nov 14 10:48:45 MST 2025
# SharedData Build 6298862 on Thu Nov 13 04:50:51 MST 2025
# Start of session at: Tue Sep 29 11:04:31 2026
# Process ID         : 26620
# Current directory  : D:/repo/XCKU5PMini/udp_hls_10g/audit_scratch/t2_rxcdc/case_neg_nobp
# Command line       : xsim.exe -log xsim_neg_nobp.log -mode tcl -source {xsim.dir/tb_rx_cdc_chain/xsim_script.tcl}
# Log file           : D:/repo/XCKU5PMini/udp_hls_10g/audit_scratch/t2_rxcdc/case_neg_nobp/xsim_neg_nobp.log
# Journal file       : D:/repo/XCKU5PMini/udp_hls_10g/audit_scratch/t2_rxcdc/case_neg_nobp\xsim.jou
# Running On         : xyz-intel
# Platform           : Windows Server 2016 or Windows 10
# Operating System   : 26200
# Processor Detail   : Intel(R) Core(TM) Ultra 7 265K
# CPU Frequency      : 3878 MHz
# CPU Physical cores : 20
# CPU Logical cores  : 20
# Host memory        : 68053 MB
# Swap memory        : 4294 MB
# Total Virtual      : 72348 MB
# Available Virtual  : 49827 MB
#-----------------------------------------------------------
source xsim.dir/tb_rx_cdc_chain/xsim_script.tcl
# xsim {tb_rx_cdc_chain} -autoloadwcfg -runall
Time resolution is 1 ps
run -all
TB-STIM frames=48 stim_bytes=24747
RXCHAIN ATOMIC-FAIL t=19148000 rptr 0->1 wbin 256->256 tvalid=0 tready=1 full=1
RXCHAIN ATOMIC-FAIL t=19212000 rptr 1->2 wbin 256->256 tvalid=0 tready=1 full=1
RXCHAIN ATOMIC-FAIL t=19276000 rptr 2->3 wbin 256->256 tvalid=0 tready=1 full=1
RXCHAIN ATOMIC-FAIL t=19340000 rptr 3->4 wbin 256->256 tvalid=0 tready=1 full=1
RXCHAIN ATOMIC-FAIL t=19404000 rptr 4->5 wbin 256->256 tvalid=0 tready=1 full=1
RXCHAIN ATOMIC-FAIL t=19468000 rptr 5->6 wbin 256->256 tvalid=0 tready=1 full=1
RXCHAIN BAD-FRAME len=1162 (无匹配注入帧 sot=6) crs=1
   rcv[0]=2a exp[0]=00
   rcv[1]=37 exp[1]=0d
   rcv[2]=44 exp[2]=1a
   rcv[3]=51 exp[3]=27
   rcv[4]=5e exp[4]=34
   rcv[5]=6b exp[5]=41
   rcv[6]=78 exp[6]=4e
   rcv[7]=85 exp[7]=5b
   rcv[8]=93 exp[8]=69
   rcv[9]=9e exp[9]=74
   rcv[10]=ad exp[10]=83
   rcv[11]=b8 exp[11]=8e
   rcv[12]=c7 exp[12]=9d
   rcv[13]=d2 exp[13]=a8
   rcv[14]=e1 exp[14]=b7
   rcv[15]=ec exp[15]=c2
RXCHAIN BAD-SOP: 帧内字 tuser=1
RXCHAIN BAD-SOP: 帧内字 tuser=1
RXCHAIN BAD-SOP: 帧内字 tuser=1
RXCHAIN BAD-SOP: 帧内字 tuser=1
RXCHAIN BAD-FRAME len=1756 (无匹配注入帧 sot=20) crs=1
   rcv[0]=8c exp[0]=00
   rcv[1]=99 exp[1]=0d
   rcv[2]=a6 exp[2]=1a
   rcv[3]=b3 exp[3]=27
   rcv[4]=c0 exp[4]=34
   rcv[5]=cd exp[5]=41
   rcv[6]=da exp[6]=4e
   rcv[7]=e7 exp[7]=5b
   rcv[8]=f5 exp[8]=69
   rcv[9]=00 exp[9]=74
   rcv[10]=0f exp[10]=83
   rcv[11]=1a exp[11]=8e
   rcv[12]=29 exp[12]=9d
   rcv[13]=34 exp[13]=a8
   rcv[14]=43 exp[14]=b7
   rcv[15]=4e exp[15]=c2
RXCHAIN BAD-SOP: 帧内字 tuser=1
RXCHAIN BAD-SOP: 帧内字 tuser=1
RXCHAIN BAD-SOP: 帧内字 tuser=1
RXCHAIN BAD-SOP: 帧内字 tuser=1
RXCHAIN BAD-SOP: 帧内字 tuser=1
RXCHAIN BAD-SOP: 帧内字 tuser=1
RXCHAIN BAD-SOP: 帧内字 tuser=1
RXCHAIN BAD-SOP: 帧内字 tuser=1
RXCHAIN BAD-SOP: 帧内字 tuser=1
RXCHAIN BAD-SOP: 帧内字 tuser=1
RXCHAIN BAD-SOP: 帧内字 tuser=1
RXCHAIN BAD-SOP: 帧内字 tuser=1
RXCHAIN BAD-SOP: 帧内字 tuser=1
RXCHAIN BAD-SOP: 帧内字 tuser=1
RXCHAIN BAD-FRAME len=4164 (无匹配注入帧 sot=26) crs=1
   rcv[0]=b6 exp[0]=00
   rcv[1]=c3 exp[1]=0d
   rcv[2]=d0 exp[2]=1a
   rcv[3]=dd exp[3]=27
   rcv[4]=ea exp[4]=34
   rcv[5]=f7 exp[5]=41
   rcv[6]=04 exp[6]=4e
   rcv[7]=11 exp[7]=5b
   rcv[8]=1f exp[8]=69
   rcv[9]=2a exp[9]=74
   rcv[10]=39 exp[10]=83
   rcv[11]=44 exp[11]=8e
   rcv[12]=53 exp[12]=9d
   rcv[13]=5e exp[13]=a8
   rcv[14]=6d exp[14]=b7
   rcv[15]=78 exp[15]=c2
RXCHAIN BAD-SOP: 帧内字 tuser=1
RXCHAIN BAD-SOP: 帧内字 tuser=1
RXCHAIN BAD-SOP: 帧内字 tuser=1
RXCHAIN BAD-SOP: 帧内字 tuser=1
RXCHAIN BAD-SOP: 帧内字 tuser=1
RXCHAIN FINAL frames_in=48 mac_frames=48 crc_err=0 drop=0 dfull=0 dpart=0 orph=0 ovf=0 mac_words=2787
RXCHAIN FINAL dp_words=1936 dp_frames=24 term=0 bad=4 cdc_wbin=400 cdc_rbin=400 mrx_rptr=3
RXCHAIN FINAL atomic_ok=1936 atomic_bad=851 wr_cycles=2787 acc=1936 refw=851 fullcyc=9606 stall_bad=0
RXCHAIN FAIL: R1 原子性 atomic_bad=851
RXCHAIN FAIL: R2 帧保真 bad=4
RXCHAIN FAIL: R3 帧守恒 24+0!=48
RXCHAIN FAIL: R3 词守恒 mac=2787 cdc=1936
RXCHAIN NO-EVIDENCE: stat_drop==0
RXCHAIN: FAIL
$finish called at time : 287734400 ps : File "D:/repo/XCKU5PMini/udp_hls_10g/audit_scratch/t2_rxcdc/tb_rx_cdc_chain.v" Line 349
exit
INFO: [Common 17-206] Exiting xsim at Tue Sep 29 11:04:33 2026...
