#-----------------------------------------------------------
# xsim v2025.2 (64-bit)
# SW Build 6299465 on Fri Nov 14 19:35:11 GMT 2025
# IP Build 6300035 on Fri Nov 14 10:48:45 MST 2025
# SharedData Build 6298862 on Thu Nov 13 04:50:51 MST 2025
# Start of session at: Tue Sep 29 11:08:52 2026
# Process ID         : 9564
# Current directory  : D:/repo/XCKU5PMini/udp_hls_10g/audit_scratch/t3_txcdc/case_pos
# Command line       : xsim.exe -log xsim_pos.log -mode tcl -source {xsim.dir/tb_tx_cdc_chain/xsim_script.tcl}
# Log file           : D:/repo/XCKU5PMini/udp_hls_10g/audit_scratch/t3_txcdc/case_pos/xsim_pos.log
# Journal file       : D:/repo/XCKU5PMini/udp_hls_10g/audit_scratch/t3_txcdc/case_pos\xsim.jou
# Running On         : xyz-intel
# Platform           : Windows Server 2016 or Windows 10
# Operating System   : 26200
# Processor Detail   : Intel(R) Core(TM) Ultra 7 265K
# CPU Frequency      : 3878 MHz
# CPU Physical cores : 20
# CPU Logical cores  : 20
# Host memory        : 68053 MB
# Swap memory        : 4294 MB
# Total Virtual      : 72348 MB
# Available Virtual  : 49803 MB
#-----------------------------------------------------------
source xsim.dir/tb_tx_cdc_chain/xsim_script.tcl
# xsim {tb_tx_cdc_chain} -autoloadwcfg -runall
Time resolution is 1 ps
run -all
DUMP frame#0 len=72:
   55 55 55 55 55 55 55 d5 3c 3d 3e 3f 38 39 3a 3b 
   34 35 36 37 30 31 32 33 2c 2d 2e 2f 28 29 2a 2b 
   00 00 00 00 00 00 00 00 00 00 00 00 00 00 00 00 
   00 00 00 00 00 00 00 00 00 00 00 00 00 00 00 00 
   00 00 00 00 4a 00 8e 7f 
WIRE  frame#0 len=72 FCS-OK  完整匹配帧B (含 pad 到 60) ✓
DUMP frame#1 len=328:
   55 55 55 55 55 55 55 d5 5a 5b 58 59 5e 5f 5c 5d 
   52 53 50 51 56 57 54 55 4a 4b 48 49 4e 4f 4c 4d 
   42 43 40 41 46 47 44 45 7a 7b 78 79 7e 7f 7c 7d 
   72 73 70 71 76 77 74 75 6a 6b 68 69 6e 6f 6c 6d 
   62 63 60 61 66 67 64 65 1a 1b 18 19 1e 1f 1c 1d 
   12 13 10 11 16 17 14 15 0a 0b 08 09 0e 0f 0c 0d 
   02 03 00 01 06 07 04 05 3a 3b 38 39 3e 3f 3c 3d 
   32 33 30 31 36 37 34 35 2a 2b 28 29 2e 2f 2c 2d 
   22 23 20 21 26 27 24 25 da db d8 d9 de df dc dd 
   d2 d3 d0 d1 d6 d7 d4 d5 ca cb c8 c9 ce cf cc cd 
   c2 c3 c0 c1 c6 c7 c4 c5 fa fb f8 f9 fe ff fc fd 
   f2 f3 f0 f1 f6 f7 f4 f5 ea eb e8 e9 ee ef ec ed 
   e2 e3 e0 e1 e6 e7 e4 e5 9a 9b 98 99 9e 9f 9c 9d 
   92 93 90 91 96 97 94 95 8a 8b 88 89 8e 8f 8c 8d 
   82 83 80 81 86 87 84 85 ba bb b8 b9 be bf bc bd 
   b2 b3 b0 b1 b6 b7 b4 b5 aa ab a8 a9 ae af ac ad 
   a2 a3 a0 a1 a6 a7 a4 a5 5a 5b 58 59 5e 5f 5c 5d 
   52 53 50 51 56 57 54 55 4a 4b 48 49 4e 4f 4c 4d 
   42 43 40 41 46 47 44 45 7a 7b 78 79 7e 7f 7c 7d 
   72 73 70 71 76 77 74 75 6a 6b 68 69 6e 6f 6c 6d 
   62 63 60 61 66 67 64 65 
WIRE  frame#1 len=328 FCS-BAD (残留=377cb36d) 首8=5a 5b 58 59 5e 5f 5c 5d
WIRE  frame#2 len=652 FCS-OK  **幽灵帧**: content = 帧A 的字节[64..704) (中终止后的残字被当新帧发出!)
WIRE  frame#3 len=212 FCS-OK  完整匹配帧C ✓
TXCHAIN FINAL mac_frames=3 mac_abort=1 wire_frames=4 match=2 short=0 badfcs=1 ghost=1
TXCHAIN FINAL dp_acc=148 refw=0 cdc_wbin=148 cdc_rbin=148 mac_pop=148 fullcyc=0 model_bad=0 pop_bad=0
TXCHAIN **F11-CONFIRMED**: 1 个 FCS 正确的幽灵帧上线 (坏帧当好帧)
TXCHAIN: PASS_ALL
$finish called at time : 126012 ns : File "D:/repo/XCKU5PMini/udp_hls_10g/audit_scratch/t3_txcdc/tb_tx_cdc_chain.v" Line 333
exit
INFO: [Common 17-206] Exiting xsim at Tue Sep 29 11:08:54 2026...
