#-----------------------------------------------------------
# xsim v2025.2 (64-bit)
# SW Build 6299465 on Fri Nov 14 19:35:11 GMT 2025
# IP Build 6300035 on Fri Nov 14 10:48:45 MST 2025
# SharedData Build 6298862 on Thu Nov 13 04:50:51 MST 2025
# Start of session at: Sun Oct 11 08:43:10 2026
# Process ID         : 4748
# Current directory  : D:/repo/XCKU5PMini/udp_hls_10g/_proj_10g/notes/p7b_biz_win/neg/w_mut_lastoff
# Command line       : xsim.exe -log xsim_biz.log -mode tcl -source {xsim.dir/tb/xsim_script.tcl}
# Log file           : D:/repo/XCKU5PMini/udp_hls_10g/_proj_10g/notes/p7b_biz_win/neg/w_mut_lastoff/xsim_biz.log
# Journal file       : D:/repo/XCKU5PMini/udp_hls_10g/_proj_10g/notes/p7b_biz_win/neg/w_mut_lastoff\xsim.jou
# Running On         : xyz-intel
# Platform           : Windows Server 2016 or Windows 10
# Operating System   : 26300
# Processor Detail   : Intel(R) Core(TM) Ultra 7 265K
# CPU Frequency      : 3878 MHz
# CPU Physical cores : 20
# CPU Logical cores  : 20
# Host memory        : 68053 MB
# Swap memory        : 4294 MB
# Total Virtual      : 72348 MB
# Available Virtual  : 24391 MB
#-----------------------------------------------------------
source xsim.dir/tb/xsim_script.tcl
# xsim {tb} -autoloadwcfg -runall
Time resolution is 1 ps
run -all
=== tb_biz_win: P7B-BIZ å¿«ç…§çª—å£é€å­—è¯»å›é—¨ (SNAP_NW=71) ===
  [PASS] 1a MAGIC = 50360001
  [PASS] 1b BUILD_ID = 00000008
  [PASS] 1c MARKEÿÿÿåÿÿÿÿÿÿ‘ÿÿ) = deadbeef
  [PASS] 2a geÿÿÿÿÿÿ½ = 1 = 00000001
  [PASS] 2b donÿÿÿ½ÿÿÿ· = 00000001
  [PASS] 2c [15:7] ÿÿÿåÿÿÿ…ÿÿÿº = 00000000
  [FAIL] 3 W70 @00000138 = 00080000 (æœŸæœ› b17b0046)  â† æ§½ä½é”™ä½/å›ç»•
  [PASS] ÿÿÿåÿÿÿ¡» 0 ÿÿ’ ÿÿÿæÿ® 3ÿÿÿ‰ÿÿ™) = 00000000
  [FAIL] (NW-1) = 0x138 @NW=7ÿÿÿèÿÿÿ¾ÿÿÿ° = 00080000 (æœŸæœ› b17b0046)
  [PASS] 5bÿÿÿ«ÿÿ— rresp = OKAY rresp=00
  [PASS] 20+4*NW+12 = 0x148 @NW=7ÿÿÿåÿ 0 = 00000000
  [PASS] ÿÿÿœÿÿÿÿÿÿåÿÿÿ€ rresp = SLVERR rresp=10
  [PASS]  OKAÿÿÿåÿÿÿ»ÿÿÿ«ÿÿÿæÿÿÿœÿÿÿÿÿ„) rresp=00
  [PASS] AGICÿÿÿ‡ÿÿÿ¦ÿÿÿºÿÿÿçÿÿÿœ¨ 0x200) = 50360001
  [PASS] ÿÿÿÿÿ° ÿÿ’ ÿÿÿäÿÿÿ™ 11ÿÿÿˆÿÿÿ‹ rresp=10
  [PASS] 8aÿÿÿˆÿÿ™ SCRATCH ÿÿÿºÿÿ†) = a5a51234
  [PASS]  0x108 = SLVERR ÿÿÿÿÿ¯ SCRATCH) rresp=10
  [PASS] 8c SCRATCHÿÿÿªÿÿ« 0x10ÿÿÿ”ÿÿÿ° = a5a51234
  [PASS] 9ÿÿÿ‰ÿÿÿ®: doÿÿÿåÿÿÿ½ÿÿÿ· = 00000001
  [PASS] 9ÿÿÿ†™ 0x118 = SLVERR rresp=10
  [PASS] 9c genÿÿÿªÿÿ« 0x11ÿÿÿŠÿÿÿ‡ = 00000001
  [PASS] ÿÿ‰ ÿÿÿ’ÿÿÿƒÿÿÿåÿÿÿ¸­ SNAP_CTRL) = 00000001
  [PASS] ÿÿÿ¹ÿÿ§:ÿÿÿ™ 0x1ÿÿÿ¸ÿÿÿ‰ÿÿ† done = 00000000
  [PASS]  0x1ÿÿÿ½ÿÿÿÿÿÿÿÿÿ‰ snap_valid) = 00000001
  [PASS] ÿÿ¡ snap_valÿÿÿâÿ’ gÿÿÿæÿÿÿ¥½ +1 = 00000002
  [PASS] ÿÿÿÿÿÿ€ÿÿÿçÿÿÿÿÿÿçÿÿÿÿÿÿ»ÿÿ“) = b17b0005
  [FAIL] el==0 / ver==1 / cap==0 / unf==0 = 2d2c5a5a (æœŸæœ› 00040000)
  [PASS] 11b MIR_STATUS ÿÿ» rresp = OKAY rresp=00
  [FAIL] ÿÿÿåÿÿÿ…µ 0x5A5A5A5Aÿÿÿ“ÿÿÿ®ÿÿ¼) = 00000000 (æœŸæœ› 5a5a5a5a)
  [FAIL] unf_sticÿÿÿçÿÿÿ½ÿÿÿæÿÿÿ¨ÿÿÿÿÿ®) = 00000000 (æœŸæœ› 00000001)
  [FAIL] ÿÿÿåÿ™ MIR_CTRL=0x3 rresp = OKAY rresp=10 (æœŸæœ› 00)
  [FAIL] ÿÿÿèÿÿÿ› == 0x3 ([0]cap [1]clr) = 00000000 (æœŸæœ› 00000003)
  [FAIL] ÿ: capture_on==ÿÿÿ¸” unÿÿÿ·ÿÿÿ… = 00000000 (æœŸæœ› 00000002)
  [PASS] 0x14ÿÿÿæÿÿÿ®ÿÿÿ°) rresp = SLVERR rresp=10
  [PASS] ÿÿÿåÿÿÿ»ÿÿÿªÿÿ‰ 0x08/0x18/0x144) rresp=10
----------------------------------------------------------
FAIL      tb_biz_win: 8 é¡¹å¤±è´¥
$finish called at time : 4055 ns : File "D:/repo/XCKU5PMini/udp_hls_10g/_proj_10g/notes/p7b_biz_win/tb_biz_win.v" Line 269
exit
INFO: [Common 17-206] Exiting xsim at Sun Oct 11 08:43:12 2026...
