Copyright 1986-2022 Xilinx, Inc. All Rights Reserved. Copyright 2022-2025 Advanced Micro Devices, Inc. All Rights Reserved.
-------------------------------------------------------------------------------------------------------------------------------------------------------------------------------------------
| Tool Version      : Vivado v.2025.2 (win64) Build 6299465 Fri Nov 14 19:35:11 GMT 2025
| Date              : Wed Sep 30 10:46:10 2026
| Host              : xyz-intel running 64-bit major release  (build 9200)
| Command           : report_timing -max_paths 1 -delay_type max -input_pins -file D:/repo/XCKU5PMini/udp_hls_10g/_proj_10g/notes/p7b_mac_timing_fix/reports/E_fix_eto_sink_worst_path.rpt
| Design            : mac_tx_sink_top
| Device            : xcku5p-ffvb676
| Speed File        : -1  PRODUCTION 1.29 05-01-2022
| Design State      : Routed
| Temperature Grade : E
-------------------------------------------------------------------------------------------------------------------------------------------------------------------------------------------

Timing Report

Slack (MET) :             0.677ns  (required time - arrival time)
  Source:                 u_dut/cw_len_reg[2]/C
                            (rising edge-triggered cell FDCE clocked by clk  {rise@0.000ns fall@3.200ns period=6.400ns})
  Destination:            cap_d_reg[52]/D
                            (rising edge-triggered cell FDCE clocked by clk  {rise@0.000ns fall@3.200ns period=6.400ns})
  Path Group:             clk
  Path Type:              Setup (Max at Slow Process Corner)
  Requirement:            6.400ns  (clk rise@6.400ns - clk rise@0.000ns)
  Data Path Delay:        5.646ns  (logic 1.492ns (26.427%)  route 4.154ns (73.573%))
  Logic Levels:           12  (LUT4=1 LUT5=2 LUT6=8 MUXF7=1)
  Clock Path Skew:        -0.069ns (DCD - SCD + CPR)
    Destination Clock Delay (DCD):    1.605ns = ( 8.005 - 6.400 ) 
    Source Clock Delay      (SCD):    1.858ns
    Clock Pessimism Removal (CPR):    0.184ns
  Clock Uncertainty:      0.035ns  ((TSJ^2 + TIJ^2)^1/2 + DJ) / 2 + PE
    Total System Jitter     (TSJ):    0.071ns
    Total Input Jitter      (TIJ):    0.000ns
    Discrete Jitter          (DJ):    0.000ns
    Phase Error              (PE):    0.000ns

    Location             Delay type                Incr(ns)  Path(ns)    Netlist Resource(s)
  -------------------------------------------------------------------    -------------------
                         (clock clk rise edge)        0.000     0.000 r  
                                                      0.000     0.000 r  clk (IN)
                         net (fo=653, unset)          1.858     1.858    u_dut/clk
    SLICE_X24Y116        FDCE                                         r  u_dut/cw_len_reg[2]/C
  -------------------------------------------------------------------    -------------------
    SLICE_X24Y116        FDCE (Prop_CFF_SLICEL_C_Q)
                                                      0.097     1.955 f  u_dut/cw_len_reg[2]/Q
                         net (fo=95, routed)          0.446     2.401    u_dut/u_crc/cap_d_reg[28][2]
    SLICE_X25Y109                                                     f  u_dut/u_crc/cap_c[5]_i_5/I1
    SLICE_X25Y109        LUT6 (Prop_C6LUT_SLICEM_I1_O)
                                                      0.113     2.514 r  u_dut/u_crc/cap_c[5]_i_5/O
                         net (fo=5, routed)           0.088     2.603    u_dut/u_crc/padrem_reg[2]_1
    SLICE_X25Y109                                                     r  u_dut/u_crc/cap_d[63]_i_9/I4
    SLICE_X25Y109        LUT6 (Prop_G6LUT_SLICEM_I4_O)
                                                      0.179     2.782 r  u_dut/u_crc/cap_d[63]_i_9/O
                         net (fo=54, routed)          0.405     3.186    u_dut/u_crc/padrem_reg[2]
    SLICE_X25Y95                                                      r  u_dut/u_crc/crc[31]_i_84/I1
    SLICE_X25Y95         LUT6 (Prop_D6LUT_SLICEM_I1_O)
                                                      0.062     3.248 r  u_dut/u_crc/crc[31]_i_84/O
                         net (fo=8, routed)           0.496     3.745    u_dut/u_crc/crc[31]_i_84_n_0
    SLICE_X27Y85                                                      r  u_dut/u_crc/crc[28]_i_30/I3
    SLICE_X27Y85         LUT5 (Prop_F6LUT_SLICEL_I3_O)
                                                      0.039     3.784 r  u_dut/u_crc/crc[28]_i_30/O
                         net (fo=45, routed)          0.542     4.326    u_dut/u_crc/crc[28]_i_30_n_0
    SLICE_X29Y77                                                      r  u_dut/u_crc/crc[21]_i_21/I2
    SLICE_X29Y77         LUT4 (Prop_B5LUT_SLICEM_I2_O)
                                                      0.176     4.502 r  u_dut/u_crc/crc[21]_i_21/O
                         net (fo=7, routed)           0.384     4.886    u_dut/u_crc/crc[21]_i_21_n_0
    SLICE_X30Y85                                                      r  u_dut/u_crc/crc[4]_i_15/I2
    SLICE_X30Y85         LUT6 (Prop_F6LUT_SLICEL_I2_O)
                                                      0.177     5.063 f  u_dut/u_crc/crc[4]_i_15/O
                         net (fo=1, routed)           0.384     5.447    u_dut/u_crc/crc[4]_i_15_n_0
    SLICE_X33Y80                                                      f  u_dut/u_crc/crc[4]_i_5/I5
    SLICE_X33Y80         LUT6 (Prop_C6LUT_SLICEL_I5_O)
                                                      0.063     5.510 f  u_dut/u_crc/crc[4]_i_5/O
                         net (fo=1, routed)           0.011     5.521    u_dut/u_crc/crc[4]_i_5_n_0
    SLICE_X33Y80                                                      f  u_dut/u_crc/crc_reg[4]_i_2/I1
    SLICE_X33Y80         MUXF7 (Prop_F7MUX_CD_SLICEL_I1_O)
                                                      0.083     5.604 f  u_dut/u_crc/crc_reg[4]_i_2/O
                         net (fo=1, routed)           0.330     5.934    u_dut/u_crc/crc_reg[4]_i_2_n_0
    SLICE_X30Y82                                                      f  u_dut/u_crc/crc[4]_i_1/I3
    SLICE_X30Y82         LUT6 (Prop_G6LUT_SLICEL_I3_O)
                                                      0.178     6.112 f  u_dut/u_crc/crc[4]_i_1/O
                         net (fo=13, routed)          0.685     6.798    u_dut/u_crc/crc_nxt[4]
    SLICE_X25Y103                                                     f  u_dut/u_crc/cap_d[52]_i_7/I0
    SLICE_X25Y103        LUT5 (Prop_C6LUT_SLICEM_I0_O)
                                                      0.113     6.911 r  u_dut/u_crc/cap_d[52]_i_7/O
                         net (fo=2, routed)           0.224     7.135    u_dut/u_crc/cap_d[52]_i_7_n_0
    SLICE_X23Y104                                                     r  u_dut/u_crc/cap_d[52]_i_4/I5
    SLICE_X23Y104        LUT6 (Prop_F6LUT_SLICEL_I5_O)
                                                      0.148     7.283 r  u_dut/u_crc/cap_d[52]_i_4/O
                         net (fo=1, routed)           0.099     7.382    u_dut/u_crc/cap_d[52]_i_4_n_0
    SLICE_X23Y104                                                     r  u_dut/u_crc/cap_d[52]_i_1/I5
    SLICE_X23Y104        LUT6 (Prop_B6LUT_SLICEL_I5_O)
                                                      0.064     7.446 r  u_dut/u_crc/cap_d[52]_i_1/O
                         net (fo=1, routed)           0.058     7.504    xd_w[52]
    SLICE_X23Y104        FDCE                                         r  cap_d_reg[52]/D
  -------------------------------------------------------------------    -------------------

                         (clock clk rise edge)        6.400     6.400 r  
                                                      0.000     6.400 r  clk (IN)
                         net (fo=653, unset)          1.605     8.005    clk
    SLICE_X23Y104        FDCE                                         r  cap_d_reg[52]/C
                         clock pessimism              0.184     8.189    
                         clock uncertainty           -0.035     8.154    
    SLICE_X23Y104        FDCE (Setup_BFF_SLICEL_C_D)
                                                      0.027     8.181    cap_d_reg[52]
  -------------------------------------------------------------------
                         required time                          8.181    
                         arrival time                          -7.504    
  -------------------------------------------------------------------
                         slack                                  0.677    




