Copyright 1986-2022 Xilinx, Inc. All Rights Reserved. Copyright 2022-2025 Advanced Micro Devices, Inc. All Rights Reserved.
-----------------------------------------------------------------------------------------------------------------------------------------------------------
| Tool Version : Vivado v.2025.2 (win64) Build 6299465 Fri Nov 14 19:35:11 GMT 2025
| Date         : Wed Sep 30 10:29:47 2026
| Host         : xyz-intel running 64-bit major release  (build 9200)
| Command      : report_utilization -hierarchical -file D:/repo/XCKU5PMini/udp_hls_10g/_proj_10g/notes/p7b_mac_timing_fix/reports/S_new_sink_util_hier.rpt
| Design       : mac_tx_sink_top
| Device       : xcku5p-ffvb676-1-e
| Speed File   : -1
| Design State : Routed
-----------------------------------------------------------------------------------------------------------------------------------------------------------

Utilization Design Information

Table of Contents
-----------------
1. Utilization by Hierarchy

1. Utilization by Hierarchy
---------------------------

+---------------------+------------+------------+------------+---------+------+-----+--------+--------+------+------------+
|       Instance      |   Module   | Total LUTs | Logic LUTs | LUTRAMs | SRLs | FFs | RAMB36 | RAMB18 | URAM | DSP Blocks |
+---------------------+------------+------------+------------+---------+------+-----+--------+--------+------+------------+
| mac_tx_sink_top     |      (top) |       1966 |       1922 |      44 |    0 | 560 |      0 |      0 |    0 |          0 |
|   (mac_tx_sink_top) |      (top) |          8 |          8 |       0 |    0 |  72 |      0 |      0 |    0 |          0 |
|   u_dut             | mac_tx_10g |       1958 |       1914 |      44 |    0 | 488 |      0 |      0 |    0 |          0 |
|     (u_dut)         | mac_tx_10g |        273 |        273 |       0 |    0 | 373 |      0 |      0 |    0 |          0 |
|     u_crc           |   crc32_64 |       1549 |       1549 |       0 |    0 |  32 |      0 |      0 |    0 |          0 |
|     u_fifo          |  fifo_sync |        140 |         96 |      44 |    0 |  83 |      0 |      0 |    0 |          0 |
+---------------------+------------+------------+------------+---------+------+-----+--------+--------+------+------------+
* Note: The sum of lower-level cells may be larger than their parent cells total, due to cross-hierarchy LUT combining


