########## P6b 正式验收 [stage=abe] 2026-09-29 13:09:23 ##########
位流期望: MAGIC=0x50360001 BUILD_ID=0x00000006 (冻结位流 sha256 c17700868b08170865f4a4ae0292ebb636aed03070e2875f6dbb005123a948ca)
[setup] 补加 192.168.100.1/24 到 enp3s0
enp3s0           UP             192.168.100.1/24 fe80::e0cd:c944:57b1:dac1/64 
-- 等 PCIe 端点 / 驱动 / user BAR --
[setup] insmod xdma.ko
/dev/xdma0_c2h_0 /dev/xdma0_control /dev/xdma0_events_0 /dev/xdma0_events_1 /dev/xdma0_events_10 /dev/xdma0_events_11 /dev/xdma0_events_12 /dev/xdma0_events_13 /dev/xdma0_events_14 /dev/xdma0_events_15 /dev/xdma0_events_2 /dev/xdma0_events_3 /dev/xdma0_events_4 /dev/xdma0_events_5 /dev/xdma0_events_6 /dev/xdma0_events_7 /dev/xdma0_events_8 /dev/xdma0_events_9 /dev/xdma0_h2c_0 /dev/xdma0_user /dev/xdma0_xvc 

===== A. 位流身份与前置 =====
  [PASS] 判据A1   判据=MAGIC == 0x50360001 | 期望=0x50360001 | 实测=0x50360001
  [PASS] 判据A2   判据=BUILD_ID == 6 (P6b+F4 双域 36 字版) | 期望=0x00000006 | 实测=0x00000006
  [PASS] 判据A3   判据=MARKER == 0xdeadbeef (地址译码) | 期望=0xdeadbeef | 实测=0xdeadbeef
  [PASS] 判据A4   判据=FREECNT 两次读不同 (AXI 域活性) | 期望=变化 | 实测=0x998f4586 -> 0x9b1764b0 (Δ=25698090)
  [PASS] 判据A5   判据=未实现地址 0xB0 ⇒ 0xffffffff (SLVERR) | 期望=0xffffffff | 实测=0xffffffff (负对照: 同趟 0x14 回 0xdeadbeef ≠ 0xffffffff ⇒ 不是通道死)
  [INFO] 地址纪律自检: 判据地址 0xB0 < 0x100 ✓ (ar_word=araddr[7:2] 只有 6 位 ⇒ 每 256B 回绕)
  [PASS] 判据A6   判据=快照 gen 恰好 +1 (自证本轮由本进程触发) | 期望=gen:g0->g0+1 | 实测=gen 0 -> 1
  [INFO] SNAP_STATUS(0x1C) 快照后 = 0x00010056  ([31:16]gen [2]seen [1]done [0]busy)
  [INFO] W25(MMCM 状态字) = 1 ; HW_STATUS(0x10) = 0x00000018
  [PASS] 判据A7   判据=读失败必须可区分于读到 0 (负对照: 伪设备) | 期望=读失败⇒非零 | 实测=伪设备读取被 rd() 判为失败 ✓
  [INFO] 未实现地址的 SKIP 语义: 本次 0xB0 回 0xffffffff ⇒ 按"未实现"处理 (绝不当 PASS)

===== B. 时钟 (P6b 核心) =====
  [PASS] 判据B1   判据=MMCM locked = 1 (W25 bit0) | 期望=1 | 实测=W25=1 & 1 = 1
  [INFO] 图案 app 状态 (必须是 0 = 板子安静; 若不为 0 则 E3/E4 前提被破坏): W8=0 W9=0 W10=0
  [INFO] 窗口起点: gen=2 W5(gmii_free FE 域)=4226123303 DP_FREE(W24 @0x80)=3791902876
  [INFO] 窗口终点: W5=1454801506 DP_FREE=1401502391 ; 真实窗口 (墙钟) = 12.188566s
  [PASS] 判据B2a  判据=窗口落在 [10,20)s | 期望=[10,20) | 实测=12.188566s (已补偿 1 次回绕)
  [PASS] 判据B2b  判据=数据面域频率 = 156.25MHz ±1% | 期望=[154.69,157.81] MHz | 实测=156.2585 MHz (Δ=1904566811 / 12.188566s)
  [判决] 156.2585 MHz 更接近 **156.25** ⇒ 数据面确实在新域上 ✓
  [PASS] 判据B3   判据=前端对照 W5 ≈ 125MHz (两域频率必须不同) | 期望=[123.75,126.25] | 实测=125.0061 MHz (Δ=1523645499 / 12.188566s) ⇒ 与数据面域不同频 = 真搬到新域的结构证据

===== C. 链路 (真 ping, 只看 BAR 判活) =====
[setup] 补加 192.168.100.1/24 到 enp3s0
  [setup] IP 在位 ✓ (每次发流量前核一次: NM 会把它冲掉)
  [PASS] 判据C1   判据=ping -c 5 全通 | 期望=5/5 | 实测=5/5 rtt(avg/max/mdev)= 0.071/0.091/0.123/0.017
  [PASS] 判据C2   判据=ping -c 20 -i 0.05 复测 | 期望=20/20 | 实测=20/20

===== E. 观测通道对账与守恒 (停机态) =====
  [INFO] 第1 次停机窗口起点: W0=147 W1=21823 W6=147 W7=41 W20=41 W21=0 W30=147 W31=21235 W32=0 W33=0
  [INFO] 停机窗静默 ✓ (连续两次快照的 RX 侧增量全 0)
  [INFO] 停机窗口终点: W0=147 W1=21823 W6=147 W7=41 W20=41 W21=0 W30=147 W31=21235 W32=0 W33=0
  [INFO] 停机窗口增量 (RX 侧必须全 0 = 真正排空): ΔW0=0 ΔW1=0 ΔW30=0 ΔW31=0 | ΔW7=0 ΔW20=0 (HELLO 会涨这两个, RX 侧不受影响)

  --- 绝对值表 (快照 W0..W35 @ 0x20..0xAC) ---
    W0  (0x20) W0收帧           = 147
    W1  (0x24) W1收字节        = 21823
    W2  (0x28) W2帧长           = 110
    W3  (0x2c) W3FCS错           = 0
    W4  (0x30) W4MAC丢           = 0
    W5  (0x34) W5gmii_free        = 2317609870
    W6  (0x38) W6交慢路径     = 147
    W7  (0x3c) W7HLS发帧        = 41
    W8  (0x40) W8图案发帧     = 0
    W9  (0x44) W9图案发字节  = 0
    W10 (0x48) W10图案收帧    = 0
    W11 (0x4c) W11图案收字节 = 0
    W12 (0x50) W12空帧          = 0
    W13 (0x54) W13图案失配    = 0
    W14 (0x58) W14TCP发帧       = 0
    W15 (0x5c) W15TCP发字节    = 0
    W16 (0x60) W16HLS读字节    = 22411
    W17 (0x64) W17看门狗拍    = 0
    W18 (0x68) W18整帧回卷    = 0
    W19 (0x6c) W19适配器丢    = 0
    W20 (0x70) W20MAC发帧       = 41
    W21 (0x74) W21帧内中止    = 0
    W22 (0x78) W22TCP收帧       = 0
    W23 (0x7c) W23TCP非匹配    = 0
    W24 (0x80) W24数据面自由计数 = 2480018469
    W25 (0x84) W25MMCM状态      = 1
    W26 (0x88) W26rxcdc满拍     = 3
    W27 (0x8c) W27rxcdc峰值     = 3
    W28 (0x90) W28txcdc峰值     = 24
    W29 (0x94) W29DP等线拍     = 0
    W30 (0x98) W30rxcdc读帧     = 147
    W31 (0x9c) W31rxcdcΣpopc     = 21235
    W32 (0xa0) W32drop_partial    = 0
    W33 (0xa4) W33orphan_bytes    = 0
    W34 (0xa8) W34drop_full       = 0
    W35 (0xac) W35fifo_ovf        = 0

  --- 结构式守恒律 (mod 2^32) ---
    律1 期望 W30 = W0 + W32 = 147   | 实测 147
    律2 期望 W31 = W1 - 4*W0 + W33 = 21235 | 实测 21235
  [PASS] 判据E1a  判据=E1: W30 == W0 + W32 (TLAST 交付 == 收帧 + 部分丢帧) | 期望=结构式相等 | 实测=147 == 147
  [PASS] 判据E1b  判据=E1: W31 == W1 - 4*W0 + W33 (Σpopc 交付) | 期望=结构式相等 | 实测=21235 == 21235
  [PASS] 判据E2   判据=E2: W35 (fifo_sync 拒写) == 0 | 期望=0 | 实测=0
  [PASS] 判据E5a  判据=E5a: W17 (饥饿看门狗低电平拍数) == 0 | 期望=0 | 实测=0
  [PASS] 判据E5b  判据=E5b: W18 (slow_tx_adp 整帧回卷) == 0 | 期望=0 | 实测=0
  [PASS] 判据E6   判据=E6: W19 (slow_rx_adp 丢帧) == 0 | 期望=0 | 实测=0
  [PASS] 判据E7   判据=E7: W32/W33/W34 (MAC 侧丢帧三兄弟) 全 0 | 期望=全 0 | 实测=W32=0 W33=0 W34=0
  [PASS] 判据E3   判据=E3: 0 <= W20 - W7 <= 1 且 W21 == 0 | 期望=[0,1]且W21=0 | 实测=W20=41 W7=41 差=0; W21=0
  [PASS] 判据E4   判据=E4: 0 <= W0 - W6 <= 1 (每帧都进慢路径; 任务书写法 W6-W0 方向反了, 见注) | 期望=[0,1] | 实测=W0=147 W6=147 ⇒ W0-W6=0
    [注] W6 在慢路径适配器**输入侧**帧尾自增 (rtl/slow_rx_adp.v:215), 天然滞后 W0 至多 1 帧;
         已归档冒烟数据 (p6b_smoke_account.log) 实测 W0=270 / W6=269 ⇒ 关系是 W0>=W6, 故按 0<=W0-W6<=1 判。
  [PASS] 判据E8a  判据=E8: 停机窗口内 RX 侧四个计数增量全 0 (真正排空, 无在飞) | 期望=ΔW0=ΔW1=ΔW30=ΔW31=0 | 实测=全 0
  [PASS] 判据E8b  判据=E8: W0 == W30 (帧守恒, 绝对式) | 期望=相等 | 实测=147 == 147
  [PASS] 判据E8c  判据=E8: 字节守恒 (校正形式: W1 == W31 + 4*W0 - W33) | 期望=等价式成立 | 实测=W1=21823 W31=21235 差=588 = 4*W0=588 ⇒ 与 E1b 同一守恒律 (逐字等号见 E1b)
  [PASS] 判据E8d  判据=E8: W32 == W33 == 0 (无孤儿字) | 期望=0 | 实测=W32=0 W33=0

########## 汇总 [stage=abe] ##########
  PASS 判据A1    MAGIC == 0x50360001 | 实测: 0x50360001
  PASS 判据A2    BUILD_ID == 6 (P6b+F4 双域 36 字版) | 实测: 0x00000006
  PASS 判据A3    MARKER == 0xdeadbeef (地址译码) | 实测: 0xdeadbeef
  PASS 判据A4    FREECNT 两次读不同 (AXI 域活性) | 实测: 0x998f4586 -> 0x9b1764b0 (Δ=25698090)
  PASS 判据A5    未实现地址 0xB0 ⇒ 0xffffffff (SLVERR) | 实测: 0xffffffff (负对照: 同趟 0x14 回 0xdeadbeef ≠ 0xffffffff ⇒ 不是通道死)
  PASS 判据A6    快照 gen 恰好 +1 (自证本轮由本进程触发) | 实测: gen 0 -> 1
  PASS 判据A7    读失败必须可区分于读到 0 (负对照: 伪设备) | 实测: 伪设备读取被 rd() 判为失败 ✓
  PASS 判据B1    MMCM locked = 1 (W25 bit0) | 实测: W25=1 & 1 = 1
  PASS 判据B2a   窗口落在 [10,20)s | 实测: 12.188566s (已补偿 1 次回绕)
  PASS 判据B2b   数据面域频率 = 156.25MHz ±1% | 实测: 156.2585 MHz (Δ=1904566811 / 12.188566s)
  PASS 判据B3    前端对照 W5 ≈ 125MHz (两域频率必须不同) | 实测: 125.0061 MHz (Δ=1523645499 / 12.188566s) ⇒ 与数据面域不同频 = 真搬到新域的结构证据
  PASS 判据C1    ping -c 5 全通 | 实测: 5/5 rtt(avg/max/mdev)= 0.071/0.091/0.123/0.017
  PASS 判据C2    ping -c 20 -i 0.05 复测 | 实测: 20/20
  PASS 判据E1a   E1: W30 == W0 + W32 (TLAST 交付 == 收帧 + 部分丢帧) | 实测: 147 == 147
  PASS 判据E1b   E1: W31 == W1 - 4*W0 + W33 (Σpopc 交付) | 实测: 21235 == 21235
  PASS 判据E2    E2: W35 (fifo_sync 拒写) == 0 | 实测: 0
  PASS 判据E3    E3: 0 <= W20 - W7 <= 1 且 W21 == 0 | 实测: W20=41 W7=41 差=0; W21=0
  PASS 判据E4    E4: 0 <= W0 - W6 <= 1 (每帧都进慢路径; 任务书写法 W6-W0 方向反了, 见注) | 实测: W0=147 W6=147 ⇒ W0-W6=0
  PASS 判据E5a   E5a: W17 (饥饿看门狗低电平拍数) == 0 | 实测: 0
  PASS 判据E5b   E5b: W18 (slow_tx_adp 整帧回卷) == 0 | 实测: 0
  PASS 判据E6    E6: W19 (slow_rx_adp 丢帧) == 0 | 实测: 0
  PASS 判据E7    E7: W32/W33/W34 (MAC 侧丢帧三兄弟) 全 0 | 实测: W32=0 W33=0 W34=0
  PASS 判据E8a   E8: 停机窗口内 RX 侧四个计数增量全 0 (真正排空, 无在飞) | 实测: 全 0
  PASS 判据E8b   E8: W0 == W30 (帧守恒, 绝对式) | 实测: 147 == 147
  PASS 判据E8c   E8: 字节守恒 (校正形式: W1 == W31 + 4*W0 - W33) | 实测: W1=21823 W31=21235 差=588 = 4*W0=588 ⇒ 与 E1b 同一守恒律 (逐字等号见 E1b)
  PASS 判据E8d   E8: W32 == W33 == 0 (无孤儿字) | 实测: W32=0 W33=0
  PASS=26 FAIL=0 SKIP=0 NOTE=0  日志: /tmp/p6b_final_accept_abe.log
########## stage=abe: 无 FAIL ##########
