#-----------------------------------------------------------
# xsim v2025.2 (64-bit)
# SW Build 6299465 on Fri Nov 14 19:35:11 GMT 2025
# IP Build 6300035 on Fri Nov 14 10:48:45 MST 2025
# SharedData Build 6298862 on Thu Nov 13 04:50:51 MST 2025
# Start of session at: Wed Sep 30 19:28:35 2026
# Process ID         : 39360
# Current directory  : D:/repo/XCKU5PMini/udp_hls_10g/_proj_10g/notes/p7b_gatecov/logs/H10_prefix_p7bg5000
# Command line       : xsim.exe -log xsim_run.log -mode tcl -source {xsim.dir/tb_rate_g5000p1472/xsim_script.tcl}
# Log file           : D:/repo/XCKU5PMini/udp_hls_10g/_proj_10g/notes/p7b_gatecov/logs/H10_prefix_p7bg5000/xsim_run.log
# Journal file       : D:/repo/XCKU5PMini/udp_hls_10g/_proj_10g/notes/p7b_gatecov/logs/H10_prefix_p7bg5000\xsim.jou
# Running On         : xyz-intel
# Platform           : Windows Server 2016 or Windows 10
# Operating System   : 26200
# Processor Detail   : Intel(R) Core(TM) Ultra 7 265K
# CPU Frequency      : 3878 MHz
# CPU Physical cores : 20
# CPU Logical cores  : 20
# Host memory        : 68053 MB
# Swap memory        : 4294 MB
# Total Virtual      : 72348 MB
# Available Virtual  : 44764 MB
#-----------------------------------------------------------
source xsim.dir/tb_rate_g5000p1472/xsim_script.tcl
# xsim {tb_rate_g5000p1472} -autoloadwcfg -runall
Time resolution is 1 ps
run -all
  [pre 0] cyc=203 d=203 wire=0 | app txs=2 gap=4992 sent=1472 bcnt=0 wr=0 fifo_full=0 utx_busy=1
  [pre 1] cyc=5389 d=5186 wire=1525 | app txs=2 gap=4992 sent=1472 bcnt=0 wr=0 fifo_full=0 utx_busy=1
  [pre 2] cyc=10575 d=5186 wire=1525 | app txs=2 gap=4992 sent=1472 bcnt=0 wr=0 fifo_full=0 utx_busy=1
  [pre 3] cyc=15761 d=5186 wire=1525 | app txs=2 gap=4992 sent=1472 bcnt=0 wr=0 fifo_full=0 utx_busy=1
  [pre 4] cyc=20947 d=5186 wire=1525 | app txs=2 gap=4992 sent=1472 bcnt=0 wr=0 fifo_full=0 utx_busy=1
  [pre 5] cyc=26133 d=5186 wire=1525 | app txs=2 gap=4992 sent=1472 bcnt=0 wr=0 fifo_full=0 utx_busy=1
  [pre 6] cyc=31319 d=5186 wire=1525 | app txs=2 gap=4992 sent=1472 bcnt=0 wr=0 fifo_full=0 utx_busy=1
  [pre 7] cyc=36505 d=5186 wire=1525 | app txs=2 gap=4992 sent=1472 bcnt=0 wr=0 fifo_full=0 utx_busy=1
  [pre 8] cyc=41691 d=5186 wire=1525 | app txs=2 gap=4992 sent=1472 bcnt=0 wr=0 fifo_full=0 utx_busy=1
  [pre 9] cyc=46877 d=5186 wire=1525 | app txs=2 gap=4992 sent=1472 bcnt=0 wr=0 fifo_full=0 utx_busy=1
  [pre 10] cyc=52063 d=5186 wire=1525 | app txs=2 gap=4992 sent=1472 bcnt=0 wr=0 fifo_full=0 utx_busy=1
  [pre 11] cyc=57249 d=5186 wire=1525 | app txs=2 gap=4992 sent=1472 bcnt=0 wr=0 fifo_full=0 utx_busy=1
--- tb_app_udp_rate: TXGAP=5000 paylen=1472 ---
  frames on wire      = 41 (period samples 35)
  mean frame period   = 5186 cycles (41.488 us)
  mean wire len       = 1525 B
  PAYLOAD RATE        = 283.8 Mbps
  WIRE RATE           = 294.1 Mbps
  app tx_frames=41 bytes=60352 | utx frames=40 bytes=58880 drop=0 | mac frames=40 abort=0
  --- P7B-W9 判据 ---
  C1 contract: txf_wr && txf_full on 0 cycles (first @cyc 0); checked pushes=7544
  C2 framer frames=40 len min/max = 1514/1514 (exp 1514)
  C3 wire   samples=35 len min/max = 1525/1525 (exp 1525)
  coverage: full_cyc=0 (satreq=0 floor 20000)
RATE GATE: OK (C1 ovf=0 over 7544 pushes; framer 1514 x40; wire 1525 x35; full_cyc=0)
RATE TB DONE
$finish called at time : 1661332 ns : File "D:/repo/XCKU5PMini/udp_hls_10g/tb/tb_app_udp_rate.v" Line 357
exit
INFO: [Common 17-206] Exiting xsim at Wed Sep 30 19:28:37 2026...
