Copyright 1986-2022 Xilinx, Inc. All Rights Reserved. Copyright 2022-2025 Advanced Micro Devices, Inc. All Rights Reserved.
---------------------------------------------------------------------------------------------------------------------------------------------
| Tool Version : Vivado v.2025.2 (win64) Build 6299465 Fri Nov 14 19:35:11 GMT 2025
| Date         : Sun Sep 27 21:27:58 2026
| Host         : xyz-intel running 64-bit major release  (build 9200)
| Command      : report_utilization -hierarchical -hierarchical_depth 2 -file D:/repo/ECO/udp_hls_10g/p6_verify/p6_t6p4_util_hier.rpt
| Design       : wrapper_p4
| Device       : xc7k325tffg676-2
| Speed File   : -2
| Design State : Routed
---------------------------------------------------------------------------------------------------------------------------------------------

Utilization Design Information

Table of Contents
-----------------
1. Utilization by Hierarchy

1. Utilization by Hierarchy
---------------------------

+----------------------------------------------------+---------------------------------------------------+------------+------------+---------+------+-------+--------+--------+------------+
|                      Instance                      |                       Module                      | Total LUTs | Logic LUTs | LUTRAMs | SRLs |  FFs  | RAMB36 | RAMB18 | DSP Blocks |
+----------------------------------------------------+---------------------------------------------------+------------+------------+---------+------+-------+--------+--------+------------+
| wrapper_p4                                         |                                             (top) |      52648 |      48115 |    4494 |   39 | 42140 |    281 |     62 |          4 |
|   (wrapper_p4)                                     |                                             (top) |        195 |        195 |       0 |    0 |  3551 |      0 |      0 |          0 |
|   u_app                                            |                                       app_pattern |        676 |        676 |       0 |    0 |   553 |      0 |      0 |          0 |
|   u_app_ctrl                                       |                                          app_ctrl |       3757 |       3757 |       0 |    0 |  3324 |      0 |      0 |          0 |
|     (u_app_ctrl)                                   |                                          app_ctrl |       3752 |       3752 |       0 |    0 |  3319 |      0 |      0 |          0 |
|   u_app_pipe                                       |                                         axis_pipe |        288 |        288 |       0 |    0 |    78 |      0 |      0 |          0 |
|   u_app_status                                     |                                   app_status_uart |       1112 |       1112 |       0 |    0 |   927 |      0 |      0 |          0 |
|     (u_app_status)                                 |                                   app_status_uart |       1031 |       1031 |       0 |    0 |   899 |      0 |      0 |          0 |
|     u_uart                                         |                                  uart_tx_9600_193 |         82 |         82 |       0 |    0 |    28 |      0 |      0 |          0 |
|   u_app_udp                                        |                                   app_udp_pattern |        874 |        498 |     376 |    0 |   651 |      0 |      0 |          0 |
|     (u_app_udp)                                    |                                   app_udp_pattern |        254 |        254 |       0 |    0 |   556 |      0 |      0 |          0 |
|     u_txf                                          |                     fifo_sync__parameterized3_192 |        620 |        244 |     376 |    0 |    95 |      0 |      0 |          0 |
|   u_cam                                            |                                           tcp_cam |        982 |        982 |       0 |    0 |  2304 |      0 |      0 |          0 |
|   u_classify                                       |                                       rx_classify |        779 |        779 |       0 |    0 |   536 |      0 |      0 |          0 |
|   u_dbg_line                                       |                                       dbg_line_tx |       3446 |       3446 |       0 |    0 |   954 |      0 |      0 |          0 |
|     (u_dbg_line)                                   |                                       dbg_line_tx |       3337 |       3337 |       0 |    0 |   926 |      0 |      0 |          0 |
|     u_tx                                           |                                      uart_tx_9600 |        109 |        109 |       0 |    0 |    28 |      0 |      0 |          0 |
|   u_eco_pipe                                       |                                       axis_pipe_0 |         32 |         32 |       0 |    0 |    73 |      0 |      0 |          0 |
|   u_hls                                            |                                          udp_echo |      20013 |      19758 |     224 |   31 | 17915 |      6 |     62 |          4 |
|     (u_hls)                                        |                                          udp_echo |        183 |        183 |       0 |    0 |  1709 |      0 |      0 |          0 |
|     buffer_r_U                                     |                udp_echo_buffer_r_RAM_2P_BRAM_1R1W |        261 |        261 |       0 |    0 |   769 |      1 |      0 |          0 |
|     frame_buf_U                                    |                  udp_echo_frame_buf_RAM_AUTO_1R1W |        360 |        360 |       0 |    0 |   402 |      1 |      0 |          0 |
|     frame_fifo_fifo_U                              |                          udp_echo_fifo_w32_d512_A |         54 |         54 |       0 |    0 |    41 |      0 |      1 |          0 |
|     grp_arp_rx_process_fu_1773                     |                           udp_echo_arp_rx_process |       1360 |       1360 |       0 |    0 |   307 |      0 |      4 |          0 |
|     grp_dhcp_tx_process_fu_1977                    |                          udp_echo_dhcp_tx_process |       1677 |       1661 |      16 |    0 |   422 |      0 |      2 |          0 |
|     grp_icmp_rx_process_fu_1942                    |                          udp_echo_icmp_rx_process |       1714 |       1698 |      16 |    0 |   950 |      0 |      4 |          0 |
|     grp_igmp_rx_process_fu_1923                    |                          udp_echo_igmp_rx_process |        312 |        296 |      16 |    0 |   241 |      0 |      3 |          0 |
|     grp_ip_rx_process_fu_1766                      |                            udp_echo_ip_rx_process |        288 |        272 |      16 |    0 |   291 |      0 |      2 |          0 |
|     grp_mac_rx_process_fu_1679                     |                           udp_echo_mac_rx_process |        400 |        400 |       0 |    0 |   561 |      0 |      0 |          0 |
|     grp_mac_tx_process_fu_1710                     |                           udp_echo_mac_tx_process |        248 |        248 |       0 |    0 |   371 |      0 |      0 |          0 |
|     grp_stats_report_fu_2264                       |                             udp_echo_stats_report |        740 |        712 |       0 |   28 |   600 |      0 |      0 |          4 |
|     grp_tcp_active_tick_fu_2164                    |                          udp_echo_tcp_active_tick |       1458 |       1442 |      16 |    0 |  1279 |      0 |      6 |          0 |
|     grp_tcp_rx_process_fu_1827                     |                           udp_echo_tcp_rx_process |       3839 |       3820 |      16 |    3 |  2414 |      1 |      7 |          0 |
|     grp_tcp_send_1_fu_2055                         |                               udp_echo_tcp_send_1 |       2236 |       2220 |      16 |    0 |  1125 |      0 |      4 |          0 |
|     grp_tcp_send_fu_2113                           |                                 udp_echo_tcp_send |        939 |        923 |      16 |    0 |   867 |      0 |      4 |          0 |
|     grp_udp_echo_Pipeline_VITIS_LOOP_198_3_fu_1818 |       udp_echo_udp_echo_Pipeline_VITIS_LOOP_198_3 |        262 |        262 |       0 |    0 |    28 |      0 |      0 |          0 |
|     grp_udp_echo_Pipeline_VITIS_LOOP_39_1_fu_1806  |        udp_echo_udp_echo_Pipeline_VITIS_LOOP_39_1 |         32 |         32 |       0 |    0 |    54 |      0 |      0 |          0 |
|     grp_udp_tx_process_fu_2004                     |                           udp_echo_udp_tx_process |       1082 |       1066 |      16 |    0 |   912 |      0 |      4 |          0 |
|     l1_age_U                                       |                     udp_echo_l1_age_RAM_AUTO_1R1W |         83 |         83 |       0 |    0 |    10 |      0 |      1 |          0 |
|     l1_cache_ip_U                                  |                udp_echo_l1_cache_ip_RAM_AUTO_1R1W |        154 |        122 |      32 |    0 |    41 |      0 |      0 |          0 |
|     l1_cache_mac_U                                 |               udp_echo_l1_cache_mac_RAM_AUTO_1R1W |        104 |         56 |      48 |    0 |    57 |      0 |      0 |          0 |
|     l2_table_ip_U                                  |             udp_echo_l2_table_ip_RAM_2P_BRAM_1R1W |        160 |        160 |       0 |    0 |   257 |      0 |      1 |          0 |
|     l2_table_mac_U                                 |            udp_echo_l2_table_mac_RAM_2P_BRAM_1R1W |         94 |         94 |       0 |    0 |   257 |      1 |      0 |          0 |
|     l2_table_valid_U                               |          udp_echo_l2_table_valid_RAM_2P_BRAM_1R1W |         79 |         79 |       0 |    0 |   257 |      0 |      1 |          0 |
|     regslice_both_cfg_stream_U                     |            udp_echo_regslice_both__parameterized0 |         39 |         39 |       0 |    0 |    69 |      0 |      0 |          0 |
|     tcp_conn_cwnd_U                                |           udp_echo_tcp_conn_cwnd_RAM_2P_BRAM_1R1W |         62 |         62 |       0 |    0 |     4 |      0 |      1 |          0 |
|     tcp_conn_flight_size_U                         |    udp_echo_tcp_conn_flight_size_RAM_2P_BRAM_1R1W |        181 |        181 |       0 |    0 |     6 |      1 |      0 |          0 |
|     tcp_conn_last_ack_recv_U                       |        udp_echo_tcp_conn_cwnd_RAM_2P_BRAM_1R1W_10 |         56 |         56 |       0 |    0 |     4 |      0 |      1 |          0 |
|     tcp_conn_peer_ip_U                             | udp_echo_tcp_conn_flight_size_RAM_2P_BRAM_1R1W_11 |        136 |        136 |       0 |    0 |     5 |      1 |      0 |          0 |
|     tcp_conn_seq_U                                 |        udp_echo_tcp_conn_cwnd_RAM_2P_BRAM_1R1W_17 |         78 |         78 |       0 |    0 |     4 |      0 |      1 |          0 |
|     tcp_conn_ssthresh_U                            |       udp_echo_tcp_conn_ssthresh_RAM_2P_BRAM_1R1W |         70 |         70 |       0 |    0 |     4 |      0 |      1 |          0 |
|     tcp_retrans_buf_U                              |           udp_echo_tcp_send_bufs_RAM_2P_BRAM_1R1W |        472 |        472 |       0 |    0 |  1729 |      0 |      1 |          0 |
|     tcp_send_bufs_U                                |        udp_echo_tcp_send_bufs_RAM_2P_BRAM_1R1W_18 |        464 |        464 |       0 |    0 |  1729 |      0 |      1 |          0 |
|   u_mac_rx                                         |                                         mac_rx_64 |        617 |        565 |      52 |    0 |   432 |      0 |      0 |          0 |
|     (u_mac_rx)                                     |                                         mac_rx_64 |        255 |        255 |       0 |    0 |   316 |      0 |      0 |          0 |
|     u_fifo                                         |                                         fifo_sync |        316 |        264 |      52 |    0 |    84 |      0 |      0 |          0 |
|   u_mac_tx                                         |                                         mac_tx_64 |        320 |        270 |      50 |    0 |   257 |      0 |      0 |          0 |
|     (u_mac_tx)                                     |                                         mac_tx_64 |         61 |         61 |       0 |    0 |   142 |      0 |      0 |          0 |
|     u_crc                                          |                                          crc32_8b |         98 |         98 |       0 |    0 |    32 |      0 |      0 |          0 |
|     u_fifo                                         |                         fifo_sync__parameterized6 |        161 |        111 |      50 |    0 |    83 |      0 |      0 |          0 |
|   u_slow_cfg                                       |                                      slow_cfg_adp |        384 |        362 |      22 |    0 |   481 |      0 |      0 |          0 |
|     (u_slow_cfg)                                   |                                      slow_cfg_adp |        323 |        323 |       0 |    0 |   439 |      0 |      0 |          0 |
|     u_fifo                                         |                         fifo_sync__parameterized2 |         61 |         39 |      22 |    0 |    42 |      0 |      0 |          0 |
|   u_slow_rx                                        |                                       slow_rx_adp |        867 |        387 |     480 |    0 |   352 |      1 |      0 |          0 |
|     (u_slow_rx)                                    |                                       slow_rx_adp |        121 |        121 |       0 |    0 |   206 |      0 |      0 |          0 |
|     u_ff                                           |                      frame_fifo__parameterized0_5 |        207 |        111 |      96 |    0 |   113 |      1 |      0 |          0 |
|     u_ofifo                                        |                       fifo_sync__parameterized5_6 |        540 |        156 |     384 |    0 |    33 |      0 |      0 |          0 |
|   u_slow_tx                                        |                                       slow_tx_adp |        873 |        385 |     480 |    8 |   384 |      1 |      0 |          0 |
|     (u_slow_tx)                                    |                                       slow_tx_adp |         83 |         75 |       0 |    8 |   238 |      0 |      0 |          0 |
|     u_ififo                                        |                         fifo_sync__parameterized5 |        548 |        164 |     384 |    0 |    33 |      0 |      0 |          0 |
|     u_wf                                           |                      frame_fifo__parameterized0_4 |        244 |        148 |      96 |    0 |   113 |      1 |      0 |          0 |
|   u_tcb                                            |                                               tcb |       1847 |       1847 |       0 |    0 |  2209 |      0 |      0 |          0 |
|   u_tcp_echo                                       |                                          tcp_echo |       3754 |       1962 |    1792 |    0 |   289 |     16 |      0 |          0 |
|     (u_tcp_echo)                                   |                                          tcp_echo |          5 |          5 |       0 |    0 |    77 |      0 |      0 |          0 |
|     u_fifo                                         |                                        frame_fifo |       3749 |       1957 |    1792 |    0 |   212 |     16 |      0 |          0 |
|   u_tcp_rx                                         |                                            tcp_rx |       4236 |       4236 |       0 |    0 |   783 |      0 |      0 |          0 |
|   u_tcp_tx                                         |                                      tcp_tx_frame |       5683 |       5263 |     420 |    0 |  4757 |    256 |      0 |          0 |
|     (u_tcp_tx)                                     |                                      tcp_tx_frame |       2583 |       2583 |       0 |    0 |  2329 |      0 |      0 |          0 |
|     u_ackq                                         |                         fifo_sync__parameterized4 |       1119 |       1091 |      28 |    0 |    51 |      0 |      0 |          0 |
|     u_csum                                         |                                      checksum16_2 |        282 |        282 |       0 |    0 |    49 |      0 |      0 |          0 |
|     u_fifo                                         |                       fifo_sync__parameterized3_3 |        816 |        424 |     392 |    0 |    91 |      0 |      0 |          0 |
|     u_retx                                         |                                          retx_ram |        884 |        884 |       0 |    0 |  2237 |    256 |      0 |          0 |
|   u_udp_split                                      |                                         udp_split |        885 |        663 |     222 |    0 |   648 |      1 |      0 |          0 |
|     (u_udp_split)                                  |                                         udp_split |         12 |         12 |       0 |    0 |    82 |      0 |      0 |          0 |
|     u_pb                                           |                    udp_split_fifo__parameterized1 |         81 |         29 |      52 |    0 |    18 |      0 |      0 |          0 |
|     u_pre                                          |                                    udp_split_fifo |        269 |        217 |      52 |    0 |    10 |      0 |      0 |          0 |
|     u_udp_rx                                       |                                            udp_rx |        232 |        232 |       0 |    0 |   411 |      0 |      0 |          0 |
|     u_uf                                           |                        frame_fifo__parameterized0 |        250 |        154 |      96 |    0 |   113 |      1 |      0 |          0 |
|   u_udp_tx                                         |                                      udp_tx_frame |        920 |        544 |     376 |    0 |   370 |      0 |      0 |          0 |
|     (u_udp_tx)                                     |                                      udp_tx_frame |        198 |        198 |       0 |    0 |   233 |      0 |      0 |          0 |
|     u_csum                                         |                                        checksum16 |         93 |         93 |       0 |    0 |    49 |      0 |      0 |          0 |
|     u_fifo                                         |                         fifo_sync__parameterized3 |        629 |        253 |     376 |    0 |    88 |      0 |      0 |          0 |
|   u_udp_tx_cfg                                     |                                        udp_tx_cfg |        127 |        127 |       0 |    0 |   163 |      0 |      0 |          0 |
|   u_vlan_strip                                     |                                        vlan_strip |         47 |         47 |       0 |    0 |   117 |      0 |      0 |          0 |
+----------------------------------------------------+---------------------------------------------------+------------+------------+---------+------+-------+--------+--------+------------+
* Note: The sum of lower-level cells may be larger than their parent cells total, due to cross-hierarchy LUT combining


