#-----------------------------------------------------------
# xsim v2025.2 (64-bit)
# SW Build 6299465 on Fri Nov 14 19:35:11 GMT 2025
# IP Build 6300035 on Fri Nov 14 10:48:45 MST 2025
# SharedData Build 6298862 on Thu Nov 13 04:50:51 MST 2025
# Start of session at: Wed Sep 30 18:53:50 2026
# Process ID         : 26496
# Current directory  : D:/repo/XCKU5PMini/udp_hls_10g/_proj_10g/notes/p7b_w9fix/run_p7b_postfix
# Command line       : xsim.exe -log xsim.log -mode tcl -source {xsim.dir/tb_w9fix/xsim_script.tcl}
# Log file           : D:/repo/XCKU5PMini/udp_hls_10g/_proj_10g/notes/p7b_w9fix/run_p7b_postfix/xsim.log
# Journal file       : D:/repo/XCKU5PMini/udp_hls_10g/_proj_10g/notes/p7b_w9fix/run_p7b_postfix\xsim.jou
# Running On         : xyz-intel
# Platform           : Windows Server 2016 or Windows 10
# Operating System   : 26200
# Processor Detail   : Intel(R) Core(TM) Ultra 7 265K
# CPU Frequency      : 3878 MHz
# CPU Physical cores : 20
# CPU Logical cores  : 20
# Host memory        : 68053 MB
# Swap memory        : 4294 MB
# Total Virtual      : 72348 MB
# Available Virtual  : 44949 MB
#-----------------------------------------------------------
source xsim.dir/tb_w9fix/xsim_script.tcl
# xsim {tb_w9fix} -autoloadwcfg -runall
Time resolution is 1 ps
run -all
W9FIX STALL=0
W9FIX app: bytes=157504 frames=107 pushdec=19688 landed=19688 land_bytes=157504 ovf_pulse=0
W9FIX stat_tx_ovf=0 (修前结构性不存在/恒 0)
W9FIX RECON: stat_tx_bytes-land_bytes=0  pushdec-landed=0
W9FIX fifo: occ_max=256 full_cyc=266 depth=256
W9FIX framer: frames=105 bytes=154560 drop_len=0
W9FIX wire: frames=105 len_min=1514 len_max=1514 n1506=0 n1510=0 n1514=105 n1518=0 nother=0
W9FIX FRAME0 w0=000a3501fec1000a
W9FIX FRAME0 w1=3501fec008004500
W9FIX FRAME0 w2=05dc000000004011
W9FIX FRAME0 w3=2bbbc0a86402c0a8
W9FIX FRAME0 w4=64031f911f9105c8
W9FIX FRAME0 w5=11fa7f0b02e536a1
W9FIX hdr: udp_len1480=105 udp_len1472=0 oth=0 | ip_tot1500=105 ip_tot1492=0 oth=0
W9FIX FRAME5 w2=05dc000500004011 w4=64031f911f9105c8  (udp_len=w4[47:32], ip_tot=w2[63:48])
W9FIX JUDGE recon_zero=1  no_drop=1  ovf_zero=1
W9FIX HASH out=163ae5c653a279ad full=1638828653a279c6
W9FIX END
$finish called at time : 204325 ns : File "D:/repo/XCKU5PMini/udp_hls_10g/_proj_10g/notes/p7b_w9fix/tb_w9fix.v" Line 270
exit
INFO: [Common 17-206] Exiting xsim at Wed Sep 30 18:53:52 2026...
