#-----------------------------------------------------------
# xsim v2025.2 (64-bit)
# SW Build 6299465 on Fri Nov 14 19:35:11 GMT 2025
# IP Build 6300035 on Fri Nov 14 10:48:45 MST 2025
# SharedData Build 6298862 on Thu Nov 13 04:50:51 MST 2025
# Start of session at: Tue Sep 29 22:21:06 2026
# Process ID         : 25820
# Current directory  : D:/repo/XCKU5PMini/udp_hls_10g/audit_scratch/t9_f3restart/case_old
# Command line       : xsim.exe -log xsim_old.log -mode tcl -source {xsim.dir/tb_f3_restart/xsim_script.tcl}
# Log file           : D:/repo/XCKU5PMini/udp_hls_10g/audit_scratch/t9_f3restart/case_old/xsim_old.log
# Journal file       : D:/repo/XCKU5PMini/udp_hls_10g/audit_scratch/t9_f3restart/case_old\xsim.jou
# Running On         : xyz-intel
# Platform           : Windows Server 2016 or Windows 10
# Operating System   : 26200
# Processor Detail   : Intel(R) Core(TM) Ultra 7 265K
# CPU Frequency      : 3878 MHz
# CPU Physical cores : 20
# CPU Logical cores  : 20
# Host memory        : 68053 MB
# Swap memory        : 4294 MB
# Total Virtual      : 72348 MB
# Available Virtual  : 43496 MB
#-----------------------------------------------------------
source xsim.dir/tb_f3_restart/xsim_script.tcl
# xsim {tb_f3_restart} -autoloadwcfg -runall
Time resolution is 1 ps
run -all
TB-STIM frames=12 bytes=1200 stopIdx=340
F3 STOP at si=340 (frame K=3 mid-content); dp side now restarts; W_snap=26
F3 RELOCK: fe_acc=96 dut_acc=96 (çª—å£å†…é™é»˜ä¸¢ 0)
F3 DELIV[0] len=40 **ç‰‡æ®µ** æºå¸§=3 åç§»=24 crs=1 tuser=0 <==ÿÿÿˆÿÿ—(ÿÿÿåÿÿÿ‰ÿÿÿ±ÿÿÿåÿÿÿ”ÿÿÿ„ÿÿ§)
F3 DELIV[1] len=64 WHOLE å¸§4 crs=1 tuser=0
F3 DELIV[2] len=64 WHOLE å¸§5 crs=1 tuser=0
F3 DELIV[3] len=64 WHOLE å¸§6 crs=1 tuser=0
F3 DELIV[4] len=64 WHOLE å¸§7 crs=1 tuser=0
F3 DELIV[5] len=64 WHOLE å¸§8 crs=1 tuser=0
F3 DELIV[6] len=64 WHOLE å¸§9 crs=1 tuser=0
F3 DELIV[7] len=64 WHOLE å¸§10 crs=1 tuser=0
F3 DELIV[8] len=64 WHOLE å¸§11 crs=1 tuser=0
F3 SUMMARY ndel=9 whole=8 frag=1 stale_frag=1 trunc_with_crs=1 unrec=0
F3 SUMMARY fe_acc=96 dut_acc=96 silent_drop=0 mac_frames=12 mac_drop=0 ovf=0
F3 STALE-CONSERV dw_all=69 pushes_after=70 => stale_words=0                           ÿÿÿ—ÿÿÿˆÿÿ—)
F3 VERDICT stale_frag=1 stale_words=0 silent_drop=0
$finish called at time : 46916 ns : File "D:/repo/XCKU5PMini/udp_hls_10g/audit_scratch/t9_f3restart/tb_f3_restart.v" Line 313
exit
INFO: [Common 17-206] Exiting xsim at Tue Sep 29 22:21:07 2026...
