Vivado Simulator v2025.2
Copyright 1986-2022 Xilinx, Inc. All Rights Reserved.
Copyright 2022-2025 Advanced Micro Devices, Inc. All Rights Reserved.
Running: C:/AMDDesignTools/2025.2/Vivado/bin/unwrapped/win64.o/xelab.exe -debug typical -timescale 1ns/1ps -L xil_defaultlib xil_defaultlib.tb_f3_restart -s tb_f3_restart -log xelab_run.log 
Multi-threading is on. Using 18 slave threads.
Starting static elaboration
Pass Through NonSizing Optimizer
WARNING: [VRFC 10-3645] port 'ovf_pulse' remains unconnected for this instance [D:/repo/XCKU5PMini/udp_hls_10g/audit_scratch/t9_f3restart/tb_f3_restart.v:132]
WARNING: [VRFC 10-3645] port 'crc_nxt' remains unconnected for this instance [D:/repo/XCKU5PMini/udp_hls_10g/rtl/mac_rx_64.v:123]
WARNING: [VRFC 10-3645] port 'dbg_wptr' remains unconnected for this instance [D:/repo/XCKU5PMini/udp_hls_10g/rtl/mac_rx_64.v:361]
Completed static elaboration
Starting simulation data flow analysis
Completed simulation data flow analysis
Time Resolution for simulation is 1ps
Compiling module xil_defaultlib.crc32_8b
Compiling module xil_defaultlib.fifo_sync
Compiling module xil_defaultlib.mac_rx_64
Compiling module xil_defaultlib.fifo_async(WIDTH=76,DEPTH=256,AW...
Compiling module xil_defaultlib.vlan_strip
Compiling module xil_defaultlib.tb_f3_restart
Built simulation snapshot tb_f3_restart
