
*** Running vivado
    with args -log wrapper_p4.vdi -applog -m64 -product Vivado -messageDb vivado.pb -mode batch -source wrapper_p4.tcl -notrace



****** Vivado v2025.2 (64-bit)
  **** SW Build 6299465 on Fri Nov 14 19:35:11 GMT 2025
  **** IP Build 6300035 on Fri Nov 14 10:48:45 MST 2025
  **** SharedData Build 6298862 on Thu Nov 13 04:50:51 MST 2025
  **** Start of session at: Fri Oct  9 04:28:17 2026
    ** Copyright 1986-2022 Xilinx, Inc. All Rights Reserved.
    ** Copyright 2022-2025 Advanced Micro Devices, Inc. All Rights Reserved.

source wrapper_p4.tcl -notrace
create_project: Time (s): cpu = 00:00:35 ; elapsed = 00:00:05 . Memory (MB): peak = 535.773 ; gain = 224.324
Command: link_design -top wrapper_p4 -part xcku5p-ffvb676-1-e
Design is defaulting to srcset: sources_1
Design is defaulting to constrset: constrs_1
INFO: [Device 21-403] Loading part xcku5p-ffvb676-1-e
INFO: [Project 1-5699] Read binary netlist with skipMacroContent - 1
INFO: [Project 1-454] Reading design checkpoint 'd:/repo/XCKU5PMini/udp_hls_10g/vivado_prj/p7b_ku5p_prj.gen/sources_1/ip/xdma_0/xdma_0.dcp' for cell 'u_pcie_xdma'
INFO: [Project 1-454] Reading design checkpoint 'd:/repo/XCKU5PMini/udp_hls_10g/vivado_prj/p7b_ku5p_prj.gen/sources_1/ip/pcs64/pcs64.dcp' for cell 'u_pcs'
Netlist sorting complete. Time (s): cpu = 00:00:01 ; elapsed = 00:00:00.836 . Memory (MB): peak = 1807.652 ; gain = 0.000
INFO: [Netlist 29-17] Analyzing 7742 Unisim elements for replacement
INFO: [Netlist 29-28] Unisim Transformation completed in 1 CPU seconds
INFO: [Project 1-479] Netlist was created with Vivado 2025.2
INFO: [Project 1-570] Preparing netlist for logic optimization
Parsing XDC File [d:/repo/XCKU5PMini/udp_hls_10g/vivado_prj/p7b_ku5p_prj.gen/sources_1/ip/pcs64/ip_1/synth/pcs64_gt_1.xdc] for cell 'u_pcs/inst/i_pcs64_gt_1/inst'
Finished Parsing XDC File [d:/repo/XCKU5PMini/udp_hls_10g/vivado_prj/p7b_ku5p_prj.gen/sources_1/ip/pcs64/ip_1/synth/pcs64_gt_1.xdc] for cell 'u_pcs/inst/i_pcs64_gt_1/inst'
Parsing XDC File [d:/repo/XCKU5PMini/udp_hls_10g/vivado_prj/p7b_ku5p_prj.gen/sources_1/ip/pcs64/ip_0/synth/pcs64_gt.xdc] for cell 'u_pcs/inst/i_pcs64_gt/inst'
Finished Parsing XDC File [d:/repo/XCKU5PMini/udp_hls_10g/vivado_prj/p7b_ku5p_prj.gen/sources_1/ip/pcs64/ip_0/synth/pcs64_gt.xdc] for cell 'u_pcs/inst/i_pcs64_gt/inst'
Parsing XDC File [d:/repo/XCKU5PMini/udp_hls_10g/vivado_prj/p7b_ku5p_prj.gen/sources_1/ip/pcs64/synth/pcs64_board.xdc] for cell 'u_pcs/inst'
Finished Parsing XDC File [d:/repo/XCKU5PMini/udp_hls_10g/vivado_prj/p7b_ku5p_prj.gen/sources_1/ip/pcs64/synth/pcs64_board.xdc] for cell 'u_pcs/inst'
Parsing XDC File [d:/repo/XCKU5PMini/udp_hls_10g/vivado_prj/p7b_ku5p_prj.gen/sources_1/ip/pcs64/synth/pcs64.xdc] for cell 'u_pcs/inst'
WARNING: [Vivado_Tcl 4-921] Waiver ID 'CDC-10' -to list should not be empty. [d:/repo/XCKU5PMini/udp_hls_10g/vivado_prj/p7b_ku5p_prj.gen/sources_1/ip/pcs64/synth/pcs64.xdc:106]
WARNING: [Vivado_Tcl 4-921] Waiver ID 'CDC-1' -to list should not be empty. [d:/repo/XCKU5PMini/udp_hls_10g/vivado_prj/p7b_ku5p_prj.gen/sources_1/ip/pcs64/synth/pcs64.xdc:111]
WARNING: [Vivado_Tcl 4-921] Waiver ID 'CDC-4' -to list should not be empty. [d:/repo/XCKU5PMini/udp_hls_10g/vivado_prj/p7b_ku5p_prj.gen/sources_1/ip/pcs64/synth/pcs64.xdc:119]
WARNING: [Vivado_Tcl 4-921] Waiver ID 'CDC-1' -to list should not be empty. [d:/repo/XCKU5PMini/udp_hls_10g/vivado_prj/p7b_ku5p_prj.gen/sources_1/ip/pcs64/synth/pcs64.xdc:123]
WARNING: [Vivado_Tcl 4-921] Waiver ID 'CDC-1' -to list should not be empty. [d:/repo/XCKU5PMini/udp_hls_10g/vivado_prj/p7b_ku5p_prj.gen/sources_1/ip/pcs64/synth/pcs64.xdc:127]
WARNING: [Vivado_Tcl 4-921] Waiver ID 'CDC-1' -to list should not be empty. [d:/repo/XCKU5PMini/udp_hls_10g/vivado_prj/p7b_ku5p_prj.gen/sources_1/ip/pcs64/synth/pcs64.xdc:131]
WARNING: [Vivado_Tcl 4-921] Waiver ID 'CDC-1' -to list should not be empty. [d:/repo/XCKU5PMini/udp_hls_10g/vivado_prj/p7b_ku5p_prj.gen/sources_1/ip/pcs64/synth/pcs64.xdc:135]
WARNING: [Vivado_Tcl 4-921] Waiver ID 'CDC-1' -to list should not be empty. [d:/repo/XCKU5PMini/udp_hls_10g/vivado_prj/p7b_ku5p_prj.gen/sources_1/ip/pcs64/synth/pcs64.xdc:140]
WARNING: [Vivado_Tcl 4-939] Waiver ID 'TIMING-11' object list should not be empty (perhaps an invalid wildcard was used or only unsupported objects). [d:/repo/XCKU5PMini/udp_hls_10g/vivado_prj/p7b_ku5p_prj.gen/sources_1/ip/pcs64/synth/pcs64.xdc:145]
WARNING: [Vivado_Tcl 4-919] Waiver ID 'CDC-11' -from list should not be empty. [d:/repo/XCKU5PMini/udp_hls_10g/vivado_prj/p7b_ku5p_prj.gen/sources_1/ip/pcs64/synth/pcs64.xdc:163]
Finished Parsing XDC File [d:/repo/XCKU5PMini/udp_hls_10g/vivado_prj/p7b_ku5p_prj.gen/sources_1/ip/pcs64/synth/pcs64.xdc] for cell 'u_pcs/inst'
Parsing XDC File [d:/repo/XCKU5PMini/udp_hls_10g/vivado_prj/p7b_ku5p_prj.gen/sources_1/ip/xdma_0/ip_0/ip_0/synth/xdma_0_pcie4_ip_gt.xdc] for cell 'u_pcie_xdma/inst/pcie4_ip_i/inst/xdma_0_pcie4_ip_gt_top_i/diablo_gt.diablo_gt_phy_wrapper/gt_wizard.gtwizard_top_i/xdma_0_pcie4_ip_gt_i/inst'
Finished Parsing XDC File [d:/repo/XCKU5PMini/udp_hls_10g/vivado_prj/p7b_ku5p_prj.gen/sources_1/ip/xdma_0/ip_0/ip_0/synth/xdma_0_pcie4_ip_gt.xdc] for cell 'u_pcie_xdma/inst/pcie4_ip_i/inst/xdma_0_pcie4_ip_gt_top_i/diablo_gt.diablo_gt_phy_wrapper/gt_wizard.gtwizard_top_i/xdma_0_pcie4_ip_gt_i/inst'
Parsing XDC File [d:/repo/XCKU5PMini/udp_hls_10g/vivado_prj/p7b_ku5p_prj.gen/sources_1/ip/xdma_0/ip_0/source/ip_pcie4_uscale_plus_impl_x0y0.xdc] for cell 'u_pcie_xdma/inst/pcie4_ip_i/inst'
Finished Parsing XDC File [d:/repo/XCKU5PMini/udp_hls_10g/vivado_prj/p7b_ku5p_prj.gen/sources_1/ip/xdma_0/ip_0/source/ip_pcie4_uscale_plus_impl_x0y0.xdc] for cell 'u_pcie_xdma/inst/pcie4_ip_i/inst'
Parsing XDC File [d:/repo/XCKU5PMini/udp_hls_10g/vivado_prj/p7b_ku5p_prj.gen/sources_1/ip/xdma_0/ip_0/source/ip_pcie4_uscale_plus_x0y0.xdc] for cell 'u_pcie_xdma/inst/pcie4_ip_i/inst'
Finished Parsing XDC File [d:/repo/XCKU5PMini/udp_hls_10g/vivado_prj/p7b_ku5p_prj.gen/sources_1/ip/xdma_0/ip_0/source/ip_pcie4_uscale_plus_x0y0.xdc] for cell 'u_pcie_xdma/inst/pcie4_ip_i/inst'
INFO: [Timing 38-35] Done setting XDC timing constraints.
INFO: [Timing 38-2] Deriving generated clocks
Parsing XDC File [d:/repo/XCKU5PMini/udp_hls_10g/vivado_prj/p7b_ku5p_prj.gen/sources_1/ip/xdma_0/xdma_0_board.xdc] for cell 'u_pcie_xdma/inst'
Finished Parsing XDC File [d:/repo/XCKU5PMini/udp_hls_10g/vivado_prj/p7b_ku5p_prj.gen/sources_1/ip/xdma_0/xdma_0_board.xdc] for cell 'u_pcie_xdma/inst'
Parsing XDC File [d:/repo/XCKU5PMini/udp_hls_10g/vivado_prj/p7b_ku5p_prj.gen/sources_1/ip/xdma_0/source/xdma_0_pcie4_uscaleplus_ip.xdc] for cell 'u_pcie_xdma/inst'
Finished Parsing XDC File [d:/repo/XCKU5PMini/udp_hls_10g/vivado_prj/p7b_ku5p_prj.gen/sources_1/ip/xdma_0/source/xdma_0_pcie4_uscaleplus_ip.xdc] for cell 'u_pcie_xdma/inst'
Parsing XDC File [D:/repo/XCKU5PMini/udp_hls_10g/board/ku5p_p7b_gt.xdc]
CRITICAL WARNING: [Constraints 18-1056] Clock 'gtrefclk0' completely overrides clock 'gt_refclk_p'.
New: create_clock -period 6.400 -name gtrefclk0 [get_ports gt_refclk_p], [D:/repo/XCKU5PMini/udp_hls_10g/board/ku5p_p7b_gt.xdc:30]
Previous: create_clock -period 6.400 [get_ports gt_refclk_p], [d:/repo/XCKU5PMini/udp_hls_10g/vivado_prj/p7b_ku5p_prj.gen/sources_1/ip/pcs64/synth/pcs64.xdc:65]
Resolution: Review the constraint files and remove the redundant clock definition(s). If the clock constraints are not saved in a file, you can first save the constraints to an XDC file and reload the design once the constraints have been corrected.
Finished Parsing XDC File [D:/repo/XCKU5PMini/udp_hls_10g/board/ku5p_p7b_gt.xdc]
Parsing XDC File [D:/repo/XCKU5PMini/udp_hls_10g/board/ku5p_p6e_pcie.xdc]
Finished Parsing XDC File [D:/repo/XCKU5PMini/udp_hls_10g/board/ku5p_p6e_pcie.xdc]
Parsing XDC File [D:/repo/XCKU5PMini/udp_hls_10g/board/ku5p_p6b_sysclk.xdc]
Finished Parsing XDC File [D:/repo/XCKU5PMini/udp_hls_10g/board/ku5p_p6b_sysclk.xdc]
Parsing XDC File [D:/repo/XCKU5PMini/udp_hls_10g/board/ku5p_p7b_cdc.xdc]
INFO: [Timing 38-2] Deriving generated clocks [D:/repo/XCKU5PMini/udp_hls_10g/board/ku5p_p7b_cdc.xdc:36]
Finished Parsing XDC File [D:/repo/XCKU5PMini/udp_hls_10g/board/ku5p_p7b_cdc.xdc]
Parsing XDC File [d:/repo/XCKU5PMini/udp_hls_10g/vivado_prj/p7b_ku5p_prj.gen/sources_1/ip/xdma_0/ip_0/xdma_0_pcie4_ip_board.xdc] for cell 'u_pcie_xdma/inst/pcie4_ip_i/inst'
Finished Parsing XDC File [d:/repo/XCKU5PMini/udp_hls_10g/vivado_prj/p7b_ku5p_prj.gen/sources_1/ip/xdma_0/ip_0/xdma_0_pcie4_ip_board.xdc] for cell 'u_pcie_xdma/inst/pcie4_ip_i/inst'
Parsing XDC File [d:/repo/XCKU5PMini/udp_hls_10g/vivado_prj/p7b_ku5p_prj.gen/sources_1/ip/xdma_0/ip_0/synth/xdma_0_pcie4_ip_late.xdc] for cell 'u_pcie_xdma/inst/pcie4_ip_i/inst'
INFO: [Vivado 12-626] No clocks found. Please use 'create_clock' or 'create_generated_clock' command to create clocks. [d:/repo/XCKU5PMini/udp_hls_10g/vivado_prj/p7b_ku5p_prj.gen/sources_1/ip/xdma_0/ip_0/synth/xdma_0_pcie4_ip_late.xdc:73]
WARNING: [Vivado_Tcl 4-939] Waiver ID 'TIMING-54' object list should not be empty (perhaps an invalid wildcard was used or only unsupported objects). [d:/repo/XCKU5PMini/udp_hls_10g/vivado_prj/p7b_ku5p_prj.gen/sources_1/ip/xdma_0/ip_0/synth/xdma_0_pcie4_ip_late.xdc:73]
Finished Parsing XDC File [d:/repo/XCKU5PMini/udp_hls_10g/vivado_prj/p7b_ku5p_prj.gen/sources_1/ip/xdma_0/ip_0/synth/xdma_0_pcie4_ip_late.xdc] for cell 'u_pcie_xdma/inst/pcie4_ip_i/inst'
INFO: [Project 1-1714] 12 XPM XDC files have been applied to the design.
INFO: [Opt 31-138] Pushed 0 inverter(s) to 0 load pin(s).
INFO: [Project 1-1687] 52 scoped IP constraints or related sub-commands were skipped due to synthesis logic optimizations usually triggered by constant connectivity or unconnected output pins. To review the skipped constraints and messages, run the command 'set_param netlist.IPMsgFiltering false' before opening the design.
Netlist sorting complete. Time (s): cpu = 00:00:00 ; elapsed = 00:00:00.036 . Memory (MB): peak = 4266.586 ; gain = 0.000
INFO: [Project 1-111] Unisim Transformation Summary:
  A total of 1419 instances were transformed.
  DSP48E2 => DSP48E2 (DSP_ALU, DSP_A_B_DATA, DSP_C_DATA, DSP_MULTIPLIER, DSP_M_DATA, DSP_OUTPUT, DSP_PREADD, DSP_PREADD_DATA): 4 instances
  IBUF => IBUF (IBUFCTRL, INBUF): 1 instance 
  IBUFDS => IBUFDS (DIFFINBUF, IBUFCTRL): 1 instance 
  RAM16X1D => RAM32X1D (RAMD32(x2)): 20 instances
  RAM16X1S => RAM32X1S (RAMS32): 224 instances
  RAM256X1S => RAM256X1S (MUXF7(x2), MUXF8, RAMS64E(x4)): 9 instances
  RAM32M => RAM32M (RAMD32(x6), RAMS32(x2)): 41 instances
  RAM32M16 => RAM32M16 (RAMD32(x14), RAMS32(x2)): 216 instances
  RAM32X1D => RAM32X1D (RAMD32(x2)): 16 instances
  RAM64M => RAM64M (RAMD64E(x4)): 241 instances
  RAM64M8 => RAM64M8 (RAMD64E(x8)): 518 instances
  RAM64X1D => RAM64X1D (RAMD64E(x2)): 128 instances

16 Infos, 11 Warnings, 1 Critical Warnings and 0 Errors encountered.
link_design completed successfully
link_design: Time (s): cpu = 00:01:25 ; elapsed = 00:01:00 . Memory (MB): peak = 4266.586 ; gain = 3639.812
Command: opt_design
Attempting to get a license for feature 'Implementation' and/or device 'xcku5p'
INFO: [Common 17-349] Got license for feature 'Implementation' and/or device 'xcku5p'
Running DRC as a precondition to command opt_design

Starting DRC Task
INFO: [DRC 23-27] Running DRC with 8 threads
INFO: [Project 1-461] DRC finished with 0 Errors
INFO: [Project 1-462] Please refer to the DRC report (report_drc) for more information.

Time (s): cpu = 00:00:03 ; elapsed = 00:00:00.493 . Memory (MB): peak = 4266.586 ; gain = 0.000

Starting Cache Timing Information Task
INFO: [Timing 38-35] Done setting XDC timing constraints.
Ending Cache Timing Information Task | Checksum: 256cdff09

Time (s): cpu = 00:00:07 ; elapsed = 00:00:02 . Memory (MB): peak = 4266.586 ; gain = 0.000

Starting Logic Optimization Task

Phase 1 Initialization

Phase 1.1 Core Generation And Design Setup
Phase 1.1 Core Generation And Design Setup | Checksum: 256cdff09

Time (s): cpu = 00:00:01 ; elapsed = 00:00:00.084 . Memory (MB): peak = 4266.586 ; gain = 0.000

Phase 1.2 Setup Constraints And Sort Netlist
Phase 1.2 Setup Constraints And Sort Netlist | Checksum: 256cdff09

Time (s): cpu = 00:00:01 ; elapsed = 00:00:00.165 . Memory (MB): peak = 4266.586 ; gain = 0.000
Phase 1 Initialization | Checksum: 256cdff09

Time (s): cpu = 00:00:01 ; elapsed = 00:00:00.175 . Memory (MB): peak = 4266.586 ; gain = 0.000

Phase 2 Timer Update And Timing Data Collection

Phase 2.1 Detect if minReqCache needed
Phase 2.1 Detect if minReqCache needed | Checksum: 256cdff09

Time (s): cpu = 00:00:01 ; elapsed = 00:00:00.258 . Memory (MB): peak = 4266.586 ; gain = 0.000

Phase 2.2 Timer Update
Phase 2.2 Timer Update | Checksum: 256cdff09

Time (s): cpu = 00:00:04 ; elapsed = 00:00:01 . Memory (MB): peak = 4266.586 ; gain = 0.000

Phase 2.3 Timing Data Collection
Phase 2.3 Timing Data Collection | Checksum: 256cdff09

Time (s): cpu = 00:00:04 ; elapsed = 00:00:01 . Memory (MB): peak = 4266.586 ; gain = 0.000
Phase 2 Timer Update And Timing Data Collection | Checksum: 256cdff09

Time (s): cpu = 00:00:04 ; elapsed = 00:00:01 . Memory (MB): peak = 4266.586 ; gain = 0.000

Phase 3 Retarget
INFO: [Opt 31-1851] Number of loadless carry chains removed were: 0
INFO: [Opt 31-1834] Total Chains To Be Transformed Were: 0 AND Number of Transformed insts Created are: 0
INFO: [Opt 31-1566] Pulled 109 inverters resulting in an inversion of 1189 pins
INFO: [Opt 31-138] Pushed 72 inverter(s) to 42369 load pin(s).
INFO: [Opt 31-49] Retargeted 0 cell(s).
Phase 3 Retarget | Checksum: 247fba28a

Time (s): cpu = 00:00:08 ; elapsed = 00:00:05 . Memory (MB): peak = 4266.586 ; gain = 0.000
Retarget | Checksum: 247fba28a
INFO: [Opt 31-389] Phase Retarget created 586 cells and removed 1773 cells
INFO: [Opt 31-1021] In phase Retarget, 12 netlist objects are constrained preventing optimization. Please run opt_design with -debug_log to get more detail. 

Phase 4 Constant propagation
INFO: [Opt 31-138] Pushed 7 inverter(s) to 44 load pin(s).
Phase 4 Constant propagation | Checksum: 306393a04

Time (s): cpu = 00:00:09 ; elapsed = 00:00:06 . Memory (MB): peak = 4266.586 ; gain = 0.000
Constant propagation | Checksum: 306393a04
INFO: [Opt 31-389] Phase Constant propagation created 913 cells and removed 3136 cells
INFO: [Opt 31-1021] In phase Constant propagation, 40 netlist objects are constrained preventing optimization. Please run opt_design with -debug_log to get more detail. 

Phase 5 Sweep
INFO: [Constraints 18-11670] Building netlist checker database with flags, 0x8
Done building netlist checker database: Time (s): cpu = 00:00:01 ; elapsed = 00:00:00.060 . Memory (MB): peak = 4266.586 ; gain = 0.000
INFO: [Constraints 18-11670] Building netlist checker database with flags, 0x8
Done building netlist checker database: Time (s): cpu = 00:00:00 ; elapsed = 00:00:00.048 . Memory (MB): peak = 4266.586 ; gain = 0.000
Phase 5 Sweep | Checksum: 2c3e3c034

Time (s): cpu = 00:00:12 ; elapsed = 00:00:09 . Memory (MB): peak = 4266.586 ; gain = 0.000
Sweep | Checksum: 2c3e3c034
INFO: [Opt 31-389] Phase Sweep created 2 cells and removed 9981 cells
INFO: [Opt 31-1021] In phase Sweep, 144 netlist objects are constrained preventing optimization. Please run opt_design with -debug_log to get more detail. 

Phase 6 BUFG optimization
INFO: [Opt 31-1077] Phase BUFG optimization inserted 0 global clock buffer(s) for CLOCK_LOW_FANOUT.
Phase 6 BUFG optimization | Checksum: 2c3e3c034

Time (s): cpu = 00:00:14 ; elapsed = 00:00:10 . Memory (MB): peak = 4266.586 ; gain = 0.000
BUFG optimization | Checksum: 2c3e3c034
INFO: [Opt 31-662] Phase BUFG optimization created 0 cells of which 0 are BUFGs and removed 0 cells.

Phase 7 Shift Register Optimization
INFO: [Opt 31-1064] SRL Remap converted 0 SRLs to 0 registers and converted 0 registers of register chains to 0 SRLs
Phase 7 Shift Register Optimization | Checksum: 2c3e3c034

Time (s): cpu = 00:00:14 ; elapsed = 00:00:10 . Memory (MB): peak = 4266.586 ; gain = 0.000
Shift Register Optimization | Checksum: 2c3e3c034
INFO: [Opt 31-389] Phase Shift Register Optimization created 0 cells and removed 0 cells

Phase 8 Post Processing Netlist
INFO: [Opt 31-1566] Pulled 1 inverters resulting in an inversion of 2 pins
Phase 8 Post Processing Netlist | Checksum: 25b6c86f6

Time (s): cpu = 00:00:14 ; elapsed = 00:00:10 . Memory (MB): peak = 4266.586 ; gain = 0.000
Post Processing Netlist | Checksum: 25b6c86f6
INFO: [Opt 31-389] Phase Post Processing Netlist created 0 cells and removed 1 cells

Phase 9 Finalization

Phase 9.1 Finalizing Design Cores and Updating Shapes
Phase 9.1 Finalizing Design Cores and Updating Shapes | Checksum: 281aa6066

Time (s): cpu = 00:00:16 ; elapsed = 00:00:11 . Memory (MB): peak = 4266.586 ; gain = 0.000

Phase 9.2 Verifying Netlist Connectivity

Starting Connectivity Check Task

Time (s): cpu = 00:00:00 ; elapsed = 00:00:00.151 . Memory (MB): peak = 4266.586 ; gain = 0.000
Phase 9.2 Verifying Netlist Connectivity | Checksum: 281aa6066

Time (s): cpu = 00:00:16 ; elapsed = 00:00:12 . Memory (MB): peak = 4266.586 ; gain = 0.000
Phase 9 Finalization | Checksum: 281aa6066

Time (s): cpu = 00:00:16 ; elapsed = 00:00:12 . Memory (MB): peak = 4266.586 ; gain = 0.000
Opt_design Change Summary
=========================


-------------------------------------------------------------------------------------------------------------------------
|  Phase                        |  #Cells created  |  #Cells Removed  |  #Constrained objects preventing optimizations  |
-------------------------------------------------------------------------------------------------------------------------
|  Retarget                     |             586  |            1773  |                                             12  |
|  Constant propagation         |             913  |            3136  |                                             40  |
|  Sweep                        |               2  |            9981  |                                            144  |
|  BUFG optimization            |               0  |               0  |                                              0  |
|  Shift Register Optimization  |               0  |               0  |                                              0  |
|  Post Processing Netlist      |               0  |               1  |                                              0  |
-------------------------------------------------------------------------------------------------------------------------


Ending Logic Optimization Task | Checksum: 281aa6066

Time (s): cpu = 00:00:16 ; elapsed = 00:00:12 . Memory (MB): peak = 4266.586 ; gain = 0.000

Starting Power Optimization Task
INFO: [Pwropt 34-132] Skipping clock gating for clocks with a period < 2.00 ns.
INFO: [Timing 38-35] Done setting XDC timing constraints.
INFO: [Pwropt 34-9] Applying IDT optimizations ...
INFO: [Pwropt 34-10] Applying ODC optimizations ...
Running Vector-less Activity Propagation...

Finished Running Vector-less Activity Propagation


Starting PowerOpt Patch Enables Task
INFO: [Pwropt 34-162] WRITE_MODE attribute of 0 BRAM(s) out of a total of 379 has been updated to save power. Run report_power_opt to get a complete listing of the BRAMs updated.
INFO: [Pwropt 34-201] Structural ODC has moved 4 WE to EN ports
Number of BRAM Ports augmented: 266 newly gated: 40 Total Ports: 758
Ending PowerOpt Patch Enables Task | Checksum: 2c065afa4

Time (s): cpu = 00:00:02 ; elapsed = 00:00:01 . Memory (MB): peak = 4776.484 ; gain = 0.000
Ending Power Optimization Task | Checksum: 2c065afa4

Time (s): cpu = 00:01:02 ; elapsed = 00:00:23 . Memory (MB): peak = 4776.484 ; gain = 509.898

Starting Final Cleanup Task

Starting Logic Optimization Task
INFO: [Timing 38-35] Done setting XDC timing constraints.
Ending Logic Optimization Task | Checksum: 29156410e

Time (s): cpu = 00:00:12 ; elapsed = 00:00:05 . Memory (MB): peak = 4776.484 ; gain = 0.000
Ending Final Cleanup Task | Checksum: 29156410e

Time (s): cpu = 00:00:14 ; elapsed = 00:00:07 . Memory (MB): peak = 4776.484 ; gain = 0.000
Netlist sorting complete. Time (s): cpu = 00:00:00 ; elapsed = 00:00:00.042 . Memory (MB): peak = 4776.484 ; gain = 0.000
INFO: [Common 17-83] Releasing license: Implementation
49 Infos, 11 Warnings, 1 Critical Warnings and 0 Errors encountered.
opt_design completed successfully
opt_design: Time (s): cpu = 00:01:43 ; elapsed = 00:00:46 . Memory (MB): peak = 4776.484 ; gain = 509.898
INFO: [Vivado 12-24828] Executing command : report_drc -file wrapper_p4_drc_opted.rpt -pb wrapper_p4_drc_opted.pb -rpx wrapper_p4_drc_opted.rpx
Command: report_drc -file wrapper_p4_drc_opted.rpt -pb wrapper_p4_drc_opted.pb -rpx wrapper_p4_drc_opted.rpx
INFO: [IP_Flow 19-1839] IP Catalog is up to date.
INFO: [DRC 23-27] Running DRC with 8 threads
INFO: [Vivado_Tcl 2-168] The results of DRC are in file D:/repo/XCKU5PMini/udp_hls_10g/vivado_prj/p7b_ku5p_prj.runs/impl_1/wrapper_p4_drc_opted.rpt.
report_drc completed successfully
INFO: [Timing 38-480] Writing timing data to binary archive.
Wrote PlaceDB: Time (s): cpu = 00:00:00 ; elapsed = 00:00:00.025 . Memory (MB): peak = 4776.484 ; gain = 0.000
Wrote PulsedLatchDB: Time (s): cpu = 00:00:00 ; elapsed = 00:00:00 . Memory (MB): peak = 4776.484 ; gain = 0.000
Writing XDEF routing.
Writing XDEF routing logical nets.
Write ShapeDB Complete: Time (s): cpu = 00:00:00 ; elapsed = 00:00:00.107 . Memory (MB): peak = 4776.484 ; gain = 0.000
Writing XDEF routing special nets.
Wrote RouteStorage: Time (s): cpu = 00:00:01 ; elapsed = 00:00:00.135 . Memory (MB): peak = 4776.484 ; gain = 0.000
Wrote Netlist Cache: Time (s): cpu = 00:00:00 ; elapsed = 00:00:00.002 . Memory (MB): peak = 4776.484 ; gain = 0.000
Wrote Device Cache: Time (s): cpu = 00:00:00 ; elapsed = 00:00:00.016 . Memory (MB): peak = 4776.484 ; gain = 0.000
Write Physdb Complete: Time (s): cpu = 00:00:01 ; elapsed = 00:00:00.189 . Memory (MB): peak = 4776.484 ; gain = 0.000
INFO: [Common 17-1381] The checkpoint 'D:/repo/XCKU5PMini/udp_hls_10g/vivado_prj/p7b_ku5p_prj.runs/impl_1/wrapper_p4_opt.dcp' has been generated.
write_checkpoint: Time (s): cpu = 00:00:08 ; elapsed = 00:00:05 . Memory (MB): peak = 4776.484 ; gain = 0.000
Command: place_design -directive ExtraTimingOpt
Attempting to get a license for feature 'Implementation' and/or device 'xcku5p'
INFO: [Common 17-349] Got license for feature 'Implementation' and/or device 'xcku5p'
INFO: [Common 17-83] Releasing license: Implementation
INFO: [DRC 23-27] Running DRC with 8 threads
INFO: [Vivado_Tcl 4-198] DRC finished with 0 Errors
INFO: [Vivado_Tcl 4-199] Please refer to the DRC report (report_drc) for more information.
INFO: [Timing 38-35] Done setting XDC timing constraints.
INFO: [Vivado_Tcl 4-2302] The placer was invoked with the 'ExtraTimingOpt' directive.
Running DRC as a precondition to command place_design
INFO: [DRC 23-27] Running DRC with 8 threads
INFO: [Vivado_Tcl 4-198] DRC finished with 0 Errors
INFO: [Vivado_Tcl 4-199] Please refer to the DRC report (report_drc) for more information.
INFO: [Place 30-611] Multithreading enabled for place_design using a maximum of 8 CPUs

Starting Placer Task

Phase 1 Placer Initialization

Phase 1.1 Placer Initialization Netlist Sorting
Netlist sorting complete. Time (s): cpu = 00:00:00 ; elapsed = 00:00:00.040 . Memory (MB): peak = 4776.484 ; gain = 0.000
Phase 1.1 Placer Initialization Netlist Sorting | Checksum: 229066079

Time (s): cpu = 00:00:00 ; elapsed = 00:00:00.066 . Memory (MB): peak = 4776.484 ; gain = 0.000
Netlist sorting complete. Time (s): cpu = 00:00:00 ; elapsed = 00:00:00.038 . Memory (MB): peak = 4776.484 ; gain = 0.000

Phase 1.2 IO Placement/ Clock Placement/ Build Placer Device
Phase 1.2 IO Placement/ Clock Placement/ Build Placer Device | Checksum: ded6aab5

Time (s): cpu = 00:00:08 ; elapsed = 00:00:04 . Memory (MB): peak = 4776.484 ; gain = 0.000

Phase 1.3 Build Placer Netlist Model
Phase 1.3 Build Placer Netlist Model | Checksum: 19694a286

Time (s): cpu = 00:00:47 ; elapsed = 00:00:22 . Memory (MB): peak = 4776.484 ; gain = 0.000

Phase 1.4 Constrain Clocks/Macros
Phase 1.4 Constrain Clocks/Macros | Checksum: 19694a286

Time (s): cpu = 00:00:47 ; elapsed = 00:00:22 . Memory (MB): peak = 4776.484 ; gain = 0.000
Phase 1 Placer Initialization | Checksum: 19694a286

Time (s): cpu = 00:00:47 ; elapsed = 00:00:22 . Memory (MB): peak = 4776.484 ; gain = 0.000

Phase 2 Global Placement

Phase 2.1 Floorplanning

Phase 2.1.1 Partition Driven Placement

Phase 2.1.1.1 PBP: Partition Driven Placement
Phase 2.1.1.1 PBP: Partition Driven Placement | Checksum: 1a81867f4

Time (s): cpu = 00:02:03 ; elapsed = 00:00:50 . Memory (MB): peak = 4776.484 ; gain = 0.000

Phase 2.1.1.2 PBP: Clock Region Placement
INFO: [Place 30-3162] Check ILP status : ILP-based clock placer completed successfully.
Phase 2.1.1.2 PBP: Clock Region Placement | Checksum: 1b2721132

Time (s): cpu = 00:02:06 ; elapsed = 00:00:52 . Memory (MB): peak = 4776.484 ; gain = 0.000

Phase 2.1.1.3 PBP: Discrete Incremental
Phase 2.1.1.3 PBP: Discrete Incremental | Checksum: 18a8ef568

Time (s): cpu = 00:02:06 ; elapsed = 00:00:52 . Memory (MB): peak = 4776.484 ; gain = 0.000

Phase 2.1.1.4 PBP: Compute Congestion
Phase 2.1.1.4 PBP: Compute Congestion | Checksum: 18a8ef568

Time (s): cpu = 00:02:23 ; elapsed = 00:00:57 . Memory (MB): peak = 5045.664 ; gain = 269.180

Phase 2.1.1.5 PBP: Macro Placement
Phase 2.1.1.5 PBP: Macro Placement | Checksum: 1be3d8eb5

Time (s): cpu = 00:02:24 ; elapsed = 00:00:58 . Memory (MB): peak = 5045.664 ; gain = 269.180

Phase 2.1.1.6 PBP: UpdateTiming
Phase 2.1.1.6 PBP: UpdateTiming | Checksum: 2524f9b50

Time (s): cpu = 00:02:35 ; elapsed = 00:01:02 . Memory (MB): peak = 5045.664 ; gain = 269.180

Phase 2.1.1.7 PBP: Add part constraints
Phase 2.1.1.7 PBP: Add part constraints | Checksum: 2524f9b50

Time (s): cpu = 00:02:35 ; elapsed = 00:01:02 . Memory (MB): peak = 5045.664 ; gain = 269.180
Phase 2.1.1 Partition Driven Placement | Checksum: 2524f9b50

Time (s): cpu = 00:02:36 ; elapsed = 00:01:02 . Memory (MB): peak = 5045.664 ; gain = 269.180
Phase 2.1 Floorplanning | Checksum: 21b32e150

Time (s): cpu = 00:02:36 ; elapsed = 00:01:02 . Memory (MB): peak = 5045.664 ; gain = 269.180

Phase 2.2 Update Timing before SLR Path Opt
Phase 2.2 Update Timing before SLR Path Opt | Checksum: 21b32e150

Time (s): cpu = 00:02:36 ; elapsed = 00:01:02 . Memory (MB): peak = 5045.664 ; gain = 269.180

Phase 2.3 Post-Processing in Floorplanning
Phase 2.3 Post-Processing in Floorplanning | Checksum: 2518bca34

Time (s): cpu = 00:02:37 ; elapsed = 00:01:03 . Memory (MB): peak = 5045.664 ; gain = 269.180

Phase 2.4 Global Place Phase1
Phase 2.4 Global Place Phase1 | Checksum: 1ca6bc0ba

Time (s): cpu = 00:11:44 ; elapsed = 00:03:51 . Memory (MB): peak = 5444.508 ; gain = 668.023

Phase 2.5 Global Place Phase2

Phase 2.5.1 UpdateTiming Before Physical Synthesis
Phase 2.5.1 UpdateTiming Before Physical Synthesis | Checksum: 2249b59ac

Time (s): cpu = 00:11:57 ; elapsed = 00:03:55 . Memory (MB): peak = 5444.508 ; gain = 668.023

Phase 2.5.2 Physical Synthesis In Placer
INFO: [Physopt 32-1035] Found 943 LUTNM shape to break, 2089 LUT instances to create LUTNM shape
INFO: [Physopt 32-1044] Break lutnm for timing: one critical 214, two critical 729, total 943, new lutff created 16
INFO: [Physopt 32-1138] End 1 Pass. Optimized 1805 nets or LUTs. Breaked 943 LUTs, combined 862 existing LUTs and moved 0 existing LUT
INFO: [Physopt 32-1030] Pass 1. Identified 257 candidate driver sets for equivalent driver rewiring.
INFO: [Physopt 32-661] Optimized 135 nets.  Re-placed 534 instances.
INFO: [Physopt 32-775] End 1 Pass. Optimized 135 nets or cells. Created 2 new cells, deleted 193 existing cells and moved 534 existing cells
Netlist sorting complete. Time (s): cpu = 00:00:00 ; elapsed = 00:00:00.606 . Memory (MB): peak = 5444.508 ; gain = 0.000
INFO: [Physopt 32-1132] Very high fanout net 'u_tcp_echo/u_fifo/wptr_reg[0]_rep__0_0' is not considered as a candidate in VHFN optimization. The fanout considered for this optimization is changed from 1048 to 139 due to a timing constraint or macro primitives that prevent optimization on all of the loads. To force replication, set the FORCE_MAX_FANOUT property on the net to a number less than 139.
INFO: [Physopt 32-1132] Very high fanout net 'u_tcp_echo/u_fifo/wptr_reg[1]_rep__0_0' is not considered as a candidate in VHFN optimization. The fanout considered for this optimization is changed from 1033 to 124 due to a timing constraint or macro primitives that prevent optimization on all of the loads. To force replication, set the FORCE_MAX_FANOUT property on the net to a number less than 124.
INFO: [Physopt 32-1132] Very high fanout net 'u_tcp_echo/u_fifo/wptr_reg[2]_rep__0_0' is not considered as a candidate in VHFN optimization. The fanout considered for this optimization is changed from 1033 to 124 due to a timing constraint or macro primitives that prevent optimization on all of the loads. To force replication, set the FORCE_MAX_FANOUT property on the net to a number less than 124.
INFO: [Physopt 32-1132] Very high fanout net 'u_tcp_echo/u_fifo/wptr_reg[3]_rep_0' is not considered as a candidate in VHFN optimization. The fanout considered for this optimization is changed from 1026 to 123 due to a timing constraint or macro primitives that prevent optimization on all of the loads. To force replication, set the FORCE_MAX_FANOUT property on the net to a number less than 123.
INFO: [Physopt 32-1132] Very high fanout net 'u_tcp_echo/u_fifo/ADDRH[0]' is not considered as a candidate in VHFN optimization. The fanout considered for this optimization is changed from 1154 to 131 due to a timing constraint or macro primitives that prevent optimization on all of the loads. To force replication, set the FORCE_MAX_FANOUT property on the net to a number less than 131.
INFO: [Physopt 32-1132] Very high fanout net 'u_tcp_echo/u_fifo/ADDRH[1]' is not considered as a candidate in VHFN optimization. The fanout considered for this optimization is changed from 1154 to 131 due to a timing constraint or macro primitives that prevent optimization on all of the loads. To force replication, set the FORCE_MAX_FANOUT property on the net to a number less than 131.
INFO: [Physopt 32-65] No nets found for high-fanout optimization.
INFO: [Physopt 32-232] Optimized 0 net. Created 0 new instance.
INFO: [Physopt 32-775] End 1 Pass. Optimized 0 net or cell. Created 0 new cell, deleted 0 existing cell and moved 0 existing cell
INFO: [Physopt 32-76] Pass 1. Identified 7 candidate nets for fanout optimization.
INFO: [Physopt 32-81] Processed net u_tcp_echo/u_fifo/Q[3]. Replicated 9 times.
INFO: [Physopt 32-81] Processed net u_tcp_echo/u_fifo/wptr_reg[1]_rep_0. Replicated 5 times.
INFO: [Physopt 32-81] Processed net u_tcp_echo/u_fifo/wptr_reg[0]_rep_0. Replicated 5 times.
INFO: [Physopt 32-81] Processed net u_tcp_echo/u_fifo/wptr_reg[2]_rep_0. Replicated 5 times.
INFO: [Physopt 32-81] Processed net u_tcp_echo/u_fifo/Q[6]. Replicated 10 times.
INFO: [Physopt 32-81] Processed net u_tcp_echo/u_fifo/Q[7]. Replicated 9 times.
INFO: [Physopt 32-232] Optimized 6 nets. Created 43 new instances.
INFO: [Physopt 32-775] End 1 Pass. Optimized 6 nets or cells. Created 43 new cells, deleted 0 existing cell and moved 0 existing cell
Netlist sorting complete. Time (s): cpu = 00:00:00 ; elapsed = 00:00:00.091 . Memory (MB): peak = 5444.508 ; gain = 0.000
INFO: [Physopt 32-46] Identified 2 candidate nets for critical-cell optimization.
INFO: [Physopt 32-81] Processed net u_tcp_echo/u_fifo/wptr_reg[8]_rep_n_53. Replicated 2 times.
INFO: [Physopt 32-81] Processed net u_tcp_echo/u_fifo/wptr_reg[4]_rep__2_n_53. Replicated 1 times.
INFO: [Physopt 32-232] Optimized 2 nets. Created 3 new instances.
INFO: [Physopt 32-775] End 1 Pass. Optimized 2 nets or cells. Created 3 new cells, deleted 0 existing cell and moved 0 existing cell
Netlist sorting complete. Time (s): cpu = 00:00:00 ; elapsed = 00:00:00.055 . Memory (MB): peak = 5444.508 ; gain = 0.000
INFO: [Physopt 32-456] No candidate cells for DSP register optimization found in the design.
INFO: [Physopt 32-775] End 2 Pass. Optimized 0 net or cell. Created 0 new cell, deleted 0 existing cell and moved 0 existing cell
INFO: [Physopt 32-1123] No candidate cells found for Shift Register to Pipeline optimization
INFO: [Physopt 32-775] End 2 Pass. Optimized 0 net or cell. Created 0 new cell, deleted 0 existing cell and moved 0 existing cell
INFO: [Physopt 32-1401] No candidate cells found for Shift Register optimization.
INFO: [Physopt 32-677] No candidate cells for Shift Register optimization found in the design
INFO: [Physopt 32-775] End 1 Pass. Optimized 0 net or cell. Created 0 new cell, deleted 0 existing cell and moved 0 existing cell
INFO: [Physopt 32-526] No candidate cells for BRAM register optimization found in the design
INFO: [Physopt 32-775] End 1 Pass. Optimized 0 net or cell. Created 0 new cell, deleted 0 existing cell and moved 0 existing cell
INFO: [Physopt 32-846] No candidate cells for URAM register optimization found in the design
INFO: [Physopt 32-775] End 1 Pass. Optimized 0 net or cell. Created 0 new cell, deleted 0 existing cell and moved 0 existing cell
INFO: [Physopt 32-846] No candidate cells for URAM register optimization found in the design
INFO: [Physopt 32-775] End 1 Pass. Optimized 0 net or cell. Created 0 new cell, deleted 0 existing cell and moved 0 existing cell
INFO: [Physopt 32-949] No candidate nets found for dynamic/static region interface net replication
INFO: [Physopt 32-775] End 1 Pass. Optimized 0 net or cell. Created 0 new cell, deleted 0 existing cell and moved 0 existing cell
Netlist sorting complete. Time (s): cpu = 00:00:00 ; elapsed = 00:00:00.043 . Memory (MB): peak = 5444.508 ; gain = 0.000

Summary of Physical Synthesis Optimizations
============================================


-----------------------------------------------------------------------------------------------------------------------------------------------------------
|  Optimization                                     |  Added Cells  |  Removed Cells  |  Optimized Cells/Nets  |  Dont Touch  |  Iterations  |  Elapsed   |
-----------------------------------------------------------------------------------------------------------------------------------------------------------
|  LUT Combining                                    |          943  |            862  |                  1805  |           0  |           1  |  00:00:02  |
|  Retime                                           |            0  |              0  |                     0  |           0  |           1  |  00:00:00  |
|  Equivalent Driver Rewiring                       |            2  |            193  |                   135  |           2  |           1  |  00:00:11  |
|  Very High Fanout                                 |            0  |              0  |                     0  |           0  |           1  |  00:00:00  |
|  Fanout                                           |           43  |              0  |                     6  |           0  |           1  |  00:00:01  |
|  Critical Cell                                    |            3  |              0  |                     2  |           0  |           1  |  00:00:00  |
|  DSP Register                                     |            0  |              0  |                     0  |           0  |           1  |  00:00:00  |
|  Shift Register to Pipeline                       |            0  |              0  |                     0  |           0  |           1  |  00:00:00  |
|  Shift Register                                   |            0  |              0  |                     0  |           0  |           1  |  00:00:00  |
|  BRAM Register                                    |            0  |              0  |                     0  |           0  |           1  |  00:00:00  |
|  URAM Register                                    |            0  |              0  |                     0  |           0  |           1  |  00:00:00  |
|  Dynamic/Static Region Interface Net Replication  |            0  |              0  |                     0  |           0  |           1  |  00:00:00  |
|  Total                                            |          991  |           1055  |                  1948  |           2  |          12  |  00:00:15  |
-----------------------------------------------------------------------------------------------------------------------------------------------------------


Phase 2.5.2 Physical Synthesis In Placer | Checksum: 28d3e329c

Time (s): cpu = 00:12:24 ; elapsed = 00:04:17 . Memory (MB): peak = 5444.508 ; gain = 668.023
Phase 2.5 Global Place Phase2 | Checksum: 274f0f0eb

Time (s): cpu = 00:12:49 ; elapsed = 00:04:25 . Memory (MB): peak = 5444.508 ; gain = 668.023
Phase 2 Global Placement | Checksum: 274f0f0eb

Time (s): cpu = 00:12:49 ; elapsed = 00:04:26 . Memory (MB): peak = 5444.508 ; gain = 668.023

Phase 3 Detail Placement

Phase 3.1 Commit Multi Column Macros
Phase 3.1 Commit Multi Column Macros | Checksum: 2680a2876

Time (s): cpu = 00:13:18 ; elapsed = 00:04:36 . Memory (MB): peak = 5444.508 ; gain = 668.023

Phase 3.2 Commit Most Macros & LUTRAMs
Phase 3.2 Commit Most Macros & LUTRAMs | Checksum: 28db746d1

Time (s): cpu = 00:13:34 ; elapsed = 00:04:42 . Memory (MB): peak = 5444.508 ; gain = 668.023

Phase 3.3 Small Shape DP

Phase 3.3.1 Small Shape Clustering
Phase 3.3.1 Small Shape Clustering | Checksum: 2222224b7

Time (s): cpu = 00:14:56 ; elapsed = 00:05:10 . Memory (MB): peak = 5444.508 ; gain = 668.023

Phase 3.3.2 Slice Area Swap

Phase 3.3.2.1 Slice Area Swap Initial
Phase 3.3.2.1 Slice Area Swap Initial | Checksum: 25f2c2809

Time (s): cpu = 00:15:33 ; elapsed = 00:05:35 . Memory (MB): peak = 5444.508 ; gain = 668.023
Phase 3.3.2 Slice Area Swap | Checksum: 25f2c2809

Time (s): cpu = 00:15:33 ; elapsed = 00:05:35 . Memory (MB): peak = 5444.508 ; gain = 668.023
Phase 3.3 Small Shape DP | Checksum: 2ba9358f9

Time (s): cpu = 00:16:29 ; elapsed = 00:05:52 . Memory (MB): peak = 5481.277 ; gain = 704.793

Phase 3.4 Re-assign LUT pins
Phase 3.4 Re-assign LUT pins | Checksum: 21ac0d11f

Time (s): cpu = 00:16:35 ; elapsed = 00:05:58 . Memory (MB): peak = 5481.277 ; gain = 704.793

Phase 3.5 Pipeline Register Optimization
Phase 3.5 Pipeline Register Optimization | Checksum: 1c2988248

Time (s): cpu = 00:16:36 ; elapsed = 00:05:58 . Memory (MB): peak = 5481.277 ; gain = 704.793

Phase 3.6 Fast Optimization
Phase 3.6 Fast Optimization | Checksum: 1ca90adc0

Time (s): cpu = 00:17:44 ; elapsed = 00:06:20 . Memory (MB): peak = 5481.277 ; gain = 704.793
Phase 3 Detail Placement | Checksum: 1ca90adc0

Time (s): cpu = 00:17:45 ; elapsed = 00:06:20 . Memory (MB): peak = 5481.277 ; gain = 704.793

Phase 4 Post Placement Optimization and Clean-Up

Phase 4.1 Post Commit Optimization
INFO: [Timing 38-35] Done setting XDC timing constraints.

Phase 4.1.1 Post Placement Optimization
Post Placement Optimization Initialization | Checksum: 2c480ec1a

Phase 4.1.1.1 BUFG Insertion

Starting Physical Synthesis Task

Phase 1 Physical Synthesis Initialization
INFO: [Physopt 32-721] Multithreading enabled for phys_opt_design using a maximum of 8 CPUs
INFO: [Physopt 32-619] Estimated Timing Summary | WNS=-0.480 | TNS=-66.944 |
Phase 1 Physical Synthesis Initialization | Checksum: 1806a68ea

Time (s): cpu = 00:00:03 ; elapsed = 00:00:00.818 . Memory (MB): peak = 5481.277 ; gain = 0.000
INFO: [Place 46-35] Processed net u_clkgen/rel_sr[3], inserted BUFG to drive 18184 loads.
INFO: [Place 46-35] Processed net u_clkgen/rel_sr_reg[3]_0, inserted BUFG to drive 16358 loads.
INFO: [Place 46-34] Processed net u_pcie_xdma/inst/pcie4_ip_i/inst/user_reset, BUFG insertion was skipped due to possible timing degradation.
INFO: [Place 46-35] Processed net u_snap_seq/E[0], inserted BUFG to drive 1821 loads.
INFO: [Place 46-35] Processed net u_snap_seq/dout[1151]_i_1_n_53, inserted BUFG to drive 1056 loads.
INFO: [Place 46-56] BUFG insertion identified 5 candidate nets. Inserted BUFG: 4, Replicated BUFG Driver: 0, Skipped due to Placement/Routing Conflicts: 0, Skipped due to Timing Degradation: 1, Skipped due to netlist editing failed: 0.
Ending Physical Synthesis Task | Checksum: 2e7b10306

Time (s): cpu = 00:00:12 ; elapsed = 00:00:08 . Memory (MB): peak = 5481.277 ; gain = 0.000
Phase 4.1.1.1 BUFG Insertion | Checksum: 2309ea16c

Time (s): cpu = 00:19:05 ; elapsed = 00:06:49 . Memory (MB): peak = 5481.277 ; gain = 704.793

Phase 4.1.1.2 Post Placement Timing Optimization
INFO: [Place 30-746] Post Placement Timing Summary WNS=0.065. For the most accurate timing information please run report_timing.
Phase 4.1.1.2 Post Placement Timing Optimization | Checksum: 223330e14

Time (s): cpu = 00:19:49 ; elapsed = 00:07:27 . Memory (MB): peak = 5481.277 ; gain = 704.793

Time (s): cpu = 00:19:49 ; elapsed = 00:07:27 . Memory (MB): peak = 5481.277 ; gain = 704.793
Phase 4.1 Post Commit Optimization | Checksum: 223330e14

Time (s): cpu = 00:19:49 ; elapsed = 00:07:27 . Memory (MB): peak = 5481.277 ; gain = 704.793
Netlist sorting complete. Time (s): cpu = 00:00:00 ; elapsed = 00:00:00.238 . Memory (MB): peak = 5503.711 ; gain = 0.000

Phase 4.2 Post Placement Cleanup
Phase 4.2 Post Placement Cleanup | Checksum: 23ff88b69

Time (s): cpu = 00:20:11 ; elapsed = 00:07:36 . Memory (MB): peak = 5503.711 ; gain = 727.227

Phase 4.3 Placer Reporting

Phase 4.3.1 Print Estimated Congestion
INFO: [Place 30-612] Post-Placement Estimated Congestion 
 ________________________________________________________________________
|           | Global Congestion | Long Congestion   | Short Congestion  |
| Direction | Region Size       | Region Size       | Region Size       |
|___________|___________________|___________________|___________________|
|      North|                4x4|                2x2|                4x4|
|___________|___________________|___________________|___________________|
|      South|                4x4|                1x1|                8x8|
|___________|___________________|___________________|___________________|
|       East|                4x4|                1x1|                8x8|
|___________|___________________|___________________|___________________|
|       West|                8x8|                8x8|                8x8|
|___________|___________________|___________________|___________________|

Phase 4.3.1 Print Estimated Congestion | Checksum: 23ff88b69

Time (s): cpu = 00:20:12 ; elapsed = 00:07:36 . Memory (MB): peak = 5503.711 ; gain = 727.227
Phase 4.3 Placer Reporting | Checksum: 23ff88b69

Time (s): cpu = 00:20:13 ; elapsed = 00:07:37 . Memory (MB): peak = 5503.711 ; gain = 727.227

Phase 4.4 Final Placement Cleanup
Netlist sorting complete. Time (s): cpu = 00:00:00 ; elapsed = 00:00:00.041 . Memory (MB): peak = 5503.711 ; gain = 0.000

Time (s): cpu = 00:20:13 ; elapsed = 00:07:37 . Memory (MB): peak = 5503.711 ; gain = 727.227
Phase 4 Post Placement Optimization and Clean-Up | Checksum: 27ecdc4f4

Time (s): cpu = 00:20:14 ; elapsed = 00:07:37 . Memory (MB): peak = 5503.711 ; gain = 727.227
Ending Placer Task | Checksum: 1c1a9f47a

Time (s): cpu = 00:20:15 ; elapsed = 00:07:37 . Memory (MB): peak = 5503.711 ; gain = 727.227
122 Infos, 11 Warnings, 1 Critical Warnings and 0 Errors encountered.
place_design completed successfully
place_design: Time (s): cpu = 00:20:30 ; elapsed = 00:07:42 . Memory (MB): peak = 5503.711 ; gain = 727.227
INFO: [Vivado 12-24838] Running report commands "report_control_sets, report_io, report_utilization" in parallel.
Running report generation with 3 threads.
INFO: [Vivado 12-24828] Executing command : report_io -file wrapper_p4_io_placed.rpt
report_io: Time (s): cpu = 00:00:00 ; elapsed = 00:00:00.109 . Memory (MB): peak = 5503.711 ; gain = 0.000
INFO: [Vivado 12-24828] Executing command : report_control_sets -verbose -file wrapper_p4_control_sets_placed.rpt
report_control_sets: Time (s): cpu = 00:00:01 ; elapsed = 00:00:00.353 . Memory (MB): peak = 5503.711 ; gain = 0.000
INFO: [Vivado 12-24828] Executing command : report_utilization -file wrapper_p4_utilization_placed.rpt -pb wrapper_p4_utilization_placed.pb
INFO: [Timing 38-480] Writing timing data to binary archive.
Write ShapeDB Complete: Time (s): cpu = 00:00:01 ; elapsed = 00:00:00.193 . Memory (MB): peak = 5503.711 ; gain = 0.000
Wrote PlaceDB: Time (s): cpu = 00:00:12 ; elapsed = 00:00:05 . Memory (MB): peak = 5503.711 ; gain = 0.000
Wrote PulsedLatchDB: Time (s): cpu = 00:00:00 ; elapsed = 00:00:00 . Memory (MB): peak = 5503.711 ; gain = 0.000
Writing XDEF routing.
Writing XDEF routing logical nets.
Writing XDEF routing special nets.
Wrote RouteStorage: Time (s): cpu = 00:00:00 ; elapsed = 00:00:00.110 . Memory (MB): peak = 5503.711 ; gain = 0.000
Wrote Netlist Cache: Time (s): cpu = 00:00:01 ; elapsed = 00:00:00.135 . Memory (MB): peak = 5503.711 ; gain = 0.000
Wrote Device Cache: Time (s): cpu = 00:00:00 ; elapsed = 00:00:00.017 . Memory (MB): peak = 5503.711 ; gain = 0.000
Write Physdb Complete: Time (s): cpu = 00:00:13 ; elapsed = 00:00:05 . Memory (MB): peak = 5503.711 ; gain = 0.000
INFO: [Common 17-1381] The checkpoint 'D:/repo/XCKU5PMini/udp_hls_10g/vivado_prj/p7b_ku5p_prj.runs/impl_1/wrapper_p4_placed.dcp' has been generated.
write_checkpoint: Time (s): cpu = 00:00:15 ; elapsed = 00:00:08 . Memory (MB): peak = 5503.711 ; gain = 0.000
Command: phys_opt_design -directive Explore
Attempting to get a license for feature 'Implementation' and/or device 'xcku5p'
INFO: [Common 17-349] Got license for feature 'Implementation' and/or device 'xcku5p'
INFO: [Vivado_Tcl 4-137] Directive used for phys_opt_design is: Explore

Starting Initial Update Timing Task

Time (s): cpu = 00:00:40 ; elapsed = 00:00:11 . Memory (MB): peak = 5503.711 ; gain = 0.000
INFO: [Vivado_Tcl 4-2279] Estimated Timing Summary | WNS= 0.065 | TNS= 0.000 | 
INFO: [Vivado_Tcl 4-383] Design worst setup slack (WNS) is greater than or equal to 0.000 ns. All physical synthesis setup optimizations will be skipped.
INFO: [Vivado_Tcl 4-232] No setup violation found. The netlist was not modified.
INFO: [Common 17-83] Releasing license: Implementation
134 Infos, 11 Warnings, 1 Critical Warnings and 0 Errors encountered.
phys_opt_design completed successfully
phys_opt_design: Time (s): cpu = 00:00:40 ; elapsed = 00:00:11 . Memory (MB): peak = 5503.711 ; gain = 0.000
INFO: [Timing 38-480] Writing timing data to binary archive.
Write ShapeDB Complete: Time (s): cpu = 00:00:01 ; elapsed = 00:00:00.210 . Memory (MB): peak = 5503.711 ; gain = 0.000
Wrote PlaceDB: Time (s): cpu = 00:00:12 ; elapsed = 00:00:05 . Memory (MB): peak = 5503.711 ; gain = 0.000
Wrote PulsedLatchDB: Time (s): cpu = 00:00:00 ; elapsed = 00:00:00 . Memory (MB): peak = 5503.711 ; gain = 0.000
Writing XDEF routing.
Writing XDEF routing logical nets.
Writing XDEF routing special nets.
Wrote RouteStorage: Time (s): cpu = 00:00:01 ; elapsed = 00:00:00.110 . Memory (MB): peak = 5503.711 ; gain = 0.000
Wrote Netlist Cache: Time (s): cpu = 00:00:00 ; elapsed = 00:00:00.131 . Memory (MB): peak = 5503.711 ; gain = 0.000
Wrote Device Cache: Time (s): cpu = 00:00:00 ; elapsed = 00:00:00.014 . Memory (MB): peak = 5503.711 ; gain = 0.000
Write Physdb Complete: Time (s): cpu = 00:00:13 ; elapsed = 00:00:05 . Memory (MB): peak = 5503.711 ; gain = 0.000
INFO: [Common 17-1381] The checkpoint 'D:/repo/XCKU5PMini/udp_hls_10g/vivado_prj/p7b_ku5p_prj.runs/impl_1/wrapper_p4_physopt.dcp' has been generated.
write_checkpoint: Time (s): cpu = 00:00:16 ; elapsed = 00:00:08 . Memory (MB): peak = 5503.711 ; gain = 0.000
Command: route_design -directive NoTimingRelaxation
Attempting to get a license for feature 'Implementation' and/or device 'xcku5p'
INFO: [Common 17-349] Got license for feature 'Implementation' and/or device 'xcku5p'


Starting Routing Task
INFO: [Route 35-270] Using Router directive 'NoTimingRelaxation'.
INFO: [Route 35-254] Multithreading enabled for route_design using a maximum of 8 CPUs

Phase 1 Build RT Design
Checksum: PlaceDB: 17f39b34 ConstDB: 0 ShapeSum: d649e895 RouteDB: d36c70b1
Nodegraph reading from file.  Time (s): cpu = 00:00:00 ; elapsed = 00:00:00.378 . Memory (MB): peak = 5503.711 ; gain = 0.000
Post Restoration Checksum: NetGraph: f9867bc4 | NumContArr: 9d2c6dfb | Constraints: 9d73dd85 | Timing: c2a8fa9d
Phase 1 Build RT Design | Checksum: 2f6cfc1e1

Time (s): cpu = 00:00:43 ; elapsed = 00:00:09 . Memory (MB): peak = 5503.711 ; gain = 0.000

Phase 2 Router Initialization

Phase 2.1 Fix Topology Constraints
Phase 2.1 Fix Topology Constraints | Checksum: 2f6cfc1e1

Time (s): cpu = 00:00:44 ; elapsed = 00:00:09 . Memory (MB): peak = 5503.711 ; gain = 0.000

Phase 2.2 Pre Route Cleanup
Phase 2.2 Pre Route Cleanup | Checksum: 2f6cfc1e1

Time (s): cpu = 00:00:44 ; elapsed = 00:00:09 . Memory (MB): peak = 5503.711 ; gain = 0.000

Phase 2.3 Global Clock Net Routing
 Number of Nodes with overlaps = 0
Phase 2.3 Global Clock Net Routing | Checksum: 23edb2f53

Time (s): cpu = 00:00:51 ; elapsed = 00:00:13 . Memory (MB): peak = 5503.711 ; gain = 0.000

Phase 2.4 Update Timing
Phase 2.4 Update Timing | Checksum: 2a72d8a67

Time (s): cpu = 00:01:14 ; elapsed = 00:00:21 . Memory (MB): peak = 5503.711 ; gain = 0.000
INFO: [Route 35-416] Intermediate Timing Summary | WNS=0.140  | TNS=0.000  | WHS=-0.353 | THS=-261.331|


Phase 2.5 Soft Constraint Pins - Fast Budgeting
Phase 2.5 Soft Constraint Pins - Fast Budgeting | Checksum: 1f6d2ffaf

Time (s): cpu = 00:01:41 ; elapsed = 00:00:29 . Memory (MB): peak = 5503.711 ; gain = 0.000

Router Utilization Summary
  Global Vertical Routing Utilization    = 0.00077347 %
  Global Horizontal Routing Utilization  = 0.00056437 %
  Routable Net Status*
  *Does not include unroutable nets such as driverless and loadless.
  Run report_route_status for detailed report.
  Number of Failed Nets               = 130573
    (Failed Nets is the sum of unrouted and partially routed nets)
  Number of Unrouted Nets             = 99172
  Number of Partially Routed Nets     = 31401
  Number of Node Overlaps             = 1

Phase 2 Router Initialization | Checksum: 2d53cc33d

Time (s): cpu = 00:01:45 ; elapsed = 00:00:30 . Memory (MB): peak = 5503.711 ; gain = 0.000

Phase 3 Global Routing
Phase 3 Global Routing | Checksum: 2d53cc33d

Time (s): cpu = 00:01:45 ; elapsed = 00:00:30 . Memory (MB): peak = 5503.711 ; gain = 0.000

Phase 4 Initial Routing

Phase 4.1 Initial Net Routing Pass
Phase 4.1 Initial Net Routing Pass | Checksum: 257a27394

Time (s): cpu = 00:02:19 ; elapsed = 00:00:44 . Memory (MB): peak = 5533.672 ; gain = 29.961
Phase 4 Initial Routing | Checksum: 1f7d7dfc9

Time (s): cpu = 00:02:21 ; elapsed = 00:00:44 . Memory (MB): peak = 5533.672 ; gain = 29.961

INFO: [Route 35-449] Initial Estimated Congestion
 ________________________________________________________________________
|           | Global Congestion | Long Congestion   | Short Congestion  |
|           |___________________|___________________|___________________|
| Direction | Size   | % Tiles  | Size   | % Tiles  | Size   | % Tiles  |
|___________|________|__________|________|__________|________|__________|
|      NORTH|   16x16|      0.39|     8x8|      0.56|   16x16|      0.92|
|___________|________|__________|________|__________|________|__________|
|      SOUTH|     8x8|      0.49|     8x8|      0.44|   16x16|      0.92|
|___________|________|__________|________|__________|________|__________|
|       EAST|     8x8|      0.56|     8x8|      0.56|   16x16|      1.38|
|___________|________|__________|________|__________|________|__________|
|       WEST|   16x16|      0.81|   16x16|      1.32|   16x16|      1.22|
|___________|________|__________|________|__________|________|__________|
Congestion Report
GLOBAL Congestion bounded by tiles (Lower Left Tile -> Upper Right Tile):
NORTH
	INT_X17Y93->INT_X24Y108 (BRAM_X17Y90->CLEL_R_X24Y108)
	INT_X16Y96->INT_X23Y103 (CLEM_X16Y96->CLEL_R_X23Y103)
	INT_X16Y95->INT_X23Y102 (CLEM_X16Y95->CLEL_R_X23Y102)
	INT_X16Y94->INT_X23Y101 (CLEM_X16Y94->CLEL_R_X23Y101)
	INT_X16Y93->INT_X23Y100 (CLEM_X16Y93->CLEL_R_X23Y100)
WEST
	INT_X16Y88->INT_X23Y111 (CLEM_X16Y88->CLEL_R_X23Y111)
	INT_X16Y104->INT_X23Y111 (CLEM_X16Y104->CLEL_R_X23Y111)
	INT_X16Y96->INT_X23Y103 (CLEM_X16Y96->CLEL_R_X23Y103)
	INT_X16Y88->INT_X23Y95 (CLEM_X16Y88->CLEL_R_X23Y95)
	INT_X16Y103->INT_X23Y110 (CLEM_X16Y103->CLEL_R_X23Y110)
LONG Congestion bounded by tiles (Lower Left Tile -> Upper Right Tile):
WEST
	INT_X12Y85->INT_X27Y108 (CLEL_L_X12Y85->HDIO_TOP_RIGHT_X27Y90)
	INT_X13Y93->INT_X28Y108 (CLEM_X13Y93->CLEL_R_X28Y108)
	INT_X13Y92->INT_X28Y107 (CLEM_X13Y92->CLEL_R_X28Y107)
	INT_X13Y91->INT_X28Y106 (CLEM_X13Y91->CLEL_R_X28Y106)
SHORT Congestion bounded by tiles (Lower Left Tile -> Upper Right Tile):
NORTH
	INT_X16Y93->INT_X23Y108 (CLEM_X16Y93->CLEL_R_X23Y108)
	INT_X16Y96->INT_X23Y103 (CLEM_X16Y96->CLEL_R_X23Y103)
	INT_X48Y32->INT_X55Y39 (CLEM_X48Y32->CLEL_R_X55Y39)
	INT_X16Y95->INT_X23Y102 (CLEM_X16Y95->CLEL_R_X23Y102)
	INT_X16Y94->INT_X23Y101 (CLEM_X16Y94->CLEL_R_X23Y101)
SOUTH
	INT_X16Y96->INT_X23Y111 (CLEM_X16Y96->CLEL_R_X23Y111)
	INT_X16Y104->INT_X23Y111 (CLEM_X16Y104->CLEL_R_X23Y111)
	INT_X16Y96->INT_X23Y103 (CLEM_X16Y96->CLEL_R_X23Y103)
	INT_X16Y103->INT_X23Y110 (CLEM_X16Y103->CLEL_R_X23Y110)
	INT_X16Y95->INT_X23Y102 (CLEM_X16Y95->CLEL_R_X23Y102)
EAST
	INT_X48Y30->INT_X55Y45 (CLEM_X48Y30->CLEL_R_X55Y45)
	INT_X48Y32->INT_X55Y39 (CLEM_X48Y32->CLEL_R_X55Y39)
	INT_X48Y31->INT_X55Y38 (CLEM_X48Y31->CLEL_R_X55Y38)
	INT_X48Y30->INT_X55Y37 (CLEM_X48Y30->CLEL_R_X55Y37)
	INT_X48Y37->INT_X55Y44 (CLEM_X48Y37->CLEL_R_X55Y44)
WEST
	INT_X16Y88->INT_X23Y111 (CLEM_X16Y88->CLEL_R_X23Y111)
	INT_X16Y104->INT_X23Y111 (CLEM_X16Y104->CLEL_R_X23Y111)
	INT_X16Y96->INT_X23Y103 (CLEM_X16Y96->CLEL_R_X23Y103)
	INT_X16Y88->INT_X23Y95 (CLEM_X16Y88->CLEL_R_X23Y95)
	INT_X16Y103->INT_X23Y110 (CLEM_X16Y103->CLEL_R_X23Y110)

Phase 5 Rip-up And Reroute

Phase 5.1 Global Iteration 0
 Number of Nodes with overlaps = 35511
 Number of Nodes with overlaps = 4402
 Number of Nodes with overlaps = 1171
 Number of Nodes with overlaps = 377
 Number of Nodes with overlaps = 144
 Number of Nodes with overlaps = 74
 Number of Nodes with overlaps = 42
 Number of Nodes with overlaps = 23
 Number of Nodes with overlaps = 14
 Number of Nodes with overlaps = 12
 Number of Nodes with overlaps = 5
 Number of Nodes with overlaps = 5
 Number of Nodes with overlaps = 1
 Number of Nodes with overlaps = 1
 Number of Nodes with overlaps = 0
INFO: [Route 35-416] Intermediate Timing Summary | WNS=-0.644 | TNS=-658.259| WHS=-0.048 | THS=-3.054 |

Phase 5.1 Global Iteration 0 | Checksum: 179faaa61

Time (s): cpu = 00:06:49 ; elapsed = 00:02:25 . Memory (MB): peak = 5533.672 ; gain = 29.961

Phase 5.2 Global Iteration 1
 Number of Nodes with overlaps = 2607
 Number of Nodes with overlaps = 432
 Number of Nodes with overlaps = 201
 Number of Nodes with overlaps = 126
 Number of Nodes with overlaps = 39
 Number of Nodes with overlaps = 8
 Number of Nodes with overlaps = 3
 Number of Nodes with overlaps = 3
 Number of Nodes with overlaps = 2
 Number of Nodes with overlaps = 2
 Number of Nodes with overlaps = 1
 Number of Nodes with overlaps = 1
 Number of Nodes with overlaps = 0
INFO: [Route 35-416] Intermediate Timing Summary | WNS=-0.439 | TNS=-142.973| WHS=N/A    | THS=N/A    |

Phase 5.2 Global Iteration 1 | Checksum: 2388c8815

Time (s): cpu = 00:08:12 ; elapsed = 00:03:02 . Memory (MB): peak = 5533.672 ; gain = 29.961

Phase 5.3 Global Iteration 2
 Number of Nodes with overlaps = 2030
 Number of Nodes with overlaps = 364
 Number of Nodes with overlaps = 171
 Number of Nodes with overlaps = 78
 Number of Nodes with overlaps = 38
 Number of Nodes with overlaps = 21
 Number of Nodes with overlaps = 9
 Number of Nodes with overlaps = 5
 Number of Nodes with overlaps = 3
 Number of Nodes with overlaps = 1
 Number of Nodes with overlaps = 0
INFO: [Route 35-416] Intermediate Timing Summary | WNS=-0.416 | TNS=-125.788| WHS=N/A    | THS=N/A    |

Phase 5.3 Global Iteration 2 | Checksum: 10e82b8b2

Time (s): cpu = 00:09:20 ; elapsed = 00:03:33 . Memory (MB): peak = 5533.672 ; gain = 29.961

Phase 5.4 Global Iteration 3
 Number of Nodes with overlaps = 1786
 Number of Nodes with overlaps = 372
 Number of Nodes with overlaps = 175
 Number of Nodes with overlaps = 70
 Number of Nodes with overlaps = 43
 Number of Nodes with overlaps = 18
 Number of Nodes with overlaps = 17
 Number of Nodes with overlaps = 16
 Number of Nodes with overlaps = 8
 Number of Nodes with overlaps = 3
 Number of Nodes with overlaps = 3
 Number of Nodes with overlaps = 2
 Number of Nodes with overlaps = 1
 Number of Nodes with overlaps = 0
INFO: [Route 35-416] Intermediate Timing Summary | WNS=-0.311 | TNS=-9.475 | WHS=N/A    | THS=N/A    |

Phase 5.4 Global Iteration 3 | Checksum: 2795837f1

Time (s): cpu = 00:10:39 ; elapsed = 00:04:14 . Memory (MB): peak = 5533.672 ; gain = 29.961

Phase 5.5 Global Iteration 4
 Number of Nodes with overlaps = 1361
 Number of Nodes with overlaps = 226
 Number of Nodes with overlaps = 82
 Number of Nodes with overlaps = 39
 Number of Nodes with overlaps = 16
 Number of Nodes with overlaps = 4
 Number of Nodes with overlaps = 3
 Number of Nodes with overlaps = 0
INFO: [Route 35-416] Intermediate Timing Summary | WNS=-0.219 | TNS=-8.945 | WHS=N/A    | THS=N/A    |

Phase 5.5 Global Iteration 4 | Checksum: 1bc530d39

Time (s): cpu = 00:11:30 ; elapsed = 00:04:35 . Memory (MB): peak = 5533.672 ; gain = 29.961

Phase 5.6 Global Iteration 5
 Number of Nodes with overlaps = 1386
 Number of Nodes with overlaps = 208
 Number of Nodes with overlaps = 106
 Number of Nodes with overlaps = 44
 Number of Nodes with overlaps = 22
 Number of Nodes with overlaps = 7
 Number of Nodes with overlaps = 6
 Number of Nodes with overlaps = 4
 Number of Nodes with overlaps = 1
 Number of Nodes with overlaps = 0
INFO: [Route 35-416] Intermediate Timing Summary | WNS=-0.236 | TNS=-2.226 | WHS=N/A    | THS=N/A    |

Phase 5.6 Global Iteration 5 | Checksum: 29b79d11d

Time (s): cpu = 00:12:13 ; elapsed = 00:04:58 . Memory (MB): peak = 5533.672 ; gain = 29.961
Phase 5 Rip-up And Reroute | Checksum: 29b79d11d

Time (s): cpu = 00:12:13 ; elapsed = 00:04:58 . Memory (MB): peak = 5533.672 ; gain = 29.961

Phase 6 Delay and Skew Optimization

Phase 6.1 Delay CleanUp
INFO: [Route 35-416] Intermediate Timing Summary | WNS=-0.219 | TNS=-8.945 | WHS=0.010  | THS=0.000  |

INFO: [Route 35-416] Intermediate Timing Summary | WNS=-0.219 | TNS=-8.945 | WHS=0.010  | THS=0.000  |

 Number of Nodes with overlaps = 0
Phase 6.1 Delay CleanUp | Checksum: 2aef662f1

Time (s): cpu = 00:12:39 ; elapsed = 00:05:04 . Memory (MB): peak = 5533.672 ; gain = 29.961

Phase 6.2 Clock Skew Optimization
Phase 6.2 Clock Skew Optimization | Checksum: 2aef662f1

Time (s): cpu = 00:12:40 ; elapsed = 00:05:04 . Memory (MB): peak = 5533.672 ; gain = 29.961
Phase 6 Delay and Skew Optimization | Checksum: 2aef662f1

Time (s): cpu = 00:12:40 ; elapsed = 00:05:04 . Memory (MB): peak = 5533.672 ; gain = 29.961

Phase 7 Post Hold Fix

Phase 7.1 Hold Fix Iter
INFO: [Route 35-416] Intermediate Timing Summary | WNS=-0.219 | TNS=-8.831 | WHS=0.010  | THS=0.000  |

Phase 7.1 Hold Fix Iter | Checksum: 1f8ebf9e1

Time (s): cpu = 00:12:57 ; elapsed = 00:05:08 . Memory (MB): peak = 5533.672 ; gain = 29.961
Phase 7 Post Hold Fix | Checksum: 1f8ebf9e1

Time (s): cpu = 00:12:57 ; elapsed = 00:05:08 . Memory (MB): peak = 5533.672 ; gain = 29.961

Phase 8 Route finalize

Router Utilization Summary
  Global Vertical Routing Utilization    = 12.6656 %
  Global Horizontal Routing Utilization  = 15.4142 %
  Routable Net Status*
  *Does not include unroutable nets such as driverless and loadless.
  Run report_route_status for detailed report.
  Number of Failed Nets               = 0
    (Failed Nets is the sum of unrouted and partially routed nets)
  Number of Unrouted Nets             = 0
  Number of Partially Routed Nets     = 0
  Number of Node Overlaps             = 0


--GLOBAL Congestion:
Utilization threshold used for congestion level computation: 0.85
Congestion Report
North Dir 2x2 Area, Max Cong = 86.2676%, Congestion bounded by tiles (Lower Left Tile -> Upper Right Tile):
   INT_X18Y98 -> INT_X19Y99
South Dir 2x2 Area, Max Cong = 86.3744%, Congestion bounded by tiles (Lower Left Tile -> Upper Right Tile):
   INT_X20Y102 -> INT_X21Y103
East Dir 1x1 Area, Max Cong = 94.2308%, Congestion bounded by tiles (Lower Left Tile -> Upper Right Tile):
   INT_X49Y39 -> INT_X49Y39
   INT_X50Y39 -> INT_X50Y39
   INT_X52Y39 -> INT_X52Y39
   INT_X50Y38 -> INT_X50Y38
   INT_X52Y38 -> INT_X52Y38
West Dir 4x4 Area, Max Cong = 88.9423%, Congestion bounded by tiles (Lower Left Tile -> Upper Right Tile):
   INT_X20Y104 -> INT_X23Y107
   INT_X20Y100 -> INT_X23Y103
   INT_X20Y96 -> INT_X23Y99
   INT_X20Y92 -> INT_X23Y95

------------------------------
Reporting congestion hotspots
------------------------------
Direction: North
----------------
Congested clusters found at Level 0
Effective congestion level: 1 Aspect Ratio: 0.75 Sparse Ratio: 1.75
Direction: South
----------------
Congested clusters found at Level 0
Effective congestion level: 2 Aspect Ratio: 1 Sparse Ratio: 1.1875
Direction: East
----------------
Congested clusters found at Level 0
Effective congestion level: 1 Aspect Ratio: 0.75 Sparse Ratio: 1.5
Direction: West
----------------
Congested clusters found at Level 2
Effective congestion level: 3 Aspect Ratio: 0.25 Sparse Ratio: 1

Phase 8 Route finalize | Checksum: 1f8ebf9e1

Time (s): cpu = 00:13:00 ; elapsed = 00:05:08 . Memory (MB): peak = 5533.672 ; gain = 29.961

Phase 9 Verifying routed nets

 Verification completed successfully
Phase 9 Verifying routed nets | Checksum: 1f8ebf9e1

Time (s): cpu = 00:13:00 ; elapsed = 00:05:09 . Memory (MB): peak = 5533.672 ; gain = 29.961

Phase 10 Depositing Routes
Phase 10 Depositing Routes | Checksum: 1f8ebf9e1

Time (s): cpu = 00:13:10 ; elapsed = 00:05:15 . Memory (MB): peak = 5533.672 ; gain = 29.961

Phase 11 Leaf Clock Prog Delay Opt

Phase 11.1 Optimize Skews

Phase 11.1.1 Leaf ClockOpt Init
Phase 11.1.1 Leaf ClockOpt Init | Checksum: 29dd852b8

Time (s): cpu = 00:14:46 ; elapsed = 00:05:32 . Memory (MB): peak = 5533.672 ; gain = 29.961
Phase 11.1 Optimize Skews | Checksum: 27dd286fb

Time (s): cpu = 00:14:49 ; elapsed = 00:05:35 . Memory (MB): peak = 5696.508 ; gain = 192.797

Phase 11.2 Post SkewOpt Delay Cleanup

Phase 11.2.1 Delay CleanUp
INFO: [Route 35-416] Intermediate Timing Summary | WNS=-0.007 | TNS=-0.035 | WHS=0.010  | THS=0.000  |

INFO: [Route 35-416] Intermediate Timing Summary | WNS=-0.007 | TNS=-0.035 | WHS=0.010  | THS=0.000  |

 Number of Nodes with overlaps = 0
Phase 11.2.1 Delay CleanUp | Checksum: 1c06f82e3

Time (s): cpu = 00:15:16 ; elapsed = 00:05:41 . Memory (MB): peak = 5696.508 ; gain = 192.797
Phase 11.2 Post SkewOpt Delay Cleanup | Checksum: 1c06f82e3

Time (s): cpu = 00:15:17 ; elapsed = 00:05:41 . Memory (MB): peak = 5696.508 ; gain = 192.797

Phase 11.3 Post SkewOpt Hold Fix

Phase 11.3.1 Hold Fix Iter
INFO: [Route 35-416] Intermediate Timing Summary | WNS=0.003  | TNS=0.000  | WHS=0.010  | THS=0.000  |

Phase 11.3.1 Hold Fix Iter | Checksum: 19ff1717e

Time (s): cpu = 00:15:50 ; elapsed = 00:05:50 . Memory (MB): peak = 5696.508 ; gain = 192.797
Phase 11.3 Post SkewOpt Hold Fix | Checksum: 19608ee50

Time (s): cpu = 00:16:07 ; elapsed = 00:05:54 . Memory (MB): peak = 5696.508 ; gain = 192.797
Phase 11 Leaf Clock Prog Delay Opt | Checksum: 288cc2eac

Time (s): cpu = 00:16:25 ; elapsed = 00:05:58 . Memory (MB): peak = 5696.508 ; gain = 192.797

Phase 12 Depositing Routes
Phase 12 Depositing Routes | Checksum: 288cc2eac

Time (s): cpu = 00:16:35 ; elapsed = 00:06:05 . Memory (MB): peak = 5696.508 ; gain = 192.797

Phase 13 Resolve XTalk
Phase 13 Resolve XTalk | Checksum: 288cc2eac

Time (s): cpu = 00:16:36 ; elapsed = 00:06:05 . Memory (MB): peak = 5696.508 ; gain = 192.797

Phase 14 Post Process Routing
Phase 14 Post Process Routing | Checksum: 288cc2eac

Time (s): cpu = 00:16:37 ; elapsed = 00:06:06 . Memory (MB): peak = 5696.508 ; gain = 192.797

Phase 15 Post Router Timing
INFO: [Route 35-20] Post Routing Timing Summary | WNS=0.014  | TNS=0.000  | WHS=0.010  | THS=0.000  |

Phase 15 Post Router Timing | Checksum: 24efce98c

Time (s): cpu = 00:17:39 ; elapsed = 00:06:16 . Memory (MB): peak = 5696.508 ; gain = 192.797
Time taken to check if laguna hold fix is required (in secs): 0
Skip PhysOpt in Router because non-negative WNS value: 1.4281e-11 .

Phase 16 Route finalize
Phase 16 Route finalize | Checksum: 24efce98c

Time (s): cpu = 00:17:39 ; elapsed = 00:06:16 . Memory (MB): peak = 5696.508 ; gain = 192.797
INFO: [Route 35-61] The design met the timing requirement.
Total Elapsed time in route_design: 375.983 secs

Phase 17 Post-Route Event Processing
Phase 17 Post-Route Event Processing | Checksum: 21d2ba824

Time (s): cpu = 00:17:40 ; elapsed = 00:06:16 . Memory (MB): peak = 5696.508 ; gain = 192.797
INFO: [Route 35-16] Router Completed Successfully
Ending Routing Task | Checksum: 21d2ba824

Time (s): cpu = 00:17:42 ; elapsed = 00:06:17 . Memory (MB): peak = 5696.508 ; gain = 192.797

Routing Is Done.
INFO: [Common 17-83] Releasing license: Implementation
157 Infos, 11 Warnings, 1 Critical Warnings and 0 Errors encountered.
route_design completed successfully
route_design: Time (s): cpu = 00:17:43 ; elapsed = 00:06:18 . Memory (MB): peak = 5696.508 ; gain = 192.797
INFO: [Vivado 12-24828] Executing command : report_drc -file wrapper_p4_drc_routed.rpt -pb wrapper_p4_drc_routed.pb -rpx wrapper_p4_drc_routed.rpx
Command: report_drc -file wrapper_p4_drc_routed.rpt -pb wrapper_p4_drc_routed.pb -rpx wrapper_p4_drc_routed.rpx
INFO: [IP_Flow 19-1839] IP Catalog is up to date.
INFO: [DRC 23-27] Running DRC with 8 threads
INFO: [Vivado_Tcl 2-168] The results of DRC are in file D:/repo/XCKU5PMini/udp_hls_10g/vivado_prj/p7b_ku5p_prj.runs/impl_1/wrapper_p4_drc_routed.rpt.
report_drc completed successfully
report_drc: Time (s): cpu = 00:00:17 ; elapsed = 00:00:05 . Memory (MB): peak = 5696.508 ; gain = 0.000
INFO: [Vivado 12-24828] Executing command : report_methodology -file wrapper_p4_methodology_drc_routed.rpt -pb wrapper_p4_methodology_drc_routed.pb -rpx wrapper_p4_methodology_drc_routed.rpx
Command: report_methodology -file wrapper_p4_methodology_drc_routed.rpt -pb wrapper_p4_methodology_drc_routed.pb -rpx wrapper_p4_methodology_drc_routed.rpx
INFO: [Timing 38-35] Done setting XDC timing constraints.
INFO: [DRC 23-133] Running Methodology with 8 threads
INFO: [Vivado_Tcl 2-1520] The results of Report Methodology are in file D:/repo/XCKU5PMini/udp_hls_10g/vivado_prj/p7b_ku5p_prj.runs/impl_1/wrapper_p4_methodology_drc_routed.rpt.
report_methodology completed successfully
report_drc: Time (s): cpu = 00:00:43 ; elapsed = 00:00:09 . Memory (MB): peak = 5696.508 ; gain = 0.000
INFO: [Vivado 12-24828] Executing command : report_timing_summary -max_paths 10 -routable_nets -report_unconstrained -file wrapper_p4_timing_summary_routed.rpt -pb wrapper_p4_timing_summary_routed.pb -rpx wrapper_p4_timing_summary_routed.rpx -warn_on_violation 
INFO: [Timing 38-35] Done setting XDC timing constraints.
INFO: [Timing 38-91] UpdateTimingParams: Speed grade: -1, Temperature grade: E, Delay Type: min_max.
INFO: [Timing 38-191] Multithreading enabled for timing update using a maximum of 8 CPUs
report_timing_summary: Time (s): cpu = 00:00:21 ; elapsed = 00:00:08 . Memory (MB): peak = 5696.508 ; gain = 0.000
INFO: [Vivado 12-24838] Running report commands "report_incremental_reuse, report_route_status" in parallel.
Running report generation with 2 threads.
INFO: [Vivado 12-24828] Executing command : report_incremental_reuse -file wrapper_p4_incremental_reuse_routed.rpt
INFO: [Vivado_Tcl 4-1062] Incremental flow is disabled. No incremental reuse Info to report.
INFO: [Vivado 12-24828] Executing command : report_route_status -file wrapper_p4_route_status.rpt -pb wrapper_p4_route_status.pb
INFO: [Vivado 12-24828] Executing command : report_power -file wrapper_p4_power_routed.rpt -pb wrapper_p4_power_summary_routed.pb -rpx wrapper_p4_power_routed.rpx
Command: report_power -file wrapper_p4_power_routed.rpt -pb wrapper_p4_power_summary_routed.pb -rpx wrapper_p4_power_routed.rpx
Running Vector-less Activity Propagation...

Finished Running Vector-less Activity Propagation
WARNING: [Power 33-332] Found switching activity that implies high-fanout reset nets being asserted for excessive periods of time which may result in inaccurate power analysis.
Resolution: To review and fix problems, please run Power Constraints Advisor in the GUI from Tools > Power Constraints Advisor or run report_power with the -advisory option to generate a text report.
174 Infos, 12 Warnings, 1 Critical Warnings and 0 Errors encountered.
report_power completed successfully
report_power: Time (s): cpu = 00:00:37 ; elapsed = 00:00:19 . Memory (MB): peak = 5696.508 ; gain = 0.000
INFO: [Vivado 12-24828] Executing command : report_clock_utilization -file wrapper_p4_clock_utilization_routed.rpt
INFO: [Vivado 12-24828] Executing command : report_bus_skew -warn_on_violation -file wrapper_p4_bus_skew_routed.rpt -pb wrapper_p4_bus_skew_routed.pb -rpx wrapper_p4_bus_skew_routed.rpx
INFO: [Timing 38-91] UpdateTimingParams: Speed grade: -1, Temperature grade: E, Delay Type: min_max.
INFO: [Timing 38-191] Multithreading enabled for timing update using a maximum of 8 CPUs
generate_parallel_reports: Time (s): cpu = 00:02:02 ; elapsed = 00:00:45 . Memory (MB): peak = 5696.508 ; gain = 0.000
INFO: [Timing 38-480] Writing timing data to binary archive.
Write ShapeDB Complete: Time (s): cpu = 00:00:01 ; elapsed = 00:00:00.191 . Memory (MB): peak = 5696.508 ; gain = 0.000
Wrote PlaceDB: Time (s): cpu = 00:00:11 ; elapsed = 00:00:04 . Memory (MB): peak = 5696.508 ; gain = 0.000
Wrote PulsedLatchDB: Time (s): cpu = 00:00:00 ; elapsed = 00:00:00 . Memory (MB): peak = 5696.508 ; gain = 0.000
Writing XDEF routing.
Writing XDEF routing logical nets.
Writing XDEF routing special nets.
Wrote RouteStorage: Time (s): cpu = 00:00:02 ; elapsed = 00:00:00.913 . Memory (MB): peak = 5696.508 ; gain = 0.000
Wrote Netlist Cache: Time (s): cpu = 00:00:00 ; elapsed = 00:00:00.121 . Memory (MB): peak = 5696.508 ; gain = 0.000
Wrote Device Cache: Time (s): cpu = 00:00:00 ; elapsed = 00:00:00.015 . Memory (MB): peak = 5696.508 ; gain = 0.000
Write Physdb Complete: Time (s): cpu = 00:00:13 ; elapsed = 00:00:05 . Memory (MB): peak = 5696.508 ; gain = 0.000
INFO: [Common 17-1381] The checkpoint 'D:/repo/XCKU5PMini/udp_hls_10g/vivado_prj/p7b_ku5p_prj.runs/impl_1/wrapper_p4_routed.dcp' has been generated.
write_checkpoint: Time (s): cpu = 00:00:17 ; elapsed = 00:00:09 . Memory (MB): peak = 5696.508 ; gain = 0.000
INFO: [Memdata 28-208] The XPM instance: <u_pcie_xdma/inst/ram_top/mas_bridge_ram_write_512.MASTER_WRITE_FIFO/xpm_memory_sdpram_inst_loop[0].xpm_memory_sdpram_inst/xpm_memory_base_inst> is part of IP: <u_pcie_xdma>. This XPM instance will be excluded from the .mmi because updatemem is prohibited from making changes to an XPM that is part of an IP.
INFO: [Memdata 28-208] The XPM instance: <u_pcie_xdma/inst/ram_top/gen_c2h_bram.C2H_DAT0_FIFO/xpm_memory_sdpram_inst_loop[1].xpm_memory_sdpram_inst/xpm_memory_base_inst> is part of IP: <u_pcie_xdma>. This XPM instance will be excluded from the .mmi because updatemem is prohibited from making changes to an XPM that is part of an IP.
INFO: [Memdata 28-208] The XPM instance: <u_pcie_xdma/inst/ram_top/gen_c2h_bram.C2H_DAT0_FIFO/xpm_memory_sdpram_inst_loop[0].xpm_memory_sdpram_inst/xpm_memory_base_inst> is part of IP: <u_pcie_xdma>. This XPM instance will be excluded from the .mmi because updatemem is prohibited from making changes to an XPM that is part of an IP.
INFO: [Memdata 28-208] The XPM instance: <u_pcie_xdma/inst/ram_top/MASTER_READ_BRAM/xpm_memory_sdpram_inst_loop[0].xpm_memory_sdpram_inst/xpm_memory_base_inst> is part of IP: <u_pcie_xdma>. This XPM instance will be excluded from the .mmi because updatemem is prohibited from making changes to an XPM that is part of an IP.
Command: write_bitstream -force wrapper_p4.bit
Attempting to get a license for feature 'Implementation' and/or device 'xcku5p'
INFO: [Common 17-349] Got license for feature 'Implementation' and/or device 'xcku5p'
CRITICAL WARNING: [Vivado 12-1790] Evaluation License Warning: This design contains one or more IP cores that use separately licensed features. If the design has been configured to make use of evaluation features, please note that these features will cease to function after a certain period of time. Please consult the core datasheet to determine whether the core which you have configured will be affected. Evaluation features should NOT be used in production systems.

Evaluation cores found in this design:
    IP core 'pcs64' (xxv_ethernet_v5_0_2) was generated with multiple features:
        IP feature 'xxv_eth_basekr@2025.05' was enabled using a design_linking license.
        IP feature 'xxv_eth_mac_pcs@2025.05' was enabled using a design_linking license.
        IP feature 'xxv_tsn_802d1cm@2025.05' was enabled using a design_linking license.

Resolution: If a new IP Core license was added, in order for the new license to be picked up, the current netlist needs to be updated by resetting and re-generating the IP output products before bitstream generation.
Running DRC as a precondition to command write_bitstream
INFO: [IP_Flow 19-1839] IP Catalog is up to date.
INFO: [DRC 23-27] Running DRC with 8 threads
INFO: [Vivado 12-3199] DRC finished with 0 Errors
INFO: [Vivado 12-3200] Please refer to the DRC report (report_drc) for more information.
Integrating Hard IP ELF/MEM with the PDI.
INFO: [Designutils 20-2272] Running write_bitstream with 8 threads.
Loading data files...
Loading site data...
Loading route data...
Processing options...
Creating bitmap...
Creating bitstream...
Writing bitstream ./wrapper_p4.bit...
INFO: [Vivado 12-1842] Bitgen Completed Successfully.
INFO: [Common 17-83] Releasing license: Implementation
192 Infos, 12 Warnings, 2 Critical Warnings and 0 Errors encountered.
write_bitstream completed successfully
write_bitstream: Time (s): cpu = 00:01:19 ; elapsed = 00:00:22 . Memory (MB): peak = 5696.508 ; gain = 0.000
INFO: [Common 17-206] Exiting Vivado at Fri Oct  9 04:46:07 2026...
