#-----------------------------------------------------------
# xsim v2025.2 (64-bit)
# SW Build 6299465 on Fri Nov 14 19:35:11 GMT 2025
# IP Build 6300035 on Fri Nov 14 10:48:45 MST 2025
# SharedData Build 6298862 on Thu Nov 13 04:50:51 MST 2025
# Start of session at: Wed Sep 30 16:56:21 2026
# Process ID         : 12860
# Current directory  : D:/repo/XCKU5PMini/udp_hls_10g/_proj_10g/notes/p7b_rate8/sim/runRB
# Command line       : xsim.exe -log xs_lvl_full.log -mode tcl -source {xsim.dir/tb_lvl_full/xsim_script.tcl}
# Log file           : D:/repo/XCKU5PMini/udp_hls_10g/_proj_10g/notes/p7b_rate8/sim/runRB/xs_lvl_full.log
# Journal file       : D:/repo/XCKU5PMini/udp_hls_10g/_proj_10g/notes/p7b_rate8/sim/runRB\xsim.jou
# Running On         : xyz-intel
# Platform           : Windows Server 2016 or Windows 10
# Operating System   : 26200
# Processor Detail   : Intel(R) Core(TM) Ultra 7 265K
# CPU Frequency      : 3878 MHz
# CPU Physical cores : 20
# CPU Logical cores  : 20
# Host memory        : 68053 MB
# Swap memory        : 4294 MB
# Total Virtual      : 72348 MB
# Available Virtual  : 44598 MB
#-----------------------------------------------------------
source xsim.dir/tb_lvl_full/xsim_script.tcl
# xsim {tb_lvl_full} -autoloadwcfg -runall
Time resolution is 1 ps
run -all
--- tb_lvl_full: app -> cfg -> frame -> arb -> arb -> mac_tx_10g ---
  clk period            = 6.400 ns (156.25 MHz)
  delta app frames      = 794
  delta mac frames      = 794
  delta mac tx_words    = 300000
  FRAME PERIOD (mac)    = 377.834 cycles
  APP FRAME PERIOD      = 377.834 cycles
  PAYLOAD RATE (mac)    = 4869.9 Mbps
  PAYLOAD RATE (app)    = 4869.9 Mbps
  utx frames=801 bytes=1172688 drop=0 | mac abort=0
LVLFULL DONE
$finish called at time : 1939395200 ps : File "D:/repo/XCKU5PMini/udp_hls_10g/_proj_10g/notes/p7b_rate/tb_lvl_full.v" Line 154
run: Time (s): cpu = 00:00:01 ; elapsed = 00:00:09 . Memory (MB): peak = 226.438 ; gain = 0.000
exit
INFO: [Common 17-206] Exiting xsim at Wed Sep 30 16:56:31 2026...
