#-----------------------------------------------------------
# xsim v2025.2 (64-bit)
# SW Build 6299465 on Fri Nov 14 19:35:11 GMT 2025
# IP Build 6300035 on Fri Nov 14 10:48:45 MST 2025
# SharedData Build 6298862 on Thu Nov 13 04:50:51 MST 2025
# Start of session at: Wed Sep 30 16:55:35 2026
# Process ID         : 32180
# Current directory  : D:/repo/XCKU5PMini/udp_hls_10g/_proj_10g/notes/p7b_rate8/sim/runC
# Command line       : xsim.exe -log xs.log -mode tcl -source {xsim.dir/tb8/xsim_script.tcl}
# Log file           : D:/repo/XCKU5PMini/udp_hls_10g/_proj_10g/notes/p7b_rate8/sim/runC/xs.log
# Journal file       : D:/repo/XCKU5PMini/udp_hls_10g/_proj_10g/notes/p7b_rate8/sim/runC\xsim.jou
# Running On         : xyz-intel
# Platform           : Windows Server 2016 or Windows 10
# Operating System   : 26200
# Processor Detail   : Intel(R) Core(TM) Ultra 7 265K
# CPU Frequency      : 3878 MHz
# CPU Physical cores : 20
# CPU Logical cores  : 20
# Host memory        : 68053 MB
# Swap memory        : 4294 MB
# Total Virtual      : 72348 MB
# Available Virtual  : 44806 MB
#-----------------------------------------------------------
source xsim.dir/tb8/xsim_script.tcl
# xsim {tb8} -autoloadwcfg -runall
Time resolution is 1 ps
run -all
  [info] R0 жіЁе…Ґ q=372 lane1 bit0 (ж»Ўе­—)
  [info] R1 жіЁе…Ґ q=2 lane7 bit4 (ж»Ўе­—, еї…йЎ»жЉ“)
  [info] R1 жіЁе…Ґ q=184 lane7 bit4 (е°ѕе­—ж— ж•€ lane, еї…йЎ»дёЌжЉ“)
--- tb_app8_equiv (CAP=12000 bytes/config, 80000 cycles) ---
  T0: txf=416 txb=612376 | dump=12000 frm=9
  T1: txf=410 txb=606570 | dump=12000 frm=9
  T2: txf=11428 txb=57140 | dump=12000 frm=2400
  T3: txf=26667 txb=213336 | dump=12000 frm=1500
  T4: txf=404 txb=607316 | dump=12000 frm=8
  T5: txf=2 txb=4419 done=1 | dump=4419 frm=2
  T6: txf=410 txb=604864 | dump=12000 frm=9
  L0: txb=356224 rxb=356224 txf=242 mm=354779
  L1: txb=348572 rxb=348572 txf=236 mm=347211
  R0: rxb=8907 frames=12 null=1 mm=1 (exp 8907 / 12 / 1 / 1)
  R1: rxb=2949 frames=0 null=0 mm=1 (exp bytes 2949 / mm 1; sof жЃ’ 0 ж•…её§ж•°дёЌе€¤)
  [ ok ] dumpяяяѕяяяйяђ (яяяияяяµяяя№яяяйяяяєяяяіяяџ)
  [ ok ] dumpяяяѕяяяйяђ (яяяияяяµяяя№яяяйяяяєяяяіяяџ)
  [ ok ] dumpяяяѕяяяйяђ (яяяияяяµяяя№яяяйяяяєяяяіяяџ)
  [ ok ] dumpяяяѕяяяйяђ (яяяияяяµяяя№яяяйяяяєяяяіяяџ)
  [ ok ] dumpяяяѕяяяйяђ (яяяияяяµяяя№яяяйяяяєяяяіяяџ)
  [ ok ] dumpяяяѕяяяйяђ (яяяияяяµяяя№яяяйяяяєяяяіяяџ)
  [ ok ] Tяяяјяяяќ dump == 441яяяжяяя™яяяљяяяеяяя‡яяяЅяя)
  [ ok ] яяя§яя° > 3 яяя§яяяеяяя€яяяЇяя¤)
  [ ok ] яяя§яя° > 3 яяя§яяяеяяя€яяяЇяя¤)
  [ ok ] яяя§яя° > 3 яяя§яяяеяяя€яяяЇяя¤)
  [ ok ] яяя§яя° > 3 яяя§яяяеяяя€яяяЇяя¤)
  [ ok ] яяя§яя° > 3 яяя§яяяеяяя€яяяЇяя¤)
  [ ok ] яяя§яя° > 3 яяя§яяяеяяя€яяяЇяя¤)
  [ ok ] яяяеяяя•° == 2 (1472 + 2947:яяяўяя‰ remain>=4096яяя­яя‰)
  [ ok ] T5 TX_BYTESяяяљяяяжяяя°ѕ done=1
  [ ok ] T5яяяљяяяея± 4419 яяяия‚ (яяяеяяяЉяяяѕяя®)
  [FAIL] L0 яяязяяя›яяя±яяЌ (147яяяжяяя­яяяЇяя„)
  [ ok ] L0яяяћяяЇ rxb == txb (яяядяяя­яяя—яяяЌяя—)
  [ ok ] L0 яяязяяяЎяяяћяяядя† (txb > 10000: A/Bяяяџяяяжяяя°яяяЌяяЊ)
  [FAIL] L1 яяязяяя›яяя±яяЌ (147яяяеяяя­яяяЇяя„)
  [ ok ] яяяеяяяЋЇ rxb == txb
  [ ok ] R0яяя¶яяяияяя•° ==яяяЁяяяеяяяЉяяя°
  [ ok ] R0яяя§яя° == 1яяяея« 0яяяїяя§)
  [ ok ] R0 яяяжяяя€° 1 яяЄ яяя•яяя§
  [ ok ] R0яяя±яяяжя° 1яяя»яяя— lanяяязяяяЅяяя«яя“)
  [ ok ] R1яяя¶яяяияяя•° ==яяяЁяяяеяяяЉяяя°
  [ ok ] яяяеяяя…яяя° 1 (яяяея— lane7яяя“яяяеяяя­яяя яя€ laneяяяЌяя“)
TB_APP8_EQUIV: FAIL errs=2
TB8 DONE
$finish called at time : 512124800 ps : File "D:/repo/XCKU5PMini/udp_hls_10g/_proj_10g/notes/p7b_rate8/sim/tb_app8_equiv.v" Line 505
exit
INFO: [Common 17-206] Exiting xsim at Wed Sep 30 16:55:40 2026...
