Copyright 1986-2022 Xilinx, Inc. All Rights Reserved. Copyright 2022-2025 Advanced Micro Devices, Inc. All Rights Reserved.
---------------------------------------------------------------------------------------------------------------------------------------------------------------------------------------------------------------------------------
| Tool Version      : Vivado v.2025.2 (win64) Build 6299465 Fri Nov 14 19:35:11 GMT 2025
| Date              : Sun Oct 11 00:56:32 2026
| Host              : xyz-intel running 64-bit major release  (build 9200)
| Command           : report_timing -from [get_cells -hier -quiet -filter {NAME =~ *ring_hi_reg*}] -max_paths 5 -delay_type max -sort_by slack -file {C:\Users\zhxue\AppData\Local\Temp\p7b_0x1C_query\out/ring_hi_reg_from.rpt}
| Design            : wrapper_p4
| Device            : xcku5p-ffvb676
| Speed File        : -1  PRODUCTION 1.29 05-01-2022
| Design State      : Routed
| Temperature Grade : E
---------------------------------------------------------------------------------------------------------------------------------------------------------------------------------------------------------------------------------

Timing Report

Slack (MET) :             2.101ns  (required time - arrival time)
  Source:                 u_tcp_tx/ring_hi_reg[0]/C
                            (rising edge-triggered cell FDCE clocked by g_hw.clk_out0  {rise@0.000ns fall@3.200ns period=6.400ns})
  Destination:            u_tcb/snd_nxt_r_reg[5][28]/D
                            (rising edge-triggered cell FDCE clocked by g_hw.clk_out0  {rise@0.000ns fall@3.200ns period=6.400ns})
  Path Group:             g_hw.clk_out0
  Path Type:              Setup (Max at Slow Process Corner)
  Requirement:            6.400ns  (g_hw.clk_out0 rise@6.400ns - g_hw.clk_out0 rise@0.000ns)
  Data Path Delay:        4.145ns  (logic 1.060ns (25.573%)  route 3.085ns (74.427%))
  Logic Levels:           9  (CARRY8=2 LUT2=1 LUT4=1 LUT5=3 LUT6=2)
  Clock Path Skew:        -0.119ns (DCD - SCD + CPR)
    Destination Clock Delay (DCD):    4.826ns = ( 11.226 - 6.400 ) 
    Source Clock Delay      (SCD):    4.615ns
    Clock Pessimism Removal (CPR):    -0.330ns
  Clock Uncertainty:      0.062ns  ((TSJ^2 + DJ^2)^1/2) / 2 + PE
    Total System Jitter     (TSJ):    0.071ns
    Discrete Jitter          (DJ):    0.101ns
    Phase Error              (PE):    0.000ns
  Clock Net Delay (Source):      1.723ns (routing 0.606ns, distribution 1.117ns)
  Clock Net Delay (Destination): 1.552ns (routing 0.554ns, distribution 0.998ns)

    Location             Delay type                Incr(ns)  Path(ns)    Netlist Resource(s)
  -------------------------------------------------------------------    -------------------
                         (clock g_hw.clk_out0 rise edge)
                                                      0.000     0.000 r  
    T25                                               0.000     0.000 r  sys_clk_p (IN)
                         net (fo=0)                   0.100     0.100    u_clkgen/g_hw.u_ibufds/I
    HPIOBDIFFINBUF_X0Y37 DIFFINBUF (Prop_DIFFINBUF_HPIOBDIFFINBUF_DIFF_IN_P_O)
                                                      0.479     0.579 r  u_clkgen/g_hw.u_ibufds/DIFFINBUF_INST/O
                         net (fo=1, routed)           0.050     0.629    u_clkgen/g_hw.u_ibufds/OUT
    T25                  IBUFCTRL (Prop_IBUFCTRL_HPIOB_M_I_O)
                                                      0.000     0.629 r  u_clkgen/g_hw.u_ibufds/IBUFCTRL_INST/O
                         net (fo=1, routed)           0.345     0.974    u_clkgen/g_hw.clk_in_ibuf
    BUFGCE_X0Y41         BUFGCE (Prop_BUFCE_BUFGCE_I_O)
                                                      0.028     1.002 r  u_clkgen/g_hw.u_bufg_in/O
                         net (fo=485, routed)         1.711     2.713    u_clkgen/clk_in_100
    MMCM_X0Y1            MMCME4_ADV (Prop_MMCM_CLKIN1_CLKOUT0)
                                                     -0.106     2.607 r  u_clkgen/g_hw.u_mmcm/CLKOUT0
                         net (fo=1, routed)           0.257     2.864    u_clkgen/g_hw.clk_out0
    BUFGCE_X0Y29         BUFGCE (Prop_BUFCE_BUFGCE_I_O)
                                                      0.028     2.892 r  u_clkgen/g_hw.u_bufg_out/O
    X1Y1 (CLOCK_ROOT)    net (fo=50147, routed)       1.723     4.615    u_tcp_tx/dp_clk
    SLICE_X35Y106        FDCE                                         r  u_tcp_tx/ring_hi_reg[0]/C
  -------------------------------------------------------------------    -------------------
    SLICE_X35Y106        FDCE (Prop_DFF_SLICEM_C_Q)
                                                      0.096     4.711 r  u_tcp_tx/ring_hi_reg[0]/Q
                         net (fo=5, routed)           0.572     5.283    u_tcp_tx/u_ackq/nbeats_reg[7]_i_5_1[0]
    SLICE_X33Y107        LUT6 (Prop_A6LUT_SLICEL_I0_O)
                                                      0.178     5.461 r  u_tcp_tx/u_ackq/nbeats[7]_i_40/O
                         net (fo=1, routed)           0.011     5.472    u_tcp_tx/u_ackq/nbeats[7]_i_40_n_53
    SLICE_X33Y107        CARRY8 (Prop_CARRY8_SLICEL_S[0]_CO[7])
                                                      0.238     5.710 f  u_tcp_tx/u_ackq/nbeats_reg[7]_i_18/CO[7]
                         net (fo=1, routed)           0.028     5.738    u_tcp_tx/u_ackq/nbeats_reg[7]_i_18_n_53
    SLICE_X33Y108        CARRY8 (Prop_CARRY8_SLICEL_CI_CO[2])
                                                      0.073     5.811 f  u_tcp_tx/u_ackq/nbeats_reg[7]_i_5/CO[2]
                         net (fo=6, routed)           0.269     6.080    u_tcp_tx/ring_hi_reg[31]_1[0]
    SLICE_X32Y111        LUT5 (Prop_A6LUT_SLICEM_I1_O)
                                                      0.100     6.180 r  u_tcp_tx/fc_rr[3]_i_7/O
                         net (fo=1, routed)           0.114     6.294    u_tcp_tx/fc_rr[3]_i_7_n_53
    SLICE_X32Y113        LUT5 (Prop_C6LUT_SLICEM_I4_O)
                                                      0.038     6.332 f  u_tcp_tx/fc_rr[3]_i_6/O
                         net (fo=37, routed)          0.368     6.699    u_tcp_tx/u_ackq/wscale_r_reg[14][0]_1
    SLICE_X33Y121        LUT6 (Prop_H6LUT_SLICEL_I5_O)
                                                      0.116     6.815 f  u_tcp_tx/u_ackq/fc_rr[3]_i_4/O
                         net (fo=56, routed)          0.189     7.005    u_tcp_rx/tx_upd_wr
    SLICE_X33Y122        LUT2 (Prop_B6LUT_SLICEL_I1_O)
                                                      0.040     7.045 r  u_tcp_rx/FSM_onehot_drn[3]_i_4/O
                         net (fo=37, routed)          0.357     7.402    u_tcp_rx/sel_rx
    SLICE_X29Y125        LUT4 (Prop_H6LUT_SLICEM_I1_O)
                                                      0.117     7.519 r  u_tcp_rx/rcv_nxt_r[0][28]_i_3/O
                         net (fo=1, routed)           0.369     7.888    u_tcp_tx/u_ackq/snd_una_r_reg[14][28]
    SLICE_X26Y120        LUT5 (Prop_H6LUT_SLICEL_I4_O)
                                                      0.064     7.952 r  u_tcp_tx/u_ackq/rcv_nxt_r[0][28]_i_1/O
                         net (fo=48, routed)          0.808     8.760    u_tcb/upd_val[28]
    SLICE_X41Y124        FDCE                                         r  u_tcb/snd_nxt_r_reg[5][28]/D
  -------------------------------------------------------------------    -------------------

                         (clock g_hw.clk_out0 rise edge)
                                                      6.400     6.400 r  
    T25                                               0.000     6.400 r  sys_clk_p (IN)
                         net (fo=0)                   0.079     6.479    u_clkgen/g_hw.u_ibufds/I
    HPIOBDIFFINBUF_X0Y37 DIFFINBUF (Prop_DIFFINBUF_HPIOBDIFFINBUF_DIFF_IN_P_O)
                                                      0.398     6.877 r  u_clkgen/g_hw.u_ibufds/DIFFINBUF_INST/O
                         net (fo=1, routed)           0.040     6.917    u_clkgen/g_hw.u_ibufds/OUT
    T25                  IBUFCTRL (Prop_IBUFCTRL_HPIOB_M_I_O)
                                                      0.000     6.917 r  u_clkgen/g_hw.u_ibufds/IBUFCTRL_INST/O
                         net (fo=1, routed)           0.304     7.221    u_clkgen/g_hw.clk_in_ibuf
    BUFGCE_X0Y41         BUFGCE (Prop_BUFCE_BUFGCE_I_O)
                                                      0.024     7.245 r  u_clkgen/g_hw.u_bufg_in/O
                         net (fo=485, routed)         1.533     8.778    u_clkgen/clk_in_100
    MMCM_X0Y1            MMCME4_ADV (Prop_MMCM_CLKIN1_CLKOUT0)
                                                      0.644     9.422 r  u_clkgen/g_hw.u_mmcm/CLKOUT0
                         net (fo=1, routed)           0.228     9.650    u_clkgen/g_hw.clk_out0
    BUFGCE_X0Y29         BUFGCE (Prop_BUFCE_BUFGCE_I_O)
                                                      0.024     9.674 r  u_clkgen/g_hw.u_bufg_out/O
    X1Y1 (CLOCK_ROOT)    net (fo=50147, routed)       1.552    11.226    u_tcb/dp_clk
    SLICE_X41Y124        FDCE                                         r  u_tcb/snd_nxt_r_reg[5][28]/C
                         clock pessimism             -0.330    10.896    
                         clock uncertainty           -0.062    10.834    
    SLICE_X41Y124        FDCE (Setup_FFF2_SLICEL_C_D)
                                                      0.027    10.861    u_tcb/snd_nxt_r_reg[5][28]
  -------------------------------------------------------------------
                         required time                         10.861    
                         arrival time                          -8.760    
  -------------------------------------------------------------------
                         slack                                  2.101    

Slack (MET) :             2.104ns  (required time - arrival time)
  Source:                 u_tcp_tx/ring_hi_reg[0]/C
                            (rising edge-triggered cell FDCE clocked by g_hw.clk_out0  {rise@0.000ns fall@3.200ns period=6.400ns})
  Destination:            u_tcb/snd_una_r_reg[2][29]/CE
                            (rising edge-triggered cell FDCE clocked by g_hw.clk_out0  {rise@0.000ns fall@3.200ns period=6.400ns})
  Path Group:             g_hw.clk_out0
  Path Type:              Setup (Max at Slow Process Corner)
  Requirement:            6.400ns  (g_hw.clk_out0 rise@6.400ns - g_hw.clk_out0 rise@0.000ns)
  Data Path Delay:        4.158ns  (logic 1.264ns (30.397%)  route 2.894ns (69.603%))
  Logic Levels:           9  (CARRY8=2 LUT5=2 LUT6=5)
  Clock Path Skew:        -0.033ns (DCD - SCD + CPR)
    Destination Clock Delay (DCD):    4.856ns = ( 11.256 - 6.400 ) 
    Source Clock Delay      (SCD):    4.615ns
    Clock Pessimism Removal (CPR):    -0.274ns
  Clock Uncertainty:      0.062ns  ((TSJ^2 + DJ^2)^1/2) / 2 + PE
    Total System Jitter     (TSJ):    0.071ns
    Discrete Jitter          (DJ):    0.101ns
    Phase Error              (PE):    0.000ns
  Clock Net Delay (Source):      1.723ns (routing 0.606ns, distribution 1.117ns)
  Clock Net Delay (Destination): 1.582ns (routing 0.554ns, distribution 1.028ns)

    Location             Delay type                Incr(ns)  Path(ns)    Netlist Resource(s)
  -------------------------------------------------------------------    -------------------
                         (clock g_hw.clk_out0 rise edge)
                                                      0.000     0.000 r  
    T25                                               0.000     0.000 r  sys_clk_p (IN)
                         net (fo=0)                   0.100     0.100    u_clkgen/g_hw.u_ibufds/I
    HPIOBDIFFINBUF_X0Y37 DIFFINBUF (Prop_DIFFINBUF_HPIOBDIFFINBUF_DIFF_IN_P_O)
                                                      0.479     0.579 r  u_clkgen/g_hw.u_ibufds/DIFFINBUF_INST/O
                         net (fo=1, routed)           0.050     0.629    u_clkgen/g_hw.u_ibufds/OUT
    T25                  IBUFCTRL (Prop_IBUFCTRL_HPIOB_M_I_O)
                                                      0.000     0.629 r  u_clkgen/g_hw.u_ibufds/IBUFCTRL_INST/O
                         net (fo=1, routed)           0.345     0.974    u_clkgen/g_hw.clk_in_ibuf
    BUFGCE_X0Y41         BUFGCE (Prop_BUFCE_BUFGCE_I_O)
                                                      0.028     1.002 r  u_clkgen/g_hw.u_bufg_in/O
                         net (fo=485, routed)         1.711     2.713    u_clkgen/clk_in_100
    MMCM_X0Y1            MMCME4_ADV (Prop_MMCM_CLKIN1_CLKOUT0)
                                                     -0.106     2.607 r  u_clkgen/g_hw.u_mmcm/CLKOUT0
                         net (fo=1, routed)           0.257     2.864    u_clkgen/g_hw.clk_out0
    BUFGCE_X0Y29         BUFGCE (Prop_BUFCE_BUFGCE_I_O)
                                                      0.028     2.892 r  u_clkgen/g_hw.u_bufg_out/O
    X1Y1 (CLOCK_ROOT)    net (fo=50147, routed)       1.723     4.615    u_tcp_tx/dp_clk
    SLICE_X35Y106        FDCE                                         r  u_tcp_tx/ring_hi_reg[0]/C
  -------------------------------------------------------------------    -------------------
    SLICE_X35Y106        FDCE (Prop_DFF_SLICEM_C_Q)
                                                      0.096     4.711 r  u_tcp_tx/ring_hi_reg[0]/Q
                         net (fo=5, routed)           0.572     5.283    u_tcp_tx/u_ackq/nbeats_reg[7]_i_5_1[0]
    SLICE_X33Y107        LUT6 (Prop_A6LUT_SLICEL_I0_O)
                                                      0.178     5.461 r  u_tcp_tx/u_ackq/nbeats[7]_i_40/O
                         net (fo=1, routed)           0.011     5.472    u_tcp_tx/u_ackq/nbeats[7]_i_40_n_53
    SLICE_X33Y107        CARRY8 (Prop_CARRY8_SLICEL_S[0]_CO[7])
                                                      0.238     5.710 r  u_tcp_tx/u_ackq/nbeats_reg[7]_i_18/CO[7]
                         net (fo=1, routed)           0.028     5.738    u_tcp_tx/u_ackq/nbeats_reg[7]_i_18_n_53
    SLICE_X33Y108        CARRY8 (Prop_CARRY8_SLICEL_CI_CO[2])
                                                      0.073     5.811 r  u_tcp_tx/u_ackq/nbeats_reg[7]_i_5/CO[2]
                         net (fo=6, routed)           0.269     6.080    u_tcp_tx/ring_hi_reg[31]_1[0]
    SLICE_X32Y111        LUT5 (Prop_A6LUT_SLICEM_I1_O)
                                                      0.100     6.180 f  u_tcp_tx/fc_rr[3]_i_7/O
                         net (fo=1, routed)           0.114     6.294    u_tcp_tx/fc_rr[3]_i_7_n_53
    SLICE_X32Y113        LUT5 (Prop_C6LUT_SLICEM_I4_O)
                                                      0.038     6.332 r  u_tcp_tx/fc_rr[3]_i_6/O
                         net (fo=37, routed)          0.368     6.699    u_tcp_tx/u_ackq/wscale_r_reg[14][0]_1
    SLICE_X33Y121        LUT6 (Prop_H6LUT_SLICEL_I5_O)
                                                      0.116     6.815 r  u_tcp_tx/u_ackq/fc_rr[3]_i_4/O
                         net (fo=56, routed)          0.242     7.058    u_slow_cfg/tx_upd_wr
    SLICE_X33Y126        LUT6 (Prop_H6LUT_SLICEL_I5_O)
                                                      0.179     7.237 f  u_slow_cfg/rcv_nxt_r[0][31]_i_7/O
                         net (fo=36, routed)          0.141     7.378    u_slow_cfg/tcb_sel[2]
    SLICE_X33Y124        LUT6 (Prop_D6LUT_SLICEL_I4_O)
                                                      0.147     7.525 r  u_slow_cfg/snd_una_r[0][31]_i_3/O
                         net (fo=16, routed)          0.587     8.112    u_tcp_tx/u_ackq/snd_una_r_reg[7][31]
    SLICE_X24Y123        LUT6 (Prop_D6LUT_SLICEL_I0_O)
                                                      0.099     8.211 r  u_tcp_tx/u_ackq/snd_una_r[2][31]_i_1/O
                         net (fo=32, routed)          0.562     8.773    u_tcb/snd_una_r_reg[2][31]_0[0]
    SLICE_X22Y114        FDCE                                         r  u_tcb/snd_una_r_reg[2][29]/CE
  -------------------------------------------------------------------    -------------------

                         (clock g_hw.clk_out0 rise edge)
                                                      6.400     6.400 r  
    T25                                               0.000     6.400 r  sys_clk_p (IN)
                         net (fo=0)                   0.079     6.479    u_clkgen/g_hw.u_ibufds/I
    HPIOBDIFFINBUF_X0Y37 DIFFINBUF (Prop_DIFFINBUF_HPIOBDIFFINBUF_DIFF_IN_P_O)
                                                      0.398     6.877 r  u_clkgen/g_hw.u_ibufds/DIFFINBUF_INST/O
                         net (fo=1, routed)           0.040     6.917    u_clkgen/g_hw.u_ibufds/OUT
    T25                  IBUFCTRL (Prop_IBUFCTRL_HPIOB_M_I_O)
                                                      0.000     6.917 r  u_clkgen/g_hw.u_ibufds/IBUFCTRL_INST/O
                         net (fo=1, routed)           0.304     7.221    u_clkgen/g_hw.clk_in_ibuf
    BUFGCE_X0Y41         BUFGCE (Prop_BUFCE_BUFGCE_I_O)
                                                      0.024     7.245 r  u_clkgen/g_hw.u_bufg_in/O
                         net (fo=485, routed)         1.533     8.778    u_clkgen/clk_in_100
    MMCM_X0Y1            MMCME4_ADV (Prop_MMCM_CLKIN1_CLKOUT0)
                                                      0.644     9.422 r  u_clkgen/g_hw.u_mmcm/CLKOUT0
                         net (fo=1, routed)           0.228     9.650    u_clkgen/g_hw.clk_out0
    BUFGCE_X0Y29         BUFGCE (Prop_BUFCE_BUFGCE_I_O)
                                                      0.024     9.674 r  u_clkgen/g_hw.u_bufg_out/O
    X1Y1 (CLOCK_ROOT)    net (fo=50147, routed)       1.582    11.256    u_tcb/dp_clk
    SLICE_X22Y114        FDCE                                         r  u_tcb/snd_una_r_reg[2][29]/C
                         clock pessimism             -0.274    10.982    
                         clock uncertainty           -0.062    10.920    
    SLICE_X22Y114        FDCE (Setup_EFF_SLICEL_C_CE)
                                                     -0.043    10.877    u_tcb/snd_una_r_reg[2][29]
  -------------------------------------------------------------------
                         required time                         10.877    
                         arrival time                          -8.773    
  -------------------------------------------------------------------
                         slack                                  2.104    

Slack (MET) :             2.109ns  (required time - arrival time)
  Source:                 u_tcp_tx/ring_hi_reg[0]/C
                            (rising edge-triggered cell FDCE clocked by g_hw.clk_out0  {rise@0.000ns fall@3.200ns period=6.400ns})
  Destination:            u_tcb/snd_nxt_r_reg[15][11]/CE
                            (rising edge-triggered cell FDCE clocked by g_hw.clk_out0  {rise@0.000ns fall@3.200ns period=6.400ns})
  Path Group:             g_hw.clk_out0
  Path Type:              Setup (Max at Slow Process Corner)
  Requirement:            6.400ns  (g_hw.clk_out0 rise@6.400ns - g_hw.clk_out0 rise@0.000ns)
  Data Path Delay:        4.069ns  (logic 1.113ns (27.353%)  route 2.956ns (72.647%))
  Logic Levels:           9  (CARRY8=2 LUT3=1 LUT5=4 LUT6=2)
  Clock Path Skew:        -0.117ns (DCD - SCD + CPR)
    Destination Clock Delay (DCD):    4.774ns = ( 11.174 - 6.400 ) 
    Source Clock Delay      (SCD):    4.615ns
    Clock Pessimism Removal (CPR):    -0.276ns
  Clock Uncertainty:      0.062ns  ((TSJ^2 + DJ^2)^1/2) / 2 + PE
    Total System Jitter     (TSJ):    0.071ns
    Discrete Jitter          (DJ):    0.101ns
    Phase Error              (PE):    0.000ns
  Clock Net Delay (Source):      1.723ns (routing 0.606ns, distribution 1.117ns)
  Clock Net Delay (Destination): 1.500ns (routing 0.554ns, distribution 0.946ns)

    Location             Delay type                Incr(ns)  Path(ns)    Netlist Resource(s)
  -------------------------------------------------------------------    -------------------
                         (clock g_hw.clk_out0 rise edge)
                                                      0.000     0.000 r  
    T25                                               0.000     0.000 r  sys_clk_p (IN)
                         net (fo=0)                   0.100     0.100    u_clkgen/g_hw.u_ibufds/I
    HPIOBDIFFINBUF_X0Y37 DIFFINBUF (Prop_DIFFINBUF_HPIOBDIFFINBUF_DIFF_IN_P_O)
                                                      0.479     0.579 r  u_clkgen/g_hw.u_ibufds/DIFFINBUF_INST/O
                         net (fo=1, routed)           0.050     0.629    u_clkgen/g_hw.u_ibufds/OUT
    T25                  IBUFCTRL (Prop_IBUFCTRL_HPIOB_M_I_O)
                                                      0.000     0.629 r  u_clkgen/g_hw.u_ibufds/IBUFCTRL_INST/O
                         net (fo=1, routed)           0.345     0.974    u_clkgen/g_hw.clk_in_ibuf
    BUFGCE_X0Y41         BUFGCE (Prop_BUFCE_BUFGCE_I_O)
                                                      0.028     1.002 r  u_clkgen/g_hw.u_bufg_in/O
                         net (fo=485, routed)         1.711     2.713    u_clkgen/clk_in_100
    MMCM_X0Y1            MMCME4_ADV (Prop_MMCM_CLKIN1_CLKOUT0)
                                                     -0.106     2.607 r  u_clkgen/g_hw.u_mmcm/CLKOUT0
                         net (fo=1, routed)           0.257     2.864    u_clkgen/g_hw.clk_out0
    BUFGCE_X0Y29         BUFGCE (Prop_BUFCE_BUFGCE_I_O)
                                                      0.028     2.892 r  u_clkgen/g_hw.u_bufg_out/O
    X1Y1 (CLOCK_ROOT)    net (fo=50147, routed)       1.723     4.615    u_tcp_tx/dp_clk
    SLICE_X35Y106        FDCE                                         r  u_tcp_tx/ring_hi_reg[0]/C
  -------------------------------------------------------------------    -------------------
    SLICE_X35Y106        FDCE (Prop_DFF_SLICEM_C_Q)
                                                      0.096     4.711 r  u_tcp_tx/ring_hi_reg[0]/Q
                         net (fo=5, routed)           0.572     5.283    u_tcp_tx/u_ackq/nbeats_reg[7]_i_5_1[0]
    SLICE_X33Y107        LUT6 (Prop_A6LUT_SLICEL_I0_O)
                                                      0.178     5.461 r  u_tcp_tx/u_ackq/nbeats[7]_i_40/O
                         net (fo=1, routed)           0.011     5.472    u_tcp_tx/u_ackq/nbeats[7]_i_40_n_53
    SLICE_X33Y107        CARRY8 (Prop_CARRY8_SLICEL_S[0]_CO[7])
                                                      0.238     5.710 r  u_tcp_tx/u_ackq/nbeats_reg[7]_i_18/CO[7]
                         net (fo=1, routed)           0.028     5.738    u_tcp_tx/u_ackq/nbeats_reg[7]_i_18_n_53
    SLICE_X33Y108        CARRY8 (Prop_CARRY8_SLICEL_CI_CO[2])
                                                      0.073     5.811 r  u_tcp_tx/u_ackq/nbeats_reg[7]_i_5/CO[2]
                         net (fo=6, routed)           0.269     6.080    u_tcp_tx/ring_hi_reg[31]_1[0]
    SLICE_X32Y111        LUT5 (Prop_A6LUT_SLICEM_I1_O)
                                                      0.100     6.180 f  u_tcp_tx/fc_rr[3]_i_7/O
                         net (fo=1, routed)           0.114     6.294    u_tcp_tx/fc_rr[3]_i_7_n_53
    SLICE_X32Y113        LUT5 (Prop_C6LUT_SLICEM_I4_O)
                                                      0.038     6.332 r  u_tcp_tx/fc_rr[3]_i_6/O
                         net (fo=37, routed)          0.376     6.708    u_tcp_tx/u_ackq/wscale_r_reg[14][0]_1
    SLICE_X35Y115        LUT5 (Prop_E6LUT_SLICEM_I3_O)
                                                      0.063     6.771 r  u_tcp_tx/u_ackq/rcv_nxt_r[0][31]_i_32/O
                         net (fo=1, routed)           0.455     7.226    u_tcp_tx/u_ackq/rcv_nxt_r[0][31]_i_32_n_53
    SLICE_X35Y128        LUT5 (Prop_G6LUT_SLICEM_I4_O)
                                                      0.064     7.290 r  u_tcp_tx/u_ackq/rcv_nxt_r[0][31]_i_13/O
                         net (fo=1, routed)           0.053     7.343    u_tcp_tx/u_ackq/tx_upd_id[1]
    SLICE_X35Y128        LUT3 (Prop_F6LUT_SLICEM_I0_O)
                                                      0.113     7.456 r  u_tcp_tx/u_ackq/rcv_nxt_r[0][31]_i_3/O
                         net (fo=112, routed)         0.504     7.960    u_tcp_tx/u_ackq/tcb_id[1]
    SLICE_X35Y118        LUT6 (Prop_A6LUT_SLICEM_I1_O)
                                                      0.150     8.110 r  u_tcp_tx/u_ackq/snd_nxt_r[15][31]_i_1/O
                         net (fo=32, routed)          0.574     8.684    u_tcb/snd_nxt_r_reg[15][31]_0[0]
    SLICE_X34Y109        FDCE                                         r  u_tcb/snd_nxt_r_reg[15][11]/CE
  -------------------------------------------------------------------    -------------------

                         (clock g_hw.clk_out0 rise edge)
                                                      6.400     6.400 r  
    T25                                               0.000     6.400 r  sys_clk_p (IN)
                         net (fo=0)                   0.079     6.479    u_clkgen/g_hw.u_ibufds/I
    HPIOBDIFFINBUF_X0Y37 DIFFINBUF (Prop_DIFFINBUF_HPIOBDIFFINBUF_DIFF_IN_P_O)
                                                      0.398     6.877 r  u_clkgen/g_hw.u_ibufds/DIFFINBUF_INST/O
                         net (fo=1, routed)           0.040     6.917    u_clkgen/g_hw.u_ibufds/OUT
    T25                  IBUFCTRL (Prop_IBUFCTRL_HPIOB_M_I_O)
                                                      0.000     6.917 r  u_clkgen/g_hw.u_ibufds/IBUFCTRL_INST/O
                         net (fo=1, routed)           0.304     7.221    u_clkgen/g_hw.clk_in_ibuf
    BUFGCE_X0Y41         BUFGCE (Prop_BUFCE_BUFGCE_I_O)
                                                      0.024     7.245 r  u_clkgen/g_hw.u_bufg_in/O
                         net (fo=485, routed)         1.533     8.778    u_clkgen/clk_in_100
    MMCM_X0Y1            MMCME4_ADV (Prop_MMCM_CLKIN1_CLKOUT0)
                                                      0.644     9.422 r  u_clkgen/g_hw.u_mmcm/CLKOUT0
                         net (fo=1, routed)           0.228     9.650    u_clkgen/g_hw.clk_out0
    BUFGCE_X0Y29         BUFGCE (Prop_BUFCE_BUFGCE_I_O)
                                                      0.024     9.674 r  u_clkgen/g_hw.u_bufg_out/O
    X1Y1 (CLOCK_ROOT)    net (fo=50147, routed)       1.500    11.174    u_tcb/dp_clk
    SLICE_X34Y109        FDCE                                         r  u_tcb/snd_nxt_r_reg[15][11]/C
                         clock pessimism             -0.276    10.897    
                         clock uncertainty           -0.062    10.836    
    SLICE_X34Y109        FDCE (Setup_HFF2_SLICEM_C_CE)
                                                     -0.043    10.793    u_tcb/snd_nxt_r_reg[15][11]
  -------------------------------------------------------------------
                         required time                         10.793    
                         arrival time                          -8.684    
  -------------------------------------------------------------------
                         slack                                  2.109    

Slack (MET) :             2.109ns  (required time - arrival time)
  Source:                 u_tcp_tx/ring_hi_reg[0]/C
                            (rising edge-triggered cell FDCE clocked by g_hw.clk_out0  {rise@0.000ns fall@3.200ns period=6.400ns})
  Destination:            u_tcb/snd_nxt_r_reg[15][1]/CE
                            (rising edge-triggered cell FDCE clocked by g_hw.clk_out0  {rise@0.000ns fall@3.200ns period=6.400ns})
  Path Group:             g_hw.clk_out0
  Path Type:              Setup (Max at Slow Process Corner)
  Requirement:            6.400ns  (g_hw.clk_out0 rise@6.400ns - g_hw.clk_out0 rise@0.000ns)
  Data Path Delay:        4.069ns  (logic 1.113ns (27.353%)  route 2.956ns (72.647%))
  Logic Levels:           9  (CARRY8=2 LUT3=1 LUT5=4 LUT6=2)
  Clock Path Skew:        -0.117ns (DCD - SCD + CPR)
    Destination Clock Delay (DCD):    4.774ns = ( 11.174 - 6.400 ) 
    Source Clock Delay      (SCD):    4.615ns
    Clock Pessimism Removal (CPR):    -0.276ns
  Clock Uncertainty:      0.062ns  ((TSJ^2 + DJ^2)^1/2) / 2 + PE
    Total System Jitter     (TSJ):    0.071ns
    Discrete Jitter          (DJ):    0.101ns
    Phase Error              (PE):    0.000ns
  Clock Net Delay (Source):      1.723ns (routing 0.606ns, distribution 1.117ns)
  Clock Net Delay (Destination): 1.500ns (routing 0.554ns, distribution 0.946ns)

    Location             Delay type                Incr(ns)  Path(ns)    Netlist Resource(s)
  -------------------------------------------------------------------    -------------------
                         (clock g_hw.clk_out0 rise edge)
                                                      0.000     0.000 r  
    T25                                               0.000     0.000 r  sys_clk_p (IN)
                         net (fo=0)                   0.100     0.100    u_clkgen/g_hw.u_ibufds/I
    HPIOBDIFFINBUF_X0Y37 DIFFINBUF (Prop_DIFFINBUF_HPIOBDIFFINBUF_DIFF_IN_P_O)
                                                      0.479     0.579 r  u_clkgen/g_hw.u_ibufds/DIFFINBUF_INST/O
                         net (fo=1, routed)           0.050     0.629    u_clkgen/g_hw.u_ibufds/OUT
    T25                  IBUFCTRL (Prop_IBUFCTRL_HPIOB_M_I_O)
                                                      0.000     0.629 r  u_clkgen/g_hw.u_ibufds/IBUFCTRL_INST/O
                         net (fo=1, routed)           0.345     0.974    u_clkgen/g_hw.clk_in_ibuf
    BUFGCE_X0Y41         BUFGCE (Prop_BUFCE_BUFGCE_I_O)
                                                      0.028     1.002 r  u_clkgen/g_hw.u_bufg_in/O
                         net (fo=485, routed)         1.711     2.713    u_clkgen/clk_in_100
    MMCM_X0Y1            MMCME4_ADV (Prop_MMCM_CLKIN1_CLKOUT0)
                                                     -0.106     2.607 r  u_clkgen/g_hw.u_mmcm/CLKOUT0
                         net (fo=1, routed)           0.257     2.864    u_clkgen/g_hw.clk_out0
    BUFGCE_X0Y29         BUFGCE (Prop_BUFCE_BUFGCE_I_O)
                                                      0.028     2.892 r  u_clkgen/g_hw.u_bufg_out/O
    X1Y1 (CLOCK_ROOT)    net (fo=50147, routed)       1.723     4.615    u_tcp_tx/dp_clk
    SLICE_X35Y106        FDCE                                         r  u_tcp_tx/ring_hi_reg[0]/C
  -------------------------------------------------------------------    -------------------
    SLICE_X35Y106        FDCE (Prop_DFF_SLICEM_C_Q)
                                                      0.096     4.711 r  u_tcp_tx/ring_hi_reg[0]/Q
                         net (fo=5, routed)           0.572     5.283    u_tcp_tx/u_ackq/nbeats_reg[7]_i_5_1[0]
    SLICE_X33Y107        LUT6 (Prop_A6LUT_SLICEL_I0_O)
                                                      0.178     5.461 r  u_tcp_tx/u_ackq/nbeats[7]_i_40/O
                         net (fo=1, routed)           0.011     5.472    u_tcp_tx/u_ackq/nbeats[7]_i_40_n_53
    SLICE_X33Y107        CARRY8 (Prop_CARRY8_SLICEL_S[0]_CO[7])
                                                      0.238     5.710 r  u_tcp_tx/u_ackq/nbeats_reg[7]_i_18/CO[7]
                         net (fo=1, routed)           0.028     5.738    u_tcp_tx/u_ackq/nbeats_reg[7]_i_18_n_53
    SLICE_X33Y108        CARRY8 (Prop_CARRY8_SLICEL_CI_CO[2])
                                                      0.073     5.811 r  u_tcp_tx/u_ackq/nbeats_reg[7]_i_5/CO[2]
                         net (fo=6, routed)           0.269     6.080    u_tcp_tx/ring_hi_reg[31]_1[0]
    SLICE_X32Y111        LUT5 (Prop_A6LUT_SLICEM_I1_O)
                                                      0.100     6.180 f  u_tcp_tx/fc_rr[3]_i_7/O
                         net (fo=1, routed)           0.114     6.294    u_tcp_tx/fc_rr[3]_i_7_n_53
    SLICE_X32Y113        LUT5 (Prop_C6LUT_SLICEM_I4_O)
                                                      0.038     6.332 r  u_tcp_tx/fc_rr[3]_i_6/O
                         net (fo=37, routed)          0.376     6.708    u_tcp_tx/u_ackq/wscale_r_reg[14][0]_1
    SLICE_X35Y115        LUT5 (Prop_E6LUT_SLICEM_I3_O)
                                                      0.063     6.771 r  u_tcp_tx/u_ackq/rcv_nxt_r[0][31]_i_32/O
                         net (fo=1, routed)           0.455     7.226    u_tcp_tx/u_ackq/rcv_nxt_r[0][31]_i_32_n_53
    SLICE_X35Y128        LUT5 (Prop_G6LUT_SLICEM_I4_O)
                                                      0.064     7.290 r  u_tcp_tx/u_ackq/rcv_nxt_r[0][31]_i_13/O
                         net (fo=1, routed)           0.053     7.343    u_tcp_tx/u_ackq/tx_upd_id[1]
    SLICE_X35Y128        LUT3 (Prop_F6LUT_SLICEM_I0_O)
                                                      0.113     7.456 r  u_tcp_tx/u_ackq/rcv_nxt_r[0][31]_i_3/O
                         net (fo=112, routed)         0.504     7.960    u_tcp_tx/u_ackq/tcb_id[1]
    SLICE_X35Y118        LUT6 (Prop_A6LUT_SLICEM_I1_O)
                                                      0.150     8.110 r  u_tcp_tx/u_ackq/snd_nxt_r[15][31]_i_1/O
                         net (fo=32, routed)          0.574     8.684    u_tcb/snd_nxt_r_reg[15][31]_0[0]
    SLICE_X34Y109        FDCE                                         r  u_tcb/snd_nxt_r_reg[15][1]/CE
  -------------------------------------------------------------------    -------------------

                         (clock g_hw.clk_out0 rise edge)
                                                      6.400     6.400 r  
    T25                                               0.000     6.400 r  sys_clk_p (IN)
                         net (fo=0)                   0.079     6.479    u_clkgen/g_hw.u_ibufds/I
    HPIOBDIFFINBUF_X0Y37 DIFFINBUF (Prop_DIFFINBUF_HPIOBDIFFINBUF_DIFF_IN_P_O)
                                                      0.398     6.877 r  u_clkgen/g_hw.u_ibufds/DIFFINBUF_INST/O
                         net (fo=1, routed)           0.040     6.917    u_clkgen/g_hw.u_ibufds/OUT
    T25                  IBUFCTRL (Prop_IBUFCTRL_HPIOB_M_I_O)
                                                      0.000     6.917 r  u_clkgen/g_hw.u_ibufds/IBUFCTRL_INST/O
                         net (fo=1, routed)           0.304     7.221    u_clkgen/g_hw.clk_in_ibuf
    BUFGCE_X0Y41         BUFGCE (Prop_BUFCE_BUFGCE_I_O)
                                                      0.024     7.245 r  u_clkgen/g_hw.u_bufg_in/O
                         net (fo=485, routed)         1.533     8.778    u_clkgen/clk_in_100
    MMCM_X0Y1            MMCME4_ADV (Prop_MMCM_CLKIN1_CLKOUT0)
                                                      0.644     9.422 r  u_clkgen/g_hw.u_mmcm/CLKOUT0
                         net (fo=1, routed)           0.228     9.650    u_clkgen/g_hw.clk_out0
    BUFGCE_X0Y29         BUFGCE (Prop_BUFCE_BUFGCE_I_O)
                                                      0.024     9.674 r  u_clkgen/g_hw.u_bufg_out/O
    X1Y1 (CLOCK_ROOT)    net (fo=50147, routed)       1.500    11.174    u_tcb/dp_clk
    SLICE_X34Y109        FDCE                                         r  u_tcb/snd_nxt_r_reg[15][1]/C
                         clock pessimism             -0.276    10.897    
                         clock uncertainty           -0.062    10.836    
    SLICE_X34Y109        FDCE (Setup_GFF2_SLICEM_C_CE)
                                                     -0.043    10.793    u_tcb/snd_nxt_r_reg[15][1]
  -------------------------------------------------------------------
                         required time                         10.793    
                         arrival time                          -8.684    
  -------------------------------------------------------------------
                         slack                                  2.109    

Slack (MET) :             2.122ns  (required time - arrival time)
  Source:                 u_tcp_tx/ring_hi_reg[0]/C
                            (rising edge-triggered cell FDCE clocked by g_hw.clk_out0  {rise@0.000ns fall@3.200ns period=6.400ns})
  Destination:            u_tcb/snd_nxt_r_reg[5][19]/D
                            (rising edge-triggered cell FDCE clocked by g_hw.clk_out0  {rise@0.000ns fall@3.200ns period=6.400ns})
  Path Group:             g_hw.clk_out0
  Path Type:              Setup (Max at Slow Process Corner)
  Requirement:            6.400ns  (g_hw.clk_out0 rise@6.400ns - g_hw.clk_out0 rise@0.000ns)
  Data Path Delay:        4.144ns  (logic 0.986ns (23.791%)  route 3.158ns (76.209%))
  Logic Levels:           9  (CARRY8=2 LUT2=1 LUT4=1 LUT5=3 LUT6=2)
  Clock Path Skew:        -0.099ns (DCD - SCD + CPR)
    Destination Clock Delay (DCD):    4.846ns = ( 11.246 - 6.400 ) 
    Source Clock Delay      (SCD):    4.615ns
    Clock Pessimism Removal (CPR):    -0.330ns
  Clock Uncertainty:      0.062ns  ((TSJ^2 + DJ^2)^1/2) / 2 + PE
    Total System Jitter     (TSJ):    0.071ns
    Discrete Jitter          (DJ):    0.101ns
    Phase Error              (PE):    0.000ns
  Clock Net Delay (Source):      1.723ns (routing 0.606ns, distribution 1.117ns)
  Clock Net Delay (Destination): 1.572ns (routing 0.554ns, distribution 1.018ns)

    Location             Delay type                Incr(ns)  Path(ns)    Netlist Resource(s)
  -------------------------------------------------------------------    -------------------
                         (clock g_hw.clk_out0 rise edge)
                                                      0.000     0.000 r  
    T25                                               0.000     0.000 r  sys_clk_p (IN)
                         net (fo=0)                   0.100     0.100    u_clkgen/g_hw.u_ibufds/I
    HPIOBDIFFINBUF_X0Y37 DIFFINBUF (Prop_DIFFINBUF_HPIOBDIFFINBUF_DIFF_IN_P_O)
                                                      0.479     0.579 r  u_clkgen/g_hw.u_ibufds/DIFFINBUF_INST/O
                         net (fo=1, routed)           0.050     0.629    u_clkgen/g_hw.u_ibufds/OUT
    T25                  IBUFCTRL (Prop_IBUFCTRL_HPIOB_M_I_O)
                                                      0.000     0.629 r  u_clkgen/g_hw.u_ibufds/IBUFCTRL_INST/O
                         net (fo=1, routed)           0.345     0.974    u_clkgen/g_hw.clk_in_ibuf
    BUFGCE_X0Y41         BUFGCE (Prop_BUFCE_BUFGCE_I_O)
                                                      0.028     1.002 r  u_clkgen/g_hw.u_bufg_in/O
                         net (fo=485, routed)         1.711     2.713    u_clkgen/clk_in_100
    MMCM_X0Y1            MMCME4_ADV (Prop_MMCM_CLKIN1_CLKOUT0)
                                                     -0.106     2.607 r  u_clkgen/g_hw.u_mmcm/CLKOUT0
                         net (fo=1, routed)           0.257     2.864    u_clkgen/g_hw.clk_out0
    BUFGCE_X0Y29         BUFGCE (Prop_BUFCE_BUFGCE_I_O)
                                                      0.028     2.892 r  u_clkgen/g_hw.u_bufg_out/O
    X1Y1 (CLOCK_ROOT)    net (fo=50147, routed)       1.723     4.615    u_tcp_tx/dp_clk
    SLICE_X35Y106        FDCE                                         r  u_tcp_tx/ring_hi_reg[0]/C
  -------------------------------------------------------------------    -------------------
    SLICE_X35Y106        FDCE (Prop_DFF_SLICEM_C_Q)
                                                      0.096     4.711 r  u_tcp_tx/ring_hi_reg[0]/Q
                         net (fo=5, routed)           0.572     5.283    u_tcp_tx/u_ackq/nbeats_reg[7]_i_5_1[0]
    SLICE_X33Y107        LUT6 (Prop_A6LUT_SLICEL_I0_O)
                                                      0.178     5.461 r  u_tcp_tx/u_ackq/nbeats[7]_i_40/O
                         net (fo=1, routed)           0.011     5.472    u_tcp_tx/u_ackq/nbeats[7]_i_40_n_53
    SLICE_X33Y107        CARRY8 (Prop_CARRY8_SLICEL_S[0]_CO[7])
                                                      0.238     5.710 f  u_tcp_tx/u_ackq/nbeats_reg[7]_i_18/CO[7]
                         net (fo=1, routed)           0.028     5.738    u_tcp_tx/u_ackq/nbeats_reg[7]_i_18_n_53
    SLICE_X33Y108        CARRY8 (Prop_CARRY8_SLICEL_CI_CO[2])
                                                      0.073     5.811 f  u_tcp_tx/u_ackq/nbeats_reg[7]_i_5/CO[2]
                         net (fo=6, routed)           0.269     6.080    u_tcp_tx/ring_hi_reg[31]_1[0]
    SLICE_X32Y111        LUT5 (Prop_A6LUT_SLICEM_I1_O)
                                                      0.100     6.180 r  u_tcp_tx/fc_rr[3]_i_7/O
                         net (fo=1, routed)           0.114     6.294    u_tcp_tx/fc_rr[3]_i_7_n_53
    SLICE_X32Y113        LUT5 (Prop_C6LUT_SLICEM_I4_O)
                                                      0.038     6.332 f  u_tcp_tx/fc_rr[3]_i_6/O
                         net (fo=37, routed)          0.368     6.699    u_tcp_tx/u_ackq/wscale_r_reg[14][0]_1
    SLICE_X33Y121        LUT6 (Prop_H6LUT_SLICEL_I5_O)
                                                      0.116     6.815 f  u_tcp_tx/u_ackq/fc_rr[3]_i_4/O
                         net (fo=56, routed)          0.189     7.005    u_tcp_rx/tx_upd_wr
    SLICE_X33Y122        LUT2 (Prop_B6LUT_SLICEL_I1_O)
                                                      0.040     7.045 r  u_tcp_rx/FSM_onehot_drn[3]_i_4/O
                         net (fo=37, routed)          0.511     7.556    u_tcp_rx/sel_rx
    SLICE_X28Y130        LUT4 (Prop_H6LUT_SLICEM_I1_O)
                                                      0.041     7.597 r  u_tcp_rx/rcv_nxt_r[0][19]_i_3/O
                         net (fo=1, routed)           0.302     7.899    u_tcp_tx/u_ackq/snd_una_r_reg[14][19]
    SLICE_X28Y121        LUT5 (Prop_H6LUT_SLICEM_I4_O)
                                                      0.066     7.965 r  u_tcp_tx/u_ackq/rcv_nxt_r[0][19]_i_1/O
                         net (fo=48, routed)          0.795     8.759    u_tcb/upd_val[19]
    SLICE_X43Y121        FDCE                                         r  u_tcb/snd_nxt_r_reg[5][19]/D
  -------------------------------------------------------------------    -------------------

                         (clock g_hw.clk_out0 rise edge)
                                                      6.400     6.400 r  
    T25                                               0.000     6.400 r  sys_clk_p (IN)
                         net (fo=0)                   0.079     6.479    u_clkgen/g_hw.u_ibufds/I
    HPIOBDIFFINBUF_X0Y37 DIFFINBUF (Prop_DIFFINBUF_HPIOBDIFFINBUF_DIFF_IN_P_O)
                                                      0.398     6.877 r  u_clkgen/g_hw.u_ibufds/DIFFINBUF_INST/O
                         net (fo=1, routed)           0.040     6.917    u_clkgen/g_hw.u_ibufds/OUT
    T25                  IBUFCTRL (Prop_IBUFCTRL_HPIOB_M_I_O)
                                                      0.000     6.917 r  u_clkgen/g_hw.u_ibufds/IBUFCTRL_INST/O
                         net (fo=1, routed)           0.304     7.221    u_clkgen/g_hw.clk_in_ibuf
    BUFGCE_X0Y41         BUFGCE (Prop_BUFCE_BUFGCE_I_O)
                                                      0.024     7.245 r  u_clkgen/g_hw.u_bufg_in/O
                         net (fo=485, routed)         1.533     8.778    u_clkgen/clk_in_100
    MMCM_X0Y1            MMCME4_ADV (Prop_MMCM_CLKIN1_CLKOUT0)
                                                      0.644     9.422 r  u_clkgen/g_hw.u_mmcm/CLKOUT0
                         net (fo=1, routed)           0.228     9.650    u_clkgen/g_hw.clk_out0
    BUFGCE_X0Y29         BUFGCE (Prop_BUFCE_BUFGCE_I_O)
                                                      0.024     9.674 r  u_clkgen/g_hw.u_bufg_out/O
    X1Y1 (CLOCK_ROOT)    net (fo=50147, routed)       1.572    11.246    u_tcb/dp_clk
    SLICE_X43Y121        FDCE                                         r  u_tcb/snd_nxt_r_reg[5][19]/C
                         clock pessimism             -0.330    10.916    
                         clock uncertainty           -0.062    10.854    
    SLICE_X43Y121        FDCE (Setup_FFF_SLICEL_C_D)
                                                      0.027    10.881    u_tcb/snd_nxt_r_reg[5][19]
  -------------------------------------------------------------------
                         required time                         10.881    
                         arrival time                          -8.759    
  -------------------------------------------------------------------
                         slack                                  2.122    




