INFO: [VRFC 10-2263] Analyzing Verilog file "D:/repo/XCKU5PMini/udp_hls_10g/rtl/fifo_sync.v" into library xil_defaultlib
INFO: [VRFC 10-311] analyzing module fifo_sync
INFO: [VRFC 10-2263] Analyzing Verilog file "D:/repo/XCKU5PMini/udp_hls_10g/rtl/frame_fifo.v" into library xil_defaultlib
INFO: [VRFC 10-311] analyzing module frame_fifo
INFO: [VRFC 10-2263] Analyzing Verilog file "D:/repo/XCKU5PMini/udp_hls_10g/rtl/checksum16.v" into library xil_defaultlib
INFO: [VRFC 10-311] analyzing module checksum16
INFO: [VRFC 10-2263] Analyzing Verilog file "D:/repo/XCKU5PMini/udp_hls_10g/rtl/udp_rx.v" into library xil_defaultlib
INFO: [VRFC 10-311] analyzing module udp_rx
INFO: [VRFC 10-2263] Analyzing Verilog file "D:/repo/XCKU5PMini/udp_hls_10g/rtl/udp_split.v" into library xil_defaultlib
INFO: [VRFC 10-311] analyzing module udp_split_fifo
INFO: [VRFC 10-311] analyzing module udp_split
INFO: [VRFC 10-2263] Analyzing Verilog file "D:/repo/XCKU5PMini/udp_hls_10g/rtl/slow_rx_adp.v" into library xil_defaultlib
INFO: [VRFC 10-311] analyzing module slow_rx_adp
INFO: [VRFC 10-2263] Analyzing Verilog file "D:/repo/XCKU5PMini/udp_hls_10g/rtl/udp_tx_cfg.v" into library xil_defaultlib
INFO: [VRFC 10-311] analyzing module udp_tx_cfg
INFO: [VRFC 10-2263] Analyzing Verilog file "D:/repo/XCKU5PMini/udp_hls_10g/rtl/udp_tx_frame.v" into library xil_defaultlib
INFO: [VRFC 10-311] analyzing module udp_tx_frame
INFO: [VRFC 10-2263] Analyzing Verilog file "D:/repo/XCKU5PMini/udp_hls_10g/rtl/tx_arb.v" into library xil_defaultlib
INFO: [VRFC 10-311] analyzing module tx_arb
INFO: [VRFC 10-2263] Analyzing Verilog file "D:/repo/XCKU5PMini/udp_hls_10g/rtl/app_udp_pattern.v" into library xil_defaultlib
INFO: [VRFC 10-311] analyzing module app_udp_pattern
INFO: [VRFC 10-2263] Analyzing Verilog file "D:/repo/XCKU5PMini/udp_hls_10g/tb/tb_app_udp.v" into library xil_defaultlib
INFO: [VRFC 10-311] analyzing module tb_app_udp
INFO: [VRFC 10-2263] Analyzing Verilog file "C:/AMDDesignTools/2025.2/data/verilog/src/glbl.v" into library xil_defaultlib
INFO: [VRFC 10-311] analyzing module glbl
