
===== 0. 位流身份 (G1 的位流一半) 与前置 =====
  [INFO] 位流 = /d/repo/XCKU5PMini/udp_hls_10g/vivado_prj/p7b_ku5p_prj.runs/impl_1/wrapper_p4.bit
  [INFO] sha256 = 1076e50e6d80e155538122ea6918a608c1d9427dafef188c5111b7317f1e1160
  [INFO] size   = 15431261 ; mtime = 2026-10-07 02:17:25
  [INFO] **离线/负对照模式**: 读数来自合成文本, 不碰板子/对端机
  [FATAL] 合成快照块1: 窗口不完整: 缺 W51 (共收到 51 字; 期望下标 0..62 连续)

  [ABORT] 前置闸未过 ⇒ 后面的读数都不算数
-------- 原始文本 --------
SNAP_BEGIN
TLATCH 1000.000 1000.010
GEN 5 6
MAGIC 0x50360001
BID 0x00000008
MARKER 0xdeadbeef
W0 0x3E8
W1 0x1729B0
W2 0x5EE
W3 0x0
W4 0x0
W5 0xF4240
W6 0x3E6
W7 0x3E6
W8 0x0
W9 0x0
W10 0x0
W11 0x0
W12 0x0
W13 0x0
W14 0x0
W15 0x0
W16 0x0
W17 0x0
W18 0x0
W19 0x0
W20 0x3E6
W21 0x0
W22 0x0
W23 0x0
W24 0x1E8480
W25 0x1
W26 0x0
W27 0x0
W28 0x0
W29 0x0
W30 0x3E8
W31 0x171A10
W32 0x0
W33 0x0
W34 0x0
W35 0x0
W36 0x1312D00
W37 0x90C48C0
W38 0x0
W39 0x2000100C
W40 0x42
W41 0x0
W42 0x0
W43 0x0
W44 0x0
W45 0x0
W46 0x0
W47 0x0
W48 0x0
W49 0x0
W50 0x2DC6C0
UNIMPL 0x12345678
SNAP_END
########## PASS=0 FAIL=0 SKIP=0 ##########
