Copyright 1986-2022 Xilinx, Inc. All Rights Reserved. Copyright 2022-2025 Advanced Micro Devices, Inc. All Rights Reserved.
-----------------------------------------------------------------------------------------------------------------------------------------------------------------------------------------------------------------------------------------------------
| Tool Version      : Vivado v.2025.2 (win64) Build 6299465 Fri Nov 14 19:35:11 GMT 2025
| Date              : Sat Oct 10 10:20:08 2026
| Host              : xyz-intel running 64-bit major release  (build 9200)
| Command           : report_timing -from [get_cells -hier -quiet -filter {NAME =~ *FSM_sequential_rx_state_reg*}] -max_paths 8 -delay_type max -file {D:\repo\XCKU5PMini\udp_hls_10g\_proj_10g\notes\p7b_buildF_build\query_F/F_rxstate_family.rpt}
| Design            : wrapper_p4
| Device            : xcku5p-ffvb676
| Speed File        : -1  PRODUCTION 1.29 05-01-2022
| Design State      : Routed
| Temperature Grade : E
-----------------------------------------------------------------------------------------------------------------------------------------------------------------------------------------------------------------------------------------------------

Timing Report

Slack (MET) :             0.295ns  (required time - arrival time)
  Source:                 u_tcp_tx/FSM_sequential_rx_state_reg[1]/C
                            (rising edge-triggered cell FDCE clocked by g_hw.clk_out0  {rise@0.000ns fall@3.200ns period=6.400ns})
  Destination:            u_tcb/snd_nxt_r_reg[3][25]/CE
                            (rising edge-triggered cell FDCE clocked by g_hw.clk_out0  {rise@0.000ns fall@3.200ns period=6.400ns})
  Path Group:             g_hw.clk_out0
  Path Type:              Setup (Max at Slow Process Corner)
  Requirement:            6.400ns  (g_hw.clk_out0 rise@6.400ns - g_hw.clk_out0 rise@0.000ns)
  Data Path Delay:        5.964ns  (logic 1.740ns (29.177%)  route 4.224ns (70.823%))
  Logic Levels:           14  (CARRY8=2 LUT3=2 LUT4=1 LUT5=1 LUT6=8)
  Clock Path Skew:        -0.038ns (DCD - SCD + CPR)
    Destination Clock Delay (DCD):    5.040ns = ( 11.440 - 6.400 ) 
    Source Clock Delay      (SCD):    4.821ns
    Clock Pessimism Removal (CPR):    -0.257ns
  Clock Uncertainty:      0.062ns  ((TSJ^2 + DJ^2)^1/2) / 2 + PE
    Total System Jitter     (TSJ):    0.071ns
    Discrete Jitter          (DJ):    0.101ns
    Phase Error              (PE):    0.000ns
  Clock Net Delay (Source):      1.739ns (routing 0.616ns, distribution 1.123ns)
  Clock Net Delay (Destination): 1.590ns (routing 0.562ns, distribution 1.028ns)

    Location             Delay type                Incr(ns)  Path(ns)    Netlist Resource(s)
  -------------------------------------------------------------------    -------------------
                         (clock g_hw.clk_out0 rise edge)
                                                      0.000     0.000 r  
    T25                                               0.000     0.000 r  sys_clk_p (IN)
                         net (fo=0)                   0.100     0.100    u_clkgen/g_hw.u_ibufds/I
    HPIOBDIFFINBUF_X0Y37 DIFFINBUF (Prop_DIFFINBUF_HPIOBDIFFINBUF_DIFF_IN_P_O)
                                                      0.479     0.579 r  u_clkgen/g_hw.u_ibufds/DIFFINBUF_INST/O
                         net (fo=1, routed)           0.050     0.629    u_clkgen/g_hw.u_ibufds/OUT
    T25                  IBUFCTRL (Prop_IBUFCTRL_HPIOB_M_I_O)
                                                      0.000     0.629 r  u_clkgen/g_hw.u_ibufds/IBUFCTRL_INST/O
                         net (fo=1, routed)           0.345     0.974    u_clkgen/g_hw.clk_in_ibuf
    BUFGCE_X0Y41         BUFGCE (Prop_BUFCE_BUFGCE_I_O)
                                                      0.028     1.002 r  u_clkgen/g_hw.u_bufg_in/O
                         net (fo=485, routed)         1.902     2.904    u_clkgen/clk_in_100
    MMCM_X0Y1            MMCME4_ADV (Prop_MMCM_CLKIN1_CLKOUT0)
                                                     -0.106     2.798 r  u_clkgen/g_hw.u_mmcm/CLKOUT0
                         net (fo=1, routed)           0.256     3.054    u_clkgen/g_hw.clk_out0
    BUFGCE_X0Y31         BUFGCE (Prop_BUFCE_BUFGCE_I_O)
                                                      0.028     3.082 r  u_clkgen/g_hw.u_bufg_out/O
    X1Y1 (CLOCK_ROOT)    net (fo=49489, routed)       1.739     4.821    u_tcp_tx/dp_clk
    SLICE_X44Y92         FDCE                                         r  u_tcp_tx/FSM_sequential_rx_state_reg[1]/C
  -------------------------------------------------------------------    -------------------
    SLICE_X44Y92         FDCE (Prop_GFF_SLICEM_C_Q)
                                                      0.095     4.916 r  u_tcp_tx/FSM_sequential_rx_state_reg[1]/Q
                         net (fo=101, routed)         0.092     5.008    u_tcp_tx/u_ackq/ctrl_id_reg[3]_0[1]
    SLICE_X44Y92         LUT4 (Prop_F6LUT_SLICEM_I2_O)
                                                      0.113     5.121 r  u_tcp_tx/u_ackq/scan_id[3]_i_5/O
                         net (fo=3, routed)           0.126     5.247    u_tcp_tx/u_ackq/ack_pend_r_reg
    SLICE_X45Y92         LUT6 (Prop_B6LUT_SLICEL_I2_O)
                                                      0.177     5.424 r  u_tcp_tx/u_ackq/ctrl_seq[31]_i_16/O
                         net (fo=2, routed)           0.221     5.646    u_tcp_tx/u_ackq/ctrl_seq[31]_i_16_n_53
    SLICE_X45Y86         LUT6 (Prop_H6LUT_SLICEL_I4_O)
                                                      0.100     5.746 r  u_tcp_tx/u_ackq/ctrl_seq[31]_i_12/O
                         net (fo=10, routed)          0.257     6.002    u_tcp_tx/u_ackq/ctrl_seq[31]_i_12_n_53
    SLICE_X47Y91         LUT5 (Prop_D5LUT_SLICEL_I0_O)
                                                      0.136     6.138 r  u_tcp_tx/u_ackq/ctrl_dport[10]_i_8/O
                         net (fo=148, routed)         0.563     6.702    u_tcb/retx_id_r_reg[1]_4_alias
    SLICE_X57Y87         LUT6 (Prop_C6LUT_SLICEL_I2_O)
                                                      0.174     6.876 r  u_tcb/ctrl_seq[16]_i_4/O
                         net (fo=2, routed)           0.279     7.155    u_tcb/ctrl_seq[16]_i_4_n_53
    SLICE_X57Y87         LUT6 (Prop_D6LUT_SLICEL_I3_O)
                                                      0.116     7.271 r  u_tcb/ctrl_seq[16]_i_1/O
                         net (fo=11, routed)          0.430     7.701    u_tcb/rb_snd_nxt[9]
    SLICE_X47Y81         LUT6 (Prop_F6LUT_SLICEL_I3_O)
                                                      0.098     7.799 r  u_tcb/stat_retx[0]_i_11/O
                         net (fo=1, routed)           0.012     7.811    u_tcb/stat_retx[0]_i_11_n_53
    SLICE_X47Y81         CARRY8 (Prop_CARRY8_SLICEL_S[5]_CO[7])
                                                      0.197     8.008 r  u_tcb/stat_retx_reg[0]_i_5/CO[7]
                         net (fo=1, routed)           0.028     8.036    u_tcb/stat_retx_reg[0]_i_5_n_53
    SLICE_X47Y82         CARRY8 (Prop_CARRY8_SLICEL_CI_CO[2])
                                                      0.073     8.109 r  u_tcb/stat_retx_reg[0]_i_3/CO[2]
                         net (fo=6, routed)           0.538     8.647    u_tcp_tx/CO[0]
    SLICE_X55Y79         LUT3 (Prop_A6LUT_SLICEM_I1_O)
                                                      0.040     8.687 r  u_tcp_tx/stat_retx[0]_i_1/O
                         net (fo=66, routed)          0.192     8.879    u_tcp_tx/u_ackq/wscale_r_reg[14][0]_0
    SLICE_X55Y75         LUT3 (Prop_E6LUT_SLICEM_I0_O)
                                                      0.101     8.980 r  u_tcp_tx/u_ackq/fc_rr[3]_i_4/O
                         net (fo=55, routed)          0.215     9.195    u_slow_cfg/tx_upd_wr
    SLICE_X55Y74         LUT6 (Prop_H6LUT_SLICEM_I5_O)
                                                      0.041     9.236 f  u_slow_cfg/rcv_nxt_r[0][31]_i_7/O
                         net (fo=36, routed)          0.389     9.625    u_slow_cfg/tcb_sel[2]
    SLICE_X57Y75         LUT6 (Prop_A6LUT_SLICEL_I4_O)
                                                      0.100     9.725 r  u_slow_cfg/snd_nxt_r[0][31]_i_3/O
                         net (fo=16, routed)          0.439    10.163    u_tcp_tx/u_ackq/snd_nxt_r_reg[7][31]
    SLICE_X56Y83         LUT6 (Prop_A6LUT_SLICEM_I0_O)
                                                      0.179    10.342 r  u_tcp_tx/u_ackq/snd_nxt_r[3][31]_i_1/O
                         net (fo=32, routed)          0.442    10.784    u_tcb/snd_nxt_r_reg[3][31]_0[0]
    SLICE_X57Y90         FDCE                                         r  u_tcb/snd_nxt_r_reg[3][25]/CE
  -------------------------------------------------------------------    -------------------

                         (clock g_hw.clk_out0 rise edge)
                                                      6.400     6.400 r  
    T25                                               0.000     6.400 r  sys_clk_p (IN)
                         net (fo=0)                   0.079     6.479    u_clkgen/g_hw.u_ibufds/I
    HPIOBDIFFINBUF_X0Y37 DIFFINBUF (Prop_DIFFINBUF_HPIOBDIFFINBUF_DIFF_IN_P_O)
                                                      0.398     6.877 r  u_clkgen/g_hw.u_ibufds/DIFFINBUF_INST/O
                         net (fo=1, routed)           0.040     6.917    u_clkgen/g_hw.u_ibufds/OUT
    T25                  IBUFCTRL (Prop_IBUFCTRL_HPIOB_M_I_O)
                                                      0.000     6.917 r  u_clkgen/g_hw.u_ibufds/IBUFCTRL_INST/O
                         net (fo=1, routed)           0.304     7.221    u_clkgen/g_hw.clk_in_ibuf
    BUFGCE_X0Y41         BUFGCE (Prop_BUFCE_BUFGCE_I_O)
                                                      0.024     7.245 r  u_clkgen/g_hw.u_bufg_in/O
                         net (fo=485, routed)         1.709     8.954    u_clkgen/clk_in_100
    MMCM_X0Y1            MMCME4_ADV (Prop_MMCM_CLKIN1_CLKOUT0)
                                                      0.644     9.598 r  u_clkgen/g_hw.u_mmcm/CLKOUT0
                         net (fo=1, routed)           0.228     9.826    u_clkgen/g_hw.clk_out0
    BUFGCE_X0Y31         BUFGCE (Prop_BUFCE_BUFGCE_I_O)
                                                      0.024     9.850 r  u_clkgen/g_hw.u_bufg_out/O
    X1Y1 (CLOCK_ROOT)    net (fo=49489, routed)       1.590    11.440    u_tcb/dp_clk
    SLICE_X57Y90         FDCE                                         r  u_tcb/snd_nxt_r_reg[3][25]/C
                         clock pessimism             -0.257    11.183    
                         clock uncertainty           -0.062    11.121    
    SLICE_X57Y90         FDCE (Setup_HFF2_SLICEL_C_CE)
                                                     -0.042    11.079    u_tcb/snd_nxt_r_reg[3][25]
  -------------------------------------------------------------------
                         required time                         11.079    
                         arrival time                         -10.784    
  -------------------------------------------------------------------
                         slack                                  0.295    

Slack (MET) :             0.304ns  (required time - arrival time)
  Source:                 u_tcp_tx/FSM_sequential_rx_state_reg[1]/C
                            (rising edge-triggered cell FDCE clocked by g_hw.clk_out0  {rise@0.000ns fall@3.200ns period=6.400ns})
  Destination:            u_tcb/snd_nxt_r_reg[3][17]/CE
                            (rising edge-triggered cell FDCE clocked by g_hw.clk_out0  {rise@0.000ns fall@3.200ns period=6.400ns})
  Path Group:             g_hw.clk_out0
  Path Type:              Setup (Max at Slow Process Corner)
  Requirement:            6.400ns  (g_hw.clk_out0 rise@6.400ns - g_hw.clk_out0 rise@0.000ns)
  Data Path Delay:        5.891ns  (logic 1.740ns (29.536%)  route 4.151ns (70.464%))
  Logic Levels:           14  (CARRY8=2 LUT3=2 LUT4=1 LUT5=1 LUT6=8)
  Clock Path Skew:        -0.100ns (DCD - SCD + CPR)
    Destination Clock Delay (DCD):    4.980ns = ( 11.380 - 6.400 ) 
    Source Clock Delay      (SCD):    4.821ns
    Clock Pessimism Removal (CPR):    -0.260ns
  Clock Uncertainty:      0.062ns  ((TSJ^2 + DJ^2)^1/2) / 2 + PE
    Total System Jitter     (TSJ):    0.071ns
    Discrete Jitter          (DJ):    0.101ns
    Phase Error              (PE):    0.000ns
  Clock Net Delay (Source):      1.739ns (routing 0.616ns, distribution 1.123ns)
  Clock Net Delay (Destination): 1.530ns (routing 0.562ns, distribution 0.968ns)

    Location             Delay type                Incr(ns)  Path(ns)    Netlist Resource(s)
  -------------------------------------------------------------------    -------------------
                         (clock g_hw.clk_out0 rise edge)
                                                      0.000     0.000 r  
    T25                                               0.000     0.000 r  sys_clk_p (IN)
                         net (fo=0)                   0.100     0.100    u_clkgen/g_hw.u_ibufds/I
    HPIOBDIFFINBUF_X0Y37 DIFFINBUF (Prop_DIFFINBUF_HPIOBDIFFINBUF_DIFF_IN_P_O)
                                                      0.479     0.579 r  u_clkgen/g_hw.u_ibufds/DIFFINBUF_INST/O
                         net (fo=1, routed)           0.050     0.629    u_clkgen/g_hw.u_ibufds/OUT
    T25                  IBUFCTRL (Prop_IBUFCTRL_HPIOB_M_I_O)
                                                      0.000     0.629 r  u_clkgen/g_hw.u_ibufds/IBUFCTRL_INST/O
                         net (fo=1, routed)           0.345     0.974    u_clkgen/g_hw.clk_in_ibuf
    BUFGCE_X0Y41         BUFGCE (Prop_BUFCE_BUFGCE_I_O)
                                                      0.028     1.002 r  u_clkgen/g_hw.u_bufg_in/O
                         net (fo=485, routed)         1.902     2.904    u_clkgen/clk_in_100
    MMCM_X0Y1            MMCME4_ADV (Prop_MMCM_CLKIN1_CLKOUT0)
                                                     -0.106     2.798 r  u_clkgen/g_hw.u_mmcm/CLKOUT0
                         net (fo=1, routed)           0.256     3.054    u_clkgen/g_hw.clk_out0
    BUFGCE_X0Y31         BUFGCE (Prop_BUFCE_BUFGCE_I_O)
                                                      0.028     3.082 r  u_clkgen/g_hw.u_bufg_out/O
    X1Y1 (CLOCK_ROOT)    net (fo=49489, routed)       1.739     4.821    u_tcp_tx/dp_clk
    SLICE_X44Y92         FDCE                                         r  u_tcp_tx/FSM_sequential_rx_state_reg[1]/C
  -------------------------------------------------------------------    -------------------
    SLICE_X44Y92         FDCE (Prop_GFF_SLICEM_C_Q)
                                                      0.095     4.916 r  u_tcp_tx/FSM_sequential_rx_state_reg[1]/Q
                         net (fo=101, routed)         0.092     5.008    u_tcp_tx/u_ackq/ctrl_id_reg[3]_0[1]
    SLICE_X44Y92         LUT4 (Prop_F6LUT_SLICEM_I2_O)
                                                      0.113     5.121 r  u_tcp_tx/u_ackq/scan_id[3]_i_5/O
                         net (fo=3, routed)           0.126     5.247    u_tcp_tx/u_ackq/ack_pend_r_reg
    SLICE_X45Y92         LUT6 (Prop_B6LUT_SLICEL_I2_O)
                                                      0.177     5.424 r  u_tcp_tx/u_ackq/ctrl_seq[31]_i_16/O
                         net (fo=2, routed)           0.221     5.646    u_tcp_tx/u_ackq/ctrl_seq[31]_i_16_n_53
    SLICE_X45Y86         LUT6 (Prop_H6LUT_SLICEL_I4_O)
                                                      0.100     5.746 r  u_tcp_tx/u_ackq/ctrl_seq[31]_i_12/O
                         net (fo=10, routed)          0.257     6.002    u_tcp_tx/u_ackq/ctrl_seq[31]_i_12_n_53
    SLICE_X47Y91         LUT5 (Prop_D5LUT_SLICEL_I0_O)
                                                      0.136     6.138 r  u_tcp_tx/u_ackq/ctrl_dport[10]_i_8/O
                         net (fo=148, routed)         0.563     6.702    u_tcb/retx_id_r_reg[1]_4_alias
    SLICE_X57Y87         LUT6 (Prop_C6LUT_SLICEL_I2_O)
                                                      0.174     6.876 r  u_tcb/ctrl_seq[16]_i_4/O
                         net (fo=2, routed)           0.279     7.155    u_tcb/ctrl_seq[16]_i_4_n_53
    SLICE_X57Y87         LUT6 (Prop_D6LUT_SLICEL_I3_O)
                                                      0.116     7.271 r  u_tcb/ctrl_seq[16]_i_1/O
                         net (fo=11, routed)          0.430     7.701    u_tcb/rb_snd_nxt[9]
    SLICE_X47Y81         LUT6 (Prop_F6LUT_SLICEL_I3_O)
                                                      0.098     7.799 r  u_tcb/stat_retx[0]_i_11/O
                         net (fo=1, routed)           0.012     7.811    u_tcb/stat_retx[0]_i_11_n_53
    SLICE_X47Y81         CARRY8 (Prop_CARRY8_SLICEL_S[5]_CO[7])
                                                      0.197     8.008 r  u_tcb/stat_retx_reg[0]_i_5/CO[7]
                         net (fo=1, routed)           0.028     8.036    u_tcb/stat_retx_reg[0]_i_5_n_53
    SLICE_X47Y82         CARRY8 (Prop_CARRY8_SLICEL_CI_CO[2])
                                                      0.073     8.109 r  u_tcb/stat_retx_reg[0]_i_3/CO[2]
                         net (fo=6, routed)           0.538     8.647    u_tcp_tx/CO[0]
    SLICE_X55Y79         LUT3 (Prop_A6LUT_SLICEM_I1_O)
                                                      0.040     8.687 r  u_tcp_tx/stat_retx[0]_i_1/O
                         net (fo=66, routed)          0.192     8.879    u_tcp_tx/u_ackq/wscale_r_reg[14][0]_0
    SLICE_X55Y75         LUT3 (Prop_E6LUT_SLICEM_I0_O)
                                                      0.101     8.980 r  u_tcp_tx/u_ackq/fc_rr[3]_i_4/O
                         net (fo=55, routed)          0.215     9.195    u_slow_cfg/tx_upd_wr
    SLICE_X55Y74         LUT6 (Prop_H6LUT_SLICEM_I5_O)
                                                      0.041     9.236 f  u_slow_cfg/rcv_nxt_r[0][31]_i_7/O
                         net (fo=36, routed)          0.389     9.625    u_slow_cfg/tcb_sel[2]
    SLICE_X57Y75         LUT6 (Prop_A6LUT_SLICEL_I4_O)
                                                      0.100     9.725 r  u_slow_cfg/snd_nxt_r[0][31]_i_3/O
                         net (fo=16, routed)          0.439    10.163    u_tcp_tx/u_ackq/snd_nxt_r_reg[7][31]
    SLICE_X56Y83         LUT6 (Prop_A6LUT_SLICEM_I0_O)
                                                      0.179    10.342 r  u_tcp_tx/u_ackq/snd_nxt_r[3][31]_i_1/O
                         net (fo=32, routed)          0.370    10.712    u_tcb/snd_nxt_r_reg[3][31]_0[0]
    SLICE_X55Y84         FDCE                                         r  u_tcb/snd_nxt_r_reg[3][17]/CE
  -------------------------------------------------------------------    -------------------

                         (clock g_hw.clk_out0 rise edge)
                                                      6.400     6.400 r  
    T25                                               0.000     6.400 r  sys_clk_p (IN)
                         net (fo=0)                   0.079     6.479    u_clkgen/g_hw.u_ibufds/I
    HPIOBDIFFINBUF_X0Y37 DIFFINBUF (Prop_DIFFINBUF_HPIOBDIFFINBUF_DIFF_IN_P_O)
                                                      0.398     6.877 r  u_clkgen/g_hw.u_ibufds/DIFFINBUF_INST/O
                         net (fo=1, routed)           0.040     6.917    u_clkgen/g_hw.u_ibufds/OUT
    T25                  IBUFCTRL (Prop_IBUFCTRL_HPIOB_M_I_O)
                                                      0.000     6.917 r  u_clkgen/g_hw.u_ibufds/IBUFCTRL_INST/O
                         net (fo=1, routed)           0.304     7.221    u_clkgen/g_hw.clk_in_ibuf
    BUFGCE_X0Y41         BUFGCE (Prop_BUFCE_BUFGCE_I_O)
                                                      0.024     7.245 r  u_clkgen/g_hw.u_bufg_in/O
                         net (fo=485, routed)         1.709     8.954    u_clkgen/clk_in_100
    MMCM_X0Y1            MMCME4_ADV (Prop_MMCM_CLKIN1_CLKOUT0)
                                                      0.644     9.598 r  u_clkgen/g_hw.u_mmcm/CLKOUT0
                         net (fo=1, routed)           0.228     9.826    u_clkgen/g_hw.clk_out0
    BUFGCE_X0Y31         BUFGCE (Prop_BUFCE_BUFGCE_I_O)
                                                      0.024     9.850 r  u_clkgen/g_hw.u_bufg_out/O
    X1Y1 (CLOCK_ROOT)    net (fo=49489, routed)       1.530    11.380    u_tcb/dp_clk
    SLICE_X55Y84         FDCE                                         r  u_tcb/snd_nxt_r_reg[3][17]/C
                         clock pessimism             -0.260    11.120    
                         clock uncertainty           -0.062    11.058    
    SLICE_X55Y84         FDCE (Setup_HFF2_SLICEM_C_CE)
                                                     -0.043    11.015    u_tcb/snd_nxt_r_reg[3][17]
  -------------------------------------------------------------------
                         required time                         11.015    
                         arrival time                         -10.712    
  -------------------------------------------------------------------
                         slack                                  0.304    

Slack (MET) :             0.304ns  (required time - arrival time)
  Source:                 u_tcp_tx/FSM_sequential_rx_state_reg[1]/C
                            (rising edge-triggered cell FDCE clocked by g_hw.clk_out0  {rise@0.000ns fall@3.200ns period=6.400ns})
  Destination:            u_tcb/snd_nxt_r_reg[3][24]/CE
                            (rising edge-triggered cell FDCE clocked by g_hw.clk_out0  {rise@0.000ns fall@3.200ns period=6.400ns})
  Path Group:             g_hw.clk_out0
  Path Type:              Setup (Max at Slow Process Corner)
  Requirement:            6.400ns  (g_hw.clk_out0 rise@6.400ns - g_hw.clk_out0 rise@0.000ns)
  Data Path Delay:        5.891ns  (logic 1.740ns (29.536%)  route 4.151ns (70.464%))
  Logic Levels:           14  (CARRY8=2 LUT3=2 LUT4=1 LUT5=1 LUT6=8)
  Clock Path Skew:        -0.100ns (DCD - SCD + CPR)
    Destination Clock Delay (DCD):    4.980ns = ( 11.380 - 6.400 ) 
    Source Clock Delay      (SCD):    4.821ns
    Clock Pessimism Removal (CPR):    -0.260ns
  Clock Uncertainty:      0.062ns  ((TSJ^2 + DJ^2)^1/2) / 2 + PE
    Total System Jitter     (TSJ):    0.071ns
    Discrete Jitter          (DJ):    0.101ns
    Phase Error              (PE):    0.000ns
  Clock Net Delay (Source):      1.739ns (routing 0.616ns, distribution 1.123ns)
  Clock Net Delay (Destination): 1.530ns (routing 0.562ns, distribution 0.968ns)

    Location             Delay type                Incr(ns)  Path(ns)    Netlist Resource(s)
  -------------------------------------------------------------------    -------------------
                         (clock g_hw.clk_out0 rise edge)
                                                      0.000     0.000 r  
    T25                                               0.000     0.000 r  sys_clk_p (IN)
                         net (fo=0)                   0.100     0.100    u_clkgen/g_hw.u_ibufds/I
    HPIOBDIFFINBUF_X0Y37 DIFFINBUF (Prop_DIFFINBUF_HPIOBDIFFINBUF_DIFF_IN_P_O)
                                                      0.479     0.579 r  u_clkgen/g_hw.u_ibufds/DIFFINBUF_INST/O
                         net (fo=1, routed)           0.050     0.629    u_clkgen/g_hw.u_ibufds/OUT
    T25                  IBUFCTRL (Prop_IBUFCTRL_HPIOB_M_I_O)
                                                      0.000     0.629 r  u_clkgen/g_hw.u_ibufds/IBUFCTRL_INST/O
                         net (fo=1, routed)           0.345     0.974    u_clkgen/g_hw.clk_in_ibuf
    BUFGCE_X0Y41         BUFGCE (Prop_BUFCE_BUFGCE_I_O)
                                                      0.028     1.002 r  u_clkgen/g_hw.u_bufg_in/O
                         net (fo=485, routed)         1.902     2.904    u_clkgen/clk_in_100
    MMCM_X0Y1            MMCME4_ADV (Prop_MMCM_CLKIN1_CLKOUT0)
                                                     -0.106     2.798 r  u_clkgen/g_hw.u_mmcm/CLKOUT0
                         net (fo=1, routed)           0.256     3.054    u_clkgen/g_hw.clk_out0
    BUFGCE_X0Y31         BUFGCE (Prop_BUFCE_BUFGCE_I_O)
                                                      0.028     3.082 r  u_clkgen/g_hw.u_bufg_out/O
    X1Y1 (CLOCK_ROOT)    net (fo=49489, routed)       1.739     4.821    u_tcp_tx/dp_clk
    SLICE_X44Y92         FDCE                                         r  u_tcp_tx/FSM_sequential_rx_state_reg[1]/C
  -------------------------------------------------------------------    -------------------
    SLICE_X44Y92         FDCE (Prop_GFF_SLICEM_C_Q)
                                                      0.095     4.916 r  u_tcp_tx/FSM_sequential_rx_state_reg[1]/Q
                         net (fo=101, routed)         0.092     5.008    u_tcp_tx/u_ackq/ctrl_id_reg[3]_0[1]
    SLICE_X44Y92         LUT4 (Prop_F6LUT_SLICEM_I2_O)
                                                      0.113     5.121 r  u_tcp_tx/u_ackq/scan_id[3]_i_5/O
                         net (fo=3, routed)           0.126     5.247    u_tcp_tx/u_ackq/ack_pend_r_reg
    SLICE_X45Y92         LUT6 (Prop_B6LUT_SLICEL_I2_O)
                                                      0.177     5.424 r  u_tcp_tx/u_ackq/ctrl_seq[31]_i_16/O
                         net (fo=2, routed)           0.221     5.646    u_tcp_tx/u_ackq/ctrl_seq[31]_i_16_n_53
    SLICE_X45Y86         LUT6 (Prop_H6LUT_SLICEL_I4_O)
                                                      0.100     5.746 r  u_tcp_tx/u_ackq/ctrl_seq[31]_i_12/O
                         net (fo=10, routed)          0.257     6.002    u_tcp_tx/u_ackq/ctrl_seq[31]_i_12_n_53
    SLICE_X47Y91         LUT5 (Prop_D5LUT_SLICEL_I0_O)
                                                      0.136     6.138 r  u_tcp_tx/u_ackq/ctrl_dport[10]_i_8/O
                         net (fo=148, routed)         0.563     6.702    u_tcb/retx_id_r_reg[1]_4_alias
    SLICE_X57Y87         LUT6 (Prop_C6LUT_SLICEL_I2_O)
                                                      0.174     6.876 r  u_tcb/ctrl_seq[16]_i_4/O
                         net (fo=2, routed)           0.279     7.155    u_tcb/ctrl_seq[16]_i_4_n_53
    SLICE_X57Y87         LUT6 (Prop_D6LUT_SLICEL_I3_O)
                                                      0.116     7.271 r  u_tcb/ctrl_seq[16]_i_1/O
                         net (fo=11, routed)          0.430     7.701    u_tcb/rb_snd_nxt[9]
    SLICE_X47Y81         LUT6 (Prop_F6LUT_SLICEL_I3_O)
                                                      0.098     7.799 r  u_tcb/stat_retx[0]_i_11/O
                         net (fo=1, routed)           0.012     7.811    u_tcb/stat_retx[0]_i_11_n_53
    SLICE_X47Y81         CARRY8 (Prop_CARRY8_SLICEL_S[5]_CO[7])
                                                      0.197     8.008 r  u_tcb/stat_retx_reg[0]_i_5/CO[7]
                         net (fo=1, routed)           0.028     8.036    u_tcb/stat_retx_reg[0]_i_5_n_53
    SLICE_X47Y82         CARRY8 (Prop_CARRY8_SLICEL_CI_CO[2])
                                                      0.073     8.109 r  u_tcb/stat_retx_reg[0]_i_3/CO[2]
                         net (fo=6, routed)           0.538     8.647    u_tcp_tx/CO[0]
    SLICE_X55Y79         LUT3 (Prop_A6LUT_SLICEM_I1_O)
                                                      0.040     8.687 r  u_tcp_tx/stat_retx[0]_i_1/O
                         net (fo=66, routed)          0.192     8.879    u_tcp_tx/u_ackq/wscale_r_reg[14][0]_0
    SLICE_X55Y75         LUT3 (Prop_E6LUT_SLICEM_I0_O)
                                                      0.101     8.980 r  u_tcp_tx/u_ackq/fc_rr[3]_i_4/O
                         net (fo=55, routed)          0.215     9.195    u_slow_cfg/tx_upd_wr
    SLICE_X55Y74         LUT6 (Prop_H6LUT_SLICEM_I5_O)
                                                      0.041     9.236 f  u_slow_cfg/rcv_nxt_r[0][31]_i_7/O
                         net (fo=36, routed)          0.389     9.625    u_slow_cfg/tcb_sel[2]
    SLICE_X57Y75         LUT6 (Prop_A6LUT_SLICEL_I4_O)
                                                      0.100     9.725 r  u_slow_cfg/snd_nxt_r[0][31]_i_3/O
                         net (fo=16, routed)          0.439    10.163    u_tcp_tx/u_ackq/snd_nxt_r_reg[7][31]
    SLICE_X56Y83         LUT6 (Prop_A6LUT_SLICEM_I0_O)
                                                      0.179    10.342 r  u_tcp_tx/u_ackq/snd_nxt_r[3][31]_i_1/O
                         net (fo=32, routed)          0.370    10.712    u_tcb/snd_nxt_r_reg[3][31]_0[0]
    SLICE_X55Y84         FDCE                                         r  u_tcb/snd_nxt_r_reg[3][24]/CE
  -------------------------------------------------------------------    -------------------

                         (clock g_hw.clk_out0 rise edge)
                                                      6.400     6.400 r  
    T25                                               0.000     6.400 r  sys_clk_p (IN)
                         net (fo=0)                   0.079     6.479    u_clkgen/g_hw.u_ibufds/I
    HPIOBDIFFINBUF_X0Y37 DIFFINBUF (Prop_DIFFINBUF_HPIOBDIFFINBUF_DIFF_IN_P_O)
                                                      0.398     6.877 r  u_clkgen/g_hw.u_ibufds/DIFFINBUF_INST/O
                         net (fo=1, routed)           0.040     6.917    u_clkgen/g_hw.u_ibufds/OUT
    T25                  IBUFCTRL (Prop_IBUFCTRL_HPIOB_M_I_O)
                                                      0.000     6.917 r  u_clkgen/g_hw.u_ibufds/IBUFCTRL_INST/O
                         net (fo=1, routed)           0.304     7.221    u_clkgen/g_hw.clk_in_ibuf
    BUFGCE_X0Y41         BUFGCE (Prop_BUFCE_BUFGCE_I_O)
                                                      0.024     7.245 r  u_clkgen/g_hw.u_bufg_in/O
                         net (fo=485, routed)         1.709     8.954    u_clkgen/clk_in_100
    MMCM_X0Y1            MMCME4_ADV (Prop_MMCM_CLKIN1_CLKOUT0)
                                                      0.644     9.598 r  u_clkgen/g_hw.u_mmcm/CLKOUT0
                         net (fo=1, routed)           0.228     9.826    u_clkgen/g_hw.clk_out0
    BUFGCE_X0Y31         BUFGCE (Prop_BUFCE_BUFGCE_I_O)
                                                      0.024     9.850 r  u_clkgen/g_hw.u_bufg_out/O
    X1Y1 (CLOCK_ROOT)    net (fo=49489, routed)       1.530    11.380    u_tcb/dp_clk
    SLICE_X55Y84         FDCE                                         r  u_tcb/snd_nxt_r_reg[3][24]/C
                         clock pessimism             -0.260    11.120    
                         clock uncertainty           -0.062    11.058    
    SLICE_X55Y84         FDCE (Setup_GFF2_SLICEM_C_CE)
                                                     -0.043    11.015    u_tcb/snd_nxt_r_reg[3][24]
  -------------------------------------------------------------------
                         required time                         11.015    
                         arrival time                         -10.712    
  -------------------------------------------------------------------
                         slack                                  0.304    

Slack (MET) :             0.304ns  (required time - arrival time)
  Source:                 u_tcp_tx/FSM_sequential_rx_state_reg[1]/C
                            (rising edge-triggered cell FDCE clocked by g_hw.clk_out0  {rise@0.000ns fall@3.200ns period=6.400ns})
  Destination:            u_tcb/snd_nxt_r_reg[3][4]/CE
                            (rising edge-triggered cell FDCE clocked by g_hw.clk_out0  {rise@0.000ns fall@3.200ns period=6.400ns})
  Path Group:             g_hw.clk_out0
  Path Type:              Setup (Max at Slow Process Corner)
  Requirement:            6.400ns  (g_hw.clk_out0 rise@6.400ns - g_hw.clk_out0 rise@0.000ns)
  Data Path Delay:        5.891ns  (logic 1.740ns (29.536%)  route 4.151ns (70.464%))
  Logic Levels:           14  (CARRY8=2 LUT3=2 LUT4=1 LUT5=1 LUT6=8)
  Clock Path Skew:        -0.100ns (DCD - SCD + CPR)
    Destination Clock Delay (DCD):    4.980ns = ( 11.380 - 6.400 ) 
    Source Clock Delay      (SCD):    4.821ns
    Clock Pessimism Removal (CPR):    -0.260ns
  Clock Uncertainty:      0.062ns  ((TSJ^2 + DJ^2)^1/2) / 2 + PE
    Total System Jitter     (TSJ):    0.071ns
    Discrete Jitter          (DJ):    0.101ns
    Phase Error              (PE):    0.000ns
  Clock Net Delay (Source):      1.739ns (routing 0.616ns, distribution 1.123ns)
  Clock Net Delay (Destination): 1.530ns (routing 0.562ns, distribution 0.968ns)

    Location             Delay type                Incr(ns)  Path(ns)    Netlist Resource(s)
  -------------------------------------------------------------------    -------------------
                         (clock g_hw.clk_out0 rise edge)
                                                      0.000     0.000 r  
    T25                                               0.000     0.000 r  sys_clk_p (IN)
                         net (fo=0)                   0.100     0.100    u_clkgen/g_hw.u_ibufds/I
    HPIOBDIFFINBUF_X0Y37 DIFFINBUF (Prop_DIFFINBUF_HPIOBDIFFINBUF_DIFF_IN_P_O)
                                                      0.479     0.579 r  u_clkgen/g_hw.u_ibufds/DIFFINBUF_INST/O
                         net (fo=1, routed)           0.050     0.629    u_clkgen/g_hw.u_ibufds/OUT
    T25                  IBUFCTRL (Prop_IBUFCTRL_HPIOB_M_I_O)
                                                      0.000     0.629 r  u_clkgen/g_hw.u_ibufds/IBUFCTRL_INST/O
                         net (fo=1, routed)           0.345     0.974    u_clkgen/g_hw.clk_in_ibuf
    BUFGCE_X0Y41         BUFGCE (Prop_BUFCE_BUFGCE_I_O)
                                                      0.028     1.002 r  u_clkgen/g_hw.u_bufg_in/O
                         net (fo=485, routed)         1.902     2.904    u_clkgen/clk_in_100
    MMCM_X0Y1            MMCME4_ADV (Prop_MMCM_CLKIN1_CLKOUT0)
                                                     -0.106     2.798 r  u_clkgen/g_hw.u_mmcm/CLKOUT0
                         net (fo=1, routed)           0.256     3.054    u_clkgen/g_hw.clk_out0
    BUFGCE_X0Y31         BUFGCE (Prop_BUFCE_BUFGCE_I_O)
                                                      0.028     3.082 r  u_clkgen/g_hw.u_bufg_out/O
    X1Y1 (CLOCK_ROOT)    net (fo=49489, routed)       1.739     4.821    u_tcp_tx/dp_clk
    SLICE_X44Y92         FDCE                                         r  u_tcp_tx/FSM_sequential_rx_state_reg[1]/C
  -------------------------------------------------------------------    -------------------
    SLICE_X44Y92         FDCE (Prop_GFF_SLICEM_C_Q)
                                                      0.095     4.916 r  u_tcp_tx/FSM_sequential_rx_state_reg[1]/Q
                         net (fo=101, routed)         0.092     5.008    u_tcp_tx/u_ackq/ctrl_id_reg[3]_0[1]
    SLICE_X44Y92         LUT4 (Prop_F6LUT_SLICEM_I2_O)
                                                      0.113     5.121 r  u_tcp_tx/u_ackq/scan_id[3]_i_5/O
                         net (fo=3, routed)           0.126     5.247    u_tcp_tx/u_ackq/ack_pend_r_reg
    SLICE_X45Y92         LUT6 (Prop_B6LUT_SLICEL_I2_O)
                                                      0.177     5.424 r  u_tcp_tx/u_ackq/ctrl_seq[31]_i_16/O
                         net (fo=2, routed)           0.221     5.646    u_tcp_tx/u_ackq/ctrl_seq[31]_i_16_n_53
    SLICE_X45Y86         LUT6 (Prop_H6LUT_SLICEL_I4_O)
                                                      0.100     5.746 r  u_tcp_tx/u_ackq/ctrl_seq[31]_i_12/O
                         net (fo=10, routed)          0.257     6.002    u_tcp_tx/u_ackq/ctrl_seq[31]_i_12_n_53
    SLICE_X47Y91         LUT5 (Prop_D5LUT_SLICEL_I0_O)
                                                      0.136     6.138 r  u_tcp_tx/u_ackq/ctrl_dport[10]_i_8/O
                         net (fo=148, routed)         0.563     6.702    u_tcb/retx_id_r_reg[1]_4_alias
    SLICE_X57Y87         LUT6 (Prop_C6LUT_SLICEL_I2_O)
                                                      0.174     6.876 r  u_tcb/ctrl_seq[16]_i_4/O
                         net (fo=2, routed)           0.279     7.155    u_tcb/ctrl_seq[16]_i_4_n_53
    SLICE_X57Y87         LUT6 (Prop_D6LUT_SLICEL_I3_O)
                                                      0.116     7.271 r  u_tcb/ctrl_seq[16]_i_1/O
                         net (fo=11, routed)          0.430     7.701    u_tcb/rb_snd_nxt[9]
    SLICE_X47Y81         LUT6 (Prop_F6LUT_SLICEL_I3_O)
                                                      0.098     7.799 r  u_tcb/stat_retx[0]_i_11/O
                         net (fo=1, routed)           0.012     7.811    u_tcb/stat_retx[0]_i_11_n_53
    SLICE_X47Y81         CARRY8 (Prop_CARRY8_SLICEL_S[5]_CO[7])
                                                      0.197     8.008 r  u_tcb/stat_retx_reg[0]_i_5/CO[7]
                         net (fo=1, routed)           0.028     8.036    u_tcb/stat_retx_reg[0]_i_5_n_53
    SLICE_X47Y82         CARRY8 (Prop_CARRY8_SLICEL_CI_CO[2])
                                                      0.073     8.109 r  u_tcb/stat_retx_reg[0]_i_3/CO[2]
                         net (fo=6, routed)           0.538     8.647    u_tcp_tx/CO[0]
    SLICE_X55Y79         LUT3 (Prop_A6LUT_SLICEM_I1_O)
                                                      0.040     8.687 r  u_tcp_tx/stat_retx[0]_i_1/O
                         net (fo=66, routed)          0.192     8.879    u_tcp_tx/u_ackq/wscale_r_reg[14][0]_0
    SLICE_X55Y75         LUT3 (Prop_E6LUT_SLICEM_I0_O)
                                                      0.101     8.980 r  u_tcp_tx/u_ackq/fc_rr[3]_i_4/O
                         net (fo=55, routed)          0.215     9.195    u_slow_cfg/tx_upd_wr
    SLICE_X55Y74         LUT6 (Prop_H6LUT_SLICEM_I5_O)
                                                      0.041     9.236 f  u_slow_cfg/rcv_nxt_r[0][31]_i_7/O
                         net (fo=36, routed)          0.389     9.625    u_slow_cfg/tcb_sel[2]
    SLICE_X57Y75         LUT6 (Prop_A6LUT_SLICEL_I4_O)
                                                      0.100     9.725 r  u_slow_cfg/snd_nxt_r[0][31]_i_3/O
                         net (fo=16, routed)          0.439    10.163    u_tcp_tx/u_ackq/snd_nxt_r_reg[7][31]
    SLICE_X56Y83         LUT6 (Prop_A6LUT_SLICEM_I0_O)
                                                      0.179    10.342 r  u_tcp_tx/u_ackq/snd_nxt_r[3][31]_i_1/O
                         net (fo=32, routed)          0.370    10.712    u_tcb/snd_nxt_r_reg[3][31]_0[0]
    SLICE_X55Y84         FDCE                                         r  u_tcb/snd_nxt_r_reg[3][4]/CE
  -------------------------------------------------------------------    -------------------

                         (clock g_hw.clk_out0 rise edge)
                                                      6.400     6.400 r  
    T25                                               0.000     6.400 r  sys_clk_p (IN)
                         net (fo=0)                   0.079     6.479    u_clkgen/g_hw.u_ibufds/I
    HPIOBDIFFINBUF_X0Y37 DIFFINBUF (Prop_DIFFINBUF_HPIOBDIFFINBUF_DIFF_IN_P_O)
                                                      0.398     6.877 r  u_clkgen/g_hw.u_ibufds/DIFFINBUF_INST/O
                         net (fo=1, routed)           0.040     6.917    u_clkgen/g_hw.u_ibufds/OUT
    T25                  IBUFCTRL (Prop_IBUFCTRL_HPIOB_M_I_O)
                                                      0.000     6.917 r  u_clkgen/g_hw.u_ibufds/IBUFCTRL_INST/O
                         net (fo=1, routed)           0.304     7.221    u_clkgen/g_hw.clk_in_ibuf
    BUFGCE_X0Y41         BUFGCE (Prop_BUFCE_BUFGCE_I_O)
                                                      0.024     7.245 r  u_clkgen/g_hw.u_bufg_in/O
                         net (fo=485, routed)         1.709     8.954    u_clkgen/clk_in_100
    MMCM_X0Y1            MMCME4_ADV (Prop_MMCM_CLKIN1_CLKOUT0)
                                                      0.644     9.598 r  u_clkgen/g_hw.u_mmcm/CLKOUT0
                         net (fo=1, routed)           0.228     9.826    u_clkgen/g_hw.clk_out0
    BUFGCE_X0Y31         BUFGCE (Prop_BUFCE_BUFGCE_I_O)
                                                      0.024     9.850 r  u_clkgen/g_hw.u_bufg_out/O
    X1Y1 (CLOCK_ROOT)    net (fo=49489, routed)       1.530    11.380    u_tcb/dp_clk
    SLICE_X55Y84         FDCE                                         r  u_tcb/snd_nxt_r_reg[3][4]/C
                         clock pessimism             -0.260    11.120    
                         clock uncertainty           -0.062    11.058    
    SLICE_X55Y84         FDCE (Setup_FFF2_SLICEM_C_CE)
                                                     -0.043    11.015    u_tcb/snd_nxt_r_reg[3][4]
  -------------------------------------------------------------------
                         required time                         11.015    
                         arrival time                         -10.712    
  -------------------------------------------------------------------
                         slack                                  0.304    

Slack (MET) :             0.304ns  (required time - arrival time)
  Source:                 u_tcp_tx/FSM_sequential_rx_state_reg[1]/C
                            (rising edge-triggered cell FDCE clocked by g_hw.clk_out0  {rise@0.000ns fall@3.200ns period=6.400ns})
  Destination:            u_tcb/snd_nxt_r_reg[3][6]/CE
                            (rising edge-triggered cell FDCE clocked by g_hw.clk_out0  {rise@0.000ns fall@3.200ns period=6.400ns})
  Path Group:             g_hw.clk_out0
  Path Type:              Setup (Max at Slow Process Corner)
  Requirement:            6.400ns  (g_hw.clk_out0 rise@6.400ns - g_hw.clk_out0 rise@0.000ns)
  Data Path Delay:        5.891ns  (logic 1.740ns (29.536%)  route 4.151ns (70.464%))
  Logic Levels:           14  (CARRY8=2 LUT3=2 LUT4=1 LUT5=1 LUT6=8)
  Clock Path Skew:        -0.100ns (DCD - SCD + CPR)
    Destination Clock Delay (DCD):    4.980ns = ( 11.380 - 6.400 ) 
    Source Clock Delay      (SCD):    4.821ns
    Clock Pessimism Removal (CPR):    -0.260ns
  Clock Uncertainty:      0.062ns  ((TSJ^2 + DJ^2)^1/2) / 2 + PE
    Total System Jitter     (TSJ):    0.071ns
    Discrete Jitter          (DJ):    0.101ns
    Phase Error              (PE):    0.000ns
  Clock Net Delay (Source):      1.739ns (routing 0.616ns, distribution 1.123ns)
  Clock Net Delay (Destination): 1.530ns (routing 0.562ns, distribution 0.968ns)

    Location             Delay type                Incr(ns)  Path(ns)    Netlist Resource(s)
  -------------------------------------------------------------------    -------------------
                         (clock g_hw.clk_out0 rise edge)
                                                      0.000     0.000 r  
    T25                                               0.000     0.000 r  sys_clk_p (IN)
                         net (fo=0)                   0.100     0.100    u_clkgen/g_hw.u_ibufds/I
    HPIOBDIFFINBUF_X0Y37 DIFFINBUF (Prop_DIFFINBUF_HPIOBDIFFINBUF_DIFF_IN_P_O)
                                                      0.479     0.579 r  u_clkgen/g_hw.u_ibufds/DIFFINBUF_INST/O
                         net (fo=1, routed)           0.050     0.629    u_clkgen/g_hw.u_ibufds/OUT
    T25                  IBUFCTRL (Prop_IBUFCTRL_HPIOB_M_I_O)
                                                      0.000     0.629 r  u_clkgen/g_hw.u_ibufds/IBUFCTRL_INST/O
                         net (fo=1, routed)           0.345     0.974    u_clkgen/g_hw.clk_in_ibuf
    BUFGCE_X0Y41         BUFGCE (Prop_BUFCE_BUFGCE_I_O)
                                                      0.028     1.002 r  u_clkgen/g_hw.u_bufg_in/O
                         net (fo=485, routed)         1.902     2.904    u_clkgen/clk_in_100
    MMCM_X0Y1            MMCME4_ADV (Prop_MMCM_CLKIN1_CLKOUT0)
                                                     -0.106     2.798 r  u_clkgen/g_hw.u_mmcm/CLKOUT0
                         net (fo=1, routed)           0.256     3.054    u_clkgen/g_hw.clk_out0
    BUFGCE_X0Y31         BUFGCE (Prop_BUFCE_BUFGCE_I_O)
                                                      0.028     3.082 r  u_clkgen/g_hw.u_bufg_out/O
    X1Y1 (CLOCK_ROOT)    net (fo=49489, routed)       1.739     4.821    u_tcp_tx/dp_clk
    SLICE_X44Y92         FDCE                                         r  u_tcp_tx/FSM_sequential_rx_state_reg[1]/C
  -------------------------------------------------------------------    -------------------
    SLICE_X44Y92         FDCE (Prop_GFF_SLICEM_C_Q)
                                                      0.095     4.916 r  u_tcp_tx/FSM_sequential_rx_state_reg[1]/Q
                         net (fo=101, routed)         0.092     5.008    u_tcp_tx/u_ackq/ctrl_id_reg[3]_0[1]
    SLICE_X44Y92         LUT4 (Prop_F6LUT_SLICEM_I2_O)
                                                      0.113     5.121 r  u_tcp_tx/u_ackq/scan_id[3]_i_5/O
                         net (fo=3, routed)           0.126     5.247    u_tcp_tx/u_ackq/ack_pend_r_reg
    SLICE_X45Y92         LUT6 (Prop_B6LUT_SLICEL_I2_O)
                                                      0.177     5.424 r  u_tcp_tx/u_ackq/ctrl_seq[31]_i_16/O
                         net (fo=2, routed)           0.221     5.646    u_tcp_tx/u_ackq/ctrl_seq[31]_i_16_n_53
    SLICE_X45Y86         LUT6 (Prop_H6LUT_SLICEL_I4_O)
                                                      0.100     5.746 r  u_tcp_tx/u_ackq/ctrl_seq[31]_i_12/O
                         net (fo=10, routed)          0.257     6.002    u_tcp_tx/u_ackq/ctrl_seq[31]_i_12_n_53
    SLICE_X47Y91         LUT5 (Prop_D5LUT_SLICEL_I0_O)
                                                      0.136     6.138 r  u_tcp_tx/u_ackq/ctrl_dport[10]_i_8/O
                         net (fo=148, routed)         0.563     6.702    u_tcb/retx_id_r_reg[1]_4_alias
    SLICE_X57Y87         LUT6 (Prop_C6LUT_SLICEL_I2_O)
                                                      0.174     6.876 r  u_tcb/ctrl_seq[16]_i_4/O
                         net (fo=2, routed)           0.279     7.155    u_tcb/ctrl_seq[16]_i_4_n_53
    SLICE_X57Y87         LUT6 (Prop_D6LUT_SLICEL_I3_O)
                                                      0.116     7.271 r  u_tcb/ctrl_seq[16]_i_1/O
                         net (fo=11, routed)          0.430     7.701    u_tcb/rb_snd_nxt[9]
    SLICE_X47Y81         LUT6 (Prop_F6LUT_SLICEL_I3_O)
                                                      0.098     7.799 r  u_tcb/stat_retx[0]_i_11/O
                         net (fo=1, routed)           0.012     7.811    u_tcb/stat_retx[0]_i_11_n_53
    SLICE_X47Y81         CARRY8 (Prop_CARRY8_SLICEL_S[5]_CO[7])
                                                      0.197     8.008 r  u_tcb/stat_retx_reg[0]_i_5/CO[7]
                         net (fo=1, routed)           0.028     8.036    u_tcb/stat_retx_reg[0]_i_5_n_53
    SLICE_X47Y82         CARRY8 (Prop_CARRY8_SLICEL_CI_CO[2])
                                                      0.073     8.109 r  u_tcb/stat_retx_reg[0]_i_3/CO[2]
                         net (fo=6, routed)           0.538     8.647    u_tcp_tx/CO[0]
    SLICE_X55Y79         LUT3 (Prop_A6LUT_SLICEM_I1_O)
                                                      0.040     8.687 r  u_tcp_tx/stat_retx[0]_i_1/O
                         net (fo=66, routed)          0.192     8.879    u_tcp_tx/u_ackq/wscale_r_reg[14][0]_0
    SLICE_X55Y75         LUT3 (Prop_E6LUT_SLICEM_I0_O)
                                                      0.101     8.980 r  u_tcp_tx/u_ackq/fc_rr[3]_i_4/O
                         net (fo=55, routed)          0.215     9.195    u_slow_cfg/tx_upd_wr
    SLICE_X55Y74         LUT6 (Prop_H6LUT_SLICEM_I5_O)
                                                      0.041     9.236 f  u_slow_cfg/rcv_nxt_r[0][31]_i_7/O
                         net (fo=36, routed)          0.389     9.625    u_slow_cfg/tcb_sel[2]
    SLICE_X57Y75         LUT6 (Prop_A6LUT_SLICEL_I4_O)
                                                      0.100     9.725 r  u_slow_cfg/snd_nxt_r[0][31]_i_3/O
                         net (fo=16, routed)          0.439    10.163    u_tcp_tx/u_ackq/snd_nxt_r_reg[7][31]
    SLICE_X56Y83         LUT6 (Prop_A6LUT_SLICEM_I0_O)
                                                      0.179    10.342 r  u_tcp_tx/u_ackq/snd_nxt_r[3][31]_i_1/O
                         net (fo=32, routed)          0.370    10.712    u_tcb/snd_nxt_r_reg[3][31]_0[0]
    SLICE_X55Y84         FDCE                                         r  u_tcb/snd_nxt_r_reg[3][6]/CE
  -------------------------------------------------------------------    -------------------

                         (clock g_hw.clk_out0 rise edge)
                                                      6.400     6.400 r  
    T25                                               0.000     6.400 r  sys_clk_p (IN)
                         net (fo=0)                   0.079     6.479    u_clkgen/g_hw.u_ibufds/I
    HPIOBDIFFINBUF_X0Y37 DIFFINBUF (Prop_DIFFINBUF_HPIOBDIFFINBUF_DIFF_IN_P_O)
                                                      0.398     6.877 r  u_clkgen/g_hw.u_ibufds/DIFFINBUF_INST/O
                         net (fo=1, routed)           0.040     6.917    u_clkgen/g_hw.u_ibufds/OUT
    T25                  IBUFCTRL (Prop_IBUFCTRL_HPIOB_M_I_O)
                                                      0.000     6.917 r  u_clkgen/g_hw.u_ibufds/IBUFCTRL_INST/O
                         net (fo=1, routed)           0.304     7.221    u_clkgen/g_hw.clk_in_ibuf
    BUFGCE_X0Y41         BUFGCE (Prop_BUFCE_BUFGCE_I_O)
                                                      0.024     7.245 r  u_clkgen/g_hw.u_bufg_in/O
                         net (fo=485, routed)         1.709     8.954    u_clkgen/clk_in_100
    MMCM_X0Y1            MMCME4_ADV (Prop_MMCM_CLKIN1_CLKOUT0)
                                                      0.644     9.598 r  u_clkgen/g_hw.u_mmcm/CLKOUT0
                         net (fo=1, routed)           0.228     9.826    u_clkgen/g_hw.clk_out0
    BUFGCE_X0Y31         BUFGCE (Prop_BUFCE_BUFGCE_I_O)
                                                      0.024     9.850 r  u_clkgen/g_hw.u_bufg_out/O
    X1Y1 (CLOCK_ROOT)    net (fo=49489, routed)       1.530    11.380    u_tcb/dp_clk
    SLICE_X55Y84         FDCE                                         r  u_tcb/snd_nxt_r_reg[3][6]/C
                         clock pessimism             -0.260    11.120    
                         clock uncertainty           -0.062    11.058    
    SLICE_X55Y84         FDCE (Setup_EFF2_SLICEM_C_CE)
                                                     -0.043    11.015    u_tcb/snd_nxt_r_reg[3][6]
  -------------------------------------------------------------------
                         required time                         11.015    
                         arrival time                         -10.712    
  -------------------------------------------------------------------
                         slack                                  0.304    

Slack (MET) :             0.314ns  (required time - arrival time)
  Source:                 u_tcp_tx/FSM_sequential_rx_state_reg[1]/C
                            (rising edge-triggered cell FDCE clocked by g_hw.clk_out0  {rise@0.000ns fall@3.200ns period=6.400ns})
  Destination:            u_tcb/snd_nxt_r_reg[3][14]/CE
                            (rising edge-triggered cell FDCE clocked by g_hw.clk_out0  {rise@0.000ns fall@3.200ns period=6.400ns})
  Path Group:             g_hw.clk_out0
  Path Type:              Setup (Max at Slow Process Corner)
  Requirement:            6.400ns  (g_hw.clk_out0 rise@6.400ns - g_hw.clk_out0 rise@0.000ns)
  Data Path Delay:        5.959ns  (logic 1.740ns (29.202%)  route 4.219ns (70.798%))
  Logic Levels:           14  (CARRY8=2 LUT3=2 LUT4=1 LUT5=1 LUT6=8)
  Clock Path Skew:        -0.023ns (DCD - SCD + CPR)
    Destination Clock Delay (DCD):    5.055ns = ( 11.455 - 6.400 ) 
    Source Clock Delay      (SCD):    4.821ns
    Clock Pessimism Removal (CPR):    -0.257ns
  Clock Uncertainty:      0.062ns  ((TSJ^2 + DJ^2)^1/2) / 2 + PE
    Total System Jitter     (TSJ):    0.071ns
    Discrete Jitter          (DJ):    0.101ns
    Phase Error              (PE):    0.000ns
  Clock Net Delay (Source):      1.739ns (routing 0.616ns, distribution 1.123ns)
  Clock Net Delay (Destination): 1.605ns (routing 0.562ns, distribution 1.043ns)

    Location             Delay type                Incr(ns)  Path(ns)    Netlist Resource(s)
  -------------------------------------------------------------------    -------------------
                         (clock g_hw.clk_out0 rise edge)
                                                      0.000     0.000 r  
    T25                                               0.000     0.000 r  sys_clk_p (IN)
                         net (fo=0)                   0.100     0.100    u_clkgen/g_hw.u_ibufds/I
    HPIOBDIFFINBUF_X0Y37 DIFFINBUF (Prop_DIFFINBUF_HPIOBDIFFINBUF_DIFF_IN_P_O)
                                                      0.479     0.579 r  u_clkgen/g_hw.u_ibufds/DIFFINBUF_INST/O
                         net (fo=1, routed)           0.050     0.629    u_clkgen/g_hw.u_ibufds/OUT
    T25                  IBUFCTRL (Prop_IBUFCTRL_HPIOB_M_I_O)
                                                      0.000     0.629 r  u_clkgen/g_hw.u_ibufds/IBUFCTRL_INST/O
                         net (fo=1, routed)           0.345     0.974    u_clkgen/g_hw.clk_in_ibuf
    BUFGCE_X0Y41         BUFGCE (Prop_BUFCE_BUFGCE_I_O)
                                                      0.028     1.002 r  u_clkgen/g_hw.u_bufg_in/O
                         net (fo=485, routed)         1.902     2.904    u_clkgen/clk_in_100
    MMCM_X0Y1            MMCME4_ADV (Prop_MMCM_CLKIN1_CLKOUT0)
                                                     -0.106     2.798 r  u_clkgen/g_hw.u_mmcm/CLKOUT0
                         net (fo=1, routed)           0.256     3.054    u_clkgen/g_hw.clk_out0
    BUFGCE_X0Y31         BUFGCE (Prop_BUFCE_BUFGCE_I_O)
                                                      0.028     3.082 r  u_clkgen/g_hw.u_bufg_out/O
    X1Y1 (CLOCK_ROOT)    net (fo=49489, routed)       1.739     4.821    u_tcp_tx/dp_clk
    SLICE_X44Y92         FDCE                                         r  u_tcp_tx/FSM_sequential_rx_state_reg[1]/C
  -------------------------------------------------------------------    -------------------
    SLICE_X44Y92         FDCE (Prop_GFF_SLICEM_C_Q)
                                                      0.095     4.916 r  u_tcp_tx/FSM_sequential_rx_state_reg[1]/Q
                         net (fo=101, routed)         0.092     5.008    u_tcp_tx/u_ackq/ctrl_id_reg[3]_0[1]
    SLICE_X44Y92         LUT4 (Prop_F6LUT_SLICEM_I2_O)
                                                      0.113     5.121 r  u_tcp_tx/u_ackq/scan_id[3]_i_5/O
                         net (fo=3, routed)           0.126     5.247    u_tcp_tx/u_ackq/ack_pend_r_reg
    SLICE_X45Y92         LUT6 (Prop_B6LUT_SLICEL_I2_O)
                                                      0.177     5.424 r  u_tcp_tx/u_ackq/ctrl_seq[31]_i_16/O
                         net (fo=2, routed)           0.221     5.646    u_tcp_tx/u_ackq/ctrl_seq[31]_i_16_n_53
    SLICE_X45Y86         LUT6 (Prop_H6LUT_SLICEL_I4_O)
                                                      0.100     5.746 r  u_tcp_tx/u_ackq/ctrl_seq[31]_i_12/O
                         net (fo=10, routed)          0.257     6.002    u_tcp_tx/u_ackq/ctrl_seq[31]_i_12_n_53
    SLICE_X47Y91         LUT5 (Prop_D5LUT_SLICEL_I0_O)
                                                      0.136     6.138 r  u_tcp_tx/u_ackq/ctrl_dport[10]_i_8/O
                         net (fo=148, routed)         0.563     6.702    u_tcb/retx_id_r_reg[1]_4_alias
    SLICE_X57Y87         LUT6 (Prop_C6LUT_SLICEL_I2_O)
                                                      0.174     6.876 r  u_tcb/ctrl_seq[16]_i_4/O
                         net (fo=2, routed)           0.279     7.155    u_tcb/ctrl_seq[16]_i_4_n_53
    SLICE_X57Y87         LUT6 (Prop_D6LUT_SLICEL_I3_O)
                                                      0.116     7.271 r  u_tcb/ctrl_seq[16]_i_1/O
                         net (fo=11, routed)          0.430     7.701    u_tcb/rb_snd_nxt[9]
    SLICE_X47Y81         LUT6 (Prop_F6LUT_SLICEL_I3_O)
                                                      0.098     7.799 r  u_tcb/stat_retx[0]_i_11/O
                         net (fo=1, routed)           0.012     7.811    u_tcb/stat_retx[0]_i_11_n_53
    SLICE_X47Y81         CARRY8 (Prop_CARRY8_SLICEL_S[5]_CO[7])
                                                      0.197     8.008 r  u_tcb/stat_retx_reg[0]_i_5/CO[7]
                         net (fo=1, routed)           0.028     8.036    u_tcb/stat_retx_reg[0]_i_5_n_53
    SLICE_X47Y82         CARRY8 (Prop_CARRY8_SLICEL_CI_CO[2])
                                                      0.073     8.109 r  u_tcb/stat_retx_reg[0]_i_3/CO[2]
                         net (fo=6, routed)           0.538     8.647    u_tcp_tx/CO[0]
    SLICE_X55Y79         LUT3 (Prop_A6LUT_SLICEM_I1_O)
                                                      0.040     8.687 r  u_tcp_tx/stat_retx[0]_i_1/O
                         net (fo=66, routed)          0.192     8.879    u_tcp_tx/u_ackq/wscale_r_reg[14][0]_0
    SLICE_X55Y75         LUT3 (Prop_E6LUT_SLICEM_I0_O)
                                                      0.101     8.980 r  u_tcp_tx/u_ackq/fc_rr[3]_i_4/O
                         net (fo=55, routed)          0.215     9.195    u_slow_cfg/tx_upd_wr
    SLICE_X55Y74         LUT6 (Prop_H6LUT_SLICEM_I5_O)
                                                      0.041     9.236 f  u_slow_cfg/rcv_nxt_r[0][31]_i_7/O
                         net (fo=36, routed)          0.389     9.625    u_slow_cfg/tcb_sel[2]
    SLICE_X57Y75         LUT6 (Prop_A6LUT_SLICEL_I4_O)
                                                      0.100     9.725 r  u_slow_cfg/snd_nxt_r[0][31]_i_3/O
                         net (fo=16, routed)          0.439    10.163    u_tcp_tx/u_ackq/snd_nxt_r_reg[7][31]
    SLICE_X56Y83         LUT6 (Prop_A6LUT_SLICEM_I0_O)
                                                      0.179    10.342 r  u_tcp_tx/u_ackq/snd_nxt_r[3][31]_i_1/O
                         net (fo=32, routed)          0.437    10.779    u_tcb/snd_nxt_r_reg[3][31]_0[0]
    SLICE_X57Y89         FDCE                                         r  u_tcb/snd_nxt_r_reg[3][14]/CE
  -------------------------------------------------------------------    -------------------

                         (clock g_hw.clk_out0 rise edge)
                                                      6.400     6.400 r  
    T25                                               0.000     6.400 r  sys_clk_p (IN)
                         net (fo=0)                   0.079     6.479    u_clkgen/g_hw.u_ibufds/I
    HPIOBDIFFINBUF_X0Y37 DIFFINBUF (Prop_DIFFINBUF_HPIOBDIFFINBUF_DIFF_IN_P_O)
                                                      0.398     6.877 r  u_clkgen/g_hw.u_ibufds/DIFFINBUF_INST/O
                         net (fo=1, routed)           0.040     6.917    u_clkgen/g_hw.u_ibufds/OUT
    T25                  IBUFCTRL (Prop_IBUFCTRL_HPIOB_M_I_O)
                                                      0.000     6.917 r  u_clkgen/g_hw.u_ibufds/IBUFCTRL_INST/O
                         net (fo=1, routed)           0.304     7.221    u_clkgen/g_hw.clk_in_ibuf
    BUFGCE_X0Y41         BUFGCE (Prop_BUFCE_BUFGCE_I_O)
                                                      0.024     7.245 r  u_clkgen/g_hw.u_bufg_in/O
                         net (fo=485, routed)         1.709     8.954    u_clkgen/clk_in_100
    MMCM_X0Y1            MMCME4_ADV (Prop_MMCM_CLKIN1_CLKOUT0)
                                                      0.644     9.598 r  u_clkgen/g_hw.u_mmcm/CLKOUT0
                         net (fo=1, routed)           0.228     9.826    u_clkgen/g_hw.clk_out0
    BUFGCE_X0Y31         BUFGCE (Prop_BUFCE_BUFGCE_I_O)
                                                      0.024     9.850 r  u_clkgen/g_hw.u_bufg_out/O
    X1Y1 (CLOCK_ROOT)    net (fo=49489, routed)       1.605    11.455    u_tcb/dp_clk
    SLICE_X57Y89         FDCE                                         r  u_tcb/snd_nxt_r_reg[3][14]/C
                         clock pessimism             -0.257    11.198    
                         clock uncertainty           -0.062    11.136    
    SLICE_X57Y89         FDCE (Setup_HFF_SLICEL_C_CE)
                                                     -0.043    11.093    u_tcb/snd_nxt_r_reg[3][14]
  -------------------------------------------------------------------
                         required time                         11.093    
                         arrival time                         -10.779    
  -------------------------------------------------------------------
                         slack                                  0.314    

Slack (MET) :             0.314ns  (required time - arrival time)
  Source:                 u_tcp_tx/FSM_sequential_rx_state_reg[1]/C
                            (rising edge-triggered cell FDCE clocked by g_hw.clk_out0  {rise@0.000ns fall@3.200ns period=6.400ns})
  Destination:            u_tcb/snd_nxt_r_reg[3][15]/CE
                            (rising edge-triggered cell FDCE clocked by g_hw.clk_out0  {rise@0.000ns fall@3.200ns period=6.400ns})
  Path Group:             g_hw.clk_out0
  Path Type:              Setup (Max at Slow Process Corner)
  Requirement:            6.400ns  (g_hw.clk_out0 rise@6.400ns - g_hw.clk_out0 rise@0.000ns)
  Data Path Delay:        5.959ns  (logic 1.740ns (29.202%)  route 4.219ns (70.798%))
  Logic Levels:           14  (CARRY8=2 LUT3=2 LUT4=1 LUT5=1 LUT6=8)
  Clock Path Skew:        -0.023ns (DCD - SCD + CPR)
    Destination Clock Delay (DCD):    5.055ns = ( 11.455 - 6.400 ) 
    Source Clock Delay      (SCD):    4.821ns
    Clock Pessimism Removal (CPR):    -0.257ns
  Clock Uncertainty:      0.062ns  ((TSJ^2 + DJ^2)^1/2) / 2 + PE
    Total System Jitter     (TSJ):    0.071ns
    Discrete Jitter          (DJ):    0.101ns
    Phase Error              (PE):    0.000ns
  Clock Net Delay (Source):      1.739ns (routing 0.616ns, distribution 1.123ns)
  Clock Net Delay (Destination): 1.605ns (routing 0.562ns, distribution 1.043ns)

    Location             Delay type                Incr(ns)  Path(ns)    Netlist Resource(s)
  -------------------------------------------------------------------    -------------------
                         (clock g_hw.clk_out0 rise edge)
                                                      0.000     0.000 r  
    T25                                               0.000     0.000 r  sys_clk_p (IN)
                         net (fo=0)                   0.100     0.100    u_clkgen/g_hw.u_ibufds/I
    HPIOBDIFFINBUF_X0Y37 DIFFINBUF (Prop_DIFFINBUF_HPIOBDIFFINBUF_DIFF_IN_P_O)
                                                      0.479     0.579 r  u_clkgen/g_hw.u_ibufds/DIFFINBUF_INST/O
                         net (fo=1, routed)           0.050     0.629    u_clkgen/g_hw.u_ibufds/OUT
    T25                  IBUFCTRL (Prop_IBUFCTRL_HPIOB_M_I_O)
                                                      0.000     0.629 r  u_clkgen/g_hw.u_ibufds/IBUFCTRL_INST/O
                         net (fo=1, routed)           0.345     0.974    u_clkgen/g_hw.clk_in_ibuf
    BUFGCE_X0Y41         BUFGCE (Prop_BUFCE_BUFGCE_I_O)
                                                      0.028     1.002 r  u_clkgen/g_hw.u_bufg_in/O
                         net (fo=485, routed)         1.902     2.904    u_clkgen/clk_in_100
    MMCM_X0Y1            MMCME4_ADV (Prop_MMCM_CLKIN1_CLKOUT0)
                                                     -0.106     2.798 r  u_clkgen/g_hw.u_mmcm/CLKOUT0
                         net (fo=1, routed)           0.256     3.054    u_clkgen/g_hw.clk_out0
    BUFGCE_X0Y31         BUFGCE (Prop_BUFCE_BUFGCE_I_O)
                                                      0.028     3.082 r  u_clkgen/g_hw.u_bufg_out/O
    X1Y1 (CLOCK_ROOT)    net (fo=49489, routed)       1.739     4.821    u_tcp_tx/dp_clk
    SLICE_X44Y92         FDCE                                         r  u_tcp_tx/FSM_sequential_rx_state_reg[1]/C
  -------------------------------------------------------------------    -------------------
    SLICE_X44Y92         FDCE (Prop_GFF_SLICEM_C_Q)
                                                      0.095     4.916 r  u_tcp_tx/FSM_sequential_rx_state_reg[1]/Q
                         net (fo=101, routed)         0.092     5.008    u_tcp_tx/u_ackq/ctrl_id_reg[3]_0[1]
    SLICE_X44Y92         LUT4 (Prop_F6LUT_SLICEM_I2_O)
                                                      0.113     5.121 r  u_tcp_tx/u_ackq/scan_id[3]_i_5/O
                         net (fo=3, routed)           0.126     5.247    u_tcp_tx/u_ackq/ack_pend_r_reg
    SLICE_X45Y92         LUT6 (Prop_B6LUT_SLICEL_I2_O)
                                                      0.177     5.424 r  u_tcp_tx/u_ackq/ctrl_seq[31]_i_16/O
                         net (fo=2, routed)           0.221     5.646    u_tcp_tx/u_ackq/ctrl_seq[31]_i_16_n_53
    SLICE_X45Y86         LUT6 (Prop_H6LUT_SLICEL_I4_O)
                                                      0.100     5.746 r  u_tcp_tx/u_ackq/ctrl_seq[31]_i_12/O
                         net (fo=10, routed)          0.257     6.002    u_tcp_tx/u_ackq/ctrl_seq[31]_i_12_n_53
    SLICE_X47Y91         LUT5 (Prop_D5LUT_SLICEL_I0_O)
                                                      0.136     6.138 r  u_tcp_tx/u_ackq/ctrl_dport[10]_i_8/O
                         net (fo=148, routed)         0.563     6.702    u_tcb/retx_id_r_reg[1]_4_alias
    SLICE_X57Y87         LUT6 (Prop_C6LUT_SLICEL_I2_O)
                                                      0.174     6.876 r  u_tcb/ctrl_seq[16]_i_4/O
                         net (fo=2, routed)           0.279     7.155    u_tcb/ctrl_seq[16]_i_4_n_53
    SLICE_X57Y87         LUT6 (Prop_D6LUT_SLICEL_I3_O)
                                                      0.116     7.271 r  u_tcb/ctrl_seq[16]_i_1/O
                         net (fo=11, routed)          0.430     7.701    u_tcb/rb_snd_nxt[9]
    SLICE_X47Y81         LUT6 (Prop_F6LUT_SLICEL_I3_O)
                                                      0.098     7.799 r  u_tcb/stat_retx[0]_i_11/O
                         net (fo=1, routed)           0.012     7.811    u_tcb/stat_retx[0]_i_11_n_53
    SLICE_X47Y81         CARRY8 (Prop_CARRY8_SLICEL_S[5]_CO[7])
                                                      0.197     8.008 r  u_tcb/stat_retx_reg[0]_i_5/CO[7]
                         net (fo=1, routed)           0.028     8.036    u_tcb/stat_retx_reg[0]_i_5_n_53
    SLICE_X47Y82         CARRY8 (Prop_CARRY8_SLICEL_CI_CO[2])
                                                      0.073     8.109 r  u_tcb/stat_retx_reg[0]_i_3/CO[2]
                         net (fo=6, routed)           0.538     8.647    u_tcp_tx/CO[0]
    SLICE_X55Y79         LUT3 (Prop_A6LUT_SLICEM_I1_O)
                                                      0.040     8.687 r  u_tcp_tx/stat_retx[0]_i_1/O
                         net (fo=66, routed)          0.192     8.879    u_tcp_tx/u_ackq/wscale_r_reg[14][0]_0
    SLICE_X55Y75         LUT3 (Prop_E6LUT_SLICEM_I0_O)
                                                      0.101     8.980 r  u_tcp_tx/u_ackq/fc_rr[3]_i_4/O
                         net (fo=55, routed)          0.215     9.195    u_slow_cfg/tx_upd_wr
    SLICE_X55Y74         LUT6 (Prop_H6LUT_SLICEM_I5_O)
                                                      0.041     9.236 f  u_slow_cfg/rcv_nxt_r[0][31]_i_7/O
                         net (fo=36, routed)          0.389     9.625    u_slow_cfg/tcb_sel[2]
    SLICE_X57Y75         LUT6 (Prop_A6LUT_SLICEL_I4_O)
                                                      0.100     9.725 r  u_slow_cfg/snd_nxt_r[0][31]_i_3/O
                         net (fo=16, routed)          0.439    10.163    u_tcp_tx/u_ackq/snd_nxt_r_reg[7][31]
    SLICE_X56Y83         LUT6 (Prop_A6LUT_SLICEM_I0_O)
                                                      0.179    10.342 r  u_tcp_tx/u_ackq/snd_nxt_r[3][31]_i_1/O
                         net (fo=32, routed)          0.437    10.779    u_tcb/snd_nxt_r_reg[3][31]_0[0]
    SLICE_X57Y89         FDCE                                         r  u_tcb/snd_nxt_r_reg[3][15]/CE
  -------------------------------------------------------------------    -------------------

                         (clock g_hw.clk_out0 rise edge)
                                                      6.400     6.400 r  
    T25                                               0.000     6.400 r  sys_clk_p (IN)
                         net (fo=0)                   0.079     6.479    u_clkgen/g_hw.u_ibufds/I
    HPIOBDIFFINBUF_X0Y37 DIFFINBUF (Prop_DIFFINBUF_HPIOBDIFFINBUF_DIFF_IN_P_O)
                                                      0.398     6.877 r  u_clkgen/g_hw.u_ibufds/DIFFINBUF_INST/O
                         net (fo=1, routed)           0.040     6.917    u_clkgen/g_hw.u_ibufds/OUT
    T25                  IBUFCTRL (Prop_IBUFCTRL_HPIOB_M_I_O)
                                                      0.000     6.917 r  u_clkgen/g_hw.u_ibufds/IBUFCTRL_INST/O
                         net (fo=1, routed)           0.304     7.221    u_clkgen/g_hw.clk_in_ibuf
    BUFGCE_X0Y41         BUFGCE (Prop_BUFCE_BUFGCE_I_O)
                                                      0.024     7.245 r  u_clkgen/g_hw.u_bufg_in/O
                         net (fo=485, routed)         1.709     8.954    u_clkgen/clk_in_100
    MMCM_X0Y1            MMCME4_ADV (Prop_MMCM_CLKIN1_CLKOUT0)
                                                      0.644     9.598 r  u_clkgen/g_hw.u_mmcm/CLKOUT0
                         net (fo=1, routed)           0.228     9.826    u_clkgen/g_hw.clk_out0
    BUFGCE_X0Y31         BUFGCE (Prop_BUFCE_BUFGCE_I_O)
                                                      0.024     9.850 r  u_clkgen/g_hw.u_bufg_out/O
    X1Y1 (CLOCK_ROOT)    net (fo=49489, routed)       1.605    11.455    u_tcb/dp_clk
    SLICE_X57Y89         FDCE                                         r  u_tcb/snd_nxt_r_reg[3][15]/C
                         clock pessimism             -0.257    11.198    
                         clock uncertainty           -0.062    11.136    
    SLICE_X57Y89         FDCE (Setup_GFF_SLICEL_C_CE)
                                                     -0.043    11.093    u_tcb/snd_nxt_r_reg[3][15]
  -------------------------------------------------------------------
                         required time                         11.093    
                         arrival time                         -10.779    
  -------------------------------------------------------------------
                         slack                                  0.314    

Slack (MET) :             0.314ns  (required time - arrival time)
  Source:                 u_tcp_tx/FSM_sequential_rx_state_reg[1]/C
                            (rising edge-triggered cell FDCE clocked by g_hw.clk_out0  {rise@0.000ns fall@3.200ns period=6.400ns})
  Destination:            u_tcb/snd_nxt_r_reg[3][21]/CE
                            (rising edge-triggered cell FDCE clocked by g_hw.clk_out0  {rise@0.000ns fall@3.200ns period=6.400ns})
  Path Group:             g_hw.clk_out0
  Path Type:              Setup (Max at Slow Process Corner)
  Requirement:            6.400ns  (g_hw.clk_out0 rise@6.400ns - g_hw.clk_out0 rise@0.000ns)
  Data Path Delay:        5.956ns  (logic 1.740ns (29.216%)  route 4.216ns (70.784%))
  Logic Levels:           14  (CARRY8=2 LUT3=2 LUT4=1 LUT5=1 LUT6=8)
  Clock Path Skew:        -0.027ns (DCD - SCD + CPR)
    Destination Clock Delay (DCD):    5.051ns = ( 11.451 - 6.400 ) 
    Source Clock Delay      (SCD):    4.821ns
    Clock Pessimism Removal (CPR):    -0.257ns
  Clock Uncertainty:      0.062ns  ((TSJ^2 + DJ^2)^1/2) / 2 + PE
    Total System Jitter     (TSJ):    0.071ns
    Discrete Jitter          (DJ):    0.101ns
    Phase Error              (PE):    0.000ns
  Clock Net Delay (Source):      1.739ns (routing 0.616ns, distribution 1.123ns)
  Clock Net Delay (Destination): 1.601ns (routing 0.562ns, distribution 1.039ns)

    Location             Delay type                Incr(ns)  Path(ns)    Netlist Resource(s)
  -------------------------------------------------------------------    -------------------
                         (clock g_hw.clk_out0 rise edge)
                                                      0.000     0.000 r  
    T25                                               0.000     0.000 r  sys_clk_p (IN)
                         net (fo=0)                   0.100     0.100    u_clkgen/g_hw.u_ibufds/I
    HPIOBDIFFINBUF_X0Y37 DIFFINBUF (Prop_DIFFINBUF_HPIOBDIFFINBUF_DIFF_IN_P_O)
                                                      0.479     0.579 r  u_clkgen/g_hw.u_ibufds/DIFFINBUF_INST/O
                         net (fo=1, routed)           0.050     0.629    u_clkgen/g_hw.u_ibufds/OUT
    T25                  IBUFCTRL (Prop_IBUFCTRL_HPIOB_M_I_O)
                                                      0.000     0.629 r  u_clkgen/g_hw.u_ibufds/IBUFCTRL_INST/O
                         net (fo=1, routed)           0.345     0.974    u_clkgen/g_hw.clk_in_ibuf
    BUFGCE_X0Y41         BUFGCE (Prop_BUFCE_BUFGCE_I_O)
                                                      0.028     1.002 r  u_clkgen/g_hw.u_bufg_in/O
                         net (fo=485, routed)         1.902     2.904    u_clkgen/clk_in_100
    MMCM_X0Y1            MMCME4_ADV (Prop_MMCM_CLKIN1_CLKOUT0)
                                                     -0.106     2.798 r  u_clkgen/g_hw.u_mmcm/CLKOUT0
                         net (fo=1, routed)           0.256     3.054    u_clkgen/g_hw.clk_out0
    BUFGCE_X0Y31         BUFGCE (Prop_BUFCE_BUFGCE_I_O)
                                                      0.028     3.082 r  u_clkgen/g_hw.u_bufg_out/O
    X1Y1 (CLOCK_ROOT)    net (fo=49489, routed)       1.739     4.821    u_tcp_tx/dp_clk
    SLICE_X44Y92         FDCE                                         r  u_tcp_tx/FSM_sequential_rx_state_reg[1]/C
  -------------------------------------------------------------------    -------------------
    SLICE_X44Y92         FDCE (Prop_GFF_SLICEM_C_Q)
                                                      0.095     4.916 r  u_tcp_tx/FSM_sequential_rx_state_reg[1]/Q
                         net (fo=101, routed)         0.092     5.008    u_tcp_tx/u_ackq/ctrl_id_reg[3]_0[1]
    SLICE_X44Y92         LUT4 (Prop_F6LUT_SLICEM_I2_O)
                                                      0.113     5.121 r  u_tcp_tx/u_ackq/scan_id[3]_i_5/O
                         net (fo=3, routed)           0.126     5.247    u_tcp_tx/u_ackq/ack_pend_r_reg
    SLICE_X45Y92         LUT6 (Prop_B6LUT_SLICEL_I2_O)
                                                      0.177     5.424 r  u_tcp_tx/u_ackq/ctrl_seq[31]_i_16/O
                         net (fo=2, routed)           0.221     5.646    u_tcp_tx/u_ackq/ctrl_seq[31]_i_16_n_53
    SLICE_X45Y86         LUT6 (Prop_H6LUT_SLICEL_I4_O)
                                                      0.100     5.746 r  u_tcp_tx/u_ackq/ctrl_seq[31]_i_12/O
                         net (fo=10, routed)          0.257     6.002    u_tcp_tx/u_ackq/ctrl_seq[31]_i_12_n_53
    SLICE_X47Y91         LUT5 (Prop_D5LUT_SLICEL_I0_O)
                                                      0.136     6.138 r  u_tcp_tx/u_ackq/ctrl_dport[10]_i_8/O
                         net (fo=148, routed)         0.563     6.702    u_tcb/retx_id_r_reg[1]_4_alias
    SLICE_X57Y87         LUT6 (Prop_C6LUT_SLICEL_I2_O)
                                                      0.174     6.876 r  u_tcb/ctrl_seq[16]_i_4/O
                         net (fo=2, routed)           0.279     7.155    u_tcb/ctrl_seq[16]_i_4_n_53
    SLICE_X57Y87         LUT6 (Prop_D6LUT_SLICEL_I3_O)
                                                      0.116     7.271 r  u_tcb/ctrl_seq[16]_i_1/O
                         net (fo=11, routed)          0.430     7.701    u_tcb/rb_snd_nxt[9]
    SLICE_X47Y81         LUT6 (Prop_F6LUT_SLICEL_I3_O)
                                                      0.098     7.799 r  u_tcb/stat_retx[0]_i_11/O
                         net (fo=1, routed)           0.012     7.811    u_tcb/stat_retx[0]_i_11_n_53
    SLICE_X47Y81         CARRY8 (Prop_CARRY8_SLICEL_S[5]_CO[7])
                                                      0.197     8.008 r  u_tcb/stat_retx_reg[0]_i_5/CO[7]
                         net (fo=1, routed)           0.028     8.036    u_tcb/stat_retx_reg[0]_i_5_n_53
    SLICE_X47Y82         CARRY8 (Prop_CARRY8_SLICEL_CI_CO[2])
                                                      0.073     8.109 r  u_tcb/stat_retx_reg[0]_i_3/CO[2]
                         net (fo=6, routed)           0.538     8.647    u_tcp_tx/CO[0]
    SLICE_X55Y79         LUT3 (Prop_A6LUT_SLICEM_I1_O)
                                                      0.040     8.687 r  u_tcp_tx/stat_retx[0]_i_1/O
                         net (fo=66, routed)          0.192     8.879    u_tcp_tx/u_ackq/wscale_r_reg[14][0]_0
    SLICE_X55Y75         LUT3 (Prop_E6LUT_SLICEM_I0_O)
                                                      0.101     8.980 r  u_tcp_tx/u_ackq/fc_rr[3]_i_4/O
                         net (fo=55, routed)          0.215     9.195    u_slow_cfg/tx_upd_wr
    SLICE_X55Y74         LUT6 (Prop_H6LUT_SLICEM_I5_O)
                                                      0.041     9.236 f  u_slow_cfg/rcv_nxt_r[0][31]_i_7/O
                         net (fo=36, routed)          0.389     9.625    u_slow_cfg/tcb_sel[2]
    SLICE_X57Y75         LUT6 (Prop_A6LUT_SLICEL_I4_O)
                                                      0.100     9.725 r  u_slow_cfg/snd_nxt_r[0][31]_i_3/O
                         net (fo=16, routed)          0.439    10.163    u_tcp_tx/u_ackq/snd_nxt_r_reg[7][31]
    SLICE_X56Y83         LUT6 (Prop_A6LUT_SLICEM_I0_O)
                                                      0.179    10.342 r  u_tcp_tx/u_ackq/snd_nxt_r[3][31]_i_1/O
                         net (fo=32, routed)          0.434    10.776    u_tcb/snd_nxt_r_reg[3][31]_0[0]
    SLICE_X57Y89         FDCE                                         r  u_tcb/snd_nxt_r_reg[3][21]/CE
  -------------------------------------------------------------------    -------------------

                         (clock g_hw.clk_out0 rise edge)
                                                      6.400     6.400 r  
    T25                                               0.000     6.400 r  sys_clk_p (IN)
                         net (fo=0)                   0.079     6.479    u_clkgen/g_hw.u_ibufds/I
    HPIOBDIFFINBUF_X0Y37 DIFFINBUF (Prop_DIFFINBUF_HPIOBDIFFINBUF_DIFF_IN_P_O)
                                                      0.398     6.877 r  u_clkgen/g_hw.u_ibufds/DIFFINBUF_INST/O
                         net (fo=1, routed)           0.040     6.917    u_clkgen/g_hw.u_ibufds/OUT
    T25                  IBUFCTRL (Prop_IBUFCTRL_HPIOB_M_I_O)
                                                      0.000     6.917 r  u_clkgen/g_hw.u_ibufds/IBUFCTRL_INST/O
                         net (fo=1, routed)           0.304     7.221    u_clkgen/g_hw.clk_in_ibuf
    BUFGCE_X0Y41         BUFGCE (Prop_BUFCE_BUFGCE_I_O)
                                                      0.024     7.245 r  u_clkgen/g_hw.u_bufg_in/O
                         net (fo=485, routed)         1.709     8.954    u_clkgen/clk_in_100
    MMCM_X0Y1            MMCME4_ADV (Prop_MMCM_CLKIN1_CLKOUT0)
                                                      0.644     9.598 r  u_clkgen/g_hw.u_mmcm/CLKOUT0
                         net (fo=1, routed)           0.228     9.826    u_clkgen/g_hw.clk_out0
    BUFGCE_X0Y31         BUFGCE (Prop_BUFCE_BUFGCE_I_O)
                                                      0.024     9.850 r  u_clkgen/g_hw.u_bufg_out/O
    X1Y1 (CLOCK_ROOT)    net (fo=49489, routed)       1.601    11.451    u_tcb/dp_clk
    SLICE_X57Y89         FDCE                                         r  u_tcb/snd_nxt_r_reg[3][21]/C
                         clock pessimism             -0.257    11.194    
                         clock uncertainty           -0.062    11.132    
    SLICE_X57Y89         FDCE (Setup_DFF_SLICEL_C_CE)
                                                     -0.042    11.090    u_tcb/snd_nxt_r_reg[3][21]
  -------------------------------------------------------------------
                         required time                         11.090    
                         arrival time                         -10.776    
  -------------------------------------------------------------------
                         slack                                  0.314    




