Copyright 1986-2022 Xilinx, Inc. All Rights Reserved. Copyright 2022-2025 Advanced Micro Devices, Inc. All Rights Reserved.
--------------------------------------------------------------------------------------------------------------------------------------------------------------------------------------------------------------------------------------------------------------------------------
| Tool Version      : Vivado v.2025.2 (win64) Build 6299465 Fri Nov 14 19:35:11 GMT 2025
| Date              : Sat Oct 10 10:13:30 2026
| Host              : xyz-intel running 64-bit major release  (build 9200)
| Command           : report_timing -to [get_pins -quiet -of [get_cells -hier -quiet -filter {NAME =~ u_app/stg_reg*}] -filter {REF_PIN_NAME =~ CE}] -max_paths 10 -delay_type max -file {D:\repo\XCKU5PMini\udp_hls_10g\_proj_10g\notes\p7b_buildF_build\query_F/F_stg_CE.rpt}
| Design            : wrapper_p4
| Device            : xcku5p-ffvb676
| Speed File        : -1  PRODUCTION 1.29 05-01-2022
| Design State      : Routed
| Temperature Grade : E
--------------------------------------------------------------------------------------------------------------------------------------------------------------------------------------------------------------------------------------------------------------------------------

Timing Report

Slack (MET) :             0.441ns  (required time - arrival time)
  Source:                 u_app_ctrl/c_snd_nxt_reg[12][1]/C
                            (rising edge-triggered cell FDCE clocked by g_hw.clk_out0  {rise@0.000ns fall@3.200ns period=6.400ns})
  Destination:            u_app/stg_reg[2]/CE
                            (rising edge-triggered cell FDCE clocked by g_hw.clk_out0  {rise@0.000ns fall@3.200ns period=6.400ns})
  Path Group:             g_hw.clk_out0
  Path Type:              Setup (Max at Slow Process Corner)
  Requirement:            6.400ns  (g_hw.clk_out0 rise@6.400ns - g_hw.clk_out0 rise@0.000ns)
  Data Path Delay:        5.660ns  (logic 1.547ns (27.334%)  route 4.113ns (72.666%))
  Logic Levels:           13  (CARRY8=4 LUT2=2 LUT3=1 LUT4=1 LUT5=2 LUT6=1 MUXF7=1 MUXF8=1)
  Clock Path Skew:        -0.194ns (DCD - SCD + CPR)
    Destination Clock Delay (DCD):    5.111ns = ( 11.511 - 6.400 ) 
    Source Clock Delay      (SCD):    4.995ns
    Clock Pessimism Removal (CPR):    -0.309ns
  Clock Uncertainty:      0.062ns  ((TSJ^2 + DJ^2)^1/2) / 2 + PE
    Total System Jitter     (TSJ):    0.071ns
    Discrete Jitter          (DJ):    0.101ns
    Phase Error              (PE):    0.000ns
  Clock Net Delay (Source):      1.914ns (routing 0.616ns, distribution 1.298ns)
  Clock Net Delay (Destination): 1.661ns (routing 0.562ns, distribution 1.099ns)

    Location             Delay type                Incr(ns)  Path(ns)    Netlist Resource(s)
  -------------------------------------------------------------------    -------------------
                         (clock g_hw.clk_out0 rise edge)
                                                      0.000     0.000 r  
    T25                                               0.000     0.000 r  sys_clk_p (IN)
                         net (fo=0)                   0.100     0.100    u_clkgen/g_hw.u_ibufds/I
    HPIOBDIFFINBUF_X0Y37 DIFFINBUF (Prop_DIFFINBUF_HPIOBDIFFINBUF_DIFF_IN_P_O)
                                                      0.479     0.579 r  u_clkgen/g_hw.u_ibufds/DIFFINBUF_INST/O
                         net (fo=1, routed)           0.050     0.629    u_clkgen/g_hw.u_ibufds/OUT
    T25                  IBUFCTRL (Prop_IBUFCTRL_HPIOB_M_I_O)
                                                      0.000     0.629 r  u_clkgen/g_hw.u_ibufds/IBUFCTRL_INST/O
                         net (fo=1, routed)           0.345     0.974    u_clkgen/g_hw.clk_in_ibuf
    BUFGCE_X0Y41         BUFGCE (Prop_BUFCE_BUFGCE_I_O)
                                                      0.028     1.002 r  u_clkgen/g_hw.u_bufg_in/O
                         net (fo=485, routed)         1.902     2.904    u_clkgen/clk_in_100
    MMCM_X0Y1            MMCME4_ADV (Prop_MMCM_CLKIN1_CLKOUT0)
                                                     -0.106     2.798 r  u_clkgen/g_hw.u_mmcm/CLKOUT0
                         net (fo=1, routed)           0.256     3.054    u_clkgen/g_hw.clk_out0
    BUFGCE_X0Y31         BUFGCE (Prop_BUFCE_BUFGCE_I_O)
                                                      0.028     3.082 r  u_clkgen/g_hw.u_bufg_out/O
    X1Y1 (CLOCK_ROOT)    net (fo=49489, routed)       1.914     4.995    u_app_ctrl/dp_clk
    SLICE_X4Y8           FDCE                                         r  u_app_ctrl/c_snd_nxt_reg[12][1]/C
  -------------------------------------------------------------------    -------------------
    SLICE_X4Y8           FDCE (Prop_AFF2_SLICEM_C_Q)
                                                      0.097     5.092 r  u_app_ctrl/c_snd_nxt_reg[12][1]/Q
                         net (fo=2, routed)           0.144     5.236    u_app_ctrl/c_snd_nxt_reg[12]_11[1]
    SLICE_X3Y8           LUT2 (Prop_B6LUT_SLICEL_I0_O)
                                                      0.177     5.413 r  u_app_ctrl/sn_ry[12]_i_64/O
                         net (fo=1, routed)           0.010     5.423    u_app_ctrl/sn_ry[12]_i_64_n_53
    SLICE_X3Y8           CARRY8 (Prop_CARRY8_SLICEL_S[1]_CO[7])
                                                      0.233     5.656 r  u_app_ctrl/sn_ry_reg[12]_i_33/CO[7]
                         net (fo=1, routed)           0.028     5.684    u_app_ctrl/sn_ry_reg[12]_i_33_n_53
    SLICE_X3Y9           CARRY8 (Prop_CARRY8_SLICEL_CI_CO[7])
                                                      0.023     5.707 r  u_app_ctrl/sn_ry_reg[12]_i_31/CO[7]
                         net (fo=1, routed)           0.028     5.735    u_app_ctrl/sn_ry_reg[12]_i_31_n_53
    SLICE_X3Y10          CARRY8 (Prop_CARRY8_SLICEL_CI_O[2])
                                                      0.086     5.821 f  u_app_ctrl/sn_ry_reg[12]_i_30/O[2]
                         net (fo=1, routed)           0.255     6.076    u_app_ctrl/tx_ready_calc11_return53_out[18]
    SLICE_X4Y10          LUT2 (Prop_B6LUT_SLICEM_I1_O)
                                                      0.100     6.176 r  u_app_ctrl/sn_ry[12]_i_11/O
                         net (fo=1, routed)           0.018     6.194    u_app_ctrl/sn_ry[12]_i_11_n_53
    SLICE_X4Y10          CARRY8 (Prop_CARRY8_SLICEM_S[1]_CO[7])
                                                      0.245     6.439 r  u_app_ctrl/sn_ry_reg[12]_i_3/CO[7]
                         net (fo=1, routed)           1.035     7.474    u_app_ctrl/tx_ready_calc11_return4
    SLICE_X35Y42         LUT5 (Prop_G6LUT_SLICEM_I4_O)
                                                      0.116     7.590 r  u_app_ctrl/sn_ry[12]_i_1/O
                         net (fo=2, routed)           0.256     7.846    u_app_ctrl/rst_sent_r_reg[15][12]
    SLICE_X36Y41         LUT6 (Prop_A6LUT_SLICEL_I1_O)
                                                      0.178     8.024 f  u_app_ctrl/frm_wait_i_10/O
                         net (fo=1, routed)           0.011     8.035    u_app_ctrl/frm_wait_i_10_n_53
    SLICE_X36Y41         MUXF7 (Prop_F7MUX_AB_SLICEL_I1_O)
                                                      0.076     8.111 f  u_app_ctrl/frm_wait_reg_i_6/O
                         net (fo=1, routed)           0.000     8.111    u_app_ctrl/frm_wait_reg_i_6_n_53
    SLICE_X36Y41         MUXF8 (Prop_F8MUX_BOT_SLICEL_I1_O)
                                                      0.027     8.138 f  u_app_ctrl/frm_wait_reg_i_4/O
                         net (fo=5, routed)           1.419     9.556    u_app/frm_wait_reg_0
    SLICE_X69Y113        LUT3 (Prop_F6LUT_SLICEL_I0_O)
                                                      0.062     9.618 f  u_app/pw_n[3]_i_6/O
                         net (fo=5, routed)           0.164     9.782    u_app/pw_n[3]_i_6_n_53
    SLICE_X70Y115        LUT5 (Prop_G6LUT_SLICEL_I0_O)
                                                      0.063     9.845 r  u_app/pw_n[3]_i_4/O
                         net (fo=35, routed)          0.360    10.206    u_app/pw_n[3]_i_4_n_53
    SLICE_X68Y118        LUT4 (Prop_E6LUT_SLICEL_I2_O)
                                                      0.064    10.270 r  u_app/stg[63]_i_1/O
                         net (fo=64, routed)          0.385    10.655    u_app/stg[63]_i_1_n_53
    SLICE_X71Y119        FDCE                                         r  u_app/stg_reg[2]/CE
  -------------------------------------------------------------------    -------------------

                         (clock g_hw.clk_out0 rise edge)
                                                      6.400     6.400 r  
    T25                                               0.000     6.400 r  sys_clk_p (IN)
                         net (fo=0)                   0.079     6.479    u_clkgen/g_hw.u_ibufds/I
    HPIOBDIFFINBUF_X0Y37 DIFFINBUF (Prop_DIFFINBUF_HPIOBDIFFINBUF_DIFF_IN_P_O)
                                                      0.398     6.877 r  u_clkgen/g_hw.u_ibufds/DIFFINBUF_INST/O
                         net (fo=1, routed)           0.040     6.917    u_clkgen/g_hw.u_ibufds/OUT
    T25                  IBUFCTRL (Prop_IBUFCTRL_HPIOB_M_I_O)
                                                      0.000     6.917 r  u_clkgen/g_hw.u_ibufds/IBUFCTRL_INST/O
                         net (fo=1, routed)           0.304     7.221    u_clkgen/g_hw.clk_in_ibuf
    BUFGCE_X0Y41         BUFGCE (Prop_BUFCE_BUFGCE_I_O)
                                                      0.024     7.245 r  u_clkgen/g_hw.u_bufg_in/O
                         net (fo=485, routed)         1.709     8.954    u_clkgen/clk_in_100
    MMCM_X0Y1            MMCME4_ADV (Prop_MMCM_CLKIN1_CLKOUT0)
                                                      0.644     9.598 r  u_clkgen/g_hw.u_mmcm/CLKOUT0
                         net (fo=1, routed)           0.228     9.826    u_clkgen/g_hw.clk_out0
    BUFGCE_X0Y31         BUFGCE (Prop_BUFCE_BUFGCE_I_O)
                                                      0.024     9.850 r  u_clkgen/g_hw.u_bufg_out/O
    X1Y1 (CLOCK_ROOT)    net (fo=49489, routed)       1.661    11.511    u_app/dp_clk
    SLICE_X71Y119        FDCE                                         r  u_app/stg_reg[2]/C
                         clock pessimism             -0.309    11.202    
                         clock uncertainty           -0.062    11.140    
    SLICE_X71Y119        FDCE (Setup_HFF_SLICEM_C_CE)
                                                     -0.044    11.096    u_app/stg_reg[2]
  -------------------------------------------------------------------
                         required time                         11.096    
                         arrival time                         -10.655    
  -------------------------------------------------------------------
                         slack                                  0.441    

Slack (MET) :             0.497ns  (required time - arrival time)
  Source:                 u_app_ctrl/c_snd_nxt_reg[12][1]/C
                            (rising edge-triggered cell FDCE clocked by g_hw.clk_out0  {rise@0.000ns fall@3.200ns period=6.400ns})
  Destination:            u_app/stg_reg[21]/CE
                            (rising edge-triggered cell FDCE clocked by g_hw.clk_out0  {rise@0.000ns fall@3.200ns period=6.400ns})
  Path Group:             g_hw.clk_out0
  Path Type:              Setup (Max at Slow Process Corner)
  Requirement:            6.400ns  (g_hw.clk_out0 rise@6.400ns - g_hw.clk_out0 rise@0.000ns)
  Data Path Delay:        5.601ns  (logic 1.547ns (27.620%)  route 4.054ns (72.380%))
  Logic Levels:           13  (CARRY8=4 LUT2=2 LUT3=1 LUT4=1 LUT5=2 LUT6=1 MUXF7=1 MUXF8=1)
  Clock Path Skew:        -0.198ns (DCD - SCD + CPR)
    Destination Clock Delay (DCD):    5.107ns = ( 11.507 - 6.400 ) 
    Source Clock Delay      (SCD):    4.995ns
    Clock Pessimism Removal (CPR):    -0.309ns
  Clock Uncertainty:      0.062ns  ((TSJ^2 + DJ^2)^1/2) / 2 + PE
    Total System Jitter     (TSJ):    0.071ns
    Discrete Jitter          (DJ):    0.101ns
    Phase Error              (PE):    0.000ns
  Clock Net Delay (Source):      1.914ns (routing 0.616ns, distribution 1.298ns)
  Clock Net Delay (Destination): 1.657ns (routing 0.562ns, distribution 1.095ns)

    Location             Delay type                Incr(ns)  Path(ns)    Netlist Resource(s)
  -------------------------------------------------------------------    -------------------
                         (clock g_hw.clk_out0 rise edge)
                                                      0.000     0.000 r  
    T25                                               0.000     0.000 r  sys_clk_p (IN)
                         net (fo=0)                   0.100     0.100    u_clkgen/g_hw.u_ibufds/I
    HPIOBDIFFINBUF_X0Y37 DIFFINBUF (Prop_DIFFINBUF_HPIOBDIFFINBUF_DIFF_IN_P_O)
                                                      0.479     0.579 r  u_clkgen/g_hw.u_ibufds/DIFFINBUF_INST/O
                         net (fo=1, routed)           0.050     0.629    u_clkgen/g_hw.u_ibufds/OUT
    T25                  IBUFCTRL (Prop_IBUFCTRL_HPIOB_M_I_O)
                                                      0.000     0.629 r  u_clkgen/g_hw.u_ibufds/IBUFCTRL_INST/O
                         net (fo=1, routed)           0.345     0.974    u_clkgen/g_hw.clk_in_ibuf
    BUFGCE_X0Y41         BUFGCE (Prop_BUFCE_BUFGCE_I_O)
                                                      0.028     1.002 r  u_clkgen/g_hw.u_bufg_in/O
                         net (fo=485, routed)         1.902     2.904    u_clkgen/clk_in_100
    MMCM_X0Y1            MMCME4_ADV (Prop_MMCM_CLKIN1_CLKOUT0)
                                                     -0.106     2.798 r  u_clkgen/g_hw.u_mmcm/CLKOUT0
                         net (fo=1, routed)           0.256     3.054    u_clkgen/g_hw.clk_out0
    BUFGCE_X0Y31         BUFGCE (Prop_BUFCE_BUFGCE_I_O)
                                                      0.028     3.082 r  u_clkgen/g_hw.u_bufg_out/O
    X1Y1 (CLOCK_ROOT)    net (fo=49489, routed)       1.914     4.995    u_app_ctrl/dp_clk
    SLICE_X4Y8           FDCE                                         r  u_app_ctrl/c_snd_nxt_reg[12][1]/C
  -------------------------------------------------------------------    -------------------
    SLICE_X4Y8           FDCE (Prop_AFF2_SLICEM_C_Q)
                                                      0.097     5.092 r  u_app_ctrl/c_snd_nxt_reg[12][1]/Q
                         net (fo=2, routed)           0.144     5.236    u_app_ctrl/c_snd_nxt_reg[12]_11[1]
    SLICE_X3Y8           LUT2 (Prop_B6LUT_SLICEL_I0_O)
                                                      0.177     5.413 r  u_app_ctrl/sn_ry[12]_i_64/O
                         net (fo=1, routed)           0.010     5.423    u_app_ctrl/sn_ry[12]_i_64_n_53
    SLICE_X3Y8           CARRY8 (Prop_CARRY8_SLICEL_S[1]_CO[7])
                                                      0.233     5.656 r  u_app_ctrl/sn_ry_reg[12]_i_33/CO[7]
                         net (fo=1, routed)           0.028     5.684    u_app_ctrl/sn_ry_reg[12]_i_33_n_53
    SLICE_X3Y9           CARRY8 (Prop_CARRY8_SLICEL_CI_CO[7])
                                                      0.023     5.707 r  u_app_ctrl/sn_ry_reg[12]_i_31/CO[7]
                         net (fo=1, routed)           0.028     5.735    u_app_ctrl/sn_ry_reg[12]_i_31_n_53
    SLICE_X3Y10          CARRY8 (Prop_CARRY8_SLICEL_CI_O[2])
                                                      0.086     5.821 f  u_app_ctrl/sn_ry_reg[12]_i_30/O[2]
                         net (fo=1, routed)           0.255     6.076    u_app_ctrl/tx_ready_calc11_return53_out[18]
    SLICE_X4Y10          LUT2 (Prop_B6LUT_SLICEM_I1_O)
                                                      0.100     6.176 r  u_app_ctrl/sn_ry[12]_i_11/O
                         net (fo=1, routed)           0.018     6.194    u_app_ctrl/sn_ry[12]_i_11_n_53
    SLICE_X4Y10          CARRY8 (Prop_CARRY8_SLICEM_S[1]_CO[7])
                                                      0.245     6.439 r  u_app_ctrl/sn_ry_reg[12]_i_3/CO[7]
                         net (fo=1, routed)           1.035     7.474    u_app_ctrl/tx_ready_calc11_return4
    SLICE_X35Y42         LUT5 (Prop_G6LUT_SLICEM_I4_O)
                                                      0.116     7.590 r  u_app_ctrl/sn_ry[12]_i_1/O
                         net (fo=2, routed)           0.256     7.846    u_app_ctrl/rst_sent_r_reg[15][12]
    SLICE_X36Y41         LUT6 (Prop_A6LUT_SLICEL_I1_O)
                                                      0.178     8.024 f  u_app_ctrl/frm_wait_i_10/O
                         net (fo=1, routed)           0.011     8.035    u_app_ctrl/frm_wait_i_10_n_53
    SLICE_X36Y41         MUXF7 (Prop_F7MUX_AB_SLICEL_I1_O)
                                                      0.076     8.111 f  u_app_ctrl/frm_wait_reg_i_6/O
                         net (fo=1, routed)           0.000     8.111    u_app_ctrl/frm_wait_reg_i_6_n_53
    SLICE_X36Y41         MUXF8 (Prop_F8MUX_BOT_SLICEL_I1_O)
                                                      0.027     8.138 f  u_app_ctrl/frm_wait_reg_i_4/O
                         net (fo=5, routed)           1.419     9.556    u_app/frm_wait_reg_0
    SLICE_X69Y113        LUT3 (Prop_F6LUT_SLICEL_I0_O)
                                                      0.062     9.618 f  u_app/pw_n[3]_i_6/O
                         net (fo=5, routed)           0.164     9.782    u_app/pw_n[3]_i_6_n_53
    SLICE_X70Y115        LUT5 (Prop_G6LUT_SLICEL_I0_O)
                                                      0.063     9.845 r  u_app/pw_n[3]_i_4/O
                         net (fo=35, routed)          0.360    10.206    u_app/pw_n[3]_i_4_n_53
    SLICE_X68Y118        LUT4 (Prop_E6LUT_SLICEL_I2_O)
                                                      0.064    10.270 r  u_app/stg[63]_i_1/O
                         net (fo=64, routed)          0.327    10.596    u_app/stg[63]_i_1_n_53
    SLICE_X69Y119        FDCE                                         r  u_app/stg_reg[21]/CE
  -------------------------------------------------------------------    -------------------

                         (clock g_hw.clk_out0 rise edge)
                                                      6.400     6.400 r  
    T25                                               0.000     6.400 r  sys_clk_p (IN)
                         net (fo=0)                   0.079     6.479    u_clkgen/g_hw.u_ibufds/I
    HPIOBDIFFINBUF_X0Y37 DIFFINBUF (Prop_DIFFINBUF_HPIOBDIFFINBUF_DIFF_IN_P_O)
                                                      0.398     6.877 r  u_clkgen/g_hw.u_ibufds/DIFFINBUF_INST/O
                         net (fo=1, routed)           0.040     6.917    u_clkgen/g_hw.u_ibufds/OUT
    T25                  IBUFCTRL (Prop_IBUFCTRL_HPIOB_M_I_O)
                                                      0.000     6.917 r  u_clkgen/g_hw.u_ibufds/IBUFCTRL_INST/O
                         net (fo=1, routed)           0.304     7.221    u_clkgen/g_hw.clk_in_ibuf
    BUFGCE_X0Y41         BUFGCE (Prop_BUFCE_BUFGCE_I_O)
                                                      0.024     7.245 r  u_clkgen/g_hw.u_bufg_in/O
                         net (fo=485, routed)         1.709     8.954    u_clkgen/clk_in_100
    MMCM_X0Y1            MMCME4_ADV (Prop_MMCM_CLKIN1_CLKOUT0)
                                                      0.644     9.598 r  u_clkgen/g_hw.u_mmcm/CLKOUT0
                         net (fo=1, routed)           0.228     9.826    u_clkgen/g_hw.clk_out0
    BUFGCE_X0Y31         BUFGCE (Prop_BUFCE_BUFGCE_I_O)
                                                      0.024     9.850 r  u_clkgen/g_hw.u_bufg_out/O
    X1Y1 (CLOCK_ROOT)    net (fo=49489, routed)       1.657    11.507    u_app/dp_clk
    SLICE_X69Y119        FDCE                                         r  u_app/stg_reg[21]/C
                         clock pessimism             -0.309    11.198    
                         clock uncertainty           -0.062    11.136    
    SLICE_X69Y119        FDCE (Setup_DFF_SLICEL_C_CE)
                                                     -0.042    11.094    u_app/stg_reg[21]
  -------------------------------------------------------------------
                         required time                         11.094    
                         arrival time                         -10.596    
  -------------------------------------------------------------------
                         slack                                  0.497    

Slack (MET) :             0.497ns  (required time - arrival time)
  Source:                 u_app_ctrl/c_snd_nxt_reg[12][1]/C
                            (rising edge-triggered cell FDCE clocked by g_hw.clk_out0  {rise@0.000ns fall@3.200ns period=6.400ns})
  Destination:            u_app/stg_reg[22]/CE
                            (rising edge-triggered cell FDCE clocked by g_hw.clk_out0  {rise@0.000ns fall@3.200ns period=6.400ns})
  Path Group:             g_hw.clk_out0
  Path Type:              Setup (Max at Slow Process Corner)
  Requirement:            6.400ns  (g_hw.clk_out0 rise@6.400ns - g_hw.clk_out0 rise@0.000ns)
  Data Path Delay:        5.601ns  (logic 1.547ns (27.620%)  route 4.054ns (72.380%))
  Logic Levels:           13  (CARRY8=4 LUT2=2 LUT3=1 LUT4=1 LUT5=2 LUT6=1 MUXF7=1 MUXF8=1)
  Clock Path Skew:        -0.198ns (DCD - SCD + CPR)
    Destination Clock Delay (DCD):    5.107ns = ( 11.507 - 6.400 ) 
    Source Clock Delay      (SCD):    4.995ns
    Clock Pessimism Removal (CPR):    -0.309ns
  Clock Uncertainty:      0.062ns  ((TSJ^2 + DJ^2)^1/2) / 2 + PE
    Total System Jitter     (TSJ):    0.071ns
    Discrete Jitter          (DJ):    0.101ns
    Phase Error              (PE):    0.000ns
  Clock Net Delay (Source):      1.914ns (routing 0.616ns, distribution 1.298ns)
  Clock Net Delay (Destination): 1.657ns (routing 0.562ns, distribution 1.095ns)

    Location             Delay type                Incr(ns)  Path(ns)    Netlist Resource(s)
  -------------------------------------------------------------------    -------------------
                         (clock g_hw.clk_out0 rise edge)
                                                      0.000     0.000 r  
    T25                                               0.000     0.000 r  sys_clk_p (IN)
                         net (fo=0)                   0.100     0.100    u_clkgen/g_hw.u_ibufds/I
    HPIOBDIFFINBUF_X0Y37 DIFFINBUF (Prop_DIFFINBUF_HPIOBDIFFINBUF_DIFF_IN_P_O)
                                                      0.479     0.579 r  u_clkgen/g_hw.u_ibufds/DIFFINBUF_INST/O
                         net (fo=1, routed)           0.050     0.629    u_clkgen/g_hw.u_ibufds/OUT
    T25                  IBUFCTRL (Prop_IBUFCTRL_HPIOB_M_I_O)
                                                      0.000     0.629 r  u_clkgen/g_hw.u_ibufds/IBUFCTRL_INST/O
                         net (fo=1, routed)           0.345     0.974    u_clkgen/g_hw.clk_in_ibuf
    BUFGCE_X0Y41         BUFGCE (Prop_BUFCE_BUFGCE_I_O)
                                                      0.028     1.002 r  u_clkgen/g_hw.u_bufg_in/O
                         net (fo=485, routed)         1.902     2.904    u_clkgen/clk_in_100
    MMCM_X0Y1            MMCME4_ADV (Prop_MMCM_CLKIN1_CLKOUT0)
                                                     -0.106     2.798 r  u_clkgen/g_hw.u_mmcm/CLKOUT0
                         net (fo=1, routed)           0.256     3.054    u_clkgen/g_hw.clk_out0
    BUFGCE_X0Y31         BUFGCE (Prop_BUFCE_BUFGCE_I_O)
                                                      0.028     3.082 r  u_clkgen/g_hw.u_bufg_out/O
    X1Y1 (CLOCK_ROOT)    net (fo=49489, routed)       1.914     4.995    u_app_ctrl/dp_clk
    SLICE_X4Y8           FDCE                                         r  u_app_ctrl/c_snd_nxt_reg[12][1]/C
  -------------------------------------------------------------------    -------------------
    SLICE_X4Y8           FDCE (Prop_AFF2_SLICEM_C_Q)
                                                      0.097     5.092 r  u_app_ctrl/c_snd_nxt_reg[12][1]/Q
                         net (fo=2, routed)           0.144     5.236    u_app_ctrl/c_snd_nxt_reg[12]_11[1]
    SLICE_X3Y8           LUT2 (Prop_B6LUT_SLICEL_I0_O)
                                                      0.177     5.413 r  u_app_ctrl/sn_ry[12]_i_64/O
                         net (fo=1, routed)           0.010     5.423    u_app_ctrl/sn_ry[12]_i_64_n_53
    SLICE_X3Y8           CARRY8 (Prop_CARRY8_SLICEL_S[1]_CO[7])
                                                      0.233     5.656 r  u_app_ctrl/sn_ry_reg[12]_i_33/CO[7]
                         net (fo=1, routed)           0.028     5.684    u_app_ctrl/sn_ry_reg[12]_i_33_n_53
    SLICE_X3Y9           CARRY8 (Prop_CARRY8_SLICEL_CI_CO[7])
                                                      0.023     5.707 r  u_app_ctrl/sn_ry_reg[12]_i_31/CO[7]
                         net (fo=1, routed)           0.028     5.735    u_app_ctrl/sn_ry_reg[12]_i_31_n_53
    SLICE_X3Y10          CARRY8 (Prop_CARRY8_SLICEL_CI_O[2])
                                                      0.086     5.821 f  u_app_ctrl/sn_ry_reg[12]_i_30/O[2]
                         net (fo=1, routed)           0.255     6.076    u_app_ctrl/tx_ready_calc11_return53_out[18]
    SLICE_X4Y10          LUT2 (Prop_B6LUT_SLICEM_I1_O)
                                                      0.100     6.176 r  u_app_ctrl/sn_ry[12]_i_11/O
                         net (fo=1, routed)           0.018     6.194    u_app_ctrl/sn_ry[12]_i_11_n_53
    SLICE_X4Y10          CARRY8 (Prop_CARRY8_SLICEM_S[1]_CO[7])
                                                      0.245     6.439 r  u_app_ctrl/sn_ry_reg[12]_i_3/CO[7]
                         net (fo=1, routed)           1.035     7.474    u_app_ctrl/tx_ready_calc11_return4
    SLICE_X35Y42         LUT5 (Prop_G6LUT_SLICEM_I4_O)
                                                      0.116     7.590 r  u_app_ctrl/sn_ry[12]_i_1/O
                         net (fo=2, routed)           0.256     7.846    u_app_ctrl/rst_sent_r_reg[15][12]
    SLICE_X36Y41         LUT6 (Prop_A6LUT_SLICEL_I1_O)
                                                      0.178     8.024 f  u_app_ctrl/frm_wait_i_10/O
                         net (fo=1, routed)           0.011     8.035    u_app_ctrl/frm_wait_i_10_n_53
    SLICE_X36Y41         MUXF7 (Prop_F7MUX_AB_SLICEL_I1_O)
                                                      0.076     8.111 f  u_app_ctrl/frm_wait_reg_i_6/O
                         net (fo=1, routed)           0.000     8.111    u_app_ctrl/frm_wait_reg_i_6_n_53
    SLICE_X36Y41         MUXF8 (Prop_F8MUX_BOT_SLICEL_I1_O)
                                                      0.027     8.138 f  u_app_ctrl/frm_wait_reg_i_4/O
                         net (fo=5, routed)           1.419     9.556    u_app/frm_wait_reg_0
    SLICE_X69Y113        LUT3 (Prop_F6LUT_SLICEL_I0_O)
                                                      0.062     9.618 f  u_app/pw_n[3]_i_6/O
                         net (fo=5, routed)           0.164     9.782    u_app/pw_n[3]_i_6_n_53
    SLICE_X70Y115        LUT5 (Prop_G6LUT_SLICEL_I0_O)
                                                      0.063     9.845 r  u_app/pw_n[3]_i_4/O
                         net (fo=35, routed)          0.360    10.206    u_app/pw_n[3]_i_4_n_53
    SLICE_X68Y118        LUT4 (Prop_E6LUT_SLICEL_I2_O)
                                                      0.064    10.270 r  u_app/stg[63]_i_1/O
                         net (fo=64, routed)          0.327    10.596    u_app/stg[63]_i_1_n_53
    SLICE_X70Y119        FDCE                                         r  u_app/stg_reg[22]/CE
  -------------------------------------------------------------------    -------------------

                         (clock g_hw.clk_out0 rise edge)
                                                      6.400     6.400 r  
    T25                                               0.000     6.400 r  sys_clk_p (IN)
                         net (fo=0)                   0.079     6.479    u_clkgen/g_hw.u_ibufds/I
    HPIOBDIFFINBUF_X0Y37 DIFFINBUF (Prop_DIFFINBUF_HPIOBDIFFINBUF_DIFF_IN_P_O)
                                                      0.398     6.877 r  u_clkgen/g_hw.u_ibufds/DIFFINBUF_INST/O
                         net (fo=1, routed)           0.040     6.917    u_clkgen/g_hw.u_ibufds/OUT
    T25                  IBUFCTRL (Prop_IBUFCTRL_HPIOB_M_I_O)
                                                      0.000     6.917 r  u_clkgen/g_hw.u_ibufds/IBUFCTRL_INST/O
                         net (fo=1, routed)           0.304     7.221    u_clkgen/g_hw.clk_in_ibuf
    BUFGCE_X0Y41         BUFGCE (Prop_BUFCE_BUFGCE_I_O)
                                                      0.024     7.245 r  u_clkgen/g_hw.u_bufg_in/O
                         net (fo=485, routed)         1.709     8.954    u_clkgen/clk_in_100
    MMCM_X0Y1            MMCME4_ADV (Prop_MMCM_CLKIN1_CLKOUT0)
                                                      0.644     9.598 r  u_clkgen/g_hw.u_mmcm/CLKOUT0
                         net (fo=1, routed)           0.228     9.826    u_clkgen/g_hw.clk_out0
    BUFGCE_X0Y31         BUFGCE (Prop_BUFCE_BUFGCE_I_O)
                                                      0.024     9.850 r  u_clkgen/g_hw.u_bufg_out/O
    X1Y1 (CLOCK_ROOT)    net (fo=49489, routed)       1.657    11.507    u_app/dp_clk
    SLICE_X70Y119        FDCE                                         r  u_app/stg_reg[22]/C
                         clock pessimism             -0.309    11.198    
                         clock uncertainty           -0.062    11.136    
    SLICE_X70Y119        FDCE (Setup_DFF_SLICEL_C_CE)
                                                     -0.042    11.094    u_app/stg_reg[22]
  -------------------------------------------------------------------
                         required time                         11.094    
                         arrival time                         -10.596    
  -------------------------------------------------------------------
                         slack                                  0.497    

Slack (MET) :             0.497ns  (required time - arrival time)
  Source:                 u_app_ctrl/c_snd_nxt_reg[12][1]/C
                            (rising edge-triggered cell FDCE clocked by g_hw.clk_out0  {rise@0.000ns fall@3.200ns period=6.400ns})
  Destination:            u_app/stg_reg[24]/CE
                            (rising edge-triggered cell FDCE clocked by g_hw.clk_out0  {rise@0.000ns fall@3.200ns period=6.400ns})
  Path Group:             g_hw.clk_out0
  Path Type:              Setup (Max at Slow Process Corner)
  Requirement:            6.400ns  (g_hw.clk_out0 rise@6.400ns - g_hw.clk_out0 rise@0.000ns)
  Data Path Delay:        5.601ns  (logic 1.547ns (27.620%)  route 4.054ns (72.380%))
  Logic Levels:           13  (CARRY8=4 LUT2=2 LUT3=1 LUT4=1 LUT5=2 LUT6=1 MUXF7=1 MUXF8=1)
  Clock Path Skew:        -0.198ns (DCD - SCD + CPR)
    Destination Clock Delay (DCD):    5.107ns = ( 11.507 - 6.400 ) 
    Source Clock Delay      (SCD):    4.995ns
    Clock Pessimism Removal (CPR):    -0.309ns
  Clock Uncertainty:      0.062ns  ((TSJ^2 + DJ^2)^1/2) / 2 + PE
    Total System Jitter     (TSJ):    0.071ns
    Discrete Jitter          (DJ):    0.101ns
    Phase Error              (PE):    0.000ns
  Clock Net Delay (Source):      1.914ns (routing 0.616ns, distribution 1.298ns)
  Clock Net Delay (Destination): 1.657ns (routing 0.562ns, distribution 1.095ns)

    Location             Delay type                Incr(ns)  Path(ns)    Netlist Resource(s)
  -------------------------------------------------------------------    -------------------
                         (clock g_hw.clk_out0 rise edge)
                                                      0.000     0.000 r  
    T25                                               0.000     0.000 r  sys_clk_p (IN)
                         net (fo=0)                   0.100     0.100    u_clkgen/g_hw.u_ibufds/I
    HPIOBDIFFINBUF_X0Y37 DIFFINBUF (Prop_DIFFINBUF_HPIOBDIFFINBUF_DIFF_IN_P_O)
                                                      0.479     0.579 r  u_clkgen/g_hw.u_ibufds/DIFFINBUF_INST/O
                         net (fo=1, routed)           0.050     0.629    u_clkgen/g_hw.u_ibufds/OUT
    T25                  IBUFCTRL (Prop_IBUFCTRL_HPIOB_M_I_O)
                                                      0.000     0.629 r  u_clkgen/g_hw.u_ibufds/IBUFCTRL_INST/O
                         net (fo=1, routed)           0.345     0.974    u_clkgen/g_hw.clk_in_ibuf
    BUFGCE_X0Y41         BUFGCE (Prop_BUFCE_BUFGCE_I_O)
                                                      0.028     1.002 r  u_clkgen/g_hw.u_bufg_in/O
                         net (fo=485, routed)         1.902     2.904    u_clkgen/clk_in_100
    MMCM_X0Y1            MMCME4_ADV (Prop_MMCM_CLKIN1_CLKOUT0)
                                                     -0.106     2.798 r  u_clkgen/g_hw.u_mmcm/CLKOUT0
                         net (fo=1, routed)           0.256     3.054    u_clkgen/g_hw.clk_out0
    BUFGCE_X0Y31         BUFGCE (Prop_BUFCE_BUFGCE_I_O)
                                                      0.028     3.082 r  u_clkgen/g_hw.u_bufg_out/O
    X1Y1 (CLOCK_ROOT)    net (fo=49489, routed)       1.914     4.995    u_app_ctrl/dp_clk
    SLICE_X4Y8           FDCE                                         r  u_app_ctrl/c_snd_nxt_reg[12][1]/C
  -------------------------------------------------------------------    -------------------
    SLICE_X4Y8           FDCE (Prop_AFF2_SLICEM_C_Q)
                                                      0.097     5.092 r  u_app_ctrl/c_snd_nxt_reg[12][1]/Q
                         net (fo=2, routed)           0.144     5.236    u_app_ctrl/c_snd_nxt_reg[12]_11[1]
    SLICE_X3Y8           LUT2 (Prop_B6LUT_SLICEL_I0_O)
                                                      0.177     5.413 r  u_app_ctrl/sn_ry[12]_i_64/O
                         net (fo=1, routed)           0.010     5.423    u_app_ctrl/sn_ry[12]_i_64_n_53
    SLICE_X3Y8           CARRY8 (Prop_CARRY8_SLICEL_S[1]_CO[7])
                                                      0.233     5.656 r  u_app_ctrl/sn_ry_reg[12]_i_33/CO[7]
                         net (fo=1, routed)           0.028     5.684    u_app_ctrl/sn_ry_reg[12]_i_33_n_53
    SLICE_X3Y9           CARRY8 (Prop_CARRY8_SLICEL_CI_CO[7])
                                                      0.023     5.707 r  u_app_ctrl/sn_ry_reg[12]_i_31/CO[7]
                         net (fo=1, routed)           0.028     5.735    u_app_ctrl/sn_ry_reg[12]_i_31_n_53
    SLICE_X3Y10          CARRY8 (Prop_CARRY8_SLICEL_CI_O[2])
                                                      0.086     5.821 f  u_app_ctrl/sn_ry_reg[12]_i_30/O[2]
                         net (fo=1, routed)           0.255     6.076    u_app_ctrl/tx_ready_calc11_return53_out[18]
    SLICE_X4Y10          LUT2 (Prop_B6LUT_SLICEM_I1_O)
                                                      0.100     6.176 r  u_app_ctrl/sn_ry[12]_i_11/O
                         net (fo=1, routed)           0.018     6.194    u_app_ctrl/sn_ry[12]_i_11_n_53
    SLICE_X4Y10          CARRY8 (Prop_CARRY8_SLICEM_S[1]_CO[7])
                                                      0.245     6.439 r  u_app_ctrl/sn_ry_reg[12]_i_3/CO[7]
                         net (fo=1, routed)           1.035     7.474    u_app_ctrl/tx_ready_calc11_return4
    SLICE_X35Y42         LUT5 (Prop_G6LUT_SLICEM_I4_O)
                                                      0.116     7.590 r  u_app_ctrl/sn_ry[12]_i_1/O
                         net (fo=2, routed)           0.256     7.846    u_app_ctrl/rst_sent_r_reg[15][12]
    SLICE_X36Y41         LUT6 (Prop_A6LUT_SLICEL_I1_O)
                                                      0.178     8.024 f  u_app_ctrl/frm_wait_i_10/O
                         net (fo=1, routed)           0.011     8.035    u_app_ctrl/frm_wait_i_10_n_53
    SLICE_X36Y41         MUXF7 (Prop_F7MUX_AB_SLICEL_I1_O)
                                                      0.076     8.111 f  u_app_ctrl/frm_wait_reg_i_6/O
                         net (fo=1, routed)           0.000     8.111    u_app_ctrl/frm_wait_reg_i_6_n_53
    SLICE_X36Y41         MUXF8 (Prop_F8MUX_BOT_SLICEL_I1_O)
                                                      0.027     8.138 f  u_app_ctrl/frm_wait_reg_i_4/O
                         net (fo=5, routed)           1.419     9.556    u_app/frm_wait_reg_0
    SLICE_X69Y113        LUT3 (Prop_F6LUT_SLICEL_I0_O)
                                                      0.062     9.618 f  u_app/pw_n[3]_i_6/O
                         net (fo=5, routed)           0.164     9.782    u_app/pw_n[3]_i_6_n_53
    SLICE_X70Y115        LUT5 (Prop_G6LUT_SLICEL_I0_O)
                                                      0.063     9.845 r  u_app/pw_n[3]_i_4/O
                         net (fo=35, routed)          0.360    10.206    u_app/pw_n[3]_i_4_n_53
    SLICE_X68Y118        LUT4 (Prop_E6LUT_SLICEL_I2_O)
                                                      0.064    10.270 r  u_app/stg[63]_i_1/O
                         net (fo=64, routed)          0.327    10.596    u_app/stg[63]_i_1_n_53
    SLICE_X69Y119        FDCE                                         r  u_app/stg_reg[24]/CE
  -------------------------------------------------------------------    -------------------

                         (clock g_hw.clk_out0 rise edge)
                                                      6.400     6.400 r  
    T25                                               0.000     6.400 r  sys_clk_p (IN)
                         net (fo=0)                   0.079     6.479    u_clkgen/g_hw.u_ibufds/I
    HPIOBDIFFINBUF_X0Y37 DIFFINBUF (Prop_DIFFINBUF_HPIOBDIFFINBUF_DIFF_IN_P_O)
                                                      0.398     6.877 r  u_clkgen/g_hw.u_ibufds/DIFFINBUF_INST/O
                         net (fo=1, routed)           0.040     6.917    u_clkgen/g_hw.u_ibufds/OUT
    T25                  IBUFCTRL (Prop_IBUFCTRL_HPIOB_M_I_O)
                                                      0.000     6.917 r  u_clkgen/g_hw.u_ibufds/IBUFCTRL_INST/O
                         net (fo=1, routed)           0.304     7.221    u_clkgen/g_hw.clk_in_ibuf
    BUFGCE_X0Y41         BUFGCE (Prop_BUFCE_BUFGCE_I_O)
                                                      0.024     7.245 r  u_clkgen/g_hw.u_bufg_in/O
                         net (fo=485, routed)         1.709     8.954    u_clkgen/clk_in_100
    MMCM_X0Y1            MMCME4_ADV (Prop_MMCM_CLKIN1_CLKOUT0)
                                                      0.644     9.598 r  u_clkgen/g_hw.u_mmcm/CLKOUT0
                         net (fo=1, routed)           0.228     9.826    u_clkgen/g_hw.clk_out0
    BUFGCE_X0Y31         BUFGCE (Prop_BUFCE_BUFGCE_I_O)
                                                      0.024     9.850 r  u_clkgen/g_hw.u_bufg_out/O
    X1Y1 (CLOCK_ROOT)    net (fo=49489, routed)       1.657    11.507    u_app/dp_clk
    SLICE_X69Y119        FDCE                                         r  u_app/stg_reg[24]/C
                         clock pessimism             -0.309    11.198    
                         clock uncertainty           -0.062    11.136    
    SLICE_X69Y119        FDCE (Setup_CFF_SLICEL_C_CE)
                                                     -0.042    11.094    u_app/stg_reg[24]
  -------------------------------------------------------------------
                         required time                         11.094    
                         arrival time                         -10.596    
  -------------------------------------------------------------------
                         slack                                  0.497    

Slack (MET) :             0.497ns  (required time - arrival time)
  Source:                 u_app_ctrl/c_snd_nxt_reg[12][1]/C
                            (rising edge-triggered cell FDCE clocked by g_hw.clk_out0  {rise@0.000ns fall@3.200ns period=6.400ns})
  Destination:            u_app/stg_reg[30]/CE
                            (rising edge-triggered cell FDCE clocked by g_hw.clk_out0  {rise@0.000ns fall@3.200ns period=6.400ns})
  Path Group:             g_hw.clk_out0
  Path Type:              Setup (Max at Slow Process Corner)
  Requirement:            6.400ns  (g_hw.clk_out0 rise@6.400ns - g_hw.clk_out0 rise@0.000ns)
  Data Path Delay:        5.601ns  (logic 1.547ns (27.620%)  route 4.054ns (72.380%))
  Logic Levels:           13  (CARRY8=4 LUT2=2 LUT3=1 LUT4=1 LUT5=2 LUT6=1 MUXF7=1 MUXF8=1)
  Clock Path Skew:        -0.198ns (DCD - SCD + CPR)
    Destination Clock Delay (DCD):    5.107ns = ( 11.507 - 6.400 ) 
    Source Clock Delay      (SCD):    4.995ns
    Clock Pessimism Removal (CPR):    -0.309ns
  Clock Uncertainty:      0.062ns  ((TSJ^2 + DJ^2)^1/2) / 2 + PE
    Total System Jitter     (TSJ):    0.071ns
    Discrete Jitter          (DJ):    0.101ns
    Phase Error              (PE):    0.000ns
  Clock Net Delay (Source):      1.914ns (routing 0.616ns, distribution 1.298ns)
  Clock Net Delay (Destination): 1.657ns (routing 0.562ns, distribution 1.095ns)

    Location             Delay type                Incr(ns)  Path(ns)    Netlist Resource(s)
  -------------------------------------------------------------------    -------------------
                         (clock g_hw.clk_out0 rise edge)
                                                      0.000     0.000 r  
    T25                                               0.000     0.000 r  sys_clk_p (IN)
                         net (fo=0)                   0.100     0.100    u_clkgen/g_hw.u_ibufds/I
    HPIOBDIFFINBUF_X0Y37 DIFFINBUF (Prop_DIFFINBUF_HPIOBDIFFINBUF_DIFF_IN_P_O)
                                                      0.479     0.579 r  u_clkgen/g_hw.u_ibufds/DIFFINBUF_INST/O
                         net (fo=1, routed)           0.050     0.629    u_clkgen/g_hw.u_ibufds/OUT
    T25                  IBUFCTRL (Prop_IBUFCTRL_HPIOB_M_I_O)
                                                      0.000     0.629 r  u_clkgen/g_hw.u_ibufds/IBUFCTRL_INST/O
                         net (fo=1, routed)           0.345     0.974    u_clkgen/g_hw.clk_in_ibuf
    BUFGCE_X0Y41         BUFGCE (Prop_BUFCE_BUFGCE_I_O)
                                                      0.028     1.002 r  u_clkgen/g_hw.u_bufg_in/O
                         net (fo=485, routed)         1.902     2.904    u_clkgen/clk_in_100
    MMCM_X0Y1            MMCME4_ADV (Prop_MMCM_CLKIN1_CLKOUT0)
                                                     -0.106     2.798 r  u_clkgen/g_hw.u_mmcm/CLKOUT0
                         net (fo=1, routed)           0.256     3.054    u_clkgen/g_hw.clk_out0
    BUFGCE_X0Y31         BUFGCE (Prop_BUFCE_BUFGCE_I_O)
                                                      0.028     3.082 r  u_clkgen/g_hw.u_bufg_out/O
    X1Y1 (CLOCK_ROOT)    net (fo=49489, routed)       1.914     4.995    u_app_ctrl/dp_clk
    SLICE_X4Y8           FDCE                                         r  u_app_ctrl/c_snd_nxt_reg[12][1]/C
  -------------------------------------------------------------------    -------------------
    SLICE_X4Y8           FDCE (Prop_AFF2_SLICEM_C_Q)
                                                      0.097     5.092 r  u_app_ctrl/c_snd_nxt_reg[12][1]/Q
                         net (fo=2, routed)           0.144     5.236    u_app_ctrl/c_snd_nxt_reg[12]_11[1]
    SLICE_X3Y8           LUT2 (Prop_B6LUT_SLICEL_I0_O)
                                                      0.177     5.413 r  u_app_ctrl/sn_ry[12]_i_64/O
                         net (fo=1, routed)           0.010     5.423    u_app_ctrl/sn_ry[12]_i_64_n_53
    SLICE_X3Y8           CARRY8 (Prop_CARRY8_SLICEL_S[1]_CO[7])
                                                      0.233     5.656 r  u_app_ctrl/sn_ry_reg[12]_i_33/CO[7]
                         net (fo=1, routed)           0.028     5.684    u_app_ctrl/sn_ry_reg[12]_i_33_n_53
    SLICE_X3Y9           CARRY8 (Prop_CARRY8_SLICEL_CI_CO[7])
                                                      0.023     5.707 r  u_app_ctrl/sn_ry_reg[12]_i_31/CO[7]
                         net (fo=1, routed)           0.028     5.735    u_app_ctrl/sn_ry_reg[12]_i_31_n_53
    SLICE_X3Y10          CARRY8 (Prop_CARRY8_SLICEL_CI_O[2])
                                                      0.086     5.821 f  u_app_ctrl/sn_ry_reg[12]_i_30/O[2]
                         net (fo=1, routed)           0.255     6.076    u_app_ctrl/tx_ready_calc11_return53_out[18]
    SLICE_X4Y10          LUT2 (Prop_B6LUT_SLICEM_I1_O)
                                                      0.100     6.176 r  u_app_ctrl/sn_ry[12]_i_11/O
                         net (fo=1, routed)           0.018     6.194    u_app_ctrl/sn_ry[12]_i_11_n_53
    SLICE_X4Y10          CARRY8 (Prop_CARRY8_SLICEM_S[1]_CO[7])
                                                      0.245     6.439 r  u_app_ctrl/sn_ry_reg[12]_i_3/CO[7]
                         net (fo=1, routed)           1.035     7.474    u_app_ctrl/tx_ready_calc11_return4
    SLICE_X35Y42         LUT5 (Prop_G6LUT_SLICEM_I4_O)
                                                      0.116     7.590 r  u_app_ctrl/sn_ry[12]_i_1/O
                         net (fo=2, routed)           0.256     7.846    u_app_ctrl/rst_sent_r_reg[15][12]
    SLICE_X36Y41         LUT6 (Prop_A6LUT_SLICEL_I1_O)
                                                      0.178     8.024 f  u_app_ctrl/frm_wait_i_10/O
                         net (fo=1, routed)           0.011     8.035    u_app_ctrl/frm_wait_i_10_n_53
    SLICE_X36Y41         MUXF7 (Prop_F7MUX_AB_SLICEL_I1_O)
                                                      0.076     8.111 f  u_app_ctrl/frm_wait_reg_i_6/O
                         net (fo=1, routed)           0.000     8.111    u_app_ctrl/frm_wait_reg_i_6_n_53
    SLICE_X36Y41         MUXF8 (Prop_F8MUX_BOT_SLICEL_I1_O)
                                                      0.027     8.138 f  u_app_ctrl/frm_wait_reg_i_4/O
                         net (fo=5, routed)           1.419     9.556    u_app/frm_wait_reg_0
    SLICE_X69Y113        LUT3 (Prop_F6LUT_SLICEL_I0_O)
                                                      0.062     9.618 f  u_app/pw_n[3]_i_6/O
                         net (fo=5, routed)           0.164     9.782    u_app/pw_n[3]_i_6_n_53
    SLICE_X70Y115        LUT5 (Prop_G6LUT_SLICEL_I0_O)
                                                      0.063     9.845 r  u_app/pw_n[3]_i_4/O
                         net (fo=35, routed)          0.360    10.206    u_app/pw_n[3]_i_4_n_53
    SLICE_X68Y118        LUT4 (Prop_E6LUT_SLICEL_I2_O)
                                                      0.064    10.270 r  u_app/stg[63]_i_1/O
                         net (fo=64, routed)          0.327    10.596    u_app/stg[63]_i_1_n_53
    SLICE_X70Y119        FDCE                                         r  u_app/stg_reg[30]/CE
  -------------------------------------------------------------------    -------------------

                         (clock g_hw.clk_out0 rise edge)
                                                      6.400     6.400 r  
    T25                                               0.000     6.400 r  sys_clk_p (IN)
                         net (fo=0)                   0.079     6.479    u_clkgen/g_hw.u_ibufds/I
    HPIOBDIFFINBUF_X0Y37 DIFFINBUF (Prop_DIFFINBUF_HPIOBDIFFINBUF_DIFF_IN_P_O)
                                                      0.398     6.877 r  u_clkgen/g_hw.u_ibufds/DIFFINBUF_INST/O
                         net (fo=1, routed)           0.040     6.917    u_clkgen/g_hw.u_ibufds/OUT
    T25                  IBUFCTRL (Prop_IBUFCTRL_HPIOB_M_I_O)
                                                      0.000     6.917 r  u_clkgen/g_hw.u_ibufds/IBUFCTRL_INST/O
                         net (fo=1, routed)           0.304     7.221    u_clkgen/g_hw.clk_in_ibuf
    BUFGCE_X0Y41         BUFGCE (Prop_BUFCE_BUFGCE_I_O)
                                                      0.024     7.245 r  u_clkgen/g_hw.u_bufg_in/O
                         net (fo=485, routed)         1.709     8.954    u_clkgen/clk_in_100
    MMCM_X0Y1            MMCME4_ADV (Prop_MMCM_CLKIN1_CLKOUT0)
                                                      0.644     9.598 r  u_clkgen/g_hw.u_mmcm/CLKOUT0
                         net (fo=1, routed)           0.228     9.826    u_clkgen/g_hw.clk_out0
    BUFGCE_X0Y31         BUFGCE (Prop_BUFCE_BUFGCE_I_O)
                                                      0.024     9.850 r  u_clkgen/g_hw.u_bufg_out/O
    X1Y1 (CLOCK_ROOT)    net (fo=49489, routed)       1.657    11.507    u_app/dp_clk
    SLICE_X70Y119        FDCE                                         r  u_app/stg_reg[30]/C
                         clock pessimism             -0.309    11.198    
                         clock uncertainty           -0.062    11.136    
    SLICE_X70Y119        FDCE (Setup_CFF_SLICEL_C_CE)
                                                     -0.042    11.094    u_app/stg_reg[30]
  -------------------------------------------------------------------
                         required time                         11.094    
                         arrival time                         -10.596    
  -------------------------------------------------------------------
                         slack                                  0.497    

Slack (MET) :             0.497ns  (required time - arrival time)
  Source:                 u_app_ctrl/c_snd_nxt_reg[12][1]/C
                            (rising edge-triggered cell FDCE clocked by g_hw.clk_out0  {rise@0.000ns fall@3.200ns period=6.400ns})
  Destination:            u_app/stg_reg[36]/CE
                            (rising edge-triggered cell FDCE clocked by g_hw.clk_out0  {rise@0.000ns fall@3.200ns period=6.400ns})
  Path Group:             g_hw.clk_out0
  Path Type:              Setup (Max at Slow Process Corner)
  Requirement:            6.400ns  (g_hw.clk_out0 rise@6.400ns - g_hw.clk_out0 rise@0.000ns)
  Data Path Delay:        5.601ns  (logic 1.547ns (27.620%)  route 4.054ns (72.380%))
  Logic Levels:           13  (CARRY8=4 LUT2=2 LUT3=1 LUT4=1 LUT5=2 LUT6=1 MUXF7=1 MUXF8=1)
  Clock Path Skew:        -0.198ns (DCD - SCD + CPR)
    Destination Clock Delay (DCD):    5.107ns = ( 11.507 - 6.400 ) 
    Source Clock Delay      (SCD):    4.995ns
    Clock Pessimism Removal (CPR):    -0.309ns
  Clock Uncertainty:      0.062ns  ((TSJ^2 + DJ^2)^1/2) / 2 + PE
    Total System Jitter     (TSJ):    0.071ns
    Discrete Jitter          (DJ):    0.101ns
    Phase Error              (PE):    0.000ns
  Clock Net Delay (Source):      1.914ns (routing 0.616ns, distribution 1.298ns)
  Clock Net Delay (Destination): 1.657ns (routing 0.562ns, distribution 1.095ns)

    Location             Delay type                Incr(ns)  Path(ns)    Netlist Resource(s)
  -------------------------------------------------------------------    -------------------
                         (clock g_hw.clk_out0 rise edge)
                                                      0.000     0.000 r  
    T25                                               0.000     0.000 r  sys_clk_p (IN)
                         net (fo=0)                   0.100     0.100    u_clkgen/g_hw.u_ibufds/I
    HPIOBDIFFINBUF_X0Y37 DIFFINBUF (Prop_DIFFINBUF_HPIOBDIFFINBUF_DIFF_IN_P_O)
                                                      0.479     0.579 r  u_clkgen/g_hw.u_ibufds/DIFFINBUF_INST/O
                         net (fo=1, routed)           0.050     0.629    u_clkgen/g_hw.u_ibufds/OUT
    T25                  IBUFCTRL (Prop_IBUFCTRL_HPIOB_M_I_O)
                                                      0.000     0.629 r  u_clkgen/g_hw.u_ibufds/IBUFCTRL_INST/O
                         net (fo=1, routed)           0.345     0.974    u_clkgen/g_hw.clk_in_ibuf
    BUFGCE_X0Y41         BUFGCE (Prop_BUFCE_BUFGCE_I_O)
                                                      0.028     1.002 r  u_clkgen/g_hw.u_bufg_in/O
                         net (fo=485, routed)         1.902     2.904    u_clkgen/clk_in_100
    MMCM_X0Y1            MMCME4_ADV (Prop_MMCM_CLKIN1_CLKOUT0)
                                                     -0.106     2.798 r  u_clkgen/g_hw.u_mmcm/CLKOUT0
                         net (fo=1, routed)           0.256     3.054    u_clkgen/g_hw.clk_out0
    BUFGCE_X0Y31         BUFGCE (Prop_BUFCE_BUFGCE_I_O)
                                                      0.028     3.082 r  u_clkgen/g_hw.u_bufg_out/O
    X1Y1 (CLOCK_ROOT)    net (fo=49489, routed)       1.914     4.995    u_app_ctrl/dp_clk
    SLICE_X4Y8           FDCE                                         r  u_app_ctrl/c_snd_nxt_reg[12][1]/C
  -------------------------------------------------------------------    -------------------
    SLICE_X4Y8           FDCE (Prop_AFF2_SLICEM_C_Q)
                                                      0.097     5.092 r  u_app_ctrl/c_snd_nxt_reg[12][1]/Q
                         net (fo=2, routed)           0.144     5.236    u_app_ctrl/c_snd_nxt_reg[12]_11[1]
    SLICE_X3Y8           LUT2 (Prop_B6LUT_SLICEL_I0_O)
                                                      0.177     5.413 r  u_app_ctrl/sn_ry[12]_i_64/O
                         net (fo=1, routed)           0.010     5.423    u_app_ctrl/sn_ry[12]_i_64_n_53
    SLICE_X3Y8           CARRY8 (Prop_CARRY8_SLICEL_S[1]_CO[7])
                                                      0.233     5.656 r  u_app_ctrl/sn_ry_reg[12]_i_33/CO[7]
                         net (fo=1, routed)           0.028     5.684    u_app_ctrl/sn_ry_reg[12]_i_33_n_53
    SLICE_X3Y9           CARRY8 (Prop_CARRY8_SLICEL_CI_CO[7])
                                                      0.023     5.707 r  u_app_ctrl/sn_ry_reg[12]_i_31/CO[7]
                         net (fo=1, routed)           0.028     5.735    u_app_ctrl/sn_ry_reg[12]_i_31_n_53
    SLICE_X3Y10          CARRY8 (Prop_CARRY8_SLICEL_CI_O[2])
                                                      0.086     5.821 f  u_app_ctrl/sn_ry_reg[12]_i_30/O[2]
                         net (fo=1, routed)           0.255     6.076    u_app_ctrl/tx_ready_calc11_return53_out[18]
    SLICE_X4Y10          LUT2 (Prop_B6LUT_SLICEM_I1_O)
                                                      0.100     6.176 r  u_app_ctrl/sn_ry[12]_i_11/O
                         net (fo=1, routed)           0.018     6.194    u_app_ctrl/sn_ry[12]_i_11_n_53
    SLICE_X4Y10          CARRY8 (Prop_CARRY8_SLICEM_S[1]_CO[7])
                                                      0.245     6.439 r  u_app_ctrl/sn_ry_reg[12]_i_3/CO[7]
                         net (fo=1, routed)           1.035     7.474    u_app_ctrl/tx_ready_calc11_return4
    SLICE_X35Y42         LUT5 (Prop_G6LUT_SLICEM_I4_O)
                                                      0.116     7.590 r  u_app_ctrl/sn_ry[12]_i_1/O
                         net (fo=2, routed)           0.256     7.846    u_app_ctrl/rst_sent_r_reg[15][12]
    SLICE_X36Y41         LUT6 (Prop_A6LUT_SLICEL_I1_O)
                                                      0.178     8.024 f  u_app_ctrl/frm_wait_i_10/O
                         net (fo=1, routed)           0.011     8.035    u_app_ctrl/frm_wait_i_10_n_53
    SLICE_X36Y41         MUXF7 (Prop_F7MUX_AB_SLICEL_I1_O)
                                                      0.076     8.111 f  u_app_ctrl/frm_wait_reg_i_6/O
                         net (fo=1, routed)           0.000     8.111    u_app_ctrl/frm_wait_reg_i_6_n_53
    SLICE_X36Y41         MUXF8 (Prop_F8MUX_BOT_SLICEL_I1_O)
                                                      0.027     8.138 f  u_app_ctrl/frm_wait_reg_i_4/O
                         net (fo=5, routed)           1.419     9.556    u_app/frm_wait_reg_0
    SLICE_X69Y113        LUT3 (Prop_F6LUT_SLICEL_I0_O)
                                                      0.062     9.618 f  u_app/pw_n[3]_i_6/O
                         net (fo=5, routed)           0.164     9.782    u_app/pw_n[3]_i_6_n_53
    SLICE_X70Y115        LUT5 (Prop_G6LUT_SLICEL_I0_O)
                                                      0.063     9.845 r  u_app/pw_n[3]_i_4/O
                         net (fo=35, routed)          0.360    10.206    u_app/pw_n[3]_i_4_n_53
    SLICE_X68Y118        LUT4 (Prop_E6LUT_SLICEL_I2_O)
                                                      0.064    10.270 r  u_app/stg[63]_i_1/O
                         net (fo=64, routed)          0.327    10.596    u_app/stg[63]_i_1_n_53
    SLICE_X69Y119        FDCE                                         r  u_app/stg_reg[36]/CE
  -------------------------------------------------------------------    -------------------

                         (clock g_hw.clk_out0 rise edge)
                                                      6.400     6.400 r  
    T25                                               0.000     6.400 r  sys_clk_p (IN)
                         net (fo=0)                   0.079     6.479    u_clkgen/g_hw.u_ibufds/I
    HPIOBDIFFINBUF_X0Y37 DIFFINBUF (Prop_DIFFINBUF_HPIOBDIFFINBUF_DIFF_IN_P_O)
                                                      0.398     6.877 r  u_clkgen/g_hw.u_ibufds/DIFFINBUF_INST/O
                         net (fo=1, routed)           0.040     6.917    u_clkgen/g_hw.u_ibufds/OUT
    T25                  IBUFCTRL (Prop_IBUFCTRL_HPIOB_M_I_O)
                                                      0.000     6.917 r  u_clkgen/g_hw.u_ibufds/IBUFCTRL_INST/O
                         net (fo=1, routed)           0.304     7.221    u_clkgen/g_hw.clk_in_ibuf
    BUFGCE_X0Y41         BUFGCE (Prop_BUFCE_BUFGCE_I_O)
                                                      0.024     7.245 r  u_clkgen/g_hw.u_bufg_in/O
                         net (fo=485, routed)         1.709     8.954    u_clkgen/clk_in_100
    MMCM_X0Y1            MMCME4_ADV (Prop_MMCM_CLKIN1_CLKOUT0)
                                                      0.644     9.598 r  u_clkgen/g_hw.u_mmcm/CLKOUT0
                         net (fo=1, routed)           0.228     9.826    u_clkgen/g_hw.clk_out0
    BUFGCE_X0Y31         BUFGCE (Prop_BUFCE_BUFGCE_I_O)
                                                      0.024     9.850 r  u_clkgen/g_hw.u_bufg_out/O
    X1Y1 (CLOCK_ROOT)    net (fo=49489, routed)       1.657    11.507    u_app/dp_clk
    SLICE_X69Y119        FDCE                                         r  u_app/stg_reg[36]/C
                         clock pessimism             -0.309    11.198    
                         clock uncertainty           -0.062    11.136    
    SLICE_X69Y119        FDCE (Setup_BFF_SLICEL_C_CE)
                                                     -0.042    11.094    u_app/stg_reg[36]
  -------------------------------------------------------------------
                         required time                         11.094    
                         arrival time                         -10.596    
  -------------------------------------------------------------------
                         slack                                  0.497    

Slack (MET) :             0.497ns  (required time - arrival time)
  Source:                 u_app_ctrl/c_snd_nxt_reg[12][1]/C
                            (rising edge-triggered cell FDCE clocked by g_hw.clk_out0  {rise@0.000ns fall@3.200ns period=6.400ns})
  Destination:            u_app/stg_reg[42]/CE
                            (rising edge-triggered cell FDCE clocked by g_hw.clk_out0  {rise@0.000ns fall@3.200ns period=6.400ns})
  Path Group:             g_hw.clk_out0
  Path Type:              Setup (Max at Slow Process Corner)
  Requirement:            6.400ns  (g_hw.clk_out0 rise@6.400ns - g_hw.clk_out0 rise@0.000ns)
  Data Path Delay:        5.601ns  (logic 1.547ns (27.620%)  route 4.054ns (72.380%))
  Logic Levels:           13  (CARRY8=4 LUT2=2 LUT3=1 LUT4=1 LUT5=2 LUT6=1 MUXF7=1 MUXF8=1)
  Clock Path Skew:        -0.198ns (DCD - SCD + CPR)
    Destination Clock Delay (DCD):    5.107ns = ( 11.507 - 6.400 ) 
    Source Clock Delay      (SCD):    4.995ns
    Clock Pessimism Removal (CPR):    -0.309ns
  Clock Uncertainty:      0.062ns  ((TSJ^2 + DJ^2)^1/2) / 2 + PE
    Total System Jitter     (TSJ):    0.071ns
    Discrete Jitter          (DJ):    0.101ns
    Phase Error              (PE):    0.000ns
  Clock Net Delay (Source):      1.914ns (routing 0.616ns, distribution 1.298ns)
  Clock Net Delay (Destination): 1.657ns (routing 0.562ns, distribution 1.095ns)

    Location             Delay type                Incr(ns)  Path(ns)    Netlist Resource(s)
  -------------------------------------------------------------------    -------------------
                         (clock g_hw.clk_out0 rise edge)
                                                      0.000     0.000 r  
    T25                                               0.000     0.000 r  sys_clk_p (IN)
                         net (fo=0)                   0.100     0.100    u_clkgen/g_hw.u_ibufds/I
    HPIOBDIFFINBUF_X0Y37 DIFFINBUF (Prop_DIFFINBUF_HPIOBDIFFINBUF_DIFF_IN_P_O)
                                                      0.479     0.579 r  u_clkgen/g_hw.u_ibufds/DIFFINBUF_INST/O
                         net (fo=1, routed)           0.050     0.629    u_clkgen/g_hw.u_ibufds/OUT
    T25                  IBUFCTRL (Prop_IBUFCTRL_HPIOB_M_I_O)
                                                      0.000     0.629 r  u_clkgen/g_hw.u_ibufds/IBUFCTRL_INST/O
                         net (fo=1, routed)           0.345     0.974    u_clkgen/g_hw.clk_in_ibuf
    BUFGCE_X0Y41         BUFGCE (Prop_BUFCE_BUFGCE_I_O)
                                                      0.028     1.002 r  u_clkgen/g_hw.u_bufg_in/O
                         net (fo=485, routed)         1.902     2.904    u_clkgen/clk_in_100
    MMCM_X0Y1            MMCME4_ADV (Prop_MMCM_CLKIN1_CLKOUT0)
                                                     -0.106     2.798 r  u_clkgen/g_hw.u_mmcm/CLKOUT0
                         net (fo=1, routed)           0.256     3.054    u_clkgen/g_hw.clk_out0
    BUFGCE_X0Y31         BUFGCE (Prop_BUFCE_BUFGCE_I_O)
                                                      0.028     3.082 r  u_clkgen/g_hw.u_bufg_out/O
    X1Y1 (CLOCK_ROOT)    net (fo=49489, routed)       1.914     4.995    u_app_ctrl/dp_clk
    SLICE_X4Y8           FDCE                                         r  u_app_ctrl/c_snd_nxt_reg[12][1]/C
  -------------------------------------------------------------------    -------------------
    SLICE_X4Y8           FDCE (Prop_AFF2_SLICEM_C_Q)
                                                      0.097     5.092 r  u_app_ctrl/c_snd_nxt_reg[12][1]/Q
                         net (fo=2, routed)           0.144     5.236    u_app_ctrl/c_snd_nxt_reg[12]_11[1]
    SLICE_X3Y8           LUT2 (Prop_B6LUT_SLICEL_I0_O)
                                                      0.177     5.413 r  u_app_ctrl/sn_ry[12]_i_64/O
                         net (fo=1, routed)           0.010     5.423    u_app_ctrl/sn_ry[12]_i_64_n_53
    SLICE_X3Y8           CARRY8 (Prop_CARRY8_SLICEL_S[1]_CO[7])
                                                      0.233     5.656 r  u_app_ctrl/sn_ry_reg[12]_i_33/CO[7]
                         net (fo=1, routed)           0.028     5.684    u_app_ctrl/sn_ry_reg[12]_i_33_n_53
    SLICE_X3Y9           CARRY8 (Prop_CARRY8_SLICEL_CI_CO[7])
                                                      0.023     5.707 r  u_app_ctrl/sn_ry_reg[12]_i_31/CO[7]
                         net (fo=1, routed)           0.028     5.735    u_app_ctrl/sn_ry_reg[12]_i_31_n_53
    SLICE_X3Y10          CARRY8 (Prop_CARRY8_SLICEL_CI_O[2])
                                                      0.086     5.821 f  u_app_ctrl/sn_ry_reg[12]_i_30/O[2]
                         net (fo=1, routed)           0.255     6.076    u_app_ctrl/tx_ready_calc11_return53_out[18]
    SLICE_X4Y10          LUT2 (Prop_B6LUT_SLICEM_I1_O)
                                                      0.100     6.176 r  u_app_ctrl/sn_ry[12]_i_11/O
                         net (fo=1, routed)           0.018     6.194    u_app_ctrl/sn_ry[12]_i_11_n_53
    SLICE_X4Y10          CARRY8 (Prop_CARRY8_SLICEM_S[1]_CO[7])
                                                      0.245     6.439 r  u_app_ctrl/sn_ry_reg[12]_i_3/CO[7]
                         net (fo=1, routed)           1.035     7.474    u_app_ctrl/tx_ready_calc11_return4
    SLICE_X35Y42         LUT5 (Prop_G6LUT_SLICEM_I4_O)
                                                      0.116     7.590 r  u_app_ctrl/sn_ry[12]_i_1/O
                         net (fo=2, routed)           0.256     7.846    u_app_ctrl/rst_sent_r_reg[15][12]
    SLICE_X36Y41         LUT6 (Prop_A6LUT_SLICEL_I1_O)
                                                      0.178     8.024 f  u_app_ctrl/frm_wait_i_10/O
                         net (fo=1, routed)           0.011     8.035    u_app_ctrl/frm_wait_i_10_n_53
    SLICE_X36Y41         MUXF7 (Prop_F7MUX_AB_SLICEL_I1_O)
                                                      0.076     8.111 f  u_app_ctrl/frm_wait_reg_i_6/O
                         net (fo=1, routed)           0.000     8.111    u_app_ctrl/frm_wait_reg_i_6_n_53
    SLICE_X36Y41         MUXF8 (Prop_F8MUX_BOT_SLICEL_I1_O)
                                                      0.027     8.138 f  u_app_ctrl/frm_wait_reg_i_4/O
                         net (fo=5, routed)           1.419     9.556    u_app/frm_wait_reg_0
    SLICE_X69Y113        LUT3 (Prop_F6LUT_SLICEL_I0_O)
                                                      0.062     9.618 f  u_app/pw_n[3]_i_6/O
                         net (fo=5, routed)           0.164     9.782    u_app/pw_n[3]_i_6_n_53
    SLICE_X70Y115        LUT5 (Prop_G6LUT_SLICEL_I0_O)
                                                      0.063     9.845 r  u_app/pw_n[3]_i_4/O
                         net (fo=35, routed)          0.360    10.206    u_app/pw_n[3]_i_4_n_53
    SLICE_X68Y118        LUT4 (Prop_E6LUT_SLICEL_I2_O)
                                                      0.064    10.270 r  u_app/stg[63]_i_1/O
                         net (fo=64, routed)          0.327    10.596    u_app/stg[63]_i_1_n_53
    SLICE_X70Y119        FDCE                                         r  u_app/stg_reg[42]/CE
  -------------------------------------------------------------------    -------------------

                         (clock g_hw.clk_out0 rise edge)
                                                      6.400     6.400 r  
    T25                                               0.000     6.400 r  sys_clk_p (IN)
                         net (fo=0)                   0.079     6.479    u_clkgen/g_hw.u_ibufds/I
    HPIOBDIFFINBUF_X0Y37 DIFFINBUF (Prop_DIFFINBUF_HPIOBDIFFINBUF_DIFF_IN_P_O)
                                                      0.398     6.877 r  u_clkgen/g_hw.u_ibufds/DIFFINBUF_INST/O
                         net (fo=1, routed)           0.040     6.917    u_clkgen/g_hw.u_ibufds/OUT
    T25                  IBUFCTRL (Prop_IBUFCTRL_HPIOB_M_I_O)
                                                      0.000     6.917 r  u_clkgen/g_hw.u_ibufds/IBUFCTRL_INST/O
                         net (fo=1, routed)           0.304     7.221    u_clkgen/g_hw.clk_in_ibuf
    BUFGCE_X0Y41         BUFGCE (Prop_BUFCE_BUFGCE_I_O)
                                                      0.024     7.245 r  u_clkgen/g_hw.u_bufg_in/O
                         net (fo=485, routed)         1.709     8.954    u_clkgen/clk_in_100
    MMCM_X0Y1            MMCME4_ADV (Prop_MMCM_CLKIN1_CLKOUT0)
                                                      0.644     9.598 r  u_clkgen/g_hw.u_mmcm/CLKOUT0
                         net (fo=1, routed)           0.228     9.826    u_clkgen/g_hw.clk_out0
    BUFGCE_X0Y31         BUFGCE (Prop_BUFCE_BUFGCE_I_O)
                                                      0.024     9.850 r  u_clkgen/g_hw.u_bufg_out/O
    X1Y1 (CLOCK_ROOT)    net (fo=49489, routed)       1.657    11.507    u_app/dp_clk
    SLICE_X70Y119        FDCE                                         r  u_app/stg_reg[42]/C
                         clock pessimism             -0.309    11.198    
                         clock uncertainty           -0.062    11.136    
    SLICE_X70Y119        FDCE (Setup_BFF_SLICEL_C_CE)
                                                     -0.042    11.094    u_app/stg_reg[42]
  -------------------------------------------------------------------
                         required time                         11.094    
                         arrival time                         -10.596    
  -------------------------------------------------------------------
                         slack                                  0.497    

Slack (MET) :             0.497ns  (required time - arrival time)
  Source:                 u_app_ctrl/c_snd_nxt_reg[12][1]/C
                            (rising edge-triggered cell FDCE clocked by g_hw.clk_out0  {rise@0.000ns fall@3.200ns period=6.400ns})
  Destination:            u_app/stg_reg[55]/CE
                            (rising edge-triggered cell FDCE clocked by g_hw.clk_out0  {rise@0.000ns fall@3.200ns period=6.400ns})
  Path Group:             g_hw.clk_out0
  Path Type:              Setup (Max at Slow Process Corner)
  Requirement:            6.400ns  (g_hw.clk_out0 rise@6.400ns - g_hw.clk_out0 rise@0.000ns)
  Data Path Delay:        5.601ns  (logic 1.547ns (27.620%)  route 4.054ns (72.380%))
  Logic Levels:           13  (CARRY8=4 LUT2=2 LUT3=1 LUT4=1 LUT5=2 LUT6=1 MUXF7=1 MUXF8=1)
  Clock Path Skew:        -0.198ns (DCD - SCD + CPR)
    Destination Clock Delay (DCD):    5.107ns = ( 11.507 - 6.400 ) 
    Source Clock Delay      (SCD):    4.995ns
    Clock Pessimism Removal (CPR):    -0.309ns
  Clock Uncertainty:      0.062ns  ((TSJ^2 + DJ^2)^1/2) / 2 + PE
    Total System Jitter     (TSJ):    0.071ns
    Discrete Jitter          (DJ):    0.101ns
    Phase Error              (PE):    0.000ns
  Clock Net Delay (Source):      1.914ns (routing 0.616ns, distribution 1.298ns)
  Clock Net Delay (Destination): 1.657ns (routing 0.562ns, distribution 1.095ns)

    Location             Delay type                Incr(ns)  Path(ns)    Netlist Resource(s)
  -------------------------------------------------------------------    -------------------
                         (clock g_hw.clk_out0 rise edge)
                                                      0.000     0.000 r  
    T25                                               0.000     0.000 r  sys_clk_p (IN)
                         net (fo=0)                   0.100     0.100    u_clkgen/g_hw.u_ibufds/I
    HPIOBDIFFINBUF_X0Y37 DIFFINBUF (Prop_DIFFINBUF_HPIOBDIFFINBUF_DIFF_IN_P_O)
                                                      0.479     0.579 r  u_clkgen/g_hw.u_ibufds/DIFFINBUF_INST/O
                         net (fo=1, routed)           0.050     0.629    u_clkgen/g_hw.u_ibufds/OUT
    T25                  IBUFCTRL (Prop_IBUFCTRL_HPIOB_M_I_O)
                                                      0.000     0.629 r  u_clkgen/g_hw.u_ibufds/IBUFCTRL_INST/O
                         net (fo=1, routed)           0.345     0.974    u_clkgen/g_hw.clk_in_ibuf
    BUFGCE_X0Y41         BUFGCE (Prop_BUFCE_BUFGCE_I_O)
                                                      0.028     1.002 r  u_clkgen/g_hw.u_bufg_in/O
                         net (fo=485, routed)         1.902     2.904    u_clkgen/clk_in_100
    MMCM_X0Y1            MMCME4_ADV (Prop_MMCM_CLKIN1_CLKOUT0)
                                                     -0.106     2.798 r  u_clkgen/g_hw.u_mmcm/CLKOUT0
                         net (fo=1, routed)           0.256     3.054    u_clkgen/g_hw.clk_out0
    BUFGCE_X0Y31         BUFGCE (Prop_BUFCE_BUFGCE_I_O)
                                                      0.028     3.082 r  u_clkgen/g_hw.u_bufg_out/O
    X1Y1 (CLOCK_ROOT)    net (fo=49489, routed)       1.914     4.995    u_app_ctrl/dp_clk
    SLICE_X4Y8           FDCE                                         r  u_app_ctrl/c_snd_nxt_reg[12][1]/C
  -------------------------------------------------------------------    -------------------
    SLICE_X4Y8           FDCE (Prop_AFF2_SLICEM_C_Q)
                                                      0.097     5.092 r  u_app_ctrl/c_snd_nxt_reg[12][1]/Q
                         net (fo=2, routed)           0.144     5.236    u_app_ctrl/c_snd_nxt_reg[12]_11[1]
    SLICE_X3Y8           LUT2 (Prop_B6LUT_SLICEL_I0_O)
                                                      0.177     5.413 r  u_app_ctrl/sn_ry[12]_i_64/O
                         net (fo=1, routed)           0.010     5.423    u_app_ctrl/sn_ry[12]_i_64_n_53
    SLICE_X3Y8           CARRY8 (Prop_CARRY8_SLICEL_S[1]_CO[7])
                                                      0.233     5.656 r  u_app_ctrl/sn_ry_reg[12]_i_33/CO[7]
                         net (fo=1, routed)           0.028     5.684    u_app_ctrl/sn_ry_reg[12]_i_33_n_53
    SLICE_X3Y9           CARRY8 (Prop_CARRY8_SLICEL_CI_CO[7])
                                                      0.023     5.707 r  u_app_ctrl/sn_ry_reg[12]_i_31/CO[7]
                         net (fo=1, routed)           0.028     5.735    u_app_ctrl/sn_ry_reg[12]_i_31_n_53
    SLICE_X3Y10          CARRY8 (Prop_CARRY8_SLICEL_CI_O[2])
                                                      0.086     5.821 f  u_app_ctrl/sn_ry_reg[12]_i_30/O[2]
                         net (fo=1, routed)           0.255     6.076    u_app_ctrl/tx_ready_calc11_return53_out[18]
    SLICE_X4Y10          LUT2 (Prop_B6LUT_SLICEM_I1_O)
                                                      0.100     6.176 r  u_app_ctrl/sn_ry[12]_i_11/O
                         net (fo=1, routed)           0.018     6.194    u_app_ctrl/sn_ry[12]_i_11_n_53
    SLICE_X4Y10          CARRY8 (Prop_CARRY8_SLICEM_S[1]_CO[7])
                                                      0.245     6.439 r  u_app_ctrl/sn_ry_reg[12]_i_3/CO[7]
                         net (fo=1, routed)           1.035     7.474    u_app_ctrl/tx_ready_calc11_return4
    SLICE_X35Y42         LUT5 (Prop_G6LUT_SLICEM_I4_O)
                                                      0.116     7.590 r  u_app_ctrl/sn_ry[12]_i_1/O
                         net (fo=2, routed)           0.256     7.846    u_app_ctrl/rst_sent_r_reg[15][12]
    SLICE_X36Y41         LUT6 (Prop_A6LUT_SLICEL_I1_O)
                                                      0.178     8.024 f  u_app_ctrl/frm_wait_i_10/O
                         net (fo=1, routed)           0.011     8.035    u_app_ctrl/frm_wait_i_10_n_53
    SLICE_X36Y41         MUXF7 (Prop_F7MUX_AB_SLICEL_I1_O)
                                                      0.076     8.111 f  u_app_ctrl/frm_wait_reg_i_6/O
                         net (fo=1, routed)           0.000     8.111    u_app_ctrl/frm_wait_reg_i_6_n_53
    SLICE_X36Y41         MUXF8 (Prop_F8MUX_BOT_SLICEL_I1_O)
                                                      0.027     8.138 f  u_app_ctrl/frm_wait_reg_i_4/O
                         net (fo=5, routed)           1.419     9.556    u_app/frm_wait_reg_0
    SLICE_X69Y113        LUT3 (Prop_F6LUT_SLICEL_I0_O)
                                                      0.062     9.618 f  u_app/pw_n[3]_i_6/O
                         net (fo=5, routed)           0.164     9.782    u_app/pw_n[3]_i_6_n_53
    SLICE_X70Y115        LUT5 (Prop_G6LUT_SLICEL_I0_O)
                                                      0.063     9.845 r  u_app/pw_n[3]_i_4/O
                         net (fo=35, routed)          0.360    10.206    u_app/pw_n[3]_i_4_n_53
    SLICE_X68Y118        LUT4 (Prop_E6LUT_SLICEL_I2_O)
                                                      0.064    10.270 r  u_app/stg[63]_i_1/O
                         net (fo=64, routed)          0.327    10.596    u_app/stg[63]_i_1_n_53
    SLICE_X70Y119        FDCE                                         r  u_app/stg_reg[55]/CE
  -------------------------------------------------------------------    -------------------

                         (clock g_hw.clk_out0 rise edge)
                                                      6.400     6.400 r  
    T25                                               0.000     6.400 r  sys_clk_p (IN)
                         net (fo=0)                   0.079     6.479    u_clkgen/g_hw.u_ibufds/I
    HPIOBDIFFINBUF_X0Y37 DIFFINBUF (Prop_DIFFINBUF_HPIOBDIFFINBUF_DIFF_IN_P_O)
                                                      0.398     6.877 r  u_clkgen/g_hw.u_ibufds/DIFFINBUF_INST/O
                         net (fo=1, routed)           0.040     6.917    u_clkgen/g_hw.u_ibufds/OUT
    T25                  IBUFCTRL (Prop_IBUFCTRL_HPIOB_M_I_O)
                                                      0.000     6.917 r  u_clkgen/g_hw.u_ibufds/IBUFCTRL_INST/O
                         net (fo=1, routed)           0.304     7.221    u_clkgen/g_hw.clk_in_ibuf
    BUFGCE_X0Y41         BUFGCE (Prop_BUFCE_BUFGCE_I_O)
                                                      0.024     7.245 r  u_clkgen/g_hw.u_bufg_in/O
                         net (fo=485, routed)         1.709     8.954    u_clkgen/clk_in_100
    MMCM_X0Y1            MMCME4_ADV (Prop_MMCM_CLKIN1_CLKOUT0)
                                                      0.644     9.598 r  u_clkgen/g_hw.u_mmcm/CLKOUT0
                         net (fo=1, routed)           0.228     9.826    u_clkgen/g_hw.clk_out0
    BUFGCE_X0Y31         BUFGCE (Prop_BUFCE_BUFGCE_I_O)
                                                      0.024     9.850 r  u_clkgen/g_hw.u_bufg_out/O
    X1Y1 (CLOCK_ROOT)    net (fo=49489, routed)       1.657    11.507    u_app/dp_clk
    SLICE_X70Y119        FDCE                                         r  u_app/stg_reg[55]/C
                         clock pessimism             -0.309    11.198    
                         clock uncertainty           -0.062    11.136    
    SLICE_X70Y119        FDCE (Setup_AFF_SLICEL_C_CE)
                                                     -0.042    11.094    u_app/stg_reg[55]
  -------------------------------------------------------------------
                         required time                         11.094    
                         arrival time                         -10.596    
  -------------------------------------------------------------------
                         slack                                  0.497    

Slack (MET) :             0.499ns  (required time - arrival time)
  Source:                 u_app_ctrl/c_snd_nxt_reg[12][1]/C
                            (rising edge-triggered cell FDCE clocked by g_hw.clk_out0  {rise@0.000ns fall@3.200ns period=6.400ns})
  Destination:            u_app/stg_reg[11]/CE
                            (rising edge-triggered cell FDCE clocked by g_hw.clk_out0  {rise@0.000ns fall@3.200ns period=6.400ns})
  Path Group:             g_hw.clk_out0
  Path Type:              Setup (Max at Slow Process Corner)
  Requirement:            6.400ns  (g_hw.clk_out0 rise@6.400ns - g_hw.clk_out0 rise@0.000ns)
  Data Path Delay:        5.600ns  (logic 1.547ns (27.627%)  route 4.053ns (72.373%))
  Logic Levels:           13  (CARRY8=4 LUT2=2 LUT3=1 LUT4=1 LUT5=2 LUT6=1 MUXF7=1 MUXF8=1)
  Clock Path Skew:        -0.197ns (DCD - SCD + CPR)
    Destination Clock Delay (DCD):    5.108ns = ( 11.508 - 6.400 ) 
    Source Clock Delay      (SCD):    4.995ns
    Clock Pessimism Removal (CPR):    -0.309ns
  Clock Uncertainty:      0.062ns  ((TSJ^2 + DJ^2)^1/2) / 2 + PE
    Total System Jitter     (TSJ):    0.071ns
    Discrete Jitter          (DJ):    0.101ns
    Phase Error              (PE):    0.000ns
  Clock Net Delay (Source):      1.914ns (routing 0.616ns, distribution 1.298ns)
  Clock Net Delay (Destination): 1.658ns (routing 0.562ns, distribution 1.096ns)

    Location             Delay type                Incr(ns)  Path(ns)    Netlist Resource(s)
  -------------------------------------------------------------------    -------------------
                         (clock g_hw.clk_out0 rise edge)
                                                      0.000     0.000 r  
    T25                                               0.000     0.000 r  sys_clk_p (IN)
                         net (fo=0)                   0.100     0.100    u_clkgen/g_hw.u_ibufds/I
    HPIOBDIFFINBUF_X0Y37 DIFFINBUF (Prop_DIFFINBUF_HPIOBDIFFINBUF_DIFF_IN_P_O)
                                                      0.479     0.579 r  u_clkgen/g_hw.u_ibufds/DIFFINBUF_INST/O
                         net (fo=1, routed)           0.050     0.629    u_clkgen/g_hw.u_ibufds/OUT
    T25                  IBUFCTRL (Prop_IBUFCTRL_HPIOB_M_I_O)
                                                      0.000     0.629 r  u_clkgen/g_hw.u_ibufds/IBUFCTRL_INST/O
                         net (fo=1, routed)           0.345     0.974    u_clkgen/g_hw.clk_in_ibuf
    BUFGCE_X0Y41         BUFGCE (Prop_BUFCE_BUFGCE_I_O)
                                                      0.028     1.002 r  u_clkgen/g_hw.u_bufg_in/O
                         net (fo=485, routed)         1.902     2.904    u_clkgen/clk_in_100
    MMCM_X0Y1            MMCME4_ADV (Prop_MMCM_CLKIN1_CLKOUT0)
                                                     -0.106     2.798 r  u_clkgen/g_hw.u_mmcm/CLKOUT0
                         net (fo=1, routed)           0.256     3.054    u_clkgen/g_hw.clk_out0
    BUFGCE_X0Y31         BUFGCE (Prop_BUFCE_BUFGCE_I_O)
                                                      0.028     3.082 r  u_clkgen/g_hw.u_bufg_out/O
    X1Y1 (CLOCK_ROOT)    net (fo=49489, routed)       1.914     4.995    u_app_ctrl/dp_clk
    SLICE_X4Y8           FDCE                                         r  u_app_ctrl/c_snd_nxt_reg[12][1]/C
  -------------------------------------------------------------------    -------------------
    SLICE_X4Y8           FDCE (Prop_AFF2_SLICEM_C_Q)
                                                      0.097     5.092 r  u_app_ctrl/c_snd_nxt_reg[12][1]/Q
                         net (fo=2, routed)           0.144     5.236    u_app_ctrl/c_snd_nxt_reg[12]_11[1]
    SLICE_X3Y8           LUT2 (Prop_B6LUT_SLICEL_I0_O)
                                                      0.177     5.413 r  u_app_ctrl/sn_ry[12]_i_64/O
                         net (fo=1, routed)           0.010     5.423    u_app_ctrl/sn_ry[12]_i_64_n_53
    SLICE_X3Y8           CARRY8 (Prop_CARRY8_SLICEL_S[1]_CO[7])
                                                      0.233     5.656 r  u_app_ctrl/sn_ry_reg[12]_i_33/CO[7]
                         net (fo=1, routed)           0.028     5.684    u_app_ctrl/sn_ry_reg[12]_i_33_n_53
    SLICE_X3Y9           CARRY8 (Prop_CARRY8_SLICEL_CI_CO[7])
                                                      0.023     5.707 r  u_app_ctrl/sn_ry_reg[12]_i_31/CO[7]
                         net (fo=1, routed)           0.028     5.735    u_app_ctrl/sn_ry_reg[12]_i_31_n_53
    SLICE_X3Y10          CARRY8 (Prop_CARRY8_SLICEL_CI_O[2])
                                                      0.086     5.821 f  u_app_ctrl/sn_ry_reg[12]_i_30/O[2]
                         net (fo=1, routed)           0.255     6.076    u_app_ctrl/tx_ready_calc11_return53_out[18]
    SLICE_X4Y10          LUT2 (Prop_B6LUT_SLICEM_I1_O)
                                                      0.100     6.176 r  u_app_ctrl/sn_ry[12]_i_11/O
                         net (fo=1, routed)           0.018     6.194    u_app_ctrl/sn_ry[12]_i_11_n_53
    SLICE_X4Y10          CARRY8 (Prop_CARRY8_SLICEM_S[1]_CO[7])
                                                      0.245     6.439 r  u_app_ctrl/sn_ry_reg[12]_i_3/CO[7]
                         net (fo=1, routed)           1.035     7.474    u_app_ctrl/tx_ready_calc11_return4
    SLICE_X35Y42         LUT5 (Prop_G6LUT_SLICEM_I4_O)
                                                      0.116     7.590 r  u_app_ctrl/sn_ry[12]_i_1/O
                         net (fo=2, routed)           0.256     7.846    u_app_ctrl/rst_sent_r_reg[15][12]
    SLICE_X36Y41         LUT6 (Prop_A6LUT_SLICEL_I1_O)
                                                      0.178     8.024 f  u_app_ctrl/frm_wait_i_10/O
                         net (fo=1, routed)           0.011     8.035    u_app_ctrl/frm_wait_i_10_n_53
    SLICE_X36Y41         MUXF7 (Prop_F7MUX_AB_SLICEL_I1_O)
                                                      0.076     8.111 f  u_app_ctrl/frm_wait_reg_i_6/O
                         net (fo=1, routed)           0.000     8.111    u_app_ctrl/frm_wait_reg_i_6_n_53
    SLICE_X36Y41         MUXF8 (Prop_F8MUX_BOT_SLICEL_I1_O)
                                                      0.027     8.138 f  u_app_ctrl/frm_wait_reg_i_4/O
                         net (fo=5, routed)           1.419     9.556    u_app/frm_wait_reg_0
    SLICE_X69Y113        LUT3 (Prop_F6LUT_SLICEL_I0_O)
                                                      0.062     9.618 f  u_app/pw_n[3]_i_6/O
                         net (fo=5, routed)           0.164     9.782    u_app/pw_n[3]_i_6_n_53
    SLICE_X70Y115        LUT5 (Prop_G6LUT_SLICEL_I0_O)
                                                      0.063     9.845 r  u_app/pw_n[3]_i_4/O
                         net (fo=35, routed)          0.360    10.206    u_app/pw_n[3]_i_4_n_53
    SLICE_X68Y118        LUT4 (Prop_E6LUT_SLICEL_I2_O)
                                                      0.064    10.270 r  u_app/stg[63]_i_1/O
                         net (fo=64, routed)          0.325    10.595    u_app/stg[63]_i_1_n_53
    SLICE_X67Y119        FDCE                                         r  u_app/stg_reg[11]/CE
  -------------------------------------------------------------------    -------------------

                         (clock g_hw.clk_out0 rise edge)
                                                      6.400     6.400 r  
    T25                                               0.000     6.400 r  sys_clk_p (IN)
                         net (fo=0)                   0.079     6.479    u_clkgen/g_hw.u_ibufds/I
    HPIOBDIFFINBUF_X0Y37 DIFFINBUF (Prop_DIFFINBUF_HPIOBDIFFINBUF_DIFF_IN_P_O)
                                                      0.398     6.877 r  u_clkgen/g_hw.u_ibufds/DIFFINBUF_INST/O
                         net (fo=1, routed)           0.040     6.917    u_clkgen/g_hw.u_ibufds/OUT
    T25                  IBUFCTRL (Prop_IBUFCTRL_HPIOB_M_I_O)
                                                      0.000     6.917 r  u_clkgen/g_hw.u_ibufds/IBUFCTRL_INST/O
                         net (fo=1, routed)           0.304     7.221    u_clkgen/g_hw.clk_in_ibuf
    BUFGCE_X0Y41         BUFGCE (Prop_BUFCE_BUFGCE_I_O)
                                                      0.024     7.245 r  u_clkgen/g_hw.u_bufg_in/O
                         net (fo=485, routed)         1.709     8.954    u_clkgen/clk_in_100
    MMCM_X0Y1            MMCME4_ADV (Prop_MMCM_CLKIN1_CLKOUT0)
                                                      0.644     9.598 r  u_clkgen/g_hw.u_mmcm/CLKOUT0
                         net (fo=1, routed)           0.228     9.826    u_clkgen/g_hw.clk_out0
    BUFGCE_X0Y31         BUFGCE (Prop_BUFCE_BUFGCE_I_O)
                                                      0.024     9.850 r  u_clkgen/g_hw.u_bufg_out/O
    X1Y1 (CLOCK_ROOT)    net (fo=49489, routed)       1.658    11.508    u_app/dp_clk
    SLICE_X67Y119        FDCE                                         r  u_app/stg_reg[11]/C
                         clock pessimism             -0.309    11.199    
                         clock uncertainty           -0.062    11.137    
    SLICE_X67Y119        FDCE (Setup_DFF_SLICEM_C_CE)
                                                     -0.043    11.094    u_app/stg_reg[11]
  -------------------------------------------------------------------
                         required time                         11.094    
                         arrival time                         -10.595    
  -------------------------------------------------------------------
                         slack                                  0.499    

Slack (MET) :             0.499ns  (required time - arrival time)
  Source:                 u_app_ctrl/c_snd_nxt_reg[12][1]/C
                            (rising edge-triggered cell FDCE clocked by g_hw.clk_out0  {rise@0.000ns fall@3.200ns period=6.400ns})
  Destination:            u_app/stg_reg[26]/CE
                            (rising edge-triggered cell FDCE clocked by g_hw.clk_out0  {rise@0.000ns fall@3.200ns period=6.400ns})
  Path Group:             g_hw.clk_out0
  Path Type:              Setup (Max at Slow Process Corner)
  Requirement:            6.400ns  (g_hw.clk_out0 rise@6.400ns - g_hw.clk_out0 rise@0.000ns)
  Data Path Delay:        5.600ns  (logic 1.547ns (27.627%)  route 4.053ns (72.373%))
  Logic Levels:           13  (CARRY8=4 LUT2=2 LUT3=1 LUT4=1 LUT5=2 LUT6=1 MUXF7=1 MUXF8=1)
  Clock Path Skew:        -0.197ns (DCD - SCD + CPR)
    Destination Clock Delay (DCD):    5.108ns = ( 11.508 - 6.400 ) 
    Source Clock Delay      (SCD):    4.995ns
    Clock Pessimism Removal (CPR):    -0.309ns
  Clock Uncertainty:      0.062ns  ((TSJ^2 + DJ^2)^1/2) / 2 + PE
    Total System Jitter     (TSJ):    0.071ns
    Discrete Jitter          (DJ):    0.101ns
    Phase Error              (PE):    0.000ns
  Clock Net Delay (Source):      1.914ns (routing 0.616ns, distribution 1.298ns)
  Clock Net Delay (Destination): 1.658ns (routing 0.562ns, distribution 1.096ns)

    Location             Delay type                Incr(ns)  Path(ns)    Netlist Resource(s)
  -------------------------------------------------------------------    -------------------
                         (clock g_hw.clk_out0 rise edge)
                                                      0.000     0.000 r  
    T25                                               0.000     0.000 r  sys_clk_p (IN)
                         net (fo=0)                   0.100     0.100    u_clkgen/g_hw.u_ibufds/I
    HPIOBDIFFINBUF_X0Y37 DIFFINBUF (Prop_DIFFINBUF_HPIOBDIFFINBUF_DIFF_IN_P_O)
                                                      0.479     0.579 r  u_clkgen/g_hw.u_ibufds/DIFFINBUF_INST/O
                         net (fo=1, routed)           0.050     0.629    u_clkgen/g_hw.u_ibufds/OUT
    T25                  IBUFCTRL (Prop_IBUFCTRL_HPIOB_M_I_O)
                                                      0.000     0.629 r  u_clkgen/g_hw.u_ibufds/IBUFCTRL_INST/O
                         net (fo=1, routed)           0.345     0.974    u_clkgen/g_hw.clk_in_ibuf
    BUFGCE_X0Y41         BUFGCE (Prop_BUFCE_BUFGCE_I_O)
                                                      0.028     1.002 r  u_clkgen/g_hw.u_bufg_in/O
                         net (fo=485, routed)         1.902     2.904    u_clkgen/clk_in_100
    MMCM_X0Y1            MMCME4_ADV (Prop_MMCM_CLKIN1_CLKOUT0)
                                                     -0.106     2.798 r  u_clkgen/g_hw.u_mmcm/CLKOUT0
                         net (fo=1, routed)           0.256     3.054    u_clkgen/g_hw.clk_out0
    BUFGCE_X0Y31         BUFGCE (Prop_BUFCE_BUFGCE_I_O)
                                                      0.028     3.082 r  u_clkgen/g_hw.u_bufg_out/O
    X1Y1 (CLOCK_ROOT)    net (fo=49489, routed)       1.914     4.995    u_app_ctrl/dp_clk
    SLICE_X4Y8           FDCE                                         r  u_app_ctrl/c_snd_nxt_reg[12][1]/C
  -------------------------------------------------------------------    -------------------
    SLICE_X4Y8           FDCE (Prop_AFF2_SLICEM_C_Q)
                                                      0.097     5.092 r  u_app_ctrl/c_snd_nxt_reg[12][1]/Q
                         net (fo=2, routed)           0.144     5.236    u_app_ctrl/c_snd_nxt_reg[12]_11[1]
    SLICE_X3Y8           LUT2 (Prop_B6LUT_SLICEL_I0_O)
                                                      0.177     5.413 r  u_app_ctrl/sn_ry[12]_i_64/O
                         net (fo=1, routed)           0.010     5.423    u_app_ctrl/sn_ry[12]_i_64_n_53
    SLICE_X3Y8           CARRY8 (Prop_CARRY8_SLICEL_S[1]_CO[7])
                                                      0.233     5.656 r  u_app_ctrl/sn_ry_reg[12]_i_33/CO[7]
                         net (fo=1, routed)           0.028     5.684    u_app_ctrl/sn_ry_reg[12]_i_33_n_53
    SLICE_X3Y9           CARRY8 (Prop_CARRY8_SLICEL_CI_CO[7])
                                                      0.023     5.707 r  u_app_ctrl/sn_ry_reg[12]_i_31/CO[7]
                         net (fo=1, routed)           0.028     5.735    u_app_ctrl/sn_ry_reg[12]_i_31_n_53
    SLICE_X3Y10          CARRY8 (Prop_CARRY8_SLICEL_CI_O[2])
                                                      0.086     5.821 f  u_app_ctrl/sn_ry_reg[12]_i_30/O[2]
                         net (fo=1, routed)           0.255     6.076    u_app_ctrl/tx_ready_calc11_return53_out[18]
    SLICE_X4Y10          LUT2 (Prop_B6LUT_SLICEM_I1_O)
                                                      0.100     6.176 r  u_app_ctrl/sn_ry[12]_i_11/O
                         net (fo=1, routed)           0.018     6.194    u_app_ctrl/sn_ry[12]_i_11_n_53
    SLICE_X4Y10          CARRY8 (Prop_CARRY8_SLICEM_S[1]_CO[7])
                                                      0.245     6.439 r  u_app_ctrl/sn_ry_reg[12]_i_3/CO[7]
                         net (fo=1, routed)           1.035     7.474    u_app_ctrl/tx_ready_calc11_return4
    SLICE_X35Y42         LUT5 (Prop_G6LUT_SLICEM_I4_O)
                                                      0.116     7.590 r  u_app_ctrl/sn_ry[12]_i_1/O
                         net (fo=2, routed)           0.256     7.846    u_app_ctrl/rst_sent_r_reg[15][12]
    SLICE_X36Y41         LUT6 (Prop_A6LUT_SLICEL_I1_O)
                                                      0.178     8.024 f  u_app_ctrl/frm_wait_i_10/O
                         net (fo=1, routed)           0.011     8.035    u_app_ctrl/frm_wait_i_10_n_53
    SLICE_X36Y41         MUXF7 (Prop_F7MUX_AB_SLICEL_I1_O)
                                                      0.076     8.111 f  u_app_ctrl/frm_wait_reg_i_6/O
                         net (fo=1, routed)           0.000     8.111    u_app_ctrl/frm_wait_reg_i_6_n_53
    SLICE_X36Y41         MUXF8 (Prop_F8MUX_BOT_SLICEL_I1_O)
                                                      0.027     8.138 f  u_app_ctrl/frm_wait_reg_i_4/O
                         net (fo=5, routed)           1.419     9.556    u_app/frm_wait_reg_0
    SLICE_X69Y113        LUT3 (Prop_F6LUT_SLICEL_I0_O)
                                                      0.062     9.618 f  u_app/pw_n[3]_i_6/O
                         net (fo=5, routed)           0.164     9.782    u_app/pw_n[3]_i_6_n_53
    SLICE_X70Y115        LUT5 (Prop_G6LUT_SLICEL_I0_O)
                                                      0.063     9.845 r  u_app/pw_n[3]_i_4/O
                         net (fo=35, routed)          0.360    10.206    u_app/pw_n[3]_i_4_n_53
    SLICE_X68Y118        LUT4 (Prop_E6LUT_SLICEL_I2_O)
                                                      0.064    10.270 r  u_app/stg[63]_i_1/O
                         net (fo=64, routed)          0.325    10.595    u_app/stg[63]_i_1_n_53
    SLICE_X67Y119        FDCE                                         r  u_app/stg_reg[26]/CE
  -------------------------------------------------------------------    -------------------

                         (clock g_hw.clk_out0 rise edge)
                                                      6.400     6.400 r  
    T25                                               0.000     6.400 r  sys_clk_p (IN)
                         net (fo=0)                   0.079     6.479    u_clkgen/g_hw.u_ibufds/I
    HPIOBDIFFINBUF_X0Y37 DIFFINBUF (Prop_DIFFINBUF_HPIOBDIFFINBUF_DIFF_IN_P_O)
                                                      0.398     6.877 r  u_clkgen/g_hw.u_ibufds/DIFFINBUF_INST/O
                         net (fo=1, routed)           0.040     6.917    u_clkgen/g_hw.u_ibufds/OUT
    T25                  IBUFCTRL (Prop_IBUFCTRL_HPIOB_M_I_O)
                                                      0.000     6.917 r  u_clkgen/g_hw.u_ibufds/IBUFCTRL_INST/O
                         net (fo=1, routed)           0.304     7.221    u_clkgen/g_hw.clk_in_ibuf
    BUFGCE_X0Y41         BUFGCE (Prop_BUFCE_BUFGCE_I_O)
                                                      0.024     7.245 r  u_clkgen/g_hw.u_bufg_in/O
                         net (fo=485, routed)         1.709     8.954    u_clkgen/clk_in_100
    MMCM_X0Y1            MMCME4_ADV (Prop_MMCM_CLKIN1_CLKOUT0)
                                                      0.644     9.598 r  u_clkgen/g_hw.u_mmcm/CLKOUT0
                         net (fo=1, routed)           0.228     9.826    u_clkgen/g_hw.clk_out0
    BUFGCE_X0Y31         BUFGCE (Prop_BUFCE_BUFGCE_I_O)
                                                      0.024     9.850 r  u_clkgen/g_hw.u_bufg_out/O
    X1Y1 (CLOCK_ROOT)    net (fo=49489, routed)       1.658    11.508    u_app/dp_clk
    SLICE_X67Y119        FDCE                                         r  u_app/stg_reg[26]/C
                         clock pessimism             -0.309    11.199    
                         clock uncertainty           -0.062    11.137    
    SLICE_X67Y119        FDCE (Setup_CFF_SLICEM_C_CE)
                                                     -0.043    11.094    u_app/stg_reg[26]
  -------------------------------------------------------------------
                         required time                         11.094    
                         arrival time                         -10.595    
  -------------------------------------------------------------------
                         slack                                  0.499    




