Copyright 1986-2022 Xilinx, Inc. All Rights Reserved. Copyright 2022-2025 Advanced Micro Devices, Inc. All Rights Reserved.
-------------------------------------------------------------------------------------------------------------------------------------------------------------------------------------------------------------------------------------------------------------------------------------
| Tool Version      : Vivado v.2025.2 (win64) Build 6299465 Fri Nov 14 19:35:11 GMT 2025
| Date              : Sat Oct 10 10:13:29 2026
| Host              : xyz-intel running 64-bit major release  (build 9200)
| Command           : report_timing -to [get_pins -quiet -of [get_cells -hier -quiet -filter {NAME =~ *stat_winstall_reg*}] -filter {REF_PIN_NAME =~ CE}] -max_paths 10 -delay_type max -file {D:\repo\XCKU5PMini\udp_hls_10g\_proj_10g\notes\p7b_buildF_build\query_F/F_w66_CE.rpt}
| Design            : wrapper_p4
| Device            : xcku5p-ffvb676
| Speed File        : -1  PRODUCTION 1.29 05-01-2022
| Design State      : Routed
| Temperature Grade : E
-------------------------------------------------------------------------------------------------------------------------------------------------------------------------------------------------------------------------------------------------------------------------------------

Timing Report

Slack (MET) :             2.217ns  (required time - arrival time)
  Source:                 u_tcp_tx/FSM_sequential_rx_state_reg[1]/C
                            (rising edge-triggered cell FDCE clocked by g_hw.clk_out0  {rise@0.000ns fall@3.200ns period=6.400ns})
  Destination:            u_tcp_tx/stat_winstall_reg[12]/CE
                            (rising edge-triggered cell FDCE clocked by g_hw.clk_out0  {rise@0.000ns fall@3.200ns period=6.400ns})
  Path Group:             g_hw.clk_out0
  Path Type:              Setup (Max at Slow Process Corner)
  Requirement:            6.400ns  (g_hw.clk_out0 rise@6.400ns - g_hw.clk_out0 rise@0.000ns)
  Data Path Delay:        3.947ns  (logic 0.940ns (23.816%)  route 3.007ns (76.184%))
  Logic Levels:           9  (LUT4=1 LUT5=1 LUT6=5 MUXF7=1 MUXF8=1)
  Clock Path Skew:        -0.131ns (DCD - SCD + CPR)
    Destination Clock Delay (DCD):    4.949ns = ( 11.349 - 6.400 ) 
    Source Clock Delay      (SCD):    4.821ns
    Clock Pessimism Removal (CPR):    -0.259ns
  Clock Uncertainty:      0.062ns  ((TSJ^2 + DJ^2)^1/2) / 2 + PE
    Total System Jitter     (TSJ):    0.071ns
    Discrete Jitter          (DJ):    0.101ns
    Phase Error              (PE):    0.000ns
  Clock Net Delay (Source):      1.739ns (routing 0.616ns, distribution 1.123ns)
  Clock Net Delay (Destination): 1.499ns (routing 0.562ns, distribution 0.937ns)

    Location             Delay type                Incr(ns)  Path(ns)    Netlist Resource(s)
  -------------------------------------------------------------------    -------------------
                         (clock g_hw.clk_out0 rise edge)
                                                      0.000     0.000 r  
    T25                                               0.000     0.000 r  sys_clk_p (IN)
                         net (fo=0)                   0.100     0.100    u_clkgen/g_hw.u_ibufds/I
    HPIOBDIFFINBUF_X0Y37 DIFFINBUF (Prop_DIFFINBUF_HPIOBDIFFINBUF_DIFF_IN_P_O)
                                                      0.479     0.579 r  u_clkgen/g_hw.u_ibufds/DIFFINBUF_INST/O
                         net (fo=1, routed)           0.050     0.629    u_clkgen/g_hw.u_ibufds/OUT
    T25                  IBUFCTRL (Prop_IBUFCTRL_HPIOB_M_I_O)
                                                      0.000     0.629 r  u_clkgen/g_hw.u_ibufds/IBUFCTRL_INST/O
                         net (fo=1, routed)           0.345     0.974    u_clkgen/g_hw.clk_in_ibuf
    BUFGCE_X0Y41         BUFGCE (Prop_BUFCE_BUFGCE_I_O)
                                                      0.028     1.002 r  u_clkgen/g_hw.u_bufg_in/O
                         net (fo=485, routed)         1.902     2.904    u_clkgen/clk_in_100
    MMCM_X0Y1            MMCME4_ADV (Prop_MMCM_CLKIN1_CLKOUT0)
                                                     -0.106     2.798 r  u_clkgen/g_hw.u_mmcm/CLKOUT0
                         net (fo=1, routed)           0.256     3.054    u_clkgen/g_hw.clk_out0
    BUFGCE_X0Y31         BUFGCE (Prop_BUFCE_BUFGCE_I_O)
                                                      0.028     3.082 r  u_clkgen/g_hw.u_bufg_out/O
    X1Y1 (CLOCK_ROOT)    net (fo=49489, routed)       1.739     4.821    u_tcp_tx/dp_clk
    SLICE_X44Y92         FDCE                                         r  u_tcp_tx/FSM_sequential_rx_state_reg[1]/C
  -------------------------------------------------------------------    -------------------
    SLICE_X44Y92         FDCE (Prop_GFF_SLICEM_C_Q)
                                                      0.095     4.916 r  u_tcp_tx/FSM_sequential_rx_state_reg[1]/Q
                         net (fo=101, routed)         0.092     5.008    u_tcp_tx/u_ackq/ctrl_id_reg[3]_0[1]
    SLICE_X44Y92         LUT4 (Prop_F6LUT_SLICEM_I2_O)
                                                      0.113     5.121 r  u_tcp_tx/u_ackq/scan_id[3]_i_5/O
                         net (fo=3, routed)           0.126     5.247    u_tcp_tx/u_ackq/ack_pend_r_reg
    SLICE_X45Y92         LUT6 (Prop_B6LUT_SLICEL_I2_O)
                                                      0.177     5.424 r  u_tcp_tx/u_ackq/ctrl_seq[31]_i_16/O
                         net (fo=2, routed)           0.221     5.646    u_tcp_tx/u_ackq/ctrl_seq[31]_i_16_n_53
    SLICE_X45Y86         LUT6 (Prop_H6LUT_SLICEL_I4_O)
                                                      0.100     5.746 r  u_tcp_tx/u_ackq/ctrl_seq[31]_i_12/O
                         net (fo=10, routed)          0.199     5.945    u_tcp_tx/u_ackq/ctrl_seq[31]_i_12_n_53
    SLICE_X46Y82         LUT5 (Prop_H6LUT_SLICEL_I0_O)
                                                      0.040     5.985 r  u_tcp_tx/u_ackq/snd_una_prev[0][18]_i_9/O
                         net (fo=90, routed)          0.349     6.333    u_tcb/snd_una_prev_reg[0][18]_i_4_0
    SLICE_X47Y78         LUT6 (Prop_A6LUT_SLICEL_I2_O)
                                                      0.149     6.482 f  u_tcb/wa_o_r[0]_rep_i_40/O
                         net (fo=1, routed)           0.011     6.493    u_tcb/wa_o_r[0]_rep_i_40_n_53
    SLICE_X47Y78         MUXF7 (Prop_F7MUX_AB_SLICEL_I1_O)
                                                      0.076     6.569 f  u_tcb/wa_o_r_reg[0]_rep_i_19/O
                         net (fo=1, routed)           0.000     6.569    u_tcb/wa_o_r_reg[0]_rep_i_19_n_53
    SLICE_X47Y78         MUXF8 (Prop_F8MUX_BOT_SLICEL_I1_O)
                                                      0.027     6.596 f  u_tcb/wa_o_r_reg[0]_rep_i_8/O
                         net (fo=2, routed)           0.853     7.449    u_tcb/rb_state[3]
    SLICE_X64Y111        LUT6 (Prop_B6LUT_SLICEL_I3_O)
                                                      0.100     7.549 r  u_tcb/wa_o_r[0]_rep_i_4/O
                         net (fo=12, routed)          0.860     8.410    u_tcp_tx/u_fifo_b/trace_mem_reg[1529]
    SLICE_X41Y89         LUT6 (Prop_C6LUT_SLICEL_I0_O)
                                                      0.063     8.473 r  u_tcp_tx/u_fifo_b/o_win_at_winstall[31]_i_1/O
                         net (fo=65, routed)          0.295     8.768    u_tcp_tx/stat_winstall_ev
    SLICE_X41Y86         FDCE                                         r  u_tcp_tx/stat_winstall_reg[12]/CE
  -------------------------------------------------------------------    -------------------

                         (clock g_hw.clk_out0 rise edge)
                                                      6.400     6.400 r  
    T25                                               0.000     6.400 r  sys_clk_p (IN)
                         net (fo=0)                   0.079     6.479    u_clkgen/g_hw.u_ibufds/I
    HPIOBDIFFINBUF_X0Y37 DIFFINBUF (Prop_DIFFINBUF_HPIOBDIFFINBUF_DIFF_IN_P_O)
                                                      0.398     6.877 r  u_clkgen/g_hw.u_ibufds/DIFFINBUF_INST/O
                         net (fo=1, routed)           0.040     6.917    u_clkgen/g_hw.u_ibufds/OUT
    T25                  IBUFCTRL (Prop_IBUFCTRL_HPIOB_M_I_O)
                                                      0.000     6.917 r  u_clkgen/g_hw.u_ibufds/IBUFCTRL_INST/O
                         net (fo=1, routed)           0.304     7.221    u_clkgen/g_hw.clk_in_ibuf
    BUFGCE_X0Y41         BUFGCE (Prop_BUFCE_BUFGCE_I_O)
                                                      0.024     7.245 r  u_clkgen/g_hw.u_bufg_in/O
                         net (fo=485, routed)         1.709     8.954    u_clkgen/clk_in_100
    MMCM_X0Y1            MMCME4_ADV (Prop_MMCM_CLKIN1_CLKOUT0)
                                                      0.644     9.598 r  u_clkgen/g_hw.u_mmcm/CLKOUT0
                         net (fo=1, routed)           0.228     9.826    u_clkgen/g_hw.clk_out0
    BUFGCE_X0Y31         BUFGCE (Prop_BUFCE_BUFGCE_I_O)
                                                      0.024     9.850 r  u_clkgen/g_hw.u_bufg_out/O
    X1Y1 (CLOCK_ROOT)    net (fo=49489, routed)       1.499    11.349    u_tcp_tx/dp_clk
    SLICE_X41Y86         FDCE                                         r  u_tcp_tx/stat_winstall_reg[12]/C
                         clock pessimism             -0.259    11.089    
                         clock uncertainty           -0.062    11.028    
    SLICE_X41Y86         FDCE (Setup_EFF_SLICEL_C_CE)
                                                     -0.043    10.985    u_tcp_tx/stat_winstall_reg[12]
  -------------------------------------------------------------------
                         required time                         10.985    
                         arrival time                          -8.768    
  -------------------------------------------------------------------
                         slack                                  2.217    

Slack (MET) :             2.217ns  (required time - arrival time)
  Source:                 u_tcp_tx/FSM_sequential_rx_state_reg[1]/C
                            (rising edge-triggered cell FDCE clocked by g_hw.clk_out0  {rise@0.000ns fall@3.200ns period=6.400ns})
  Destination:            u_tcp_tx/stat_winstall_reg[13]/CE
                            (rising edge-triggered cell FDCE clocked by g_hw.clk_out0  {rise@0.000ns fall@3.200ns period=6.400ns})
  Path Group:             g_hw.clk_out0
  Path Type:              Setup (Max at Slow Process Corner)
  Requirement:            6.400ns  (g_hw.clk_out0 rise@6.400ns - g_hw.clk_out0 rise@0.000ns)
  Data Path Delay:        3.947ns  (logic 0.940ns (23.816%)  route 3.007ns (76.184%))
  Logic Levels:           9  (LUT4=1 LUT5=1 LUT6=5 MUXF7=1 MUXF8=1)
  Clock Path Skew:        -0.131ns (DCD - SCD + CPR)
    Destination Clock Delay (DCD):    4.949ns = ( 11.349 - 6.400 ) 
    Source Clock Delay      (SCD):    4.821ns
    Clock Pessimism Removal (CPR):    -0.259ns
  Clock Uncertainty:      0.062ns  ((TSJ^2 + DJ^2)^1/2) / 2 + PE
    Total System Jitter     (TSJ):    0.071ns
    Discrete Jitter          (DJ):    0.101ns
    Phase Error              (PE):    0.000ns
  Clock Net Delay (Source):      1.739ns (routing 0.616ns, distribution 1.123ns)
  Clock Net Delay (Destination): 1.499ns (routing 0.562ns, distribution 0.937ns)

    Location             Delay type                Incr(ns)  Path(ns)    Netlist Resource(s)
  -------------------------------------------------------------------    -------------------
                         (clock g_hw.clk_out0 rise edge)
                                                      0.000     0.000 r  
    T25                                               0.000     0.000 r  sys_clk_p (IN)
                         net (fo=0)                   0.100     0.100    u_clkgen/g_hw.u_ibufds/I
    HPIOBDIFFINBUF_X0Y37 DIFFINBUF (Prop_DIFFINBUF_HPIOBDIFFINBUF_DIFF_IN_P_O)
                                                      0.479     0.579 r  u_clkgen/g_hw.u_ibufds/DIFFINBUF_INST/O
                         net (fo=1, routed)           0.050     0.629    u_clkgen/g_hw.u_ibufds/OUT
    T25                  IBUFCTRL (Prop_IBUFCTRL_HPIOB_M_I_O)
                                                      0.000     0.629 r  u_clkgen/g_hw.u_ibufds/IBUFCTRL_INST/O
                         net (fo=1, routed)           0.345     0.974    u_clkgen/g_hw.clk_in_ibuf
    BUFGCE_X0Y41         BUFGCE (Prop_BUFCE_BUFGCE_I_O)
                                                      0.028     1.002 r  u_clkgen/g_hw.u_bufg_in/O
                         net (fo=485, routed)         1.902     2.904    u_clkgen/clk_in_100
    MMCM_X0Y1            MMCME4_ADV (Prop_MMCM_CLKIN1_CLKOUT0)
                                                     -0.106     2.798 r  u_clkgen/g_hw.u_mmcm/CLKOUT0
                         net (fo=1, routed)           0.256     3.054    u_clkgen/g_hw.clk_out0
    BUFGCE_X0Y31         BUFGCE (Prop_BUFCE_BUFGCE_I_O)
                                                      0.028     3.082 r  u_clkgen/g_hw.u_bufg_out/O
    X1Y1 (CLOCK_ROOT)    net (fo=49489, routed)       1.739     4.821    u_tcp_tx/dp_clk
    SLICE_X44Y92         FDCE                                         r  u_tcp_tx/FSM_sequential_rx_state_reg[1]/C
  -------------------------------------------------------------------    -------------------
    SLICE_X44Y92         FDCE (Prop_GFF_SLICEM_C_Q)
                                                      0.095     4.916 r  u_tcp_tx/FSM_sequential_rx_state_reg[1]/Q
                         net (fo=101, routed)         0.092     5.008    u_tcp_tx/u_ackq/ctrl_id_reg[3]_0[1]
    SLICE_X44Y92         LUT4 (Prop_F6LUT_SLICEM_I2_O)
                                                      0.113     5.121 r  u_tcp_tx/u_ackq/scan_id[3]_i_5/O
                         net (fo=3, routed)           0.126     5.247    u_tcp_tx/u_ackq/ack_pend_r_reg
    SLICE_X45Y92         LUT6 (Prop_B6LUT_SLICEL_I2_O)
                                                      0.177     5.424 r  u_tcp_tx/u_ackq/ctrl_seq[31]_i_16/O
                         net (fo=2, routed)           0.221     5.646    u_tcp_tx/u_ackq/ctrl_seq[31]_i_16_n_53
    SLICE_X45Y86         LUT6 (Prop_H6LUT_SLICEL_I4_O)
                                                      0.100     5.746 r  u_tcp_tx/u_ackq/ctrl_seq[31]_i_12/O
                         net (fo=10, routed)          0.199     5.945    u_tcp_tx/u_ackq/ctrl_seq[31]_i_12_n_53
    SLICE_X46Y82         LUT5 (Prop_H6LUT_SLICEL_I0_O)
                                                      0.040     5.985 r  u_tcp_tx/u_ackq/snd_una_prev[0][18]_i_9/O
                         net (fo=90, routed)          0.349     6.333    u_tcb/snd_una_prev_reg[0][18]_i_4_0
    SLICE_X47Y78         LUT6 (Prop_A6LUT_SLICEL_I2_O)
                                                      0.149     6.482 f  u_tcb/wa_o_r[0]_rep_i_40/O
                         net (fo=1, routed)           0.011     6.493    u_tcb/wa_o_r[0]_rep_i_40_n_53
    SLICE_X47Y78         MUXF7 (Prop_F7MUX_AB_SLICEL_I1_O)
                                                      0.076     6.569 f  u_tcb/wa_o_r_reg[0]_rep_i_19/O
                         net (fo=1, routed)           0.000     6.569    u_tcb/wa_o_r_reg[0]_rep_i_19_n_53
    SLICE_X47Y78         MUXF8 (Prop_F8MUX_BOT_SLICEL_I1_O)
                                                      0.027     6.596 f  u_tcb/wa_o_r_reg[0]_rep_i_8/O
                         net (fo=2, routed)           0.853     7.449    u_tcb/rb_state[3]
    SLICE_X64Y111        LUT6 (Prop_B6LUT_SLICEL_I3_O)
                                                      0.100     7.549 r  u_tcb/wa_o_r[0]_rep_i_4/O
                         net (fo=12, routed)          0.860     8.410    u_tcp_tx/u_fifo_b/trace_mem_reg[1529]
    SLICE_X41Y89         LUT6 (Prop_C6LUT_SLICEL_I0_O)
                                                      0.063     8.473 r  u_tcp_tx/u_fifo_b/o_win_at_winstall[31]_i_1/O
                         net (fo=65, routed)          0.295     8.768    u_tcp_tx/stat_winstall_ev
    SLICE_X41Y86         FDCE                                         r  u_tcp_tx/stat_winstall_reg[13]/CE
  -------------------------------------------------------------------    -------------------

                         (clock g_hw.clk_out0 rise edge)
                                                      6.400     6.400 r  
    T25                                               0.000     6.400 r  sys_clk_p (IN)
                         net (fo=0)                   0.079     6.479    u_clkgen/g_hw.u_ibufds/I
    HPIOBDIFFINBUF_X0Y37 DIFFINBUF (Prop_DIFFINBUF_HPIOBDIFFINBUF_DIFF_IN_P_O)
                                                      0.398     6.877 r  u_clkgen/g_hw.u_ibufds/DIFFINBUF_INST/O
                         net (fo=1, routed)           0.040     6.917    u_clkgen/g_hw.u_ibufds/OUT
    T25                  IBUFCTRL (Prop_IBUFCTRL_HPIOB_M_I_O)
                                                      0.000     6.917 r  u_clkgen/g_hw.u_ibufds/IBUFCTRL_INST/O
                         net (fo=1, routed)           0.304     7.221    u_clkgen/g_hw.clk_in_ibuf
    BUFGCE_X0Y41         BUFGCE (Prop_BUFCE_BUFGCE_I_O)
                                                      0.024     7.245 r  u_clkgen/g_hw.u_bufg_in/O
                         net (fo=485, routed)         1.709     8.954    u_clkgen/clk_in_100
    MMCM_X0Y1            MMCME4_ADV (Prop_MMCM_CLKIN1_CLKOUT0)
                                                      0.644     9.598 r  u_clkgen/g_hw.u_mmcm/CLKOUT0
                         net (fo=1, routed)           0.228     9.826    u_clkgen/g_hw.clk_out0
    BUFGCE_X0Y31         BUFGCE (Prop_BUFCE_BUFGCE_I_O)
                                                      0.024     9.850 r  u_clkgen/g_hw.u_bufg_out/O
    X1Y1 (CLOCK_ROOT)    net (fo=49489, routed)       1.499    11.349    u_tcp_tx/dp_clk
    SLICE_X41Y86         FDCE                                         r  u_tcp_tx/stat_winstall_reg[13]/C
                         clock pessimism             -0.259    11.089    
                         clock uncertainty           -0.062    11.028    
    SLICE_X41Y86         FDCE (Setup_FFF_SLICEL_C_CE)
                                                     -0.043    10.985    u_tcp_tx/stat_winstall_reg[13]
  -------------------------------------------------------------------
                         required time                         10.985    
                         arrival time                          -8.768    
  -------------------------------------------------------------------
                         slack                                  2.217    

Slack (MET) :             2.217ns  (required time - arrival time)
  Source:                 u_tcp_tx/FSM_sequential_rx_state_reg[1]/C
                            (rising edge-triggered cell FDCE clocked by g_hw.clk_out0  {rise@0.000ns fall@3.200ns period=6.400ns})
  Destination:            u_tcp_tx/stat_winstall_reg[14]/CE
                            (rising edge-triggered cell FDCE clocked by g_hw.clk_out0  {rise@0.000ns fall@3.200ns period=6.400ns})
  Path Group:             g_hw.clk_out0
  Path Type:              Setup (Max at Slow Process Corner)
  Requirement:            6.400ns  (g_hw.clk_out0 rise@6.400ns - g_hw.clk_out0 rise@0.000ns)
  Data Path Delay:        3.947ns  (logic 0.940ns (23.816%)  route 3.007ns (76.184%))
  Logic Levels:           9  (LUT4=1 LUT5=1 LUT6=5 MUXF7=1 MUXF8=1)
  Clock Path Skew:        -0.131ns (DCD - SCD + CPR)
    Destination Clock Delay (DCD):    4.949ns = ( 11.349 - 6.400 ) 
    Source Clock Delay      (SCD):    4.821ns
    Clock Pessimism Removal (CPR):    -0.259ns
  Clock Uncertainty:      0.062ns  ((TSJ^2 + DJ^2)^1/2) / 2 + PE
    Total System Jitter     (TSJ):    0.071ns
    Discrete Jitter          (DJ):    0.101ns
    Phase Error              (PE):    0.000ns
  Clock Net Delay (Source):      1.739ns (routing 0.616ns, distribution 1.123ns)
  Clock Net Delay (Destination): 1.499ns (routing 0.562ns, distribution 0.937ns)

    Location             Delay type                Incr(ns)  Path(ns)    Netlist Resource(s)
  -------------------------------------------------------------------    -------------------
                         (clock g_hw.clk_out0 rise edge)
                                                      0.000     0.000 r  
    T25                                               0.000     0.000 r  sys_clk_p (IN)
                         net (fo=0)                   0.100     0.100    u_clkgen/g_hw.u_ibufds/I
    HPIOBDIFFINBUF_X0Y37 DIFFINBUF (Prop_DIFFINBUF_HPIOBDIFFINBUF_DIFF_IN_P_O)
                                                      0.479     0.579 r  u_clkgen/g_hw.u_ibufds/DIFFINBUF_INST/O
                         net (fo=1, routed)           0.050     0.629    u_clkgen/g_hw.u_ibufds/OUT
    T25                  IBUFCTRL (Prop_IBUFCTRL_HPIOB_M_I_O)
                                                      0.000     0.629 r  u_clkgen/g_hw.u_ibufds/IBUFCTRL_INST/O
                         net (fo=1, routed)           0.345     0.974    u_clkgen/g_hw.clk_in_ibuf
    BUFGCE_X0Y41         BUFGCE (Prop_BUFCE_BUFGCE_I_O)
                                                      0.028     1.002 r  u_clkgen/g_hw.u_bufg_in/O
                         net (fo=485, routed)         1.902     2.904    u_clkgen/clk_in_100
    MMCM_X0Y1            MMCME4_ADV (Prop_MMCM_CLKIN1_CLKOUT0)
                                                     -0.106     2.798 r  u_clkgen/g_hw.u_mmcm/CLKOUT0
                         net (fo=1, routed)           0.256     3.054    u_clkgen/g_hw.clk_out0
    BUFGCE_X0Y31         BUFGCE (Prop_BUFCE_BUFGCE_I_O)
                                                      0.028     3.082 r  u_clkgen/g_hw.u_bufg_out/O
    X1Y1 (CLOCK_ROOT)    net (fo=49489, routed)       1.739     4.821    u_tcp_tx/dp_clk
    SLICE_X44Y92         FDCE                                         r  u_tcp_tx/FSM_sequential_rx_state_reg[1]/C
  -------------------------------------------------------------------    -------------------
    SLICE_X44Y92         FDCE (Prop_GFF_SLICEM_C_Q)
                                                      0.095     4.916 r  u_tcp_tx/FSM_sequential_rx_state_reg[1]/Q
                         net (fo=101, routed)         0.092     5.008    u_tcp_tx/u_ackq/ctrl_id_reg[3]_0[1]
    SLICE_X44Y92         LUT4 (Prop_F6LUT_SLICEM_I2_O)
                                                      0.113     5.121 r  u_tcp_tx/u_ackq/scan_id[3]_i_5/O
                         net (fo=3, routed)           0.126     5.247    u_tcp_tx/u_ackq/ack_pend_r_reg
    SLICE_X45Y92         LUT6 (Prop_B6LUT_SLICEL_I2_O)
                                                      0.177     5.424 r  u_tcp_tx/u_ackq/ctrl_seq[31]_i_16/O
                         net (fo=2, routed)           0.221     5.646    u_tcp_tx/u_ackq/ctrl_seq[31]_i_16_n_53
    SLICE_X45Y86         LUT6 (Prop_H6LUT_SLICEL_I4_O)
                                                      0.100     5.746 r  u_tcp_tx/u_ackq/ctrl_seq[31]_i_12/O
                         net (fo=10, routed)          0.199     5.945    u_tcp_tx/u_ackq/ctrl_seq[31]_i_12_n_53
    SLICE_X46Y82         LUT5 (Prop_H6LUT_SLICEL_I0_O)
                                                      0.040     5.985 r  u_tcp_tx/u_ackq/snd_una_prev[0][18]_i_9/O
                         net (fo=90, routed)          0.349     6.333    u_tcb/snd_una_prev_reg[0][18]_i_4_0
    SLICE_X47Y78         LUT6 (Prop_A6LUT_SLICEL_I2_O)
                                                      0.149     6.482 f  u_tcb/wa_o_r[0]_rep_i_40/O
                         net (fo=1, routed)           0.011     6.493    u_tcb/wa_o_r[0]_rep_i_40_n_53
    SLICE_X47Y78         MUXF7 (Prop_F7MUX_AB_SLICEL_I1_O)
                                                      0.076     6.569 f  u_tcb/wa_o_r_reg[0]_rep_i_19/O
                         net (fo=1, routed)           0.000     6.569    u_tcb/wa_o_r_reg[0]_rep_i_19_n_53
    SLICE_X47Y78         MUXF8 (Prop_F8MUX_BOT_SLICEL_I1_O)
                                                      0.027     6.596 f  u_tcb/wa_o_r_reg[0]_rep_i_8/O
                         net (fo=2, routed)           0.853     7.449    u_tcb/rb_state[3]
    SLICE_X64Y111        LUT6 (Prop_B6LUT_SLICEL_I3_O)
                                                      0.100     7.549 r  u_tcb/wa_o_r[0]_rep_i_4/O
                         net (fo=12, routed)          0.860     8.410    u_tcp_tx/u_fifo_b/trace_mem_reg[1529]
    SLICE_X41Y89         LUT6 (Prop_C6LUT_SLICEL_I0_O)
                                                      0.063     8.473 r  u_tcp_tx/u_fifo_b/o_win_at_winstall[31]_i_1/O
                         net (fo=65, routed)          0.295     8.768    u_tcp_tx/stat_winstall_ev
    SLICE_X41Y86         FDCE                                         r  u_tcp_tx/stat_winstall_reg[14]/CE
  -------------------------------------------------------------------    -------------------

                         (clock g_hw.clk_out0 rise edge)
                                                      6.400     6.400 r  
    T25                                               0.000     6.400 r  sys_clk_p (IN)
                         net (fo=0)                   0.079     6.479    u_clkgen/g_hw.u_ibufds/I
    HPIOBDIFFINBUF_X0Y37 DIFFINBUF (Prop_DIFFINBUF_HPIOBDIFFINBUF_DIFF_IN_P_O)
                                                      0.398     6.877 r  u_clkgen/g_hw.u_ibufds/DIFFINBUF_INST/O
                         net (fo=1, routed)           0.040     6.917    u_clkgen/g_hw.u_ibufds/OUT
    T25                  IBUFCTRL (Prop_IBUFCTRL_HPIOB_M_I_O)
                                                      0.000     6.917 r  u_clkgen/g_hw.u_ibufds/IBUFCTRL_INST/O
                         net (fo=1, routed)           0.304     7.221    u_clkgen/g_hw.clk_in_ibuf
    BUFGCE_X0Y41         BUFGCE (Prop_BUFCE_BUFGCE_I_O)
                                                      0.024     7.245 r  u_clkgen/g_hw.u_bufg_in/O
                         net (fo=485, routed)         1.709     8.954    u_clkgen/clk_in_100
    MMCM_X0Y1            MMCME4_ADV (Prop_MMCM_CLKIN1_CLKOUT0)
                                                      0.644     9.598 r  u_clkgen/g_hw.u_mmcm/CLKOUT0
                         net (fo=1, routed)           0.228     9.826    u_clkgen/g_hw.clk_out0
    BUFGCE_X0Y31         BUFGCE (Prop_BUFCE_BUFGCE_I_O)
                                                      0.024     9.850 r  u_clkgen/g_hw.u_bufg_out/O
    X1Y1 (CLOCK_ROOT)    net (fo=49489, routed)       1.499    11.349    u_tcp_tx/dp_clk
    SLICE_X41Y86         FDCE                                         r  u_tcp_tx/stat_winstall_reg[14]/C
                         clock pessimism             -0.259    11.089    
                         clock uncertainty           -0.062    11.028    
    SLICE_X41Y86         FDCE (Setup_GFF_SLICEL_C_CE)
                                                     -0.043    10.985    u_tcp_tx/stat_winstall_reg[14]
  -------------------------------------------------------------------
                         required time                         10.985    
                         arrival time                          -8.768    
  -------------------------------------------------------------------
                         slack                                  2.217    

Slack (MET) :             2.217ns  (required time - arrival time)
  Source:                 u_tcp_tx/FSM_sequential_rx_state_reg[1]/C
                            (rising edge-triggered cell FDCE clocked by g_hw.clk_out0  {rise@0.000ns fall@3.200ns period=6.400ns})
  Destination:            u_tcp_tx/stat_winstall_reg[15]/CE
                            (rising edge-triggered cell FDCE clocked by g_hw.clk_out0  {rise@0.000ns fall@3.200ns period=6.400ns})
  Path Group:             g_hw.clk_out0
  Path Type:              Setup (Max at Slow Process Corner)
  Requirement:            6.400ns  (g_hw.clk_out0 rise@6.400ns - g_hw.clk_out0 rise@0.000ns)
  Data Path Delay:        3.947ns  (logic 0.940ns (23.816%)  route 3.007ns (76.184%))
  Logic Levels:           9  (LUT4=1 LUT5=1 LUT6=5 MUXF7=1 MUXF8=1)
  Clock Path Skew:        -0.131ns (DCD - SCD + CPR)
    Destination Clock Delay (DCD):    4.949ns = ( 11.349 - 6.400 ) 
    Source Clock Delay      (SCD):    4.821ns
    Clock Pessimism Removal (CPR):    -0.259ns
  Clock Uncertainty:      0.062ns  ((TSJ^2 + DJ^2)^1/2) / 2 + PE
    Total System Jitter     (TSJ):    0.071ns
    Discrete Jitter          (DJ):    0.101ns
    Phase Error              (PE):    0.000ns
  Clock Net Delay (Source):      1.739ns (routing 0.616ns, distribution 1.123ns)
  Clock Net Delay (Destination): 1.499ns (routing 0.562ns, distribution 0.937ns)

    Location             Delay type                Incr(ns)  Path(ns)    Netlist Resource(s)
  -------------------------------------------------------------------    -------------------
                         (clock g_hw.clk_out0 rise edge)
                                                      0.000     0.000 r  
    T25                                               0.000     0.000 r  sys_clk_p (IN)
                         net (fo=0)                   0.100     0.100    u_clkgen/g_hw.u_ibufds/I
    HPIOBDIFFINBUF_X0Y37 DIFFINBUF (Prop_DIFFINBUF_HPIOBDIFFINBUF_DIFF_IN_P_O)
                                                      0.479     0.579 r  u_clkgen/g_hw.u_ibufds/DIFFINBUF_INST/O
                         net (fo=1, routed)           0.050     0.629    u_clkgen/g_hw.u_ibufds/OUT
    T25                  IBUFCTRL (Prop_IBUFCTRL_HPIOB_M_I_O)
                                                      0.000     0.629 r  u_clkgen/g_hw.u_ibufds/IBUFCTRL_INST/O
                         net (fo=1, routed)           0.345     0.974    u_clkgen/g_hw.clk_in_ibuf
    BUFGCE_X0Y41         BUFGCE (Prop_BUFCE_BUFGCE_I_O)
                                                      0.028     1.002 r  u_clkgen/g_hw.u_bufg_in/O
                         net (fo=485, routed)         1.902     2.904    u_clkgen/clk_in_100
    MMCM_X0Y1            MMCME4_ADV (Prop_MMCM_CLKIN1_CLKOUT0)
                                                     -0.106     2.798 r  u_clkgen/g_hw.u_mmcm/CLKOUT0
                         net (fo=1, routed)           0.256     3.054    u_clkgen/g_hw.clk_out0
    BUFGCE_X0Y31         BUFGCE (Prop_BUFCE_BUFGCE_I_O)
                                                      0.028     3.082 r  u_clkgen/g_hw.u_bufg_out/O
    X1Y1 (CLOCK_ROOT)    net (fo=49489, routed)       1.739     4.821    u_tcp_tx/dp_clk
    SLICE_X44Y92         FDCE                                         r  u_tcp_tx/FSM_sequential_rx_state_reg[1]/C
  -------------------------------------------------------------------    -------------------
    SLICE_X44Y92         FDCE (Prop_GFF_SLICEM_C_Q)
                                                      0.095     4.916 r  u_tcp_tx/FSM_sequential_rx_state_reg[1]/Q
                         net (fo=101, routed)         0.092     5.008    u_tcp_tx/u_ackq/ctrl_id_reg[3]_0[1]
    SLICE_X44Y92         LUT4 (Prop_F6LUT_SLICEM_I2_O)
                                                      0.113     5.121 r  u_tcp_tx/u_ackq/scan_id[3]_i_5/O
                         net (fo=3, routed)           0.126     5.247    u_tcp_tx/u_ackq/ack_pend_r_reg
    SLICE_X45Y92         LUT6 (Prop_B6LUT_SLICEL_I2_O)
                                                      0.177     5.424 r  u_tcp_tx/u_ackq/ctrl_seq[31]_i_16/O
                         net (fo=2, routed)           0.221     5.646    u_tcp_tx/u_ackq/ctrl_seq[31]_i_16_n_53
    SLICE_X45Y86         LUT6 (Prop_H6LUT_SLICEL_I4_O)
                                                      0.100     5.746 r  u_tcp_tx/u_ackq/ctrl_seq[31]_i_12/O
                         net (fo=10, routed)          0.199     5.945    u_tcp_tx/u_ackq/ctrl_seq[31]_i_12_n_53
    SLICE_X46Y82         LUT5 (Prop_H6LUT_SLICEL_I0_O)
                                                      0.040     5.985 r  u_tcp_tx/u_ackq/snd_una_prev[0][18]_i_9/O
                         net (fo=90, routed)          0.349     6.333    u_tcb/snd_una_prev_reg[0][18]_i_4_0
    SLICE_X47Y78         LUT6 (Prop_A6LUT_SLICEL_I2_O)
                                                      0.149     6.482 f  u_tcb/wa_o_r[0]_rep_i_40/O
                         net (fo=1, routed)           0.011     6.493    u_tcb/wa_o_r[0]_rep_i_40_n_53
    SLICE_X47Y78         MUXF7 (Prop_F7MUX_AB_SLICEL_I1_O)
                                                      0.076     6.569 f  u_tcb/wa_o_r_reg[0]_rep_i_19/O
                         net (fo=1, routed)           0.000     6.569    u_tcb/wa_o_r_reg[0]_rep_i_19_n_53
    SLICE_X47Y78         MUXF8 (Prop_F8MUX_BOT_SLICEL_I1_O)
                                                      0.027     6.596 f  u_tcb/wa_o_r_reg[0]_rep_i_8/O
                         net (fo=2, routed)           0.853     7.449    u_tcb/rb_state[3]
    SLICE_X64Y111        LUT6 (Prop_B6LUT_SLICEL_I3_O)
                                                      0.100     7.549 r  u_tcb/wa_o_r[0]_rep_i_4/O
                         net (fo=12, routed)          0.860     8.410    u_tcp_tx/u_fifo_b/trace_mem_reg[1529]
    SLICE_X41Y89         LUT6 (Prop_C6LUT_SLICEL_I0_O)
                                                      0.063     8.473 r  u_tcp_tx/u_fifo_b/o_win_at_winstall[31]_i_1/O
                         net (fo=65, routed)          0.295     8.768    u_tcp_tx/stat_winstall_ev
    SLICE_X41Y86         FDCE                                         r  u_tcp_tx/stat_winstall_reg[15]/CE
  -------------------------------------------------------------------    -------------------

                         (clock g_hw.clk_out0 rise edge)
                                                      6.400     6.400 r  
    T25                                               0.000     6.400 r  sys_clk_p (IN)
                         net (fo=0)                   0.079     6.479    u_clkgen/g_hw.u_ibufds/I
    HPIOBDIFFINBUF_X0Y37 DIFFINBUF (Prop_DIFFINBUF_HPIOBDIFFINBUF_DIFF_IN_P_O)
                                                      0.398     6.877 r  u_clkgen/g_hw.u_ibufds/DIFFINBUF_INST/O
                         net (fo=1, routed)           0.040     6.917    u_clkgen/g_hw.u_ibufds/OUT
    T25                  IBUFCTRL (Prop_IBUFCTRL_HPIOB_M_I_O)
                                                      0.000     6.917 r  u_clkgen/g_hw.u_ibufds/IBUFCTRL_INST/O
                         net (fo=1, routed)           0.304     7.221    u_clkgen/g_hw.clk_in_ibuf
    BUFGCE_X0Y41         BUFGCE (Prop_BUFCE_BUFGCE_I_O)
                                                      0.024     7.245 r  u_clkgen/g_hw.u_bufg_in/O
                         net (fo=485, routed)         1.709     8.954    u_clkgen/clk_in_100
    MMCM_X0Y1            MMCME4_ADV (Prop_MMCM_CLKIN1_CLKOUT0)
                                                      0.644     9.598 r  u_clkgen/g_hw.u_mmcm/CLKOUT0
                         net (fo=1, routed)           0.228     9.826    u_clkgen/g_hw.clk_out0
    BUFGCE_X0Y31         BUFGCE (Prop_BUFCE_BUFGCE_I_O)
                                                      0.024     9.850 r  u_clkgen/g_hw.u_bufg_out/O
    X1Y1 (CLOCK_ROOT)    net (fo=49489, routed)       1.499    11.349    u_tcp_tx/dp_clk
    SLICE_X41Y86         FDCE                                         r  u_tcp_tx/stat_winstall_reg[15]/C
                         clock pessimism             -0.259    11.089    
                         clock uncertainty           -0.062    11.028    
    SLICE_X41Y86         FDCE (Setup_HFF_SLICEL_C_CE)
                                                     -0.043    10.985    u_tcp_tx/stat_winstall_reg[15]
  -------------------------------------------------------------------
                         required time                         10.985    
                         arrival time                          -8.768    
  -------------------------------------------------------------------
                         slack                                  2.217    

Slack (MET) :             2.217ns  (required time - arrival time)
  Source:                 u_tcp_tx/FSM_sequential_rx_state_reg[1]/C
                            (rising edge-triggered cell FDCE clocked by g_hw.clk_out0  {rise@0.000ns fall@3.200ns period=6.400ns})
  Destination:            u_tcp_tx/stat_winstall_reg[10]/CE
                            (rising edge-triggered cell FDCE clocked by g_hw.clk_out0  {rise@0.000ns fall@3.200ns period=6.400ns})
  Path Group:             g_hw.clk_out0
  Path Type:              Setup (Max at Slow Process Corner)
  Requirement:            6.400ns  (g_hw.clk_out0 rise@6.400ns - g_hw.clk_out0 rise@0.000ns)
  Data Path Delay:        3.944ns  (logic 0.940ns (23.834%)  route 3.004ns (76.166%))
  Logic Levels:           9  (LUT4=1 LUT5=1 LUT6=5 MUXF7=1 MUXF8=1)
  Clock Path Skew:        -0.135ns (DCD - SCD + CPR)
    Destination Clock Delay (DCD):    4.945ns = ( 11.345 - 6.400 ) 
    Source Clock Delay      (SCD):    4.821ns
    Clock Pessimism Removal (CPR):    -0.259ns
  Clock Uncertainty:      0.062ns  ((TSJ^2 + DJ^2)^1/2) / 2 + PE
    Total System Jitter     (TSJ):    0.071ns
    Discrete Jitter          (DJ):    0.101ns
    Phase Error              (PE):    0.000ns
  Clock Net Delay (Source):      1.739ns (routing 0.616ns, distribution 1.123ns)
  Clock Net Delay (Destination): 1.495ns (routing 0.562ns, distribution 0.933ns)

    Location             Delay type                Incr(ns)  Path(ns)    Netlist Resource(s)
  -------------------------------------------------------------------    -------------------
                         (clock g_hw.clk_out0 rise edge)
                                                      0.000     0.000 r  
    T25                                               0.000     0.000 r  sys_clk_p (IN)
                         net (fo=0)                   0.100     0.100    u_clkgen/g_hw.u_ibufds/I
    HPIOBDIFFINBUF_X0Y37 DIFFINBUF (Prop_DIFFINBUF_HPIOBDIFFINBUF_DIFF_IN_P_O)
                                                      0.479     0.579 r  u_clkgen/g_hw.u_ibufds/DIFFINBUF_INST/O
                         net (fo=1, routed)           0.050     0.629    u_clkgen/g_hw.u_ibufds/OUT
    T25                  IBUFCTRL (Prop_IBUFCTRL_HPIOB_M_I_O)
                                                      0.000     0.629 r  u_clkgen/g_hw.u_ibufds/IBUFCTRL_INST/O
                         net (fo=1, routed)           0.345     0.974    u_clkgen/g_hw.clk_in_ibuf
    BUFGCE_X0Y41         BUFGCE (Prop_BUFCE_BUFGCE_I_O)
                                                      0.028     1.002 r  u_clkgen/g_hw.u_bufg_in/O
                         net (fo=485, routed)         1.902     2.904    u_clkgen/clk_in_100
    MMCM_X0Y1            MMCME4_ADV (Prop_MMCM_CLKIN1_CLKOUT0)
                                                     -0.106     2.798 r  u_clkgen/g_hw.u_mmcm/CLKOUT0
                         net (fo=1, routed)           0.256     3.054    u_clkgen/g_hw.clk_out0
    BUFGCE_X0Y31         BUFGCE (Prop_BUFCE_BUFGCE_I_O)
                                                      0.028     3.082 r  u_clkgen/g_hw.u_bufg_out/O
    X1Y1 (CLOCK_ROOT)    net (fo=49489, routed)       1.739     4.821    u_tcp_tx/dp_clk
    SLICE_X44Y92         FDCE                                         r  u_tcp_tx/FSM_sequential_rx_state_reg[1]/C
  -------------------------------------------------------------------    -------------------
    SLICE_X44Y92         FDCE (Prop_GFF_SLICEM_C_Q)
                                                      0.095     4.916 r  u_tcp_tx/FSM_sequential_rx_state_reg[1]/Q
                         net (fo=101, routed)         0.092     5.008    u_tcp_tx/u_ackq/ctrl_id_reg[3]_0[1]
    SLICE_X44Y92         LUT4 (Prop_F6LUT_SLICEM_I2_O)
                                                      0.113     5.121 r  u_tcp_tx/u_ackq/scan_id[3]_i_5/O
                         net (fo=3, routed)           0.126     5.247    u_tcp_tx/u_ackq/ack_pend_r_reg
    SLICE_X45Y92         LUT6 (Prop_B6LUT_SLICEL_I2_O)
                                                      0.177     5.424 r  u_tcp_tx/u_ackq/ctrl_seq[31]_i_16/O
                         net (fo=2, routed)           0.221     5.646    u_tcp_tx/u_ackq/ctrl_seq[31]_i_16_n_53
    SLICE_X45Y86         LUT6 (Prop_H6LUT_SLICEL_I4_O)
                                                      0.100     5.746 r  u_tcp_tx/u_ackq/ctrl_seq[31]_i_12/O
                         net (fo=10, routed)          0.199     5.945    u_tcp_tx/u_ackq/ctrl_seq[31]_i_12_n_53
    SLICE_X46Y82         LUT5 (Prop_H6LUT_SLICEL_I0_O)
                                                      0.040     5.985 r  u_tcp_tx/u_ackq/snd_una_prev[0][18]_i_9/O
                         net (fo=90, routed)          0.349     6.333    u_tcb/snd_una_prev_reg[0][18]_i_4_0
    SLICE_X47Y78         LUT6 (Prop_A6LUT_SLICEL_I2_O)
                                                      0.149     6.482 f  u_tcb/wa_o_r[0]_rep_i_40/O
                         net (fo=1, routed)           0.011     6.493    u_tcb/wa_o_r[0]_rep_i_40_n_53
    SLICE_X47Y78         MUXF7 (Prop_F7MUX_AB_SLICEL_I1_O)
                                                      0.076     6.569 f  u_tcb/wa_o_r_reg[0]_rep_i_19/O
                         net (fo=1, routed)           0.000     6.569    u_tcb/wa_o_r_reg[0]_rep_i_19_n_53
    SLICE_X47Y78         MUXF8 (Prop_F8MUX_BOT_SLICEL_I1_O)
                                                      0.027     6.596 f  u_tcb/wa_o_r_reg[0]_rep_i_8/O
                         net (fo=2, routed)           0.853     7.449    u_tcb/rb_state[3]
    SLICE_X64Y111        LUT6 (Prop_B6LUT_SLICEL_I3_O)
                                                      0.100     7.549 r  u_tcb/wa_o_r[0]_rep_i_4/O
                         net (fo=12, routed)          0.860     8.410    u_tcp_tx/u_fifo_b/trace_mem_reg[1529]
    SLICE_X41Y89         LUT6 (Prop_C6LUT_SLICEL_I0_O)
                                                      0.063     8.473 r  u_tcp_tx/u_fifo_b/o_win_at_winstall[31]_i_1/O
                         net (fo=65, routed)          0.292     8.765    u_tcp_tx/stat_winstall_ev
    SLICE_X41Y86         FDCE                                         r  u_tcp_tx/stat_winstall_reg[10]/CE
  -------------------------------------------------------------------    -------------------

                         (clock g_hw.clk_out0 rise edge)
                                                      6.400     6.400 r  
    T25                                               0.000     6.400 r  sys_clk_p (IN)
                         net (fo=0)                   0.079     6.479    u_clkgen/g_hw.u_ibufds/I
    HPIOBDIFFINBUF_X0Y37 DIFFINBUF (Prop_DIFFINBUF_HPIOBDIFFINBUF_DIFF_IN_P_O)
                                                      0.398     6.877 r  u_clkgen/g_hw.u_ibufds/DIFFINBUF_INST/O
                         net (fo=1, routed)           0.040     6.917    u_clkgen/g_hw.u_ibufds/OUT
    T25                  IBUFCTRL (Prop_IBUFCTRL_HPIOB_M_I_O)
                                                      0.000     6.917 r  u_clkgen/g_hw.u_ibufds/IBUFCTRL_INST/O
                         net (fo=1, routed)           0.304     7.221    u_clkgen/g_hw.clk_in_ibuf
    BUFGCE_X0Y41         BUFGCE (Prop_BUFCE_BUFGCE_I_O)
                                                      0.024     7.245 r  u_clkgen/g_hw.u_bufg_in/O
                         net (fo=485, routed)         1.709     8.954    u_clkgen/clk_in_100
    MMCM_X0Y1            MMCME4_ADV (Prop_MMCM_CLKIN1_CLKOUT0)
                                                      0.644     9.598 r  u_clkgen/g_hw.u_mmcm/CLKOUT0
                         net (fo=1, routed)           0.228     9.826    u_clkgen/g_hw.clk_out0
    BUFGCE_X0Y31         BUFGCE (Prop_BUFCE_BUFGCE_I_O)
                                                      0.024     9.850 r  u_clkgen/g_hw.u_bufg_out/O
    X1Y1 (CLOCK_ROOT)    net (fo=49489, routed)       1.495    11.345    u_tcp_tx/dp_clk
    SLICE_X41Y86         FDCE                                         r  u_tcp_tx/stat_winstall_reg[10]/C
                         clock pessimism             -0.259    11.086    
                         clock uncertainty           -0.062    11.024    
    SLICE_X41Y86         FDCE (Setup_CFF_SLICEL_C_CE)
                                                     -0.042    10.982    u_tcp_tx/stat_winstall_reg[10]
  -------------------------------------------------------------------
                         required time                         10.982    
                         arrival time                          -8.765    
  -------------------------------------------------------------------
                         slack                                  2.217    

Slack (MET) :             2.217ns  (required time - arrival time)
  Source:                 u_tcp_tx/FSM_sequential_rx_state_reg[1]/C
                            (rising edge-triggered cell FDCE clocked by g_hw.clk_out0  {rise@0.000ns fall@3.200ns period=6.400ns})
  Destination:            u_tcp_tx/stat_winstall_reg[11]/CE
                            (rising edge-triggered cell FDCE clocked by g_hw.clk_out0  {rise@0.000ns fall@3.200ns period=6.400ns})
  Path Group:             g_hw.clk_out0
  Path Type:              Setup (Max at Slow Process Corner)
  Requirement:            6.400ns  (g_hw.clk_out0 rise@6.400ns - g_hw.clk_out0 rise@0.000ns)
  Data Path Delay:        3.944ns  (logic 0.940ns (23.834%)  route 3.004ns (76.166%))
  Logic Levels:           9  (LUT4=1 LUT5=1 LUT6=5 MUXF7=1 MUXF8=1)
  Clock Path Skew:        -0.135ns (DCD - SCD + CPR)
    Destination Clock Delay (DCD):    4.945ns = ( 11.345 - 6.400 ) 
    Source Clock Delay      (SCD):    4.821ns
    Clock Pessimism Removal (CPR):    -0.259ns
  Clock Uncertainty:      0.062ns  ((TSJ^2 + DJ^2)^1/2) / 2 + PE
    Total System Jitter     (TSJ):    0.071ns
    Discrete Jitter          (DJ):    0.101ns
    Phase Error              (PE):    0.000ns
  Clock Net Delay (Source):      1.739ns (routing 0.616ns, distribution 1.123ns)
  Clock Net Delay (Destination): 1.495ns (routing 0.562ns, distribution 0.933ns)

    Location             Delay type                Incr(ns)  Path(ns)    Netlist Resource(s)
  -------------------------------------------------------------------    -------------------
                         (clock g_hw.clk_out0 rise edge)
                                                      0.000     0.000 r  
    T25                                               0.000     0.000 r  sys_clk_p (IN)
                         net (fo=0)                   0.100     0.100    u_clkgen/g_hw.u_ibufds/I
    HPIOBDIFFINBUF_X0Y37 DIFFINBUF (Prop_DIFFINBUF_HPIOBDIFFINBUF_DIFF_IN_P_O)
                                                      0.479     0.579 r  u_clkgen/g_hw.u_ibufds/DIFFINBUF_INST/O
                         net (fo=1, routed)           0.050     0.629    u_clkgen/g_hw.u_ibufds/OUT
    T25                  IBUFCTRL (Prop_IBUFCTRL_HPIOB_M_I_O)
                                                      0.000     0.629 r  u_clkgen/g_hw.u_ibufds/IBUFCTRL_INST/O
                         net (fo=1, routed)           0.345     0.974    u_clkgen/g_hw.clk_in_ibuf
    BUFGCE_X0Y41         BUFGCE (Prop_BUFCE_BUFGCE_I_O)
                                                      0.028     1.002 r  u_clkgen/g_hw.u_bufg_in/O
                         net (fo=485, routed)         1.902     2.904    u_clkgen/clk_in_100
    MMCM_X0Y1            MMCME4_ADV (Prop_MMCM_CLKIN1_CLKOUT0)
                                                     -0.106     2.798 r  u_clkgen/g_hw.u_mmcm/CLKOUT0
                         net (fo=1, routed)           0.256     3.054    u_clkgen/g_hw.clk_out0
    BUFGCE_X0Y31         BUFGCE (Prop_BUFCE_BUFGCE_I_O)
                                                      0.028     3.082 r  u_clkgen/g_hw.u_bufg_out/O
    X1Y1 (CLOCK_ROOT)    net (fo=49489, routed)       1.739     4.821    u_tcp_tx/dp_clk
    SLICE_X44Y92         FDCE                                         r  u_tcp_tx/FSM_sequential_rx_state_reg[1]/C
  -------------------------------------------------------------------    -------------------
    SLICE_X44Y92         FDCE (Prop_GFF_SLICEM_C_Q)
                                                      0.095     4.916 r  u_tcp_tx/FSM_sequential_rx_state_reg[1]/Q
                         net (fo=101, routed)         0.092     5.008    u_tcp_tx/u_ackq/ctrl_id_reg[3]_0[1]
    SLICE_X44Y92         LUT4 (Prop_F6LUT_SLICEM_I2_O)
                                                      0.113     5.121 r  u_tcp_tx/u_ackq/scan_id[3]_i_5/O
                         net (fo=3, routed)           0.126     5.247    u_tcp_tx/u_ackq/ack_pend_r_reg
    SLICE_X45Y92         LUT6 (Prop_B6LUT_SLICEL_I2_O)
                                                      0.177     5.424 r  u_tcp_tx/u_ackq/ctrl_seq[31]_i_16/O
                         net (fo=2, routed)           0.221     5.646    u_tcp_tx/u_ackq/ctrl_seq[31]_i_16_n_53
    SLICE_X45Y86         LUT6 (Prop_H6LUT_SLICEL_I4_O)
                                                      0.100     5.746 r  u_tcp_tx/u_ackq/ctrl_seq[31]_i_12/O
                         net (fo=10, routed)          0.199     5.945    u_tcp_tx/u_ackq/ctrl_seq[31]_i_12_n_53
    SLICE_X46Y82         LUT5 (Prop_H6LUT_SLICEL_I0_O)
                                                      0.040     5.985 r  u_tcp_tx/u_ackq/snd_una_prev[0][18]_i_9/O
                         net (fo=90, routed)          0.349     6.333    u_tcb/snd_una_prev_reg[0][18]_i_4_0
    SLICE_X47Y78         LUT6 (Prop_A6LUT_SLICEL_I2_O)
                                                      0.149     6.482 f  u_tcb/wa_o_r[0]_rep_i_40/O
                         net (fo=1, routed)           0.011     6.493    u_tcb/wa_o_r[0]_rep_i_40_n_53
    SLICE_X47Y78         MUXF7 (Prop_F7MUX_AB_SLICEL_I1_O)
                                                      0.076     6.569 f  u_tcb/wa_o_r_reg[0]_rep_i_19/O
                         net (fo=1, routed)           0.000     6.569    u_tcb/wa_o_r_reg[0]_rep_i_19_n_53
    SLICE_X47Y78         MUXF8 (Prop_F8MUX_BOT_SLICEL_I1_O)
                                                      0.027     6.596 f  u_tcb/wa_o_r_reg[0]_rep_i_8/O
                         net (fo=2, routed)           0.853     7.449    u_tcb/rb_state[3]
    SLICE_X64Y111        LUT6 (Prop_B6LUT_SLICEL_I3_O)
                                                      0.100     7.549 r  u_tcb/wa_o_r[0]_rep_i_4/O
                         net (fo=12, routed)          0.860     8.410    u_tcp_tx/u_fifo_b/trace_mem_reg[1529]
    SLICE_X41Y89         LUT6 (Prop_C6LUT_SLICEL_I0_O)
                                                      0.063     8.473 r  u_tcp_tx/u_fifo_b/o_win_at_winstall[31]_i_1/O
                         net (fo=65, routed)          0.292     8.765    u_tcp_tx/stat_winstall_ev
    SLICE_X41Y86         FDCE                                         r  u_tcp_tx/stat_winstall_reg[11]/CE
  -------------------------------------------------------------------    -------------------

                         (clock g_hw.clk_out0 rise edge)
                                                      6.400     6.400 r  
    T25                                               0.000     6.400 r  sys_clk_p (IN)
                         net (fo=0)                   0.079     6.479    u_clkgen/g_hw.u_ibufds/I
    HPIOBDIFFINBUF_X0Y37 DIFFINBUF (Prop_DIFFINBUF_HPIOBDIFFINBUF_DIFF_IN_P_O)
                                                      0.398     6.877 r  u_clkgen/g_hw.u_ibufds/DIFFINBUF_INST/O
                         net (fo=1, routed)           0.040     6.917    u_clkgen/g_hw.u_ibufds/OUT
    T25                  IBUFCTRL (Prop_IBUFCTRL_HPIOB_M_I_O)
                                                      0.000     6.917 r  u_clkgen/g_hw.u_ibufds/IBUFCTRL_INST/O
                         net (fo=1, routed)           0.304     7.221    u_clkgen/g_hw.clk_in_ibuf
    BUFGCE_X0Y41         BUFGCE (Prop_BUFCE_BUFGCE_I_O)
                                                      0.024     7.245 r  u_clkgen/g_hw.u_bufg_in/O
                         net (fo=485, routed)         1.709     8.954    u_clkgen/clk_in_100
    MMCM_X0Y1            MMCME4_ADV (Prop_MMCM_CLKIN1_CLKOUT0)
                                                      0.644     9.598 r  u_clkgen/g_hw.u_mmcm/CLKOUT0
                         net (fo=1, routed)           0.228     9.826    u_clkgen/g_hw.clk_out0
    BUFGCE_X0Y31         BUFGCE (Prop_BUFCE_BUFGCE_I_O)
                                                      0.024     9.850 r  u_clkgen/g_hw.u_bufg_out/O
    X1Y1 (CLOCK_ROOT)    net (fo=49489, routed)       1.495    11.345    u_tcp_tx/dp_clk
    SLICE_X41Y86         FDCE                                         r  u_tcp_tx/stat_winstall_reg[11]/C
                         clock pessimism             -0.259    11.086    
                         clock uncertainty           -0.062    11.024    
    SLICE_X41Y86         FDCE (Setup_DFF_SLICEL_C_CE)
                                                     -0.042    10.982    u_tcp_tx/stat_winstall_reg[11]
  -------------------------------------------------------------------
                         required time                         10.982    
                         arrival time                          -8.765    
  -------------------------------------------------------------------
                         slack                                  2.217    

Slack (MET) :             2.217ns  (required time - arrival time)
  Source:                 u_tcp_tx/FSM_sequential_rx_state_reg[1]/C
                            (rising edge-triggered cell FDCE clocked by g_hw.clk_out0  {rise@0.000ns fall@3.200ns period=6.400ns})
  Destination:            u_tcp_tx/stat_winstall_reg[8]/CE
                            (rising edge-triggered cell FDCE clocked by g_hw.clk_out0  {rise@0.000ns fall@3.200ns period=6.400ns})
  Path Group:             g_hw.clk_out0
  Path Type:              Setup (Max at Slow Process Corner)
  Requirement:            6.400ns  (g_hw.clk_out0 rise@6.400ns - g_hw.clk_out0 rise@0.000ns)
  Data Path Delay:        3.944ns  (logic 0.940ns (23.834%)  route 3.004ns (76.166%))
  Logic Levels:           9  (LUT4=1 LUT5=1 LUT6=5 MUXF7=1 MUXF8=1)
  Clock Path Skew:        -0.135ns (DCD - SCD + CPR)
    Destination Clock Delay (DCD):    4.945ns = ( 11.345 - 6.400 ) 
    Source Clock Delay      (SCD):    4.821ns
    Clock Pessimism Removal (CPR):    -0.259ns
  Clock Uncertainty:      0.062ns  ((TSJ^2 + DJ^2)^1/2) / 2 + PE
    Total System Jitter     (TSJ):    0.071ns
    Discrete Jitter          (DJ):    0.101ns
    Phase Error              (PE):    0.000ns
  Clock Net Delay (Source):      1.739ns (routing 0.616ns, distribution 1.123ns)
  Clock Net Delay (Destination): 1.495ns (routing 0.562ns, distribution 0.933ns)

    Location             Delay type                Incr(ns)  Path(ns)    Netlist Resource(s)
  -------------------------------------------------------------------    -------------------
                         (clock g_hw.clk_out0 rise edge)
                                                      0.000     0.000 r  
    T25                                               0.000     0.000 r  sys_clk_p (IN)
                         net (fo=0)                   0.100     0.100    u_clkgen/g_hw.u_ibufds/I
    HPIOBDIFFINBUF_X0Y37 DIFFINBUF (Prop_DIFFINBUF_HPIOBDIFFINBUF_DIFF_IN_P_O)
                                                      0.479     0.579 r  u_clkgen/g_hw.u_ibufds/DIFFINBUF_INST/O
                         net (fo=1, routed)           0.050     0.629    u_clkgen/g_hw.u_ibufds/OUT
    T25                  IBUFCTRL (Prop_IBUFCTRL_HPIOB_M_I_O)
                                                      0.000     0.629 r  u_clkgen/g_hw.u_ibufds/IBUFCTRL_INST/O
                         net (fo=1, routed)           0.345     0.974    u_clkgen/g_hw.clk_in_ibuf
    BUFGCE_X0Y41         BUFGCE (Prop_BUFCE_BUFGCE_I_O)
                                                      0.028     1.002 r  u_clkgen/g_hw.u_bufg_in/O
                         net (fo=485, routed)         1.902     2.904    u_clkgen/clk_in_100
    MMCM_X0Y1            MMCME4_ADV (Prop_MMCM_CLKIN1_CLKOUT0)
                                                     -0.106     2.798 r  u_clkgen/g_hw.u_mmcm/CLKOUT0
                         net (fo=1, routed)           0.256     3.054    u_clkgen/g_hw.clk_out0
    BUFGCE_X0Y31         BUFGCE (Prop_BUFCE_BUFGCE_I_O)
                                                      0.028     3.082 r  u_clkgen/g_hw.u_bufg_out/O
    X1Y1 (CLOCK_ROOT)    net (fo=49489, routed)       1.739     4.821    u_tcp_tx/dp_clk
    SLICE_X44Y92         FDCE                                         r  u_tcp_tx/FSM_sequential_rx_state_reg[1]/C
  -------------------------------------------------------------------    -------------------
    SLICE_X44Y92         FDCE (Prop_GFF_SLICEM_C_Q)
                                                      0.095     4.916 r  u_tcp_tx/FSM_sequential_rx_state_reg[1]/Q
                         net (fo=101, routed)         0.092     5.008    u_tcp_tx/u_ackq/ctrl_id_reg[3]_0[1]
    SLICE_X44Y92         LUT4 (Prop_F6LUT_SLICEM_I2_O)
                                                      0.113     5.121 r  u_tcp_tx/u_ackq/scan_id[3]_i_5/O
                         net (fo=3, routed)           0.126     5.247    u_tcp_tx/u_ackq/ack_pend_r_reg
    SLICE_X45Y92         LUT6 (Prop_B6LUT_SLICEL_I2_O)
                                                      0.177     5.424 r  u_tcp_tx/u_ackq/ctrl_seq[31]_i_16/O
                         net (fo=2, routed)           0.221     5.646    u_tcp_tx/u_ackq/ctrl_seq[31]_i_16_n_53
    SLICE_X45Y86         LUT6 (Prop_H6LUT_SLICEL_I4_O)
                                                      0.100     5.746 r  u_tcp_tx/u_ackq/ctrl_seq[31]_i_12/O
                         net (fo=10, routed)          0.199     5.945    u_tcp_tx/u_ackq/ctrl_seq[31]_i_12_n_53
    SLICE_X46Y82         LUT5 (Prop_H6LUT_SLICEL_I0_O)
                                                      0.040     5.985 r  u_tcp_tx/u_ackq/snd_una_prev[0][18]_i_9/O
                         net (fo=90, routed)          0.349     6.333    u_tcb/snd_una_prev_reg[0][18]_i_4_0
    SLICE_X47Y78         LUT6 (Prop_A6LUT_SLICEL_I2_O)
                                                      0.149     6.482 f  u_tcb/wa_o_r[0]_rep_i_40/O
                         net (fo=1, routed)           0.011     6.493    u_tcb/wa_o_r[0]_rep_i_40_n_53
    SLICE_X47Y78         MUXF7 (Prop_F7MUX_AB_SLICEL_I1_O)
                                                      0.076     6.569 f  u_tcb/wa_o_r_reg[0]_rep_i_19/O
                         net (fo=1, routed)           0.000     6.569    u_tcb/wa_o_r_reg[0]_rep_i_19_n_53
    SLICE_X47Y78         MUXF8 (Prop_F8MUX_BOT_SLICEL_I1_O)
                                                      0.027     6.596 f  u_tcb/wa_o_r_reg[0]_rep_i_8/O
                         net (fo=2, routed)           0.853     7.449    u_tcb/rb_state[3]
    SLICE_X64Y111        LUT6 (Prop_B6LUT_SLICEL_I3_O)
                                                      0.100     7.549 r  u_tcb/wa_o_r[0]_rep_i_4/O
                         net (fo=12, routed)          0.860     8.410    u_tcp_tx/u_fifo_b/trace_mem_reg[1529]
    SLICE_X41Y89         LUT6 (Prop_C6LUT_SLICEL_I0_O)
                                                      0.063     8.473 r  u_tcp_tx/u_fifo_b/o_win_at_winstall[31]_i_1/O
                         net (fo=65, routed)          0.292     8.765    u_tcp_tx/stat_winstall_ev
    SLICE_X41Y86         FDCE                                         r  u_tcp_tx/stat_winstall_reg[8]/CE
  -------------------------------------------------------------------    -------------------

                         (clock g_hw.clk_out0 rise edge)
                                                      6.400     6.400 r  
    T25                                               0.000     6.400 r  sys_clk_p (IN)
                         net (fo=0)                   0.079     6.479    u_clkgen/g_hw.u_ibufds/I
    HPIOBDIFFINBUF_X0Y37 DIFFINBUF (Prop_DIFFINBUF_HPIOBDIFFINBUF_DIFF_IN_P_O)
                                                      0.398     6.877 r  u_clkgen/g_hw.u_ibufds/DIFFINBUF_INST/O
                         net (fo=1, routed)           0.040     6.917    u_clkgen/g_hw.u_ibufds/OUT
    T25                  IBUFCTRL (Prop_IBUFCTRL_HPIOB_M_I_O)
                                                      0.000     6.917 r  u_clkgen/g_hw.u_ibufds/IBUFCTRL_INST/O
                         net (fo=1, routed)           0.304     7.221    u_clkgen/g_hw.clk_in_ibuf
    BUFGCE_X0Y41         BUFGCE (Prop_BUFCE_BUFGCE_I_O)
                                                      0.024     7.245 r  u_clkgen/g_hw.u_bufg_in/O
                         net (fo=485, routed)         1.709     8.954    u_clkgen/clk_in_100
    MMCM_X0Y1            MMCME4_ADV (Prop_MMCM_CLKIN1_CLKOUT0)
                                                      0.644     9.598 r  u_clkgen/g_hw.u_mmcm/CLKOUT0
                         net (fo=1, routed)           0.228     9.826    u_clkgen/g_hw.clk_out0
    BUFGCE_X0Y31         BUFGCE (Prop_BUFCE_BUFGCE_I_O)
                                                      0.024     9.850 r  u_clkgen/g_hw.u_bufg_out/O
    X1Y1 (CLOCK_ROOT)    net (fo=49489, routed)       1.495    11.345    u_tcp_tx/dp_clk
    SLICE_X41Y86         FDCE                                         r  u_tcp_tx/stat_winstall_reg[8]/C
                         clock pessimism             -0.259    11.086    
                         clock uncertainty           -0.062    11.024    
    SLICE_X41Y86         FDCE (Setup_AFF_SLICEL_C_CE)
                                                     -0.042    10.982    u_tcp_tx/stat_winstall_reg[8]
  -------------------------------------------------------------------
                         required time                         10.982    
                         arrival time                          -8.765    
  -------------------------------------------------------------------
                         slack                                  2.217    

Slack (MET) :             2.217ns  (required time - arrival time)
  Source:                 u_tcp_tx/FSM_sequential_rx_state_reg[1]/C
                            (rising edge-triggered cell FDCE clocked by g_hw.clk_out0  {rise@0.000ns fall@3.200ns period=6.400ns})
  Destination:            u_tcp_tx/stat_winstall_reg[9]/CE
                            (rising edge-triggered cell FDCE clocked by g_hw.clk_out0  {rise@0.000ns fall@3.200ns period=6.400ns})
  Path Group:             g_hw.clk_out0
  Path Type:              Setup (Max at Slow Process Corner)
  Requirement:            6.400ns  (g_hw.clk_out0 rise@6.400ns - g_hw.clk_out0 rise@0.000ns)
  Data Path Delay:        3.944ns  (logic 0.940ns (23.834%)  route 3.004ns (76.166%))
  Logic Levels:           9  (LUT4=1 LUT5=1 LUT6=5 MUXF7=1 MUXF8=1)
  Clock Path Skew:        -0.135ns (DCD - SCD + CPR)
    Destination Clock Delay (DCD):    4.945ns = ( 11.345 - 6.400 ) 
    Source Clock Delay      (SCD):    4.821ns
    Clock Pessimism Removal (CPR):    -0.259ns
  Clock Uncertainty:      0.062ns  ((TSJ^2 + DJ^2)^1/2) / 2 + PE
    Total System Jitter     (TSJ):    0.071ns
    Discrete Jitter          (DJ):    0.101ns
    Phase Error              (PE):    0.000ns
  Clock Net Delay (Source):      1.739ns (routing 0.616ns, distribution 1.123ns)
  Clock Net Delay (Destination): 1.495ns (routing 0.562ns, distribution 0.933ns)

    Location             Delay type                Incr(ns)  Path(ns)    Netlist Resource(s)
  -------------------------------------------------------------------    -------------------
                         (clock g_hw.clk_out0 rise edge)
                                                      0.000     0.000 r  
    T25                                               0.000     0.000 r  sys_clk_p (IN)
                         net (fo=0)                   0.100     0.100    u_clkgen/g_hw.u_ibufds/I
    HPIOBDIFFINBUF_X0Y37 DIFFINBUF (Prop_DIFFINBUF_HPIOBDIFFINBUF_DIFF_IN_P_O)
                                                      0.479     0.579 r  u_clkgen/g_hw.u_ibufds/DIFFINBUF_INST/O
                         net (fo=1, routed)           0.050     0.629    u_clkgen/g_hw.u_ibufds/OUT
    T25                  IBUFCTRL (Prop_IBUFCTRL_HPIOB_M_I_O)
                                                      0.000     0.629 r  u_clkgen/g_hw.u_ibufds/IBUFCTRL_INST/O
                         net (fo=1, routed)           0.345     0.974    u_clkgen/g_hw.clk_in_ibuf
    BUFGCE_X0Y41         BUFGCE (Prop_BUFCE_BUFGCE_I_O)
                                                      0.028     1.002 r  u_clkgen/g_hw.u_bufg_in/O
                         net (fo=485, routed)         1.902     2.904    u_clkgen/clk_in_100
    MMCM_X0Y1            MMCME4_ADV (Prop_MMCM_CLKIN1_CLKOUT0)
                                                     -0.106     2.798 r  u_clkgen/g_hw.u_mmcm/CLKOUT0
                         net (fo=1, routed)           0.256     3.054    u_clkgen/g_hw.clk_out0
    BUFGCE_X0Y31         BUFGCE (Prop_BUFCE_BUFGCE_I_O)
                                                      0.028     3.082 r  u_clkgen/g_hw.u_bufg_out/O
    X1Y1 (CLOCK_ROOT)    net (fo=49489, routed)       1.739     4.821    u_tcp_tx/dp_clk
    SLICE_X44Y92         FDCE                                         r  u_tcp_tx/FSM_sequential_rx_state_reg[1]/C
  -------------------------------------------------------------------    -------------------
    SLICE_X44Y92         FDCE (Prop_GFF_SLICEM_C_Q)
                                                      0.095     4.916 r  u_tcp_tx/FSM_sequential_rx_state_reg[1]/Q
                         net (fo=101, routed)         0.092     5.008    u_tcp_tx/u_ackq/ctrl_id_reg[3]_0[1]
    SLICE_X44Y92         LUT4 (Prop_F6LUT_SLICEM_I2_O)
                                                      0.113     5.121 r  u_tcp_tx/u_ackq/scan_id[3]_i_5/O
                         net (fo=3, routed)           0.126     5.247    u_tcp_tx/u_ackq/ack_pend_r_reg
    SLICE_X45Y92         LUT6 (Prop_B6LUT_SLICEL_I2_O)
                                                      0.177     5.424 r  u_tcp_tx/u_ackq/ctrl_seq[31]_i_16/O
                         net (fo=2, routed)           0.221     5.646    u_tcp_tx/u_ackq/ctrl_seq[31]_i_16_n_53
    SLICE_X45Y86         LUT6 (Prop_H6LUT_SLICEL_I4_O)
                                                      0.100     5.746 r  u_tcp_tx/u_ackq/ctrl_seq[31]_i_12/O
                         net (fo=10, routed)          0.199     5.945    u_tcp_tx/u_ackq/ctrl_seq[31]_i_12_n_53
    SLICE_X46Y82         LUT5 (Prop_H6LUT_SLICEL_I0_O)
                                                      0.040     5.985 r  u_tcp_tx/u_ackq/snd_una_prev[0][18]_i_9/O
                         net (fo=90, routed)          0.349     6.333    u_tcb/snd_una_prev_reg[0][18]_i_4_0
    SLICE_X47Y78         LUT6 (Prop_A6LUT_SLICEL_I2_O)
                                                      0.149     6.482 f  u_tcb/wa_o_r[0]_rep_i_40/O
                         net (fo=1, routed)           0.011     6.493    u_tcb/wa_o_r[0]_rep_i_40_n_53
    SLICE_X47Y78         MUXF7 (Prop_F7MUX_AB_SLICEL_I1_O)
                                                      0.076     6.569 f  u_tcb/wa_o_r_reg[0]_rep_i_19/O
                         net (fo=1, routed)           0.000     6.569    u_tcb/wa_o_r_reg[0]_rep_i_19_n_53
    SLICE_X47Y78         MUXF8 (Prop_F8MUX_BOT_SLICEL_I1_O)
                                                      0.027     6.596 f  u_tcb/wa_o_r_reg[0]_rep_i_8/O
                         net (fo=2, routed)           0.853     7.449    u_tcb/rb_state[3]
    SLICE_X64Y111        LUT6 (Prop_B6LUT_SLICEL_I3_O)
                                                      0.100     7.549 r  u_tcb/wa_o_r[0]_rep_i_4/O
                         net (fo=12, routed)          0.860     8.410    u_tcp_tx/u_fifo_b/trace_mem_reg[1529]
    SLICE_X41Y89         LUT6 (Prop_C6LUT_SLICEL_I0_O)
                                                      0.063     8.473 r  u_tcp_tx/u_fifo_b/o_win_at_winstall[31]_i_1/O
                         net (fo=65, routed)          0.292     8.765    u_tcp_tx/stat_winstall_ev
    SLICE_X41Y86         FDCE                                         r  u_tcp_tx/stat_winstall_reg[9]/CE
  -------------------------------------------------------------------    -------------------

                         (clock g_hw.clk_out0 rise edge)
                                                      6.400     6.400 r  
    T25                                               0.000     6.400 r  sys_clk_p (IN)
                         net (fo=0)                   0.079     6.479    u_clkgen/g_hw.u_ibufds/I
    HPIOBDIFFINBUF_X0Y37 DIFFINBUF (Prop_DIFFINBUF_HPIOBDIFFINBUF_DIFF_IN_P_O)
                                                      0.398     6.877 r  u_clkgen/g_hw.u_ibufds/DIFFINBUF_INST/O
                         net (fo=1, routed)           0.040     6.917    u_clkgen/g_hw.u_ibufds/OUT
    T25                  IBUFCTRL (Prop_IBUFCTRL_HPIOB_M_I_O)
                                                      0.000     6.917 r  u_clkgen/g_hw.u_ibufds/IBUFCTRL_INST/O
                         net (fo=1, routed)           0.304     7.221    u_clkgen/g_hw.clk_in_ibuf
    BUFGCE_X0Y41         BUFGCE (Prop_BUFCE_BUFGCE_I_O)
                                                      0.024     7.245 r  u_clkgen/g_hw.u_bufg_in/O
                         net (fo=485, routed)         1.709     8.954    u_clkgen/clk_in_100
    MMCM_X0Y1            MMCME4_ADV (Prop_MMCM_CLKIN1_CLKOUT0)
                                                      0.644     9.598 r  u_clkgen/g_hw.u_mmcm/CLKOUT0
                         net (fo=1, routed)           0.228     9.826    u_clkgen/g_hw.clk_out0
    BUFGCE_X0Y31         BUFGCE (Prop_BUFCE_BUFGCE_I_O)
                                                      0.024     9.850 r  u_clkgen/g_hw.u_bufg_out/O
    X1Y1 (CLOCK_ROOT)    net (fo=49489, routed)       1.495    11.345    u_tcp_tx/dp_clk
    SLICE_X41Y86         FDCE                                         r  u_tcp_tx/stat_winstall_reg[9]/C
                         clock pessimism             -0.259    11.086    
                         clock uncertainty           -0.062    11.024    
    SLICE_X41Y86         FDCE (Setup_BFF_SLICEL_C_CE)
                                                     -0.042    10.982    u_tcp_tx/stat_winstall_reg[9]
  -------------------------------------------------------------------
                         required time                         10.982    
                         arrival time                          -8.765    
  -------------------------------------------------------------------
                         slack                                  2.217    

Slack (MET) :             2.222ns  (required time - arrival time)
  Source:                 u_tcp_tx/FSM_sequential_rx_state_reg[1]/C
                            (rising edge-triggered cell FDCE clocked by g_hw.clk_out0  {rise@0.000ns fall@3.200ns period=6.400ns})
  Destination:            u_tcp_tx/stat_winstall_reg[4]/CE
                            (rising edge-triggered cell FDCE clocked by g_hw.clk_out0  {rise@0.000ns fall@3.200ns period=6.400ns})
  Path Group:             g_hw.clk_out0
  Path Type:              Setup (Max at Slow Process Corner)
  Requirement:            6.400ns  (g_hw.clk_out0 rise@6.400ns - g_hw.clk_out0 rise@0.000ns)
  Data Path Delay:        3.944ns  (logic 0.940ns (23.833%)  route 3.004ns (76.167%))
  Logic Levels:           9  (LUT4=1 LUT5=1 LUT6=5 MUXF7=1 MUXF8=1)
  Clock Path Skew:        -0.129ns (DCD - SCD + CPR)
    Destination Clock Delay (DCD):    4.951ns = ( 11.351 - 6.400 ) 
    Source Clock Delay      (SCD):    4.821ns
    Clock Pessimism Removal (CPR):    -0.259ns
  Clock Uncertainty:      0.062ns  ((TSJ^2 + DJ^2)^1/2) / 2 + PE
    Total System Jitter     (TSJ):    0.071ns
    Discrete Jitter          (DJ):    0.101ns
    Phase Error              (PE):    0.000ns
  Clock Net Delay (Source):      1.739ns (routing 0.616ns, distribution 1.123ns)
  Clock Net Delay (Destination): 1.501ns (routing 0.562ns, distribution 0.939ns)

    Location             Delay type                Incr(ns)  Path(ns)    Netlist Resource(s)
  -------------------------------------------------------------------    -------------------
                         (clock g_hw.clk_out0 rise edge)
                                                      0.000     0.000 r  
    T25                                               0.000     0.000 r  sys_clk_p (IN)
                         net (fo=0)                   0.100     0.100    u_clkgen/g_hw.u_ibufds/I
    HPIOBDIFFINBUF_X0Y37 DIFFINBUF (Prop_DIFFINBUF_HPIOBDIFFINBUF_DIFF_IN_P_O)
                                                      0.479     0.579 r  u_clkgen/g_hw.u_ibufds/DIFFINBUF_INST/O
                         net (fo=1, routed)           0.050     0.629    u_clkgen/g_hw.u_ibufds/OUT
    T25                  IBUFCTRL (Prop_IBUFCTRL_HPIOB_M_I_O)
                                                      0.000     0.629 r  u_clkgen/g_hw.u_ibufds/IBUFCTRL_INST/O
                         net (fo=1, routed)           0.345     0.974    u_clkgen/g_hw.clk_in_ibuf
    BUFGCE_X0Y41         BUFGCE (Prop_BUFCE_BUFGCE_I_O)
                                                      0.028     1.002 r  u_clkgen/g_hw.u_bufg_in/O
                         net (fo=485, routed)         1.902     2.904    u_clkgen/clk_in_100
    MMCM_X0Y1            MMCME4_ADV (Prop_MMCM_CLKIN1_CLKOUT0)
                                                     -0.106     2.798 r  u_clkgen/g_hw.u_mmcm/CLKOUT0
                         net (fo=1, routed)           0.256     3.054    u_clkgen/g_hw.clk_out0
    BUFGCE_X0Y31         BUFGCE (Prop_BUFCE_BUFGCE_I_O)
                                                      0.028     3.082 r  u_clkgen/g_hw.u_bufg_out/O
    X1Y1 (CLOCK_ROOT)    net (fo=49489, routed)       1.739     4.821    u_tcp_tx/dp_clk
    SLICE_X44Y92         FDCE                                         r  u_tcp_tx/FSM_sequential_rx_state_reg[1]/C
  -------------------------------------------------------------------    -------------------
    SLICE_X44Y92         FDCE (Prop_GFF_SLICEM_C_Q)
                                                      0.095     4.916 r  u_tcp_tx/FSM_sequential_rx_state_reg[1]/Q
                         net (fo=101, routed)         0.092     5.008    u_tcp_tx/u_ackq/ctrl_id_reg[3]_0[1]
    SLICE_X44Y92         LUT4 (Prop_F6LUT_SLICEM_I2_O)
                                                      0.113     5.121 r  u_tcp_tx/u_ackq/scan_id[3]_i_5/O
                         net (fo=3, routed)           0.126     5.247    u_tcp_tx/u_ackq/ack_pend_r_reg
    SLICE_X45Y92         LUT6 (Prop_B6LUT_SLICEL_I2_O)
                                                      0.177     5.424 r  u_tcp_tx/u_ackq/ctrl_seq[31]_i_16/O
                         net (fo=2, routed)           0.221     5.646    u_tcp_tx/u_ackq/ctrl_seq[31]_i_16_n_53
    SLICE_X45Y86         LUT6 (Prop_H6LUT_SLICEL_I4_O)
                                                      0.100     5.746 r  u_tcp_tx/u_ackq/ctrl_seq[31]_i_12/O
                         net (fo=10, routed)          0.199     5.945    u_tcp_tx/u_ackq/ctrl_seq[31]_i_12_n_53
    SLICE_X46Y82         LUT5 (Prop_H6LUT_SLICEL_I0_O)
                                                      0.040     5.985 r  u_tcp_tx/u_ackq/snd_una_prev[0][18]_i_9/O
                         net (fo=90, routed)          0.349     6.333    u_tcb/snd_una_prev_reg[0][18]_i_4_0
    SLICE_X47Y78         LUT6 (Prop_A6LUT_SLICEL_I2_O)
                                                      0.149     6.482 f  u_tcb/wa_o_r[0]_rep_i_40/O
                         net (fo=1, routed)           0.011     6.493    u_tcb/wa_o_r[0]_rep_i_40_n_53
    SLICE_X47Y78         MUXF7 (Prop_F7MUX_AB_SLICEL_I1_O)
                                                      0.076     6.569 f  u_tcb/wa_o_r_reg[0]_rep_i_19/O
                         net (fo=1, routed)           0.000     6.569    u_tcb/wa_o_r_reg[0]_rep_i_19_n_53
    SLICE_X47Y78         MUXF8 (Prop_F8MUX_BOT_SLICEL_I1_O)
                                                      0.027     6.596 f  u_tcb/wa_o_r_reg[0]_rep_i_8/O
                         net (fo=2, routed)           0.853     7.449    u_tcb/rb_state[3]
    SLICE_X64Y111        LUT6 (Prop_B6LUT_SLICEL_I3_O)
                                                      0.100     7.549 r  u_tcb/wa_o_r[0]_rep_i_4/O
                         net (fo=12, routed)          0.860     8.410    u_tcp_tx/u_fifo_b/trace_mem_reg[1529]
    SLICE_X41Y89         LUT6 (Prop_C6LUT_SLICEL_I0_O)
                                                      0.063     8.473 r  u_tcp_tx/u_fifo_b/o_win_at_winstall[31]_i_1/O
                         net (fo=65, routed)          0.292     8.765    u_tcp_tx/stat_winstall_ev
    SLICE_X41Y85         FDCE                                         r  u_tcp_tx/stat_winstall_reg[4]/CE
  -------------------------------------------------------------------    -------------------

                         (clock g_hw.clk_out0 rise edge)
                                                      6.400     6.400 r  
    T25                                               0.000     6.400 r  sys_clk_p (IN)
                         net (fo=0)                   0.079     6.479    u_clkgen/g_hw.u_ibufds/I
    HPIOBDIFFINBUF_X0Y37 DIFFINBUF (Prop_DIFFINBUF_HPIOBDIFFINBUF_DIFF_IN_P_O)
                                                      0.398     6.877 r  u_clkgen/g_hw.u_ibufds/DIFFINBUF_INST/O
                         net (fo=1, routed)           0.040     6.917    u_clkgen/g_hw.u_ibufds/OUT
    T25                  IBUFCTRL (Prop_IBUFCTRL_HPIOB_M_I_O)
                                                      0.000     6.917 r  u_clkgen/g_hw.u_ibufds/IBUFCTRL_INST/O
                         net (fo=1, routed)           0.304     7.221    u_clkgen/g_hw.clk_in_ibuf
    BUFGCE_X0Y41         BUFGCE (Prop_BUFCE_BUFGCE_I_O)
                                                      0.024     7.245 r  u_clkgen/g_hw.u_bufg_in/O
                         net (fo=485, routed)         1.709     8.954    u_clkgen/clk_in_100
    MMCM_X0Y1            MMCME4_ADV (Prop_MMCM_CLKIN1_CLKOUT0)
                                                      0.644     9.598 r  u_clkgen/g_hw.u_mmcm/CLKOUT0
                         net (fo=1, routed)           0.228     9.826    u_clkgen/g_hw.clk_out0
    BUFGCE_X0Y31         BUFGCE (Prop_BUFCE_BUFGCE_I_O)
                                                      0.024     9.850 r  u_clkgen/g_hw.u_bufg_out/O
    X1Y1 (CLOCK_ROOT)    net (fo=49489, routed)       1.501    11.351    u_tcp_tx/dp_clk
    SLICE_X41Y85         FDCE                                         r  u_tcp_tx/stat_winstall_reg[4]/C
                         clock pessimism             -0.259    11.091    
                         clock uncertainty           -0.062    11.030    
    SLICE_X41Y85         FDCE (Setup_EFF_SLICEL_C_CE)
                                                     -0.043    10.987    u_tcp_tx/stat_winstall_reg[4]
  -------------------------------------------------------------------
                         required time                         10.987    
                         arrival time                          -8.765    
  -------------------------------------------------------------------
                         slack                                  2.222    

Slack (MET) :             2.222ns  (required time - arrival time)
  Source:                 u_tcp_tx/FSM_sequential_rx_state_reg[1]/C
                            (rising edge-triggered cell FDCE clocked by g_hw.clk_out0  {rise@0.000ns fall@3.200ns period=6.400ns})
  Destination:            u_tcp_tx/stat_winstall_reg[5]/CE
                            (rising edge-triggered cell FDCE clocked by g_hw.clk_out0  {rise@0.000ns fall@3.200ns period=6.400ns})
  Path Group:             g_hw.clk_out0
  Path Type:              Setup (Max at Slow Process Corner)
  Requirement:            6.400ns  (g_hw.clk_out0 rise@6.400ns - g_hw.clk_out0 rise@0.000ns)
  Data Path Delay:        3.944ns  (logic 0.940ns (23.833%)  route 3.004ns (76.167%))
  Logic Levels:           9  (LUT4=1 LUT5=1 LUT6=5 MUXF7=1 MUXF8=1)
  Clock Path Skew:        -0.129ns (DCD - SCD + CPR)
    Destination Clock Delay (DCD):    4.951ns = ( 11.351 - 6.400 ) 
    Source Clock Delay      (SCD):    4.821ns
    Clock Pessimism Removal (CPR):    -0.259ns
  Clock Uncertainty:      0.062ns  ((TSJ^2 + DJ^2)^1/2) / 2 + PE
    Total System Jitter     (TSJ):    0.071ns
    Discrete Jitter          (DJ):    0.101ns
    Phase Error              (PE):    0.000ns
  Clock Net Delay (Source):      1.739ns (routing 0.616ns, distribution 1.123ns)
  Clock Net Delay (Destination): 1.501ns (routing 0.562ns, distribution 0.939ns)

    Location             Delay type                Incr(ns)  Path(ns)    Netlist Resource(s)
  -------------------------------------------------------------------    -------------------
                         (clock g_hw.clk_out0 rise edge)
                                                      0.000     0.000 r  
    T25                                               0.000     0.000 r  sys_clk_p (IN)
                         net (fo=0)                   0.100     0.100    u_clkgen/g_hw.u_ibufds/I
    HPIOBDIFFINBUF_X0Y37 DIFFINBUF (Prop_DIFFINBUF_HPIOBDIFFINBUF_DIFF_IN_P_O)
                                                      0.479     0.579 r  u_clkgen/g_hw.u_ibufds/DIFFINBUF_INST/O
                         net (fo=1, routed)           0.050     0.629    u_clkgen/g_hw.u_ibufds/OUT
    T25                  IBUFCTRL (Prop_IBUFCTRL_HPIOB_M_I_O)
                                                      0.000     0.629 r  u_clkgen/g_hw.u_ibufds/IBUFCTRL_INST/O
                         net (fo=1, routed)           0.345     0.974    u_clkgen/g_hw.clk_in_ibuf
    BUFGCE_X0Y41         BUFGCE (Prop_BUFCE_BUFGCE_I_O)
                                                      0.028     1.002 r  u_clkgen/g_hw.u_bufg_in/O
                         net (fo=485, routed)         1.902     2.904    u_clkgen/clk_in_100
    MMCM_X0Y1            MMCME4_ADV (Prop_MMCM_CLKIN1_CLKOUT0)
                                                     -0.106     2.798 r  u_clkgen/g_hw.u_mmcm/CLKOUT0
                         net (fo=1, routed)           0.256     3.054    u_clkgen/g_hw.clk_out0
    BUFGCE_X0Y31         BUFGCE (Prop_BUFCE_BUFGCE_I_O)
                                                      0.028     3.082 r  u_clkgen/g_hw.u_bufg_out/O
    X1Y1 (CLOCK_ROOT)    net (fo=49489, routed)       1.739     4.821    u_tcp_tx/dp_clk
    SLICE_X44Y92         FDCE                                         r  u_tcp_tx/FSM_sequential_rx_state_reg[1]/C
  -------------------------------------------------------------------    -------------------
    SLICE_X44Y92         FDCE (Prop_GFF_SLICEM_C_Q)
                                                      0.095     4.916 r  u_tcp_tx/FSM_sequential_rx_state_reg[1]/Q
                         net (fo=101, routed)         0.092     5.008    u_tcp_tx/u_ackq/ctrl_id_reg[3]_0[1]
    SLICE_X44Y92         LUT4 (Prop_F6LUT_SLICEM_I2_O)
                                                      0.113     5.121 r  u_tcp_tx/u_ackq/scan_id[3]_i_5/O
                         net (fo=3, routed)           0.126     5.247    u_tcp_tx/u_ackq/ack_pend_r_reg
    SLICE_X45Y92         LUT6 (Prop_B6LUT_SLICEL_I2_O)
                                                      0.177     5.424 r  u_tcp_tx/u_ackq/ctrl_seq[31]_i_16/O
                         net (fo=2, routed)           0.221     5.646    u_tcp_tx/u_ackq/ctrl_seq[31]_i_16_n_53
    SLICE_X45Y86         LUT6 (Prop_H6LUT_SLICEL_I4_O)
                                                      0.100     5.746 r  u_tcp_tx/u_ackq/ctrl_seq[31]_i_12/O
                         net (fo=10, routed)          0.199     5.945    u_tcp_tx/u_ackq/ctrl_seq[31]_i_12_n_53
    SLICE_X46Y82         LUT5 (Prop_H6LUT_SLICEL_I0_O)
                                                      0.040     5.985 r  u_tcp_tx/u_ackq/snd_una_prev[0][18]_i_9/O
                         net (fo=90, routed)          0.349     6.333    u_tcb/snd_una_prev_reg[0][18]_i_4_0
    SLICE_X47Y78         LUT6 (Prop_A6LUT_SLICEL_I2_O)
                                                      0.149     6.482 f  u_tcb/wa_o_r[0]_rep_i_40/O
                         net (fo=1, routed)           0.011     6.493    u_tcb/wa_o_r[0]_rep_i_40_n_53
    SLICE_X47Y78         MUXF7 (Prop_F7MUX_AB_SLICEL_I1_O)
                                                      0.076     6.569 f  u_tcb/wa_o_r_reg[0]_rep_i_19/O
                         net (fo=1, routed)           0.000     6.569    u_tcb/wa_o_r_reg[0]_rep_i_19_n_53
    SLICE_X47Y78         MUXF8 (Prop_F8MUX_BOT_SLICEL_I1_O)
                                                      0.027     6.596 f  u_tcb/wa_o_r_reg[0]_rep_i_8/O
                         net (fo=2, routed)           0.853     7.449    u_tcb/rb_state[3]
    SLICE_X64Y111        LUT6 (Prop_B6LUT_SLICEL_I3_O)
                                                      0.100     7.549 r  u_tcb/wa_o_r[0]_rep_i_4/O
                         net (fo=12, routed)          0.860     8.410    u_tcp_tx/u_fifo_b/trace_mem_reg[1529]
    SLICE_X41Y89         LUT6 (Prop_C6LUT_SLICEL_I0_O)
                                                      0.063     8.473 r  u_tcp_tx/u_fifo_b/o_win_at_winstall[31]_i_1/O
                         net (fo=65, routed)          0.292     8.765    u_tcp_tx/stat_winstall_ev
    SLICE_X41Y85         FDCE                                         r  u_tcp_tx/stat_winstall_reg[5]/CE
  -------------------------------------------------------------------    -------------------

                         (clock g_hw.clk_out0 rise edge)
                                                      6.400     6.400 r  
    T25                                               0.000     6.400 r  sys_clk_p (IN)
                         net (fo=0)                   0.079     6.479    u_clkgen/g_hw.u_ibufds/I
    HPIOBDIFFINBUF_X0Y37 DIFFINBUF (Prop_DIFFINBUF_HPIOBDIFFINBUF_DIFF_IN_P_O)
                                                      0.398     6.877 r  u_clkgen/g_hw.u_ibufds/DIFFINBUF_INST/O
                         net (fo=1, routed)           0.040     6.917    u_clkgen/g_hw.u_ibufds/OUT
    T25                  IBUFCTRL (Prop_IBUFCTRL_HPIOB_M_I_O)
                                                      0.000     6.917 r  u_clkgen/g_hw.u_ibufds/IBUFCTRL_INST/O
                         net (fo=1, routed)           0.304     7.221    u_clkgen/g_hw.clk_in_ibuf
    BUFGCE_X0Y41         BUFGCE (Prop_BUFCE_BUFGCE_I_O)
                                                      0.024     7.245 r  u_clkgen/g_hw.u_bufg_in/O
                         net (fo=485, routed)         1.709     8.954    u_clkgen/clk_in_100
    MMCM_X0Y1            MMCME4_ADV (Prop_MMCM_CLKIN1_CLKOUT0)
                                                      0.644     9.598 r  u_clkgen/g_hw.u_mmcm/CLKOUT0
                         net (fo=1, routed)           0.228     9.826    u_clkgen/g_hw.clk_out0
    BUFGCE_X0Y31         BUFGCE (Prop_BUFCE_BUFGCE_I_O)
                                                      0.024     9.850 r  u_clkgen/g_hw.u_bufg_out/O
    X1Y1 (CLOCK_ROOT)    net (fo=49489, routed)       1.501    11.351    u_tcp_tx/dp_clk
    SLICE_X41Y85         FDCE                                         r  u_tcp_tx/stat_winstall_reg[5]/C
                         clock pessimism             -0.259    11.091    
                         clock uncertainty           -0.062    11.030    
    SLICE_X41Y85         FDCE (Setup_FFF_SLICEL_C_CE)
                                                     -0.043    10.987    u_tcp_tx/stat_winstall_reg[5]
  -------------------------------------------------------------------
                         required time                         10.987    
                         arrival time                          -8.765    
  -------------------------------------------------------------------
                         slack                                  2.222    




