Copyright 1986-2022 Xilinx, Inc. All Rights Reserved. Copyright 2022-2025 Advanced Micro Devices, Inc. All Rights Reserved.
------------------------------------------------------------------------------------------------------------------------------------------------------------------------------------------------------------------------------------------------------------------------------------
| Tool Version      : Vivado v.2025.2 (win64) Build 6299465 Fri Nov 14 19:35:11 GMT 2025
| Date              : Sat Oct 10 10:13:29 2026
| Host              : xyz-intel running 64-bit major release  (build 9200)
| Command           : report_timing -to [get_pins -quiet -of [get_cells -hier -quiet -filter {NAME =~ *stat_ack_adv_reg*}] -filter {REF_PIN_NAME =~ CE}] -max_paths 10 -delay_type max -file {D:\repo\XCKU5PMini\udp_hls_10g\_proj_10g\notes\p7b_buildF_build\query_F/F_w68_CE.rpt}
| Design            : wrapper_p4
| Device            : xcku5p-ffvb676
| Speed File        : -1  PRODUCTION 1.29 05-01-2022
| Design State      : Routed
| Temperature Grade : E
------------------------------------------------------------------------------------------------------------------------------------------------------------------------------------------------------------------------------------------------------------------------------------

Timing Report

Slack (MET) :             1.222ns  (required time - arrival time)
  Source:                 u_tcp_echo/u_fifo/wptr_reg[10]/C
                            (rising edge-triggered cell FDCE clocked by g_hw.clk_out0  {rise@0.000ns fall@3.200ns period=6.400ns})
  Destination:            u_tcp_rx/stat_ack_adv_reg[12]/CE
                            (rising edge-triggered cell FDCE clocked by g_hw.clk_out0  {rise@0.000ns fall@3.200ns period=6.400ns})
  Path Group:             g_hw.clk_out0
  Path Type:              Setup (Max at Slow Process Corner)
  Requirement:            6.400ns  (g_hw.clk_out0 rise@6.400ns - g_hw.clk_out0 rise@0.000ns)
  Data Path Delay:        4.819ns  (logic 0.718ns (14.900%)  route 4.101ns (85.100%))
  Logic Levels:           6  (LUT4=1 LUT5=1 LUT6=4)
  Clock Path Skew:        -0.253ns (DCD - SCD + CPR)
    Destination Clock Delay (DCD):    5.068ns = ( 11.468 - 6.400 ) 
    Source Clock Delay      (SCD):    5.012ns
    Clock Pessimism Removal (CPR):    -0.309ns
  Clock Uncertainty:      0.062ns  ((TSJ^2 + DJ^2)^1/2) / 2 + PE
    Total System Jitter     (TSJ):    0.071ns
    Discrete Jitter          (DJ):    0.101ns
    Phase Error              (PE):    0.000ns
  Clock Net Delay (Source):      1.930ns (routing 0.616ns, distribution 1.314ns)
  Clock Net Delay (Destination): 1.618ns (routing 0.562ns, distribution 1.056ns)

    Location             Delay type                Incr(ns)  Path(ns)    Netlist Resource(s)
  -------------------------------------------------------------------    -------------------
                         (clock g_hw.clk_out0 rise edge)
                                                      0.000     0.000 r  
    T25                                               0.000     0.000 r  sys_clk_p (IN)
                         net (fo=0)                   0.100     0.100    u_clkgen/g_hw.u_ibufds/I
    HPIOBDIFFINBUF_X0Y37 DIFFINBUF (Prop_DIFFINBUF_HPIOBDIFFINBUF_DIFF_IN_P_O)
                                                      0.479     0.579 r  u_clkgen/g_hw.u_ibufds/DIFFINBUF_INST/O
                         net (fo=1, routed)           0.050     0.629    u_clkgen/g_hw.u_ibufds/OUT
    T25                  IBUFCTRL (Prop_IBUFCTRL_HPIOB_M_I_O)
                                                      0.000     0.629 r  u_clkgen/g_hw.u_ibufds/IBUFCTRL_INST/O
                         net (fo=1, routed)           0.345     0.974    u_clkgen/g_hw.clk_in_ibuf
    BUFGCE_X0Y41         BUFGCE (Prop_BUFCE_BUFGCE_I_O)
                                                      0.028     1.002 r  u_clkgen/g_hw.u_bufg_in/O
                         net (fo=485, routed)         1.902     2.904    u_clkgen/clk_in_100
    MMCM_X0Y1            MMCME4_ADV (Prop_MMCM_CLKIN1_CLKOUT0)
                                                     -0.106     2.798 r  u_clkgen/g_hw.u_mmcm/CLKOUT0
                         net (fo=1, routed)           0.256     3.054    u_clkgen/g_hw.clk_out0
    BUFGCE_X0Y31         BUFGCE (Prop_BUFCE_BUFGCE_I_O)
                                                      0.028     3.082 r  u_clkgen/g_hw.u_bufg_out/O
    X1Y1 (CLOCK_ROOT)    net (fo=49489, routed)       1.930     5.012    u_tcp_echo/u_fifo/dp_clk
    SLICE_X87Y105        FDCE                                         r  u_tcp_echo/u_fifo/wptr_reg[10]/C
  -------------------------------------------------------------------    -------------------
    SLICE_X87Y105        FDCE (Prop_HFF_SLICEL_C_Q)
                                                      0.096     5.108 r  u_tcp_echo/u_fifo/wptr_reg[10]/Q
                         net (fo=122, routed)         0.291     5.399    u_tcp_echo/u_fifo/Q[9]
    SLICE_X85Y104        LUT6 (Prop_B6LUT_SLICEL_I5_O)
                                                      0.100     5.499 f  u_tcp_echo/u_fifo/fel_l_i_4/O
                         net (fo=2, routed)           0.233     5.732    u_tcp_echo/u_fifo/fel_l_i_4_n_53
    SLICE_X84Y105        LUT6 (Prop_G6LUT_SLICEL_I2_O)
                                                      0.114     5.846 f  u_tcp_echo/u_fifo/ffl_l_i_1/O
                         net (fo=14, routed)          0.513     6.359    u_tcp_rx/eco_dbg_fifo_full
    SLICE_X77Y105        LUT6 (Prop_H6LUT_SLICEL_I0_O)
                                                      0.064     6.423 r  u_tcp_rx/acc_l_i_2/O
                         net (fo=58, routed)          0.438     6.861    u_tcp_rx/rx_dbg_accept
    SLICE_X75Y88         LUT6 (Prop_F6LUT_SLICEM_I1_O)
                                                      0.098     6.959 r  u_tcp_rx/FSM_onehot_drn[1]_i_3/O
                         net (fo=3, routed)           0.660     7.619    u_tcp_rx/FSM_onehot_drn[1]_i_3_n_53
    SLICE_X67Y69         LUT5 (Prop_F6LUT_SLICEM_I1_O)
                                                      0.148     7.767 r  u_tcp_rx/FSM_onehot_drn[1]_i_1/O
                         net (fo=31, routed)          1.021     8.789    u_tcp_rx/pay_fend
    SLICE_X33Y56         LUT4 (Prop_F6LUT_SLICEL_I2_O)
                                                      0.098     8.887 r  u_tcp_rx/stat_ack_adv[0]_i_1/O
                         net (fo=73, routed)          0.944     9.830    u_tcp_rx/ack_adv_ev
    SLICE_X21Y22         FDCE                                         r  u_tcp_rx/stat_ack_adv_reg[12]/CE
  -------------------------------------------------------------------    -------------------

                         (clock g_hw.clk_out0 rise edge)
                                                      6.400     6.400 r  
    T25                                               0.000     6.400 r  sys_clk_p (IN)
                         net (fo=0)                   0.079     6.479    u_clkgen/g_hw.u_ibufds/I
    HPIOBDIFFINBUF_X0Y37 DIFFINBUF (Prop_DIFFINBUF_HPIOBDIFFINBUF_DIFF_IN_P_O)
                                                      0.398     6.877 r  u_clkgen/g_hw.u_ibufds/DIFFINBUF_INST/O
                         net (fo=1, routed)           0.040     6.917    u_clkgen/g_hw.u_ibufds/OUT
    T25                  IBUFCTRL (Prop_IBUFCTRL_HPIOB_M_I_O)
                                                      0.000     6.917 r  u_clkgen/g_hw.u_ibufds/IBUFCTRL_INST/O
                         net (fo=1, routed)           0.304     7.221    u_clkgen/g_hw.clk_in_ibuf
    BUFGCE_X0Y41         BUFGCE (Prop_BUFCE_BUFGCE_I_O)
                                                      0.024     7.245 r  u_clkgen/g_hw.u_bufg_in/O
                         net (fo=485, routed)         1.709     8.954    u_clkgen/clk_in_100
    MMCM_X0Y1            MMCME4_ADV (Prop_MMCM_CLKIN1_CLKOUT0)
                                                      0.644     9.598 r  u_clkgen/g_hw.u_mmcm/CLKOUT0
                         net (fo=1, routed)           0.228     9.826    u_clkgen/g_hw.clk_out0
    BUFGCE_X0Y31         BUFGCE (Prop_BUFCE_BUFGCE_I_O)
                                                      0.024     9.850 r  u_clkgen/g_hw.u_bufg_out/O
    X1Y1 (CLOCK_ROOT)    net (fo=49489, routed)       1.618    11.468    u_tcp_rx/dp_clk
    SLICE_X21Y22         FDCE                                         r  u_tcp_rx/stat_ack_adv_reg[12]/C
                         clock pessimism             -0.309    11.159    
                         clock uncertainty           -0.062    11.097    
    SLICE_X21Y22         FDCE (Setup_EFF_SLICEM_C_CE)
                                                     -0.044    11.053    u_tcp_rx/stat_ack_adv_reg[12]
  -------------------------------------------------------------------
                         required time                         11.053    
                         arrival time                          -9.830    
  -------------------------------------------------------------------
                         slack                                  1.222    

Slack (MET) :             1.222ns  (required time - arrival time)
  Source:                 u_tcp_echo/u_fifo/wptr_reg[10]/C
                            (rising edge-triggered cell FDCE clocked by g_hw.clk_out0  {rise@0.000ns fall@3.200ns period=6.400ns})
  Destination:            u_tcp_rx/stat_ack_adv_reg[13]/CE
                            (rising edge-triggered cell FDCE clocked by g_hw.clk_out0  {rise@0.000ns fall@3.200ns period=6.400ns})
  Path Group:             g_hw.clk_out0
  Path Type:              Setup (Max at Slow Process Corner)
  Requirement:            6.400ns  (g_hw.clk_out0 rise@6.400ns - g_hw.clk_out0 rise@0.000ns)
  Data Path Delay:        4.819ns  (logic 0.718ns (14.900%)  route 4.101ns (85.100%))
  Logic Levels:           6  (LUT4=1 LUT5=1 LUT6=4)
  Clock Path Skew:        -0.253ns (DCD - SCD + CPR)
    Destination Clock Delay (DCD):    5.068ns = ( 11.468 - 6.400 ) 
    Source Clock Delay      (SCD):    5.012ns
    Clock Pessimism Removal (CPR):    -0.309ns
  Clock Uncertainty:      0.062ns  ((TSJ^2 + DJ^2)^1/2) / 2 + PE
    Total System Jitter     (TSJ):    0.071ns
    Discrete Jitter          (DJ):    0.101ns
    Phase Error              (PE):    0.000ns
  Clock Net Delay (Source):      1.930ns (routing 0.616ns, distribution 1.314ns)
  Clock Net Delay (Destination): 1.618ns (routing 0.562ns, distribution 1.056ns)

    Location             Delay type                Incr(ns)  Path(ns)    Netlist Resource(s)
  -------------------------------------------------------------------    -------------------
                         (clock g_hw.clk_out0 rise edge)
                                                      0.000     0.000 r  
    T25                                               0.000     0.000 r  sys_clk_p (IN)
                         net (fo=0)                   0.100     0.100    u_clkgen/g_hw.u_ibufds/I
    HPIOBDIFFINBUF_X0Y37 DIFFINBUF (Prop_DIFFINBUF_HPIOBDIFFINBUF_DIFF_IN_P_O)
                                                      0.479     0.579 r  u_clkgen/g_hw.u_ibufds/DIFFINBUF_INST/O
                         net (fo=1, routed)           0.050     0.629    u_clkgen/g_hw.u_ibufds/OUT
    T25                  IBUFCTRL (Prop_IBUFCTRL_HPIOB_M_I_O)
                                                      0.000     0.629 r  u_clkgen/g_hw.u_ibufds/IBUFCTRL_INST/O
                         net (fo=1, routed)           0.345     0.974    u_clkgen/g_hw.clk_in_ibuf
    BUFGCE_X0Y41         BUFGCE (Prop_BUFCE_BUFGCE_I_O)
                                                      0.028     1.002 r  u_clkgen/g_hw.u_bufg_in/O
                         net (fo=485, routed)         1.902     2.904    u_clkgen/clk_in_100
    MMCM_X0Y1            MMCME4_ADV (Prop_MMCM_CLKIN1_CLKOUT0)
                                                     -0.106     2.798 r  u_clkgen/g_hw.u_mmcm/CLKOUT0
                         net (fo=1, routed)           0.256     3.054    u_clkgen/g_hw.clk_out0
    BUFGCE_X0Y31         BUFGCE (Prop_BUFCE_BUFGCE_I_O)
                                                      0.028     3.082 r  u_clkgen/g_hw.u_bufg_out/O
    X1Y1 (CLOCK_ROOT)    net (fo=49489, routed)       1.930     5.012    u_tcp_echo/u_fifo/dp_clk
    SLICE_X87Y105        FDCE                                         r  u_tcp_echo/u_fifo/wptr_reg[10]/C
  -------------------------------------------------------------------    -------------------
    SLICE_X87Y105        FDCE (Prop_HFF_SLICEL_C_Q)
                                                      0.096     5.108 r  u_tcp_echo/u_fifo/wptr_reg[10]/Q
                         net (fo=122, routed)         0.291     5.399    u_tcp_echo/u_fifo/Q[9]
    SLICE_X85Y104        LUT6 (Prop_B6LUT_SLICEL_I5_O)
                                                      0.100     5.499 f  u_tcp_echo/u_fifo/fel_l_i_4/O
                         net (fo=2, routed)           0.233     5.732    u_tcp_echo/u_fifo/fel_l_i_4_n_53
    SLICE_X84Y105        LUT6 (Prop_G6LUT_SLICEL_I2_O)
                                                      0.114     5.846 f  u_tcp_echo/u_fifo/ffl_l_i_1/O
                         net (fo=14, routed)          0.513     6.359    u_tcp_rx/eco_dbg_fifo_full
    SLICE_X77Y105        LUT6 (Prop_H6LUT_SLICEL_I0_O)
                                                      0.064     6.423 r  u_tcp_rx/acc_l_i_2/O
                         net (fo=58, routed)          0.438     6.861    u_tcp_rx/rx_dbg_accept
    SLICE_X75Y88         LUT6 (Prop_F6LUT_SLICEM_I1_O)
                                                      0.098     6.959 r  u_tcp_rx/FSM_onehot_drn[1]_i_3/O
                         net (fo=3, routed)           0.660     7.619    u_tcp_rx/FSM_onehot_drn[1]_i_3_n_53
    SLICE_X67Y69         LUT5 (Prop_F6LUT_SLICEM_I1_O)
                                                      0.148     7.767 r  u_tcp_rx/FSM_onehot_drn[1]_i_1/O
                         net (fo=31, routed)          1.021     8.789    u_tcp_rx/pay_fend
    SLICE_X33Y56         LUT4 (Prop_F6LUT_SLICEL_I2_O)
                                                      0.098     8.887 r  u_tcp_rx/stat_ack_adv[0]_i_1/O
                         net (fo=73, routed)          0.944     9.830    u_tcp_rx/ack_adv_ev
    SLICE_X21Y22         FDCE                                         r  u_tcp_rx/stat_ack_adv_reg[13]/CE
  -------------------------------------------------------------------    -------------------

                         (clock g_hw.clk_out0 rise edge)
                                                      6.400     6.400 r  
    T25                                               0.000     6.400 r  sys_clk_p (IN)
                         net (fo=0)                   0.079     6.479    u_clkgen/g_hw.u_ibufds/I
    HPIOBDIFFINBUF_X0Y37 DIFFINBUF (Prop_DIFFINBUF_HPIOBDIFFINBUF_DIFF_IN_P_O)
                                                      0.398     6.877 r  u_clkgen/g_hw.u_ibufds/DIFFINBUF_INST/O
                         net (fo=1, routed)           0.040     6.917    u_clkgen/g_hw.u_ibufds/OUT
    T25                  IBUFCTRL (Prop_IBUFCTRL_HPIOB_M_I_O)
                                                      0.000     6.917 r  u_clkgen/g_hw.u_ibufds/IBUFCTRL_INST/O
                         net (fo=1, routed)           0.304     7.221    u_clkgen/g_hw.clk_in_ibuf
    BUFGCE_X0Y41         BUFGCE (Prop_BUFCE_BUFGCE_I_O)
                                                      0.024     7.245 r  u_clkgen/g_hw.u_bufg_in/O
                         net (fo=485, routed)         1.709     8.954    u_clkgen/clk_in_100
    MMCM_X0Y1            MMCME4_ADV (Prop_MMCM_CLKIN1_CLKOUT0)
                                                      0.644     9.598 r  u_clkgen/g_hw.u_mmcm/CLKOUT0
                         net (fo=1, routed)           0.228     9.826    u_clkgen/g_hw.clk_out0
    BUFGCE_X0Y31         BUFGCE (Prop_BUFCE_BUFGCE_I_O)
                                                      0.024     9.850 r  u_clkgen/g_hw.u_bufg_out/O
    X1Y1 (CLOCK_ROOT)    net (fo=49489, routed)       1.618    11.468    u_tcp_rx/dp_clk
    SLICE_X21Y22         FDCE                                         r  u_tcp_rx/stat_ack_adv_reg[13]/C
                         clock pessimism             -0.309    11.159    
                         clock uncertainty           -0.062    11.097    
    SLICE_X21Y22         FDCE (Setup_FFF_SLICEM_C_CE)
                                                     -0.044    11.053    u_tcp_rx/stat_ack_adv_reg[13]
  -------------------------------------------------------------------
                         required time                         11.053    
                         arrival time                          -9.830    
  -------------------------------------------------------------------
                         slack                                  1.222    

Slack (MET) :             1.222ns  (required time - arrival time)
  Source:                 u_tcp_echo/u_fifo/wptr_reg[10]/C
                            (rising edge-triggered cell FDCE clocked by g_hw.clk_out0  {rise@0.000ns fall@3.200ns period=6.400ns})
  Destination:            u_tcp_rx/stat_ack_adv_reg[14]/CE
                            (rising edge-triggered cell FDCE clocked by g_hw.clk_out0  {rise@0.000ns fall@3.200ns period=6.400ns})
  Path Group:             g_hw.clk_out0
  Path Type:              Setup (Max at Slow Process Corner)
  Requirement:            6.400ns  (g_hw.clk_out0 rise@6.400ns - g_hw.clk_out0 rise@0.000ns)
  Data Path Delay:        4.819ns  (logic 0.718ns (14.900%)  route 4.101ns (85.100%))
  Logic Levels:           6  (LUT4=1 LUT5=1 LUT6=4)
  Clock Path Skew:        -0.253ns (DCD - SCD + CPR)
    Destination Clock Delay (DCD):    5.068ns = ( 11.468 - 6.400 ) 
    Source Clock Delay      (SCD):    5.012ns
    Clock Pessimism Removal (CPR):    -0.309ns
  Clock Uncertainty:      0.062ns  ((TSJ^2 + DJ^2)^1/2) / 2 + PE
    Total System Jitter     (TSJ):    0.071ns
    Discrete Jitter          (DJ):    0.101ns
    Phase Error              (PE):    0.000ns
  Clock Net Delay (Source):      1.930ns (routing 0.616ns, distribution 1.314ns)
  Clock Net Delay (Destination): 1.618ns (routing 0.562ns, distribution 1.056ns)

    Location             Delay type                Incr(ns)  Path(ns)    Netlist Resource(s)
  -------------------------------------------------------------------    -------------------
                         (clock g_hw.clk_out0 rise edge)
                                                      0.000     0.000 r  
    T25                                               0.000     0.000 r  sys_clk_p (IN)
                         net (fo=0)                   0.100     0.100    u_clkgen/g_hw.u_ibufds/I
    HPIOBDIFFINBUF_X0Y37 DIFFINBUF (Prop_DIFFINBUF_HPIOBDIFFINBUF_DIFF_IN_P_O)
                                                      0.479     0.579 r  u_clkgen/g_hw.u_ibufds/DIFFINBUF_INST/O
                         net (fo=1, routed)           0.050     0.629    u_clkgen/g_hw.u_ibufds/OUT
    T25                  IBUFCTRL (Prop_IBUFCTRL_HPIOB_M_I_O)
                                                      0.000     0.629 r  u_clkgen/g_hw.u_ibufds/IBUFCTRL_INST/O
                         net (fo=1, routed)           0.345     0.974    u_clkgen/g_hw.clk_in_ibuf
    BUFGCE_X0Y41         BUFGCE (Prop_BUFCE_BUFGCE_I_O)
                                                      0.028     1.002 r  u_clkgen/g_hw.u_bufg_in/O
                         net (fo=485, routed)         1.902     2.904    u_clkgen/clk_in_100
    MMCM_X0Y1            MMCME4_ADV (Prop_MMCM_CLKIN1_CLKOUT0)
                                                     -0.106     2.798 r  u_clkgen/g_hw.u_mmcm/CLKOUT0
                         net (fo=1, routed)           0.256     3.054    u_clkgen/g_hw.clk_out0
    BUFGCE_X0Y31         BUFGCE (Prop_BUFCE_BUFGCE_I_O)
                                                      0.028     3.082 r  u_clkgen/g_hw.u_bufg_out/O
    X1Y1 (CLOCK_ROOT)    net (fo=49489, routed)       1.930     5.012    u_tcp_echo/u_fifo/dp_clk
    SLICE_X87Y105        FDCE                                         r  u_tcp_echo/u_fifo/wptr_reg[10]/C
  -------------------------------------------------------------------    -------------------
    SLICE_X87Y105        FDCE (Prop_HFF_SLICEL_C_Q)
                                                      0.096     5.108 r  u_tcp_echo/u_fifo/wptr_reg[10]/Q
                         net (fo=122, routed)         0.291     5.399    u_tcp_echo/u_fifo/Q[9]
    SLICE_X85Y104        LUT6 (Prop_B6LUT_SLICEL_I5_O)
                                                      0.100     5.499 f  u_tcp_echo/u_fifo/fel_l_i_4/O
                         net (fo=2, routed)           0.233     5.732    u_tcp_echo/u_fifo/fel_l_i_4_n_53
    SLICE_X84Y105        LUT6 (Prop_G6LUT_SLICEL_I2_O)
                                                      0.114     5.846 f  u_tcp_echo/u_fifo/ffl_l_i_1/O
                         net (fo=14, routed)          0.513     6.359    u_tcp_rx/eco_dbg_fifo_full
    SLICE_X77Y105        LUT6 (Prop_H6LUT_SLICEL_I0_O)
                                                      0.064     6.423 r  u_tcp_rx/acc_l_i_2/O
                         net (fo=58, routed)          0.438     6.861    u_tcp_rx/rx_dbg_accept
    SLICE_X75Y88         LUT6 (Prop_F6LUT_SLICEM_I1_O)
                                                      0.098     6.959 r  u_tcp_rx/FSM_onehot_drn[1]_i_3/O
                         net (fo=3, routed)           0.660     7.619    u_tcp_rx/FSM_onehot_drn[1]_i_3_n_53
    SLICE_X67Y69         LUT5 (Prop_F6LUT_SLICEM_I1_O)
                                                      0.148     7.767 r  u_tcp_rx/FSM_onehot_drn[1]_i_1/O
                         net (fo=31, routed)          1.021     8.789    u_tcp_rx/pay_fend
    SLICE_X33Y56         LUT4 (Prop_F6LUT_SLICEL_I2_O)
                                                      0.098     8.887 r  u_tcp_rx/stat_ack_adv[0]_i_1/O
                         net (fo=73, routed)          0.944     9.830    u_tcp_rx/ack_adv_ev
    SLICE_X21Y22         FDCE                                         r  u_tcp_rx/stat_ack_adv_reg[14]/CE
  -------------------------------------------------------------------    -------------------

                         (clock g_hw.clk_out0 rise edge)
                                                      6.400     6.400 r  
    T25                                               0.000     6.400 r  sys_clk_p (IN)
                         net (fo=0)                   0.079     6.479    u_clkgen/g_hw.u_ibufds/I
    HPIOBDIFFINBUF_X0Y37 DIFFINBUF (Prop_DIFFINBUF_HPIOBDIFFINBUF_DIFF_IN_P_O)
                                                      0.398     6.877 r  u_clkgen/g_hw.u_ibufds/DIFFINBUF_INST/O
                         net (fo=1, routed)           0.040     6.917    u_clkgen/g_hw.u_ibufds/OUT
    T25                  IBUFCTRL (Prop_IBUFCTRL_HPIOB_M_I_O)
                                                      0.000     6.917 r  u_clkgen/g_hw.u_ibufds/IBUFCTRL_INST/O
                         net (fo=1, routed)           0.304     7.221    u_clkgen/g_hw.clk_in_ibuf
    BUFGCE_X0Y41         BUFGCE (Prop_BUFCE_BUFGCE_I_O)
                                                      0.024     7.245 r  u_clkgen/g_hw.u_bufg_in/O
                         net (fo=485, routed)         1.709     8.954    u_clkgen/clk_in_100
    MMCM_X0Y1            MMCME4_ADV (Prop_MMCM_CLKIN1_CLKOUT0)
                                                      0.644     9.598 r  u_clkgen/g_hw.u_mmcm/CLKOUT0
                         net (fo=1, routed)           0.228     9.826    u_clkgen/g_hw.clk_out0
    BUFGCE_X0Y31         BUFGCE (Prop_BUFCE_BUFGCE_I_O)
                                                      0.024     9.850 r  u_clkgen/g_hw.u_bufg_out/O
    X1Y1 (CLOCK_ROOT)    net (fo=49489, routed)       1.618    11.468    u_tcp_rx/dp_clk
    SLICE_X21Y22         FDCE                                         r  u_tcp_rx/stat_ack_adv_reg[14]/C
                         clock pessimism             -0.309    11.159    
                         clock uncertainty           -0.062    11.097    
    SLICE_X21Y22         FDCE (Setup_GFF_SLICEM_C_CE)
                                                     -0.044    11.053    u_tcp_rx/stat_ack_adv_reg[14]
  -------------------------------------------------------------------
                         required time                         11.053    
                         arrival time                          -9.830    
  -------------------------------------------------------------------
                         slack                                  1.222    

Slack (MET) :             1.222ns  (required time - arrival time)
  Source:                 u_tcp_echo/u_fifo/wptr_reg[10]/C
                            (rising edge-triggered cell FDCE clocked by g_hw.clk_out0  {rise@0.000ns fall@3.200ns period=6.400ns})
  Destination:            u_tcp_rx/stat_ack_adv_reg[15]/CE
                            (rising edge-triggered cell FDCE clocked by g_hw.clk_out0  {rise@0.000ns fall@3.200ns period=6.400ns})
  Path Group:             g_hw.clk_out0
  Path Type:              Setup (Max at Slow Process Corner)
  Requirement:            6.400ns  (g_hw.clk_out0 rise@6.400ns - g_hw.clk_out0 rise@0.000ns)
  Data Path Delay:        4.819ns  (logic 0.718ns (14.900%)  route 4.101ns (85.100%))
  Logic Levels:           6  (LUT4=1 LUT5=1 LUT6=4)
  Clock Path Skew:        -0.253ns (DCD - SCD + CPR)
    Destination Clock Delay (DCD):    5.068ns = ( 11.468 - 6.400 ) 
    Source Clock Delay      (SCD):    5.012ns
    Clock Pessimism Removal (CPR):    -0.309ns
  Clock Uncertainty:      0.062ns  ((TSJ^2 + DJ^2)^1/2) / 2 + PE
    Total System Jitter     (TSJ):    0.071ns
    Discrete Jitter          (DJ):    0.101ns
    Phase Error              (PE):    0.000ns
  Clock Net Delay (Source):      1.930ns (routing 0.616ns, distribution 1.314ns)
  Clock Net Delay (Destination): 1.618ns (routing 0.562ns, distribution 1.056ns)

    Location             Delay type                Incr(ns)  Path(ns)    Netlist Resource(s)
  -------------------------------------------------------------------    -------------------
                         (clock g_hw.clk_out0 rise edge)
                                                      0.000     0.000 r  
    T25                                               0.000     0.000 r  sys_clk_p (IN)
                         net (fo=0)                   0.100     0.100    u_clkgen/g_hw.u_ibufds/I
    HPIOBDIFFINBUF_X0Y37 DIFFINBUF (Prop_DIFFINBUF_HPIOBDIFFINBUF_DIFF_IN_P_O)
                                                      0.479     0.579 r  u_clkgen/g_hw.u_ibufds/DIFFINBUF_INST/O
                         net (fo=1, routed)           0.050     0.629    u_clkgen/g_hw.u_ibufds/OUT
    T25                  IBUFCTRL (Prop_IBUFCTRL_HPIOB_M_I_O)
                                                      0.000     0.629 r  u_clkgen/g_hw.u_ibufds/IBUFCTRL_INST/O
                         net (fo=1, routed)           0.345     0.974    u_clkgen/g_hw.clk_in_ibuf
    BUFGCE_X0Y41         BUFGCE (Prop_BUFCE_BUFGCE_I_O)
                                                      0.028     1.002 r  u_clkgen/g_hw.u_bufg_in/O
                         net (fo=485, routed)         1.902     2.904    u_clkgen/clk_in_100
    MMCM_X0Y1            MMCME4_ADV (Prop_MMCM_CLKIN1_CLKOUT0)
                                                     -0.106     2.798 r  u_clkgen/g_hw.u_mmcm/CLKOUT0
                         net (fo=1, routed)           0.256     3.054    u_clkgen/g_hw.clk_out0
    BUFGCE_X0Y31         BUFGCE (Prop_BUFCE_BUFGCE_I_O)
                                                      0.028     3.082 r  u_clkgen/g_hw.u_bufg_out/O
    X1Y1 (CLOCK_ROOT)    net (fo=49489, routed)       1.930     5.012    u_tcp_echo/u_fifo/dp_clk
    SLICE_X87Y105        FDCE                                         r  u_tcp_echo/u_fifo/wptr_reg[10]/C
  -------------------------------------------------------------------    -------------------
    SLICE_X87Y105        FDCE (Prop_HFF_SLICEL_C_Q)
                                                      0.096     5.108 r  u_tcp_echo/u_fifo/wptr_reg[10]/Q
                         net (fo=122, routed)         0.291     5.399    u_tcp_echo/u_fifo/Q[9]
    SLICE_X85Y104        LUT6 (Prop_B6LUT_SLICEL_I5_O)
                                                      0.100     5.499 f  u_tcp_echo/u_fifo/fel_l_i_4/O
                         net (fo=2, routed)           0.233     5.732    u_tcp_echo/u_fifo/fel_l_i_4_n_53
    SLICE_X84Y105        LUT6 (Prop_G6LUT_SLICEL_I2_O)
                                                      0.114     5.846 f  u_tcp_echo/u_fifo/ffl_l_i_1/O
                         net (fo=14, routed)          0.513     6.359    u_tcp_rx/eco_dbg_fifo_full
    SLICE_X77Y105        LUT6 (Prop_H6LUT_SLICEL_I0_O)
                                                      0.064     6.423 r  u_tcp_rx/acc_l_i_2/O
                         net (fo=58, routed)          0.438     6.861    u_tcp_rx/rx_dbg_accept
    SLICE_X75Y88         LUT6 (Prop_F6LUT_SLICEM_I1_O)
                                                      0.098     6.959 r  u_tcp_rx/FSM_onehot_drn[1]_i_3/O
                         net (fo=3, routed)           0.660     7.619    u_tcp_rx/FSM_onehot_drn[1]_i_3_n_53
    SLICE_X67Y69         LUT5 (Prop_F6LUT_SLICEM_I1_O)
                                                      0.148     7.767 r  u_tcp_rx/FSM_onehot_drn[1]_i_1/O
                         net (fo=31, routed)          1.021     8.789    u_tcp_rx/pay_fend
    SLICE_X33Y56         LUT4 (Prop_F6LUT_SLICEL_I2_O)
                                                      0.098     8.887 r  u_tcp_rx/stat_ack_adv[0]_i_1/O
                         net (fo=73, routed)          0.944     9.830    u_tcp_rx/ack_adv_ev
    SLICE_X21Y22         FDCE                                         r  u_tcp_rx/stat_ack_adv_reg[15]/CE
  -------------------------------------------------------------------    -------------------

                         (clock g_hw.clk_out0 rise edge)
                                                      6.400     6.400 r  
    T25                                               0.000     6.400 r  sys_clk_p (IN)
                         net (fo=0)                   0.079     6.479    u_clkgen/g_hw.u_ibufds/I
    HPIOBDIFFINBUF_X0Y37 DIFFINBUF (Prop_DIFFINBUF_HPIOBDIFFINBUF_DIFF_IN_P_O)
                                                      0.398     6.877 r  u_clkgen/g_hw.u_ibufds/DIFFINBUF_INST/O
                         net (fo=1, routed)           0.040     6.917    u_clkgen/g_hw.u_ibufds/OUT
    T25                  IBUFCTRL (Prop_IBUFCTRL_HPIOB_M_I_O)
                                                      0.000     6.917 r  u_clkgen/g_hw.u_ibufds/IBUFCTRL_INST/O
                         net (fo=1, routed)           0.304     7.221    u_clkgen/g_hw.clk_in_ibuf
    BUFGCE_X0Y41         BUFGCE (Prop_BUFCE_BUFGCE_I_O)
                                                      0.024     7.245 r  u_clkgen/g_hw.u_bufg_in/O
                         net (fo=485, routed)         1.709     8.954    u_clkgen/clk_in_100
    MMCM_X0Y1            MMCME4_ADV (Prop_MMCM_CLKIN1_CLKOUT0)
                                                      0.644     9.598 r  u_clkgen/g_hw.u_mmcm/CLKOUT0
                         net (fo=1, routed)           0.228     9.826    u_clkgen/g_hw.clk_out0
    BUFGCE_X0Y31         BUFGCE (Prop_BUFCE_BUFGCE_I_O)
                                                      0.024     9.850 r  u_clkgen/g_hw.u_bufg_out/O
    X1Y1 (CLOCK_ROOT)    net (fo=49489, routed)       1.618    11.468    u_tcp_rx/dp_clk
    SLICE_X21Y22         FDCE                                         r  u_tcp_rx/stat_ack_adv_reg[15]/C
                         clock pessimism             -0.309    11.159    
                         clock uncertainty           -0.062    11.097    
    SLICE_X21Y22         FDCE (Setup_HFF_SLICEM_C_CE)
                                                     -0.044    11.053    u_tcp_rx/stat_ack_adv_reg[15]
  -------------------------------------------------------------------
                         required time                         11.053    
                         arrival time                          -9.830    
  -------------------------------------------------------------------
                         slack                                  1.222    

Slack (MET) :             1.246ns  (required time - arrival time)
  Source:                 u_tcp_echo/u_fifo/wptr_reg[10]/C
                            (rising edge-triggered cell FDCE clocked by g_hw.clk_out0  {rise@0.000ns fall@3.200ns period=6.400ns})
  Destination:            u_tcp_rx/stat_ack_adv_reg[20]/CE
                            (rising edge-triggered cell FDCE clocked by g_hw.clk_out0  {rise@0.000ns fall@3.200ns period=6.400ns})
  Path Group:             g_hw.clk_out0
  Path Type:              Setup (Max at Slow Process Corner)
  Requirement:            6.400ns  (g_hw.clk_out0 rise@6.400ns - g_hw.clk_out0 rise@0.000ns)
  Data Path Delay:        4.793ns  (logic 0.718ns (14.979%)  route 4.075ns (85.021%))
  Logic Levels:           6  (LUT4=1 LUT5=1 LUT6=4)
  Clock Path Skew:        -0.255ns (DCD - SCD + CPR)
    Destination Clock Delay (DCD):    5.066ns = ( 11.466 - 6.400 ) 
    Source Clock Delay      (SCD):    5.012ns
    Clock Pessimism Removal (CPR):    -0.309ns
  Clock Uncertainty:      0.062ns  ((TSJ^2 + DJ^2)^1/2) / 2 + PE
    Total System Jitter     (TSJ):    0.071ns
    Discrete Jitter          (DJ):    0.101ns
    Phase Error              (PE):    0.000ns
  Clock Net Delay (Source):      1.930ns (routing 0.616ns, distribution 1.314ns)
  Clock Net Delay (Destination): 1.616ns (routing 0.562ns, distribution 1.054ns)

    Location             Delay type                Incr(ns)  Path(ns)    Netlist Resource(s)
  -------------------------------------------------------------------    -------------------
                         (clock g_hw.clk_out0 rise edge)
                                                      0.000     0.000 r  
    T25                                               0.000     0.000 r  sys_clk_p (IN)
                         net (fo=0)                   0.100     0.100    u_clkgen/g_hw.u_ibufds/I
    HPIOBDIFFINBUF_X0Y37 DIFFINBUF (Prop_DIFFINBUF_HPIOBDIFFINBUF_DIFF_IN_P_O)
                                                      0.479     0.579 r  u_clkgen/g_hw.u_ibufds/DIFFINBUF_INST/O
                         net (fo=1, routed)           0.050     0.629    u_clkgen/g_hw.u_ibufds/OUT
    T25                  IBUFCTRL (Prop_IBUFCTRL_HPIOB_M_I_O)
                                                      0.000     0.629 r  u_clkgen/g_hw.u_ibufds/IBUFCTRL_INST/O
                         net (fo=1, routed)           0.345     0.974    u_clkgen/g_hw.clk_in_ibuf
    BUFGCE_X0Y41         BUFGCE (Prop_BUFCE_BUFGCE_I_O)
                                                      0.028     1.002 r  u_clkgen/g_hw.u_bufg_in/O
                         net (fo=485, routed)         1.902     2.904    u_clkgen/clk_in_100
    MMCM_X0Y1            MMCME4_ADV (Prop_MMCM_CLKIN1_CLKOUT0)
                                                     -0.106     2.798 r  u_clkgen/g_hw.u_mmcm/CLKOUT0
                         net (fo=1, routed)           0.256     3.054    u_clkgen/g_hw.clk_out0
    BUFGCE_X0Y31         BUFGCE (Prop_BUFCE_BUFGCE_I_O)
                                                      0.028     3.082 r  u_clkgen/g_hw.u_bufg_out/O
    X1Y1 (CLOCK_ROOT)    net (fo=49489, routed)       1.930     5.012    u_tcp_echo/u_fifo/dp_clk
    SLICE_X87Y105        FDCE                                         r  u_tcp_echo/u_fifo/wptr_reg[10]/C
  -------------------------------------------------------------------    -------------------
    SLICE_X87Y105        FDCE (Prop_HFF_SLICEL_C_Q)
                                                      0.096     5.108 r  u_tcp_echo/u_fifo/wptr_reg[10]/Q
                         net (fo=122, routed)         0.291     5.399    u_tcp_echo/u_fifo/Q[9]
    SLICE_X85Y104        LUT6 (Prop_B6LUT_SLICEL_I5_O)
                                                      0.100     5.499 f  u_tcp_echo/u_fifo/fel_l_i_4/O
                         net (fo=2, routed)           0.233     5.732    u_tcp_echo/u_fifo/fel_l_i_4_n_53
    SLICE_X84Y105        LUT6 (Prop_G6LUT_SLICEL_I2_O)
                                                      0.114     5.846 f  u_tcp_echo/u_fifo/ffl_l_i_1/O
                         net (fo=14, routed)          0.513     6.359    u_tcp_rx/eco_dbg_fifo_full
    SLICE_X77Y105        LUT6 (Prop_H6LUT_SLICEL_I0_O)
                                                      0.064     6.423 r  u_tcp_rx/acc_l_i_2/O
                         net (fo=58, routed)          0.438     6.861    u_tcp_rx/rx_dbg_accept
    SLICE_X75Y88         LUT6 (Prop_F6LUT_SLICEM_I1_O)
                                                      0.098     6.959 r  u_tcp_rx/FSM_onehot_drn[1]_i_3/O
                         net (fo=3, routed)           0.660     7.619    u_tcp_rx/FSM_onehot_drn[1]_i_3_n_53
    SLICE_X67Y69         LUT5 (Prop_F6LUT_SLICEM_I1_O)
                                                      0.148     7.767 r  u_tcp_rx/FSM_onehot_drn[1]_i_1/O
                         net (fo=31, routed)          1.021     8.789    u_tcp_rx/pay_fend
    SLICE_X33Y56         LUT4 (Prop_F6LUT_SLICEL_I2_O)
                                                      0.098     8.887 r  u_tcp_rx/stat_ack_adv[0]_i_1/O
                         net (fo=73, routed)          0.919     9.805    u_tcp_rx/ack_adv_ev
    SLICE_X21Y23         FDCE                                         r  u_tcp_rx/stat_ack_adv_reg[20]/CE
  -------------------------------------------------------------------    -------------------

                         (clock g_hw.clk_out0 rise edge)
                                                      6.400     6.400 r  
    T25                                               0.000     6.400 r  sys_clk_p (IN)
                         net (fo=0)                   0.079     6.479    u_clkgen/g_hw.u_ibufds/I
    HPIOBDIFFINBUF_X0Y37 DIFFINBUF (Prop_DIFFINBUF_HPIOBDIFFINBUF_DIFF_IN_P_O)
                                                      0.398     6.877 r  u_clkgen/g_hw.u_ibufds/DIFFINBUF_INST/O
                         net (fo=1, routed)           0.040     6.917    u_clkgen/g_hw.u_ibufds/OUT
    T25                  IBUFCTRL (Prop_IBUFCTRL_HPIOB_M_I_O)
                                                      0.000     6.917 r  u_clkgen/g_hw.u_ibufds/IBUFCTRL_INST/O
                         net (fo=1, routed)           0.304     7.221    u_clkgen/g_hw.clk_in_ibuf
    BUFGCE_X0Y41         BUFGCE (Prop_BUFCE_BUFGCE_I_O)
                                                      0.024     7.245 r  u_clkgen/g_hw.u_bufg_in/O
                         net (fo=485, routed)         1.709     8.954    u_clkgen/clk_in_100
    MMCM_X0Y1            MMCME4_ADV (Prop_MMCM_CLKIN1_CLKOUT0)
                                                      0.644     9.598 r  u_clkgen/g_hw.u_mmcm/CLKOUT0
                         net (fo=1, routed)           0.228     9.826    u_clkgen/g_hw.clk_out0
    BUFGCE_X0Y31         BUFGCE (Prop_BUFCE_BUFGCE_I_O)
                                                      0.024     9.850 r  u_clkgen/g_hw.u_bufg_out/O
    X1Y1 (CLOCK_ROOT)    net (fo=49489, routed)       1.616    11.466    u_tcp_rx/dp_clk
    SLICE_X21Y23         FDCE                                         r  u_tcp_rx/stat_ack_adv_reg[20]/C
                         clock pessimism             -0.309    11.157    
                         clock uncertainty           -0.062    11.095    
    SLICE_X21Y23         FDCE (Setup_EFF_SLICEM_C_CE)
                                                     -0.044    11.051    u_tcp_rx/stat_ack_adv_reg[20]
  -------------------------------------------------------------------
                         required time                         11.051    
                         arrival time                          -9.805    
  -------------------------------------------------------------------
                         slack                                  1.246    

Slack (MET) :             1.246ns  (required time - arrival time)
  Source:                 u_tcp_echo/u_fifo/wptr_reg[10]/C
                            (rising edge-triggered cell FDCE clocked by g_hw.clk_out0  {rise@0.000ns fall@3.200ns period=6.400ns})
  Destination:            u_tcp_rx/stat_ack_adv_reg[21]/CE
                            (rising edge-triggered cell FDCE clocked by g_hw.clk_out0  {rise@0.000ns fall@3.200ns period=6.400ns})
  Path Group:             g_hw.clk_out0
  Path Type:              Setup (Max at Slow Process Corner)
  Requirement:            6.400ns  (g_hw.clk_out0 rise@6.400ns - g_hw.clk_out0 rise@0.000ns)
  Data Path Delay:        4.793ns  (logic 0.718ns (14.979%)  route 4.075ns (85.021%))
  Logic Levels:           6  (LUT4=1 LUT5=1 LUT6=4)
  Clock Path Skew:        -0.255ns (DCD - SCD + CPR)
    Destination Clock Delay (DCD):    5.066ns = ( 11.466 - 6.400 ) 
    Source Clock Delay      (SCD):    5.012ns
    Clock Pessimism Removal (CPR):    -0.309ns
  Clock Uncertainty:      0.062ns  ((TSJ^2 + DJ^2)^1/2) / 2 + PE
    Total System Jitter     (TSJ):    0.071ns
    Discrete Jitter          (DJ):    0.101ns
    Phase Error              (PE):    0.000ns
  Clock Net Delay (Source):      1.930ns (routing 0.616ns, distribution 1.314ns)
  Clock Net Delay (Destination): 1.616ns (routing 0.562ns, distribution 1.054ns)

    Location             Delay type                Incr(ns)  Path(ns)    Netlist Resource(s)
  -------------------------------------------------------------------    -------------------
                         (clock g_hw.clk_out0 rise edge)
                                                      0.000     0.000 r  
    T25                                               0.000     0.000 r  sys_clk_p (IN)
                         net (fo=0)                   0.100     0.100    u_clkgen/g_hw.u_ibufds/I
    HPIOBDIFFINBUF_X0Y37 DIFFINBUF (Prop_DIFFINBUF_HPIOBDIFFINBUF_DIFF_IN_P_O)
                                                      0.479     0.579 r  u_clkgen/g_hw.u_ibufds/DIFFINBUF_INST/O
                         net (fo=1, routed)           0.050     0.629    u_clkgen/g_hw.u_ibufds/OUT
    T25                  IBUFCTRL (Prop_IBUFCTRL_HPIOB_M_I_O)
                                                      0.000     0.629 r  u_clkgen/g_hw.u_ibufds/IBUFCTRL_INST/O
                         net (fo=1, routed)           0.345     0.974    u_clkgen/g_hw.clk_in_ibuf
    BUFGCE_X0Y41         BUFGCE (Prop_BUFCE_BUFGCE_I_O)
                                                      0.028     1.002 r  u_clkgen/g_hw.u_bufg_in/O
                         net (fo=485, routed)         1.902     2.904    u_clkgen/clk_in_100
    MMCM_X0Y1            MMCME4_ADV (Prop_MMCM_CLKIN1_CLKOUT0)
                                                     -0.106     2.798 r  u_clkgen/g_hw.u_mmcm/CLKOUT0
                         net (fo=1, routed)           0.256     3.054    u_clkgen/g_hw.clk_out0
    BUFGCE_X0Y31         BUFGCE (Prop_BUFCE_BUFGCE_I_O)
                                                      0.028     3.082 r  u_clkgen/g_hw.u_bufg_out/O
    X1Y1 (CLOCK_ROOT)    net (fo=49489, routed)       1.930     5.012    u_tcp_echo/u_fifo/dp_clk
    SLICE_X87Y105        FDCE                                         r  u_tcp_echo/u_fifo/wptr_reg[10]/C
  -------------------------------------------------------------------    -------------------
    SLICE_X87Y105        FDCE (Prop_HFF_SLICEL_C_Q)
                                                      0.096     5.108 r  u_tcp_echo/u_fifo/wptr_reg[10]/Q
                         net (fo=122, routed)         0.291     5.399    u_tcp_echo/u_fifo/Q[9]
    SLICE_X85Y104        LUT6 (Prop_B6LUT_SLICEL_I5_O)
                                                      0.100     5.499 f  u_tcp_echo/u_fifo/fel_l_i_4/O
                         net (fo=2, routed)           0.233     5.732    u_tcp_echo/u_fifo/fel_l_i_4_n_53
    SLICE_X84Y105        LUT6 (Prop_G6LUT_SLICEL_I2_O)
                                                      0.114     5.846 f  u_tcp_echo/u_fifo/ffl_l_i_1/O
                         net (fo=14, routed)          0.513     6.359    u_tcp_rx/eco_dbg_fifo_full
    SLICE_X77Y105        LUT6 (Prop_H6LUT_SLICEL_I0_O)
                                                      0.064     6.423 r  u_tcp_rx/acc_l_i_2/O
                         net (fo=58, routed)          0.438     6.861    u_tcp_rx/rx_dbg_accept
    SLICE_X75Y88         LUT6 (Prop_F6LUT_SLICEM_I1_O)
                                                      0.098     6.959 r  u_tcp_rx/FSM_onehot_drn[1]_i_3/O
                         net (fo=3, routed)           0.660     7.619    u_tcp_rx/FSM_onehot_drn[1]_i_3_n_53
    SLICE_X67Y69         LUT5 (Prop_F6LUT_SLICEM_I1_O)
                                                      0.148     7.767 r  u_tcp_rx/FSM_onehot_drn[1]_i_1/O
                         net (fo=31, routed)          1.021     8.789    u_tcp_rx/pay_fend
    SLICE_X33Y56         LUT4 (Prop_F6LUT_SLICEL_I2_O)
                                                      0.098     8.887 r  u_tcp_rx/stat_ack_adv[0]_i_1/O
                         net (fo=73, routed)          0.919     9.805    u_tcp_rx/ack_adv_ev
    SLICE_X21Y23         FDCE                                         r  u_tcp_rx/stat_ack_adv_reg[21]/CE
  -------------------------------------------------------------------    -------------------

                         (clock g_hw.clk_out0 rise edge)
                                                      6.400     6.400 r  
    T25                                               0.000     6.400 r  sys_clk_p (IN)
                         net (fo=0)                   0.079     6.479    u_clkgen/g_hw.u_ibufds/I
    HPIOBDIFFINBUF_X0Y37 DIFFINBUF (Prop_DIFFINBUF_HPIOBDIFFINBUF_DIFF_IN_P_O)
                                                      0.398     6.877 r  u_clkgen/g_hw.u_ibufds/DIFFINBUF_INST/O
                         net (fo=1, routed)           0.040     6.917    u_clkgen/g_hw.u_ibufds/OUT
    T25                  IBUFCTRL (Prop_IBUFCTRL_HPIOB_M_I_O)
                                                      0.000     6.917 r  u_clkgen/g_hw.u_ibufds/IBUFCTRL_INST/O
                         net (fo=1, routed)           0.304     7.221    u_clkgen/g_hw.clk_in_ibuf
    BUFGCE_X0Y41         BUFGCE (Prop_BUFCE_BUFGCE_I_O)
                                                      0.024     7.245 r  u_clkgen/g_hw.u_bufg_in/O
                         net (fo=485, routed)         1.709     8.954    u_clkgen/clk_in_100
    MMCM_X0Y1            MMCME4_ADV (Prop_MMCM_CLKIN1_CLKOUT0)
                                                      0.644     9.598 r  u_clkgen/g_hw.u_mmcm/CLKOUT0
                         net (fo=1, routed)           0.228     9.826    u_clkgen/g_hw.clk_out0
    BUFGCE_X0Y31         BUFGCE (Prop_BUFCE_BUFGCE_I_O)
                                                      0.024     9.850 r  u_clkgen/g_hw.u_bufg_out/O
    X1Y1 (CLOCK_ROOT)    net (fo=49489, routed)       1.616    11.466    u_tcp_rx/dp_clk
    SLICE_X21Y23         FDCE                                         r  u_tcp_rx/stat_ack_adv_reg[21]/C
                         clock pessimism             -0.309    11.157    
                         clock uncertainty           -0.062    11.095    
    SLICE_X21Y23         FDCE (Setup_FFF_SLICEM_C_CE)
                                                     -0.044    11.051    u_tcp_rx/stat_ack_adv_reg[21]
  -------------------------------------------------------------------
                         required time                         11.051    
                         arrival time                          -9.805    
  -------------------------------------------------------------------
                         slack                                  1.246    

Slack (MET) :             1.246ns  (required time - arrival time)
  Source:                 u_tcp_echo/u_fifo/wptr_reg[10]/C
                            (rising edge-triggered cell FDCE clocked by g_hw.clk_out0  {rise@0.000ns fall@3.200ns period=6.400ns})
  Destination:            u_tcp_rx/stat_ack_adv_reg[22]/CE
                            (rising edge-triggered cell FDCE clocked by g_hw.clk_out0  {rise@0.000ns fall@3.200ns period=6.400ns})
  Path Group:             g_hw.clk_out0
  Path Type:              Setup (Max at Slow Process Corner)
  Requirement:            6.400ns  (g_hw.clk_out0 rise@6.400ns - g_hw.clk_out0 rise@0.000ns)
  Data Path Delay:        4.793ns  (logic 0.718ns (14.979%)  route 4.075ns (85.021%))
  Logic Levels:           6  (LUT4=1 LUT5=1 LUT6=4)
  Clock Path Skew:        -0.255ns (DCD - SCD + CPR)
    Destination Clock Delay (DCD):    5.066ns = ( 11.466 - 6.400 ) 
    Source Clock Delay      (SCD):    5.012ns
    Clock Pessimism Removal (CPR):    -0.309ns
  Clock Uncertainty:      0.062ns  ((TSJ^2 + DJ^2)^1/2) / 2 + PE
    Total System Jitter     (TSJ):    0.071ns
    Discrete Jitter          (DJ):    0.101ns
    Phase Error              (PE):    0.000ns
  Clock Net Delay (Source):      1.930ns (routing 0.616ns, distribution 1.314ns)
  Clock Net Delay (Destination): 1.616ns (routing 0.562ns, distribution 1.054ns)

    Location             Delay type                Incr(ns)  Path(ns)    Netlist Resource(s)
  -------------------------------------------------------------------    -------------------
                         (clock g_hw.clk_out0 rise edge)
                                                      0.000     0.000 r  
    T25                                               0.000     0.000 r  sys_clk_p (IN)
                         net (fo=0)                   0.100     0.100    u_clkgen/g_hw.u_ibufds/I
    HPIOBDIFFINBUF_X0Y37 DIFFINBUF (Prop_DIFFINBUF_HPIOBDIFFINBUF_DIFF_IN_P_O)
                                                      0.479     0.579 r  u_clkgen/g_hw.u_ibufds/DIFFINBUF_INST/O
                         net (fo=1, routed)           0.050     0.629    u_clkgen/g_hw.u_ibufds/OUT
    T25                  IBUFCTRL (Prop_IBUFCTRL_HPIOB_M_I_O)
                                                      0.000     0.629 r  u_clkgen/g_hw.u_ibufds/IBUFCTRL_INST/O
                         net (fo=1, routed)           0.345     0.974    u_clkgen/g_hw.clk_in_ibuf
    BUFGCE_X0Y41         BUFGCE (Prop_BUFCE_BUFGCE_I_O)
                                                      0.028     1.002 r  u_clkgen/g_hw.u_bufg_in/O
                         net (fo=485, routed)         1.902     2.904    u_clkgen/clk_in_100
    MMCM_X0Y1            MMCME4_ADV (Prop_MMCM_CLKIN1_CLKOUT0)
                                                     -0.106     2.798 r  u_clkgen/g_hw.u_mmcm/CLKOUT0
                         net (fo=1, routed)           0.256     3.054    u_clkgen/g_hw.clk_out0
    BUFGCE_X0Y31         BUFGCE (Prop_BUFCE_BUFGCE_I_O)
                                                      0.028     3.082 r  u_clkgen/g_hw.u_bufg_out/O
    X1Y1 (CLOCK_ROOT)    net (fo=49489, routed)       1.930     5.012    u_tcp_echo/u_fifo/dp_clk
    SLICE_X87Y105        FDCE                                         r  u_tcp_echo/u_fifo/wptr_reg[10]/C
  -------------------------------------------------------------------    -------------------
    SLICE_X87Y105        FDCE (Prop_HFF_SLICEL_C_Q)
                                                      0.096     5.108 r  u_tcp_echo/u_fifo/wptr_reg[10]/Q
                         net (fo=122, routed)         0.291     5.399    u_tcp_echo/u_fifo/Q[9]
    SLICE_X85Y104        LUT6 (Prop_B6LUT_SLICEL_I5_O)
                                                      0.100     5.499 f  u_tcp_echo/u_fifo/fel_l_i_4/O
                         net (fo=2, routed)           0.233     5.732    u_tcp_echo/u_fifo/fel_l_i_4_n_53
    SLICE_X84Y105        LUT6 (Prop_G6LUT_SLICEL_I2_O)
                                                      0.114     5.846 f  u_tcp_echo/u_fifo/ffl_l_i_1/O
                         net (fo=14, routed)          0.513     6.359    u_tcp_rx/eco_dbg_fifo_full
    SLICE_X77Y105        LUT6 (Prop_H6LUT_SLICEL_I0_O)
                                                      0.064     6.423 r  u_tcp_rx/acc_l_i_2/O
                         net (fo=58, routed)          0.438     6.861    u_tcp_rx/rx_dbg_accept
    SLICE_X75Y88         LUT6 (Prop_F6LUT_SLICEM_I1_O)
                                                      0.098     6.959 r  u_tcp_rx/FSM_onehot_drn[1]_i_3/O
                         net (fo=3, routed)           0.660     7.619    u_tcp_rx/FSM_onehot_drn[1]_i_3_n_53
    SLICE_X67Y69         LUT5 (Prop_F6LUT_SLICEM_I1_O)
                                                      0.148     7.767 r  u_tcp_rx/FSM_onehot_drn[1]_i_1/O
                         net (fo=31, routed)          1.021     8.789    u_tcp_rx/pay_fend
    SLICE_X33Y56         LUT4 (Prop_F6LUT_SLICEL_I2_O)
                                                      0.098     8.887 r  u_tcp_rx/stat_ack_adv[0]_i_1/O
                         net (fo=73, routed)          0.919     9.805    u_tcp_rx/ack_adv_ev
    SLICE_X21Y23         FDCE                                         r  u_tcp_rx/stat_ack_adv_reg[22]/CE
  -------------------------------------------------------------------    -------------------

                         (clock g_hw.clk_out0 rise edge)
                                                      6.400     6.400 r  
    T25                                               0.000     6.400 r  sys_clk_p (IN)
                         net (fo=0)                   0.079     6.479    u_clkgen/g_hw.u_ibufds/I
    HPIOBDIFFINBUF_X0Y37 DIFFINBUF (Prop_DIFFINBUF_HPIOBDIFFINBUF_DIFF_IN_P_O)
                                                      0.398     6.877 r  u_clkgen/g_hw.u_ibufds/DIFFINBUF_INST/O
                         net (fo=1, routed)           0.040     6.917    u_clkgen/g_hw.u_ibufds/OUT
    T25                  IBUFCTRL (Prop_IBUFCTRL_HPIOB_M_I_O)
                                                      0.000     6.917 r  u_clkgen/g_hw.u_ibufds/IBUFCTRL_INST/O
                         net (fo=1, routed)           0.304     7.221    u_clkgen/g_hw.clk_in_ibuf
    BUFGCE_X0Y41         BUFGCE (Prop_BUFCE_BUFGCE_I_O)
                                                      0.024     7.245 r  u_clkgen/g_hw.u_bufg_in/O
                         net (fo=485, routed)         1.709     8.954    u_clkgen/clk_in_100
    MMCM_X0Y1            MMCME4_ADV (Prop_MMCM_CLKIN1_CLKOUT0)
                                                      0.644     9.598 r  u_clkgen/g_hw.u_mmcm/CLKOUT0
                         net (fo=1, routed)           0.228     9.826    u_clkgen/g_hw.clk_out0
    BUFGCE_X0Y31         BUFGCE (Prop_BUFCE_BUFGCE_I_O)
                                                      0.024     9.850 r  u_clkgen/g_hw.u_bufg_out/O
    X1Y1 (CLOCK_ROOT)    net (fo=49489, routed)       1.616    11.466    u_tcp_rx/dp_clk
    SLICE_X21Y23         FDCE                                         r  u_tcp_rx/stat_ack_adv_reg[22]/C
                         clock pessimism             -0.309    11.157    
                         clock uncertainty           -0.062    11.095    
    SLICE_X21Y23         FDCE (Setup_GFF_SLICEM_C_CE)
                                                     -0.044    11.051    u_tcp_rx/stat_ack_adv_reg[22]
  -------------------------------------------------------------------
                         required time                         11.051    
                         arrival time                          -9.805    
  -------------------------------------------------------------------
                         slack                                  1.246    

Slack (MET) :             1.246ns  (required time - arrival time)
  Source:                 u_tcp_echo/u_fifo/wptr_reg[10]/C
                            (rising edge-triggered cell FDCE clocked by g_hw.clk_out0  {rise@0.000ns fall@3.200ns period=6.400ns})
  Destination:            u_tcp_rx/stat_ack_adv_reg[23]/CE
                            (rising edge-triggered cell FDCE clocked by g_hw.clk_out0  {rise@0.000ns fall@3.200ns period=6.400ns})
  Path Group:             g_hw.clk_out0
  Path Type:              Setup (Max at Slow Process Corner)
  Requirement:            6.400ns  (g_hw.clk_out0 rise@6.400ns - g_hw.clk_out0 rise@0.000ns)
  Data Path Delay:        4.793ns  (logic 0.718ns (14.979%)  route 4.075ns (85.021%))
  Logic Levels:           6  (LUT4=1 LUT5=1 LUT6=4)
  Clock Path Skew:        -0.255ns (DCD - SCD + CPR)
    Destination Clock Delay (DCD):    5.066ns = ( 11.466 - 6.400 ) 
    Source Clock Delay      (SCD):    5.012ns
    Clock Pessimism Removal (CPR):    -0.309ns
  Clock Uncertainty:      0.062ns  ((TSJ^2 + DJ^2)^1/2) / 2 + PE
    Total System Jitter     (TSJ):    0.071ns
    Discrete Jitter          (DJ):    0.101ns
    Phase Error              (PE):    0.000ns
  Clock Net Delay (Source):      1.930ns (routing 0.616ns, distribution 1.314ns)
  Clock Net Delay (Destination): 1.616ns (routing 0.562ns, distribution 1.054ns)

    Location             Delay type                Incr(ns)  Path(ns)    Netlist Resource(s)
  -------------------------------------------------------------------    -------------------
                         (clock g_hw.clk_out0 rise edge)
                                                      0.000     0.000 r  
    T25                                               0.000     0.000 r  sys_clk_p (IN)
                         net (fo=0)                   0.100     0.100    u_clkgen/g_hw.u_ibufds/I
    HPIOBDIFFINBUF_X0Y37 DIFFINBUF (Prop_DIFFINBUF_HPIOBDIFFINBUF_DIFF_IN_P_O)
                                                      0.479     0.579 r  u_clkgen/g_hw.u_ibufds/DIFFINBUF_INST/O
                         net (fo=1, routed)           0.050     0.629    u_clkgen/g_hw.u_ibufds/OUT
    T25                  IBUFCTRL (Prop_IBUFCTRL_HPIOB_M_I_O)
                                                      0.000     0.629 r  u_clkgen/g_hw.u_ibufds/IBUFCTRL_INST/O
                         net (fo=1, routed)           0.345     0.974    u_clkgen/g_hw.clk_in_ibuf
    BUFGCE_X0Y41         BUFGCE (Prop_BUFCE_BUFGCE_I_O)
                                                      0.028     1.002 r  u_clkgen/g_hw.u_bufg_in/O
                         net (fo=485, routed)         1.902     2.904    u_clkgen/clk_in_100
    MMCM_X0Y1            MMCME4_ADV (Prop_MMCM_CLKIN1_CLKOUT0)
                                                     -0.106     2.798 r  u_clkgen/g_hw.u_mmcm/CLKOUT0
                         net (fo=1, routed)           0.256     3.054    u_clkgen/g_hw.clk_out0
    BUFGCE_X0Y31         BUFGCE (Prop_BUFCE_BUFGCE_I_O)
                                                      0.028     3.082 r  u_clkgen/g_hw.u_bufg_out/O
    X1Y1 (CLOCK_ROOT)    net (fo=49489, routed)       1.930     5.012    u_tcp_echo/u_fifo/dp_clk
    SLICE_X87Y105        FDCE                                         r  u_tcp_echo/u_fifo/wptr_reg[10]/C
  -------------------------------------------------------------------    -------------------
    SLICE_X87Y105        FDCE (Prop_HFF_SLICEL_C_Q)
                                                      0.096     5.108 r  u_tcp_echo/u_fifo/wptr_reg[10]/Q
                         net (fo=122, routed)         0.291     5.399    u_tcp_echo/u_fifo/Q[9]
    SLICE_X85Y104        LUT6 (Prop_B6LUT_SLICEL_I5_O)
                                                      0.100     5.499 f  u_tcp_echo/u_fifo/fel_l_i_4/O
                         net (fo=2, routed)           0.233     5.732    u_tcp_echo/u_fifo/fel_l_i_4_n_53
    SLICE_X84Y105        LUT6 (Prop_G6LUT_SLICEL_I2_O)
                                                      0.114     5.846 f  u_tcp_echo/u_fifo/ffl_l_i_1/O
                         net (fo=14, routed)          0.513     6.359    u_tcp_rx/eco_dbg_fifo_full
    SLICE_X77Y105        LUT6 (Prop_H6LUT_SLICEL_I0_O)
                                                      0.064     6.423 r  u_tcp_rx/acc_l_i_2/O
                         net (fo=58, routed)          0.438     6.861    u_tcp_rx/rx_dbg_accept
    SLICE_X75Y88         LUT6 (Prop_F6LUT_SLICEM_I1_O)
                                                      0.098     6.959 r  u_tcp_rx/FSM_onehot_drn[1]_i_3/O
                         net (fo=3, routed)           0.660     7.619    u_tcp_rx/FSM_onehot_drn[1]_i_3_n_53
    SLICE_X67Y69         LUT5 (Prop_F6LUT_SLICEM_I1_O)
                                                      0.148     7.767 r  u_tcp_rx/FSM_onehot_drn[1]_i_1/O
                         net (fo=31, routed)          1.021     8.789    u_tcp_rx/pay_fend
    SLICE_X33Y56         LUT4 (Prop_F6LUT_SLICEL_I2_O)
                                                      0.098     8.887 r  u_tcp_rx/stat_ack_adv[0]_i_1/O
                         net (fo=73, routed)          0.919     9.805    u_tcp_rx/ack_adv_ev
    SLICE_X21Y23         FDCE                                         r  u_tcp_rx/stat_ack_adv_reg[23]/CE
  -------------------------------------------------------------------    -------------------

                         (clock g_hw.clk_out0 rise edge)
                                                      6.400     6.400 r  
    T25                                               0.000     6.400 r  sys_clk_p (IN)
                         net (fo=0)                   0.079     6.479    u_clkgen/g_hw.u_ibufds/I
    HPIOBDIFFINBUF_X0Y37 DIFFINBUF (Prop_DIFFINBUF_HPIOBDIFFINBUF_DIFF_IN_P_O)
                                                      0.398     6.877 r  u_clkgen/g_hw.u_ibufds/DIFFINBUF_INST/O
                         net (fo=1, routed)           0.040     6.917    u_clkgen/g_hw.u_ibufds/OUT
    T25                  IBUFCTRL (Prop_IBUFCTRL_HPIOB_M_I_O)
                                                      0.000     6.917 r  u_clkgen/g_hw.u_ibufds/IBUFCTRL_INST/O
                         net (fo=1, routed)           0.304     7.221    u_clkgen/g_hw.clk_in_ibuf
    BUFGCE_X0Y41         BUFGCE (Prop_BUFCE_BUFGCE_I_O)
                                                      0.024     7.245 r  u_clkgen/g_hw.u_bufg_in/O
                         net (fo=485, routed)         1.709     8.954    u_clkgen/clk_in_100
    MMCM_X0Y1            MMCME4_ADV (Prop_MMCM_CLKIN1_CLKOUT0)
                                                      0.644     9.598 r  u_clkgen/g_hw.u_mmcm/CLKOUT0
                         net (fo=1, routed)           0.228     9.826    u_clkgen/g_hw.clk_out0
    BUFGCE_X0Y31         BUFGCE (Prop_BUFCE_BUFGCE_I_O)
                                                      0.024     9.850 r  u_clkgen/g_hw.u_bufg_out/O
    X1Y1 (CLOCK_ROOT)    net (fo=49489, routed)       1.616    11.466    u_tcp_rx/dp_clk
    SLICE_X21Y23         FDCE                                         r  u_tcp_rx/stat_ack_adv_reg[23]/C
                         clock pessimism             -0.309    11.157    
                         clock uncertainty           -0.062    11.095    
    SLICE_X21Y23         FDCE (Setup_HFF_SLICEM_C_CE)
                                                     -0.044    11.051    u_tcp_rx/stat_ack_adv_reg[23]
  -------------------------------------------------------------------
                         required time                         11.051    
                         arrival time                          -9.805    
  -------------------------------------------------------------------
                         slack                                  1.246    

Slack (MET) :             1.249ns  (required time - arrival time)
  Source:                 u_tcp_echo/u_fifo/wptr_reg[10]/C
                            (rising edge-triggered cell FDCE clocked by g_hw.clk_out0  {rise@0.000ns fall@3.200ns period=6.400ns})
  Destination:            u_tcp_rx/stat_ack_adv_reg[16]/CE
                            (rising edge-triggered cell FDCE clocked by g_hw.clk_out0  {rise@0.000ns fall@3.200ns period=6.400ns})
  Path Group:             g_hw.clk_out0
  Path Type:              Setup (Max at Slow Process Corner)
  Requirement:            6.400ns  (g_hw.clk_out0 rise@6.400ns - g_hw.clk_out0 rise@0.000ns)
  Data Path Delay:        4.791ns  (logic 0.718ns (14.985%)  route 4.073ns (85.015%))
  Logic Levels:           6  (LUT4=1 LUT5=1 LUT6=4)
  Clock Path Skew:        -0.255ns (DCD - SCD + CPR)
    Destination Clock Delay (DCD):    5.066ns = ( 11.466 - 6.400 ) 
    Source Clock Delay      (SCD):    5.012ns
    Clock Pessimism Removal (CPR):    -0.309ns
  Clock Uncertainty:      0.062ns  ((TSJ^2 + DJ^2)^1/2) / 2 + PE
    Total System Jitter     (TSJ):    0.071ns
    Discrete Jitter          (DJ):    0.101ns
    Phase Error              (PE):    0.000ns
  Clock Net Delay (Source):      1.930ns (routing 0.616ns, distribution 1.314ns)
  Clock Net Delay (Destination): 1.616ns (routing 0.562ns, distribution 1.054ns)

    Location             Delay type                Incr(ns)  Path(ns)    Netlist Resource(s)
  -------------------------------------------------------------------    -------------------
                         (clock g_hw.clk_out0 rise edge)
                                                      0.000     0.000 r  
    T25                                               0.000     0.000 r  sys_clk_p (IN)
                         net (fo=0)                   0.100     0.100    u_clkgen/g_hw.u_ibufds/I
    HPIOBDIFFINBUF_X0Y37 DIFFINBUF (Prop_DIFFINBUF_HPIOBDIFFINBUF_DIFF_IN_P_O)
                                                      0.479     0.579 r  u_clkgen/g_hw.u_ibufds/DIFFINBUF_INST/O
                         net (fo=1, routed)           0.050     0.629    u_clkgen/g_hw.u_ibufds/OUT
    T25                  IBUFCTRL (Prop_IBUFCTRL_HPIOB_M_I_O)
                                                      0.000     0.629 r  u_clkgen/g_hw.u_ibufds/IBUFCTRL_INST/O
                         net (fo=1, routed)           0.345     0.974    u_clkgen/g_hw.clk_in_ibuf
    BUFGCE_X0Y41         BUFGCE (Prop_BUFCE_BUFGCE_I_O)
                                                      0.028     1.002 r  u_clkgen/g_hw.u_bufg_in/O
                         net (fo=485, routed)         1.902     2.904    u_clkgen/clk_in_100
    MMCM_X0Y1            MMCME4_ADV (Prop_MMCM_CLKIN1_CLKOUT0)
                                                     -0.106     2.798 r  u_clkgen/g_hw.u_mmcm/CLKOUT0
                         net (fo=1, routed)           0.256     3.054    u_clkgen/g_hw.clk_out0
    BUFGCE_X0Y31         BUFGCE (Prop_BUFCE_BUFGCE_I_O)
                                                      0.028     3.082 r  u_clkgen/g_hw.u_bufg_out/O
    X1Y1 (CLOCK_ROOT)    net (fo=49489, routed)       1.930     5.012    u_tcp_echo/u_fifo/dp_clk
    SLICE_X87Y105        FDCE                                         r  u_tcp_echo/u_fifo/wptr_reg[10]/C
  -------------------------------------------------------------------    -------------------
    SLICE_X87Y105        FDCE (Prop_HFF_SLICEL_C_Q)
                                                      0.096     5.108 r  u_tcp_echo/u_fifo/wptr_reg[10]/Q
                         net (fo=122, routed)         0.291     5.399    u_tcp_echo/u_fifo/Q[9]
    SLICE_X85Y104        LUT6 (Prop_B6LUT_SLICEL_I5_O)
                                                      0.100     5.499 f  u_tcp_echo/u_fifo/fel_l_i_4/O
                         net (fo=2, routed)           0.233     5.732    u_tcp_echo/u_fifo/fel_l_i_4_n_53
    SLICE_X84Y105        LUT6 (Prop_G6LUT_SLICEL_I2_O)
                                                      0.114     5.846 f  u_tcp_echo/u_fifo/ffl_l_i_1/O
                         net (fo=14, routed)          0.513     6.359    u_tcp_rx/eco_dbg_fifo_full
    SLICE_X77Y105        LUT6 (Prop_H6LUT_SLICEL_I0_O)
                                                      0.064     6.423 r  u_tcp_rx/acc_l_i_2/O
                         net (fo=58, routed)          0.438     6.861    u_tcp_rx/rx_dbg_accept
    SLICE_X75Y88         LUT6 (Prop_F6LUT_SLICEM_I1_O)
                                                      0.098     6.959 r  u_tcp_rx/FSM_onehot_drn[1]_i_3/O
                         net (fo=3, routed)           0.660     7.619    u_tcp_rx/FSM_onehot_drn[1]_i_3_n_53
    SLICE_X67Y69         LUT5 (Prop_F6LUT_SLICEM_I1_O)
                                                      0.148     7.767 r  u_tcp_rx/FSM_onehot_drn[1]_i_1/O
                         net (fo=31, routed)          1.021     8.789    u_tcp_rx/pay_fend
    SLICE_X33Y56         LUT4 (Prop_F6LUT_SLICEL_I2_O)
                                                      0.098     8.887 r  u_tcp_rx/stat_ack_adv[0]_i_1/O
                         net (fo=73, routed)          0.917     9.803    u_tcp_rx/ack_adv_ev
    SLICE_X21Y23         FDCE                                         r  u_tcp_rx/stat_ack_adv_reg[16]/CE
  -------------------------------------------------------------------    -------------------

                         (clock g_hw.clk_out0 rise edge)
                                                      6.400     6.400 r  
    T25                                               0.000     6.400 r  sys_clk_p (IN)
                         net (fo=0)                   0.079     6.479    u_clkgen/g_hw.u_ibufds/I
    HPIOBDIFFINBUF_X0Y37 DIFFINBUF (Prop_DIFFINBUF_HPIOBDIFFINBUF_DIFF_IN_P_O)
                                                      0.398     6.877 r  u_clkgen/g_hw.u_ibufds/DIFFINBUF_INST/O
                         net (fo=1, routed)           0.040     6.917    u_clkgen/g_hw.u_ibufds/OUT
    T25                  IBUFCTRL (Prop_IBUFCTRL_HPIOB_M_I_O)
                                                      0.000     6.917 r  u_clkgen/g_hw.u_ibufds/IBUFCTRL_INST/O
                         net (fo=1, routed)           0.304     7.221    u_clkgen/g_hw.clk_in_ibuf
    BUFGCE_X0Y41         BUFGCE (Prop_BUFCE_BUFGCE_I_O)
                                                      0.024     7.245 r  u_clkgen/g_hw.u_bufg_in/O
                         net (fo=485, routed)         1.709     8.954    u_clkgen/clk_in_100
    MMCM_X0Y1            MMCME4_ADV (Prop_MMCM_CLKIN1_CLKOUT0)
                                                      0.644     9.598 r  u_clkgen/g_hw.u_mmcm/CLKOUT0
                         net (fo=1, routed)           0.228     9.826    u_clkgen/g_hw.clk_out0
    BUFGCE_X0Y31         BUFGCE (Prop_BUFCE_BUFGCE_I_O)
                                                      0.024     9.850 r  u_clkgen/g_hw.u_bufg_out/O
    X1Y1 (CLOCK_ROOT)    net (fo=49489, routed)       1.616    11.466    u_tcp_rx/dp_clk
    SLICE_X21Y23         FDCE                                         r  u_tcp_rx/stat_ack_adv_reg[16]/C
                         clock pessimism             -0.309    11.157    
                         clock uncertainty           -0.062    11.095    
    SLICE_X21Y23         FDCE (Setup_AFF_SLICEM_C_CE)
                                                     -0.043    11.052    u_tcp_rx/stat_ack_adv_reg[16]
  -------------------------------------------------------------------
                         required time                         11.052    
                         arrival time                          -9.803    
  -------------------------------------------------------------------
                         slack                                  1.249    

Slack (MET) :             1.249ns  (required time - arrival time)
  Source:                 u_tcp_echo/u_fifo/wptr_reg[10]/C
                            (rising edge-triggered cell FDCE clocked by g_hw.clk_out0  {rise@0.000ns fall@3.200ns period=6.400ns})
  Destination:            u_tcp_rx/stat_ack_adv_reg[17]/CE
                            (rising edge-triggered cell FDCE clocked by g_hw.clk_out0  {rise@0.000ns fall@3.200ns period=6.400ns})
  Path Group:             g_hw.clk_out0
  Path Type:              Setup (Max at Slow Process Corner)
  Requirement:            6.400ns  (g_hw.clk_out0 rise@6.400ns - g_hw.clk_out0 rise@0.000ns)
  Data Path Delay:        4.791ns  (logic 0.718ns (14.985%)  route 4.073ns (85.015%))
  Logic Levels:           6  (LUT4=1 LUT5=1 LUT6=4)
  Clock Path Skew:        -0.255ns (DCD - SCD + CPR)
    Destination Clock Delay (DCD):    5.066ns = ( 11.466 - 6.400 ) 
    Source Clock Delay      (SCD):    5.012ns
    Clock Pessimism Removal (CPR):    -0.309ns
  Clock Uncertainty:      0.062ns  ((TSJ^2 + DJ^2)^1/2) / 2 + PE
    Total System Jitter     (TSJ):    0.071ns
    Discrete Jitter          (DJ):    0.101ns
    Phase Error              (PE):    0.000ns
  Clock Net Delay (Source):      1.930ns (routing 0.616ns, distribution 1.314ns)
  Clock Net Delay (Destination): 1.616ns (routing 0.562ns, distribution 1.054ns)

    Location             Delay type                Incr(ns)  Path(ns)    Netlist Resource(s)
  -------------------------------------------------------------------    -------------------
                         (clock g_hw.clk_out0 rise edge)
                                                      0.000     0.000 r  
    T25                                               0.000     0.000 r  sys_clk_p (IN)
                         net (fo=0)                   0.100     0.100    u_clkgen/g_hw.u_ibufds/I
    HPIOBDIFFINBUF_X0Y37 DIFFINBUF (Prop_DIFFINBUF_HPIOBDIFFINBUF_DIFF_IN_P_O)
                                                      0.479     0.579 r  u_clkgen/g_hw.u_ibufds/DIFFINBUF_INST/O
                         net (fo=1, routed)           0.050     0.629    u_clkgen/g_hw.u_ibufds/OUT
    T25                  IBUFCTRL (Prop_IBUFCTRL_HPIOB_M_I_O)
                                                      0.000     0.629 r  u_clkgen/g_hw.u_ibufds/IBUFCTRL_INST/O
                         net (fo=1, routed)           0.345     0.974    u_clkgen/g_hw.clk_in_ibuf
    BUFGCE_X0Y41         BUFGCE (Prop_BUFCE_BUFGCE_I_O)
                                                      0.028     1.002 r  u_clkgen/g_hw.u_bufg_in/O
                         net (fo=485, routed)         1.902     2.904    u_clkgen/clk_in_100
    MMCM_X0Y1            MMCME4_ADV (Prop_MMCM_CLKIN1_CLKOUT0)
                                                     -0.106     2.798 r  u_clkgen/g_hw.u_mmcm/CLKOUT0
                         net (fo=1, routed)           0.256     3.054    u_clkgen/g_hw.clk_out0
    BUFGCE_X0Y31         BUFGCE (Prop_BUFCE_BUFGCE_I_O)
                                                      0.028     3.082 r  u_clkgen/g_hw.u_bufg_out/O
    X1Y1 (CLOCK_ROOT)    net (fo=49489, routed)       1.930     5.012    u_tcp_echo/u_fifo/dp_clk
    SLICE_X87Y105        FDCE                                         r  u_tcp_echo/u_fifo/wptr_reg[10]/C
  -------------------------------------------------------------------    -------------------
    SLICE_X87Y105        FDCE (Prop_HFF_SLICEL_C_Q)
                                                      0.096     5.108 r  u_tcp_echo/u_fifo/wptr_reg[10]/Q
                         net (fo=122, routed)         0.291     5.399    u_tcp_echo/u_fifo/Q[9]
    SLICE_X85Y104        LUT6 (Prop_B6LUT_SLICEL_I5_O)
                                                      0.100     5.499 f  u_tcp_echo/u_fifo/fel_l_i_4/O
                         net (fo=2, routed)           0.233     5.732    u_tcp_echo/u_fifo/fel_l_i_4_n_53
    SLICE_X84Y105        LUT6 (Prop_G6LUT_SLICEL_I2_O)
                                                      0.114     5.846 f  u_tcp_echo/u_fifo/ffl_l_i_1/O
                         net (fo=14, routed)          0.513     6.359    u_tcp_rx/eco_dbg_fifo_full
    SLICE_X77Y105        LUT6 (Prop_H6LUT_SLICEL_I0_O)
                                                      0.064     6.423 r  u_tcp_rx/acc_l_i_2/O
                         net (fo=58, routed)          0.438     6.861    u_tcp_rx/rx_dbg_accept
    SLICE_X75Y88         LUT6 (Prop_F6LUT_SLICEM_I1_O)
                                                      0.098     6.959 r  u_tcp_rx/FSM_onehot_drn[1]_i_3/O
                         net (fo=3, routed)           0.660     7.619    u_tcp_rx/FSM_onehot_drn[1]_i_3_n_53
    SLICE_X67Y69         LUT5 (Prop_F6LUT_SLICEM_I1_O)
                                                      0.148     7.767 r  u_tcp_rx/FSM_onehot_drn[1]_i_1/O
                         net (fo=31, routed)          1.021     8.789    u_tcp_rx/pay_fend
    SLICE_X33Y56         LUT4 (Prop_F6LUT_SLICEL_I2_O)
                                                      0.098     8.887 r  u_tcp_rx/stat_ack_adv[0]_i_1/O
                         net (fo=73, routed)          0.917     9.803    u_tcp_rx/ack_adv_ev
    SLICE_X21Y23         FDCE                                         r  u_tcp_rx/stat_ack_adv_reg[17]/CE
  -------------------------------------------------------------------    -------------------

                         (clock g_hw.clk_out0 rise edge)
                                                      6.400     6.400 r  
    T25                                               0.000     6.400 r  sys_clk_p (IN)
                         net (fo=0)                   0.079     6.479    u_clkgen/g_hw.u_ibufds/I
    HPIOBDIFFINBUF_X0Y37 DIFFINBUF (Prop_DIFFINBUF_HPIOBDIFFINBUF_DIFF_IN_P_O)
                                                      0.398     6.877 r  u_clkgen/g_hw.u_ibufds/DIFFINBUF_INST/O
                         net (fo=1, routed)           0.040     6.917    u_clkgen/g_hw.u_ibufds/OUT
    T25                  IBUFCTRL (Prop_IBUFCTRL_HPIOB_M_I_O)
                                                      0.000     6.917 r  u_clkgen/g_hw.u_ibufds/IBUFCTRL_INST/O
                         net (fo=1, routed)           0.304     7.221    u_clkgen/g_hw.clk_in_ibuf
    BUFGCE_X0Y41         BUFGCE (Prop_BUFCE_BUFGCE_I_O)
                                                      0.024     7.245 r  u_clkgen/g_hw.u_bufg_in/O
                         net (fo=485, routed)         1.709     8.954    u_clkgen/clk_in_100
    MMCM_X0Y1            MMCME4_ADV (Prop_MMCM_CLKIN1_CLKOUT0)
                                                      0.644     9.598 r  u_clkgen/g_hw.u_mmcm/CLKOUT0
                         net (fo=1, routed)           0.228     9.826    u_clkgen/g_hw.clk_out0
    BUFGCE_X0Y31         BUFGCE (Prop_BUFCE_BUFGCE_I_O)
                                                      0.024     9.850 r  u_clkgen/g_hw.u_bufg_out/O
    X1Y1 (CLOCK_ROOT)    net (fo=49489, routed)       1.616    11.466    u_tcp_rx/dp_clk
    SLICE_X21Y23         FDCE                                         r  u_tcp_rx/stat_ack_adv_reg[17]/C
                         clock pessimism             -0.309    11.157    
                         clock uncertainty           -0.062    11.095    
    SLICE_X21Y23         FDCE (Setup_BFF_SLICEM_C_CE)
                                                     -0.043    11.052    u_tcp_rx/stat_ack_adv_reg[17]
  -------------------------------------------------------------------
                         required time                         11.052    
                         arrival time                          -9.803    
  -------------------------------------------------------------------
                         slack                                  1.249    




