Copyright 1986-2022 Xilinx, Inc. All Rights Reserved. Copyright 2022-2025 Advanced Micro Devices, Inc. All Rights Reserved.
----------------------------------------------------------------------------------------------------------------------------------------------------------------------------------------------------------------------------------------------------------------------------------
| Tool Version      : Vivado v.2025.2 (win64) Build 6299465 Fri Nov 14 19:35:11 GMT 2025
| Date              : Sat Oct 10 10:13:29 2026
| Host              : xyz-intel running 64-bit major release  (build 9200)
| Command           : report_timing -to [get_pins -quiet -of [get_cells -hier -quiet -filter {NAME =~ *stat_ack_adv_reg*}] -filter {REF_PIN_NAME =~ D}] -max_paths 10 -delay_type max -file {D:\repo\XCKU5PMini\udp_hls_10g\_proj_10g\notes\p7b_buildF_build\query_F/F_w68_D.rpt}
| Design            : wrapper_p4
| Device            : xcku5p-ffvb676
| Speed File        : -1  PRODUCTION 1.29 05-01-2022
| Design State      : Routed
| Temperature Grade : E
----------------------------------------------------------------------------------------------------------------------------------------------------------------------------------------------------------------------------------------------------------------------------------

Timing Report

Slack (MET) :             5.367ns  (required time - arrival time)
  Source:                 u_tcp_rx/stat_ack_adv_reg[6]/C
                            (rising edge-triggered cell FDCE clocked by g_hw.clk_out0  {rise@0.000ns fall@3.200ns period=6.400ns})
  Destination:            u_tcp_rx/stat_ack_adv_reg[31]/D
                            (rising edge-triggered cell FDCE clocked by g_hw.clk_out0  {rise@0.000ns fall@3.200ns period=6.400ns})
  Path Group:             g_hw.clk_out0
  Path Type:              Setup (Max at Slow Process Corner)
  Requirement:            6.400ns  (g_hw.clk_out0 rise@6.400ns - g_hw.clk_out0 rise@0.000ns)
  Data Path Delay:        0.951ns  (logic 0.437ns (45.943%)  route 0.514ns (54.057%))
  Logic Levels:           4  (CARRY8=4)
  Clock Path Skew:        -0.047ns (DCD - SCD + CPR)
    Destination Clock Delay (DCD):    5.065ns = ( 11.465 - 6.400 ) 
    Source Clock Delay      (SCD):    4.926ns
    Clock Pessimism Removal (CPR):    -0.186ns
  Clock Uncertainty:      0.062ns  ((TSJ^2 + DJ^2)^1/2) / 2 + PE
    Total System Jitter     (TSJ):    0.071ns
    Discrete Jitter          (DJ):    0.101ns
    Phase Error              (PE):    0.000ns
  Clock Net Delay (Source):      1.844ns (routing 0.616ns, distribution 1.228ns)
  Clock Net Delay (Destination): 1.615ns (routing 0.562ns, distribution 1.053ns)

    Location             Delay type                Incr(ns)  Path(ns)    Netlist Resource(s)
  -------------------------------------------------------------------    -------------------
                         (clock g_hw.clk_out0 rise edge)
                                                      0.000     0.000 r  
    T25                                               0.000     0.000 r  sys_clk_p (IN)
                         net (fo=0)                   0.100     0.100    u_clkgen/g_hw.u_ibufds/I
    HPIOBDIFFINBUF_X0Y37 DIFFINBUF (Prop_DIFFINBUF_HPIOBDIFFINBUF_DIFF_IN_P_O)
                                                      0.479     0.579 r  u_clkgen/g_hw.u_ibufds/DIFFINBUF_INST/O
                         net (fo=1, routed)           0.050     0.629    u_clkgen/g_hw.u_ibufds/OUT
    T25                  IBUFCTRL (Prop_IBUFCTRL_HPIOB_M_I_O)
                                                      0.000     0.629 r  u_clkgen/g_hw.u_ibufds/IBUFCTRL_INST/O
                         net (fo=1, routed)           0.345     0.974    u_clkgen/g_hw.clk_in_ibuf
    BUFGCE_X0Y41         BUFGCE (Prop_BUFCE_BUFGCE_I_O)
                                                      0.028     1.002 r  u_clkgen/g_hw.u_bufg_in/O
                         net (fo=485, routed)         1.902     2.904    u_clkgen/clk_in_100
    MMCM_X0Y1            MMCME4_ADV (Prop_MMCM_CLKIN1_CLKOUT0)
                                                     -0.106     2.798 r  u_clkgen/g_hw.u_mmcm/CLKOUT0
                         net (fo=1, routed)           0.256     3.054    u_clkgen/g_hw.clk_out0
    BUFGCE_X0Y31         BUFGCE (Prop_BUFCE_BUFGCE_I_O)
                                                      0.028     3.082 r  u_clkgen/g_hw.u_bufg_out/O
    X1Y1 (CLOCK_ROOT)    net (fo=49489, routed)       1.844     4.926    u_tcp_rx/dp_clk
    SLICE_X21Y21         FDCE                                         r  u_tcp_rx/stat_ack_adv_reg[6]/C
  -------------------------------------------------------------------    -------------------
    SLICE_X21Y21         FDCE (Prop_GFF_SLICEM_C_Q)
                                                      0.095     5.021 r  u_tcp_rx/stat_ack_adv_reg[6]/Q
                         net (fo=2, routed)           0.399     5.420    u_tcp_rx/stat_ack_adv_reg[31]_0[6]
    SLICE_X21Y21         CARRY8 (Prop_CARRY8_SLICEM_S[6]_CO[7])
                                                      0.150     5.570 r  u_tcp_rx/stat_ack_adv_reg[0]_i_2/CO[7]
                         net (fo=1, routed)           0.028     5.598    u_tcp_rx/stat_ack_adv_reg[0]_i_2_n_53
    SLICE_X21Y22         CARRY8 (Prop_CARRY8_SLICEM_CI_CO[7])
                                                      0.023     5.621 r  u_tcp_rx/stat_ack_adv_reg[8]_i_1/CO[7]
                         net (fo=1, routed)           0.028     5.649    u_tcp_rx/stat_ack_adv_reg[8]_i_1_n_53
    SLICE_X21Y23         CARRY8 (Prop_CARRY8_SLICEM_CI_CO[7])
                                                      0.023     5.672 r  u_tcp_rx/stat_ack_adv_reg[16]_i_1/CO[7]
                         net (fo=1, routed)           0.028     5.700    u_tcp_rx/stat_ack_adv_reg[16]_i_1_n_53
    SLICE_X21Y24         CARRY8 (Prop_CARRY8_SLICEM_CI_O[7])
                                                      0.146     5.846 r  u_tcp_rx/stat_ack_adv_reg[24]_i_1/O[7]
                         net (fo=1, routed)           0.031     5.877    u_tcp_rx/stat_ack_adv_reg[24]_i_1_n_61
    SLICE_X21Y24         FDCE                                         r  u_tcp_rx/stat_ack_adv_reg[31]/D
  -------------------------------------------------------------------    -------------------

                         (clock g_hw.clk_out0 rise edge)
                                                      6.400     6.400 r  
    T25                                               0.000     6.400 r  sys_clk_p (IN)
                         net (fo=0)                   0.079     6.479    u_clkgen/g_hw.u_ibufds/I
    HPIOBDIFFINBUF_X0Y37 DIFFINBUF (Prop_DIFFINBUF_HPIOBDIFFINBUF_DIFF_IN_P_O)
                                                      0.398     6.877 r  u_clkgen/g_hw.u_ibufds/DIFFINBUF_INST/O
                         net (fo=1, routed)           0.040     6.917    u_clkgen/g_hw.u_ibufds/OUT
    T25                  IBUFCTRL (Prop_IBUFCTRL_HPIOB_M_I_O)
                                                      0.000     6.917 r  u_clkgen/g_hw.u_ibufds/IBUFCTRL_INST/O
                         net (fo=1, routed)           0.304     7.221    u_clkgen/g_hw.clk_in_ibuf
    BUFGCE_X0Y41         BUFGCE (Prop_BUFCE_BUFGCE_I_O)
                                                      0.024     7.245 r  u_clkgen/g_hw.u_bufg_in/O
                         net (fo=485, routed)         1.709     8.954    u_clkgen/clk_in_100
    MMCM_X0Y1            MMCME4_ADV (Prop_MMCM_CLKIN1_CLKOUT0)
                                                      0.644     9.598 r  u_clkgen/g_hw.u_mmcm/CLKOUT0
                         net (fo=1, routed)           0.228     9.826    u_clkgen/g_hw.clk_out0
    BUFGCE_X0Y31         BUFGCE (Prop_BUFCE_BUFGCE_I_O)
                                                      0.024     9.850 r  u_clkgen/g_hw.u_bufg_out/O
    X1Y1 (CLOCK_ROOT)    net (fo=49489, routed)       1.615    11.465    u_tcp_rx/dp_clk
    SLICE_X21Y24         FDCE                                         r  u_tcp_rx/stat_ack_adv_reg[31]/C
                         clock pessimism             -0.186    11.279    
                         clock uncertainty           -0.062    11.217    
    SLICE_X21Y24         FDCE (Setup_HFF_SLICEM_C_D)
                                                      0.027    11.244    u_tcp_rx/stat_ack_adv_reg[31]
  -------------------------------------------------------------------
                         required time                         11.244    
                         arrival time                          -5.877    
  -------------------------------------------------------------------
                         slack                                  5.367    

Slack (MET) :             5.368ns  (required time - arrival time)
  Source:                 u_tcp_rx/stat_ack_adv_reg[6]/C
                            (rising edge-triggered cell FDCE clocked by g_hw.clk_out0  {rise@0.000ns fall@3.200ns period=6.400ns})
  Destination:            u_tcp_rx/stat_ack_adv_reg[29]/D
                            (rising edge-triggered cell FDCE clocked by g_hw.clk_out0  {rise@0.000ns fall@3.200ns period=6.400ns})
  Path Group:             g_hw.clk_out0
  Path Type:              Setup (Max at Slow Process Corner)
  Requirement:            6.400ns  (g_hw.clk_out0 rise@6.400ns - g_hw.clk_out0 rise@0.000ns)
  Data Path Delay:        0.950ns  (logic 0.436ns (45.886%)  route 0.514ns (54.114%))
  Logic Levels:           4  (CARRY8=4)
  Clock Path Skew:        -0.047ns (DCD - SCD + CPR)
    Destination Clock Delay (DCD):    5.065ns = ( 11.465 - 6.400 ) 
    Source Clock Delay      (SCD):    4.926ns
    Clock Pessimism Removal (CPR):    -0.186ns
  Clock Uncertainty:      0.062ns  ((TSJ^2 + DJ^2)^1/2) / 2 + PE
    Total System Jitter     (TSJ):    0.071ns
    Discrete Jitter          (DJ):    0.101ns
    Phase Error              (PE):    0.000ns
  Clock Net Delay (Source):      1.844ns (routing 0.616ns, distribution 1.228ns)
  Clock Net Delay (Destination): 1.615ns (routing 0.562ns, distribution 1.053ns)

    Location             Delay type                Incr(ns)  Path(ns)    Netlist Resource(s)
  -------------------------------------------------------------------    -------------------
                         (clock g_hw.clk_out0 rise edge)
                                                      0.000     0.000 r  
    T25                                               0.000     0.000 r  sys_clk_p (IN)
                         net (fo=0)                   0.100     0.100    u_clkgen/g_hw.u_ibufds/I
    HPIOBDIFFINBUF_X0Y37 DIFFINBUF (Prop_DIFFINBUF_HPIOBDIFFINBUF_DIFF_IN_P_O)
                                                      0.479     0.579 r  u_clkgen/g_hw.u_ibufds/DIFFINBUF_INST/O
                         net (fo=1, routed)           0.050     0.629    u_clkgen/g_hw.u_ibufds/OUT
    T25                  IBUFCTRL (Prop_IBUFCTRL_HPIOB_M_I_O)
                                                      0.000     0.629 r  u_clkgen/g_hw.u_ibufds/IBUFCTRL_INST/O
                         net (fo=1, routed)           0.345     0.974    u_clkgen/g_hw.clk_in_ibuf
    BUFGCE_X0Y41         BUFGCE (Prop_BUFCE_BUFGCE_I_O)
                                                      0.028     1.002 r  u_clkgen/g_hw.u_bufg_in/O
                         net (fo=485, routed)         1.902     2.904    u_clkgen/clk_in_100
    MMCM_X0Y1            MMCME4_ADV (Prop_MMCM_CLKIN1_CLKOUT0)
                                                     -0.106     2.798 r  u_clkgen/g_hw.u_mmcm/CLKOUT0
                         net (fo=1, routed)           0.256     3.054    u_clkgen/g_hw.clk_out0
    BUFGCE_X0Y31         BUFGCE (Prop_BUFCE_BUFGCE_I_O)
                                                      0.028     3.082 r  u_clkgen/g_hw.u_bufg_out/O
    X1Y1 (CLOCK_ROOT)    net (fo=49489, routed)       1.844     4.926    u_tcp_rx/dp_clk
    SLICE_X21Y21         FDCE                                         r  u_tcp_rx/stat_ack_adv_reg[6]/C
  -------------------------------------------------------------------    -------------------
    SLICE_X21Y21         FDCE (Prop_GFF_SLICEM_C_Q)
                                                      0.095     5.021 r  u_tcp_rx/stat_ack_adv_reg[6]/Q
                         net (fo=2, routed)           0.399     5.420    u_tcp_rx/stat_ack_adv_reg[31]_0[6]
    SLICE_X21Y21         CARRY8 (Prop_CARRY8_SLICEM_S[6]_CO[7])
                                                      0.150     5.570 r  u_tcp_rx/stat_ack_adv_reg[0]_i_2/CO[7]
                         net (fo=1, routed)           0.028     5.598    u_tcp_rx/stat_ack_adv_reg[0]_i_2_n_53
    SLICE_X21Y22         CARRY8 (Prop_CARRY8_SLICEM_CI_CO[7])
                                                      0.023     5.621 r  u_tcp_rx/stat_ack_adv_reg[8]_i_1/CO[7]
                         net (fo=1, routed)           0.028     5.649    u_tcp_rx/stat_ack_adv_reg[8]_i_1_n_53
    SLICE_X21Y23         CARRY8 (Prop_CARRY8_SLICEM_CI_CO[7])
                                                      0.023     5.672 r  u_tcp_rx/stat_ack_adv_reg[16]_i_1/CO[7]
                         net (fo=1, routed)           0.028     5.700    u_tcp_rx/stat_ack_adv_reg[16]_i_1_n_53
    SLICE_X21Y24         CARRY8 (Prop_CARRY8_SLICEM_CI_O[5])
                                                      0.145     5.845 r  u_tcp_rx/stat_ack_adv_reg[24]_i_1/O[5]
                         net (fo=1, routed)           0.031     5.876    u_tcp_rx/stat_ack_adv_reg[24]_i_1_n_63
    SLICE_X21Y24         FDCE                                         r  u_tcp_rx/stat_ack_adv_reg[29]/D
  -------------------------------------------------------------------    -------------------

                         (clock g_hw.clk_out0 rise edge)
                                                      6.400     6.400 r  
    T25                                               0.000     6.400 r  sys_clk_p (IN)
                         net (fo=0)                   0.079     6.479    u_clkgen/g_hw.u_ibufds/I
    HPIOBDIFFINBUF_X0Y37 DIFFINBUF (Prop_DIFFINBUF_HPIOBDIFFINBUF_DIFF_IN_P_O)
                                                      0.398     6.877 r  u_clkgen/g_hw.u_ibufds/DIFFINBUF_INST/O
                         net (fo=1, routed)           0.040     6.917    u_clkgen/g_hw.u_ibufds/OUT
    T25                  IBUFCTRL (Prop_IBUFCTRL_HPIOB_M_I_O)
                                                      0.000     6.917 r  u_clkgen/g_hw.u_ibufds/IBUFCTRL_INST/O
                         net (fo=1, routed)           0.304     7.221    u_clkgen/g_hw.clk_in_ibuf
    BUFGCE_X0Y41         BUFGCE (Prop_BUFCE_BUFGCE_I_O)
                                                      0.024     7.245 r  u_clkgen/g_hw.u_bufg_in/O
                         net (fo=485, routed)         1.709     8.954    u_clkgen/clk_in_100
    MMCM_X0Y1            MMCME4_ADV (Prop_MMCM_CLKIN1_CLKOUT0)
                                                      0.644     9.598 r  u_clkgen/g_hw.u_mmcm/CLKOUT0
                         net (fo=1, routed)           0.228     9.826    u_clkgen/g_hw.clk_out0
    BUFGCE_X0Y31         BUFGCE (Prop_BUFCE_BUFGCE_I_O)
                                                      0.024     9.850 r  u_clkgen/g_hw.u_bufg_out/O
    X1Y1 (CLOCK_ROOT)    net (fo=49489, routed)       1.615    11.465    u_tcp_rx/dp_clk
    SLICE_X21Y24         FDCE                                         r  u_tcp_rx/stat_ack_adv_reg[29]/C
                         clock pessimism             -0.186    11.279    
                         clock uncertainty           -0.062    11.217    
    SLICE_X21Y24         FDCE (Setup_FFF_SLICEM_C_D)
                                                      0.027    11.244    u_tcp_rx/stat_ack_adv_reg[29]
  -------------------------------------------------------------------
                         required time                         11.244    
                         arrival time                          -5.876    
  -------------------------------------------------------------------
                         slack                                  5.368    

Slack (MET) :             5.383ns  (required time - arrival time)
  Source:                 u_tcp_rx/stat_ack_adv_reg[6]/C
                            (rising edge-triggered cell FDCE clocked by g_hw.clk_out0  {rise@0.000ns fall@3.200ns period=6.400ns})
  Destination:            u_tcp_rx/stat_ack_adv_reg[30]/D
                            (rising edge-triggered cell FDCE clocked by g_hw.clk_out0  {rise@0.000ns fall@3.200ns period=6.400ns})
  Path Group:             g_hw.clk_out0
  Path Type:              Setup (Max at Slow Process Corner)
  Requirement:            6.400ns  (g_hw.clk_out0 rise@6.400ns - g_hw.clk_out0 rise@0.000ns)
  Data Path Delay:        0.935ns  (logic 0.420ns (44.911%)  route 0.515ns (55.089%))
  Logic Levels:           4  (CARRY8=4)
  Clock Path Skew:        -0.047ns (DCD - SCD + CPR)
    Destination Clock Delay (DCD):    5.065ns = ( 11.465 - 6.400 ) 
    Source Clock Delay      (SCD):    4.926ns
    Clock Pessimism Removal (CPR):    -0.186ns
  Clock Uncertainty:      0.062ns  ((TSJ^2 + DJ^2)^1/2) / 2 + PE
    Total System Jitter     (TSJ):    0.071ns
    Discrete Jitter          (DJ):    0.101ns
    Phase Error              (PE):    0.000ns
  Clock Net Delay (Source):      1.844ns (routing 0.616ns, distribution 1.228ns)
  Clock Net Delay (Destination): 1.615ns (routing 0.562ns, distribution 1.053ns)

    Location             Delay type                Incr(ns)  Path(ns)    Netlist Resource(s)
  -------------------------------------------------------------------    -------------------
                         (clock g_hw.clk_out0 rise edge)
                                                      0.000     0.000 r  
    T25                                               0.000     0.000 r  sys_clk_p (IN)
                         net (fo=0)                   0.100     0.100    u_clkgen/g_hw.u_ibufds/I
    HPIOBDIFFINBUF_X0Y37 DIFFINBUF (Prop_DIFFINBUF_HPIOBDIFFINBUF_DIFF_IN_P_O)
                                                      0.479     0.579 r  u_clkgen/g_hw.u_ibufds/DIFFINBUF_INST/O
                         net (fo=1, routed)           0.050     0.629    u_clkgen/g_hw.u_ibufds/OUT
    T25                  IBUFCTRL (Prop_IBUFCTRL_HPIOB_M_I_O)
                                                      0.000     0.629 r  u_clkgen/g_hw.u_ibufds/IBUFCTRL_INST/O
                         net (fo=1, routed)           0.345     0.974    u_clkgen/g_hw.clk_in_ibuf
    BUFGCE_X0Y41         BUFGCE (Prop_BUFCE_BUFGCE_I_O)
                                                      0.028     1.002 r  u_clkgen/g_hw.u_bufg_in/O
                         net (fo=485, routed)         1.902     2.904    u_clkgen/clk_in_100
    MMCM_X0Y1            MMCME4_ADV (Prop_MMCM_CLKIN1_CLKOUT0)
                                                     -0.106     2.798 r  u_clkgen/g_hw.u_mmcm/CLKOUT0
                         net (fo=1, routed)           0.256     3.054    u_clkgen/g_hw.clk_out0
    BUFGCE_X0Y31         BUFGCE (Prop_BUFCE_BUFGCE_I_O)
                                                      0.028     3.082 r  u_clkgen/g_hw.u_bufg_out/O
    X1Y1 (CLOCK_ROOT)    net (fo=49489, routed)       1.844     4.926    u_tcp_rx/dp_clk
    SLICE_X21Y21         FDCE                                         r  u_tcp_rx/stat_ack_adv_reg[6]/C
  -------------------------------------------------------------------    -------------------
    SLICE_X21Y21         FDCE (Prop_GFF_SLICEM_C_Q)
                                                      0.095     5.021 r  u_tcp_rx/stat_ack_adv_reg[6]/Q
                         net (fo=2, routed)           0.399     5.420    u_tcp_rx/stat_ack_adv_reg[31]_0[6]
    SLICE_X21Y21         CARRY8 (Prop_CARRY8_SLICEM_S[6]_CO[7])
                                                      0.150     5.570 r  u_tcp_rx/stat_ack_adv_reg[0]_i_2/CO[7]
                         net (fo=1, routed)           0.028     5.598    u_tcp_rx/stat_ack_adv_reg[0]_i_2_n_53
    SLICE_X21Y22         CARRY8 (Prop_CARRY8_SLICEM_CI_CO[7])
                                                      0.023     5.621 r  u_tcp_rx/stat_ack_adv_reg[8]_i_1/CO[7]
                         net (fo=1, routed)           0.028     5.649    u_tcp_rx/stat_ack_adv_reg[8]_i_1_n_53
    SLICE_X21Y23         CARRY8 (Prop_CARRY8_SLICEM_CI_CO[7])
                                                      0.023     5.672 r  u_tcp_rx/stat_ack_adv_reg[16]_i_1/CO[7]
                         net (fo=1, routed)           0.028     5.700    u_tcp_rx/stat_ack_adv_reg[16]_i_1_n_53
    SLICE_X21Y24         CARRY8 (Prop_CARRY8_SLICEM_CI_O[6])
                                                      0.129     5.829 r  u_tcp_rx/stat_ack_adv_reg[24]_i_1/O[6]
                         net (fo=1, routed)           0.032     5.861    u_tcp_rx/stat_ack_adv_reg[24]_i_1_n_62
    SLICE_X21Y24         FDCE                                         r  u_tcp_rx/stat_ack_adv_reg[30]/D
  -------------------------------------------------------------------    -------------------

                         (clock g_hw.clk_out0 rise edge)
                                                      6.400     6.400 r  
    T25                                               0.000     6.400 r  sys_clk_p (IN)
                         net (fo=0)                   0.079     6.479    u_clkgen/g_hw.u_ibufds/I
    HPIOBDIFFINBUF_X0Y37 DIFFINBUF (Prop_DIFFINBUF_HPIOBDIFFINBUF_DIFF_IN_P_O)
                                                      0.398     6.877 r  u_clkgen/g_hw.u_ibufds/DIFFINBUF_INST/O
                         net (fo=1, routed)           0.040     6.917    u_clkgen/g_hw.u_ibufds/OUT
    T25                  IBUFCTRL (Prop_IBUFCTRL_HPIOB_M_I_O)
                                                      0.000     6.917 r  u_clkgen/g_hw.u_ibufds/IBUFCTRL_INST/O
                         net (fo=1, routed)           0.304     7.221    u_clkgen/g_hw.clk_in_ibuf
    BUFGCE_X0Y41         BUFGCE (Prop_BUFCE_BUFGCE_I_O)
                                                      0.024     7.245 r  u_clkgen/g_hw.u_bufg_in/O
                         net (fo=485, routed)         1.709     8.954    u_clkgen/clk_in_100
    MMCM_X0Y1            MMCME4_ADV (Prop_MMCM_CLKIN1_CLKOUT0)
                                                      0.644     9.598 r  u_clkgen/g_hw.u_mmcm/CLKOUT0
                         net (fo=1, routed)           0.228     9.826    u_clkgen/g_hw.clk_out0
    BUFGCE_X0Y31         BUFGCE (Prop_BUFCE_BUFGCE_I_O)
                                                      0.024     9.850 r  u_clkgen/g_hw.u_bufg_out/O
    X1Y1 (CLOCK_ROOT)    net (fo=49489, routed)       1.615    11.465    u_tcp_rx/dp_clk
    SLICE_X21Y24         FDCE                                         r  u_tcp_rx/stat_ack_adv_reg[30]/C
                         clock pessimism             -0.186    11.279    
                         clock uncertainty           -0.062    11.217    
    SLICE_X21Y24         FDCE (Setup_GFF_SLICEM_C_D)
                                                      0.027    11.244    u_tcp_rx/stat_ack_adv_reg[30]
  -------------------------------------------------------------------
                         required time                         11.244    
                         arrival time                          -5.861    
  -------------------------------------------------------------------
                         slack                                  5.383    

Slack (MET) :             5.405ns  (required time - arrival time)
  Source:                 u_tcp_rx/stat_ack_adv_reg[6]/C
                            (rising edge-triggered cell FDCE clocked by g_hw.clk_out0  {rise@0.000ns fall@3.200ns period=6.400ns})
  Destination:            u_tcp_rx/stat_ack_adv_reg[28]/D
                            (rising edge-triggered cell FDCE clocked by g_hw.clk_out0  {rise@0.000ns fall@3.200ns period=6.400ns})
  Path Group:             g_hw.clk_out0
  Path Type:              Setup (Max at Slow Process Corner)
  Requirement:            6.400ns  (g_hw.clk_out0 rise@6.400ns - g_hw.clk_out0 rise@0.000ns)
  Data Path Delay:        0.913ns  (logic 0.400ns (43.803%)  route 0.513ns (56.197%))
  Logic Levels:           4  (CARRY8=4)
  Clock Path Skew:        -0.047ns (DCD - SCD + CPR)
    Destination Clock Delay (DCD):    5.065ns = ( 11.465 - 6.400 ) 
    Source Clock Delay      (SCD):    4.926ns
    Clock Pessimism Removal (CPR):    -0.186ns
  Clock Uncertainty:      0.062ns  ((TSJ^2 + DJ^2)^1/2) / 2 + PE
    Total System Jitter     (TSJ):    0.071ns
    Discrete Jitter          (DJ):    0.101ns
    Phase Error              (PE):    0.000ns
  Clock Net Delay (Source):      1.844ns (routing 0.616ns, distribution 1.228ns)
  Clock Net Delay (Destination): 1.615ns (routing 0.562ns, distribution 1.053ns)

    Location             Delay type                Incr(ns)  Path(ns)    Netlist Resource(s)
  -------------------------------------------------------------------    -------------------
                         (clock g_hw.clk_out0 rise edge)
                                                      0.000     0.000 r  
    T25                                               0.000     0.000 r  sys_clk_p (IN)
                         net (fo=0)                   0.100     0.100    u_clkgen/g_hw.u_ibufds/I
    HPIOBDIFFINBUF_X0Y37 DIFFINBUF (Prop_DIFFINBUF_HPIOBDIFFINBUF_DIFF_IN_P_O)
                                                      0.479     0.579 r  u_clkgen/g_hw.u_ibufds/DIFFINBUF_INST/O
                         net (fo=1, routed)           0.050     0.629    u_clkgen/g_hw.u_ibufds/OUT
    T25                  IBUFCTRL (Prop_IBUFCTRL_HPIOB_M_I_O)
                                                      0.000     0.629 r  u_clkgen/g_hw.u_ibufds/IBUFCTRL_INST/O
                         net (fo=1, routed)           0.345     0.974    u_clkgen/g_hw.clk_in_ibuf
    BUFGCE_X0Y41         BUFGCE (Prop_BUFCE_BUFGCE_I_O)
                                                      0.028     1.002 r  u_clkgen/g_hw.u_bufg_in/O
                         net (fo=485, routed)         1.902     2.904    u_clkgen/clk_in_100
    MMCM_X0Y1            MMCME4_ADV (Prop_MMCM_CLKIN1_CLKOUT0)
                                                     -0.106     2.798 r  u_clkgen/g_hw.u_mmcm/CLKOUT0
                         net (fo=1, routed)           0.256     3.054    u_clkgen/g_hw.clk_out0
    BUFGCE_X0Y31         BUFGCE (Prop_BUFCE_BUFGCE_I_O)
                                                      0.028     3.082 r  u_clkgen/g_hw.u_bufg_out/O
    X1Y1 (CLOCK_ROOT)    net (fo=49489, routed)       1.844     4.926    u_tcp_rx/dp_clk
    SLICE_X21Y21         FDCE                                         r  u_tcp_rx/stat_ack_adv_reg[6]/C
  -------------------------------------------------------------------    -------------------
    SLICE_X21Y21         FDCE (Prop_GFF_SLICEM_C_Q)
                                                      0.095     5.021 r  u_tcp_rx/stat_ack_adv_reg[6]/Q
                         net (fo=2, routed)           0.399     5.420    u_tcp_rx/stat_ack_adv_reg[31]_0[6]
    SLICE_X21Y21         CARRY8 (Prop_CARRY8_SLICEM_S[6]_CO[7])
                                                      0.150     5.570 r  u_tcp_rx/stat_ack_adv_reg[0]_i_2/CO[7]
                         net (fo=1, routed)           0.028     5.598    u_tcp_rx/stat_ack_adv_reg[0]_i_2_n_53
    SLICE_X21Y22         CARRY8 (Prop_CARRY8_SLICEM_CI_CO[7])
                                                      0.023     5.621 r  u_tcp_rx/stat_ack_adv_reg[8]_i_1/CO[7]
                         net (fo=1, routed)           0.028     5.649    u_tcp_rx/stat_ack_adv_reg[8]_i_1_n_53
    SLICE_X21Y23         CARRY8 (Prop_CARRY8_SLICEM_CI_CO[7])
                                                      0.023     5.672 r  u_tcp_rx/stat_ack_adv_reg[16]_i_1/CO[7]
                         net (fo=1, routed)           0.028     5.700    u_tcp_rx/stat_ack_adv_reg[16]_i_1_n_53
    SLICE_X21Y24         CARRY8 (Prop_CARRY8_SLICEM_CI_O[4])
                                                      0.109     5.809 r  u_tcp_rx/stat_ack_adv_reg[24]_i_1/O[4]
                         net (fo=1, routed)           0.030     5.839    u_tcp_rx/stat_ack_adv_reg[24]_i_1_n_64
    SLICE_X21Y24         FDCE                                         r  u_tcp_rx/stat_ack_adv_reg[28]/D
  -------------------------------------------------------------------    -------------------

                         (clock g_hw.clk_out0 rise edge)
                                                      6.400     6.400 r  
    T25                                               0.000     6.400 r  sys_clk_p (IN)
                         net (fo=0)                   0.079     6.479    u_clkgen/g_hw.u_ibufds/I
    HPIOBDIFFINBUF_X0Y37 DIFFINBUF (Prop_DIFFINBUF_HPIOBDIFFINBUF_DIFF_IN_P_O)
                                                      0.398     6.877 r  u_clkgen/g_hw.u_ibufds/DIFFINBUF_INST/O
                         net (fo=1, routed)           0.040     6.917    u_clkgen/g_hw.u_ibufds/OUT
    T25                  IBUFCTRL (Prop_IBUFCTRL_HPIOB_M_I_O)
                                                      0.000     6.917 r  u_clkgen/g_hw.u_ibufds/IBUFCTRL_INST/O
                         net (fo=1, routed)           0.304     7.221    u_clkgen/g_hw.clk_in_ibuf
    BUFGCE_X0Y41         BUFGCE (Prop_BUFCE_BUFGCE_I_O)
                                                      0.024     7.245 r  u_clkgen/g_hw.u_bufg_in/O
                         net (fo=485, routed)         1.709     8.954    u_clkgen/clk_in_100
    MMCM_X0Y1            MMCME4_ADV (Prop_MMCM_CLKIN1_CLKOUT0)
                                                      0.644     9.598 r  u_clkgen/g_hw.u_mmcm/CLKOUT0
                         net (fo=1, routed)           0.228     9.826    u_clkgen/g_hw.clk_out0
    BUFGCE_X0Y31         BUFGCE (Prop_BUFCE_BUFGCE_I_O)
                                                      0.024     9.850 r  u_clkgen/g_hw.u_bufg_out/O
    X1Y1 (CLOCK_ROOT)    net (fo=49489, routed)       1.615    11.465    u_tcp_rx/dp_clk
    SLICE_X21Y24         FDCE                                         r  u_tcp_rx/stat_ack_adv_reg[28]/C
                         clock pessimism             -0.186    11.279    
                         clock uncertainty           -0.062    11.217    
    SLICE_X21Y24         FDCE (Setup_EFF_SLICEM_C_D)
                                                      0.027    11.244    u_tcp_rx/stat_ack_adv_reg[28]
  -------------------------------------------------------------------
                         required time                         11.244    
                         arrival time                          -5.839    
  -------------------------------------------------------------------
                         slack                                  5.405    

Slack (MET) :             5.408ns  (required time - arrival time)
  Source:                 u_tcp_rx/stat_ack_adv_reg[6]/C
                            (rising edge-triggered cell FDCE clocked by g_hw.clk_out0  {rise@0.000ns fall@3.200ns period=6.400ns})
  Destination:            u_tcp_rx/stat_ack_adv_reg[27]/D
                            (rising edge-triggered cell FDCE clocked by g_hw.clk_out0  {rise@0.000ns fall@3.200ns period=6.400ns})
  Path Group:             g_hw.clk_out0
  Path Type:              Setup (Max at Slow Process Corner)
  Requirement:            6.400ns  (g_hw.clk_out0 rise@6.400ns - g_hw.clk_out0 rise@0.000ns)
  Data Path Delay:        0.910ns  (logic 0.395ns (43.398%)  route 0.515ns (56.602%))
  Logic Levels:           4  (CARRY8=4)
  Clock Path Skew:        -0.047ns (DCD - SCD + CPR)
    Destination Clock Delay (DCD):    5.065ns = ( 11.465 - 6.400 ) 
    Source Clock Delay      (SCD):    4.926ns
    Clock Pessimism Removal (CPR):    -0.186ns
  Clock Uncertainty:      0.062ns  ((TSJ^2 + DJ^2)^1/2) / 2 + PE
    Total System Jitter     (TSJ):    0.071ns
    Discrete Jitter          (DJ):    0.101ns
    Phase Error              (PE):    0.000ns
  Clock Net Delay (Source):      1.844ns (routing 0.616ns, distribution 1.228ns)
  Clock Net Delay (Destination): 1.615ns (routing 0.562ns, distribution 1.053ns)

    Location             Delay type                Incr(ns)  Path(ns)    Netlist Resource(s)
  -------------------------------------------------------------------    -------------------
                         (clock g_hw.clk_out0 rise edge)
                                                      0.000     0.000 r  
    T25                                               0.000     0.000 r  sys_clk_p (IN)
                         net (fo=0)                   0.100     0.100    u_clkgen/g_hw.u_ibufds/I
    HPIOBDIFFINBUF_X0Y37 DIFFINBUF (Prop_DIFFINBUF_HPIOBDIFFINBUF_DIFF_IN_P_O)
                                                      0.479     0.579 r  u_clkgen/g_hw.u_ibufds/DIFFINBUF_INST/O
                         net (fo=1, routed)           0.050     0.629    u_clkgen/g_hw.u_ibufds/OUT
    T25                  IBUFCTRL (Prop_IBUFCTRL_HPIOB_M_I_O)
                                                      0.000     0.629 r  u_clkgen/g_hw.u_ibufds/IBUFCTRL_INST/O
                         net (fo=1, routed)           0.345     0.974    u_clkgen/g_hw.clk_in_ibuf
    BUFGCE_X0Y41         BUFGCE (Prop_BUFCE_BUFGCE_I_O)
                                                      0.028     1.002 r  u_clkgen/g_hw.u_bufg_in/O
                         net (fo=485, routed)         1.902     2.904    u_clkgen/clk_in_100
    MMCM_X0Y1            MMCME4_ADV (Prop_MMCM_CLKIN1_CLKOUT0)
                                                     -0.106     2.798 r  u_clkgen/g_hw.u_mmcm/CLKOUT0
                         net (fo=1, routed)           0.256     3.054    u_clkgen/g_hw.clk_out0
    BUFGCE_X0Y31         BUFGCE (Prop_BUFCE_BUFGCE_I_O)
                                                      0.028     3.082 r  u_clkgen/g_hw.u_bufg_out/O
    X1Y1 (CLOCK_ROOT)    net (fo=49489, routed)       1.844     4.926    u_tcp_rx/dp_clk
    SLICE_X21Y21         FDCE                                         r  u_tcp_rx/stat_ack_adv_reg[6]/C
  -------------------------------------------------------------------    -------------------
    SLICE_X21Y21         FDCE (Prop_GFF_SLICEM_C_Q)
                                                      0.095     5.021 r  u_tcp_rx/stat_ack_adv_reg[6]/Q
                         net (fo=2, routed)           0.399     5.420    u_tcp_rx/stat_ack_adv_reg[31]_0[6]
    SLICE_X21Y21         CARRY8 (Prop_CARRY8_SLICEM_S[6]_CO[7])
                                                      0.150     5.570 r  u_tcp_rx/stat_ack_adv_reg[0]_i_2/CO[7]
                         net (fo=1, routed)           0.028     5.598    u_tcp_rx/stat_ack_adv_reg[0]_i_2_n_53
    SLICE_X21Y22         CARRY8 (Prop_CARRY8_SLICEM_CI_CO[7])
                                                      0.023     5.621 r  u_tcp_rx/stat_ack_adv_reg[8]_i_1/CO[7]
                         net (fo=1, routed)           0.028     5.649    u_tcp_rx/stat_ack_adv_reg[8]_i_1_n_53
    SLICE_X21Y23         CARRY8 (Prop_CARRY8_SLICEM_CI_CO[7])
                                                      0.023     5.672 r  u_tcp_rx/stat_ack_adv_reg[16]_i_1/CO[7]
                         net (fo=1, routed)           0.028     5.700    u_tcp_rx/stat_ack_adv_reg[16]_i_1_n_53
    SLICE_X21Y24         CARRY8 (Prop_CARRY8_SLICEM_CI_O[3])
                                                      0.104     5.804 r  u_tcp_rx/stat_ack_adv_reg[24]_i_1/O[3]
                         net (fo=1, routed)           0.032     5.836    u_tcp_rx/stat_ack_adv_reg[24]_i_1_n_65
    SLICE_X21Y24         FDCE                                         r  u_tcp_rx/stat_ack_adv_reg[27]/D
  -------------------------------------------------------------------    -------------------

                         (clock g_hw.clk_out0 rise edge)
                                                      6.400     6.400 r  
    T25                                               0.000     6.400 r  sys_clk_p (IN)
                         net (fo=0)                   0.079     6.479    u_clkgen/g_hw.u_ibufds/I
    HPIOBDIFFINBUF_X0Y37 DIFFINBUF (Prop_DIFFINBUF_HPIOBDIFFINBUF_DIFF_IN_P_O)
                                                      0.398     6.877 r  u_clkgen/g_hw.u_ibufds/DIFFINBUF_INST/O
                         net (fo=1, routed)           0.040     6.917    u_clkgen/g_hw.u_ibufds/OUT
    T25                  IBUFCTRL (Prop_IBUFCTRL_HPIOB_M_I_O)
                                                      0.000     6.917 r  u_clkgen/g_hw.u_ibufds/IBUFCTRL_INST/O
                         net (fo=1, routed)           0.304     7.221    u_clkgen/g_hw.clk_in_ibuf
    BUFGCE_X0Y41         BUFGCE (Prop_BUFCE_BUFGCE_I_O)
                                                      0.024     7.245 r  u_clkgen/g_hw.u_bufg_in/O
                         net (fo=485, routed)         1.709     8.954    u_clkgen/clk_in_100
    MMCM_X0Y1            MMCME4_ADV (Prop_MMCM_CLKIN1_CLKOUT0)
                                                      0.644     9.598 r  u_clkgen/g_hw.u_mmcm/CLKOUT0
                         net (fo=1, routed)           0.228     9.826    u_clkgen/g_hw.clk_out0
    BUFGCE_X0Y31         BUFGCE (Prop_BUFCE_BUFGCE_I_O)
                                                      0.024     9.850 r  u_clkgen/g_hw.u_bufg_out/O
    X1Y1 (CLOCK_ROOT)    net (fo=49489, routed)       1.615    11.465    u_tcp_rx/dp_clk
    SLICE_X21Y24         FDCE                                         r  u_tcp_rx/stat_ack_adv_reg[27]/C
                         clock pessimism             -0.186    11.279    
                         clock uncertainty           -0.062    11.217    
    SLICE_X21Y24         FDCE (Setup_DFF_SLICEM_C_D)
                                                      0.027    11.244    u_tcp_rx/stat_ack_adv_reg[27]
  -------------------------------------------------------------------
                         required time                         11.244    
                         arrival time                          -5.836    
  -------------------------------------------------------------------
                         slack                                  5.408    

Slack (MET) :             5.416ns  (required time - arrival time)
  Source:                 u_tcp_rx/stat_ack_adv_reg[6]/C
                            (rising edge-triggered cell FDCE clocked by g_hw.clk_out0  {rise@0.000ns fall@3.200ns period=6.400ns})
  Destination:            u_tcp_rx/stat_ack_adv_reg[25]/D
                            (rising edge-triggered cell FDCE clocked by g_hw.clk_out0  {rise@0.000ns fall@3.200ns period=6.400ns})
  Path Group:             g_hw.clk_out0
  Path Type:              Setup (Max at Slow Process Corner)
  Requirement:            6.400ns  (g_hw.clk_out0 rise@6.400ns - g_hw.clk_out0 rise@0.000ns)
  Data Path Delay:        0.902ns  (logic 0.388ns (43.007%)  route 0.514ns (56.993%))
  Logic Levels:           4  (CARRY8=4)
  Clock Path Skew:        -0.047ns (DCD - SCD + CPR)
    Destination Clock Delay (DCD):    5.065ns = ( 11.465 - 6.400 ) 
    Source Clock Delay      (SCD):    4.926ns
    Clock Pessimism Removal (CPR):    -0.186ns
  Clock Uncertainty:      0.062ns  ((TSJ^2 + DJ^2)^1/2) / 2 + PE
    Total System Jitter     (TSJ):    0.071ns
    Discrete Jitter          (DJ):    0.101ns
    Phase Error              (PE):    0.000ns
  Clock Net Delay (Source):      1.844ns (routing 0.616ns, distribution 1.228ns)
  Clock Net Delay (Destination): 1.615ns (routing 0.562ns, distribution 1.053ns)

    Location             Delay type                Incr(ns)  Path(ns)    Netlist Resource(s)
  -------------------------------------------------------------------    -------------------
                         (clock g_hw.clk_out0 rise edge)
                                                      0.000     0.000 r  
    T25                                               0.000     0.000 r  sys_clk_p (IN)
                         net (fo=0)                   0.100     0.100    u_clkgen/g_hw.u_ibufds/I
    HPIOBDIFFINBUF_X0Y37 DIFFINBUF (Prop_DIFFINBUF_HPIOBDIFFINBUF_DIFF_IN_P_O)
                                                      0.479     0.579 r  u_clkgen/g_hw.u_ibufds/DIFFINBUF_INST/O
                         net (fo=1, routed)           0.050     0.629    u_clkgen/g_hw.u_ibufds/OUT
    T25                  IBUFCTRL (Prop_IBUFCTRL_HPIOB_M_I_O)
                                                      0.000     0.629 r  u_clkgen/g_hw.u_ibufds/IBUFCTRL_INST/O
                         net (fo=1, routed)           0.345     0.974    u_clkgen/g_hw.clk_in_ibuf
    BUFGCE_X0Y41         BUFGCE (Prop_BUFCE_BUFGCE_I_O)
                                                      0.028     1.002 r  u_clkgen/g_hw.u_bufg_in/O
                         net (fo=485, routed)         1.902     2.904    u_clkgen/clk_in_100
    MMCM_X0Y1            MMCME4_ADV (Prop_MMCM_CLKIN1_CLKOUT0)
                                                     -0.106     2.798 r  u_clkgen/g_hw.u_mmcm/CLKOUT0
                         net (fo=1, routed)           0.256     3.054    u_clkgen/g_hw.clk_out0
    BUFGCE_X0Y31         BUFGCE (Prop_BUFCE_BUFGCE_I_O)
                                                      0.028     3.082 r  u_clkgen/g_hw.u_bufg_out/O
    X1Y1 (CLOCK_ROOT)    net (fo=49489, routed)       1.844     4.926    u_tcp_rx/dp_clk
    SLICE_X21Y21         FDCE                                         r  u_tcp_rx/stat_ack_adv_reg[6]/C
  -------------------------------------------------------------------    -------------------
    SLICE_X21Y21         FDCE (Prop_GFF_SLICEM_C_Q)
                                                      0.095     5.021 r  u_tcp_rx/stat_ack_adv_reg[6]/Q
                         net (fo=2, routed)           0.399     5.420    u_tcp_rx/stat_ack_adv_reg[31]_0[6]
    SLICE_X21Y21         CARRY8 (Prop_CARRY8_SLICEM_S[6]_CO[7])
                                                      0.150     5.570 r  u_tcp_rx/stat_ack_adv_reg[0]_i_2/CO[7]
                         net (fo=1, routed)           0.028     5.598    u_tcp_rx/stat_ack_adv_reg[0]_i_2_n_53
    SLICE_X21Y22         CARRY8 (Prop_CARRY8_SLICEM_CI_CO[7])
                                                      0.023     5.621 r  u_tcp_rx/stat_ack_adv_reg[8]_i_1/CO[7]
                         net (fo=1, routed)           0.028     5.649    u_tcp_rx/stat_ack_adv_reg[8]_i_1_n_53
    SLICE_X21Y23         CARRY8 (Prop_CARRY8_SLICEM_CI_CO[7])
                                                      0.023     5.672 r  u_tcp_rx/stat_ack_adv_reg[16]_i_1/CO[7]
                         net (fo=1, routed)           0.028     5.700    u_tcp_rx/stat_ack_adv_reg[16]_i_1_n_53
    SLICE_X21Y24         CARRY8 (Prop_CARRY8_SLICEM_CI_O[1])
                                                      0.097     5.797 r  u_tcp_rx/stat_ack_adv_reg[24]_i_1/O[1]
                         net (fo=1, routed)           0.031     5.828    u_tcp_rx/stat_ack_adv_reg[24]_i_1_n_67
    SLICE_X21Y24         FDCE                                         r  u_tcp_rx/stat_ack_adv_reg[25]/D
  -------------------------------------------------------------------    -------------------

                         (clock g_hw.clk_out0 rise edge)
                                                      6.400     6.400 r  
    T25                                               0.000     6.400 r  sys_clk_p (IN)
                         net (fo=0)                   0.079     6.479    u_clkgen/g_hw.u_ibufds/I
    HPIOBDIFFINBUF_X0Y37 DIFFINBUF (Prop_DIFFINBUF_HPIOBDIFFINBUF_DIFF_IN_P_O)
                                                      0.398     6.877 r  u_clkgen/g_hw.u_ibufds/DIFFINBUF_INST/O
                         net (fo=1, routed)           0.040     6.917    u_clkgen/g_hw.u_ibufds/OUT
    T25                  IBUFCTRL (Prop_IBUFCTRL_HPIOB_M_I_O)
                                                      0.000     6.917 r  u_clkgen/g_hw.u_ibufds/IBUFCTRL_INST/O
                         net (fo=1, routed)           0.304     7.221    u_clkgen/g_hw.clk_in_ibuf
    BUFGCE_X0Y41         BUFGCE (Prop_BUFCE_BUFGCE_I_O)
                                                      0.024     7.245 r  u_clkgen/g_hw.u_bufg_in/O
                         net (fo=485, routed)         1.709     8.954    u_clkgen/clk_in_100
    MMCM_X0Y1            MMCME4_ADV (Prop_MMCM_CLKIN1_CLKOUT0)
                                                      0.644     9.598 r  u_clkgen/g_hw.u_mmcm/CLKOUT0
                         net (fo=1, routed)           0.228     9.826    u_clkgen/g_hw.clk_out0
    BUFGCE_X0Y31         BUFGCE (Prop_BUFCE_BUFGCE_I_O)
                                                      0.024     9.850 r  u_clkgen/g_hw.u_bufg_out/O
    X1Y1 (CLOCK_ROOT)    net (fo=49489, routed)       1.615    11.465    u_tcp_rx/dp_clk
    SLICE_X21Y24         FDCE                                         r  u_tcp_rx/stat_ack_adv_reg[25]/C
                         clock pessimism             -0.186    11.279    
                         clock uncertainty           -0.062    11.217    
    SLICE_X21Y24         FDCE (Setup_BFF_SLICEM_C_D)
                                                      0.027    11.244    u_tcp_rx/stat_ack_adv_reg[25]
  -------------------------------------------------------------------
                         required time                         11.244    
                         arrival time                          -5.828    
  -------------------------------------------------------------------
                         slack                                  5.416    

Slack (MET) :             5.419ns  (required time - arrival time)
  Source:                 u_tcp_rx/stat_ack_adv_reg[6]/C
                            (rising edge-triggered cell FDCE clocked by g_hw.clk_out0  {rise@0.000ns fall@3.200ns period=6.400ns})
  Destination:            u_tcp_rx/stat_ack_adv_reg[23]/D
                            (rising edge-triggered cell FDCE clocked by g_hw.clk_out0  {rise@0.000ns fall@3.200ns period=6.400ns})
  Path Group:             g_hw.clk_out0
  Path Type:              Setup (Max at Slow Process Corner)
  Requirement:            6.400ns  (g_hw.clk_out0 rise@6.400ns - g_hw.clk_out0 rise@0.000ns)
  Data Path Delay:        0.900ns  (logic 0.414ns (45.991%)  route 0.486ns (54.009%))
  Logic Levels:           3  (CARRY8=3)
  Clock Path Skew:        -0.046ns (DCD - SCD + CPR)
    Destination Clock Delay (DCD):    5.066ns = ( 11.466 - 6.400 ) 
    Source Clock Delay      (SCD):    4.926ns
    Clock Pessimism Removal (CPR):    -0.186ns
  Clock Uncertainty:      0.062ns  ((TSJ^2 + DJ^2)^1/2) / 2 + PE
    Total System Jitter     (TSJ):    0.071ns
    Discrete Jitter          (DJ):    0.101ns
    Phase Error              (PE):    0.000ns
  Clock Net Delay (Source):      1.844ns (routing 0.616ns, distribution 1.228ns)
  Clock Net Delay (Destination): 1.616ns (routing 0.562ns, distribution 1.054ns)

    Location             Delay type                Incr(ns)  Path(ns)    Netlist Resource(s)
  -------------------------------------------------------------------    -------------------
                         (clock g_hw.clk_out0 rise edge)
                                                      0.000     0.000 r  
    T25                                               0.000     0.000 r  sys_clk_p (IN)
                         net (fo=0)                   0.100     0.100    u_clkgen/g_hw.u_ibufds/I
    HPIOBDIFFINBUF_X0Y37 DIFFINBUF (Prop_DIFFINBUF_HPIOBDIFFINBUF_DIFF_IN_P_O)
                                                      0.479     0.579 r  u_clkgen/g_hw.u_ibufds/DIFFINBUF_INST/O
                         net (fo=1, routed)           0.050     0.629    u_clkgen/g_hw.u_ibufds/OUT
    T25                  IBUFCTRL (Prop_IBUFCTRL_HPIOB_M_I_O)
                                                      0.000     0.629 r  u_clkgen/g_hw.u_ibufds/IBUFCTRL_INST/O
                         net (fo=1, routed)           0.345     0.974    u_clkgen/g_hw.clk_in_ibuf
    BUFGCE_X0Y41         BUFGCE (Prop_BUFCE_BUFGCE_I_O)
                                                      0.028     1.002 r  u_clkgen/g_hw.u_bufg_in/O
                         net (fo=485, routed)         1.902     2.904    u_clkgen/clk_in_100
    MMCM_X0Y1            MMCME4_ADV (Prop_MMCM_CLKIN1_CLKOUT0)
                                                     -0.106     2.798 r  u_clkgen/g_hw.u_mmcm/CLKOUT0
                         net (fo=1, routed)           0.256     3.054    u_clkgen/g_hw.clk_out0
    BUFGCE_X0Y31         BUFGCE (Prop_BUFCE_BUFGCE_I_O)
                                                      0.028     3.082 r  u_clkgen/g_hw.u_bufg_out/O
    X1Y1 (CLOCK_ROOT)    net (fo=49489, routed)       1.844     4.926    u_tcp_rx/dp_clk
    SLICE_X21Y21         FDCE                                         r  u_tcp_rx/stat_ack_adv_reg[6]/C
  -------------------------------------------------------------------    -------------------
    SLICE_X21Y21         FDCE (Prop_GFF_SLICEM_C_Q)
                                                      0.095     5.021 r  u_tcp_rx/stat_ack_adv_reg[6]/Q
                         net (fo=2, routed)           0.399     5.420    u_tcp_rx/stat_ack_adv_reg[31]_0[6]
    SLICE_X21Y21         CARRY8 (Prop_CARRY8_SLICEM_S[6]_CO[7])
                                                      0.150     5.570 r  u_tcp_rx/stat_ack_adv_reg[0]_i_2/CO[7]
                         net (fo=1, routed)           0.028     5.598    u_tcp_rx/stat_ack_adv_reg[0]_i_2_n_53
    SLICE_X21Y22         CARRY8 (Prop_CARRY8_SLICEM_CI_CO[7])
                                                      0.023     5.621 r  u_tcp_rx/stat_ack_adv_reg[8]_i_1/CO[7]
                         net (fo=1, routed)           0.028     5.649    u_tcp_rx/stat_ack_adv_reg[8]_i_1_n_53
    SLICE_X21Y23         CARRY8 (Prop_CARRY8_SLICEM_CI_O[7])
                                                      0.146     5.795 r  u_tcp_rx/stat_ack_adv_reg[16]_i_1/O[7]
                         net (fo=1, routed)           0.031     5.826    u_tcp_rx/stat_ack_adv_reg[16]_i_1_n_61
    SLICE_X21Y23         FDCE                                         r  u_tcp_rx/stat_ack_adv_reg[23]/D
  -------------------------------------------------------------------    -------------------

                         (clock g_hw.clk_out0 rise edge)
                                                      6.400     6.400 r  
    T25                                               0.000     6.400 r  sys_clk_p (IN)
                         net (fo=0)                   0.079     6.479    u_clkgen/g_hw.u_ibufds/I
    HPIOBDIFFINBUF_X0Y37 DIFFINBUF (Prop_DIFFINBUF_HPIOBDIFFINBUF_DIFF_IN_P_O)
                                                      0.398     6.877 r  u_clkgen/g_hw.u_ibufds/DIFFINBUF_INST/O
                         net (fo=1, routed)           0.040     6.917    u_clkgen/g_hw.u_ibufds/OUT
    T25                  IBUFCTRL (Prop_IBUFCTRL_HPIOB_M_I_O)
                                                      0.000     6.917 r  u_clkgen/g_hw.u_ibufds/IBUFCTRL_INST/O
                         net (fo=1, routed)           0.304     7.221    u_clkgen/g_hw.clk_in_ibuf
    BUFGCE_X0Y41         BUFGCE (Prop_BUFCE_BUFGCE_I_O)
                                                      0.024     7.245 r  u_clkgen/g_hw.u_bufg_in/O
                         net (fo=485, routed)         1.709     8.954    u_clkgen/clk_in_100
    MMCM_X0Y1            MMCME4_ADV (Prop_MMCM_CLKIN1_CLKOUT0)
                                                      0.644     9.598 r  u_clkgen/g_hw.u_mmcm/CLKOUT0
                         net (fo=1, routed)           0.228     9.826    u_clkgen/g_hw.clk_out0
    BUFGCE_X0Y31         BUFGCE (Prop_BUFCE_BUFGCE_I_O)
                                                      0.024     9.850 r  u_clkgen/g_hw.u_bufg_out/O
    X1Y1 (CLOCK_ROOT)    net (fo=49489, routed)       1.616    11.466    u_tcp_rx/dp_clk
    SLICE_X21Y23         FDCE                                         r  u_tcp_rx/stat_ack_adv_reg[23]/C
                         clock pessimism             -0.186    11.280    
                         clock uncertainty           -0.062    11.218    
    SLICE_X21Y23         FDCE (Setup_HFF_SLICEM_C_D)
                                                      0.027    11.245    u_tcp_rx/stat_ack_adv_reg[23]
  -------------------------------------------------------------------
                         required time                         11.245    
                         arrival time                          -5.826    
  -------------------------------------------------------------------
                         slack                                  5.419    

Slack (MET) :             5.420ns  (required time - arrival time)
  Source:                 u_tcp_rx/stat_ack_adv_reg[6]/C
                            (rising edge-triggered cell FDCE clocked by g_hw.clk_out0  {rise@0.000ns fall@3.200ns period=6.400ns})
  Destination:            u_tcp_rx/stat_ack_adv_reg[21]/D
                            (rising edge-triggered cell FDCE clocked by g_hw.clk_out0  {rise@0.000ns fall@3.200ns period=6.400ns})
  Path Group:             g_hw.clk_out0
  Path Type:              Setup (Max at Slow Process Corner)
  Requirement:            6.400ns  (g_hw.clk_out0 rise@6.400ns - g_hw.clk_out0 rise@0.000ns)
  Data Path Delay:        0.899ns  (logic 0.413ns (45.931%)  route 0.486ns (54.069%))
  Logic Levels:           3  (CARRY8=3)
  Clock Path Skew:        -0.046ns (DCD - SCD + CPR)
    Destination Clock Delay (DCD):    5.066ns = ( 11.466 - 6.400 ) 
    Source Clock Delay      (SCD):    4.926ns
    Clock Pessimism Removal (CPR):    -0.186ns
  Clock Uncertainty:      0.062ns  ((TSJ^2 + DJ^2)^1/2) / 2 + PE
    Total System Jitter     (TSJ):    0.071ns
    Discrete Jitter          (DJ):    0.101ns
    Phase Error              (PE):    0.000ns
  Clock Net Delay (Source):      1.844ns (routing 0.616ns, distribution 1.228ns)
  Clock Net Delay (Destination): 1.616ns (routing 0.562ns, distribution 1.054ns)

    Location             Delay type                Incr(ns)  Path(ns)    Netlist Resource(s)
  -------------------------------------------------------------------    -------------------
                         (clock g_hw.clk_out0 rise edge)
                                                      0.000     0.000 r  
    T25                                               0.000     0.000 r  sys_clk_p (IN)
                         net (fo=0)                   0.100     0.100    u_clkgen/g_hw.u_ibufds/I
    HPIOBDIFFINBUF_X0Y37 DIFFINBUF (Prop_DIFFINBUF_HPIOBDIFFINBUF_DIFF_IN_P_O)
                                                      0.479     0.579 r  u_clkgen/g_hw.u_ibufds/DIFFINBUF_INST/O
                         net (fo=1, routed)           0.050     0.629    u_clkgen/g_hw.u_ibufds/OUT
    T25                  IBUFCTRL (Prop_IBUFCTRL_HPIOB_M_I_O)
                                                      0.000     0.629 r  u_clkgen/g_hw.u_ibufds/IBUFCTRL_INST/O
                         net (fo=1, routed)           0.345     0.974    u_clkgen/g_hw.clk_in_ibuf
    BUFGCE_X0Y41         BUFGCE (Prop_BUFCE_BUFGCE_I_O)
                                                      0.028     1.002 r  u_clkgen/g_hw.u_bufg_in/O
                         net (fo=485, routed)         1.902     2.904    u_clkgen/clk_in_100
    MMCM_X0Y1            MMCME4_ADV (Prop_MMCM_CLKIN1_CLKOUT0)
                                                     -0.106     2.798 r  u_clkgen/g_hw.u_mmcm/CLKOUT0
                         net (fo=1, routed)           0.256     3.054    u_clkgen/g_hw.clk_out0
    BUFGCE_X0Y31         BUFGCE (Prop_BUFCE_BUFGCE_I_O)
                                                      0.028     3.082 r  u_clkgen/g_hw.u_bufg_out/O
    X1Y1 (CLOCK_ROOT)    net (fo=49489, routed)       1.844     4.926    u_tcp_rx/dp_clk
    SLICE_X21Y21         FDCE                                         r  u_tcp_rx/stat_ack_adv_reg[6]/C
  -------------------------------------------------------------------    -------------------
    SLICE_X21Y21         FDCE (Prop_GFF_SLICEM_C_Q)
                                                      0.095     5.021 r  u_tcp_rx/stat_ack_adv_reg[6]/Q
                         net (fo=2, routed)           0.399     5.420    u_tcp_rx/stat_ack_adv_reg[31]_0[6]
    SLICE_X21Y21         CARRY8 (Prop_CARRY8_SLICEM_S[6]_CO[7])
                                                      0.150     5.570 r  u_tcp_rx/stat_ack_adv_reg[0]_i_2/CO[7]
                         net (fo=1, routed)           0.028     5.598    u_tcp_rx/stat_ack_adv_reg[0]_i_2_n_53
    SLICE_X21Y22         CARRY8 (Prop_CARRY8_SLICEM_CI_CO[7])
                                                      0.023     5.621 r  u_tcp_rx/stat_ack_adv_reg[8]_i_1/CO[7]
                         net (fo=1, routed)           0.028     5.649    u_tcp_rx/stat_ack_adv_reg[8]_i_1_n_53
    SLICE_X21Y23         CARRY8 (Prop_CARRY8_SLICEM_CI_O[5])
                                                      0.145     5.794 r  u_tcp_rx/stat_ack_adv_reg[16]_i_1/O[5]
                         net (fo=1, routed)           0.031     5.825    u_tcp_rx/stat_ack_adv_reg[16]_i_1_n_63
    SLICE_X21Y23         FDCE                                         r  u_tcp_rx/stat_ack_adv_reg[21]/D
  -------------------------------------------------------------------    -------------------

                         (clock g_hw.clk_out0 rise edge)
                                                      6.400     6.400 r  
    T25                                               0.000     6.400 r  sys_clk_p (IN)
                         net (fo=0)                   0.079     6.479    u_clkgen/g_hw.u_ibufds/I
    HPIOBDIFFINBUF_X0Y37 DIFFINBUF (Prop_DIFFINBUF_HPIOBDIFFINBUF_DIFF_IN_P_O)
                                                      0.398     6.877 r  u_clkgen/g_hw.u_ibufds/DIFFINBUF_INST/O
                         net (fo=1, routed)           0.040     6.917    u_clkgen/g_hw.u_ibufds/OUT
    T25                  IBUFCTRL (Prop_IBUFCTRL_HPIOB_M_I_O)
                                                      0.000     6.917 r  u_clkgen/g_hw.u_ibufds/IBUFCTRL_INST/O
                         net (fo=1, routed)           0.304     7.221    u_clkgen/g_hw.clk_in_ibuf
    BUFGCE_X0Y41         BUFGCE (Prop_BUFCE_BUFGCE_I_O)
                                                      0.024     7.245 r  u_clkgen/g_hw.u_bufg_in/O
                         net (fo=485, routed)         1.709     8.954    u_clkgen/clk_in_100
    MMCM_X0Y1            MMCME4_ADV (Prop_MMCM_CLKIN1_CLKOUT0)
                                                      0.644     9.598 r  u_clkgen/g_hw.u_mmcm/CLKOUT0
                         net (fo=1, routed)           0.228     9.826    u_clkgen/g_hw.clk_out0
    BUFGCE_X0Y31         BUFGCE (Prop_BUFCE_BUFGCE_I_O)
                                                      0.024     9.850 r  u_clkgen/g_hw.u_bufg_out/O
    X1Y1 (CLOCK_ROOT)    net (fo=49489, routed)       1.616    11.466    u_tcp_rx/dp_clk
    SLICE_X21Y23         FDCE                                         r  u_tcp_rx/stat_ack_adv_reg[21]/C
                         clock pessimism             -0.186    11.280    
                         clock uncertainty           -0.062    11.218    
    SLICE_X21Y23         FDCE (Setup_FFF_SLICEM_C_D)
                                                      0.027    11.245    u_tcp_rx/stat_ack_adv_reg[21]
  -------------------------------------------------------------------
                         required time                         11.245    
                         arrival time                          -5.825    
  -------------------------------------------------------------------
                         slack                                  5.420    

Slack (MET) :             5.426ns  (required time - arrival time)
  Source:                 u_tcp_rx/stat_ack_adv_reg[6]/C
                            (rising edge-triggered cell FDCE clocked by g_hw.clk_out0  {rise@0.000ns fall@3.200ns period=6.400ns})
  Destination:            u_tcp_rx/stat_ack_adv_reg[26]/D
                            (rising edge-triggered cell FDCE clocked by g_hw.clk_out0  {rise@0.000ns fall@3.200ns period=6.400ns})
  Path Group:             g_hw.clk_out0
  Path Type:              Setup (Max at Slow Process Corner)
  Requirement:            6.400ns  (g_hw.clk_out0 rise@6.400ns - g_hw.clk_out0 rise@0.000ns)
  Data Path Delay:        0.892ns  (logic 0.377ns (42.256%)  route 0.515ns (57.744%))
  Logic Levels:           4  (CARRY8=4)
  Clock Path Skew:        -0.047ns (DCD - SCD + CPR)
    Destination Clock Delay (DCD):    5.065ns = ( 11.465 - 6.400 ) 
    Source Clock Delay      (SCD):    4.926ns
    Clock Pessimism Removal (CPR):    -0.186ns
  Clock Uncertainty:      0.062ns  ((TSJ^2 + DJ^2)^1/2) / 2 + PE
    Total System Jitter     (TSJ):    0.071ns
    Discrete Jitter          (DJ):    0.101ns
    Phase Error              (PE):    0.000ns
  Clock Net Delay (Source):      1.844ns (routing 0.616ns, distribution 1.228ns)
  Clock Net Delay (Destination): 1.615ns (routing 0.562ns, distribution 1.053ns)

    Location             Delay type                Incr(ns)  Path(ns)    Netlist Resource(s)
  -------------------------------------------------------------------    -------------------
                         (clock g_hw.clk_out0 rise edge)
                                                      0.000     0.000 r  
    T25                                               0.000     0.000 r  sys_clk_p (IN)
                         net (fo=0)                   0.100     0.100    u_clkgen/g_hw.u_ibufds/I
    HPIOBDIFFINBUF_X0Y37 DIFFINBUF (Prop_DIFFINBUF_HPIOBDIFFINBUF_DIFF_IN_P_O)
                                                      0.479     0.579 r  u_clkgen/g_hw.u_ibufds/DIFFINBUF_INST/O
                         net (fo=1, routed)           0.050     0.629    u_clkgen/g_hw.u_ibufds/OUT
    T25                  IBUFCTRL (Prop_IBUFCTRL_HPIOB_M_I_O)
                                                      0.000     0.629 r  u_clkgen/g_hw.u_ibufds/IBUFCTRL_INST/O
                         net (fo=1, routed)           0.345     0.974    u_clkgen/g_hw.clk_in_ibuf
    BUFGCE_X0Y41         BUFGCE (Prop_BUFCE_BUFGCE_I_O)
                                                      0.028     1.002 r  u_clkgen/g_hw.u_bufg_in/O
                         net (fo=485, routed)         1.902     2.904    u_clkgen/clk_in_100
    MMCM_X0Y1            MMCME4_ADV (Prop_MMCM_CLKIN1_CLKOUT0)
                                                     -0.106     2.798 r  u_clkgen/g_hw.u_mmcm/CLKOUT0
                         net (fo=1, routed)           0.256     3.054    u_clkgen/g_hw.clk_out0
    BUFGCE_X0Y31         BUFGCE (Prop_BUFCE_BUFGCE_I_O)
                                                      0.028     3.082 r  u_clkgen/g_hw.u_bufg_out/O
    X1Y1 (CLOCK_ROOT)    net (fo=49489, routed)       1.844     4.926    u_tcp_rx/dp_clk
    SLICE_X21Y21         FDCE                                         r  u_tcp_rx/stat_ack_adv_reg[6]/C
  -------------------------------------------------------------------    -------------------
    SLICE_X21Y21         FDCE (Prop_GFF_SLICEM_C_Q)
                                                      0.095     5.021 r  u_tcp_rx/stat_ack_adv_reg[6]/Q
                         net (fo=2, routed)           0.399     5.420    u_tcp_rx/stat_ack_adv_reg[31]_0[6]
    SLICE_X21Y21         CARRY8 (Prop_CARRY8_SLICEM_S[6]_CO[7])
                                                      0.150     5.570 r  u_tcp_rx/stat_ack_adv_reg[0]_i_2/CO[7]
                         net (fo=1, routed)           0.028     5.598    u_tcp_rx/stat_ack_adv_reg[0]_i_2_n_53
    SLICE_X21Y22         CARRY8 (Prop_CARRY8_SLICEM_CI_CO[7])
                                                      0.023     5.621 r  u_tcp_rx/stat_ack_adv_reg[8]_i_1/CO[7]
                         net (fo=1, routed)           0.028     5.649    u_tcp_rx/stat_ack_adv_reg[8]_i_1_n_53
    SLICE_X21Y23         CARRY8 (Prop_CARRY8_SLICEM_CI_CO[7])
                                                      0.023     5.672 r  u_tcp_rx/stat_ack_adv_reg[16]_i_1/CO[7]
                         net (fo=1, routed)           0.028     5.700    u_tcp_rx/stat_ack_adv_reg[16]_i_1_n_53
    SLICE_X21Y24         CARRY8 (Prop_CARRY8_SLICEM_CI_O[2])
                                                      0.086     5.786 r  u_tcp_rx/stat_ack_adv_reg[24]_i_1/O[2]
                         net (fo=1, routed)           0.032     5.818    u_tcp_rx/stat_ack_adv_reg[24]_i_1_n_66
    SLICE_X21Y24         FDCE                                         r  u_tcp_rx/stat_ack_adv_reg[26]/D
  -------------------------------------------------------------------    -------------------

                         (clock g_hw.clk_out0 rise edge)
                                                      6.400     6.400 r  
    T25                                               0.000     6.400 r  sys_clk_p (IN)
                         net (fo=0)                   0.079     6.479    u_clkgen/g_hw.u_ibufds/I
    HPIOBDIFFINBUF_X0Y37 DIFFINBUF (Prop_DIFFINBUF_HPIOBDIFFINBUF_DIFF_IN_P_O)
                                                      0.398     6.877 r  u_clkgen/g_hw.u_ibufds/DIFFINBUF_INST/O
                         net (fo=1, routed)           0.040     6.917    u_clkgen/g_hw.u_ibufds/OUT
    T25                  IBUFCTRL (Prop_IBUFCTRL_HPIOB_M_I_O)
                                                      0.000     6.917 r  u_clkgen/g_hw.u_ibufds/IBUFCTRL_INST/O
                         net (fo=1, routed)           0.304     7.221    u_clkgen/g_hw.clk_in_ibuf
    BUFGCE_X0Y41         BUFGCE (Prop_BUFCE_BUFGCE_I_O)
                                                      0.024     7.245 r  u_clkgen/g_hw.u_bufg_in/O
                         net (fo=485, routed)         1.709     8.954    u_clkgen/clk_in_100
    MMCM_X0Y1            MMCME4_ADV (Prop_MMCM_CLKIN1_CLKOUT0)
                                                      0.644     9.598 r  u_clkgen/g_hw.u_mmcm/CLKOUT0
                         net (fo=1, routed)           0.228     9.826    u_clkgen/g_hw.clk_out0
    BUFGCE_X0Y31         BUFGCE (Prop_BUFCE_BUFGCE_I_O)
                                                      0.024     9.850 r  u_clkgen/g_hw.u_bufg_out/O
    X1Y1 (CLOCK_ROOT)    net (fo=49489, routed)       1.615    11.465    u_tcp_rx/dp_clk
    SLICE_X21Y24         FDCE                                         r  u_tcp_rx/stat_ack_adv_reg[26]/C
                         clock pessimism             -0.186    11.279    
                         clock uncertainty           -0.062    11.217    
    SLICE_X21Y24         FDCE (Setup_CFF_SLICEM_C_D)
                                                      0.027    11.244    u_tcp_rx/stat_ack_adv_reg[26]
  -------------------------------------------------------------------
                         required time                         11.244    
                         arrival time                          -5.818    
  -------------------------------------------------------------------
                         slack                                  5.426    

Slack (MET) :             5.435ns  (required time - arrival time)
  Source:                 u_tcp_rx/stat_ack_adv_reg[6]/C
                            (rising edge-triggered cell FDCE clocked by g_hw.clk_out0  {rise@0.000ns fall@3.200ns period=6.400ns})
  Destination:            u_tcp_rx/stat_ack_adv_reg[22]/D
                            (rising edge-triggered cell FDCE clocked by g_hw.clk_out0  {rise@0.000ns fall@3.200ns period=6.400ns})
  Path Group:             g_hw.clk_out0
  Path Type:              Setup (Max at Slow Process Corner)
  Requirement:            6.400ns  (g_hw.clk_out0 rise@6.400ns - g_hw.clk_out0 rise@0.000ns)
  Data Path Delay:        0.884ns  (logic 0.397ns (44.900%)  route 0.487ns (55.100%))
  Logic Levels:           3  (CARRY8=3)
  Clock Path Skew:        -0.046ns (DCD - SCD + CPR)
    Destination Clock Delay (DCD):    5.066ns = ( 11.466 - 6.400 ) 
    Source Clock Delay      (SCD):    4.926ns
    Clock Pessimism Removal (CPR):    -0.186ns
  Clock Uncertainty:      0.062ns  ((TSJ^2 + DJ^2)^1/2) / 2 + PE
    Total System Jitter     (TSJ):    0.071ns
    Discrete Jitter          (DJ):    0.101ns
    Phase Error              (PE):    0.000ns
  Clock Net Delay (Source):      1.844ns (routing 0.616ns, distribution 1.228ns)
  Clock Net Delay (Destination): 1.616ns (routing 0.562ns, distribution 1.054ns)

    Location             Delay type                Incr(ns)  Path(ns)    Netlist Resource(s)
  -------------------------------------------------------------------    -------------------
                         (clock g_hw.clk_out0 rise edge)
                                                      0.000     0.000 r  
    T25                                               0.000     0.000 r  sys_clk_p (IN)
                         net (fo=0)                   0.100     0.100    u_clkgen/g_hw.u_ibufds/I
    HPIOBDIFFINBUF_X0Y37 DIFFINBUF (Prop_DIFFINBUF_HPIOBDIFFINBUF_DIFF_IN_P_O)
                                                      0.479     0.579 r  u_clkgen/g_hw.u_ibufds/DIFFINBUF_INST/O
                         net (fo=1, routed)           0.050     0.629    u_clkgen/g_hw.u_ibufds/OUT
    T25                  IBUFCTRL (Prop_IBUFCTRL_HPIOB_M_I_O)
                                                      0.000     0.629 r  u_clkgen/g_hw.u_ibufds/IBUFCTRL_INST/O
                         net (fo=1, routed)           0.345     0.974    u_clkgen/g_hw.clk_in_ibuf
    BUFGCE_X0Y41         BUFGCE (Prop_BUFCE_BUFGCE_I_O)
                                                      0.028     1.002 r  u_clkgen/g_hw.u_bufg_in/O
                         net (fo=485, routed)         1.902     2.904    u_clkgen/clk_in_100
    MMCM_X0Y1            MMCME4_ADV (Prop_MMCM_CLKIN1_CLKOUT0)
                                                     -0.106     2.798 r  u_clkgen/g_hw.u_mmcm/CLKOUT0
                         net (fo=1, routed)           0.256     3.054    u_clkgen/g_hw.clk_out0
    BUFGCE_X0Y31         BUFGCE (Prop_BUFCE_BUFGCE_I_O)
                                                      0.028     3.082 r  u_clkgen/g_hw.u_bufg_out/O
    X1Y1 (CLOCK_ROOT)    net (fo=49489, routed)       1.844     4.926    u_tcp_rx/dp_clk
    SLICE_X21Y21         FDCE                                         r  u_tcp_rx/stat_ack_adv_reg[6]/C
  -------------------------------------------------------------------    -------------------
    SLICE_X21Y21         FDCE (Prop_GFF_SLICEM_C_Q)
                                                      0.095     5.021 r  u_tcp_rx/stat_ack_adv_reg[6]/Q
                         net (fo=2, routed)           0.399     5.420    u_tcp_rx/stat_ack_adv_reg[31]_0[6]
    SLICE_X21Y21         CARRY8 (Prop_CARRY8_SLICEM_S[6]_CO[7])
                                                      0.150     5.570 r  u_tcp_rx/stat_ack_adv_reg[0]_i_2/CO[7]
                         net (fo=1, routed)           0.028     5.598    u_tcp_rx/stat_ack_adv_reg[0]_i_2_n_53
    SLICE_X21Y22         CARRY8 (Prop_CARRY8_SLICEM_CI_CO[7])
                                                      0.023     5.621 r  u_tcp_rx/stat_ack_adv_reg[8]_i_1/CO[7]
                         net (fo=1, routed)           0.028     5.649    u_tcp_rx/stat_ack_adv_reg[8]_i_1_n_53
    SLICE_X21Y23         CARRY8 (Prop_CARRY8_SLICEM_CI_O[6])
                                                      0.129     5.778 r  u_tcp_rx/stat_ack_adv_reg[16]_i_1/O[6]
                         net (fo=1, routed)           0.032     5.810    u_tcp_rx/stat_ack_adv_reg[16]_i_1_n_62
    SLICE_X21Y23         FDCE                                         r  u_tcp_rx/stat_ack_adv_reg[22]/D
  -------------------------------------------------------------------    -------------------

                         (clock g_hw.clk_out0 rise edge)
                                                      6.400     6.400 r  
    T25                                               0.000     6.400 r  sys_clk_p (IN)
                         net (fo=0)                   0.079     6.479    u_clkgen/g_hw.u_ibufds/I
    HPIOBDIFFINBUF_X0Y37 DIFFINBUF (Prop_DIFFINBUF_HPIOBDIFFINBUF_DIFF_IN_P_O)
                                                      0.398     6.877 r  u_clkgen/g_hw.u_ibufds/DIFFINBUF_INST/O
                         net (fo=1, routed)           0.040     6.917    u_clkgen/g_hw.u_ibufds/OUT
    T25                  IBUFCTRL (Prop_IBUFCTRL_HPIOB_M_I_O)
                                                      0.000     6.917 r  u_clkgen/g_hw.u_ibufds/IBUFCTRL_INST/O
                         net (fo=1, routed)           0.304     7.221    u_clkgen/g_hw.clk_in_ibuf
    BUFGCE_X0Y41         BUFGCE (Prop_BUFCE_BUFGCE_I_O)
                                                      0.024     7.245 r  u_clkgen/g_hw.u_bufg_in/O
                         net (fo=485, routed)         1.709     8.954    u_clkgen/clk_in_100
    MMCM_X0Y1            MMCME4_ADV (Prop_MMCM_CLKIN1_CLKOUT0)
                                                      0.644     9.598 r  u_clkgen/g_hw.u_mmcm/CLKOUT0
                         net (fo=1, routed)           0.228     9.826    u_clkgen/g_hw.clk_out0
    BUFGCE_X0Y31         BUFGCE (Prop_BUFCE_BUFGCE_I_O)
                                                      0.024     9.850 r  u_clkgen/g_hw.u_bufg_out/O
    X1Y1 (CLOCK_ROOT)    net (fo=49489, routed)       1.616    11.466    u_tcp_rx/dp_clk
    SLICE_X21Y23         FDCE                                         r  u_tcp_rx/stat_ack_adv_reg[22]/C
                         clock pessimism             -0.186    11.280    
                         clock uncertainty           -0.062    11.218    
    SLICE_X21Y23         FDCE (Setup_GFF_SLICEM_C_D)
                                                      0.027    11.245    u_tcp_rx/stat_ack_adv_reg[22]
  -------------------------------------------------------------------
                         required time                         11.245    
                         arrival time                          -5.810    
  -------------------------------------------------------------------
                         slack                                  5.435    




