Copyright 1986-2022 Xilinx, Inc. All Rights Reserved. Copyright 2022-2025 Advanced Micro Devices, Inc. All Rights Reserved.
---------------------------------------------------------------------------------------------------------------------------------------------------------------------------------------------------------------------------------------------------------------------------------------------
| Tool Version      : Vivado v.2025.2 (win64) Build 6299465 Fri Nov 14 19:35:11 GMT 2025
| Date              : Sat Oct 10 10:13:29 2026
| Host              : xyz-intel running 64-bit major release  (build 9200)
| Command           : report_timing -to [get_pins -quiet -of [get_cells -hier -quiet -filter {NAME =~ *win_inflight_reg*}] -filter {REF_PIN_NAME =~ D}] -max_paths 10 -delay_type max -file {D:\repo\XCKU5PMini\udp_hls_10g\_proj_10g\notes\p7b_buildF_build\query_F/F_win_inflight_all.rpt}
| Design            : wrapper_p4
| Device            : xcku5p-ffvb676
| Speed File        : -1  PRODUCTION 1.29 05-01-2022
| Design State      : Routed
| Temperature Grade : E
---------------------------------------------------------------------------------------------------------------------------------------------------------------------------------------------------------------------------------------------------------------------------------------------

Timing Report

Slack (MET) :             2.579ns  (required time - arrival time)
  Source:                 u_tcp_tx/ack_pend_r_reg/C
                            (rising edge-triggered cell FDCE clocked by g_hw.clk_out0  {rise@0.000ns fall@3.200ns period=6.400ns})
  Destination:            u_tcb/win_inflight_reg[15]/D
                            (rising edge-triggered cell FDRE clocked by g_hw.clk_out0  {rise@0.000ns fall@3.200ns period=6.400ns})
  Path Group:             g_hw.clk_out0
  Path Type:              Setup (Max at Slow Process Corner)
  Requirement:            6.400ns  (g_hw.clk_out0 rise@6.400ns - g_hw.clk_out0 rise@0.000ns)
  Data Path Delay:        3.688ns  (logic 1.193ns (32.348%)  route 2.495ns (67.652%))
  Logic Levels:           8  (CARRY8=2 LUT2=1 LUT3=1 LUT5=1 LUT6=3)
  Clock Path Skew:        -0.098ns (DCD - SCD + CPR)
    Destination Clock Delay (DCD):    4.981ns = ( 11.381 - 6.400 ) 
    Source Clock Delay      (SCD):    4.820ns
    Clock Pessimism Removal (CPR):    -0.260ns
  Clock Uncertainty:      0.062ns  ((TSJ^2 + DJ^2)^1/2) / 2 + PE
    Total System Jitter     (TSJ):    0.071ns
    Discrete Jitter          (DJ):    0.101ns
    Phase Error              (PE):    0.000ns
  Clock Net Delay (Source):      1.738ns (routing 0.616ns, distribution 1.122ns)
  Clock Net Delay (Destination): 1.531ns (routing 0.562ns, distribution 0.969ns)

    Location             Delay type                Incr(ns)  Path(ns)    Netlist Resource(s)
  -------------------------------------------------------------------    -------------------
                         (clock g_hw.clk_out0 rise edge)
                                                      0.000     0.000 r  
    T25                                               0.000     0.000 r  sys_clk_p (IN)
                         net (fo=0)                   0.100     0.100    u_clkgen/g_hw.u_ibufds/I
    HPIOBDIFFINBUF_X0Y37 DIFFINBUF (Prop_DIFFINBUF_HPIOBDIFFINBUF_DIFF_IN_P_O)
                                                      0.479     0.579 r  u_clkgen/g_hw.u_ibufds/DIFFINBUF_INST/O
                         net (fo=1, routed)           0.050     0.629    u_clkgen/g_hw.u_ibufds/OUT
    T25                  IBUFCTRL (Prop_IBUFCTRL_HPIOB_M_I_O)
                                                      0.000     0.629 r  u_clkgen/g_hw.u_ibufds/IBUFCTRL_INST/O
                         net (fo=1, routed)           0.345     0.974    u_clkgen/g_hw.clk_in_ibuf
    BUFGCE_X0Y41         BUFGCE (Prop_BUFCE_BUFGCE_I_O)
                                                      0.028     1.002 r  u_clkgen/g_hw.u_bufg_in/O
                         net (fo=485, routed)         1.902     2.904    u_clkgen/clk_in_100
    MMCM_X0Y1            MMCME4_ADV (Prop_MMCM_CLKIN1_CLKOUT0)
                                                     -0.106     2.798 r  u_clkgen/g_hw.u_mmcm/CLKOUT0
                         net (fo=1, routed)           0.256     3.054    u_clkgen/g_hw.clk_out0
    BUFGCE_X0Y31         BUFGCE (Prop_BUFCE_BUFGCE_I_O)
                                                      0.028     3.082 r  u_clkgen/g_hw.u_bufg_out/O
    X1Y1 (CLOCK_ROOT)    net (fo=49489, routed)       1.738     4.820    u_tcp_tx/dp_clk
    SLICE_X45Y92         FDCE                                         r  u_tcp_tx/ack_pend_r_reg/C
  -------------------------------------------------------------------    -------------------
    SLICE_X45Y92         FDCE (Prop_HFF_SLICEL_C_Q)
                                                      0.096     4.916 r  u_tcp_tx/ack_pend_r_reg/Q
                         net (fo=18, routed)          0.258     5.174    u_tcp_tx/u_ackq/ack_pend_r
    SLICE_X45Y89         LUT3 (Prop_A6LUT_SLICEL_I1_O)
                                                      0.178     5.352 r  u_tcp_tx/u_ackq/ctrl_id[0]_i_1/O
                         net (fo=8, routed)           0.188     5.540    u_tcp_tx/u_ackq/start_id[0]
    SLICE_X45Y92         LUT6 (Prop_E6LUT_SLICEL_I3_O)
                                                      0.100     5.640 r  u_tcp_tx/u_ackq/ctrl_seq[31]_i_13/O
                         net (fo=10, routed)          0.221     5.861    u_tcp_tx/u_ackq/ctrl_seq[31]_i_13_n_53
    SLICE_X45Y89         LUT5 (Prop_G6LUT_SLICEL_I0_O)
                                                      0.147     6.008 r  u_tcp_tx/u_ackq/ctrl_seq[8]_i_7/O
                         net (fo=116, routed)         0.181     6.188    u_tcb/f_seq_reg[1][0]_0
    SLICE_X45Y87         LUT6 (Prop_A6LUT_SLICEL_I4_O)
                                                      0.178     6.366 r  u_tcb/ctrl_seq[0]_i_2/O
                         net (fo=1, routed)           0.540     6.906    u_tcb/ctrl_seq[0]_i_2_n_53
    SLICE_X56Y94         LUT6 (Prop_A6LUT_SLICEM_I0_O)
                                                      0.064     6.970 r  u_tcb/ctrl_seq[0]_i_1/O
                         net (fo=17, routed)          1.038     8.008    u_tcb/rb_snd_nxt[0]
    SLICE_X47Y72         LUT2 (Prop_A6LUT_SLICEL_I0_O)
                                                      0.039     8.047 r  u_tcb/win_inflight[7]_i_9/O
                         net (fo=1, routed)           0.011     8.058    u_tcb/win_inflight[7]_i_9_n_53
    SLICE_X47Y72         CARRY8 (Prop_CARRY8_SLICEL_S[0]_CO[7])
                                                      0.238     8.296 r  u_tcb/win_inflight_reg[7]_i_1/CO[7]
                         net (fo=1, routed)           0.028     8.324    u_tcb/win_inflight_reg[7]_i_1_n_53
    SLICE_X47Y73         CARRY8 (Prop_CARRY8_SLICEL_CI_O[7])
                                                      0.153     8.477 r  u_tcb/win_inflight_reg[15]_i_1/O[7]
                         net (fo=3, routed)           0.031     8.508    u_tcb/win_inflight_reg[15]_i_1_n_61
    SLICE_X47Y73         FDRE                                         r  u_tcb/win_inflight_reg[15]/D
  -------------------------------------------------------------------    -------------------

                         (clock g_hw.clk_out0 rise edge)
                                                      6.400     6.400 r  
    T25                                               0.000     6.400 r  sys_clk_p (IN)
                         net (fo=0)                   0.079     6.479    u_clkgen/g_hw.u_ibufds/I
    HPIOBDIFFINBUF_X0Y37 DIFFINBUF (Prop_DIFFINBUF_HPIOBDIFFINBUF_DIFF_IN_P_O)
                                                      0.398     6.877 r  u_clkgen/g_hw.u_ibufds/DIFFINBUF_INST/O
                         net (fo=1, routed)           0.040     6.917    u_clkgen/g_hw.u_ibufds/OUT
    T25                  IBUFCTRL (Prop_IBUFCTRL_HPIOB_M_I_O)
                                                      0.000     6.917 r  u_clkgen/g_hw.u_ibufds/IBUFCTRL_INST/O
                         net (fo=1, routed)           0.304     7.221    u_clkgen/g_hw.clk_in_ibuf
    BUFGCE_X0Y41         BUFGCE (Prop_BUFCE_BUFGCE_I_O)
                                                      0.024     7.245 r  u_clkgen/g_hw.u_bufg_in/O
                         net (fo=485, routed)         1.709     8.954    u_clkgen/clk_in_100
    MMCM_X0Y1            MMCME4_ADV (Prop_MMCM_CLKIN1_CLKOUT0)
                                                      0.644     9.598 r  u_clkgen/g_hw.u_mmcm/CLKOUT0
                         net (fo=1, routed)           0.228     9.826    u_clkgen/g_hw.clk_out0
    BUFGCE_X0Y31         BUFGCE (Prop_BUFCE_BUFGCE_I_O)
                                                      0.024     9.850 r  u_clkgen/g_hw.u_bufg_out/O
    X1Y1 (CLOCK_ROOT)    net (fo=49489, routed)       1.531    11.381    u_tcb/dp_clk
    SLICE_X47Y73         FDRE                                         r  u_tcb/win_inflight_reg[15]/C
                         clock pessimism             -0.260    11.121    
                         clock uncertainty           -0.062    11.059    
    SLICE_X47Y73         FDRE (Setup_HFF_SLICEL_C_D)
                                                      0.027    11.086    u_tcb/win_inflight_reg[15]
  -------------------------------------------------------------------
                         required time                         11.086    
                         arrival time                          -8.508    
  -------------------------------------------------------------------
                         slack                                  2.579    

Slack (MET) :             2.580ns  (required time - arrival time)
  Source:                 u_tcp_tx/ack_pend_r_reg/C
                            (rising edge-triggered cell FDCE clocked by g_hw.clk_out0  {rise@0.000ns fall@3.200ns period=6.400ns})
  Destination:            u_tcb/win_inflight_reg[13]/D
                            (rising edge-triggered cell FDRE clocked by g_hw.clk_out0  {rise@0.000ns fall@3.200ns period=6.400ns})
  Path Group:             g_hw.clk_out0
  Path Type:              Setup (Max at Slow Process Corner)
  Requirement:            6.400ns  (g_hw.clk_out0 rise@6.400ns - g_hw.clk_out0 rise@0.000ns)
  Data Path Delay:        3.687ns  (logic 1.192ns (32.330%)  route 2.495ns (67.670%))
  Logic Levels:           8  (CARRY8=2 LUT2=1 LUT3=1 LUT5=1 LUT6=3)
  Clock Path Skew:        -0.098ns (DCD - SCD + CPR)
    Destination Clock Delay (DCD):    4.981ns = ( 11.381 - 6.400 ) 
    Source Clock Delay      (SCD):    4.820ns
    Clock Pessimism Removal (CPR):    -0.260ns
  Clock Uncertainty:      0.062ns  ((TSJ^2 + DJ^2)^1/2) / 2 + PE
    Total System Jitter     (TSJ):    0.071ns
    Discrete Jitter          (DJ):    0.101ns
    Phase Error              (PE):    0.000ns
  Clock Net Delay (Source):      1.738ns (routing 0.616ns, distribution 1.122ns)
  Clock Net Delay (Destination): 1.531ns (routing 0.562ns, distribution 0.969ns)

    Location             Delay type                Incr(ns)  Path(ns)    Netlist Resource(s)
  -------------------------------------------------------------------    -------------------
                         (clock g_hw.clk_out0 rise edge)
                                                      0.000     0.000 r  
    T25                                               0.000     0.000 r  sys_clk_p (IN)
                         net (fo=0)                   0.100     0.100    u_clkgen/g_hw.u_ibufds/I
    HPIOBDIFFINBUF_X0Y37 DIFFINBUF (Prop_DIFFINBUF_HPIOBDIFFINBUF_DIFF_IN_P_O)
                                                      0.479     0.579 r  u_clkgen/g_hw.u_ibufds/DIFFINBUF_INST/O
                         net (fo=1, routed)           0.050     0.629    u_clkgen/g_hw.u_ibufds/OUT
    T25                  IBUFCTRL (Prop_IBUFCTRL_HPIOB_M_I_O)
                                                      0.000     0.629 r  u_clkgen/g_hw.u_ibufds/IBUFCTRL_INST/O
                         net (fo=1, routed)           0.345     0.974    u_clkgen/g_hw.clk_in_ibuf
    BUFGCE_X0Y41         BUFGCE (Prop_BUFCE_BUFGCE_I_O)
                                                      0.028     1.002 r  u_clkgen/g_hw.u_bufg_in/O
                         net (fo=485, routed)         1.902     2.904    u_clkgen/clk_in_100
    MMCM_X0Y1            MMCME4_ADV (Prop_MMCM_CLKIN1_CLKOUT0)
                                                     -0.106     2.798 r  u_clkgen/g_hw.u_mmcm/CLKOUT0
                         net (fo=1, routed)           0.256     3.054    u_clkgen/g_hw.clk_out0
    BUFGCE_X0Y31         BUFGCE (Prop_BUFCE_BUFGCE_I_O)
                                                      0.028     3.082 r  u_clkgen/g_hw.u_bufg_out/O
    X1Y1 (CLOCK_ROOT)    net (fo=49489, routed)       1.738     4.820    u_tcp_tx/dp_clk
    SLICE_X45Y92         FDCE                                         r  u_tcp_tx/ack_pend_r_reg/C
  -------------------------------------------------------------------    -------------------
    SLICE_X45Y92         FDCE (Prop_HFF_SLICEL_C_Q)
                                                      0.096     4.916 r  u_tcp_tx/ack_pend_r_reg/Q
                         net (fo=18, routed)          0.258     5.174    u_tcp_tx/u_ackq/ack_pend_r
    SLICE_X45Y89         LUT3 (Prop_A6LUT_SLICEL_I1_O)
                                                      0.178     5.352 r  u_tcp_tx/u_ackq/ctrl_id[0]_i_1/O
                         net (fo=8, routed)           0.188     5.540    u_tcp_tx/u_ackq/start_id[0]
    SLICE_X45Y92         LUT6 (Prop_E6LUT_SLICEL_I3_O)
                                                      0.100     5.640 r  u_tcp_tx/u_ackq/ctrl_seq[31]_i_13/O
                         net (fo=10, routed)          0.221     5.861    u_tcp_tx/u_ackq/ctrl_seq[31]_i_13_n_53
    SLICE_X45Y89         LUT5 (Prop_G6LUT_SLICEL_I0_O)
                                                      0.147     6.008 r  u_tcp_tx/u_ackq/ctrl_seq[8]_i_7/O
                         net (fo=116, routed)         0.181     6.188    u_tcb/f_seq_reg[1][0]_0
    SLICE_X45Y87         LUT6 (Prop_A6LUT_SLICEL_I4_O)
                                                      0.178     6.366 r  u_tcb/ctrl_seq[0]_i_2/O
                         net (fo=1, routed)           0.540     6.906    u_tcb/ctrl_seq[0]_i_2_n_53
    SLICE_X56Y94         LUT6 (Prop_A6LUT_SLICEM_I0_O)
                                                      0.064     6.970 r  u_tcb/ctrl_seq[0]_i_1/O
                         net (fo=17, routed)          1.038     8.008    u_tcb/rb_snd_nxt[0]
    SLICE_X47Y72         LUT2 (Prop_A6LUT_SLICEL_I0_O)
                                                      0.039     8.047 r  u_tcb/win_inflight[7]_i_9/O
                         net (fo=1, routed)           0.011     8.058    u_tcb/win_inflight[7]_i_9_n_53
    SLICE_X47Y72         CARRY8 (Prop_CARRY8_SLICEL_S[0]_CO[7])
                                                      0.238     8.296 r  u_tcb/win_inflight_reg[7]_i_1/CO[7]
                         net (fo=1, routed)           0.028     8.324    u_tcb/win_inflight_reg[7]_i_1_n_53
    SLICE_X47Y73         CARRY8 (Prop_CARRY8_SLICEL_CI_O[5])
                                                      0.152     8.476 r  u_tcb/win_inflight_reg[15]_i_1/O[5]
                         net (fo=3, routed)           0.031     8.507    u_tcb/win_inflight_reg[15]_i_1_n_63
    SLICE_X47Y73         FDRE                                         r  u_tcb/win_inflight_reg[13]/D
  -------------------------------------------------------------------    -------------------

                         (clock g_hw.clk_out0 rise edge)
                                                      6.400     6.400 r  
    T25                                               0.000     6.400 r  sys_clk_p (IN)
                         net (fo=0)                   0.079     6.479    u_clkgen/g_hw.u_ibufds/I
    HPIOBDIFFINBUF_X0Y37 DIFFINBUF (Prop_DIFFINBUF_HPIOBDIFFINBUF_DIFF_IN_P_O)
                                                      0.398     6.877 r  u_clkgen/g_hw.u_ibufds/DIFFINBUF_INST/O
                         net (fo=1, routed)           0.040     6.917    u_clkgen/g_hw.u_ibufds/OUT
    T25                  IBUFCTRL (Prop_IBUFCTRL_HPIOB_M_I_O)
                                                      0.000     6.917 r  u_clkgen/g_hw.u_ibufds/IBUFCTRL_INST/O
                         net (fo=1, routed)           0.304     7.221    u_clkgen/g_hw.clk_in_ibuf
    BUFGCE_X0Y41         BUFGCE (Prop_BUFCE_BUFGCE_I_O)
                                                      0.024     7.245 r  u_clkgen/g_hw.u_bufg_in/O
                         net (fo=485, routed)         1.709     8.954    u_clkgen/clk_in_100
    MMCM_X0Y1            MMCME4_ADV (Prop_MMCM_CLKIN1_CLKOUT0)
                                                      0.644     9.598 r  u_clkgen/g_hw.u_mmcm/CLKOUT0
                         net (fo=1, routed)           0.228     9.826    u_clkgen/g_hw.clk_out0
    BUFGCE_X0Y31         BUFGCE (Prop_BUFCE_BUFGCE_I_O)
                                                      0.024     9.850 r  u_clkgen/g_hw.u_bufg_out/O
    X1Y1 (CLOCK_ROOT)    net (fo=49489, routed)       1.531    11.381    u_tcb/dp_clk
    SLICE_X47Y73         FDRE                                         r  u_tcb/win_inflight_reg[13]/C
                         clock pessimism             -0.260    11.121    
                         clock uncertainty           -0.062    11.059    
    SLICE_X47Y73         FDRE (Setup_FFF_SLICEL_C_D)
                                                      0.027    11.086    u_tcb/win_inflight_reg[13]
  -------------------------------------------------------------------
                         required time                         11.086    
                         arrival time                          -8.507    
  -------------------------------------------------------------------
                         slack                                  2.580    

Slack (MET) :             2.595ns  (required time - arrival time)
  Source:                 u_tcp_tx/ack_pend_r_reg/C
                            (rising edge-triggered cell FDCE clocked by g_hw.clk_out0  {rise@0.000ns fall@3.200ns period=6.400ns})
  Destination:            u_tcb/win_inflight_reg[14]/D
                            (rising edge-triggered cell FDRE clocked by g_hw.clk_out0  {rise@0.000ns fall@3.200ns period=6.400ns})
  Path Group:             g_hw.clk_out0
  Path Type:              Setup (Max at Slow Process Corner)
  Requirement:            6.400ns  (g_hw.clk_out0 rise@6.400ns - g_hw.clk_out0 rise@0.000ns)
  Data Path Delay:        3.672ns  (logic 1.176ns (32.026%)  route 2.496ns (67.974%))
  Logic Levels:           8  (CARRY8=2 LUT2=1 LUT3=1 LUT5=1 LUT6=3)
  Clock Path Skew:        -0.098ns (DCD - SCD + CPR)
    Destination Clock Delay (DCD):    4.981ns = ( 11.381 - 6.400 ) 
    Source Clock Delay      (SCD):    4.820ns
    Clock Pessimism Removal (CPR):    -0.260ns
  Clock Uncertainty:      0.062ns  ((TSJ^2 + DJ^2)^1/2) / 2 + PE
    Total System Jitter     (TSJ):    0.071ns
    Discrete Jitter          (DJ):    0.101ns
    Phase Error              (PE):    0.000ns
  Clock Net Delay (Source):      1.738ns (routing 0.616ns, distribution 1.122ns)
  Clock Net Delay (Destination): 1.531ns (routing 0.562ns, distribution 0.969ns)

    Location             Delay type                Incr(ns)  Path(ns)    Netlist Resource(s)
  -------------------------------------------------------------------    -------------------
                         (clock g_hw.clk_out0 rise edge)
                                                      0.000     0.000 r  
    T25                                               0.000     0.000 r  sys_clk_p (IN)
                         net (fo=0)                   0.100     0.100    u_clkgen/g_hw.u_ibufds/I
    HPIOBDIFFINBUF_X0Y37 DIFFINBUF (Prop_DIFFINBUF_HPIOBDIFFINBUF_DIFF_IN_P_O)
                                                      0.479     0.579 r  u_clkgen/g_hw.u_ibufds/DIFFINBUF_INST/O
                         net (fo=1, routed)           0.050     0.629    u_clkgen/g_hw.u_ibufds/OUT
    T25                  IBUFCTRL (Prop_IBUFCTRL_HPIOB_M_I_O)
                                                      0.000     0.629 r  u_clkgen/g_hw.u_ibufds/IBUFCTRL_INST/O
                         net (fo=1, routed)           0.345     0.974    u_clkgen/g_hw.clk_in_ibuf
    BUFGCE_X0Y41         BUFGCE (Prop_BUFCE_BUFGCE_I_O)
                                                      0.028     1.002 r  u_clkgen/g_hw.u_bufg_in/O
                         net (fo=485, routed)         1.902     2.904    u_clkgen/clk_in_100
    MMCM_X0Y1            MMCME4_ADV (Prop_MMCM_CLKIN1_CLKOUT0)
                                                     -0.106     2.798 r  u_clkgen/g_hw.u_mmcm/CLKOUT0
                         net (fo=1, routed)           0.256     3.054    u_clkgen/g_hw.clk_out0
    BUFGCE_X0Y31         BUFGCE (Prop_BUFCE_BUFGCE_I_O)
                                                      0.028     3.082 r  u_clkgen/g_hw.u_bufg_out/O
    X1Y1 (CLOCK_ROOT)    net (fo=49489, routed)       1.738     4.820    u_tcp_tx/dp_clk
    SLICE_X45Y92         FDCE                                         r  u_tcp_tx/ack_pend_r_reg/C
  -------------------------------------------------------------------    -------------------
    SLICE_X45Y92         FDCE (Prop_HFF_SLICEL_C_Q)
                                                      0.096     4.916 r  u_tcp_tx/ack_pend_r_reg/Q
                         net (fo=18, routed)          0.258     5.174    u_tcp_tx/u_ackq/ack_pend_r
    SLICE_X45Y89         LUT3 (Prop_A6LUT_SLICEL_I1_O)
                                                      0.178     5.352 r  u_tcp_tx/u_ackq/ctrl_id[0]_i_1/O
                         net (fo=8, routed)           0.188     5.540    u_tcp_tx/u_ackq/start_id[0]
    SLICE_X45Y92         LUT6 (Prop_E6LUT_SLICEL_I3_O)
                                                      0.100     5.640 r  u_tcp_tx/u_ackq/ctrl_seq[31]_i_13/O
                         net (fo=10, routed)          0.221     5.861    u_tcp_tx/u_ackq/ctrl_seq[31]_i_13_n_53
    SLICE_X45Y89         LUT5 (Prop_G6LUT_SLICEL_I0_O)
                                                      0.147     6.008 r  u_tcp_tx/u_ackq/ctrl_seq[8]_i_7/O
                         net (fo=116, routed)         0.181     6.188    u_tcb/f_seq_reg[1][0]_0
    SLICE_X45Y87         LUT6 (Prop_A6LUT_SLICEL_I4_O)
                                                      0.178     6.366 r  u_tcb/ctrl_seq[0]_i_2/O
                         net (fo=1, routed)           0.540     6.906    u_tcb/ctrl_seq[0]_i_2_n_53
    SLICE_X56Y94         LUT6 (Prop_A6LUT_SLICEM_I0_O)
                                                      0.064     6.970 r  u_tcb/ctrl_seq[0]_i_1/O
                         net (fo=17, routed)          1.038     8.008    u_tcb/rb_snd_nxt[0]
    SLICE_X47Y72         LUT2 (Prop_A6LUT_SLICEL_I0_O)
                                                      0.039     8.047 r  u_tcb/win_inflight[7]_i_9/O
                         net (fo=1, routed)           0.011     8.058    u_tcb/win_inflight[7]_i_9_n_53
    SLICE_X47Y72         CARRY8 (Prop_CARRY8_SLICEL_S[0]_CO[7])
                                                      0.238     8.296 r  u_tcb/win_inflight_reg[7]_i_1/CO[7]
                         net (fo=1, routed)           0.028     8.324    u_tcb/win_inflight_reg[7]_i_1_n_53
    SLICE_X47Y73         CARRY8 (Prop_CARRY8_SLICEL_CI_O[6])
                                                      0.136     8.460 r  u_tcb/win_inflight_reg[15]_i_1/O[6]
                         net (fo=3, routed)           0.032     8.492    u_tcb/win_inflight_reg[15]_i_1_n_62
    SLICE_X47Y73         FDRE                                         r  u_tcb/win_inflight_reg[14]/D
  -------------------------------------------------------------------    -------------------

                         (clock g_hw.clk_out0 rise edge)
                                                      6.400     6.400 r  
    T25                                               0.000     6.400 r  sys_clk_p (IN)
                         net (fo=0)                   0.079     6.479    u_clkgen/g_hw.u_ibufds/I
    HPIOBDIFFINBUF_X0Y37 DIFFINBUF (Prop_DIFFINBUF_HPIOBDIFFINBUF_DIFF_IN_P_O)
                                                      0.398     6.877 r  u_clkgen/g_hw.u_ibufds/DIFFINBUF_INST/O
                         net (fo=1, routed)           0.040     6.917    u_clkgen/g_hw.u_ibufds/OUT
    T25                  IBUFCTRL (Prop_IBUFCTRL_HPIOB_M_I_O)
                                                      0.000     6.917 r  u_clkgen/g_hw.u_ibufds/IBUFCTRL_INST/O
                         net (fo=1, routed)           0.304     7.221    u_clkgen/g_hw.clk_in_ibuf
    BUFGCE_X0Y41         BUFGCE (Prop_BUFCE_BUFGCE_I_O)
                                                      0.024     7.245 r  u_clkgen/g_hw.u_bufg_in/O
                         net (fo=485, routed)         1.709     8.954    u_clkgen/clk_in_100
    MMCM_X0Y1            MMCME4_ADV (Prop_MMCM_CLKIN1_CLKOUT0)
                                                      0.644     9.598 r  u_clkgen/g_hw.u_mmcm/CLKOUT0
                         net (fo=1, routed)           0.228     9.826    u_clkgen/g_hw.clk_out0
    BUFGCE_X0Y31         BUFGCE (Prop_BUFCE_BUFGCE_I_O)
                                                      0.024     9.850 r  u_clkgen/g_hw.u_bufg_out/O
    X1Y1 (CLOCK_ROOT)    net (fo=49489, routed)       1.531    11.381    u_tcb/dp_clk
    SLICE_X47Y73         FDRE                                         r  u_tcb/win_inflight_reg[14]/C
                         clock pessimism             -0.260    11.121    
                         clock uncertainty           -0.062    11.059    
    SLICE_X47Y73         FDRE (Setup_GFF_SLICEL_C_D)
                                                      0.027    11.086    u_tcb/win_inflight_reg[14]
  -------------------------------------------------------------------
                         required time                         11.086    
                         arrival time                          -8.492    
  -------------------------------------------------------------------
                         slack                                  2.595    

Slack (MET) :             2.616ns  (required time - arrival time)
  Source:                 u_tcp_tx/ack_pend_r_reg/C
                            (rising edge-triggered cell FDCE clocked by g_hw.clk_out0  {rise@0.000ns fall@3.200ns period=6.400ns})
  Destination:            u_tcb/win_inflight_reg[11]/D
                            (rising edge-triggered cell FDRE clocked by g_hw.clk_out0  {rise@0.000ns fall@3.200ns period=6.400ns})
  Path Group:             g_hw.clk_out0
  Path Type:              Setup (Max at Slow Process Corner)
  Requirement:            6.400ns  (g_hw.clk_out0 rise@6.400ns - g_hw.clk_out0 rise@0.000ns)
  Data Path Delay:        3.647ns  (logic 1.151ns (31.560%)  route 2.496ns (68.440%))
  Logic Levels:           8  (CARRY8=2 LUT2=1 LUT3=1 LUT5=1 LUT6=3)
  Clock Path Skew:        -0.102ns (DCD - SCD + CPR)
    Destination Clock Delay (DCD):    4.977ns = ( 11.377 - 6.400 ) 
    Source Clock Delay      (SCD):    4.820ns
    Clock Pessimism Removal (CPR):    -0.260ns
  Clock Uncertainty:      0.062ns  ((TSJ^2 + DJ^2)^1/2) / 2 + PE
    Total System Jitter     (TSJ):    0.071ns
    Discrete Jitter          (DJ):    0.101ns
    Phase Error              (PE):    0.000ns
  Clock Net Delay (Source):      1.738ns (routing 0.616ns, distribution 1.122ns)
  Clock Net Delay (Destination): 1.527ns (routing 0.562ns, distribution 0.965ns)

    Location             Delay type                Incr(ns)  Path(ns)    Netlist Resource(s)
  -------------------------------------------------------------------    -------------------
                         (clock g_hw.clk_out0 rise edge)
                                                      0.000     0.000 r  
    T25                                               0.000     0.000 r  sys_clk_p (IN)
                         net (fo=0)                   0.100     0.100    u_clkgen/g_hw.u_ibufds/I
    HPIOBDIFFINBUF_X0Y37 DIFFINBUF (Prop_DIFFINBUF_HPIOBDIFFINBUF_DIFF_IN_P_O)
                                                      0.479     0.579 r  u_clkgen/g_hw.u_ibufds/DIFFINBUF_INST/O
                         net (fo=1, routed)           0.050     0.629    u_clkgen/g_hw.u_ibufds/OUT
    T25                  IBUFCTRL (Prop_IBUFCTRL_HPIOB_M_I_O)
                                                      0.000     0.629 r  u_clkgen/g_hw.u_ibufds/IBUFCTRL_INST/O
                         net (fo=1, routed)           0.345     0.974    u_clkgen/g_hw.clk_in_ibuf
    BUFGCE_X0Y41         BUFGCE (Prop_BUFCE_BUFGCE_I_O)
                                                      0.028     1.002 r  u_clkgen/g_hw.u_bufg_in/O
                         net (fo=485, routed)         1.902     2.904    u_clkgen/clk_in_100
    MMCM_X0Y1            MMCME4_ADV (Prop_MMCM_CLKIN1_CLKOUT0)
                                                     -0.106     2.798 r  u_clkgen/g_hw.u_mmcm/CLKOUT0
                         net (fo=1, routed)           0.256     3.054    u_clkgen/g_hw.clk_out0
    BUFGCE_X0Y31         BUFGCE (Prop_BUFCE_BUFGCE_I_O)
                                                      0.028     3.082 r  u_clkgen/g_hw.u_bufg_out/O
    X1Y1 (CLOCK_ROOT)    net (fo=49489, routed)       1.738     4.820    u_tcp_tx/dp_clk
    SLICE_X45Y92         FDCE                                         r  u_tcp_tx/ack_pend_r_reg/C
  -------------------------------------------------------------------    -------------------
    SLICE_X45Y92         FDCE (Prop_HFF_SLICEL_C_Q)
                                                      0.096     4.916 r  u_tcp_tx/ack_pend_r_reg/Q
                         net (fo=18, routed)          0.258     5.174    u_tcp_tx/u_ackq/ack_pend_r
    SLICE_X45Y89         LUT3 (Prop_A6LUT_SLICEL_I1_O)
                                                      0.178     5.352 r  u_tcp_tx/u_ackq/ctrl_id[0]_i_1/O
                         net (fo=8, routed)           0.188     5.540    u_tcp_tx/u_ackq/start_id[0]
    SLICE_X45Y92         LUT6 (Prop_E6LUT_SLICEL_I3_O)
                                                      0.100     5.640 r  u_tcp_tx/u_ackq/ctrl_seq[31]_i_13/O
                         net (fo=10, routed)          0.221     5.861    u_tcp_tx/u_ackq/ctrl_seq[31]_i_13_n_53
    SLICE_X45Y89         LUT5 (Prop_G6LUT_SLICEL_I0_O)
                                                      0.147     6.008 r  u_tcp_tx/u_ackq/ctrl_seq[8]_i_7/O
                         net (fo=116, routed)         0.181     6.188    u_tcb/f_seq_reg[1][0]_0
    SLICE_X45Y87         LUT6 (Prop_A6LUT_SLICEL_I4_O)
                                                      0.178     6.366 r  u_tcb/ctrl_seq[0]_i_2/O
                         net (fo=1, routed)           0.540     6.906    u_tcb/ctrl_seq[0]_i_2_n_53
    SLICE_X56Y94         LUT6 (Prop_A6LUT_SLICEM_I0_O)
                                                      0.064     6.970 r  u_tcb/ctrl_seq[0]_i_1/O
                         net (fo=17, routed)          1.038     8.008    u_tcb/rb_snd_nxt[0]
    SLICE_X47Y72         LUT2 (Prop_A6LUT_SLICEL_I0_O)
                                                      0.039     8.047 r  u_tcb/win_inflight[7]_i_9/O
                         net (fo=1, routed)           0.011     8.058    u_tcb/win_inflight[7]_i_9_n_53
    SLICE_X47Y72         CARRY8 (Prop_CARRY8_SLICEL_S[0]_CO[7])
                                                      0.238     8.296 r  u_tcb/win_inflight_reg[7]_i_1/CO[7]
                         net (fo=1, routed)           0.028     8.324    u_tcb/win_inflight_reg[7]_i_1_n_53
    SLICE_X47Y73         CARRY8 (Prop_CARRY8_SLICEL_CI_O[3])
                                                      0.111     8.435 r  u_tcb/win_inflight_reg[15]_i_1/O[3]
                         net (fo=3, routed)           0.032     8.467    u_tcb/win_inflight_reg[15]_i_1_n_65
    SLICE_X47Y73         FDRE                                         r  u_tcb/win_inflight_reg[11]/D
  -------------------------------------------------------------------    -------------------

                         (clock g_hw.clk_out0 rise edge)
                                                      6.400     6.400 r  
    T25                                               0.000     6.400 r  sys_clk_p (IN)
                         net (fo=0)                   0.079     6.479    u_clkgen/g_hw.u_ibufds/I
    HPIOBDIFFINBUF_X0Y37 DIFFINBUF (Prop_DIFFINBUF_HPIOBDIFFINBUF_DIFF_IN_P_O)
                                                      0.398     6.877 r  u_clkgen/g_hw.u_ibufds/DIFFINBUF_INST/O
                         net (fo=1, routed)           0.040     6.917    u_clkgen/g_hw.u_ibufds/OUT
    T25                  IBUFCTRL (Prop_IBUFCTRL_HPIOB_M_I_O)
                                                      0.000     6.917 r  u_clkgen/g_hw.u_ibufds/IBUFCTRL_INST/O
                         net (fo=1, routed)           0.304     7.221    u_clkgen/g_hw.clk_in_ibuf
    BUFGCE_X0Y41         BUFGCE (Prop_BUFCE_BUFGCE_I_O)
                                                      0.024     7.245 r  u_clkgen/g_hw.u_bufg_in/O
                         net (fo=485, routed)         1.709     8.954    u_clkgen/clk_in_100
    MMCM_X0Y1            MMCME4_ADV (Prop_MMCM_CLKIN1_CLKOUT0)
                                                      0.644     9.598 r  u_clkgen/g_hw.u_mmcm/CLKOUT0
                         net (fo=1, routed)           0.228     9.826    u_clkgen/g_hw.clk_out0
    BUFGCE_X0Y31         BUFGCE (Prop_BUFCE_BUFGCE_I_O)
                                                      0.024     9.850 r  u_clkgen/g_hw.u_bufg_out/O
    X1Y1 (CLOCK_ROOT)    net (fo=49489, routed)       1.527    11.377    u_tcb/dp_clk
    SLICE_X47Y73         FDRE                                         r  u_tcb/win_inflight_reg[11]/C
                         clock pessimism             -0.260    11.117    
                         clock uncertainty           -0.062    11.056    
    SLICE_X47Y73         FDRE (Setup_DFF_SLICEL_C_D)
                                                      0.027    11.083    u_tcb/win_inflight_reg[11]
  -------------------------------------------------------------------
                         required time                         11.083    
                         arrival time                          -8.467    
  -------------------------------------------------------------------
                         slack                                  2.616    

Slack (MET) :             2.617ns  (required time - arrival time)
  Source:                 u_tcp_tx/ack_pend_r_reg/C
                            (rising edge-triggered cell FDCE clocked by g_hw.clk_out0  {rise@0.000ns fall@3.200ns period=6.400ns})
  Destination:            u_tcb/win_inflight_reg[12]/D
                            (rising edge-triggered cell FDRE clocked by g_hw.clk_out0  {rise@0.000ns fall@3.200ns period=6.400ns})
  Path Group:             g_hw.clk_out0
  Path Type:              Setup (Max at Slow Process Corner)
  Requirement:            6.400ns  (g_hw.clk_out0 rise@6.400ns - g_hw.clk_out0 rise@0.000ns)
  Data Path Delay:        3.650ns  (logic 1.156ns (31.671%)  route 2.494ns (68.329%))
  Logic Levels:           8  (CARRY8=2 LUT2=1 LUT3=1 LUT5=1 LUT6=3)
  Clock Path Skew:        -0.098ns (DCD - SCD + CPR)
    Destination Clock Delay (DCD):    4.981ns = ( 11.381 - 6.400 ) 
    Source Clock Delay      (SCD):    4.820ns
    Clock Pessimism Removal (CPR):    -0.260ns
  Clock Uncertainty:      0.062ns  ((TSJ^2 + DJ^2)^1/2) / 2 + PE
    Total System Jitter     (TSJ):    0.071ns
    Discrete Jitter          (DJ):    0.101ns
    Phase Error              (PE):    0.000ns
  Clock Net Delay (Source):      1.738ns (routing 0.616ns, distribution 1.122ns)
  Clock Net Delay (Destination): 1.531ns (routing 0.562ns, distribution 0.969ns)

    Location             Delay type                Incr(ns)  Path(ns)    Netlist Resource(s)
  -------------------------------------------------------------------    -------------------
                         (clock g_hw.clk_out0 rise edge)
                                                      0.000     0.000 r  
    T25                                               0.000     0.000 r  sys_clk_p (IN)
                         net (fo=0)                   0.100     0.100    u_clkgen/g_hw.u_ibufds/I
    HPIOBDIFFINBUF_X0Y37 DIFFINBUF (Prop_DIFFINBUF_HPIOBDIFFINBUF_DIFF_IN_P_O)
                                                      0.479     0.579 r  u_clkgen/g_hw.u_ibufds/DIFFINBUF_INST/O
                         net (fo=1, routed)           0.050     0.629    u_clkgen/g_hw.u_ibufds/OUT
    T25                  IBUFCTRL (Prop_IBUFCTRL_HPIOB_M_I_O)
                                                      0.000     0.629 r  u_clkgen/g_hw.u_ibufds/IBUFCTRL_INST/O
                         net (fo=1, routed)           0.345     0.974    u_clkgen/g_hw.clk_in_ibuf
    BUFGCE_X0Y41         BUFGCE (Prop_BUFCE_BUFGCE_I_O)
                                                      0.028     1.002 r  u_clkgen/g_hw.u_bufg_in/O
                         net (fo=485, routed)         1.902     2.904    u_clkgen/clk_in_100
    MMCM_X0Y1            MMCME4_ADV (Prop_MMCM_CLKIN1_CLKOUT0)
                                                     -0.106     2.798 r  u_clkgen/g_hw.u_mmcm/CLKOUT0
                         net (fo=1, routed)           0.256     3.054    u_clkgen/g_hw.clk_out0
    BUFGCE_X0Y31         BUFGCE (Prop_BUFCE_BUFGCE_I_O)
                                                      0.028     3.082 r  u_clkgen/g_hw.u_bufg_out/O
    X1Y1 (CLOCK_ROOT)    net (fo=49489, routed)       1.738     4.820    u_tcp_tx/dp_clk
    SLICE_X45Y92         FDCE                                         r  u_tcp_tx/ack_pend_r_reg/C
  -------------------------------------------------------------------    -------------------
    SLICE_X45Y92         FDCE (Prop_HFF_SLICEL_C_Q)
                                                      0.096     4.916 r  u_tcp_tx/ack_pend_r_reg/Q
                         net (fo=18, routed)          0.258     5.174    u_tcp_tx/u_ackq/ack_pend_r
    SLICE_X45Y89         LUT3 (Prop_A6LUT_SLICEL_I1_O)
                                                      0.178     5.352 r  u_tcp_tx/u_ackq/ctrl_id[0]_i_1/O
                         net (fo=8, routed)           0.188     5.540    u_tcp_tx/u_ackq/start_id[0]
    SLICE_X45Y92         LUT6 (Prop_E6LUT_SLICEL_I3_O)
                                                      0.100     5.640 r  u_tcp_tx/u_ackq/ctrl_seq[31]_i_13/O
                         net (fo=10, routed)          0.221     5.861    u_tcp_tx/u_ackq/ctrl_seq[31]_i_13_n_53
    SLICE_X45Y89         LUT5 (Prop_G6LUT_SLICEL_I0_O)
                                                      0.147     6.008 r  u_tcp_tx/u_ackq/ctrl_seq[8]_i_7/O
                         net (fo=116, routed)         0.181     6.188    u_tcb/f_seq_reg[1][0]_0
    SLICE_X45Y87         LUT6 (Prop_A6LUT_SLICEL_I4_O)
                                                      0.178     6.366 r  u_tcb/ctrl_seq[0]_i_2/O
                         net (fo=1, routed)           0.540     6.906    u_tcb/ctrl_seq[0]_i_2_n_53
    SLICE_X56Y94         LUT6 (Prop_A6LUT_SLICEM_I0_O)
                                                      0.064     6.970 r  u_tcb/ctrl_seq[0]_i_1/O
                         net (fo=17, routed)          1.038     8.008    u_tcb/rb_snd_nxt[0]
    SLICE_X47Y72         LUT2 (Prop_A6LUT_SLICEL_I0_O)
                                                      0.039     8.047 r  u_tcb/win_inflight[7]_i_9/O
                         net (fo=1, routed)           0.011     8.058    u_tcb/win_inflight[7]_i_9_n_53
    SLICE_X47Y72         CARRY8 (Prop_CARRY8_SLICEL_S[0]_CO[7])
                                                      0.238     8.296 r  u_tcb/win_inflight_reg[7]_i_1/CO[7]
                         net (fo=1, routed)           0.028     8.324    u_tcb/win_inflight_reg[7]_i_1_n_53
    SLICE_X47Y73         CARRY8 (Prop_CARRY8_SLICEL_CI_O[4])
                                                      0.116     8.440 r  u_tcb/win_inflight_reg[15]_i_1/O[4]
                         net (fo=3, routed)           0.030     8.470    u_tcb/win_inflight_reg[15]_i_1_n_64
    SLICE_X47Y73         FDRE                                         r  u_tcb/win_inflight_reg[12]/D
  -------------------------------------------------------------------    -------------------

                         (clock g_hw.clk_out0 rise edge)
                                                      6.400     6.400 r  
    T25                                               0.000     6.400 r  sys_clk_p (IN)
                         net (fo=0)                   0.079     6.479    u_clkgen/g_hw.u_ibufds/I
    HPIOBDIFFINBUF_X0Y37 DIFFINBUF (Prop_DIFFINBUF_HPIOBDIFFINBUF_DIFF_IN_P_O)
                                                      0.398     6.877 r  u_clkgen/g_hw.u_ibufds/DIFFINBUF_INST/O
                         net (fo=1, routed)           0.040     6.917    u_clkgen/g_hw.u_ibufds/OUT
    T25                  IBUFCTRL (Prop_IBUFCTRL_HPIOB_M_I_O)
                                                      0.000     6.917 r  u_clkgen/g_hw.u_ibufds/IBUFCTRL_INST/O
                         net (fo=1, routed)           0.304     7.221    u_clkgen/g_hw.clk_in_ibuf
    BUFGCE_X0Y41         BUFGCE (Prop_BUFCE_BUFGCE_I_O)
                                                      0.024     7.245 r  u_clkgen/g_hw.u_bufg_in/O
                         net (fo=485, routed)         1.709     8.954    u_clkgen/clk_in_100
    MMCM_X0Y1            MMCME4_ADV (Prop_MMCM_CLKIN1_CLKOUT0)
                                                      0.644     9.598 r  u_clkgen/g_hw.u_mmcm/CLKOUT0
                         net (fo=1, routed)           0.228     9.826    u_clkgen/g_hw.clk_out0
    BUFGCE_X0Y31         BUFGCE (Prop_BUFCE_BUFGCE_I_O)
                                                      0.024     9.850 r  u_clkgen/g_hw.u_bufg_out/O
    X1Y1 (CLOCK_ROOT)    net (fo=49489, routed)       1.531    11.381    u_tcb/dp_clk
    SLICE_X47Y73         FDRE                                         r  u_tcb/win_inflight_reg[12]/C
                         clock pessimism             -0.260    11.121    
                         clock uncertainty           -0.062    11.059    
    SLICE_X47Y73         FDRE (Setup_EFF_SLICEL_C_D)
                                                      0.027    11.086    u_tcb/win_inflight_reg[12]
  -------------------------------------------------------------------
                         required time                         11.086    
                         arrival time                          -8.470    
  -------------------------------------------------------------------
                         slack                                  2.617    

Slack (MET) :             2.624ns  (required time - arrival time)
  Source:                 u_tcp_tx/ack_pend_r_reg/C
                            (rising edge-triggered cell FDCE clocked by g_hw.clk_out0  {rise@0.000ns fall@3.200ns period=6.400ns})
  Destination:            u_tcb/win_inflight_reg[9]/D
                            (rising edge-triggered cell FDRE clocked by g_hw.clk_out0  {rise@0.000ns fall@3.200ns period=6.400ns})
  Path Group:             g_hw.clk_out0
  Path Type:              Setup (Max at Slow Process Corner)
  Requirement:            6.400ns  (g_hw.clk_out0 rise@6.400ns - g_hw.clk_out0 rise@0.000ns)
  Data Path Delay:        3.639ns  (logic 1.144ns (31.437%)  route 2.495ns (68.563%))
  Logic Levels:           8  (CARRY8=2 LUT2=1 LUT3=1 LUT5=1 LUT6=3)
  Clock Path Skew:        -0.102ns (DCD - SCD + CPR)
    Destination Clock Delay (DCD):    4.977ns = ( 11.377 - 6.400 ) 
    Source Clock Delay      (SCD):    4.820ns
    Clock Pessimism Removal (CPR):    -0.260ns
  Clock Uncertainty:      0.062ns  ((TSJ^2 + DJ^2)^1/2) / 2 + PE
    Total System Jitter     (TSJ):    0.071ns
    Discrete Jitter          (DJ):    0.101ns
    Phase Error              (PE):    0.000ns
  Clock Net Delay (Source):      1.738ns (routing 0.616ns, distribution 1.122ns)
  Clock Net Delay (Destination): 1.527ns (routing 0.562ns, distribution 0.965ns)

    Location             Delay type                Incr(ns)  Path(ns)    Netlist Resource(s)
  -------------------------------------------------------------------    -------------------
                         (clock g_hw.clk_out0 rise edge)
                                                      0.000     0.000 r  
    T25                                               0.000     0.000 r  sys_clk_p (IN)
                         net (fo=0)                   0.100     0.100    u_clkgen/g_hw.u_ibufds/I
    HPIOBDIFFINBUF_X0Y37 DIFFINBUF (Prop_DIFFINBUF_HPIOBDIFFINBUF_DIFF_IN_P_O)
                                                      0.479     0.579 r  u_clkgen/g_hw.u_ibufds/DIFFINBUF_INST/O
                         net (fo=1, routed)           0.050     0.629    u_clkgen/g_hw.u_ibufds/OUT
    T25                  IBUFCTRL (Prop_IBUFCTRL_HPIOB_M_I_O)
                                                      0.000     0.629 r  u_clkgen/g_hw.u_ibufds/IBUFCTRL_INST/O
                         net (fo=1, routed)           0.345     0.974    u_clkgen/g_hw.clk_in_ibuf
    BUFGCE_X0Y41         BUFGCE (Prop_BUFCE_BUFGCE_I_O)
                                                      0.028     1.002 r  u_clkgen/g_hw.u_bufg_in/O
                         net (fo=485, routed)         1.902     2.904    u_clkgen/clk_in_100
    MMCM_X0Y1            MMCME4_ADV (Prop_MMCM_CLKIN1_CLKOUT0)
                                                     -0.106     2.798 r  u_clkgen/g_hw.u_mmcm/CLKOUT0
                         net (fo=1, routed)           0.256     3.054    u_clkgen/g_hw.clk_out0
    BUFGCE_X0Y31         BUFGCE (Prop_BUFCE_BUFGCE_I_O)
                                                      0.028     3.082 r  u_clkgen/g_hw.u_bufg_out/O
    X1Y1 (CLOCK_ROOT)    net (fo=49489, routed)       1.738     4.820    u_tcp_tx/dp_clk
    SLICE_X45Y92         FDCE                                         r  u_tcp_tx/ack_pend_r_reg/C
  -------------------------------------------------------------------    -------------------
    SLICE_X45Y92         FDCE (Prop_HFF_SLICEL_C_Q)
                                                      0.096     4.916 r  u_tcp_tx/ack_pend_r_reg/Q
                         net (fo=18, routed)          0.258     5.174    u_tcp_tx/u_ackq/ack_pend_r
    SLICE_X45Y89         LUT3 (Prop_A6LUT_SLICEL_I1_O)
                                                      0.178     5.352 r  u_tcp_tx/u_ackq/ctrl_id[0]_i_1/O
                         net (fo=8, routed)           0.188     5.540    u_tcp_tx/u_ackq/start_id[0]
    SLICE_X45Y92         LUT6 (Prop_E6LUT_SLICEL_I3_O)
                                                      0.100     5.640 r  u_tcp_tx/u_ackq/ctrl_seq[31]_i_13/O
                         net (fo=10, routed)          0.221     5.861    u_tcp_tx/u_ackq/ctrl_seq[31]_i_13_n_53
    SLICE_X45Y89         LUT5 (Prop_G6LUT_SLICEL_I0_O)
                                                      0.147     6.008 r  u_tcp_tx/u_ackq/ctrl_seq[8]_i_7/O
                         net (fo=116, routed)         0.181     6.188    u_tcb/f_seq_reg[1][0]_0
    SLICE_X45Y87         LUT6 (Prop_A6LUT_SLICEL_I4_O)
                                                      0.178     6.366 r  u_tcb/ctrl_seq[0]_i_2/O
                         net (fo=1, routed)           0.540     6.906    u_tcb/ctrl_seq[0]_i_2_n_53
    SLICE_X56Y94         LUT6 (Prop_A6LUT_SLICEM_I0_O)
                                                      0.064     6.970 r  u_tcb/ctrl_seq[0]_i_1/O
                         net (fo=17, routed)          1.038     8.008    u_tcb/rb_snd_nxt[0]
    SLICE_X47Y72         LUT2 (Prop_A6LUT_SLICEL_I0_O)
                                                      0.039     8.047 r  u_tcb/win_inflight[7]_i_9/O
                         net (fo=1, routed)           0.011     8.058    u_tcb/win_inflight[7]_i_9_n_53
    SLICE_X47Y72         CARRY8 (Prop_CARRY8_SLICEL_S[0]_CO[7])
                                                      0.238     8.296 r  u_tcb/win_inflight_reg[7]_i_1/CO[7]
                         net (fo=1, routed)           0.028     8.324    u_tcb/win_inflight_reg[7]_i_1_n_53
    SLICE_X47Y73         CARRY8 (Prop_CARRY8_SLICEL_CI_O[1])
                                                      0.104     8.428 r  u_tcb/win_inflight_reg[15]_i_1/O[1]
                         net (fo=3, routed)           0.031     8.459    u_tcb/win_inflight_reg[15]_i_1_n_67
    SLICE_X47Y73         FDRE                                         r  u_tcb/win_inflight_reg[9]/D
  -------------------------------------------------------------------    -------------------

                         (clock g_hw.clk_out0 rise edge)
                                                      6.400     6.400 r  
    T25                                               0.000     6.400 r  sys_clk_p (IN)
                         net (fo=0)                   0.079     6.479    u_clkgen/g_hw.u_ibufds/I
    HPIOBDIFFINBUF_X0Y37 DIFFINBUF (Prop_DIFFINBUF_HPIOBDIFFINBUF_DIFF_IN_P_O)
                                                      0.398     6.877 r  u_clkgen/g_hw.u_ibufds/DIFFINBUF_INST/O
                         net (fo=1, routed)           0.040     6.917    u_clkgen/g_hw.u_ibufds/OUT
    T25                  IBUFCTRL (Prop_IBUFCTRL_HPIOB_M_I_O)
                                                      0.000     6.917 r  u_clkgen/g_hw.u_ibufds/IBUFCTRL_INST/O
                         net (fo=1, routed)           0.304     7.221    u_clkgen/g_hw.clk_in_ibuf
    BUFGCE_X0Y41         BUFGCE (Prop_BUFCE_BUFGCE_I_O)
                                                      0.024     7.245 r  u_clkgen/g_hw.u_bufg_in/O
                         net (fo=485, routed)         1.709     8.954    u_clkgen/clk_in_100
    MMCM_X0Y1            MMCME4_ADV (Prop_MMCM_CLKIN1_CLKOUT0)
                                                      0.644     9.598 r  u_clkgen/g_hw.u_mmcm/CLKOUT0
                         net (fo=1, routed)           0.228     9.826    u_clkgen/g_hw.clk_out0
    BUFGCE_X0Y31         BUFGCE (Prop_BUFCE_BUFGCE_I_O)
                                                      0.024     9.850 r  u_clkgen/g_hw.u_bufg_out/O
    X1Y1 (CLOCK_ROOT)    net (fo=49489, routed)       1.527    11.377    u_tcb/dp_clk
    SLICE_X47Y73         FDRE                                         r  u_tcb/win_inflight_reg[9]/C
                         clock pessimism             -0.260    11.117    
                         clock uncertainty           -0.062    11.056    
    SLICE_X47Y73         FDRE (Setup_BFF_SLICEL_C_D)
                                                      0.027    11.083    u_tcb/win_inflight_reg[9]
  -------------------------------------------------------------------
                         required time                         11.083    
                         arrival time                          -8.459    
  -------------------------------------------------------------------
                         slack                                  2.624    

Slack (MET) :             2.634ns  (required time - arrival time)
  Source:                 u_tcp_tx/ack_pend_r_reg/C
                            (rising edge-triggered cell FDCE clocked by g_hw.clk_out0  {rise@0.000ns fall@3.200ns period=6.400ns})
  Destination:            u_tcb/win_inflight_reg[10]/D
                            (rising edge-triggered cell FDRE clocked by g_hw.clk_out0  {rise@0.000ns fall@3.200ns period=6.400ns})
  Path Group:             g_hw.clk_out0
  Path Type:              Setup (Max at Slow Process Corner)
  Requirement:            6.400ns  (g_hw.clk_out0 rise@6.400ns - g_hw.clk_out0 rise@0.000ns)
  Data Path Delay:        3.629ns  (logic 1.133ns (31.221%)  route 2.496ns (68.779%))
  Logic Levels:           8  (CARRY8=2 LUT2=1 LUT3=1 LUT5=1 LUT6=3)
  Clock Path Skew:        -0.102ns (DCD - SCD + CPR)
    Destination Clock Delay (DCD):    4.977ns = ( 11.377 - 6.400 ) 
    Source Clock Delay      (SCD):    4.820ns
    Clock Pessimism Removal (CPR):    -0.260ns
  Clock Uncertainty:      0.062ns  ((TSJ^2 + DJ^2)^1/2) / 2 + PE
    Total System Jitter     (TSJ):    0.071ns
    Discrete Jitter          (DJ):    0.101ns
    Phase Error              (PE):    0.000ns
  Clock Net Delay (Source):      1.738ns (routing 0.616ns, distribution 1.122ns)
  Clock Net Delay (Destination): 1.527ns (routing 0.562ns, distribution 0.965ns)

    Location             Delay type                Incr(ns)  Path(ns)    Netlist Resource(s)
  -------------------------------------------------------------------    -------------------
                         (clock g_hw.clk_out0 rise edge)
                                                      0.000     0.000 r  
    T25                                               0.000     0.000 r  sys_clk_p (IN)
                         net (fo=0)                   0.100     0.100    u_clkgen/g_hw.u_ibufds/I
    HPIOBDIFFINBUF_X0Y37 DIFFINBUF (Prop_DIFFINBUF_HPIOBDIFFINBUF_DIFF_IN_P_O)
                                                      0.479     0.579 r  u_clkgen/g_hw.u_ibufds/DIFFINBUF_INST/O
                         net (fo=1, routed)           0.050     0.629    u_clkgen/g_hw.u_ibufds/OUT
    T25                  IBUFCTRL (Prop_IBUFCTRL_HPIOB_M_I_O)
                                                      0.000     0.629 r  u_clkgen/g_hw.u_ibufds/IBUFCTRL_INST/O
                         net (fo=1, routed)           0.345     0.974    u_clkgen/g_hw.clk_in_ibuf
    BUFGCE_X0Y41         BUFGCE (Prop_BUFCE_BUFGCE_I_O)
                                                      0.028     1.002 r  u_clkgen/g_hw.u_bufg_in/O
                         net (fo=485, routed)         1.902     2.904    u_clkgen/clk_in_100
    MMCM_X0Y1            MMCME4_ADV (Prop_MMCM_CLKIN1_CLKOUT0)
                                                     -0.106     2.798 r  u_clkgen/g_hw.u_mmcm/CLKOUT0
                         net (fo=1, routed)           0.256     3.054    u_clkgen/g_hw.clk_out0
    BUFGCE_X0Y31         BUFGCE (Prop_BUFCE_BUFGCE_I_O)
                                                      0.028     3.082 r  u_clkgen/g_hw.u_bufg_out/O
    X1Y1 (CLOCK_ROOT)    net (fo=49489, routed)       1.738     4.820    u_tcp_tx/dp_clk
    SLICE_X45Y92         FDCE                                         r  u_tcp_tx/ack_pend_r_reg/C
  -------------------------------------------------------------------    -------------------
    SLICE_X45Y92         FDCE (Prop_HFF_SLICEL_C_Q)
                                                      0.096     4.916 r  u_tcp_tx/ack_pend_r_reg/Q
                         net (fo=18, routed)          0.258     5.174    u_tcp_tx/u_ackq/ack_pend_r
    SLICE_X45Y89         LUT3 (Prop_A6LUT_SLICEL_I1_O)
                                                      0.178     5.352 r  u_tcp_tx/u_ackq/ctrl_id[0]_i_1/O
                         net (fo=8, routed)           0.188     5.540    u_tcp_tx/u_ackq/start_id[0]
    SLICE_X45Y92         LUT6 (Prop_E6LUT_SLICEL_I3_O)
                                                      0.100     5.640 r  u_tcp_tx/u_ackq/ctrl_seq[31]_i_13/O
                         net (fo=10, routed)          0.221     5.861    u_tcp_tx/u_ackq/ctrl_seq[31]_i_13_n_53
    SLICE_X45Y89         LUT5 (Prop_G6LUT_SLICEL_I0_O)
                                                      0.147     6.008 r  u_tcp_tx/u_ackq/ctrl_seq[8]_i_7/O
                         net (fo=116, routed)         0.181     6.188    u_tcb/f_seq_reg[1][0]_0
    SLICE_X45Y87         LUT6 (Prop_A6LUT_SLICEL_I4_O)
                                                      0.178     6.366 r  u_tcb/ctrl_seq[0]_i_2/O
                         net (fo=1, routed)           0.540     6.906    u_tcb/ctrl_seq[0]_i_2_n_53
    SLICE_X56Y94         LUT6 (Prop_A6LUT_SLICEM_I0_O)
                                                      0.064     6.970 r  u_tcb/ctrl_seq[0]_i_1/O
                         net (fo=17, routed)          1.038     8.008    u_tcb/rb_snd_nxt[0]
    SLICE_X47Y72         LUT2 (Prop_A6LUT_SLICEL_I0_O)
                                                      0.039     8.047 r  u_tcb/win_inflight[7]_i_9/O
                         net (fo=1, routed)           0.011     8.058    u_tcb/win_inflight[7]_i_9_n_53
    SLICE_X47Y72         CARRY8 (Prop_CARRY8_SLICEL_S[0]_CO[7])
                                                      0.238     8.296 r  u_tcb/win_inflight_reg[7]_i_1/CO[7]
                         net (fo=1, routed)           0.028     8.324    u_tcb/win_inflight_reg[7]_i_1_n_53
    SLICE_X47Y73         CARRY8 (Prop_CARRY8_SLICEL_CI_O[2])
                                                      0.093     8.417 r  u_tcb/win_inflight_reg[15]_i_1/O[2]
                         net (fo=3, routed)           0.032     8.449    u_tcb/win_inflight_reg[15]_i_1_n_66
    SLICE_X47Y73         FDRE                                         r  u_tcb/win_inflight_reg[10]/D
  -------------------------------------------------------------------    -------------------

                         (clock g_hw.clk_out0 rise edge)
                                                      6.400     6.400 r  
    T25                                               0.000     6.400 r  sys_clk_p (IN)
                         net (fo=0)                   0.079     6.479    u_clkgen/g_hw.u_ibufds/I
    HPIOBDIFFINBUF_X0Y37 DIFFINBUF (Prop_DIFFINBUF_HPIOBDIFFINBUF_DIFF_IN_P_O)
                                                      0.398     6.877 r  u_clkgen/g_hw.u_ibufds/DIFFINBUF_INST/O
                         net (fo=1, routed)           0.040     6.917    u_clkgen/g_hw.u_ibufds/OUT
    T25                  IBUFCTRL (Prop_IBUFCTRL_HPIOB_M_I_O)
                                                      0.000     6.917 r  u_clkgen/g_hw.u_ibufds/IBUFCTRL_INST/O
                         net (fo=1, routed)           0.304     7.221    u_clkgen/g_hw.clk_in_ibuf
    BUFGCE_X0Y41         BUFGCE (Prop_BUFCE_BUFGCE_I_O)
                                                      0.024     7.245 r  u_clkgen/g_hw.u_bufg_in/O
                         net (fo=485, routed)         1.709     8.954    u_clkgen/clk_in_100
    MMCM_X0Y1            MMCME4_ADV (Prop_MMCM_CLKIN1_CLKOUT0)
                                                      0.644     9.598 r  u_clkgen/g_hw.u_mmcm/CLKOUT0
                         net (fo=1, routed)           0.228     9.826    u_clkgen/g_hw.clk_out0
    BUFGCE_X0Y31         BUFGCE (Prop_BUFCE_BUFGCE_I_O)
                                                      0.024     9.850 r  u_clkgen/g_hw.u_bufg_out/O
    X1Y1 (CLOCK_ROOT)    net (fo=49489, routed)       1.527    11.377    u_tcb/dp_clk
    SLICE_X47Y73         FDRE                                         r  u_tcb/win_inflight_reg[10]/C
                         clock pessimism             -0.260    11.117    
                         clock uncertainty           -0.062    11.056    
    SLICE_X47Y73         FDRE (Setup_CFF_SLICEL_C_D)
                                                      0.027    11.083    u_tcb/win_inflight_reg[10]
  -------------------------------------------------------------------
                         required time                         11.083    
                         arrival time                          -8.449    
  -------------------------------------------------------------------
                         slack                                  2.634    

Slack (MET) :             2.650ns  (required time - arrival time)
  Source:                 u_tcp_tx/ack_pend_r_reg/C
                            (rising edge-triggered cell FDCE clocked by g_hw.clk_out0  {rise@0.000ns fall@3.200ns period=6.400ns})
  Destination:            u_tcb/win_inflight_reg[8]/D
                            (rising edge-triggered cell FDRE clocked by g_hw.clk_out0  {rise@0.000ns fall@3.200ns period=6.400ns})
  Path Group:             g_hw.clk_out0
  Path Type:              Setup (Max at Slow Process Corner)
  Requirement:            6.400ns  (g_hw.clk_out0 rise@6.400ns - g_hw.clk_out0 rise@0.000ns)
  Data Path Delay:        3.613ns  (logic 1.119ns (30.971%)  route 2.494ns (69.029%))
  Logic Levels:           8  (CARRY8=2 LUT2=1 LUT3=1 LUT5=1 LUT6=3)
  Clock Path Skew:        -0.102ns (DCD - SCD + CPR)
    Destination Clock Delay (DCD):    4.977ns = ( 11.377 - 6.400 ) 
    Source Clock Delay      (SCD):    4.820ns
    Clock Pessimism Removal (CPR):    -0.260ns
  Clock Uncertainty:      0.062ns  ((TSJ^2 + DJ^2)^1/2) / 2 + PE
    Total System Jitter     (TSJ):    0.071ns
    Discrete Jitter          (DJ):    0.101ns
    Phase Error              (PE):    0.000ns
  Clock Net Delay (Source):      1.738ns (routing 0.616ns, distribution 1.122ns)
  Clock Net Delay (Destination): 1.527ns (routing 0.562ns, distribution 0.965ns)

    Location             Delay type                Incr(ns)  Path(ns)    Netlist Resource(s)
  -------------------------------------------------------------------    -------------------
                         (clock g_hw.clk_out0 rise edge)
                                                      0.000     0.000 r  
    T25                                               0.000     0.000 r  sys_clk_p (IN)
                         net (fo=0)                   0.100     0.100    u_clkgen/g_hw.u_ibufds/I
    HPIOBDIFFINBUF_X0Y37 DIFFINBUF (Prop_DIFFINBUF_HPIOBDIFFINBUF_DIFF_IN_P_O)
                                                      0.479     0.579 r  u_clkgen/g_hw.u_ibufds/DIFFINBUF_INST/O
                         net (fo=1, routed)           0.050     0.629    u_clkgen/g_hw.u_ibufds/OUT
    T25                  IBUFCTRL (Prop_IBUFCTRL_HPIOB_M_I_O)
                                                      0.000     0.629 r  u_clkgen/g_hw.u_ibufds/IBUFCTRL_INST/O
                         net (fo=1, routed)           0.345     0.974    u_clkgen/g_hw.clk_in_ibuf
    BUFGCE_X0Y41         BUFGCE (Prop_BUFCE_BUFGCE_I_O)
                                                      0.028     1.002 r  u_clkgen/g_hw.u_bufg_in/O
                         net (fo=485, routed)         1.902     2.904    u_clkgen/clk_in_100
    MMCM_X0Y1            MMCME4_ADV (Prop_MMCM_CLKIN1_CLKOUT0)
                                                     -0.106     2.798 r  u_clkgen/g_hw.u_mmcm/CLKOUT0
                         net (fo=1, routed)           0.256     3.054    u_clkgen/g_hw.clk_out0
    BUFGCE_X0Y31         BUFGCE (Prop_BUFCE_BUFGCE_I_O)
                                                      0.028     3.082 r  u_clkgen/g_hw.u_bufg_out/O
    X1Y1 (CLOCK_ROOT)    net (fo=49489, routed)       1.738     4.820    u_tcp_tx/dp_clk
    SLICE_X45Y92         FDCE                                         r  u_tcp_tx/ack_pend_r_reg/C
  -------------------------------------------------------------------    -------------------
    SLICE_X45Y92         FDCE (Prop_HFF_SLICEL_C_Q)
                                                      0.096     4.916 r  u_tcp_tx/ack_pend_r_reg/Q
                         net (fo=18, routed)          0.258     5.174    u_tcp_tx/u_ackq/ack_pend_r
    SLICE_X45Y89         LUT3 (Prop_A6LUT_SLICEL_I1_O)
                                                      0.178     5.352 r  u_tcp_tx/u_ackq/ctrl_id[0]_i_1/O
                         net (fo=8, routed)           0.188     5.540    u_tcp_tx/u_ackq/start_id[0]
    SLICE_X45Y92         LUT6 (Prop_E6LUT_SLICEL_I3_O)
                                                      0.100     5.640 r  u_tcp_tx/u_ackq/ctrl_seq[31]_i_13/O
                         net (fo=10, routed)          0.221     5.861    u_tcp_tx/u_ackq/ctrl_seq[31]_i_13_n_53
    SLICE_X45Y89         LUT5 (Prop_G6LUT_SLICEL_I0_O)
                                                      0.147     6.008 r  u_tcp_tx/u_ackq/ctrl_seq[8]_i_7/O
                         net (fo=116, routed)         0.181     6.188    u_tcb/f_seq_reg[1][0]_0
    SLICE_X45Y87         LUT6 (Prop_A6LUT_SLICEL_I4_O)
                                                      0.178     6.366 r  u_tcb/ctrl_seq[0]_i_2/O
                         net (fo=1, routed)           0.540     6.906    u_tcb/ctrl_seq[0]_i_2_n_53
    SLICE_X56Y94         LUT6 (Prop_A6LUT_SLICEM_I0_O)
                                                      0.064     6.970 r  u_tcb/ctrl_seq[0]_i_1/O
                         net (fo=17, routed)          1.038     8.008    u_tcb/rb_snd_nxt[0]
    SLICE_X47Y72         LUT2 (Prop_A6LUT_SLICEL_I0_O)
                                                      0.039     8.047 r  u_tcb/win_inflight[7]_i_9/O
                         net (fo=1, routed)           0.011     8.058    u_tcb/win_inflight[7]_i_9_n_53
    SLICE_X47Y72         CARRY8 (Prop_CARRY8_SLICEL_S[0]_CO[7])
                                                      0.238     8.296 r  u_tcb/win_inflight_reg[7]_i_1/CO[7]
                         net (fo=1, routed)           0.028     8.324    u_tcb/win_inflight_reg[7]_i_1_n_53
    SLICE_X47Y73         CARRY8 (Prop_CARRY8_SLICEL_CI_O[0])
                                                      0.079     8.403 r  u_tcb/win_inflight_reg[15]_i_1/O[0]
                         net (fo=3, routed)           0.030     8.433    u_tcb/win_inflight_reg[15]_i_1_n_68
    SLICE_X47Y73         FDRE                                         r  u_tcb/win_inflight_reg[8]/D
  -------------------------------------------------------------------    -------------------

                         (clock g_hw.clk_out0 rise edge)
                                                      6.400     6.400 r  
    T25                                               0.000     6.400 r  sys_clk_p (IN)
                         net (fo=0)                   0.079     6.479    u_clkgen/g_hw.u_ibufds/I
    HPIOBDIFFINBUF_X0Y37 DIFFINBUF (Prop_DIFFINBUF_HPIOBDIFFINBUF_DIFF_IN_P_O)
                                                      0.398     6.877 r  u_clkgen/g_hw.u_ibufds/DIFFINBUF_INST/O
                         net (fo=1, routed)           0.040     6.917    u_clkgen/g_hw.u_ibufds/OUT
    T25                  IBUFCTRL (Prop_IBUFCTRL_HPIOB_M_I_O)
                                                      0.000     6.917 r  u_clkgen/g_hw.u_ibufds/IBUFCTRL_INST/O
                         net (fo=1, routed)           0.304     7.221    u_clkgen/g_hw.clk_in_ibuf
    BUFGCE_X0Y41         BUFGCE (Prop_BUFCE_BUFGCE_I_O)
                                                      0.024     7.245 r  u_clkgen/g_hw.u_bufg_in/O
                         net (fo=485, routed)         1.709     8.954    u_clkgen/clk_in_100
    MMCM_X0Y1            MMCME4_ADV (Prop_MMCM_CLKIN1_CLKOUT0)
                                                      0.644     9.598 r  u_clkgen/g_hw.u_mmcm/CLKOUT0
                         net (fo=1, routed)           0.228     9.826    u_clkgen/g_hw.clk_out0
    BUFGCE_X0Y31         BUFGCE (Prop_BUFCE_BUFGCE_I_O)
                                                      0.024     9.850 r  u_clkgen/g_hw.u_bufg_out/O
    X1Y1 (CLOCK_ROOT)    net (fo=49489, routed)       1.527    11.377    u_tcb/dp_clk
    SLICE_X47Y73         FDRE                                         r  u_tcb/win_inflight_reg[8]/C
                         clock pessimism             -0.260    11.117    
                         clock uncertainty           -0.062    11.056    
    SLICE_X47Y73         FDRE (Setup_AFF_SLICEL_C_D)
                                                      0.027    11.083    u_tcb/win_inflight_reg[8]
  -------------------------------------------------------------------
                         required time                         11.083    
                         arrival time                          -8.433    
  -------------------------------------------------------------------
                         slack                                  2.650    

Slack (MET) :             2.700ns  (required time - arrival time)
  Source:                 u_tcp_tx/ack_pend_r_reg/C
                            (rising edge-triggered cell FDCE clocked by g_hw.clk_out0  {rise@0.000ns fall@3.200ns period=6.400ns})
  Destination:            u_tcb/win_inflight_reg[7]/D
                            (rising edge-triggered cell FDRE clocked by g_hw.clk_out0  {rise@0.000ns fall@3.200ns period=6.400ns})
  Path Group:             g_hw.clk_out0
  Path Type:              Setup (Max at Slow Process Corner)
  Requirement:            6.400ns  (g_hw.clk_out0 rise@6.400ns - g_hw.clk_out0 rise@0.000ns)
  Data Path Delay:        3.573ns  (logic 1.106ns (30.954%)  route 2.467ns (69.046%))
  Logic Levels:           7  (CARRY8=1 LUT2=1 LUT3=1 LUT5=1 LUT6=3)
  Clock Path Skew:        -0.092ns (DCD - SCD + CPR)
    Destination Clock Delay (DCD):    4.987ns = ( 11.387 - 6.400 ) 
    Source Clock Delay      (SCD):    4.820ns
    Clock Pessimism Removal (CPR):    -0.260ns
  Clock Uncertainty:      0.062ns  ((TSJ^2 + DJ^2)^1/2) / 2 + PE
    Total System Jitter     (TSJ):    0.071ns
    Discrete Jitter          (DJ):    0.101ns
    Phase Error              (PE):    0.000ns
  Clock Net Delay (Source):      1.738ns (routing 0.616ns, distribution 1.122ns)
  Clock Net Delay (Destination): 1.537ns (routing 0.562ns, distribution 0.975ns)

    Location             Delay type                Incr(ns)  Path(ns)    Netlist Resource(s)
  -------------------------------------------------------------------    -------------------
                         (clock g_hw.clk_out0 rise edge)
                                                      0.000     0.000 r  
    T25                                               0.000     0.000 r  sys_clk_p (IN)
                         net (fo=0)                   0.100     0.100    u_clkgen/g_hw.u_ibufds/I
    HPIOBDIFFINBUF_X0Y37 DIFFINBUF (Prop_DIFFINBUF_HPIOBDIFFINBUF_DIFF_IN_P_O)
                                                      0.479     0.579 r  u_clkgen/g_hw.u_ibufds/DIFFINBUF_INST/O
                         net (fo=1, routed)           0.050     0.629    u_clkgen/g_hw.u_ibufds/OUT
    T25                  IBUFCTRL (Prop_IBUFCTRL_HPIOB_M_I_O)
                                                      0.000     0.629 r  u_clkgen/g_hw.u_ibufds/IBUFCTRL_INST/O
                         net (fo=1, routed)           0.345     0.974    u_clkgen/g_hw.clk_in_ibuf
    BUFGCE_X0Y41         BUFGCE (Prop_BUFCE_BUFGCE_I_O)
                                                      0.028     1.002 r  u_clkgen/g_hw.u_bufg_in/O
                         net (fo=485, routed)         1.902     2.904    u_clkgen/clk_in_100
    MMCM_X0Y1            MMCME4_ADV (Prop_MMCM_CLKIN1_CLKOUT0)
                                                     -0.106     2.798 r  u_clkgen/g_hw.u_mmcm/CLKOUT0
                         net (fo=1, routed)           0.256     3.054    u_clkgen/g_hw.clk_out0
    BUFGCE_X0Y31         BUFGCE (Prop_BUFCE_BUFGCE_I_O)
                                                      0.028     3.082 r  u_clkgen/g_hw.u_bufg_out/O
    X1Y1 (CLOCK_ROOT)    net (fo=49489, routed)       1.738     4.820    u_tcp_tx/dp_clk
    SLICE_X45Y92         FDCE                                         r  u_tcp_tx/ack_pend_r_reg/C
  -------------------------------------------------------------------    -------------------
    SLICE_X45Y92         FDCE (Prop_HFF_SLICEL_C_Q)
                                                      0.096     4.916 r  u_tcp_tx/ack_pend_r_reg/Q
                         net (fo=18, routed)          0.258     5.174    u_tcp_tx/u_ackq/ack_pend_r
    SLICE_X45Y89         LUT3 (Prop_A6LUT_SLICEL_I1_O)
                                                      0.178     5.352 r  u_tcp_tx/u_ackq/ctrl_id[0]_i_1/O
                         net (fo=8, routed)           0.188     5.540    u_tcp_tx/u_ackq/start_id[0]
    SLICE_X45Y92         LUT6 (Prop_E6LUT_SLICEL_I3_O)
                                                      0.100     5.640 r  u_tcp_tx/u_ackq/ctrl_seq[31]_i_13/O
                         net (fo=10, routed)          0.221     5.861    u_tcp_tx/u_ackq/ctrl_seq[31]_i_13_n_53
    SLICE_X45Y89         LUT5 (Prop_G6LUT_SLICEL_I0_O)
                                                      0.147     6.008 r  u_tcp_tx/u_ackq/ctrl_seq[8]_i_7/O
                         net (fo=116, routed)         0.181     6.188    u_tcb/f_seq_reg[1][0]_0
    SLICE_X45Y87         LUT6 (Prop_A6LUT_SLICEL_I4_O)
                                                      0.178     6.366 r  u_tcb/ctrl_seq[0]_i_2/O
                         net (fo=1, routed)           0.540     6.906    u_tcb/ctrl_seq[0]_i_2_n_53
    SLICE_X56Y94         LUT6 (Prop_A6LUT_SLICEM_I0_O)
                                                      0.064     6.970 r  u_tcb/ctrl_seq[0]_i_1/O
                         net (fo=17, routed)          1.038     8.008    u_tcb/rb_snd_nxt[0]
    SLICE_X47Y72         LUT2 (Prop_A6LUT_SLICEL_I0_O)
                                                      0.039     8.047 r  u_tcb/win_inflight[7]_i_9/O
                         net (fo=1, routed)           0.011     8.058    u_tcb/win_inflight[7]_i_9_n_53
    SLICE_X47Y72         CARRY8 (Prop_CARRY8_SLICEL_S[0]_O[7])
                                                      0.304     8.362 r  u_tcb/win_inflight_reg[7]_i_1/O[7]
                         net (fo=3, routed)           0.031     8.393    u_tcb/win_inflight_reg[7]_i_1_n_61
    SLICE_X47Y72         FDRE                                         r  u_tcb/win_inflight_reg[7]/D
  -------------------------------------------------------------------    -------------------

                         (clock g_hw.clk_out0 rise edge)
                                                      6.400     6.400 r  
    T25                                               0.000     6.400 r  sys_clk_p (IN)
                         net (fo=0)                   0.079     6.479    u_clkgen/g_hw.u_ibufds/I
    HPIOBDIFFINBUF_X0Y37 DIFFINBUF (Prop_DIFFINBUF_HPIOBDIFFINBUF_DIFF_IN_P_O)
                                                      0.398     6.877 r  u_clkgen/g_hw.u_ibufds/DIFFINBUF_INST/O
                         net (fo=1, routed)           0.040     6.917    u_clkgen/g_hw.u_ibufds/OUT
    T25                  IBUFCTRL (Prop_IBUFCTRL_HPIOB_M_I_O)
                                                      0.000     6.917 r  u_clkgen/g_hw.u_ibufds/IBUFCTRL_INST/O
                         net (fo=1, routed)           0.304     7.221    u_clkgen/g_hw.clk_in_ibuf
    BUFGCE_X0Y41         BUFGCE (Prop_BUFCE_BUFGCE_I_O)
                                                      0.024     7.245 r  u_clkgen/g_hw.u_bufg_in/O
                         net (fo=485, routed)         1.709     8.954    u_clkgen/clk_in_100
    MMCM_X0Y1            MMCME4_ADV (Prop_MMCM_CLKIN1_CLKOUT0)
                                                      0.644     9.598 r  u_clkgen/g_hw.u_mmcm/CLKOUT0
                         net (fo=1, routed)           0.228     9.826    u_clkgen/g_hw.clk_out0
    BUFGCE_X0Y31         BUFGCE (Prop_BUFCE_BUFGCE_I_O)
                                                      0.024     9.850 r  u_clkgen/g_hw.u_bufg_out/O
    X1Y1 (CLOCK_ROOT)    net (fo=49489, routed)       1.537    11.387    u_tcb/dp_clk
    SLICE_X47Y72         FDRE                                         r  u_tcb/win_inflight_reg[7]/C
                         clock pessimism             -0.260    11.127    
                         clock uncertainty           -0.062    11.065    
    SLICE_X47Y72         FDRE (Setup_HFF_SLICEL_C_D)
                                                      0.027    11.092    u_tcb/win_inflight_reg[7]
  -------------------------------------------------------------------
                         required time                         11.092    
                         arrival time                          -8.393    
  -------------------------------------------------------------------
                         slack                                  2.700    

Slack (MET) :             2.702ns  (required time - arrival time)
  Source:                 u_tcp_tx/ack_pend_r_reg/C
                            (rising edge-triggered cell FDCE clocked by g_hw.clk_out0  {rise@0.000ns fall@3.200ns period=6.400ns})
  Destination:            u_tcb/win_inflight_reg[5]/D
                            (rising edge-triggered cell FDRE clocked by g_hw.clk_out0  {rise@0.000ns fall@3.200ns period=6.400ns})
  Path Group:             g_hw.clk_out0
  Path Type:              Setup (Max at Slow Process Corner)
  Requirement:            6.400ns  (g_hw.clk_out0 rise@6.400ns - g_hw.clk_out0 rise@0.000ns)
  Data Path Delay:        3.571ns  (logic 1.104ns (30.916%)  route 2.467ns (69.084%))
  Logic Levels:           7  (CARRY8=1 LUT2=1 LUT3=1 LUT5=1 LUT6=3)
  Clock Path Skew:        -0.092ns (DCD - SCD + CPR)
    Destination Clock Delay (DCD):    4.987ns = ( 11.387 - 6.400 ) 
    Source Clock Delay      (SCD):    4.820ns
    Clock Pessimism Removal (CPR):    -0.260ns
  Clock Uncertainty:      0.062ns  ((TSJ^2 + DJ^2)^1/2) / 2 + PE
    Total System Jitter     (TSJ):    0.071ns
    Discrete Jitter          (DJ):    0.101ns
    Phase Error              (PE):    0.000ns
  Clock Net Delay (Source):      1.738ns (routing 0.616ns, distribution 1.122ns)
  Clock Net Delay (Destination): 1.537ns (routing 0.562ns, distribution 0.975ns)

    Location             Delay type                Incr(ns)  Path(ns)    Netlist Resource(s)
  -------------------------------------------------------------------    -------------------
                         (clock g_hw.clk_out0 rise edge)
                                                      0.000     0.000 r  
    T25                                               0.000     0.000 r  sys_clk_p (IN)
                         net (fo=0)                   0.100     0.100    u_clkgen/g_hw.u_ibufds/I
    HPIOBDIFFINBUF_X0Y37 DIFFINBUF (Prop_DIFFINBUF_HPIOBDIFFINBUF_DIFF_IN_P_O)
                                                      0.479     0.579 r  u_clkgen/g_hw.u_ibufds/DIFFINBUF_INST/O
                         net (fo=1, routed)           0.050     0.629    u_clkgen/g_hw.u_ibufds/OUT
    T25                  IBUFCTRL (Prop_IBUFCTRL_HPIOB_M_I_O)
                                                      0.000     0.629 r  u_clkgen/g_hw.u_ibufds/IBUFCTRL_INST/O
                         net (fo=1, routed)           0.345     0.974    u_clkgen/g_hw.clk_in_ibuf
    BUFGCE_X0Y41         BUFGCE (Prop_BUFCE_BUFGCE_I_O)
                                                      0.028     1.002 r  u_clkgen/g_hw.u_bufg_in/O
                         net (fo=485, routed)         1.902     2.904    u_clkgen/clk_in_100
    MMCM_X0Y1            MMCME4_ADV (Prop_MMCM_CLKIN1_CLKOUT0)
                                                     -0.106     2.798 r  u_clkgen/g_hw.u_mmcm/CLKOUT0
                         net (fo=1, routed)           0.256     3.054    u_clkgen/g_hw.clk_out0
    BUFGCE_X0Y31         BUFGCE (Prop_BUFCE_BUFGCE_I_O)
                                                      0.028     3.082 r  u_clkgen/g_hw.u_bufg_out/O
    X1Y1 (CLOCK_ROOT)    net (fo=49489, routed)       1.738     4.820    u_tcp_tx/dp_clk
    SLICE_X45Y92         FDCE                                         r  u_tcp_tx/ack_pend_r_reg/C
  -------------------------------------------------------------------    -------------------
    SLICE_X45Y92         FDCE (Prop_HFF_SLICEL_C_Q)
                                                      0.096     4.916 r  u_tcp_tx/ack_pend_r_reg/Q
                         net (fo=18, routed)          0.258     5.174    u_tcp_tx/u_ackq/ack_pend_r
    SLICE_X45Y89         LUT3 (Prop_A6LUT_SLICEL_I1_O)
                                                      0.178     5.352 r  u_tcp_tx/u_ackq/ctrl_id[0]_i_1/O
                         net (fo=8, routed)           0.188     5.540    u_tcp_tx/u_ackq/start_id[0]
    SLICE_X45Y92         LUT6 (Prop_E6LUT_SLICEL_I3_O)
                                                      0.100     5.640 r  u_tcp_tx/u_ackq/ctrl_seq[31]_i_13/O
                         net (fo=10, routed)          0.221     5.861    u_tcp_tx/u_ackq/ctrl_seq[31]_i_13_n_53
    SLICE_X45Y89         LUT5 (Prop_G6LUT_SLICEL_I0_O)
                                                      0.147     6.008 r  u_tcp_tx/u_ackq/ctrl_seq[8]_i_7/O
                         net (fo=116, routed)         0.181     6.188    u_tcb/f_seq_reg[1][0]_0
    SLICE_X45Y87         LUT6 (Prop_A6LUT_SLICEL_I4_O)
                                                      0.178     6.366 r  u_tcb/ctrl_seq[0]_i_2/O
                         net (fo=1, routed)           0.540     6.906    u_tcb/ctrl_seq[0]_i_2_n_53
    SLICE_X56Y94         LUT6 (Prop_A6LUT_SLICEM_I0_O)
                                                      0.064     6.970 r  u_tcb/ctrl_seq[0]_i_1/O
                         net (fo=17, routed)          1.038     8.008    u_tcb/rb_snd_nxt[0]
    SLICE_X47Y72         LUT2 (Prop_A6LUT_SLICEL_I0_O)
                                                      0.039     8.047 r  u_tcb/win_inflight[7]_i_9/O
                         net (fo=1, routed)           0.011     8.058    u_tcb/win_inflight[7]_i_9_n_53
    SLICE_X47Y72         CARRY8 (Prop_CARRY8_SLICEL_S[0]_O[5])
                                                      0.302     8.360 r  u_tcb/win_inflight_reg[7]_i_1/O[5]
                         net (fo=3, routed)           0.031     8.391    u_tcb/win_inflight_reg[7]_i_1_n_63
    SLICE_X47Y72         FDRE                                         r  u_tcb/win_inflight_reg[5]/D
  -------------------------------------------------------------------    -------------------

                         (clock g_hw.clk_out0 rise edge)
                                                      6.400     6.400 r  
    T25                                               0.000     6.400 r  sys_clk_p (IN)
                         net (fo=0)                   0.079     6.479    u_clkgen/g_hw.u_ibufds/I
    HPIOBDIFFINBUF_X0Y37 DIFFINBUF (Prop_DIFFINBUF_HPIOBDIFFINBUF_DIFF_IN_P_O)
                                                      0.398     6.877 r  u_clkgen/g_hw.u_ibufds/DIFFINBUF_INST/O
                         net (fo=1, routed)           0.040     6.917    u_clkgen/g_hw.u_ibufds/OUT
    T25                  IBUFCTRL (Prop_IBUFCTRL_HPIOB_M_I_O)
                                                      0.000     6.917 r  u_clkgen/g_hw.u_ibufds/IBUFCTRL_INST/O
                         net (fo=1, routed)           0.304     7.221    u_clkgen/g_hw.clk_in_ibuf
    BUFGCE_X0Y41         BUFGCE (Prop_BUFCE_BUFGCE_I_O)
                                                      0.024     7.245 r  u_clkgen/g_hw.u_bufg_in/O
                         net (fo=485, routed)         1.709     8.954    u_clkgen/clk_in_100
    MMCM_X0Y1            MMCME4_ADV (Prop_MMCM_CLKIN1_CLKOUT0)
                                                      0.644     9.598 r  u_clkgen/g_hw.u_mmcm/CLKOUT0
                         net (fo=1, routed)           0.228     9.826    u_clkgen/g_hw.clk_out0
    BUFGCE_X0Y31         BUFGCE (Prop_BUFCE_BUFGCE_I_O)
                                                      0.024     9.850 r  u_clkgen/g_hw.u_bufg_out/O
    X1Y1 (CLOCK_ROOT)    net (fo=49489, routed)       1.537    11.387    u_tcb/dp_clk
    SLICE_X47Y72         FDRE                                         r  u_tcb/win_inflight_reg[5]/C
                         clock pessimism             -0.260    11.127    
                         clock uncertainty           -0.062    11.065    
    SLICE_X47Y72         FDRE (Setup_FFF_SLICEL_C_D)
                                                      0.027    11.092    u_tcb/win_inflight_reg[5]
  -------------------------------------------------------------------
                         required time                         11.092    
                         arrival time                          -8.391    
  -------------------------------------------------------------------
                         slack                                  2.702    




