Vivado Simulator v2025.2
Copyright 1986-2022 Xilinx, Inc. All Rights Reserved.
Copyright 2022-2025 Advanced Micro Devices, Inc. All Rights Reserved.
Running: C:/AMDDesignTools/2025.2/Vivado/bin/unwrapped/win64.o/xelab.exe -debug typical -timescale 1ns/1ps -L unisims_ver -L xil_defaultlib xil_defaultlib.tb_lat_of xil_defaultlib.glbl -s tb_of_mut -log xelab_ofm.log 
Multi-threading is on. Using 18 slave threads.
Starting static elaboration
Pass Through NonSizing Optimizer
WARNING: [VRFC 10-3645] port 'dbg_starv' remains unconnected for this instance [D:/repo/XCKU5PMini/udp_hls_10g/_proj_10g/notes/p7b_latent/tb_lat_of.v:75]
WARNING: [VRFC 10-3645] port 'dbg_wptr' remains unconnected for this instance [D:/repo/XCKU5PMini/udp_hls_10g/_proj_10g/notes/p7b_biz_reg/ab_latent/mut_slow_rx_adp.v:92]
WARNING: [VRFC 10-3645] port 'dbg_wptr' remains unconnected for this instance [D:/repo/XCKU5PMini/udp_hls_10g/_proj_10g/notes/p7b_biz_reg/ab_latent/mut_slow_rx_adp.v:113]
Completed static elaboration
Starting simulation data flow analysis
Completed simulation data flow analysis
Time Resolution for simulation is 1ps
Compiling module unisims_ver.RB36_INTERNAL_VLOG(RAM_MODE="SDP...
Compiling module unisims_ver.RAMB36E1(RAM_MODE="SDP",READ_WID...
Compiling module xil_defaultlib.frame_fifo(D=512,AW=9)
Compiling module xil_defaultlib.fifo_sync(W=9,D=2048,AW=11)
Compiling module xil_defaultlib.slow_rx_adp(WDOG=22'b01111101000...
Compiling module xil_defaultlib.tb_lat_of
Compiling module xil_defaultlib.glbl
Built simulation snapshot tb_of_mut
