[P4GUARD OK] root=d:\repo\xcku5pmini\udp_hls_10g self=d:\repo\xcku5pmini\udp_hls_10g manifests=5
#-----------------------------------------------------------
# xsim v2025.2 (64-bit)
# SW Build 6299465 on Fri Nov 14 19:35:11 GMT 2025
# IP Build 6300035 on Fri Nov 14 10:48:45 MST 2025
# SharedData Build 6298862 on Thu Nov 13 04:50:51 MST 2025
# Start of session at: Wed Sep 30 20:24:44 2026
# Process ID         : 35020
# Current directory  : D:/repo/XCKU5PMini/udp_hls_10g/sim/p4gates/work_20260930_195947/unit_uart
# Command line       : xsim.exe -log xsim_uart.log -mode tcl -source {xsim.dir/tb_uart_dbg/xsim_script.tcl}
# Log file           : D:/repo/XCKU5PMini/udp_hls_10g/sim/p4gates/work_20260930_195947/unit_uart/xsim_uart.log
# Journal file       : D:/repo/XCKU5PMini/udp_hls_10g/sim/p4gates/work_20260930_195947/unit_uart\xsim.jou
# Running On         : xyz-intel
# Platform           : Windows Server 2016 or Windows 10
# Operating System   : 26200
# Processor Detail   : Intel(R) Core(TM) Ultra 7 265K
# CPU Frequency      : 3878 MHz
# CPU Physical cores : 20
# CPU Logical cores  : 20
# Host memory        : 68053 MB
# Swap memory        : 4294 MB
# Total Virtual      : 72348 MB
# Available Virtual  : 42790 MB
#-----------------------------------------------------------
source xsim.dir/tb_uart_dbg/xsim_script.tcl
# xsim {tb_uart_dbg} -autoloadwcfg -runall
Time resolution is 1 ps
run -all
L1 decoded: 
NX=FEDCBA98 UA=01234567 WN=8BAD WS=F ST=5 W=1011 I=1001 E=2FFE TXST=3 RXST=1 ACC=1 EMV=0 EST=1 FFE=10WPT=1ABCRPT=1123 PF=1 TV=0 PV=1 SV=1 PLEN=22F TW=11111111 TF=22222222 TI=44444444 PW=0A5 PR=0C3 PFL=1 PEM=0 PLN=123 RXPL=0123 RXPC=0456 RXT=0789 DROPS=0000000A/0000000B/0000000C/0000000D PASS=0000000E RXTR=0 MW=00000001 CW=00000002/00000003 RW=00000004 WC=1 WL=0042 SC=00000021 SD=00000022 SF=00000023 SP=00000024 SV=012345 HR=1  TRU=00000123


L1 last two bytes: 0d 0a (expect 0D 0A)
TL k0: 
TL=0000000000010000


TL k1: 
TL=0000000000000000


TL k2: 
TL=0000010000000000


TL k3: 
TL=0000000000000001


TL k4: 
TL=0000000000000000


TL k5: 
TL=0000000001000000


TL k6: 
TL=0000000000000000


TL k7: 
TL=0001000000000000


L1 TL burst done (8 lines ok)
L2 decoded: 
NX=FEDCBA98 UA=01234567 WN=8BAD WS=F ST=5 W=1011 I=1001 E=2FFE TXST=7 RXST=2 ACC=0 EMV=1 EST=0 FFE=01WPT=1DEFRPT=1456 PF=0 TV=1 PV=0 SV=0 PLEN=345 TW=12345678 TF=9ABCDEF0 TI=0F0F0F0F PW=1B6 PR=1D4 PFL=0 PEM=1 PLN=4AB RXPL=ABCD RXPC=CDEF RXT=EF01 DROPS=11223344/55667788/99AABBCC/DDEEFF00 PASS=0F1E2D3C RXTR=0 MW=00000011 CW=00000022/00000033 RW=00000044 WC=5 WL=05EA SC=1A2B3C4D SD=5E6F7081 SF=9ABCDEF0 SP=FEDCBA98 SV=3A5C7E HR=0  TRU=89ABCDEF


L1 idle gap = 79243 cycles
TL k0: 
TL=0000000000010000


TL k1: 
TL=0000000000000000


TL k2: 
TL=0000010000000000


TL k3: 
TL=0000000000000001


TL k4: 
TL=0000000000000000


TL k5: 
TL=0000000001000000


TL k6: 
TL=0000000000000000


TL k7: 
TL=0001000000000000


L2 TL burst done (8 lines ok)
L3 (TR 轮快照行, 期望 = exp2): 
NX=FEDCBA98 UA=01234567 WN=8BAD WS=F ST=5 W=1011 I=1001 E=2FFE TXST=7 RXST=2 ACC=0 EMV=1 EST=0 FFE=01WPT=1DEFRPT=1456 PF=0 TV=1 PV=0 SV=0 PLEN=345 TW=12345678 TF=9ABCDEF0 TI=0F0F0F0F PW=1B6 PR=1D4 PFL=0 PEM=1 PLN=4AB RXPL=ABCD RXPC=CDEF RXT=EF01 DROPS=11223344/55667788/99AABBCC/DDEEFF00 PASS=0F1E2D3C RXTR=0 MW=00000011 CW=00000022/00000033 RW=00000044 WC=5 WL=05EA SC=1A2B3C4D SD=5E6F7081 SF=9ABCDEF0 SP=FEDCBA98 SV=3A5C7E HR=0  TRU=89ABCDEF


TR1: 
TR=BEEF2C BEEF30 BEEF34 BEEF38 BEEF3C BEEF40 BEEF44 BEEF48 BEEF4C BEEF50 BEEF54 BEEF58 BEEF5C BEEF60 BEEF64 BEEF68 


TR2: 
TR=BEEF6C BEEF70 BEEF74 BEEF78 BEEF7C BEEF80 BEEF84 BEEF88 BEEF8C BEEF90 BEEF94 BEEF98 BEEF9C BEEFA0 BEEFA4 BEEFA8 


TR3: 
TR=BEEFAC BEEFB0 BEEFB4 BEEFB8 BEEFBC BEEFC0 BEEFC4 BEEFC8 BEEFCC BEEFD0 BEEFD4 BEEFD8 BEEFDC BEEFE0 BEEFE4 BEEFE8 


TR4: 
TR=BEEFEC BEEFF0 BEEFF4 BEEFF8 BEEFFC BEEF00 BEEF04 BEEF08 BEEF0C BEEF10 BEEF14 BEEF18 BEEF1C BEEF20 BEEF24 BEEF28 


TL k0: 
TL=0000000000000000


TL k1: 
TL=0000000001000000


TL k2: 
TL=0000000000000000


TL k3: 
TL=0001000000000000


TL k4: 
TL=0000000000000100


TL k5: 
TL=0000000000000000


TL k6: 
TL=0000000000010000


TL k7: 
TL=0000000000000000


L3 TL burst done (base 1FD0 wrap@8192, 8 lines ok)
TR burst ok; 突发后空线 79243 拍
R4 TR1: 
TR=BEEF2C BEEF30 BEEF34 BEEF38 BEEF3C BEEF40 BEEF44 BEEF48 BEEF4C BEEF50 BEEF54 BEEF58 BEEF5C BEEF60 BEEF64 BEEF68 


R4 TR2: 
TR=BEEF6C BEEF70 BEEF74 BEEF78 BEEF7C BEEF80 BEEF84 BEEF88 BEEF8C BEEF90 BEEF94 BEEF98 BEEF9C BEEFA0 BEEFA4 BEEFA8 


R4 TR3: 
TR=BEEFAC BEEFB0 BEEFB4 BEEFB8 BEEFBC BEEFC0 BEEFC4 BEEFC8 BEEFCC BEEFD0 BEEFD4 BEEFD8 BEEFDC BEEFE0 BEEFE4 BEEFE8 


R4 TR4: 
TR=BEEFEC BEEFF0 BEEFF4 BEEFF8 BEEFFC BEEF00 BEEF04 BEEF08 BEEF0C BEEF10 BEEF14 BEEF18 BEEF1C BEEF20 BEEF24 BEEF28 


R4 (run=0) 直发 TR 突发 ok; 突发后空线 79243 拍
L5 (RXT 轮快照行, 期望 = exp2 且 RXTR=1): 
NX=FEDCBA98 UA=01234567 WN=8BAD WS=F ST=5 W=1011 I=1001 E=2FFE TXST=7 RXST=2 ACC=0 EMV=1 EST=0 FFE=01WPT=1DEFRPT=1FF0 PF=0 TV=1 PV=0 SV=0 PLEN=345 TW=12345678 TF=9ABCDEF0 TI=0F0F0F0F PW=1B6 PR=1D4 PFL=0 PEM=1 PLN=4AB RXPL=ABCD RXPC=CDEF RXT=EF01 DROPS=11223344/55667788/99AABBCC/DDEEFF00 PASS=0F1E2D3C RXTR=1 MW=00000011 CW=00000022/00000033 RW=00000044 WC=5 WL=05EA SC=1A2B3C4D SD=5E6F7081 SF=9ABCDEF0 SP=FEDCBA98 SV=3A5C7E HR=0  TRU=89ABCDEF


TL k0: 
TL=0000000000000000


TL k1: 
TL=0000000001000000


TL k2: 
TL=0000000000000000


TL k3: 
TL=0001000000000000


TL k4: 
TL=0000000000000100


TL k5: 
TL=0000000000000000


TL k6: 
TL=0000000000010000


TL k7: 
TL=0000000000000000


L5 TL burst done (8 lines ok)
RXT l13: 
RXT=016B1B8 096B1B9 116B1BA 196B1BB 216B1BC 296B1BD 316B1BE 396B1BF 016B2B0 096B2B1 116B2B2 196B2B3 216B2B4 296B2B5 316B2B6 396B2B7 


RXT l14: 
RXT=016B2B8 096B2B9 116B2BA 196B2BB 216B2BC 296B2BD 316B2BE 396B2BF 016B3B0 096B3B1 116B3B2 196B3B3 216B3B4 296B3B5 316B3B6 396B3B7 


RXT l15: 
RXT=016B3B8 096B3B9 116B3BA 196B3BB 216B3BC 296B3BD 316B3BE 396B3BF 016B0B0 096B0B1 116B0B2 196B0B3 216B0B4 296B0B5 316B0B6 396B0B7 


RXT l16: 
RXT=016B0B8 096B0B9 116B0BA 196B0BB 216B0BC 296B0BD 316B0BE 396B0BF 016B1B0 096B1B1 116B1B2 196B1B3 216B1B4 296B1B5 316B1B6 396B1B7 


L5 RXT burst done (4 lines ok)
RXT l13: 
RXT=016B1B8 096B1B9 116B1BA 196B1BB 216B1BC 296B1BD 316B1BE 396B1BF 016B2B0 096B2B1 116B2B2 196B2B3 216B2B4 296B2B5 316B2B6 396B2B7 


RXT l14: 
RXT=016B2B8 096B2B9 116B2BA 196B2BB 216B2BC 296B2BD 316B2BE 396B2BF 016B3B0 096B3B1 116B3B2 196B3B3 216B3B4 296B3B5 316B3B6 396B3B7 


RXT l15: 
RXT=016B3B8 096B3B9 116B3BA 196B3BB 216B3BC 296B3BD 316B3BE 396B3BF 016B0B0 096B0B1 116B0B2 196B0B3 216B0B4 296B0B5 316B0B6 396B0B7 


RXT l16: 
RXT=016B0B8 096B0B9 116B0BA 196B0BB 216B0BC 296B0BD 316B0BE 396B0BF 016B1B0 096B1B1 116B1B2 196B1B3 216B1B4 296B1B5 316B1B6 396B1B7 


L6 (run=0) 直发 RXT 突发 ok
L6 突发后空线 79243 拍
ALL_OK
$finish called at time : 32387788 ns : File "D:/repo/XCKU5PMini/udp_hls_10g/tb/tb_uart_dbg.v" Line 661
exit
INFO: [Common 17-206] Exiting xsim at Wed Sep 30 20:24:47 2026...
UART-GATE-OK
