INFO: [VRFC 10-2263] Analyzing Verilog file "D:/repo/XCKU5PMini/udp_hls_10g/rtl/fifo_sync.v" into library xil_defaultlib
INFO: [VRFC 10-311] analyzing module fifo_sync
INFO: [VRFC 10-2263] Analyzing Verilog file "D:/repo/XCKU5PMini/udp_hls_10g/rtl/frame_fifo.v" into library xil_defaultlib
INFO: [VRFC 10-311] analyzing module frame_fifo
INFO: [VRFC 10-2263] Analyzing Verilog file "D:/repo/XCKU5PMini/udp_hls_10g/rtl/slow_rx_adp.v" into library xil_defaultlib
INFO: [VRFC 10-311] analyzing module slow_rx_adp
INFO: [VRFC 10-2263] Analyzing Verilog file "D:/repo/XCKU5PMini/udp_hls_10g/tb/tb_slow_rx.v" into library xil_defaultlib
INFO: [VRFC 10-311] analyzing module tb_slow_rx
INFO: [VRFC 10-2263] Analyzing Verilog file "C:/AMDDesignTools/2025.2/data/verilog/src/glbl.v" into library xil_defaultlib
INFO: [VRFC 10-311] analyzing module glbl
Vivado Simulator v2025.2
Copyright 1986-2022 Xilinx, Inc. All Rights Reserved.
Copyright 2022-2025 Advanced Micro Devices, Inc. All Rights Reserved.
Running: C:/AMDDesignTools/2025.2/Vivado/bin/unwrapped/win64.o/xelab.exe -debug typical -timescale 1ns/1ps -L unisims_ver -L xil_defaultlib xil_defaultlib.tb_slow_rx xil_defaultlib.glbl -s tb_slow_rx 
Multi-threading is on. Using 18 slave threads.
Starting static elaboration
Pass Through NonSizing Optimizer
WARNING: [VRFC 10-3645] port 'dbg_starv' remains unconnected for this instance [D:/repo/XCKU5PMini/udp_hls_10g/tb/tb_slow_rx.v:36]
WARNING: [VRFC 10-3645] port 'dbg_wptr' remains unconnected for this instance [D:/repo/XCKU5PMini/udp_hls_10g/rtl/slow_rx_adp.v:94]
WARNING: [VRFC 10-3645] port 'dbg_wptr' remains unconnected for this instance [D:/repo/XCKU5PMini/udp_hls_10g/rtl/slow_rx_adp.v:115]
Completed static elaboration
Starting simulation data flow analysis
Completed simulation data flow analysis
Time Resolution for simulation is 1ps
Compiling module unisims_ver.RB36_INTERNAL_VLOG(RAM_MODE="SDP...
Compiling module unisims_ver.RAMB36E1(RAM_MODE="SDP",READ_WID...
Compiling module xil_defaultlib.frame_fifo(D=512,AW=9)
Compiling module xil_defaultlib.fifo_sync(W=9,D=2048,AW=11)
Compiling module xil_defaultlib.slow_rx_adp(WDOG=22'b01111101000...
Compiling module xil_defaultlib.tb_slow_rx
Compiling module xil_defaultlib.glbl
Built simulation snapshot tb_slow_rx

****** xsim v2025.2 (64-bit)
  **** SW Build 6299465 on Fri Nov 14 19:35:11 GMT 2025
  **** IP Build 6300035 on Fri Nov 14 10:48:45 MST 2025
  **** SharedData Build 6298862 on Thu Nov 13 04:50:51 MST 2025
  **** Start of session at: Wed Sep 30 20:01:05 2026
    ** Copyright 1986-2022 Xilinx, Inc. All Rights Reserved.
    ** Copyright 2022-2025 Advanced Micro Devices, Inc. All Rights Reserved.

source xsim.dir/tb_slow_rx/xsim_script.tcl
# xsim {tb_slow_rx} -autoloadwcfg -tclbatch {run.tcl}
Time resolution is 1 ps
source run.tcl
## run all
Memory Collision Error on RAMB36E1 : tb_slow_rx.dut.u_ff.gen_mem[0].u_main.gen_sdp.gen_wide.INT_RAMB_SDP.chk_for_col_msg at simulation time 212.000 ns.
A read was performed on address 803f (hex) of port A while a write was requested to the same address on port B.  The write will be successful however the read value on port A is unknown until the next CLKA cycle.
Memory Collision Error on RAMB36E1 : tb_slow_rx.dut.u_ff.gen_mem[0].u_main.gen_sdp.gen_wide.INT_RAMB_SDP.chk_for_col_msg at simulation time 39580.000 ns.
A read was performed on address d67f (hex) of port A while a write was requested to the same address on port B.  The write will be successful however the read value on port A is unknown until the next CLKA cycle.
DONE commit=22 drop=4
$finish called at time : 103636 ns : File "D:/repo/XCKU5PMini/udp_hls_10g/tb/tb_slow_rx.v" Line 122
## quit
INFO: [Common 17-206] Exiting xsim at Wed Sep 30 20:01:07 2026...

****** xsim v2025.2 (64-bit)
  **** SW Build 6299465 on Fri Nov 14 19:35:11 GMT 2025
  **** IP Build 6300035 on Fri Nov 14 10:48:45 MST 2025
  **** SharedData Build 6298862 on Thu Nov 13 04:50:51 MST 2025
  **** Start of session at: Wed Sep 30 20:01:08 2026
    ** Copyright 1986-2022 Xilinx, Inc. All Rights Reserved.
    ** Copyright 2022-2025 Advanced Micro Devices, Inc. All Rights Reserved.

source xsim.dir/tb_slow_rx/xsim_script.tcl
# xsim {tb_slow_rx} -testplusarg STALL -autoloadwcfg -tclbatch {run.tcl}
Time resolution is 1 ps
source run.tcl
## run all
Memory Collision Error on RAMB36E1 : tb_slow_rx.dut.u_ff.gen_mem[0].u_main.gen_sdp.gen_wide.INT_RAMB_SDP.chk_for_col_msg at simulation time 212.000 ns.
A read was performed on address 803f (hex) of port A while a write was requested to the same address on port B.  The write will be successful however the read value on port A is unknown until the next CLKA cycle.
Memory Collision Error on RAMB36E1 : tb_slow_rx.dut.u_ff.gen_mem[0].u_main.gen_sdp.gen_wide.INT_RAMB_SDP.chk_for_col_msg at simulation time 39580.000 ns.
A read was performed on address d67f (hex) of port A while a write was requested to the same address on port B.  The write will be successful however the read value on port A is unknown until the next CLKA cycle.
DONE commit=22 drop=4
$finish called at time : 103636 ns : File "D:/repo/XCKU5PMini/udp_hls_10g/tb/tb_slow_rx.v" Line 122
## quit
INFO: [Common 17-206] Exiting xsim at Wed Sep 30 20:01:10 2026...

****** xsim v2025.2 (64-bit)
  **** SW Build 6299465 on Fri Nov 14 19:35:11 GMT 2025
  **** IP Build 6300035 on Fri Nov 14 10:48:45 MST 2025
  **** SharedData Build 6298862 on Thu Nov 13 04:50:51 MST 2025
  **** Start of session at: Wed Sep 30 20:01:10 2026
    ** Copyright 1986-2022 Xilinx, Inc. All Rights Reserved.
    ** Copyright 2022-2025 Advanced Micro Devices, Inc. All Rights Reserved.

source xsim.dir/tb_slow_rx/xsim_script.tcl
# xsim {tb_slow_rx} -testplusarg HARD -autoloadwcfg -tclbatch {run.tcl}
Time resolution is 1 ps
source run.tcl
## run all
Memory Collision Error on RAMB36E1 : tb_slow_rx.dut.u_ff.gen_mem[0].u_main.gen_sdp.gen_wide.INT_RAMB_SDP.chk_for_col_msg at simulation time 212.000 ns.
A read was performed on address 803f (hex) of port A while a write was requested to the same address on port B.  The write will be successful however the read value on port A is unknown until the next CLKA cycle.
Memory Collision Error on RAMB36E1 : tb_slow_rx.dut.u_ff.gen_mem[0].u_main.gen_sdp.gen_wide.INT_RAMB_SDP.chk_for_col_msg at simulation time 39580.000 ns.
A read was performed on address d67f (hex) of port A while a write was requested to the same address on port B.  The write will be successful however the read value on port A is unknown until the next CLKA cycle.
DONE commit=22 drop=4
$finish called at time : 103636 ns : File "D:/repo/XCKU5PMini/udp_hls_10g/tb/tb_slow_rx.v" Line 122
## quit
INFO: [Common 17-206] Exiting xsim at Wed Sep 30 20:01:12 2026...

****** xsim v2025.2 (64-bit)
  **** SW Build 6299465 on Fri Nov 14 19:35:11 GMT 2025
  **** IP Build 6300035 on Fri Nov 14 10:48:45 MST 2025
  **** SharedData Build 6298862 on Thu Nov 13 04:50:51 MST 2025
  **** Start of session at: Wed Sep 30 20:01:12 2026
    ** Copyright 1986-2022 Xilinx, Inc. All Rights Reserved.
    ** Copyright 2022-2025 Advanced Micro Devices, Inc. All Rights Reserved.

source xsim.dir/tb_slow_rx/xsim_script.tcl
# xsim {tb_slow_rx} -testplusarg WD -autoloadwcfg -tclbatch {run.tcl}
Time resolution is 1 ps
source run.tcl
## run all
Memory Collision Error on RAMB36E1 : tb_slow_rx.dut.u_ff.gen_mem[0].u_main.gen_sdp.gen_wide.INT_RAMB_SDP.chk_for_col_msg at simulation time 212.000 ns.
A read was performed on address 803f (hex) of port A while a write was requested to the same address on port B.  The write will be successful however the read value on port A is unknown until the next CLKA cycle.
DONE commit=1 drop=0
$finish called at time : 9132 ns : File "D:/repo/XCKU5PMini/udp_hls_10g/tb/tb_slow_rx.v" Line 122
## quit
INFO: [Common 17-206] Exiting xsim at Wed Sep 30 20:01:14 2026...
nostall: PASS (2928 lines)
stall: PASS (2928 lines)
hard: PASS (2928 lines)
wd: PASS (3 lines)
tb_slow_rx: PASS
