[P4GUARD OK] root=d:\repo\xcku5pmini\udp_hls_10g self=d:\repo\xcku5pmini\udp_hls_10g manifests=5
GATE chain SKIPPED -- not selected by /only pcackoob+vlanchain+vlanburst+stallgate
GATE burst200 SKIPPED -- not selected by /only pcackoob+vlanchain+vlanburst+stallgate
GATE trunc50 SKIPPED -- not selected by /only pcackoob+vlanchain+vlanburst+stallgate
GATE trunc100 SKIPPED -- not selected by /only pcackoob+vlanchain+vlanburst+stallgate
GATE halfdrop SKIPPED -- not selected by /only pcackoob+vlanchain+vlanburst+stallgate
GATE txdrop50 SKIPPED -- not selected by /only pcackoob+vlanchain+vlanburst+stallgate
GATE gate4096 SKIPPED -- not selected by /only pcackoob+vlanchain+vlanburst+stallgate
GATE dupstorm SKIPPED -- not selected by /only pcackoob+vlanchain+vlanburst+stallgate
环境变量 PCACKOOB 没有定义
环境变量 1 没有定义
GATE pcackoob EXIT=0
GATE vlanchain EXIT=0
GATE vlanburst EXIT=0
GATE stallgate EXIT=0
GATE unit_retx SKIPPED -- not selected by /only pcackoob+vlanchain+vlanburst+stallgate
GATE unit_fifo SKIPPED -- not selected by /only pcackoob+vlanchain+vlanburst+stallgate
GATE unit_vlan SKIPPED -- not selected by /only pcackoob+vlanchain+vlanburst+stallgate
GATE unit_uart SKIPPED -- not selected by /only pcackoob+vlanchain+vlanburst+stallgate
---- summary ----
[P4INDM 4GATES] gate=pcackoob+vlanchain+vlanburst+stallgate exit=0
