=== [A] DEFAULT BUILD (no APP_MODE) ===
--- xvlog lines mentioning app_ctrl/rst_sent/ERROR ---
INFO: [VRFC 10-2263] Analyzing Verilog file "D:/repo/XCKU5PMini/udp_hls_10g/rtl/app_ctrl.v" into library xil_defaultlib
INFO: [VRFC 10-311] analyzing module app_ctrl
--- xelab warnings (unconnected/undriven/multi/driven) ---
Multi-threading is on. Using 18 slave threads.
WARNING: [VRFC 10-3091] actual bit length 32 differs from formal bit length 1 for port 'CE' [D:/repo/XCKU5PMini/udp_hls_10g/board/util_gmii_to_rgmii.v:188]
WARNING: [VRFC 10-3091] actual bit length 32 differs from formal bit length 1 for port 'D1' [D:/repo/XCKU5PMini/udp_hls_10g/board/util_gmii_to_rgmii.v:189]
WARNING: [VRFC 10-3091] actual bit length 32 differs from formal bit length 1 for port 'D2' [D:/repo/XCKU5PMini/udp_hls_10g/board/util_gmii_to_rgmii.v:190]
WARNING: [VRFC 10-3091] actual bit length 32 differs from formal bit length 1 for port 'S' [D:/repo/XCKU5PMini/udp_hls_10g/board/util_gmii_to_rgmii.v:192]
WARNING: [VRFC 10-3091] actual bit length 32 differs from formal bit length 1 for port 'CE' [D:/repo/XCKU5PMini/udp_hls_10g/board/util_gmii_to_rgmii.v:216]
WARNING: [VRFC 10-3091] actual bit length 32 differs from formal bit length 1 for port 'S' [D:/repo/XCKU5PMini/udp_hls_10g/board/util_gmii_to_rgmii.v:220]
WARNING: [VRFC 10-3091] actual bit length 32 differs from formal bit length 1 for port 'CE' [D:/repo/XCKU5PMini/udp_hls_10g/board/util_gmii_to_rgmii.v:245]
WARNING: [VRFC 10-3091] actual bit length 32 differs from formal bit length 1 for port 'R' [D:/repo/XCKU5PMini/udp_hls_10g/board/util_gmii_to_rgmii.v:247]
WARNING: [VRFC 10-3091] actual bit length 32 differs from formal bit length 1 for port 'S' [D:/repo/XCKU5PMini/udp_hls_10g/board/util_gmii_to_rgmii.v:248]
WARNING: [VRFC 10-3091] actual bit length 32 differs from formal bit length 1 for port 'CE' [D:/repo/XCKU5PMini/udp_hls_10g/board/util_gmii_to_rgmii.v:203]
WARNING: [VRFC 10-3091] actual bit length 32 differs from formal bit length 1 for port 'S' [D:/repo/XCKU5PMini/udp_hls_10g/board/util_gmii_to_rgmii.v:207]
WARNING: [VRFC 10-3091] actual bit length 32 differs from formal bit length 1 for port 'CE' [D:/repo/XCKU5PMini/udp_hls_10g/board/util_gmii_to_rgmii.v:232]
WARNING: [VRFC 10-3091] actual bit length 32 differs from formal bit length 1 for port 'R' [D:/repo/XCKU5PMini/udp_hls_10g/board/util_gmii_to_rgmii.v:234]
WARNING: [VRFC 10-3091] actual bit length 32 differs from formal bit length 1 for port 'S' [D:/repo/XCKU5PMini/udp_hls_10g/board/util_gmii_to_rgmii.v:235]
WARNING: [VRFC 10-3645] port 'stat_drop_trunc' remains unconnected for this instance [D:/repo/XCKU5PMini/udp_hls_10g/board/wrapper_p4.v:1752]
WARNING: [VRFC 10-3645] port 'stat_flush_words' remains unconnected for this instance [D:/repo/XCKU5PMini/udp_hls_10g/board/wrapper_p4.v:2728]
WARNING: [VRFC 10-3645] port 'crc_nxt' remains unconnected for this instance [D:/repo/XCKU5PMini/udp_hls_10g/rtl/mac_rx_64.v:126]
WARNING: [VRFC 10-3645] port 'dbg_wptr' remains unconnected for this instance [D:/repo/XCKU5PMini/udp_hls_10g/rtl/mac_rx_64.v:364]
WARNING: [VRFC 10-3645] port 'full_next' remains unconnected for this instance [D:/repo/XCKU5PMini/udp_hls_10g/rtl/tcp_echo.v:93]
WARNING: [VRFC 10-3645] port 'dbg_wptr' remains unconnected for this instance [D:/repo/XCKU5PMini/udp_hls_10g/rtl/tcp_echo.v:108]
WARNING: [VRFC 10-3645] port 'dbg_wptr' remains unconnected for this instance [D:/repo/XCKU5PMini/udp_hls_10g/rtl/slow_cfg_adp.v:64]
WARNING: [VRFC 10-3645] port 'full_next' remains unconnected for this instance [D:/repo/XCKU5PMini/udp_hls_10g/rtl/tcp_tx_frame.v:645]
WARNING: [VRFC 10-3645] port 'dbg_wptr' remains unconnected for this instance [D:/repo/XCKU5PMini/udp_hls_10g/rtl/tcp_tx_frame.v:710]
WARNING: [VRFC 10-3645] port 'dbg_wptr' remains unconnected for this instance [D:/repo/XCKU5PMini/udp_hls_10g/rtl/slow_rx_adp.v:94]
WARNING: [VRFC 10-3645] port 'dbg_wptr' remains unconnected for this instance [D:/repo/XCKU5PMini/udp_hls_10g/rtl/slow_rx_adp.v:115]
WARNING: [VRFC 10-3645] port 'dbg_wptr' remains unconnected for this instance [D:/repo/XCKU5PMini/udp_hls_10g/rtl/slow_tx_adp.v:40]
WARNING: [VRFC 10-3645] port 'dbg_wptr' remains unconnected for this instance [D:/repo/XCKU5PMini/udp_hls_10g/rtl/slow_tx_adp.v:80]
WARNING: [VRFC 10-3645] port 'dbg_wptr' remains unconnected for this instance [D:/repo/XCKU5PMini/udp_hls_10g/rtl/mac_tx_64.v:70]
=== [B] APP_MODE BUILD ===
--- xvlog lines mentioning app_ctrl/rst_sent/ERROR ---
INFO: [VRFC 10-2263] Analyzing Verilog file "D:/repo/XCKU5PMini/udp_hls_10g/rtl/app_ctrl.v" into library xil_defaultlib
INFO: [VRFC 10-311] analyzing module app_ctrl
--- xelab warnings (unconnected/undriven/multi/driven) ---
Multi-threading is on. Using 18 slave threads.
WARNING: [VRFC 10-3091] actual bit length 32 differs from formal bit length 1 for port 'CE' [D:/repo/XCKU5PMini/udp_hls_10g/board/util_gmii_to_rgmii.v:188]
WARNING: [VRFC 10-3091] actual bit length 32 differs from formal bit length 1 for port 'D1' [D:/repo/XCKU5PMini/udp_hls_10g/board/util_gmii_to_rgmii.v:189]
WARNING: [VRFC 10-3091] actual bit length 32 differs from formal bit length 1 for port 'D2' [D:/repo/XCKU5PMini/udp_hls_10g/board/util_gmii_to_rgmii.v:190]
WARNING: [VRFC 10-3091] actual bit length 32 differs from formal bit length 1 for port 'S' [D:/repo/XCKU5PMini/udp_hls_10g/board/util_gmii_to_rgmii.v:192]
WARNING: [VRFC 10-3091] actual bit length 32 differs from formal bit length 1 for port 'CE' [D:/repo/XCKU5PMini/udp_hls_10g/board/util_gmii_to_rgmii.v:216]
WARNING: [VRFC 10-3091] actual bit length 32 differs from formal bit length 1 for port 'S' [D:/repo/XCKU5PMini/udp_hls_10g/board/util_gmii_to_rgmii.v:220]
WARNING: [VRFC 10-3091] actual bit length 32 differs from formal bit length 1 for port 'CE' [D:/repo/XCKU5PMini/udp_hls_10g/board/util_gmii_to_rgmii.v:245]
WARNING: [VRFC 10-3091] actual bit length 32 differs from formal bit length 1 for port 'R' [D:/repo/XCKU5PMini/udp_hls_10g/board/util_gmii_to_rgmii.v:247]
WARNING: [VRFC 10-3091] actual bit length 32 differs from formal bit length 1 for port 'S' [D:/repo/XCKU5PMini/udp_hls_10g/board/util_gmii_to_rgmii.v:248]
WARNING: [VRFC 10-3091] actual bit length 32 differs from formal bit length 1 for port 'CE' [D:/repo/XCKU5PMini/udp_hls_10g/board/util_gmii_to_rgmii.v:203]
WARNING: [VRFC 10-3091] actual bit length 32 differs from formal bit length 1 for port 'S' [D:/repo/XCKU5PMini/udp_hls_10g/board/util_gmii_to_rgmii.v:207]
WARNING: [VRFC 10-3091] actual bit length 32 differs from formal bit length 1 for port 'CE' [D:/repo/XCKU5PMini/udp_hls_10g/board/util_gmii_to_rgmii.v:232]
WARNING: [VRFC 10-3091] actual bit length 32 differs from formal bit length 1 for port 'R' [D:/repo/XCKU5PMini/udp_hls_10g/board/util_gmii_to_rgmii.v:234]
WARNING: [VRFC 10-3091] actual bit length 32 differs from formal bit length 1 for port 'S' [D:/repo/XCKU5PMini/udp_hls_10g/board/util_gmii_to_rgmii.v:235]
WARNING: [VRFC 10-3645] port 'stat_bad_frames' remains unconnected for this instance [D:/repo/XCKU5PMini/udp_hls_10g/board/wrapper_p4.v:1170]
WARNING: [VRFC 10-3645] port 'stat_fc_upd' remains unconnected for this instance [D:/repo/XCKU5PMini/udp_hls_10g/board/wrapper_p4.v:1214]
WARNING: [VRFC 10-3645] port 'stat_drop_trunc' remains unconnected for this instance [D:/repo/XCKU5PMini/udp_hls_10g/board/wrapper_p4.v:1752]
WARNING: [VRFC 10-3645] port 'ds_idx' remains unconnected for this instance [D:/repo/XCKU5PMini/udp_hls_10g/board/wrapper_p4.v:2486]
WARNING: [VRFC 10-3645] port 'stat_flush_words' remains unconnected for this instance [D:/repo/XCKU5PMini/udp_hls_10g/board/wrapper_p4.v:2728]
WARNING: [VRFC 10-3645] port 'crc_nxt' remains unconnected for this instance [D:/repo/XCKU5PMini/udp_hls_10g/rtl/mac_rx_64.v:126]
WARNING: [VRFC 10-3645] port 'dbg_wptr' remains unconnected for this instance [D:/repo/XCKU5PMini/udp_hls_10g/rtl/mac_rx_64.v:364]
WARNING: [VRFC 10-3645] port 'full_next' remains unconnected for this instance [D:/repo/XCKU5PMini/udp_hls_10g/rtl/app_ctrl.v:353]
WARNING: [VRFC 10-3645] port 'full_next' remains unconnected for this instance [D:/repo/XCKU5PMini/udp_hls_10g/rtl/tcp_echo.v:93]
WARNING: [VRFC 10-3645] port 'dbg_wptr' remains unconnected for this instance [D:/repo/XCKU5PMini/udp_hls_10g/rtl/tcp_echo.v:108]
WARNING: [VRFC 10-3645] port 'dbg_wptr' remains unconnected for this instance [D:/repo/XCKU5PMini/udp_hls_10g/rtl/slow_cfg_adp.v:64]
WARNING: [VRFC 10-3645] port 'full_next' remains unconnected for this instance [D:/repo/XCKU5PMini/udp_hls_10g/rtl/tcp_tx_frame.v:645]
WARNING: [VRFC 10-3645] port 'dbg_wptr' remains unconnected for this instance [D:/repo/XCKU5PMini/udp_hls_10g/rtl/tcp_tx_frame.v:710]
WARNING: [VRFC 10-3645] port 'full_next' remains unconnected for this instance [D:/repo/XCKU5PMini/udp_hls_10g/rtl/udp_split.v:464]
WARNING: [VRFC 10-3645] port 'dbg_wptr' remains unconnected for this instance [D:/repo/XCKU5PMini/udp_hls_10g/rtl/slow_rx_adp.v:94]
WARNING: [VRFC 10-3645] port 'dbg_wptr' remains unconnected for this instance [D:/repo/XCKU5PMini/udp_hls_10g/rtl/slow_rx_adp.v:115]
WARNING: [VRFC 10-3645] port 'dbg_wptr' remains unconnected for this instance [D:/repo/XCKU5PMini/udp_hls_10g/rtl/slow_tx_adp.v:40]
WARNING: [VRFC 10-3645] port 'dbg_wptr' remains unconnected for this instance [D:/repo/XCKU5PMini/udp_hls_10g/rtl/slow_tx_adp.v:80]
WARNING: [VRFC 10-3645] port 'dbg_wptr' remains unconnected for this instance [D:/repo/XCKU5PMini/udp_hls_10g/rtl/udp_tx_frame.v:517]
WARNING: [VRFC 10-3645] port 'dbg_wptr' remains unconnected for this instance [D:/repo/XCKU5PMini/udp_hls_10g/rtl/mac_tx_64.v:70]
[ELAB-CHK PASS] both configs elaborated with 0 ERROR lines
DONE (logs: wchk\xv_a.log xv_b.log xe_a.log xe_b.log)
