#-----------------------------------------------------------
# xsim v2025.2 (64-bit)
# SW Build 6299465 on Fri Nov 14 19:35:11 GMT 2025
# IP Build 6300035 on Fri Nov 14 10:48:45 MST 2025
# SharedData Build 6298862 on Thu Nov 13 04:50:51 MST 2025
# Start of session at: Tue Sep 29 10:18:46 2026
# Process ID         : 14384
# Current directory  : D:/repo/XCKU5PMini/udp_hls_10g/review_scratch/rd_macrx_old
# Command line       : xsim.exe -log xs.log -mode tcl -source {xsim.dir/tb_mrx/xsim_script.tcl}
# Log file           : D:/repo/XCKU5PMini/udp_hls_10g/review_scratch/rd_macrx_old/xs.log
# Journal file       : D:/repo/XCKU5PMini/udp_hls_10g/review_scratch/rd_macrx_old\xsim.jou
# Running On         : xyz-intel
# Platform           : Windows Server 2016 or Windows 10
# Operating System   : 26200
# Processor Detail   : Intel(R) Core(TM) Ultra 7 265K
# CPU Frequency      : 3878 MHz
# CPU Physical cores : 20
# CPU Logical cores  : 20
# Host memory        : 68053 MB
# Swap memory        : 4294 MB
# Total Virtual      : 72348 MB
# Available Virtual  : 50051 MB
#-----------------------------------------------------------
source xsim.dir/tb_mrx/xsim_script.tcl
# xsim {tb_mrx} -testplusarg NOSTALL -autoloadwcfg -runall
Time resolution is 1 ps
run -all
TL dbg: crc=debb20e3 fbytes=64 state=0 bcnt=4 wreg=000000002a2b2c2d wkeep=0f
TL dbg: crc=debb20e3 fbytes=64 state=0 bcnt=4 wreg=000000002a2b2c2d wkeep=0f
TL dbg: crc=debb20e3 fbytes=1518 state=0 bcnt=2 wreg=000000000000f900 wkeep=03
TL dbg: crc=debb20e3 fbytes=64 state=0 bcnt=4 wreg=0000000026272829 wkeep=0f
TL dbg: crc=debb20e3 fbytes=64 state=0 bcnt=4 wreg=000000002a2b2c2d wkeep=0f
TL dbg: crc=debb20e3 fbytes=64 state=0 bcnt=4 wreg=0000000058595a5b wkeep=0f
TL dbg: crc=19834ae4 fbytes=64 state=0 bcnt=4 wreg=000000002a2b2c2d wkeep=0f
TL dbg: crc=debb20e3 fbytes=46 state=0 bcnt=2 wreg=0000000000001a1b wkeep=03
TL dbg: crc=debb20e3 fbytes=64 state=0 bcnt=4 wreg=000000002a2b2c2d wkeep=0f
TL dbg: crc=debb20e3 fbytes=64 state=0 bcnt=4 wreg=000000002a2b2c2d wkeep=0f
TL dbg: crc=debb20e3 fbytes=64 state=0 bcnt=4 wreg=000000002a2b2c2d wkeep=0f
DONE frames=11 crc_err=1 drop=0 bytes=2140
$finish called at time : 22340 ns : File "D:/repo/XCKU5PMini/udp_hls_10g/tb/tb_mac_rx_64.v" Line 80
exit
INFO: [Common 17-206] Exiting xsim at Tue Sep 29 10:18:48 2026...
