#-----------------------------------------------------------
# xsim v2025.2 (64-bit)
# SW Build 6299465 on Fri Nov 14 19:35:11 GMT 2025
# IP Build 6300035 on Fri Nov 14 10:48:45 MST 2025
# SharedData Build 6298862 on Thu Nov 13 04:50:51 MST 2025
# Start of session at: Sat Oct 10 10:44:55 2026
# Process ID         : 6808
# Current directory  : D:/repo/XCKU5PMini/udp_hls_10g/_proj_10g/notes/p7b_p5wrapper_diag_20261010/work/G
# Command line       : xsim.exe -log xsim_w.log -mode tcl -source {xsim.dir/tb_p5_wrapper/xsim_script.tcl}
# Log file           : D:/repo/XCKU5PMini/udp_hls_10g/_proj_10g/notes/p7b_p5wrapper_diag_20261010/work/G/xsim_w.log
# Journal file       : D:/repo/XCKU5PMini/udp_hls_10g/_proj_10g/notes/p7b_p5wrapper_diag_20261010/work/G\xsim.jou
# Running On         : xyz-intel
# Platform           : Windows Server 2016 or Windows 10
# Operating System   : 26300
# Processor Detail   : Intel(R) Core(TM) Ultra 7 265K
# CPU Frequency      : 3878 MHz
# CPU Physical cores : 20
# CPU Logical cores  : 20
# Host memory        : 68053 MB
# Swap memory        : 4294 MB
# Total Virtual      : 72348 MB
# Available Virtual  : 49228 MB
#-----------------------------------------------------------
source xsim.dir/tb_p5_wrapper/xsim_script.tcl
# xsim {tb_p5_wrapper} -autoloadwcfg -runall
Time resolution is 1 ps
run -all
P5W state st0=1 ready=0001 app(tx_bytes=10932 fr=7 bad=0)
P5W tx(frames=7 bytes=10220) drop=0 fin=0 rst=0 eend=0 mac_abort=0
P5W led=1111 uart_idle=1
P5W DONE
$finish called at time : 133200 ns : File "D:/repo/XCKU5PMini/udp_hls_10g/_proj_10g/notes/p7b_p5wrapper_diag_20261010/work/G/tb_dp.v" Line 112
run: Time (s): cpu = 00:00:00 ; elapsed = 00:00:07 . Memory (MB): peak = 245.418 ; gain = 0.000
exit
INFO: [Common 17-206] Exiting xsim at Sat Oct 10 10:45:04 2026...
