INFO: [VRFC 10-2263] Analyzing Verilog file "D:/repo/XCKU5PMini/udp_hls_10g/rtl/crc32_8b.v" into library xil_defaultlib
INFO: [VRFC 10-311] analyzing module crc32_8b
INFO: [VRFC 10-2263] Analyzing Verilog file "D:/repo/XCKU5PMini/udp_hls_10g/rtl/fifo_sync.v" into library xil_defaultlib
INFO: [VRFC 10-311] analyzing module fifo_sync
INFO: [VRFC 10-2263] Analyzing Verilog file "D:/repo/XCKU5PMini/udp_hls_10g/rtl/checksum16.v" into library xil_defaultlib
INFO: [VRFC 10-311] analyzing module checksum16
INFO: [VRFC 10-2263] Analyzing Verilog file "D:/repo/XCKU5PMini/udp_hls_10g/rtl/frame_fifo.v" into library xil_defaultlib
INFO: [VRFC 10-311] analyzing module frame_fifo
INFO: [VRFC 10-2263] Analyzing Verilog file "D:/repo/XCKU5PMini/udp_hls_10g/rtl/fifo_async.v" into library xil_defaultlib
INFO: [VRFC 10-311] analyzing module fifo_async
INFO: [VRFC 10-2263] Analyzing Verilog file "D:/repo/XCKU5PMini/udp_hls_10g/rtl/clk_gen_p6b.v" into library xil_defaultlib
INFO: [VRFC 10-311] analyzing module clk_gen_p6b
INFO: [VRFC 10-2263] Analyzing Verilog file "D:/repo/XCKU5PMini/udp_hls_10g/rtl/snap_cdc.v" into library xil_defaultlib
INFO: [VRFC 10-311] analyzing module snap_cdc
INFO: [VRFC 10-2263] Analyzing Verilog file "D:/repo/XCKU5PMini/udp_hls_10g/rtl/snap_seq.v" into library xil_defaultlib
INFO: [VRFC 10-311] analyzing module snap_seq
INFO: [VRFC 10-2263] Analyzing Verilog file "D:/repo/XCKU5PMini/udp_hls_10g/_proj_pcie/rtl/axi_regs.v" into library xil_defaultlib
INFO: [VRFC 10-311] analyzing module axi_regs
INFO: [VRFC 10-2263] Analyzing Verilog file "D:/repo/XCKU5PMini/udp_hls_10g/sim/p6e_pcie/xdma_0_sim_stub.v" into library xil_defaultlib
INFO: [VRFC 10-311] analyzing module xdma_0
INFO: [VRFC 10-2263] Analyzing Verilog file "D:/repo/XCKU5PMini/udp_hls_10g/rtl/mac_rx_64.v" into library xil_defaultlib
INFO: [VRFC 10-311] analyzing module mac_rx_64
INFO: [VRFC 10-2263] Analyzing Verilog file "D:/repo/XCKU5PMini/udp_hls_10g/rtl/mac_tx_64.v" into library xil_defaultlib
INFO: [VRFC 10-311] analyzing module mac_tx_64
INFO: [VRFC 10-2263] Analyzing Verilog file "D:/repo/XCKU5PMini/udp_hls_10g/rtl/tcp_cam.v" into library xil_defaultlib
INFO: [VRFC 10-311] analyzing module tcp_cam
INFO: [VRFC 10-2263] Analyzing Verilog file "D:/repo/XCKU5PMini/udp_hls_10g/rtl/tcb.v" into library xil_defaultlib
INFO: [VRFC 10-311] analyzing module tcb
INFO: [VRFC 10-2263] Analyzing Verilog file "D:/repo/XCKU5PMini/udp_hls_10g/rtl/tcp_rx.v" into library xil_defaultlib
INFO: [VRFC 10-311] analyzing module tcp_rx
INFO: [VRFC 10-2263] Analyzing Verilog file "D:/repo/XCKU5PMini/udp_hls_10g/rtl/tcp_tx_frame.v" into library xil_defaultlib
INFO: [VRFC 10-311] analyzing module tcp_tx_frame
INFO: [VRFC 10-2263] Analyzing Verilog file "D:/repo/XCKU5PMini/udp_hls_10g/rtl/retx_ram.v" into library xil_defaultlib
INFO: [VRFC 10-311] analyzing module retx_ram
INFO: [VRFC 10-2263] Analyzing Verilog file "D:/repo/XCKU5PMini/udp_hls_10g/rtl/tcp_echo.v" into library xil_defaultlib
INFO: [VRFC 10-311] analyzing module tcp_echo
INFO: [VRFC 10-2263] Analyzing Verilog file "D:/repo/XCKU5PMini/udp_hls_10g/rtl/axis_pipe.v" into library xil_defaultlib
INFO: [VRFC 10-311] analyzing module axis_pipe
INFO: [VRFC 10-2263] Analyzing Verilog file "D:/repo/XCKU5PMini/udp_hls_10g/rtl/rx_classify.v" into library xil_defaultlib
INFO: [VRFC 10-311] analyzing module rx_classify
INFO: [VRFC 10-2263] Analyzing Verilog file "D:/repo/XCKU5PMini/udp_hls_10g/rtl/vlan_strip.v" into library xil_defaultlib
INFO: [VRFC 10-311] analyzing module vlan_strip
INFO: [VRFC 10-2263] Analyzing Verilog file "D:/repo/XCKU5PMini/udp_hls_10g/rtl/slow_rx_adp.v" into library xil_defaultlib
INFO: [VRFC 10-311] analyzing module slow_rx_adp
INFO: [VRFC 10-2263] Analyzing Verilog file "D:/repo/XCKU5PMini/udp_hls_10g/rtl/slow_cfg_adp.v" into library xil_defaultlib
INFO: [VRFC 10-311] analyzing module slow_cfg_adp
INFO: [VRFC 10-2263] Analyzing Verilog file "D:/repo/XCKU5PMini/udp_hls_10g/rtl/slow_tx_adp.v" into library xil_defaultlib
INFO: [VRFC 10-311] analyzing module slow_tx_adp
INFO: [VRFC 10-2263] Analyzing Verilog file "D:/repo/XCKU5PMini/udp_hls_10g/rtl/udp_rx.v" into library xil_defaultlib
INFO: [VRFC 10-311] analyzing module udp_rx
INFO: [VRFC 10-2263] Analyzing Verilog file "D:/repo/XCKU5PMini/udp_hls_10g/rtl/udp_split.v" into library xil_defaultlib
INFO: [VRFC 10-311] analyzing module udp_split_fifo
INFO: [VRFC 10-311] analyzing module udp_split
INFO: [VRFC 10-2263] Analyzing Verilog file "D:/repo/XCKU5PMini/udp_hls_10g/rtl/tx_arb.v" into library xil_defaultlib
INFO: [VRFC 10-311] analyzing module tx_arb
INFO: [VRFC 10-2263] Analyzing Verilog file "D:/repo/XCKU5PMini/udp_hls_10g/rtl/udp_tx_cfg.v" into library xil_defaultlib
INFO: [VRFC 10-311] analyzing module udp_tx_cfg
INFO: [VRFC 10-2263] Analyzing Verilog file "D:/repo/XCKU5PMini/udp_hls_10g/rtl/udp_tx_frame.v" into library xil_defaultlib
INFO: [VRFC 10-311] analyzing module udp_tx_frame
INFO: [VRFC 10-2263] Analyzing Verilog file "D:/repo/XCKU5PMini/udp_hls_10g/rtl/app_ctrl.v" into library xil_defaultlib
INFO: [VRFC 10-311] analyzing module app_ctrl
INFO: [VRFC 10-2263] Analyzing Verilog file "D:/repo/XCKU5PMini/udp_hls_10g/rtl/app_pattern.v" into library xil_defaultlib
INFO: [VRFC 10-311] analyzing module app_pattern
INFO: [VRFC 10-2263] Analyzing Verilog file "D:/repo/XCKU5PMini/udp_hls_10g/rtl/app_udp_pattern.v" into library xil_defaultlib
INFO: [VRFC 10-311] analyzing module app_udp_pattern
INFO: [VRFC 10-2263] Analyzing Verilog file "D:/repo/XCKU5PMini/udp_hls_10g/rtl/app_status_uart.v" into library xil_defaultlib
INFO: [VRFC 10-311] analyzing module app_status_uart
INFO: [VRFC 10-2263] Analyzing Verilog file "D:/repo/XCKU5PMini/udp_hls_10g/board/wrapper_p4.v" into library xil_defaultlib
INFO: [VRFC 10-311] analyzing module wrapper_p4
INFO: [VRFC 10-2263] Analyzing Verilog file "D:/repo/XCKU5PMini/udp_hls_10g/board/util_gmii_to_rgmii.v" into library xil_defaultlib
INFO: [VRFC 10-311] analyzing module util_gmii_to_rgmii
INFO: [VRFC 10-2263] Analyzing Verilog file "D:/repo/XCKU5PMini/udp_hls_10g/board/uart_dbg.v" into library xil_defaultlib
INFO: [VRFC 10-311] analyzing module uart_tx_9600
INFO: [VRFC 10-311] analyzing module dbg_line_tx
INFO: [VRFC 10-2263] Analyzing Verilog file "D:/repo/XCKU5PMini/udp_hls_10g/_proj_10g/notes/p7b_p5wrapper_diag_20261010/work/G/tb_dp.v" into library xil_defaultlib
INFO: [VRFC 10-311] analyzing module tb_p5_wrapper
INFO: [VRFC 10-2263] Analyzing Verilog file "C:/AMDDesignTools/2025.2/data/verilog/src/glbl.v" into library xil_defaultlib
INFO: [VRFC 10-311] analyzing module glbl
