
===== 0. 位流身份 (G1 的位流一半) 与前置 =====
  [WARN] 找不到位流 /d/repo/XCKU5PMini/udp_hls_10g/_proj_10g/notes/p7b_wu_harness_fix/logs/livefake_before/tree_old/vivado_prj/p7b_ku5p_prj.runs/impl_1/wrapper_p4.bit ⇒ G1 少了 sha256 那一半 (必须在验收报告里如实标注)
  [FATAL] 快照块 A 解析: W0 的读数是 '0x64' (不是 0x 十六进制 ⇒ 空读/读失败); **空读 ≠ 真 0**

  [ABORT] 前置闸未过 ⇒ 后面的读数都不算数
-------- 原始文本 --------
SNAP_BEGIN
TLATCH 1791337779.253958225 1791337779.255515814
GEN 0 1
MAGIC 0x50360001
BID 0x00000008
MARKER 0xdeadbeef
W0 0x64
W1 0x250F8
W2 0x5EE
W3 0x0
W4 0x0
W5 0xD5A10C0
W6 0x64
W7 0x4
W8 0x0
W9 0x0
W10 0x0
W11 0x0
W12 0x0
W13 0x0
W14 0x0
W15 0x0
W16 0x0
W17 0x0
W18 0x0
W19 0x0
W20 0x0
W21 0x0
W22 0x0
W23 0x0
W24 0xD5A10C0
W25 0x1
W26 0x0
W27 0x0
W28 0x0
W29 0x0
W30 0x64
W31 0x24F68
W32 0x0
W33 0x0
W34 0x0
W35 0x0
W36 0x1312D00
W37 0x90C48C0
W38 0x0
W39 0x2000100C
W40 0x66
W41 0x0
W42 0x0
W43 0x0
W44 0x0
W45 0x0
W46 0x0
W47 0x0
W48 0x0
W49 0x0
W50 0xD5A10C0
UNIMPL 0xffffffff
SNAP_END
########## PASS=0 FAIL=0 SKIP=0 ##########
