Vivado Simulator v2025.2
Copyright 1986-2022 Xilinx, Inc. All Rights Reserved.
Copyright 2022-2025 Advanced Micro Devices, Inc. All Rights Reserved.
Running: C:/AMDDesignTools/2025.2/Vivado/bin/unwrapped/win64.o/xelab.exe -debug typical -L unisims_ver xil_defaultlib.wrapper_p4 xil_defaultlib.glbl -s wrap_dp156 -log xelab.log 
Multi-threading is on. Using 18 slave threads.
Starting static elaboration
Pass Through NonSizing Optimizer
WARNING: [VRFC 10-3645] port 'stat_bad_frames' remains unconnected for this instance [D:/repo/XCKU5PMini/udp_hls_10g/board/wrapper_p4.v:704]
WARNING: [VRFC 10-3645] port 'stat_fc_upd' remains unconnected for this instance [D:/repo/XCKU5PMini/udp_hls_10g/board/wrapper_p4.v:748]
WARNING: [VRFC 10-3645] port 'stat_drop_trunc' remains unconnected for this instance [D:/repo/XCKU5PMini/udp_hls_10g/board/wrapper_p4.v:1285]
WARNING: [VRFC 10-3645] port 'ds_idx' remains unconnected for this instance [D:/repo/XCKU5PMini/udp_hls_10g/board/wrapper_p4.v:2012]
WARNING: [VRFC 10-3645] port 'CLKFBOUTB' remains unconnected for this instance [D:/repo/XCKU5PMini/udp_hls_10g/rtl/clk_gen_p6b.v:193]
WARNING: [VRFC 10-3645] port 'crc_nxt' remains unconnected for this instance [D:/repo/XCKU5PMini/udp_hls_10g/rtl/mac_rx_64.v:123]
WARNING: [VRFC 10-3645] port 'dbg_wptr' remains unconnected for this instance [D:/repo/XCKU5PMini/udp_hls_10g/rtl/mac_rx_64.v:361]
WARNING: [VRFC 10-3645] port 'full_next' remains unconnected for this instance [D:/repo/XCKU5PMini/udp_hls_10g/rtl/app_ctrl.v:353]
WARNING: [VRFC 10-3645] port 'dbg_wptr' remains unconnected for this instance [D:/repo/XCKU5PMini/udp_hls_10g/rtl/tcp_echo.v:108]
WARNING: [VRFC 10-3645] port 'CASDOUTA' remains unconnected for this instance [D:/repo/XCKU5PMini/udp_hls_10g/rtl/frame_fifo.v:136]
WARNING: [VRFC 10-3645] port 'dbg_wptr' remains unconnected for this instance [D:/repo/XCKU5PMini/udp_hls_10g/rtl/slow_cfg_adp.v:64]
WARNING: [VRFC 10-3645] port 'full_next' remains unconnected for this instance [D:/repo/XCKU5PMini/udp_hls_10g/rtl/tcp_tx_frame.v:645]
WARNING: [VRFC 10-3645] port 'dbg_wptr' remains unconnected for this instance [D:/repo/XCKU5PMini/udp_hls_10g/rtl/tcp_tx_frame.v:710]
WARNING: [VRFC 10-3645] port 'dbg_wptr' remains unconnected for this instance [D:/repo/XCKU5PMini/udp_hls_10g/rtl/slow_rx_adp.v:89]
WARNING: [VRFC 10-3645] port 'dbg_wptr' remains unconnected for this instance [D:/repo/XCKU5PMini/udp_hls_10g/rtl/slow_rx_adp.v:103]
WARNING: [VRFC 10-3645] port 'dbg_wptr' remains unconnected for this instance [D:/repo/XCKU5PMini/udp_hls_10g/rtl/slow_tx_adp.v:37]
WARNING: [VRFC 10-3645] port 'dbg_wptr' remains unconnected for this instance [D:/repo/XCKU5PMini/udp_hls_10g/rtl/slow_tx_adp.v:68]
WARNING: [VRFC 10-3645] port 'full_next' remains unconnected for this instance [D:/repo/XCKU5PMini/udp_hls_10g/rtl/app_udp_pattern.v:315]
WARNING: [VRFC 10-3645] port 'dbg_wptr' remains unconnected for this instance [D:/repo/XCKU5PMini/udp_hls_10g/rtl/udp_tx_frame.v:175]
WARNING: [VRFC 10-3645] port 'dbg_wptr' remains unconnected for this instance [D:/repo/XCKU5PMini/udp_hls_10g/rtl/mac_tx_64.v:41]
Completed static elaboration
Starting simulation data flow analysis
Completed simulation data flow analysis
Time Resolution for simulation is 1ps
Compiling module unisims_ver.IBUF
Compiling module unisims_ver.BUFG
Compiling module unisims_ver.IDDRE1(DDR_CLK_EDGE="SAME_EDGE_P...
Compiling module unisims_ver.ODDRE1(SIM_DEVICE="ULTRASCALE_PL...
Compiling module xil_defaultlib.util_gmii_to_rgmii_us_default
Compiling module unisims_ver.IBUFDS(IOSTANDARD="DIFF_SSTL12")
Compiling module unisims_ver.MMCME4_ADV(CLKFBOUT_MULT_F=12.5,...
Compiling module unisims_ver.MMCME4_BASE(CLKFBOUT_MULT_F=12.5...
Compiling module xil_defaultlib.clk_gen_p6b_default
Compiling module xil_defaultlib.crc32_8b
Compiling module xil_defaultlib.fifo_sync
Compiling module xil_defaultlib.mac_rx_64
Compiling module xil_defaultlib.fifo_async(WIDTH=76,DEPTH=256,AW...
Compiling module xil_defaultlib.vlan_strip
Compiling module xil_defaultlib.rx_classify
Compiling module xil_defaultlib.app_pattern
Compiling module xil_defaultlib.axis_pipe
Compiling module xil_defaultlib.fifo_sync(W=102,D=16,AW=4)
Compiling module xil_defaultlib.app_ctrl_default
Compiling module xil_defaultlib.uart_tx_9600
Compiling module xil_defaultlib.app_status_uart
Compiling module xil_defaultlib.tcp_rx
Compiling module unisims_ver.RAMB36E2(CLOCK_DOMAINS="COMMON",...
Compiling module xil_defaultlib.frame_fifo(D=8192,AW=13)
Compiling module xil_defaultlib.fifo_sync(W=4,D=64,AW=6)
Compiling module xil_defaultlib.tcp_echo
Compiling module xil_defaultlib.tcp_cam
Compiling module xil_defaultlib.tcb
Compiling module xil_defaultlib.fifo_sync(W=32,D=16,AW=4)
Compiling module xil_defaultlib.slow_cfg_adp
Compiling module xil_defaultlib.retx_ram
Compiling module xil_defaultlib.checksum16
Compiling module xil_defaultlib.fifo_sync(W=73,D=256,AW=8)
Compiling module xil_defaultlib.fifo_sync(W=39,D=32,AW=5)
Compiling module xil_defaultlib.tcp_tx_frame
Compiling module xil_defaultlib.udp_split_fifo(D=16,AW=4)
Compiling module xil_defaultlib.udp_rx
Compiling module xil_defaultlib.frame_fifo(D=512,AW=9)
Compiling module xil_defaultlib.udp_split_fifo(W=64,D=64,AW=6)
Compiling module xil_defaultlib.udp_split_fifo
Compiling module xil_defaultlib.udp_split
Compiling module xil_defaultlib.fifo_sync(W=9,D=2048,AW=11)
Compiling module xil_defaultlib.slow_rx_adp
Compiling module xil_defaultlib.udp_echo_buffer_r_RAM_2P_BRAM_1R...
Compiling module xil_defaultlib.udp_echo_buffer_r_RAM_2P_BRAM_1R...
Compiling module xil_defaultlib.udp_echo_frame_buf_RAM_AUTO_1R1W...
Compiling module xil_defaultlib.udp_echo_frame_buf_RAM_AUTO_1R1W
Compiling module xil_defaultlib.udp_echo_l1_age_RAM_AUTO_1R1W_ra...
Compiling module xil_defaultlib.udp_echo_l1_age_RAM_AUTO_1R1W
Compiling module xil_defaultlib.udp_echo_l1_cache_mac_RAM_AUTO_1...
Compiling module xil_defaultlib.udp_echo_l1_cache_mac_RAM_AUTO_1...
Compiling module xil_defaultlib.udp_echo_l1_cache_valid_RAM_AUTO...
Compiling module xil_defaultlib.udp_echo_l1_cache_valid_RAM_AUTO...
Compiling module xil_defaultlib.udp_echo_l2_table_valid_RAM_2P_B...
Compiling module xil_defaultlib.udp_echo_l2_table_valid_RAM_2P_B...
Compiling module xil_defaultlib.udp_echo_l1_cache_ip_RAM_AUTO_1R...
Compiling module xil_defaultlib.udp_echo_l1_cache_ip_RAM_AUTO_1R...
Compiling module xil_defaultlib.udp_echo_l2_table_ip_RAM_2P_BRAM...
Compiling module xil_defaultlib.udp_echo_l2_table_ip_RAM_2P_BRAM...
Compiling module xil_defaultlib.udp_echo_l2_table_mac_RAM_2P_BRA...
Compiling module xil_defaultlib.udp_echo_l2_table_mac_RAM_2P_BRA...
Compiling module xil_defaultlib.udp_echo_tcp_conn_state_RAM_2P_B...
Compiling module xil_defaultlib.udp_echo_tcp_conn_state_RAM_2P_B...
Compiling module xil_defaultlib.udp_echo_tcp_conn_retrans_pendin...
Compiling module xil_defaultlib.udp_echo_tcp_conn_retrans_pendin...
Compiling module xil_defaultlib.udp_echo_tcp_conn_cwnd_RAM_2P_BR...
Compiling module xil_defaultlib.udp_echo_tcp_conn_cwnd_RAM_2P_BR...
Compiling module xil_defaultlib.udp_echo_tcp_conn_ssthresh_RAM_2...
Compiling module xil_defaultlib.udp_echo_tcp_conn_ssthresh_RAM_2...
Compiling module xil_defaultlib.udp_echo_tcp_conn_rto_RAM_2P_BRA...
Compiling module xil_defaultlib.udp_echo_tcp_conn_rto_RAM_2P_BRA...
Compiling module xil_defaultlib.udp_echo_tcp_conn_dup_ack_cnt_RA...
Compiling module xil_defaultlib.udp_echo_tcp_conn_dup_ack_cnt_RA...
Compiling module xil_defaultlib.udp_echo_tcp_conn_flight_size_RA...
Compiling module xil_defaultlib.udp_echo_tcp_conn_flight_size_RA...
Compiling module xil_defaultlib.udp_echo_tcp_conn_peer_mss_RAM_2...
Compiling module xil_defaultlib.udp_echo_tcp_conn_peer_mss_RAM_2...
Compiling module xil_defaultlib.udp_echo_tcp_conn_peer_port_RAM_...
Compiling module xil_defaultlib.udp_echo_tcp_conn_peer_port_RAM_...
Compiling module xil_defaultlib.udp_echo_tcp_send_bufs_RAM_2P_BR...
Compiling module xil_defaultlib.udp_echo_tcp_send_bufs_RAM_2P_BR...
Compiling module xil_defaultlib.udp_echo_mac_rx_process
Compiling module xil_defaultlib.udp_echo_mac_tx_process_preamble...
Compiling module xil_defaultlib.udp_echo_mac_tx_process_src_mac_...
Compiling module xil_defaultlib.udp_echo_flow_control_loop_pipe_...
Compiling module xil_defaultlib.udp_echo_mac_tx_process_Pipeline...
Compiling module xil_defaultlib.udp_echo_mac_tx_process_Pipeline...
Compiling module xil_defaultlib.udp_echo_sparsemux_9_3_8_1_1(din...
Compiling module xil_defaultlib.udp_echo_sparsemux_7_2_8_1_1(din...
Compiling module xil_defaultlib.udp_echo_mac_tx_process
Compiling module xil_defaultlib.udp_echo_udp_echo_Pipeline_VITIS...
Compiling module xil_defaultlib.udp_echo_udp_echo_Pipeline_VITIS...
Compiling module xil_defaultlib.udp_echo_ip_rx_process_hdr_RAM_A...
Compiling module xil_defaultlib.udp_echo_ip_rx_process_words_RAM...
Compiling module xil_defaultlib.udp_echo_ip_rx_process_Pipeline_...
Compiling module xil_defaultlib.udp_echo_ip_rx_process_Pipeline_...
Compiling module xil_defaultlib.udp_echo_ip_rx_process_Pipeline_...
Compiling module xil_defaultlib.udp_echo_ip_rx_process_Pipeline_...
Compiling module xil_defaultlib.udp_echo_ip_rx_process
Compiling module xil_defaultlib.udp_echo_arp_rx_process_arp_byte...
Compiling module xil_defaultlib.udp_echo_arp_rx_process_Pipeline...
Compiling module xil_defaultlib.udp_echo_arp_rx_process_Pipeline...
Compiling module xil_defaultlib.udp_echo_arp_rx_process_Pipeline...
Compiling module xil_defaultlib.udp_echo_l1_insert_Pipeline_VITI...
Compiling module xil_defaultlib.udp_echo_sparsemux_19_8_3_1_1(di...
Compiling module xil_defaultlib.udp_echo_l1_insert
Compiling module xil_defaultlib.udp_echo_arp_update
Compiling module xil_defaultlib.udp_echo_arp_rx_process_Pipeline...
Compiling module xil_defaultlib.udp_echo_arp_rx_process
Compiling module xil_defaultlib.udp_echo_udp_echo_Pipeline_VITIS...
Compiling module xil_defaultlib.udp_echo_udp_echo_Pipeline_VITIS...
Compiling module xil_defaultlib.udp_echo_tcp_rx_process_payload_...
Compiling module xil_defaultlib.udp_echo_tcp_rx_process_Pipeline...
Compiling module xil_defaultlib.udp_echo_tcp_rx_process_Pipeline...
Compiling module xil_defaultlib.udp_echo_tcp_rx_process_Pipeline...
Compiling module xil_defaultlib.udp_echo_cfg_write_w_RAM_AUTO_1R...
Compiling module xil_defaultlib.udp_echo_cfg_write_Pipeline_VITI...
Compiling module xil_defaultlib.udp_echo_cfg_write_Pipeline_VITI...
Compiling module xil_defaultlib.udp_echo_cfg_write
Compiling module xil_defaultlib.udp_echo_tcp_parse_opts_Pipeline...
Compiling module xil_defaultlib.udp_echo_tcp_parse_opts
Compiling module xil_defaultlib.udp_echo_tcp_rx_process_Pipeline...
Compiling module xil_defaultlib.udp_echo_tcp_send_seg_RAM_AUTO_1...
Compiling module xil_defaultlib.udp_echo_tcp_send_iw_RAM_AUTO_1R...
Compiling module xil_defaultlib.udp_echo_tcp_send_Pipeline_VITIS...
Compiling module xil_defaultlib.udp_echo_tcp_send_Pipeline_VITIS...
Compiling module xil_defaultlib.udp_echo_tcp_send_Pipeline_VITIS...
Compiling module xil_defaultlib.udp_echo_tcp_send_Pipeline_VITIS...
Compiling module xil_defaultlib.udp_echo_tcp_send_Pipeline_VITIS...
Compiling module xil_defaultlib.udp_echo_tcp_send_Pipeline_VITIS...
Compiling module xil_defaultlib.udp_echo_tcp_send_Pipeline_VITIS...
Compiling module xil_defaultlib.udp_echo_l1_lookup
Compiling module xil_defaultlib.udp_echo_tcp_send_Pipeline_VITIS...
Compiling module xil_defaultlib.udp_echo_tcp_send
Compiling module xil_defaultlib.udp_echo_sparsemux_9_3_3_1_1(din...
Compiling module xil_defaultlib.udp_echo_udiv_23ns_32ns_32_27_se...
Compiling module xil_defaultlib.udp_echo_udiv_23ns_32ns_32_27_se...
Compiling module xil_defaultlib.udp_echo_tcp_rx_process
Compiling module xil_defaultlib.udp_echo_igmp_rx_process_report_...
Compiling module xil_defaultlib.udp_echo_igmp_rx_process_ip_word...
Compiling module xil_defaultlib.udp_echo_igmp_rx_process_Pipelin...
Compiling module xil_defaultlib.udp_echo_igmp_rx_process_Pipelin...
Compiling module xil_defaultlib.udp_echo_igmp_rx_process_Pipelin...
Compiling module xil_defaultlib.udp_echo_igmp_rx_process_Pipelin...
Compiling module xil_defaultlib.udp_echo_igmp_rx_process_Pipelin...
Compiling module xil_defaultlib.udp_echo_igmp_rx_process_Pipelin...
Compiling module xil_defaultlib.udp_echo_igmp_rx_process_Pipelin...
Compiling module xil_defaultlib.udp_echo_igmp_rx_process
Compiling module xil_defaultlib.udp_echo_icmp_rx_process_csum_bu...
Compiling module xil_defaultlib.udp_echo_icmp_rx_process_ip_word...
Compiling module xil_defaultlib.udp_echo_icmp_rx_process_Pipelin...
Compiling module xil_defaultlib.udp_echo_icmp_rx_process_Pipelin...
Compiling module xil_defaultlib.udp_echo_icmp_rx_process_Pipelin...
Compiling module xil_defaultlib.udp_echo_icmp_rx_process_Pipelin...
Compiling module xil_defaultlib.udp_echo_icmp_rx_process_Pipelin...
Compiling module xil_defaultlib.udp_echo_icmp_rx_process_Pipelin...
Compiling module xil_defaultlib.udp_echo_icmp_rx_process_Pipelin...
Compiling module xil_defaultlib.udp_echo_icmp_rx_process_Pipelin...
Compiling module xil_defaultlib.udp_echo_icmp_rx_process_Pipelin...
Compiling module xil_defaultlib.udp_echo_icmp_rx_process_Pipelin...
Compiling module xil_defaultlib.udp_echo_icmp_rx_process_Pipelin...
Compiling module xil_defaultlib.udp_echo_icmp_rx_process
Compiling module xil_defaultlib.udp_echo_dhcp_tx_process_Pipelin...
Compiling module xil_defaultlib.udp_echo_dhcp_tx_process_Pipelin...
Compiling module xil_defaultlib.udp_echo_dhcp_write_opt
Compiling module xil_defaultlib.udp_echo_dhcp_build_headers_ip_w...
Compiling module xil_defaultlib.udp_echo_dhcp_build_headers_Pipe...
Compiling module xil_defaultlib.udp_echo_dhcp_build_headers_Pipe...
Compiling module xil_defaultlib.udp_echo_dhcp_build_headers_Pipe...
Compiling module xil_defaultlib.udp_echo_dhcp_build_headers_Pipe...
Compiling module xil_defaultlib.udp_echo_dhcp_build_headers_Pipe...
Compiling module xil_defaultlib.udp_echo_dhcp_build_headers
Compiling module xil_defaultlib.udp_echo_dhcp_tx_process
Compiling module xil_defaultlib.udp_echo_udp_tx_process_ip_words...
Compiling module xil_defaultlib.udp_echo_udp_tx_process_Pipeline...
Compiling module xil_defaultlib.udp_echo_udp_tx_process_Pipeline...
Compiling module xil_defaultlib.udp_echo_udp_tx_process_Pipeline...
Compiling module xil_defaultlib.udp_echo_udp_tx_process_Pipeline...
Compiling module xil_defaultlib.udp_echo_udp_tx_process_Pipeline...
Compiling module xil_defaultlib.udp_echo_udp_tx_process_Pipeline...
Compiling module xil_defaultlib.udp_echo_udp_tx_process
Compiling module xil_defaultlib.udp_echo_tcp_send_1_iw_RAM_AUTO_...
Compiling module xil_defaultlib.udp_echo_tcp_send_1_Pipeline_VIT...
Compiling module xil_defaultlib.udp_echo_tcp_send_1_Pipeline_VIT...
Compiling module xil_defaultlib.udp_echo_tcp_send_1_Pipeline_VIT...
Compiling module xil_defaultlib.udp_echo_tcp_send_1_Pipeline_VIT...
Compiling module xil_defaultlib.udp_echo_tcp_send_1_Pipeline_VIT...
Compiling module xil_defaultlib.udp_echo_tcp_send_1_Pipeline_VIT...
Compiling module xil_defaultlib.udp_echo_tcp_send_1_Pipeline_VIT...
Compiling module xil_defaultlib.udp_echo_tcp_send_1_Pipeline_VIT...
Compiling module xil_defaultlib.udp_echo_tcp_send_1_Pipeline_VIT...
Compiling module xil_defaultlib.udp_echo_tcp_send_1_Pipeline_VIT...
Compiling module xil_defaultlib.udp_echo_tcp_send_1
Compiling module xil_defaultlib.udp_echo_tcp_active_tick_Pipelin...
Compiling module xil_defaultlib.udp_echo_tcp_active_tick_Pipelin...
Compiling module xil_defaultlib.udp_echo_tcp_active_tick
Compiling module xil_defaultlib.udp_echo_stats_event
Compiling module xil_defaultlib.udp_echo_stats_report_bool_strea...
Compiling module xil_defaultlib.udp_echo_stats_report_Pipeline_V...
Compiling module xil_defaultlib.udp_echo_stats_report_bool_strea...
Compiling module xil_defaultlib.udp_echo_mul_32ns_34ns_65_1_1(NU...
Compiling module xil_defaultlib.udp_echo_urem_32ns_5ns_4_36_1_di...
Compiling module xil_defaultlib.udp_echo_urem_32ns_5ns_4_36_1(NU...
Compiling module xil_defaultlib.udp_echo_stats_report_bool_strea...
Compiling module xil_defaultlib.udp_echo_stats_report_bool_strea...
Compiling module xil_defaultlib.udp_echo_stats_report_bool_strea...
Compiling module xil_defaultlib.udp_echo_arp_dump_Pipeline_VITIS...
Compiling module xil_defaultlib.udp_echo_arp_dump_stream_gmii_by...
Compiling module xil_defaultlib.udp_echo_mul_8ns_10ns_17_1_1(NUM...
Compiling module xil_defaultlib.udp_echo_urem_8ns_8ns_7_12_1_div...
Compiling module xil_defaultlib.udp_echo_urem_8ns_8ns_7_12_1(NUM...
Compiling module xil_defaultlib.udp_echo_urem_7ns_5ns_7_11_1_div...
Compiling module xil_defaultlib.udp_echo_urem_7ns_5ns_7_11_1(NUM...
Compiling module xil_defaultlib.udp_echo_mul_7ns_9ns_15_1_1(NUM_...
Compiling module xil_defaultlib.udp_echo_arp_dump_Pipeline_VITIS...
Compiling module xil_defaultlib.udp_echo_arp_dump
Compiling module xil_defaultlib.udp_echo_stats_report
Compiling module xil_defaultlib.udp_echo_fifo_w32_d512_A_ram(DEP...
Compiling module xil_defaultlib.udp_echo_fifo_w32_d512_A_default
Compiling module xil_defaultlib.udp_echo_regslice_both(DataWidth...
Compiling module xil_defaultlib.udp_echo_regslice_both(DataWidth...
Compiling module xil_defaultlib.udp_echo
Compiling module xil_defaultlib.slow_tx_adp
Compiling module xil_defaultlib.app_udp_pattern
Compiling module xil_defaultlib.udp_tx_cfg
Compiling module xil_defaultlib.udp_tx_frame
Compiling module xil_defaultlib.tx_arb
Compiling module xil_defaultlib.fifo_async(WIDTH=73,DEPTH=256,AW...
Compiling module xil_defaultlib.fifo_sync(W=73,D=16,AW=4)
Compiling module xil_defaultlib.mac_tx_64
Compiling module xil_defaultlib.dbg_line_tx
Compiling module xil_defaultlib.wrapper_p4
Compiling module xil_defaultlib.glbl
Built simulation snapshot wrap_dp156
