### J6META_BEGIN 2026-10-07T13:25:37Z
STC_META_TAG=RXH STC_META_CONNS=30 STC_META_SECS=25 STC_META_RCVBUF=8388608
STC_META_SINK=./p7b_tcp_sink STC_META_SINK_EXTRA='' STC_META_PCAP_ON=1 STC_META_BID_EXPECT=0x0000000D
STC_META_SCRIPT=/tmp/p7b_biz/stc_dl.sh STC_META_SCRIPT_MD5=f50e5f82df7dda62f542108ab5a42f84
STC_META_SINK_MD5=7bc7f6536adb6c285536e9905c3b2ca6
STC_META_PACE=N/A(board_is_sender) STC_META_BOARD_BID_PRE=0x0000000d
STC_META_WRAP_RULE=all_board_cnt_32bit; delta_mod_2^32_with_k_recorded; W51_wrap@9.4Gbps=3.65s; W5_limit_27.487s
### PHASE route_carrier 1791379537.036189829
192.168.100.2 dev enp1s0f1np1 src 192.168.100.100 uid 0 
    cache 
CARRIER=1
### PHASE geom_gate 1791379537.039219441
ID_MAGIC 0x50360001   (want 0x50360001)
ID_BID   0x0000000d   (want 0x0000000D = 本构建的 BUILD_ID)
ID_MARKER 0xdeadbeef  (want 0xdeadbeef)
ID_UNIMPL 0xffffffff  (want 0xffffffff: 未实现地址必须走 SLVERR)
ID_OK 1791379537.058471488
STC_GEOM_OK NW=63 BID=0x0000000d
### PHASE nic_pre 1791379537.059462444
     port_tx_bytes: 182816576668
     port_tx_packets: 128360220
     port_rx_good_bytes: 1857481032103
     port_rx_packets: 1336224266
     port_rx_bad: 4
     port_rx_nodesc_drops: 25235291
     rx_eth_crc_err: 5
TcpInSegs                       123927992          0.0
TcpOutSegs                      124557650          0.0
TcpRetransSegs                  15979              0.0
TcpExtTCPLossUndo               5                  0.0
TcpExtTCPFastRetrans            3375               0.0
TcpExtTCPRcvCollapsed           0                  0.0
TcpExtTCPOFOQueue               42357              0.0
TcpExtTCPACKSkippedPAWS         0                  0.0
TcpExtTCPACKSkippedSeq          1191               0.0
### PHASE pre_snapshot 1791379537.063156629
SNAP_BEGIN RXH_pre gen=1
W0   0x20   rx_stat_frames         0x00000000
W1   0x24   rx_stat_bytes          0x00000000
W2   0x28   wl_last_lastframelen   0x00000000
W3   0x2C   rx_stat_crc_err        0x00000000
W4   0x30   rx_stat_drop           0x00000000
W5   0x34   gmii_free_FE           0x9562f145
W6   0x38   srx_stat_commit        0x00000000
W7   0x3C   stx_stat_frames        0x00000000
W8   0x40   udpapp_tx_frames       0x00000000
W9   0x44   udpapp_tx_bytes        0x00000000
W10  0x48   udpapp_rx_frames       0x00000000
W11  0x4C   udpapp_rx_bytes        0x00000000
W12  0x50   udpapp_rx_null         0x00000000
W13  0x54   udpapp_mismatch        0x00000000
W14  0x58   tx_stat_frames_TCP     0x00000000
W15  0x5C   tx_stat_bytes_TCP      0x00000000
W16  0x60   srx_hls_bytes          0x00000000
W17  0x64   hr_cnt_hlsreset        0x00000000
W18  0x68   stx_stat_purge         0x00000000
W19  0x6C   srx_stat_drop          0x00000000
W20  0x70   mac_tx_frames          0x00000000
W21  0x74   tx_stat_abort          0x00000000
W22  0x78   rx_stat_pass_TCP       0x00000000
W23  0x7C   rx_stat_nonmatch_TCP   0x00000000
W24  0x80   dp_free_DP             0x957cc512
W25  0x84   mmcm_locked            0x00000001
W26  0x88   rxcdc_full_cycles      0x00000003
W27  0x8C   rxcdc_occ_max          0x00000000
W28  0x90   txcdc_occ_max          0x00000000
W29  0x94   txwire_stall_cycles    0x00000000
W30  0x98   rxcdc_out_frames       0x00000000
W31  0x9C   rxcdc_out_bytes        0x00000000
W32  0xA0   rx_stat_drop_partial   0x00000000
W33  0xA4   rx_stat_orphan_bytes   0x00000000
W34  0xA8   rx_stat_drop_full      0x00000000
W35  0xAC   rx_stat_fifo_ovf       0x00000000
W36  0xB0   mrx_stat_rx_words      0x9562ea7e
W37  0xB4   mrx_stat_rx_pay_bytes  0x00000000
W38  0xB8   rxcdc_ovf_cnt          0x00000000
W39  0xBC   pcs_status_bundle      0x2000100c
W40  0xC0   pcs_evt_bundle         0x000000ff
W41  0xC4   mtx_stat_flush_words   0x00000000
W42  0xC8   mtx_stat_flush_done    0x00000000
W43  0xCC   mtx_stat_tx_words      0x9563922a
W44  0xD0   mtx_stat_tx_ctrl_char  0xab1c9150
W45  0xD4   txcdc_ovf_cnt          0x00000000
W46  0xD8   cls_dbg_stat_ovf       0x00000000
W47  0xDC   cls_dbg_stat_route_ovf 0x00000000
W48  0xE0   cls_dbg_stat_stall_in  0x00000000
W49  0xE4   cls_dbg_occ            0x00000000
W50  0xE8   tx_clk_act             0x951618d3
W51  0xEC   app_tx_bytes           0x00000000
W52  0xF0   app_tx_frames          0x00000000
W53  0xF4   app_rx_bytes           0x00000000
W54  0xF8   app_mismatch           0x00000000
W55  0xFC   tx_stat_retx           0x00000000
W56  0x100  udpapp_tx_ovf          0x00000000
W57  0x104  tx_retx_hi             0x00000000
W58  0x108  tx_retx_active         0x00000000
W59  0x10C  stx_stat_fifo_ovf      0x00000000
W60  0x110  srx_stat_fifo_ovf      0x00000000
W61  0x114  app_ctrl_stat_wu       0x00000000
W62  0x118  app_ctrl_rx_occ_bytes  0x00000000
SNAP_END RXH_pre nff=0
### PHASE t0_snapshot 1791379538.302639884
SNAP_BEGIN RXH_t0 gen=2
W5   0x34   gmii_free_FE           0xa0f01867
W51  0xEC   app_tx_bytes           0x00000000
W52  0xF0   app_tx_frames          0x00000000
W15  0x5C   tx_stat_bytes_TCP      0x00000000
W14  0x58   tx_stat_frames_TCP     0x00000000
W20  0x70   mac_tx_frames          0x00000000
W43  0xCC   mtx_stat_tx_words      0xa0f0b33d
W55  0xFC   tx_stat_retx           0x00000000
W57  0x104  tx_retx_hi             0x00000000
W58  0x108  tx_retx_active         0x00000000
W54  0xF8   app_mismatch           0x00000000
W61  0x114  app_ctrl_stat_wu       0x00000000
W62  0x118  app_ctrl_rx_occ_bytes  0x00000000
W56  0x100  udpapp_tx_ovf          0x00000000
W59  0x10C  stx_stat_fifo_ovf      0x00000000
W60  0x110  srx_stat_fifo_ovf      0x00000000
W0   0x20   rx_stat_frames         0x00000000
W22  0x78   rx_stat_pass_TCP       0x00000000
SNAP_END RXH_t0 nff=0
### PHASE sink_start 1791379538.378616235
SINK_RC=1 1791379552.414444093
### PHASE t1_snapshot 1791379552.415372665
SNAP_BEGIN RXH_t1 gen=3
W5   0x34   gmii_free_FE           0x245e7ac1
W51  0xEC   app_tx_bytes           0x01e00000
W52  0xF0   app_tx_frames          0x00005442
W15  0x5C   tx_stat_bytes_TCP      0x02160060
W14  0x58   tx_stat_frames_TCP     0x00005dd8
W20  0x70   mac_tx_frames          0x00005e17
W43  0xCC   mtx_stat_tx_words      0x245ecf1c
W55  0xFC   tx_stat_retx           0x000004bc
W57  0x104  tx_retx_hi             0x12368b15
W58  0x108  tx_retx_active         0x00000000
W54  0xF8   app_mismatch           0x00000000
W61  0x114  app_ctrl_stat_wu       0x00000000
W62  0x118  app_ctrl_rx_occ_bytes  0x00000000
W56  0x100  udpapp_tx_ovf          0x00000000
W59  0x10C  stx_stat_fifo_ovf      0x00000000
W60  0x110  srx_stat_fifo_ovf      0x00000000
W0   0x20   rx_stat_frames         0x0000328e
W22  0x78   rx_stat_pass_TCP       0x000031af
SNAP_END RXH_t1 nff=0
### PHASE post_snapshot 1791379553.492673901
SNAP_BEGIN RXH_post gen=4
W0   0x20   rx_stat_frames         0x00003299
W1   0x24   rx_stat_bytes          0x000ca7e4
W2   0x28   wl_last_lastframelen   0x00000040
W3   0x2C   rx_stat_crc_err        0x00000000
W4   0x30   rx_stat_drop           0x00000000
W5   0x34   gmii_free_FE           0x2e69d2d6
W6   0x38   srx_stat_commit        0x000000cd
W7   0x3C   stx_stat_frames        0x0000003f
W8   0x40   udpapp_tx_frames       0x00000000
W9   0x44   udpapp_tx_bytes        0x00000000
W10  0x48   udpapp_rx_frames       0x00000000
W11  0x4C   udpapp_rx_bytes        0x00000000
W12  0x50   udpapp_rx_null         0x00000000
W13  0x54   udpapp_mismatch        0x00000000
W14  0x58   tx_stat_frames_TCP     0x00005dd8
W15  0x5C   tx_stat_bytes_TCP      0x02160060
W16  0x60   srx_hls_bytes          0x00003818
W17  0x64   hr_cnt_hlsreset        0x00000000
W18  0x68   stx_stat_purge         0x00000000
W19  0x6C   srx_stat_drop          0x00000000
W20  0x70   mac_tx_frames          0x00005e17
W21  0x74   tx_stat_abort          0x00000000
W22  0x78   rx_stat_pass_TCP       0x000031af
W23  0x7C   rx_stat_nonmatch_TCP   0x0000001d
W24  0x80   dp_free_DP             0x2e838c7c
W25  0x84   mmcm_locked            0x00000001
W26  0x88   rxcdc_full_cycles      0x00000003
W27  0x8C   rxcdc_occ_max          0x00000006
W28  0x90   txcdc_occ_max          0x00000006
W29  0x94   txwire_stall_cycles    0x00000000
W30  0x98   rxcdc_out_frames       0x00003299
W31  0x9C   rxcdc_out_bytes        0x000bdd80
W32  0xA0   rx_stat_drop_partial   0x00000000
W33  0xA4   rx_stat_orphan_bytes   0x00000000
W34  0xA8   rx_stat_drop_full      0x00000000
W35  0xAC   rx_stat_fifo_ovf       0x00000000
W36  0xB0   mrx_stat_rx_words      0x2e69cc0f
W37  0xB4   mrx_stat_rx_pay_bytes  0x000bdd80
W38  0xB8   rxcdc_ovf_cnt          0x00000000
W39  0xBC   pcs_status_bundle      0x2000100c
W40  0xC0   pcs_evt_bundle         0x000000ff
W41  0xC4   mtx_stat_flush_words   0x00000000
W42  0xC8   mtx_stat_flush_done    0x00000000
W43  0xCC   mtx_stat_tx_words      0x2e6a21b4
W44  0xD0   mtx_stat_tx_ctrl_char  0x712323ed
W45  0xD4   txcdc_ovf_cnt          0x00000000
W46  0xD8   cls_dbg_stat_ovf       0x00000000
W47  0xDC   cls_dbg_stat_route_ovf 0x00000000
W48  0xE0   cls_dbg_stat_stall_in  0x00000000
W49  0xE4   cls_dbg_occ            0x00000000
W50  0xE8   tx_clk_act             0x2dcd74a8
W51  0xEC   app_tx_bytes           0x01e00000
W52  0xF0   app_tx_frames          0x00005442
W53  0xF4   app_rx_bytes           0x00000000
W54  0xF8   app_mismatch           0x00000000
W55  0xFC   tx_stat_retx           0x000004bc
W56  0x100  udpapp_tx_ovf          0x00000000
W57  0x104  tx_retx_hi             0x12368b15
W58  0x108  tx_retx_active         0x00000000
W59  0x10C  stx_stat_fifo_ovf      0x00000000
W60  0x110  srx_stat_fifo_ovf      0x00000000
W61  0x114  app_ctrl_stat_wu       0x00000000
W62  0x118  app_ctrl_rx_occ_bytes  0x00000000
SNAP_END RXH_post nff=0
### PHASE nic_post 1791379553.729210345
     port_tx_bytes: 182817406144
     port_tx_packets: 128373174
     port_rx_good_bytes: 1857517426873
     port_rx_packets: 1336248353
     port_rx_bad: 4
     port_rx_nodesc_drops: 25235291
     rx_eth_crc_err: 5
TcpInSegs                       123952179          0.0
TcpOutSegs                      124570663          0.0
TcpRetransSegs                  16125              0.0
TcpExtTCPLossUndo               5                  0.0
TcpExtTCPFastRetrans            3376               0.0
TcpExtTCPRcvCollapsed           0                  0.0
TcpExtTCPOFOQueue               44488              0.0
TcpExtTCPACKSkippedPAWS         0                  0.0
TcpExtTCPACKSkippedSeq          1191               0.0
### PHASE idle_snap 1791379553.733048614
SNAP_BEGIN RXH_idle gen=5
W5   0x34   gmii_free_FE           0x434bc420
W51  0xEC   app_tx_bytes           0x01e00000
W52  0xF0   app_tx_frames          0x00005442
W15  0x5C   tx_stat_bytes_TCP      0x02160060
W14  0x58   tx_stat_frames_TCP     0x00005dd8
W20  0x70   mac_tx_frames          0x00005e18
W43  0xCC   mtx_stat_tx_words      0x434c0788
W55  0xFC   tx_stat_retx           0x000004bc
W57  0x104  tx_retx_hi             0x12368b15
W58  0x108  tx_retx_active         0x00000000
W54  0xF8   app_mismatch           0x00000000
W61  0x114  app_ctrl_stat_wu       0x00000000
W62  0x118  app_ctrl_rx_occ_bytes  0x00000000
W56  0x100  udpapp_tx_ovf          0x00000000
W59  0x10C  stx_stat_fifo_ovf      0x00000000
W60  0x110  srx_stat_fifo_ovf      0x00000000
W0   0x20   rx_stat_frames         0x000032a7
W22  0x78   rx_stat_pass_TCP       0x000031af
SNAP_END RXH_idle nff=0
### SINK tail:
SINK_CONN 26 OK bytes=1048576 first_mismatch=-1 mism_bytes=0 conn_ms=0.115 dur_ms=304.576 Mbps=27.542 reads=11
SINK_CONN 27 OK bytes=1048576 first_mismatch=-1 mism_bytes=0 conn_ms=0.327 dur_ms=309.207 Mbps=27.129 reads=9
SINK_CONN 28 OK bytes=1048576 first_mismatch=8760 mism_bytes=1944 conn_ms=0.277 dur_ms=2905.959 Mbps=2.887 reads=60
SINK_CONN 29 OK bytes=1048576 first_mismatch=8760 mism_bytes=5982 conn_ms=0.614 dur_ms=104.259 Mbps=80.459 reads=4
SINK_SUM conns=30 fail_conns=0 bytes=31457280 clean_conns=17 bad_conns=13 mismatch_bytes=62270 wall_s=14.031 net_s=14.031 agg_Mbps=17.936
SINK_DONE
### SINK_SUM:
SINK_SUM conns=30 fail_conns=0 bytes=31457280 clean_conns=17 bad_conns=13 mismatch_bytes=62270 wall_s=14.031 net_s=14.031 agg_Mbps=17.936
### SINK head:
SINK_CONN 0 OK bytes=1048576 first_mismatch=-1 mism_bytes=0 conn_ms=0.223 dur_ms=302.618 Mbps=27.720 reads=11
SINK_CONN 1 OK bytes=1048576 first_mismatch=5840 mism_bytes=7439 conn_ms=0.459 dur_ms=504.085 Mbps=16.641 reads=8
SINK_CONN 2 OK bytes=1048576 first_mismatch=-1 mism_bytes=0 conn_ms=0.135 dur_ms=102.462 Mbps=81.870 reads=12
### CPU samples (last 24):
SYS_T 1791379549.406266963 cpu  328965 15848 216024 64861486 61684 0 124488 0 0 0
PS_T  1791379549.409710097  2.7 htop| 0.9 p7b_tcp_sink| 0.5 java| 0.3 bash| 0.2 ksoftirqd/2| 0.1 gnome-shell|
SYS_T 1791379549.676652114 cpu  328966 15848 216027 64861697 61684 0 124488 0 0 0
PS_T  1791379549.678923221  2.7 htop| 0.8 p7b_tcp_sink| 0.5 java| 0.3 bash| 0.2 ksoftirqd/2| 0.1 gnome-shell|
SYS_T 1791379549.944787096 cpu  328967 15848 216030 64861909 61684 0 124488 0 0 0
PS_T  1791379549.947378028  2.7 htop| 0.9 p7b_tcp_sink| 0.5 java| 0.3 bash| 0.2 ksoftirqd/2| 0.1 gnome-shell|
SYS_T 1791379550.214768542 cpu  328967 15848 216033 64862120 61684 0 124488 0 0 0
PS_T  1791379550.217049941  2.7 htop| 0.9 p7b_tcp_sink| 0.5 java| 0.3 bash| 0.2 ksoftirqd/2| 0.1 gnome-shell|
SYS_T 1791379550.484198028 cpu  328968 15848 216035 64862332 61684 0 124489 0 0 0
PS_T  1791379550.486479691  2.7 htop| 0.9 p7b_tcp_sink| 0.5 java| 0.3 bash| 0.2 ksoftirqd/2| 0.1 gnome-shell|
SYS_T 1791379550.752584853 cpu  328969 15848 216037 64862542 61684 0 124489 0 0 0
PS_T  1791379550.754903390  2.7 htop| 0.8 p7b_tcp_sink| 0.5 java| 0.3 bash| 0.2 ksoftirqd/2| 0.1 gnome-shell|
SYS_T 1791379551.023003684 cpu  328971 15848 216041 64862753 61684 0 124489 0 0 0
PS_T  1791379551.025744826  2.7 htop| 0.8 p7b_tcp_sink| 0.5 java| 0.3 bash| 0.2 ksoftirqd/2| 0.1 gnome-shell|
SYS_T 1791379551.293274242 cpu  328972 15848 216044 64862964 61684 0 124489 0 0 0
PS_T  1791379551.295886900  2.7 htop| 0.8 p7b_tcp_sink| 0.5 java| 0.3 bash| 0.2 ksoftirqd/2| 0.1 gnome-shell|
SYS_T 1791379551.563228410 cpu  328973 15848 216046 64863177 61684 0 124489 0 0 0
PS_T  1791379551.565845164  2.7 htop| 0.8 p7b_tcp_sink| 0.5 java| 0.3 bash| 0.2 ksoftirqd/2| 0.1 gnome-shell|
SYS_T 1791379551.833174005 cpu  328974 15848 216049 64863388 61684 0 124489 0 0 0
PS_T  1791379551.835838831  2.7 htop| 0.8 p7b_tcp_sink| 0.5 java| 0.3 bash| 0.2 ksoftirqd/2| 0.1 gnome-shell|
SYS_T 1791379552.103243671 cpu  328974 15848 216051 64863601 61684 0 124489 0 0 0
PS_T  1791379552.105517695  2.7 htop| 0.8 p7b_tcp_sink| 0.5 java| 0.3 bash| 0.2 ksoftirqd/2| 0.1 gnome-shell|
SYS_T 1791379552.372534377 cpu  328976 15848 216056 64863808 61684 0 124489 0 0 0
PS_T  1791379552.375291698  2.7 htop| 0.7 p7b_tcp_sink| 0.5 java| 0.3 bash| 0.2 ksoftirqd/2| 0.1 gnome-shell|
### SS samples (last 6):
SS_T 1791379549.636311109 State    Recv-Q Send-Q   Local Address:Port   Peer Address:PortProcess                                                                                                                                                                    
SS_T 1791379550.151898609 State    Recv-Q Send-Q   Local Address:Port   Peer Address:PortProcess                                                                                                                                                                    
SS_T 1791379550.667470301 State    Recv-Q Send-Q   Local Address:Port   Peer Address:PortProcess                                                                                                                                                                    
SS_T 1791379551.183187232 State    Recv-Q Send-Q   Local Address:Port   Peer Address:PortProcess                                                                                                                                                                    
SS_T 1791379551.699368000 State    Recv-Q Send-Q   Local Address:Port   Peer Address:PortProcess                                                                                                                                                                    
SS_T 1791379552.214506691 State    Recv-Q Send-Q   Local Address:Port   Peer Address:PortProcess                                                                                                                                                                    
### PCAP: -rw-r--r-- 1 tcpdump tcpdump 3570642 Oct  7 21:25 /tmp/RXH.pcap
36717 packets captured
37028 packets received by filter
0 packets dropped by kernel
STC_META_BOARD_BID_END=0x0000000d
STC_DL_DONE 1791379555.817871329
