### J6META_BEGIN 2026-10-07T16:08:57Z
STC_META_TAG=RXP STC_META_CONNS=30 STC_META_SECS=25 STC_META_RCVBUF=8388608
STC_META_SINK=./p7b_tcp_sink STC_META_SINK_EXTRA='' STC_META_PCAP_ON=1 STC_META_BID_EXPECT=0x00000009
STC_META_SCRIPT=/tmp/p7b_biz/stc_dl.sh STC_META_SCRIPT_MD5=f50e5f82df7dda62f542108ab5a42f84
STC_META_SINK_MD5=7bc7f6536adb6c285536e9905c3b2ca6
STC_META_PACE=N/A(board_is_sender) STC_META_BOARD_BID_PRE=0x00000009
STC_META_WRAP_RULE=all_board_cnt_32bit; delta_mod_2^32_with_k_recorded; W51_wrap@9.4Gbps=3.65s; W5_limit_27.487s
### PHASE route_carrier 1791389337.900175929
192.168.100.2 dev enp1s0f1np1 src 192.168.100.100 uid 0 
    cache 
CARRIER=1
### PHASE geom_gate 1791389337.903212083
ID_MAGIC 0x50360001   (want 0x50360001)
ID_BID   0x00000009   (want 0x00000009 = 本构建的 BUILD_ID)
ID_MARKER 0xdeadbeef  (want 0xdeadbeef)
ID_UNIMPL 0xffffffff  (want 0xffffffff: 未实现地址必须走 SLVERR)
ID_OK 1791389337.922563220
STC_GEOM_OK NW=63 BID=0x00000009
### PHASE nic_pre 1791389337.923501905
     port_tx_bytes: 214222558526
     port_tx_packets: 150689714
     port_rx_good_bytes: 1941221368416
     port_rx_packets: 1411155262
     port_rx_bad: 5
     port_rx_nodesc_drops: 25979738
     rx_eth_crc_err: 6
TcpInSegs                       146139599          0.0
TcpOutSegs                      146582750          0.0
TcpRetransSegs                  21423              0.0
TcpExtTCPLossUndo               5                  0.0
TcpExtTCPFastRetrans            3592               0.0
TcpExtTCPRcvCollapsed           0                  0.0
TcpExtTCPOFOQueue               59675              0.0
TcpExtTCPACKSkippedPAWS         0                  0.0
TcpExtTCPACKSkippedSeq          1191               0.0
### PHASE pre_snapshot 1791389337.927299361
SNAP_BEGIN RXP_pre gen=1
W0   0x20   rx_stat_frames         0x00000000
W1   0x24   rx_stat_bytes          0x00000000
W2   0x28   wl_last_lastframelen   0x00000000
W3   0x2C   rx_stat_crc_err        0x00000000
W4   0x30   rx_stat_drop           0x00000000
W5   0x34   gmii_free_FE           0x5a57de88
W6   0x38   srx_stat_commit        0x00000000
W7   0x3C   stx_stat_frames        0x00000000
W8   0x40   udpapp_tx_frames       0x00000000
W9   0x44   udpapp_tx_bytes        0x00000000
W10  0x48   udpapp_rx_frames       0x00000000
W11  0x4C   udpapp_rx_bytes        0x00000000
W12  0x50   udpapp_rx_null         0x00000000
W13  0x54   udpapp_mismatch        0x00000000
W14  0x58   tx_stat_frames_TCP     0x00000000
W15  0x5C   tx_stat_bytes_TCP      0x00000000
W16  0x60   srx_hls_bytes          0x00000000
W17  0x64   hr_cnt_hlsreset        0x00000000
W18  0x68   stx_stat_purge         0x00000000
W19  0x6C   srx_stat_drop          0x00000000
W20  0x70   mac_tx_frames          0x00000000
W21  0x74   tx_stat_abort          0x00000000
W22  0x78   rx_stat_pass_TCP       0x00000000
W23  0x7C   rx_stat_nonmatch_TCP   0x00000000
W24  0x80   dp_free_DP             0x5a71bab7
W25  0x84   mmcm_locked            0x00000001
W26  0x88   rxcdc_full_cycles      0x00000003
W27  0x8C   rxcdc_occ_max          0x00000000
W28  0x90   txcdc_occ_max          0x00000000
W29  0x94   txwire_stall_cycles    0x00000000
W30  0x98   rxcdc_out_frames       0x00000000
W31  0x9C   rxcdc_out_bytes        0x00000000
W32  0xA0   rx_stat_drop_partial   0x00000000
W33  0xA4   rx_stat_orphan_bytes   0x00000000
W34  0xA8   rx_stat_drop_full      0x00000000
W35  0xAC   rx_stat_fifo_ovf       0x00000000
W36  0xB0   mrx_stat_rx_words      0x5a57d7c0
W37  0xB4   mrx_stat_rx_pay_bytes  0x00000000
W38  0xB8   rxcdc_ovf_cnt          0x00000000
W39  0xBC   pcs_status_bundle      0x2000100c
W40  0xC0   pcs_evt_bundle         0x000000ff
W41  0xC4   mtx_stat_flush_words   0x00000000
W42  0xC8   mtx_stat_flush_done    0x00000000
W43  0xCC   mtx_stat_tx_words      0x5a589cdf
W44  0xD0   mtx_stat_tx_ctrl_char  0xd2c4e6f8
W45  0xD4   txcdc_ovf_cnt          0x00000000
W46  0xD8   cls_dbg_stat_ovf       0x00000000
W47  0xDC   cls_dbg_stat_route_ovf 0x00000000
W48  0xE0   cls_dbg_stat_stall_in  0x00000000
W49  0xE4   cls_dbg_occ            0x00000000
W50  0xE8   tx_clk_act             0x5a1b2e4b
W51  0xEC   app_tx_bytes           0x00000000
W52  0xF0   app_tx_frames          0x00000000
W53  0xF4   app_rx_bytes           0x00000000
W54  0xF8   app_mismatch           0x00000000
W55  0xFC   tx_stat_retx           0x00000000
W56  0x100  udpapp_tx_ovf          0x00000000
W57  0x104  tx_retx_hi             0x00000000
W58  0x108  tx_retx_active         0x00000000
W59  0x10C  stx_stat_fifo_ovf      0x00000000
W60  0x110  srx_stat_fifo_ovf      0x00000000
W61  0x114  app_ctrl_stat_wu       0x00000000
W62  0x118  app_ctrl_rx_occ_bytes  0x00000000
SNAP_END RXP_pre nff=0
### PHASE t0_snapshot 1791389339.171777571
SNAP_BEGIN RXP_t0 gen=2
W5   0x34   gmii_free_FE           0x65f33896
W51  0xEC   app_tx_bytes           0x00000000
W52  0xF0   app_tx_frames          0x00000000
W15  0x5C   tx_stat_bytes_TCP      0x00000000
W14  0x58   tx_stat_frames_TCP     0x00000000
W20  0x70   mac_tx_frames          0x00000000
W43  0xCC   mtx_stat_tx_words      0x65f3f0ce
W55  0xFC   tx_stat_retx           0x00000000
W57  0x104  tx_retx_hi             0x00000000
W58  0x108  tx_retx_active         0x00000000
W54  0xF8   app_mismatch           0x00000000
W61  0x114  app_ctrl_stat_wu       0x00000000
W62  0x118  app_ctrl_rx_occ_bytes  0x00000000
W56  0x100  udpapp_tx_ovf          0x00000000
W59  0x10C  stx_stat_fifo_ovf      0x00000000
W60  0x110  srx_stat_fifo_ovf      0x00000000
W0   0x20   rx_stat_frames         0x00000000
W22  0x78   rx_stat_pass_TCP       0x00000000
SNAP_END RXP_t0 nff=0
### PHASE sink_start 1791389339.249387655
SINK_RC=0 1791389339.535831197
### PHASE t1_snapshot 1791389339.536757307
SNAP_BEGIN RXP_t1 gen=3
W5   0x34   gmii_free_FE           0x6956d4e6
W51  0xEC   app_tx_bytes           0x01e00000
W52  0xF0   app_tx_frames          0x00005442
W15  0x5C   tx_stat_bytes_TCP      0x01e56f90
W14  0x58   tx_stat_frames_TCP     0x00005554
W20  0x70   mac_tx_frames          0x00005591
W43  0xCC   mtx_stat_tx_words      0x69578b54
W55  0xFC   tx_stat_retx           0x00000030
W57  0x104  tx_retx_hi             0x123472fd
W58  0x108  tx_retx_active         0x00000000
W54  0xF8   app_mismatch           0x00000000
W61  0x114  app_ctrl_stat_wu       0x00000000
W62  0x118  app_ctrl_rx_occ_bytes  0x00000000
W56  0x100  udpapp_tx_ovf          0x00000000
W59  0x10C  stx_stat_fifo_ovf      0x00000000
W60  0x110  srx_stat_fifo_ovf      0x00000000
W0   0x20   rx_stat_frames         0x00004331
W22  0x78   rx_stat_pass_TCP       0x000042ce
SNAP_END RXP_t1 nff=0
### PHASE post_snapshot 1791389340.616376703
SNAP_BEGIN RXP_post gen=4
W0   0x20   rx_stat_frames         0x00004365
W1   0x24   rx_stat_bytes          0x0010dae4
W2   0x28   wl_last_lastframelen   0x00000040
W3   0x2C   rx_stat_crc_err        0x00000000
W4   0x30   rx_stat_drop           0x00000000
W5   0x34   gmii_free_FE           0x7366427d
W6   0x38   srx_stat_commit        0x00000079
W7   0x3C   stx_stat_frames        0x0000003d
W8   0x40   udpapp_tx_frames       0x00000000
W9   0x44   udpapp_tx_bytes        0x00000000
W10  0x48   udpapp_rx_frames       0x00000000
W11  0x4C   udpapp_rx_bytes        0x00000000
W12  0x50   udpapp_rx_null         0x00000000
W13  0x54   udpapp_mismatch        0x00000000
W14  0x58   tx_stat_frames_TCP     0x00005554
W15  0x5C   tx_stat_bytes_TCP      0x01e56f90
W16  0x60   srx_hls_bytes          0x000021c8
W17  0x64   hr_cnt_hlsreset        0x00000000
W18  0x68   stx_stat_purge         0x00000000
W19  0x6C   srx_stat_drop          0x00000000
W20  0x70   mac_tx_frames          0x00005591
W21  0x74   tx_stat_abort          0x00000000
W22  0x78   rx_stat_pass_TCP       0x000042ce
W23  0x7C   rx_stat_nonmatch_TCP   0x0000001e
W24  0x80   dp_free_DP             0x73801a49
W25  0x84   mmcm_locked            0x00000001
W26  0x88   rxcdc_full_cycles      0x00000003
W27  0x8C   rxcdc_occ_max          0x00000006
W28  0x90   txcdc_occ_max          0x00000006
W29  0x94   txwire_stall_cycles    0x00000000
W30  0x98   rxcdc_out_frames       0x00004365
W31  0x9C   rxcdc_out_bytes        0x000fcd50
W32  0xA0   rx_stat_drop_partial   0x00000000
W33  0xA4   rx_stat_orphan_bytes   0x00000000
W34  0xA8   rx_stat_drop_full      0x00000000
W35  0xAC   rx_stat_fifo_ovf       0x00000000
W36  0xB0   mrx_stat_rx_words      0x73663bb5
W37  0xB4   mrx_stat_rx_pay_bytes  0x000fcd50
W38  0xB8   rxcdc_ovf_cnt          0x00000000
W39  0xBC   pcs_status_bundle      0x2000100c
W40  0xC0   pcs_evt_bundle         0x000000ff
W41  0xC4   mtx_stat_flush_words   0x00000000
W42  0xC8   mtx_stat_flush_done    0x00000000
W43  0xCC   mtx_stat_tx_words      0x7366f396
W44  0xD0   mtx_stat_tx_ctrl_char  0x993c712d
W45  0xD4   txcdc_ovf_cnt          0x00000000
W46  0xD8   cls_dbg_stat_ovf       0x00000000
W47  0xDC   cls_dbg_stat_route_ovf 0x00000000
W48  0xE0   cls_dbg_stat_stall_in  0x00000000
W49  0xE4   cls_dbg_occ            0x00000000
W50  0xE8   tx_clk_act             0x7318864a
W51  0xEC   app_tx_bytes           0x01e00000
W52  0xF0   app_tx_frames          0x00005442
W53  0xF4   app_rx_bytes           0x00000000
W54  0xF8   app_mismatch           0x00000000
W55  0xFC   tx_stat_retx           0x00000030
W56  0x100  udpapp_tx_ovf          0x00000000
W57  0x104  tx_retx_hi             0x123472fd
W58  0x108  tx_retx_active         0x00000000
W59  0x10C  stx_stat_fifo_ovf      0x00000000
W60  0x110  srx_stat_fifo_ovf      0x00000000
W61  0x114  app_ctrl_stat_wu       0x00000000
W62  0x118  app_ctrl_rx_occ_bytes  0x00000000
SNAP_END RXP_post nff=0
### PHASE nic_post 1791389340.855455749
     port_tx_bytes: 214223663138
     port_tx_packets: 150706967
     port_rx_good_bytes: 1941254452972
     port_rx_packets: 1411177167
     port_rx_bad: 5
     port_rx_nodesc_drops: 25979738
     rx_eth_crc_err: 6
TcpInSegs                       146161596          0.0
TcpOutSegs                      146600125          0.0
TcpRetransSegs                  21501              0.0
TcpExtTCPLossUndo               5                  0.0
TcpExtTCPFastRetrans            3592               0.0
TcpExtTCPRcvCollapsed           0                  0.0
TcpExtTCPOFOQueue               59819              0.0
TcpExtTCPACKSkippedPAWS         0                  0.0
TcpExtTCPACKSkippedSeq          1191               0.0
### PHASE idle_snap 1791389340.859322985
SNAP_BEGIN RXP_idle gen=5
W5   0x34   gmii_free_FE           0x884e1e5d
W51  0xEC   app_tx_bytes           0x01e00000
W52  0xF0   app_tx_frames          0x00005442
W15  0x5C   tx_stat_bytes_TCP      0x01e56f90
W14  0x58   tx_stat_frames_TCP     0x00005554
W20  0x70   mac_tx_frames          0x00005591
W43  0xCC   mtx_stat_tx_words      0x884ec452
W55  0xFC   tx_stat_retx           0x00000030
W57  0x104  tx_retx_hi             0x123472fd
W58  0x108  tx_retx_active         0x00000000
W54  0xF8   app_mismatch           0x00000000
W61  0x114  app_ctrl_stat_wu       0x00000000
W62  0x118  app_ctrl_rx_occ_bytes  0x00000000
W56  0x100  udpapp_tx_ovf          0x00000000
W59  0x10C  stx_stat_fifo_ovf      0x00000000
W60  0x110  srx_stat_fifo_ovf      0x00000000
W0   0x20   rx_stat_frames         0x000043a1
W22  0x78   rx_stat_pass_TCP       0x000042ce
SNAP_END RXP_idle nff=0
### SINK tail:
SINK_CONN 26 OK bytes=1048576 first_mismatch=-1 mism_bytes=0 conn_ms=0.073 dur_ms=9.346 Mbps=897.530 reads=162
SINK_CONN 27 OK bytes=1048576 first_mismatch=-1 mism_bytes=0 conn_ms=0.109 dur_ms=9.293 Mbps=902.651 reads=160
SINK_CONN 28 OK bytes=1048576 first_mismatch=-1 mism_bytes=0 conn_ms=0.099 dur_ms=9.323 Mbps=899.749 reads=165
SINK_CONN 29 OK bytes=1048576 first_mismatch=-1 mism_bytes=0 conn_ms=0.104 dur_ms=9.245 Mbps=907.396 reads=710
SINK_SUM conns=30 fail_conns=0 bytes=31457280 clean_conns=30 bad_conns=0 mismatch_bytes=0 wall_s=0.282 net_s=0.282 agg_Mbps=892.500
SINK_DONE
### SINK_SUM:
SINK_SUM conns=30 fail_conns=0 bytes=31457280 clean_conns=30 bad_conns=0 mismatch_bytes=0 wall_s=0.282 net_s=0.282 agg_Mbps=892.500
### SINK head:
SINK_CONN 0 OK bytes=1048576 first_mismatch=-1 mism_bytes=0 conn_ms=0.203 dur_ms=9.340 Mbps=898.148 reads=152
SINK_CONN 1 OK bytes=1048576 first_mismatch=-1 mism_bytes=0 conn_ms=0.096 dur_ms=9.263 Mbps=905.591 reads=706
SINK_CONN 2 OK bytes=1048576 first_mismatch=-1 mism_bytes=0 conn_ms=0.095 dur_ms=9.246 Mbps=907.252 reads=701
### CPU samples (last 24):
SYS_T 1791389339.250674590 cpu  352039 15851 241305 72625478 61935 0 131059 0 0 0
PS_T  1791389339.252680563  2.7 htop| 0.6 sshd| 0.5 java| 0.2 ksoftirqd/2| 0.1 gnome-shell| 0.1 hw_server|
SYS_T 1791389339.516458256 cpu  352045 15851 241309 72625672 61935 0 131063 0 0 0
PS_T  1791389339.518295647 33.3 p7b_tcp_sink| 2.7 htop| 0.5 java| 0.5 sshd| 0.2 ksoftirqd/2| 0.1 gnome-shell|
### SS samples (last 6):
SS_T 1791389338.171088204 State Recv-Q Send-Q Local Address:Port Peer Address:PortProcess|
SS_T 1791389338.682483139 State Recv-Q Send-Q Local Address:Port Peer Address:PortProcess|
SS_T 1791389339.197051186 State Recv-Q Send-Q Local Address:Port Peer Address:PortProcess|
### PCAP: -rw-r--r-- 1 tcpdump tcpdump 3534430 Oct  8 00:08 /tmp/RXP.pcap
37783 packets captured
39112 packets received by filter
0 packets dropped by kernel
STC_META_BOARD_BID_END=0x00000009
STC_DL_DONE 1791389342.944229535
