### J6META_BEGIN 2026-10-07T18:33:35Z
STC_META_TAG=RYX STC_META_CONNS=30 STC_META_SECS=25 STC_META_RCVBUF=8388608
STC_META_SINK=./p7b_tcp_sink STC_META_SINK_EXTRA='' STC_META_PCAP_ON=1 STC_META_BID_EXPECT=0x00000011
STC_META_SCRIPT=/tmp/p7b_biz/stc_dl.sh STC_META_SCRIPT_MD5=f50e5f82df7dda62f542108ab5a42f84
STC_META_SINK_MD5=7bc7f6536adb6c285536e9905c3b2ca6
STC_META_PACE=N/A(board_is_sender) STC_META_BOARD_BID_PRE=0x00000011
STC_META_WRAP_RULE=all_board_cnt_32bit; delta_mod_2^32_with_k_recorded; W51_wrap@9.4Gbps=3.65s; W5_limit_27.487s
### PHASE route_carrier 1791398015.557082146
192.168.100.2 dev enp1s0f1np1 src 192.168.100.100 uid 0 
    cache 
CARRIER=1
### PHASE geom_gate 1791398015.560075633
ID_MAGIC 0x50360001   (want 0x50360001)
ID_BID   0x00000011   (want 0x00000011 = 本构建的 BUILD_ID)
ID_MARKER 0xdeadbeef  (want 0xdeadbeef)
ID_UNIMPL 0xffffffff  (want 0xffffffff: 未实现地址必须走 SLVERR)
ID_OK 1791398015.579269344
STC_GEOM_OK NW=63 BID=0x00000011
### PHASE nic_pre 1791398015.580297375
     port_tx_bytes: 214230388257
     port_tx_packets: 150811992
     port_rx_good_bytes: 1941489203404
     port_rx_packets: 1411332696
     port_rx_bad: 5
     port_rx_nodesc_drops: 25979738
     rx_eth_crc_err: 6
TcpInSegs                       146336208          0.0
TcpOutSegs                      146744811          0.0
TcpRetransSegs                  23483              0.0
TcpExtTCPLossUndo               7                  0.0
TcpExtTCPFastRetrans            3631               0.0
TcpExtTCPRcvCollapsed           0                  0.0
TcpExtTCPOFOQueue               62479              0.0
TcpExtTCPACKSkippedPAWS         0                  0.0
TcpExtTCPACKSkippedSeq          1191               0.0
### PHASE pre_snapshot 1791398015.584063955
SNAP_BEGIN RYX_pre gen=11
W0   0x20   rx_stat_frames         0x000089e4
W1   0x24   rx_stat_bytes          0x00227c48
W2   0x28   wl_last_lastframelen   0x00000040
W3   0x2C   rx_stat_crc_err        0x00000000
W4   0x30   rx_stat_drop           0x00000000
W5   0x34   gmii_free_FE           0x051fdf54
W6   0x38   srx_stat_commit        0x000001a5
W7   0x3C   stx_stat_frames        0x0000007b
W8   0x40   udpapp_tx_frames       0x00000000
W9   0x44   udpapp_tx_bytes        0x00000000
W10  0x48   udpapp_rx_frames       0x00000000
W11  0x4C   udpapp_rx_bytes        0x00000000
W12  0x50   udpapp_rx_null         0x00000000
W13  0x54   udpapp_mismatch        0x00000000
W14  0x58   tx_stat_frames_TCP     0x0000a8c0
W15  0x5C   tx_stat_bytes_TCP      0x03c00000
W16  0x60   srx_hls_bytes          0x0000731c
W17  0x64   hr_cnt_hlsreset        0x00000000
W18  0x68   stx_stat_purge         0x00000000
W19  0x6C   srx_stat_drop          0x00000000
W20  0x70   mac_tx_frames          0x0000a93b
W21  0x74   tx_stat_abort          0x00000000
W22  0x78   rx_stat_pass_TCP       0x00008803
W23  0x7C   rx_stat_nonmatch_TCP   0x0000003c
W24  0x80   dp_free_DP             0x05399eb1
W25  0x84   mmcm_locked            0x00000001
W26  0x88   rxcdc_full_cycles      0x00000003
W27  0x8C   rxcdc_occ_max          0x00000006
W28  0x90   txcdc_occ_max          0x00000006
W29  0x94   txwire_stall_cycles    0x00000000
W30  0x98   rxcdc_out_frames       0x000089e4
W31  0x9C   rxcdc_out_bytes        0x002054b8
W32  0xA0   rx_stat_drop_partial   0x00000000
W33  0xA4   rx_stat_orphan_bytes   0x00000000
W34  0xA8   rx_stat_drop_full      0x00000000
W35  0xAC   rx_stat_fifo_ovf       0x00000000
W36  0xB0   mrx_stat_rx_words      0x051fd88a
W37  0xB4   mrx_stat_rx_pay_bytes  0x002054b8
W38  0xB8   rxcdc_ovf_cnt          0x00000000
W39  0xBC   pcs_status_bundle      0x2000100c
W40  0xC0   pcs_evt_bundle         0x000000ff
W41  0xC4   mtx_stat_flush_words   0x00000000
W42  0xC8   mtx_stat_flush_done    0x00000000
W43  0xCC   mtx_stat_tx_words      0x05204355
W44  0xD0   mtx_stat_tx_ctrl_char  0x25171c2f
W45  0xD4   txcdc_ovf_cnt          0x00000000
W46  0xD8   cls_dbg_stat_ovf       0x00000000
W47  0xDC   cls_dbg_stat_route_ovf 0x00000000
W48  0xE0   cls_dbg_stat_stall_in  0x00000000
W49  0xE4   cls_dbg_occ            0x00000000
W50  0xE8   tx_clk_act             0x04a0538a
W51  0xEC   app_tx_bytes           0x03c00000
W52  0xF0   app_tx_frames          0x0000a884
W53  0xF4   app_rx_bytes           0x00000000
W54  0xF8   app_mismatch           0x00000000
W55  0xFC   tx_stat_retx           0x00000000
W56  0x100  udpapp_tx_ovf          0x00000000
W57  0x104  tx_retx_hi             0x00000000
W58  0x108  tx_retx_active         0x00000000
W59  0x10C  stx_stat_fifo_ovf      0x00000000
W60  0x110  srx_stat_fifo_ovf      0x00000000
W61  0x114  app_ctrl_stat_wu       0x00000000
W62  0x118  app_ctrl_rx_occ_bytes  0x00000000
SNAP_END RYX_pre nff=0
### PHASE t0_snapshot 1791398016.825322165
SNAP_BEGIN RYX_t0 gen=12
W5   0x34   gmii_free_FE           0x10b05a40
W51  0xEC   app_tx_bytes           0x03c00000
W52  0xF0   app_tx_frames          0x0000a884
W15  0x5C   tx_stat_bytes_TCP      0x03c00000
W14  0x58   tx_stat_frames_TCP     0x0000a8c0
W20  0x70   mac_tx_frames          0x0000a93b
W43  0xCC   mtx_stat_tx_words      0x10b0b7ea
W55  0xFC   tx_stat_retx           0x00000000
W57  0x104  tx_retx_hi             0x00000000
W58  0x108  tx_retx_active         0x00000000
W54  0xF8   app_mismatch           0x00000000
W61  0x114  app_ctrl_stat_wu       0x00000000
W62  0x118  app_ctrl_rx_occ_bytes  0x00000000
W56  0x100  udpapp_tx_ovf          0x00000000
W59  0x10C  stx_stat_fifo_ovf      0x00000000
W60  0x110  srx_stat_fifo_ovf      0x00000000
W0   0x20   rx_stat_frames         0x000089e4
W22  0x78   rx_stat_pass_TCP       0x00008803
SNAP_END RYX_t0 nff=0
### PHASE sink_start 1791398016.901530769
SINK_RC=0 1791398016.974144077
### PHASE t1_snapshot 1791398016.975071671
SNAP_BEGIN RYX_t1 gen=13
W5   0x34   gmii_free_FE           0x1214e1c5
W51  0xEC   app_tx_bytes           0x05a00000
W52  0xF0   app_tx_frames          0x0000fcc6
W15  0x5C   tx_stat_bytes_TCP      0x05a00000
W14  0x58   tx_stat_frames_TCP     0x0000fd20
W20  0x70   mac_tx_frames          0x0000fdd7
W43  0xCC   mtx_stat_tx_words      0x12153eac
W55  0xFC   tx_stat_retx           0x00000000
W57  0x104  tx_retx_hi             0x00000000
W58  0x108  tx_retx_active         0x00000000
W54  0xF8   app_mismatch           0x00000000
W61  0x114  app_ctrl_stat_wu       0x00000000
W62  0x118  app_ctrl_rx_occ_bytes  0x00000000
W56  0x100  udpapp_tx_ovf          0x00000000
W59  0x10C  stx_stat_fifo_ovf      0x00000000
W60  0x110  srx_stat_fifo_ovf      0x00000000
W0   0x20   rx_stat_frames         0x0000cff2
W22  0x78   rx_stat_pass_TCP       0x0000cdb7
SNAP_END RYX_t1 nff=0
### PHASE post_snapshot 1791398018.051524839
SNAP_BEGIN RYX_post gen=14
W0   0x20   rx_stat_frames         0x0000d04c
W1   0x24   rx_stat_bytes          0x003417ec
W2   0x28   wl_last_lastframelen   0x00000040
W3   0x2C   rx_stat_crc_err        0x00000000
W4   0x30   rx_stat_drop           0x00000000
W5   0x34   gmii_free_FE           0x1c1f7825
W6   0x38   srx_stat_commit        0x0000023b
W7   0x3C   stx_stat_frames        0x000000b8
W8   0x40   udpapp_tx_frames       0x00000000
W9   0x44   udpapp_tx_bytes        0x00000000
W10  0x48   udpapp_rx_frames       0x00000000
W11  0x4C   udpapp_rx_bytes        0x00000000
W12  0x50   udpapp_rx_null         0x00000000
W13  0x54   udpapp_mismatch        0x00000000
W14  0x58   tx_stat_frames_TCP     0x0000fd20
W15  0x5C   tx_stat_bytes_TCP      0x05a00000
W16  0x60   srx_hls_bytes          0x00009c98
W17  0x64   hr_cnt_hlsreset        0x00000000
W18  0x68   stx_stat_purge         0x00000000
W19  0x6C   srx_stat_drop          0x00000000
W20  0x70   mac_tx_frames          0x0000fdd8
W21  0x74   tx_stat_abort          0x00000000
W22  0x78   rx_stat_pass_TCP       0x0000cdb7
W23  0x7C   rx_stat_nonmatch_TCP   0x0000005a
W24  0x80   dp_free_DP             0x1c39335a
W25  0x84   mmcm_locked            0x00000001
W26  0x88   rxcdc_full_cycles      0x00000003
W27  0x8C   rxcdc_occ_max          0x00000006
W28  0x90   txcdc_occ_max          0x00000006
W29  0x94   txwire_stall_cycles    0x00000000
W30  0x98   rxcdc_out_frames       0x0000d04c
W31  0x9C   rxcdc_out_bytes        0x0030d6bc
W32  0xA0   rx_stat_drop_partial   0x00000000
W33  0xA4   rx_stat_orphan_bytes   0x00000000
W34  0xA8   rx_stat_drop_full      0x00000000
W35  0xAC   rx_stat_fifo_ovf       0x00000000
W36  0xB0   mrx_stat_rx_words      0x1c1f715b
W37  0xB4   mrx_stat_rx_pay_bytes  0x0030d6bc
W38  0xB8   rxcdc_ovf_cnt          0x00000000
W39  0xBC   pcs_status_bundle      0x2000100c
W40  0xC0   pcs_evt_bundle         0x000000ff
W41  0xC4   mtx_stat_flush_words   0x00000000
W42  0xC8   mtx_stat_flush_done    0x00000000
W43  0xCC   mtx_stat_tx_words      0x1c1fcf86
W44  0xD0   mtx_stat_tx_ctrl_char  0xdb1dfe9e
W45  0xD4   txcdc_ovf_cnt          0x00000000
W46  0xD8   cls_dbg_stat_ovf       0x00000000
W47  0xDC   cls_dbg_stat_route_ovf 0x00000000
W48  0xE0   cls_dbg_stat_stall_in  0x00000000
W49  0xE4   cls_dbg_occ            0x00000000
W50  0xE8   tx_clk_act             0x1b949aa1
W51  0xEC   app_tx_bytes           0x05a00000
W52  0xF0   app_tx_frames          0x0000fcc6
W53  0xF4   app_rx_bytes           0x00000000
W54  0xF8   app_mismatch           0x00000000
W55  0xFC   tx_stat_retx           0x00000000
W56  0x100  udpapp_tx_ovf          0x00000000
W57  0x104  tx_retx_hi             0x00000000
W58  0x108  tx_retx_active         0x00000000
W59  0x10C  stx_stat_fifo_ovf      0x00000000
W60  0x110  srx_stat_fifo_ovf      0x00000000
W61  0x114  app_ctrl_stat_wu       0x00000000
W62  0x118  app_ctrl_rx_occ_bytes  0x00000000
SNAP_END RYX_post nff=0
### PHASE nic_post 1791398018.289831574
     port_tx_bytes: 214231542213
     port_tx_packets: 150830016
     port_rx_good_bytes: 1941521917850
     port_rx_packets: 1411354357
     port_rx_bad: 5
     port_rx_nodesc_drops: 25979738
     rx_eth_crc_err: 6
TcpInSegs                       146357935          0.0
TcpOutSegs                      146762891          0.0
TcpRetransSegs                  23573              0.0
TcpExtTCPLossUndo               7                  0.0
TcpExtTCPFastRetrans            3631               0.0
TcpExtTCPRcvCollapsed           0                  0.0
TcpExtTCPOFOQueue               62479              0.0
TcpExtTCPACKSkippedPAWS         0                  0.0
TcpExtTCPACKSkippedSeq          1191               0.0
### PHASE idle_snap 1791398018.293616259
SNAP_BEGIN RYX_idle gen=15
W5   0x34   gmii_free_FE           0x3104a183
W51  0xEC   app_tx_bytes           0x05a00000
W52  0xF0   app_tx_frames          0x0000fcc6
W15  0x5C   tx_stat_bytes_TCP      0x05a00000
W14  0x58   tx_stat_frames_TCP     0x0000fd20
W20  0x70   mac_tx_frames          0x0000fdd8
W43  0xCC   mtx_stat_tx_words      0x3104ed5a
W55  0xFC   tx_stat_retx           0x00000000
W57  0x104  tx_retx_hi             0x00000000
W58  0x108  tx_retx_active         0x00000000
W54  0xF8   app_mismatch           0x00000000
W61  0x114  app_ctrl_stat_wu       0x00000000
W62  0x118  app_ctrl_rx_occ_bytes  0x00000000
W56  0x100  udpapp_tx_ovf          0x00000000
W59  0x10C  stx_stat_fifo_ovf      0x00000000
W60  0x110  srx_stat_fifo_ovf      0x00000000
W0   0x20   rx_stat_frames         0x0000d088
W22  0x78   rx_stat_pass_TCP       0x0000cdb7
SNAP_END RYX_idle nff=0
### SINK tail:
SINK_CONN 26 OK bytes=1048576 first_mismatch=-1 mism_bytes=0 conn_ms=0.090 dur_ms=2.067 Mbps=4058.905 reads=8
SINK_CONN 27 OK bytes=1048576 first_mismatch=-1 mism_bytes=0 conn_ms=0.088 dur_ms=2.615 Mbps=3207.987 reads=29
SINK_CONN 28 OK bytes=1048576 first_mismatch=-1 mism_bytes=0 conn_ms=0.087 dur_ms=1.940 Mbps=4324.007 reads=9
SINK_CONN 29 OK bytes=1048576 first_mismatch=-1 mism_bytes=0 conn_ms=0.068 dur_ms=1.953 Mbps=4295.489 reads=7
SINK_SUM conns=30 fail_conns=0 bytes=31457280 clean_conns=30 bad_conns=0 mismatch_bytes=0 wall_s=0.068 net_s=0.068 agg_Mbps=3690.475
SINK_DONE
### SINK_SUM:
SINK_SUM conns=30 fail_conns=0 bytes=31457280 clean_conns=30 bad_conns=0 mismatch_bytes=0 wall_s=0.068 net_s=0.068 agg_Mbps=3690.475
### SINK head:
SINK_CONN 0 OK bytes=1048576 first_mismatch=-1 mism_bytes=0 conn_ms=0.119 dur_ms=2.019 Mbps=4155.731 reads=7
SINK_CONN 1 OK bytes=1048576 first_mismatch=-1 mism_bytes=0 conn_ms=0.075 dur_ms=2.584 Mbps=3246.769 reads=69
SINK_CONN 2 OK bytes=1048576 first_mismatch=-1 mism_bytes=0 conn_ms=0.104 dur_ms=2.466 Mbps=3401.206 reads=37
### CPU samples (last 24):
SYS_T 1791398016.902788130 cpu  366974 15851 262488 79521939 62062 0 131146 0 0 0
PS_T  1791398016.904604296  100 p7b_tcp_sink| 2.7 htop| 0.6 sshd| 0.5 java| 0.1 ksoftirqd/2| 0.1 gnome-shell|
### SS samples (last 6):
SS_T 1791398015.825187654 State    Recv-Q Send-Q   Local Address:Port   Peer Address:PortProcess                                                                                                                                                                    
SS_T 1791398016.337667039 State    Recv-Q Send-Q   Local Address:Port   Peer Address:PortProcess                                                                                                                                                                    
SS_T 1791398016.853558725 State    Recv-Q Send-Q   Local Address:Port   Peer Address:PortProcess                                                                                                                                                                    
### PCAP: -rw-r--r-- 1 tcpdump tcpdump 3669992 Oct  8 02:33 /tmp/RYX.pcap
39497 packets captured
39594 packets received by filter
0 packets dropped by kernel
STC_META_BOARD_BID_END=0x00000011
STC_DL_DONE 1791398020.381107940
