### J6META_BEGIN 2026-10-07T12:48:05Z
STC_META_TAG=RXG STC_META_CONNS=30 STC_META_SECS=25 STC_META_RCVBUF=8388608
STC_META_SINK=./p7b_tcp_sink STC_META_SINK_EXTRA='' STC_META_PCAP_ON=1 STC_META_BID_EXPECT=0x0000000C
STC_META_SCRIPT=/tmp/p7b_biz/stc_dl.sh STC_META_SCRIPT_MD5=f50e5f82df7dda62f542108ab5a42f84
STC_META_SINK_MD5=7bc7f6536adb6c285536e9905c3b2ca6
STC_META_PACE=N/A(board_is_sender) STC_META_BOARD_BID_PRE=0x0000000c
STC_META_WRAP_RULE=all_board_cnt_32bit; delta_mod_2^32_with_k_recorded; W51_wrap@9.4Gbps=3.65s; W5_limit_27.487s
### PHASE route_carrier 1791377285.867060209
192.168.100.2 dev enp1s0f1np1 src 192.168.100.100 uid 0 
    cache 
CARRIER=1
### PHASE geom_gate 1791377285.869976474
ID_MAGIC 0x50360001   (want 0x50360001)
ID_BID   0x0000000c   (want 0x0000000C = 本构建的 BUILD_ID)
ID_MARKER 0xdeadbeef  (want 0xdeadbeef)
ID_UNIMPL 0xffffffff  (want 0xffffffff: 未实现地址必须走 SLVERR)
ID_OK 1791377285.889387756
STC_GEOM_OK NW=63 BID=0x0000000c
### PHASE nic_pre 1791377285.890382107
     port_tx_bytes: 182815789207
     port_tx_packets: 128347926
     port_rx_good_bytes: 1857456775989
     port_rx_packets: 1336208146
     port_rx_bad: 4
     port_rx_nodesc_drops: 25235291
     rx_eth_crc_err: 5
TcpInSegs                       123906730          0.0
TcpOutSegs                      124537272          0.0
TcpRetransSegs                  15715              0.0
TcpExtTCPLossUndo               5                  0.0
TcpExtTCPFastRetrans            3241               0.0
TcpExtTCPRcvCollapsed           0                  0.0
TcpExtTCPOFOQueue               41538              0.0
TcpExtTCPACKSkippedPAWS         0                  0.0
TcpExtTCPACKSkippedSeq          1191               0.0
### PHASE pre_snapshot 1791377285.894226604
SNAP_BEGIN RXG_pre gen=1
W0   0x20   rx_stat_frames         0x00000000
W1   0x24   rx_stat_bytes          0x00000000
W2   0x28   wl_last_lastframelen   0x00000000
W3   0x2C   rx_stat_crc_err        0x00000000
W4   0x30   rx_stat_drop           0x00000000
W5   0x34   gmii_free_FE           0xa4d8a1d2
W6   0x38   srx_stat_commit        0x00000000
W7   0x3C   stx_stat_frames        0x00000000
W8   0x40   udpapp_tx_frames       0x00000000
W9   0x44   udpapp_tx_bytes        0x00000000
W10  0x48   udpapp_rx_frames       0x00000000
W11  0x4C   udpapp_rx_bytes        0x00000000
W12  0x50   udpapp_rx_null         0x00000000
W13  0x54   udpapp_mismatch        0x00000000
W14  0x58   tx_stat_frames_TCP     0x00000000
W15  0x5C   tx_stat_bytes_TCP      0x00000000
W16  0x60   srx_hls_bytes          0x00000000
W17  0x64   hr_cnt_hlsreset        0x00000000
W18  0x68   stx_stat_purge         0x00000000
W19  0x6C   srx_stat_drop          0x00000000
W20  0x70   mac_tx_frames          0x00000000
W21  0x74   tx_stat_abort          0x00000000
W22  0x78   rx_stat_pass_TCP       0x00000000
W23  0x7C   rx_stat_nonmatch_TCP   0x00000000
W24  0x80   dp_free_DP             0xa4f2729d
W25  0x84   mmcm_locked            0x00000001
W26  0x88   rxcdc_full_cycles      0x00000003
W27  0x8C   rxcdc_occ_max          0x00000000
W28  0x90   txcdc_occ_max          0x00000000
W29  0x94   txwire_stall_cycles    0x00000000
W30  0x98   rxcdc_out_frames       0x00000000
W31  0x9C   rxcdc_out_bytes        0x00000000
W32  0xA0   rx_stat_drop_partial   0x00000000
W33  0xA4   rx_stat_orphan_bytes   0x00000000
W34  0xA8   rx_stat_drop_full      0x00000000
W35  0xAC   rx_stat_fifo_ovf       0x00000000
W36  0xB0   mrx_stat_rx_words      0xa4d89b0c
W37  0xB4   mrx_stat_rx_pay_bytes  0x00000000
W38  0xB8   rxcdc_ovf_cnt          0x00000000
W39  0xBC   pcs_status_bundle      0x2000100c
W40  0xC0   pcs_evt_bundle         0x000000ff
W41  0xC4   mtx_stat_flush_words   0x00000000
W42  0xC8   mtx_stat_flush_done    0x00000000
W43  0xCC   mtx_stat_tx_words      0xa4d93a65
W44  0xD0   mtx_stat_tx_ctrl_char  0x26c9d328
W45  0xD4   txcdc_ovf_cnt          0x00000000
W46  0xD8   cls_dbg_stat_ovf       0x00000000
W47  0xDC   cls_dbg_stat_route_ovf 0x00000000
W48  0xE0   cls_dbg_stat_stall_in  0x00000000
W49  0xE4   cls_dbg_occ            0x00000000
W50  0xE8   tx_clk_act             0xa484e0af
W51  0xEC   app_tx_bytes           0x00000000
W52  0xF0   app_tx_frames          0x00000000
W53  0xF4   app_rx_bytes           0x00000000
W54  0xF8   app_mismatch           0x00000000
W55  0xFC   tx_stat_retx           0x00000000
W56  0x100  udpapp_tx_ovf          0x00000000
W57  0x104  tx_retx_hi             0x00000000
W58  0x108  tx_retx_active         0x00000000
W59  0x10C  stx_stat_fifo_ovf      0x00000000
W60  0x110  srx_stat_fifo_ovf      0x00000000
W61  0x114  app_ctrl_stat_wu       0x00000000
W62  0x118  app_ctrl_rx_occ_bytes  0x00000000
SNAP_END RXG_pre nff=0
### PHASE t0_snapshot 1791377287.134793225
SNAP_BEGIN RXG_t0 gen=2
W5   0x34   gmii_free_FE           0xb0694ecd
W51  0xEC   app_tx_bytes           0x00000000
W52  0xF0   app_tx_frames          0x00000000
W15  0x5C   tx_stat_bytes_TCP      0x00000000
W14  0x58   tx_stat_frames_TCP     0x00000000
W20  0x70   mac_tx_frames          0x00000000
W43  0xCC   mtx_stat_tx_words      0xb069e143
W55  0xFC   tx_stat_retx           0x00000000
W57  0x104  tx_retx_hi             0x00000000
W58  0x108  tx_retx_active         0x00000000
W54  0xF8   app_mismatch           0x00000000
W61  0x114  app_ctrl_stat_wu       0x00000000
W62  0x118  app_ctrl_rx_occ_bytes  0x00000000
W56  0x100  udpapp_tx_ovf          0x00000000
W59  0x10C  stx_stat_fifo_ovf      0x00000000
W60  0x110  srx_stat_fifo_ovf      0x00000000
W0   0x20   rx_stat_frames         0x00000000
W22  0x78   rx_stat_pass_TCP       0x00000000
SNAP_END RXG_t0 nff=0
### PHASE sink_start 1791377287.211800612
SINK_RC=1 1791377320.696058229
### PHASE t1_snapshot 1791377320.697089771
SNAP_BEGIN RXG_t1 gen=3
W5   0x34   gmii_free_FE           0xe8fd5a1d
W51  0xEC   app_tx_bytes           0x00c00000
W52  0xF0   app_tx_frames          0x000021b4
W15  0x5C   tx_stat_bytes_TCP      0x0163d28c
W14  0x58   tx_stat_frames_TCP     0x00003e7f
W20  0x70   mac_tx_frames          0x00003e9a
W43  0xCC   mtx_stat_tx_words      0xe8fd4023
W55  0xFC   tx_stat_retx           0x00000997
W57  0x104  tx_retx_hi             0x12445679
W58  0x108  tx_retx_active         0x00000000
W54  0xF8   app_mismatch           0x00000000
W61  0x114  app_ctrl_stat_wu       0x00000000
W62  0x118  app_ctrl_rx_occ_bytes  0x00000000
W56  0x100  udpapp_tx_ovf          0x00000000
W59  0x10C  stx_stat_fifo_ovf      0x00000000
W60  0x110  srx_stat_fifo_ovf      0x00000000
W0   0x20   rx_stat_frames         0x00002f99
W22  0x78   rx_stat_pass_TCP       0x00002f2c
SNAP_END RXG_t1 nff=0
### PHASE post_snapshot 1791377321.776571709
SNAP_BEGIN RXG_post gen=4
W0   0x20   rx_stat_frames         0x00002f9b
W1   0x24   rx_stat_bytes          0x000be768
W2   0x28   wl_last_lastframelen   0x00000040
W3   0x2C   rx_stat_crc_err        0x00000000
W4   0x30   rx_stat_drop           0x00000000
W5   0x34   gmii_free_FE           0xf30b16a1
W6   0x38   srx_stat_commit        0x00000064
W7   0x3C   stx_stat_frames        0x0000001b
W8   0x40   udpapp_tx_frames       0x00000000
W9   0x44   udpapp_tx_bytes        0x00000000
W10  0x48   udpapp_rx_frames       0x00000000
W11  0x4C   udpapp_rx_bytes        0x00000000
W12  0x50   udpapp_rx_null         0x00000000
W13  0x54   udpapp_mismatch        0x00000000
W14  0x58   tx_stat_frames_TCP     0x00003e81
W15  0x5C   tx_stat_bytes_TCP      0x0163d28c
W16  0x60   srx_hls_bytes          0x00001b38
W17  0x64   hr_cnt_hlsreset        0x00000000
W18  0x68   stx_stat_purge         0x00000000
W19  0x6C   srx_stat_drop          0x00000000
W20  0x70   mac_tx_frames          0x00003e9c
W21  0x74   tx_stat_abort          0x00000000
W22  0x78   rx_stat_pass_TCP       0x00002f2d
W23  0x7C   rx_stat_nonmatch_TCP   0x0000000a
W24  0x80   dp_free_DP             0xf324aae5
W25  0x84   mmcm_locked            0x00000001
W26  0x88   rxcdc_full_cycles      0x00000003
W27  0x8C   rxcdc_occ_max          0x00000006
W28  0x90   txcdc_occ_max          0x00000006
W29  0x94   txwire_stall_cycles    0x00000000
W30  0x98   rxcdc_out_frames       0x00002f9b
W31  0x9C   rxcdc_out_bytes        0x000b28fc
W32  0xA0   rx_stat_drop_partial   0x00000000
W33  0xA4   rx_stat_orphan_bytes   0x00000000
W34  0xA8   rx_stat_drop_full      0x00000000
W35  0xAC   rx_stat_fifo_ovf       0x00000000
W36  0xB0   mrx_stat_rx_words      0xf30b0fda
W37  0xB4   mrx_stat_rx_pay_bytes  0x000b28fc
W38  0xB8   rxcdc_ovf_cnt          0x00000000
W39  0xBC   pcs_status_bundle      0x2000100c
W40  0xC0   pcs_evt_bundle         0x000000ff
W41  0xC4   mtx_stat_flush_words   0x00000000
W42  0xC8   mtx_stat_flush_done    0x00000000
W43  0xCC   mtx_stat_tx_words      0xf30af6eb
W44  0xD0   mtx_stat_tx_ctrl_char  0x96e3f9c0
W45  0xD4   txcdc_ovf_cnt          0x00000000
W46  0xD8   cls_dbg_stat_ovf       0x00000000
W47  0xDC   cls_dbg_stat_route_ovf 0x00000000
W48  0xE0   cls_dbg_stat_stall_in  0x00000000
W49  0xE4   cls_dbg_occ            0x00000000
W50  0xE8   tx_clk_act             0xf20e7e3c
W51  0xEC   app_tx_bytes           0x00c00000
W52  0xF0   app_tx_frames          0x000021b4
W53  0xF4   app_rx_bytes           0x00000000
W54  0xF8   app_mismatch           0x00000000
W55  0xFC   tx_stat_retx           0x00000998
W56  0x100  udpapp_tx_ovf          0x00000000
W57  0x104  tx_retx_hi             0x12445679
W58  0x108  tx_retx_active         0x00000000
W59  0x10C  stx_stat_fifo_ovf      0x00000000
W60  0x110  srx_stat_fifo_ovf      0x00000000
W61  0x114  app_ctrl_stat_wu       0x00000000
W62  0x118  app_ctrl_rx_occ_bytes  0x00000000
SNAP_END RXG_post nff=0
### PHASE nic_post 1791377322.012364649
     port_tx_bytes: 182816569343
     port_tx_packets: 128360113
     port_rx_good_bytes: 1857481026185
     port_rx_packets: 1336224174
     port_rx_bad: 4
     port_rx_nodesc_drops: 25235291
     rx_eth_crc_err: 5
TcpInSegs                       123922886          0.0
TcpOutSegs                      124549629          0.0
TcpRetransSegs                  15796              0.0
TcpExtTCPLossUndo               5                  0.0
TcpExtTCPFastRetrans            3247               0.0
TcpExtTCPRcvCollapsed           0                  0.0
TcpExtTCPOFOQueue               42322              0.0
TcpExtTCPACKSkippedPAWS         0                  0.0
TcpExtTCPACKSkippedSeq          1191               0.0
### PHASE idle_snap 1791377322.016069856
SNAP_BEGIN RXG_idle gen=5
W5   0x34   gmii_free_FE           0x07e78ed8
W51  0xEC   app_tx_bytes           0x00c00000
W52  0xF0   app_tx_frames          0x000021b4
W15  0x5C   tx_stat_bytes_TCP      0x0163d28c
W14  0x58   tx_stat_frames_TCP     0x00003e81
W20  0x70   mac_tx_frames          0x00003e9c
W43  0xCC   mtx_stat_tx_words      0x07e76335
W55  0xFC   tx_stat_retx           0x00000998
W57  0x104  tx_retx_hi             0x12445679
W58  0x108  tx_retx_active         0x00000000
W54  0xF8   app_mismatch           0x00000000
W61  0x114  app_ctrl_stat_wu       0x00000000
W62  0x118  app_ctrl_rx_occ_bytes  0x00000000
W56  0x100  udpapp_tx_ovf          0x00000000
W59  0x10C  stx_stat_fifo_ovf      0x00000000
W60  0x110  srx_stat_fifo_ovf      0x00000000
W0   0x20   rx_stat_frames         0x00002f9b
W22  0x78   rx_stat_pass_TCP       0x00002f2d
SNAP_END RXG_idle nff=0
### SINK tail:
SINK_CONN 8 OK bytes=1048576 first_mismatch=13141 mism_bytes=878788 conn_ms=0.136 dur_ms=16411.194 Mbps=0.511 reads=230
SINK_CONN 9 OK bytes=1048576 first_mismatch=13141 mism_bytes=2907 conn_ms=0.139 dur_ms=2.484 Mbps=3377.264 reads=12
SINK_CONN 10 OK bytes=1048576 first_mismatch=-1 mism_bytes=0 conn_ms=0.111 dur_ms=8.095 Mbps=1036.324 reads=12
SINK_CONN 11 OK bytes=1048576 first_mismatch=8760 mism_bytes=881892 conn_ms=0.201 dur_ms=16830.616 Mbps=0.498 reads=236
SINK_SUM conns=12 fail_conns=0 bytes=12582912 clean_conns=7 bad_conns=5 mismatch_bytes=1766656 wall_s=33.480 net_s=33.479 agg_Mbps=3.007
SINK_DONE
### SINK_SUM:
SINK_SUM conns=12 fail_conns=0 bytes=12582912 clean_conns=7 bad_conns=5 mismatch_bytes=1766656 wall_s=33.480 net_s=33.479 agg_Mbps=3.007
### SINK head:
SINK_CONN 0 OK bytes=1048576 first_mismatch=-1 mism_bytes=0 conn_ms=0.183 dur_ms=2.621 Mbps=3200.034 reads=32
SINK_CONN 1 OK bytes=1048576 first_mismatch=-1 mism_bytes=0 conn_ms=0.138 dur_ms=2.225 Mbps=3769.575 reads=17
SINK_CONN 2 OK bytes=1048576 first_mismatch=13141 mism_bytes=2907 conn_ms=0.120 dur_ms=2.766 Mbps=3032.650 reads=90
### CPU samples (last 24):
SYS_T 1791377317.619774746 cpu  325354 15848 211083 63086890 61653 0 124474 0 0 0
PS_T  1791377317.622406428  2.7 htop| 0.5 java| 0.4 bash| 0.2 ksoftirqd/2| 0.1 gnome-shell| 0.1 p7b_tcp_sink|
SYS_T 1791377317.889229963 cpu  325355 15848 211087 63087101 61653 0 124474 0 0 0
PS_T  1791377317.891772109  100 ps| 2.7 htop| 0.5 java| 0.4 bash| 0.2 ksoftirqd/2| 0.1 gnome-shell|
SYS_T 1791377318.159375537 cpu  325356 15848 211089 63087314 61653 0 124474 0 0 0
PS_T  1791377318.161942383  2.7 htop| 0.5 java| 0.4 bash| 0.2 ksoftirqd/2| 0.1 gnome-shell| 0.1 p7b_tcp_sink|
SYS_T 1791377318.428665193 cpu  325356 15848 211090 63087526 61653 0 124474 0 0 0
PS_T  1791377318.430924349  2.7 htop| 0.5 java| 0.4 bash| 0.2 ksoftirqd/2| 0.1 gnome-shell| 0.1 p7b_tcp_sink|
SYS_T 1791377318.697353768 cpu  325357 15848 211092 63087739 61653 0 124474 0 0 0
PS_T  1791377318.699617625  2.7 htop| 0.5 java| 0.4 bash| 0.2 ksoftirqd/2| 0.1 gnome-shell| 0.1 p7b_tcp_sink|
SYS_T 1791377318.965998303 cpu  325358 15848 211094 63087951 61653 0 124474 0 0 0
PS_T  1791377318.968583792  2.7 htop| 0.5 java| 0.4 bash| 0.2 ksoftirqd/2| 0.1 gnome-shell| 0.1 p7b_tcp_sink|
SYS_T 1791377319.236804008 cpu  325360 15848 211098 63088160 61653 0 124474 0 0 0
PS_T  1791377319.239132326  2.7 htop| 0.5 java| 0.4 bash| 0.2 ksoftirqd/2| 0.1 gnome-shell| 0.1 hw_server|
SYS_T 1791377319.502582494 cpu  325361 15848 211099 63088370 61653 0 124474 0 0 0
PS_T  1791377319.505194945  2.7 htop| 0.5 java| 0.4 bash| 0.2 ksoftirqd/2| 0.1 gnome-shell| 0.1 hw_server|
SYS_T 1791377319.772753543 cpu  325362 15848 211101 63088583 61653 0 124474 0 0 0
PS_T  1791377319.775328118  2.7 htop| 0.5 java| 0.4 bash| 0.2 ksoftirqd/2| 0.1 gnome-shell| 0.1 hw_server|
SYS_T 1791377320.043551193 cpu  325362 15848 211103 63088797 61653 0 124474 0 0 0
PS_T  1791377320.046168446  2.7 htop| 0.5 java| 0.4 bash| 0.2 ksoftirqd/2| 0.1 gnome-shell| 0.1 hw_server|
SYS_T 1791377320.313383703 cpu  325363 15848 211105 63089009 61653 0 124474 0 0 0
PS_T  1791377320.316059853  2.7 htop| 0.5 java| 0.4 bash| 0.2 ksoftirqd/2| 0.1 gnome-shell| 0.1 hw_server|
SYS_T 1791377320.582947223 cpu  325364 15848 211106 63089222 61653 0 124474 0 0 0
PS_T  1791377320.585188765  2.7 htop| 0.5 java| 0.4 bash| 0.2 ksoftirqd/2| 0.1 gnome-shell| 0.1 hw_server|
### SS samples (last 6):
SS_T 1791377308.756473298 State    Recv-Q Send-Q   Local Address:Port   Peer Address:PortProcess                                                                                                                                                                    
SS_T 1791377309.268090316 State    Recv-Q Send-Q   Local Address:Port   Peer Address:PortProcess                                                                                                                                                                    
SS_T 1791377309.783328657 State    Recv-Q Send-Q   Local Address:Port   Peer Address:PortProcess                                                                                                                                                                    
SS_T 1791377310.298180312 State    Recv-Q Send-Q   Local Address:Port   Peer Address:PortProcess                                                                                                                                                                    
SS_T 1791377310.809664540 State    Recv-Q Send-Q   Local Address:Port   Peer Address:PortProcess                                                                                                                                                                    
SS_T 1791377311.324697787 State    Recv-Q Send-Q   Local Address:Port   Peer Address:PortProcess                                                                                                                                                                    
### PCAP: -rw-r--r-- 1 tcpdump tcpdump 2643162 Oct  7 20:48 /tmp/RXG.pcap
28173 packets captured
28205 packets received by filter
0 packets dropped by kernel
STC_META_BOARD_BID_END=0x0000000c
STC_DL_DONE 1791377324.099167804
