### J6META_BEGIN 2026-10-07T14:07:13Z
STC_META_TAG=RXK STC_META_CONNS=30 STC_META_SECS=25 STC_META_RCVBUF=8388608
STC_META_SINK=./p7b_tcp_sink STC_META_SINK_EXTRA='' STC_META_PCAP_ON=1 STC_META_BID_EXPECT=0x0000000E
STC_META_SCRIPT=/tmp/p7b_biz/stc_dl.sh STC_META_SCRIPT_MD5=f50e5f82df7dda62f542108ab5a42f84
STC_META_SINK_MD5=7bc7f6536adb6c285536e9905c3b2ca6
STC_META_PACE=N/A(board_is_sender) STC_META_BOARD_BID_PRE=0x0000000e
STC_META_WRAP_RULE=all_board_cnt_32bit; delta_mod_2^32_with_k_recorded; W51_wrap@9.4Gbps=3.65s; W5_limit_27.487s
### PHASE route_carrier 1791382033.477119166
192.168.100.2 dev enp1s0f1np1 src 192.168.100.100 uid 0 
    cache 
CARRIER=1
### PHASE geom_gate 1791382033.480164397
ID_MAGIC 0x50360001   (want 0x50360001)
ID_BID   0x0000000e   (want 0x0000000E = 本构建的 BUILD_ID)
ID_MARKER 0xdeadbeef  (want 0xdeadbeef)
ID_UNIMPL 0xffffffff  (want 0xffffffff: 未实现地址必须走 SLVERR)
ID_OK 1791382033.499323532
STC_GEOM_OK NW=63 BID=0x0000000e
### PHASE nic_pre 1791382033.500355040
     port_tx_bytes: 182818952778
     port_tx_packets: 128397320
     port_rx_good_bytes: 1857587572295
     port_rx_packets: 1336294879
     port_rx_bad: 4
     port_rx_nodesc_drops: 25235291
     rx_eth_crc_err: 5
TcpInSegs                       124006677          0.0
TcpOutSegs                      124604978          0.0
TcpRetransSegs                  16859              0.0
TcpExtTCPLossUndo               5                  0.0
TcpExtTCPFastRetrans            3493               0.0
TcpExtTCPRcvCollapsed           0                  0.0
TcpExtTCPOFOQueue               47630              0.0
TcpExtTCPACKSkippedPAWS         0                  0.0
TcpExtTCPACKSkippedSeq          1191               0.0
### PHASE pre_snapshot 1791382033.504154553
SNAP_BEGIN RXK_pre gen=1
W0   0x20   rx_stat_frames         0x00000000
W1   0x24   rx_stat_bytes          0x00000000
W2   0x28   wl_last_lastframelen   0x00000000
W3   0x2C   rx_stat_crc_err        0x00000000
W4   0x30   rx_stat_drop           0x00000000
W5   0x34   gmii_free_FE           0x82c3f021
W6   0x38   srx_stat_commit        0x00000000
W7   0x3C   stx_stat_frames        0x00000000
W8   0x40   udpapp_tx_frames       0x00000000
W9   0x44   udpapp_tx_bytes        0x00000000
W10  0x48   udpapp_rx_frames       0x00000000
W11  0x4C   udpapp_rx_bytes        0x00000000
W12  0x50   udpapp_rx_null         0x00000000
W13  0x54   udpapp_mismatch        0x00000000
W14  0x58   tx_stat_frames_TCP     0x00000000
W15  0x5C   tx_stat_bytes_TCP      0x00000000
W16  0x60   srx_hls_bytes          0x00000000
W17  0x64   hr_cnt_hlsreset        0x00000000
W18  0x68   stx_stat_purge         0x00000000
W19  0x6C   srx_stat_drop          0x00000000
W20  0x70   mac_tx_frames          0x00000000
W21  0x74   tx_stat_abort          0x00000000
W22  0x78   rx_stat_pass_TCP       0x00000000
W23  0x7C   rx_stat_nonmatch_TCP   0x00000000
W24  0x80   dp_free_DP             0x82ddc543
W25  0x84   mmcm_locked            0x00000001
W26  0x88   rxcdc_full_cycles      0x00000003
W27  0x8C   rxcdc_occ_max          0x00000000
W28  0x90   txcdc_occ_max          0x00000000
W29  0x94   txwire_stall_cycles    0x00000000
W30  0x98   rxcdc_out_frames       0x00000000
W31  0x9C   rxcdc_out_bytes        0x00000000
W32  0xA0   rx_stat_drop_partial   0x00000000
W33  0xA4   rx_stat_orphan_bytes   0x00000000
W34  0xA8   rx_stat_drop_full      0x00000000
W35  0xAC   rx_stat_fifo_ovf       0x00000000
W36  0xB0   mrx_stat_rx_words      0x82c3e960
W37  0xB4   mrx_stat_rx_pay_bytes  0x00000000
W38  0xB8   rxcdc_ovf_cnt          0x00000000
W39  0xBC   pcs_status_bundle      0x2000100c
W40  0xC0   pcs_evt_bundle         0x000000ff
W41  0xC4   mtx_stat_flush_words   0x00000000
W42  0xC8   mtx_stat_flush_done    0x00000000
W43  0xCC   mtx_stat_tx_words      0x82c49962
W44  0xD0   mtx_stat_tx_ctrl_char  0x1624cb10
W45  0xD4   txcdc_ovf_cnt          0x00000000
W46  0xD8   cls_dbg_stat_ovf       0x00000000
W47  0xDC   cls_dbg_stat_route_ovf 0x00000000
W48  0xE0   cls_dbg_stat_stall_in  0x00000000
W49  0xE4   cls_dbg_occ            0x00000000
W50  0xE8   tx_clk_act             0x82849adb
W51  0xEC   app_tx_bytes           0x00000000
W52  0xF0   app_tx_frames          0x00000000
W53  0xF4   app_rx_bytes           0x00000000
W54  0xF8   app_mismatch           0x00000000
W55  0xFC   tx_stat_retx           0x00000000
W56  0x100  udpapp_tx_ovf          0x00000000
W57  0x104  tx_retx_hi             0x00000000
W58  0x108  tx_retx_active         0x00000000
W59  0x10C  stx_stat_fifo_ovf      0x00000000
W60  0x110  srx_stat_fifo_ovf      0x00000000
W61  0x114  app_ctrl_stat_wu       0x00000000
W62  0x118  app_ctrl_rx_occ_bytes  0x00000000
SNAP_END RXK_pre nff=0
### PHASE t0_snapshot 1791382034.743565765
SNAP_BEGIN RXK_t0 gen=2
W5   0x34   gmii_free_FE           0x8e50d078
W51  0xEC   app_tx_bytes           0x00000000
W52  0xF0   app_tx_frames          0x00000000
W15  0x5C   tx_stat_bytes_TCP      0x00000000
W14  0x58   tx_stat_frames_TCP     0x00000000
W20  0x70   mac_tx_frames          0x00000000
W43  0xCC   mtx_stat_tx_words      0x8e517396
W55  0xFC   tx_stat_retx           0x00000000
W57  0x104  tx_retx_hi             0x00000000
W58  0x108  tx_retx_active         0x00000000
W54  0xF8   app_mismatch           0x00000000
W61  0x114  app_ctrl_stat_wu       0x00000000
W62  0x118  app_ctrl_rx_occ_bytes  0x00000000
W56  0x100  udpapp_tx_ovf          0x00000000
W59  0x10C  stx_stat_fifo_ovf      0x00000000
W60  0x110  srx_stat_fifo_ovf      0x00000000
W0   0x20   rx_stat_frames         0x00000000
W22  0x78   rx_stat_pass_TCP       0x00000000
SNAP_END RXK_t0 nff=0
### PHASE sink_start 1791382034.819211839
SINK_RC=0 1791382036.154673408
### PHASE t1_snapshot 1791382036.155896279
SNAP_BEGIN RXK_t1 gen=3
W5   0x34   gmii_free_FE           0x9b77ca47
W51  0xEC   app_tx_bytes           0x01e00000
W52  0xF0   app_tx_frames          0x00005442
W15  0x5C   tx_stat_bytes_TCP      0x01f0c674
W14  0x58   tx_stat_frames_TCP     0x00005751
W20  0x70   mac_tx_frames          0x0000578e
W43  0xCC   mtx_stat_tx_words      0x9b78665f
W55  0xFC   tx_stat_retx           0x0000007f
W57  0x104  tx_retx_hi             0x12354bb5
W58  0x108  tx_retx_active         0x00000000
W54  0xF8   app_mismatch           0x00000000
W61  0x114  app_ctrl_stat_wu       0x00000000
W62  0x118  app_ctrl_rx_occ_bytes  0x00000000
W56  0x100  udpapp_tx_ovf          0x00000000
W59  0x10C  stx_stat_fifo_ovf      0x00000000
W60  0x110  srx_stat_fifo_ovf      0x00000000
W0   0x20   rx_stat_frames         0x00002bf7
W22  0x78   rx_stat_pass_TCP       0x00002b75
SNAP_END RXK_t1 nff=0
### PHASE post_snapshot 1791382037.233593908
SNAP_BEGIN RXK_post gen=4
W0   0x20   rx_stat_frames         0x00002c20
W1   0x24   rx_stat_bytes          0x000b09a4
W2   0x28   wl_last_lastframelen   0x00000040
W3   0x2C   rx_stat_crc_err        0x00000000
W4   0x30   rx_stat_drop           0x00000000
W5   0x34   gmii_free_FE           0xa5822259
W6   0x38   srx_stat_commit        0x0000008d
W7   0x3C   stx_stat_frames        0x0000003d
W8   0x40   udpapp_tx_frames       0x00000000
W9   0x44   udpapp_tx_bytes        0x00000000
W10  0x48   udpapp_rx_frames       0x00000000
W11  0x4C   udpapp_rx_bytes        0x00000000
W12  0x50   udpapp_rx_null         0x00000000
W13  0x54   udpapp_mismatch        0x00000000
W14  0x58   tx_stat_frames_TCP     0x00005751
W15  0x5C   tx_stat_bytes_TCP      0x01f0c674
W16  0x60   srx_hls_bytes          0x00002718
W17  0x64   hr_cnt_hlsreset        0x00000000
W18  0x68   stx_stat_purge         0x00000000
W19  0x6C   srx_stat_drop          0x00000000
W20  0x70   mac_tx_frames          0x0000578e
W21  0x74   tx_stat_abort          0x00000000
W22  0x78   rx_stat_pass_TCP       0x00002b75
W23  0x7C   rx_stat_nonmatch_TCP   0x0000001e
W24  0x80   dp_free_DP             0xa59bf159
W25  0x84   mmcm_locked            0x00000001
W26  0x88   rxcdc_full_cycles      0x00000003
W27  0x8C   rxcdc_occ_max          0x00000006
W28  0x90   txcdc_occ_max          0x0000001a
W29  0x94   txwire_stall_cycles    0x00000000
W30  0x98   rxcdc_out_frames       0x00002c20
W31  0x9C   rxcdc_out_bytes        0x000a5924
W32  0xA0   rx_stat_drop_partial   0x00000000
W33  0xA4   rx_stat_orphan_bytes   0x00000000
W34  0xA8   rx_stat_drop_full      0x00000000
W35  0xAC   rx_stat_fifo_ovf       0x00000000
W36  0xB0   mrx_stat_rx_words      0xa5821b99
W37  0xB4   mrx_stat_rx_pay_bytes  0x000a5924
W38  0xB8   rxcdc_ovf_cnt          0x00000000
W39  0xBC   pcs_status_bundle      0x2000100c
W40  0xC0   pcs_evt_bundle         0x000000ff
W41  0xC4   mtx_stat_flush_words   0x00000000
W42  0xC8   mtx_stat_flush_done    0x00000000
W43  0xCC   mtx_stat_tx_words      0xa582b910
W44  0xD0   mtx_stat_tx_ctrl_char  0x2a0ec4dc
W45  0xD4   txcdc_ovf_cnt          0x00000000
W46  0xD8   cls_dbg_stat_ovf       0x00000000
W47  0xDC   cls_dbg_stat_route_ovf 0x00000000
W48  0xE0   cls_dbg_stat_stall_in  0x00000000
W49  0xE4   cls_dbg_occ            0x00000000
W50  0xE8   tx_clk_act             0xa531b9fd
W51  0xEC   app_tx_bytes           0x01e00000
W52  0xF0   app_tx_frames          0x00005442
W53  0xF4   app_rx_bytes           0x00000000
W54  0xF8   app_mismatch           0x00000000
W55  0xFC   tx_stat_retx           0x0000007f
W56  0x100  udpapp_tx_ovf          0x00000000
W57  0x104  tx_retx_hi             0x12354bb5
W58  0x108  tx_retx_active         0x00000000
W59  0x10C  stx_stat_fifo_ovf      0x00000000
W60  0x110  srx_stat_fifo_ovf      0x00000000
W61  0x114  app_ctrl_stat_wu       0x00000000
W62  0x118  app_ctrl_rx_occ_bytes  0x00000000
SNAP_END RXK_post nff=0
### PHASE nic_post 1791382037.474288119
     port_tx_bytes: 182819676078
     port_tx_packets: 128408615
     port_rx_good_bytes: 1857621429513
     port_rx_packets: 1336317293
     port_rx_bad: 4
     port_rx_nodesc_drops: 25235291
     rx_eth_crc_err: 5
TcpInSegs                       124029182          0.0
TcpOutSegs                      124616374          0.0
TcpRetransSegs                  16942              0.0
TcpExtTCPLossUndo               5                  0.0
TcpExtTCPFastRetrans            3493               0.0
TcpExtTCPRcvCollapsed           0                  0.0
TcpExtTCPOFOQueue               48472              0.0
TcpExtTCPACKSkippedPAWS         0                  0.0
TcpExtTCPACKSkippedSeq          1191               0.0
### PHASE idle_snap 1791382037.478187608
SNAP_BEGIN RXK_idle gen=5
W5   0x34   gmii_free_FE           0xba6d5e79
W51  0xEC   app_tx_bytes           0x01e00000
W52  0xF0   app_tx_frames          0x00005442
W15  0x5C   tx_stat_bytes_TCP      0x01f0c674
W14  0x58   tx_stat_frames_TCP     0x00005751
W20  0x70   mac_tx_frames          0x0000578e
W43  0xCC   mtx_stat_tx_words      0xba6de9ed
W55  0xFC   tx_stat_retx           0x0000007f
W57  0x104  tx_retx_hi             0x12354bb5
W58  0x108  tx_retx_active         0x00000000
W54  0xF8   app_mismatch           0x00000000
W61  0x114  app_ctrl_stat_wu       0x00000000
W62  0x118  app_ctrl_rx_occ_bytes  0x00000000
W56  0x100  udpapp_tx_ovf          0x00000000
W59  0x10C  stx_stat_fifo_ovf      0x00000000
W60  0x110  srx_stat_fifo_ovf      0x00000000
W0   0x20   rx_stat_frames         0x00002c48
W22  0x78   rx_stat_pass_TCP       0x00002b75
SNAP_END RXK_idle nff=0
### SINK tail:
SINK_CONN 26 OK bytes=1048576 first_mismatch=-1 mism_bytes=0 conn_ms=0.195 dur_ms=4.333 Mbps=1935.893 reads=5
SINK_CONN 27 OK bytes=1048576 first_mismatch=-1 mism_bytes=0 conn_ms=0.095 dur_ms=102.501 Mbps=81.839 reads=7
SINK_CONN 28 OK bytes=1048576 first_mismatch=-1 mism_bytes=0 conn_ms=0.218 dur_ms=4.433 Mbps=1892.183 reads=5
SINK_CONN 29 OK bytes=1048576 first_mismatch=-1 mism_bytes=0 conn_ms=0.217 dur_ms=4.259 Mbps=1969.736 reads=6
SINK_SUM conns=30 fail_conns=0 bytes=31457280 clean_conns=30 bad_conns=0 mismatch_bytes=0 wall_s=1.331 net_s=1.330 agg_Mbps=189.179
SINK_DONE
### SINK_SUM:
SINK_SUM conns=30 fail_conns=0 bytes=31457280 clean_conns=30 bad_conns=0 mismatch_bytes=0 wall_s=1.331 net_s=1.330 agg_Mbps=189.179
### SINK head:
SINK_CONN 0 OK bytes=1048576 first_mismatch=-1 mism_bytes=0 conn_ms=0.303 dur_ms=4.045 Mbps=2074.004 reads=5
SINK_CONN 1 OK bytes=1048576 first_mismatch=-1 mism_bytes=0 conn_ms=0.128 dur_ms=103.302 Mbps=81.205 reads=8
SINK_CONN 2 OK bytes=1048576 first_mismatch=-1 mism_bytes=0 conn_ms=0.123 dur_ms=3.573 Mbps=2347.825 reads=8
### CPU samples (last 24):
SYS_T 1791382034.820442756 cpu  333246 15848 221876 66836917 61725 0 124512 0 0 0
PS_T  1791382034.822352222  2.7 htop| 0.6 sshd| 0.5 java| 0.2 ksoftirqd/2| 0.1 gnome-shell| 0.1 hw_server|
SYS_T 1791382035.087323357 cpu  333250 15848 221878 66837122 61725 0 124513 0 0 0
PS_T  1791382035.090275348 14.2 p7b_tcp_sink| 2.7 htop| 0.5 java| 0.5 sshd| 0.2 ksoftirqd/2| 0.1 gnome-shell|
SYS_T 1791382035.357858942 cpu  333252 15848 221882 66837331 61725 0 124513 0 0 0
PS_T  1791382035.360406585  7.4 p7b_tcp_sink| 2.7 htop| 0.5 java| 0.4 sshd| 0.2 ksoftirqd/2| 0.1 gnome-shell|
SYS_T 1791382035.627660267 cpu  333255 15848 221883 66837540 61725 0 124514 0 0 0
PS_T  1791382035.629909715  9.8 p7b_tcp_sink| 2.7 htop| 0.5 java| 0.4 sshd| 0.2 ksoftirqd/2| 0.1 gnome-shell|
SYS_T 1791382035.896125809 cpu  333258 15848 221889 66837745 61725 0 124515 0 0 0
PS_T  1791382035.898809898  7.4 p7b_tcp_sink| 2.7 htop| 0.5 java| 0.3 sshd| 0.2 ksoftirqd/2| 0.1 gnome-shell|
### SS samples (last 6):
SS_T 1791382033.742491800 State Recv-Q Send-Q Local Address:Port Peer Address:PortProcess|
SS_T 1791382034.253896376 State Recv-Q Send-Q Local Address:Port Peer Address:PortProcess|
SS_T 1791382034.767952981 State Recv-Q Send-Q Local Address:Port Peer Address:PortProcess|
SS_T 1791382035.281354829 State    Recv-Q Send-Q   Local Address:Port   Peer Address:PortProcess                                                                                                                                                                    
SS_T 1791382035.797702033 State    Recv-Q Send-Q   Local Address:Port   Peer Address:PortProcess                                                                                                                                                                    
### PCAP: -rw-r--r-- 1 tcpdump tcpdump 3258700 Oct  7 22:07 /tmp/RXK.pcap
33295 packets captured
33670 packets received by filter
0 packets dropped by kernel
STC_META_BOARD_BID_END=0x0000000e
STC_DL_DONE 1791382039.562631944
