### J6META_BEGIN 2026-10-07T18:33:17Z
STC_META_TAG=RYV STC_META_CONNS=30 STC_META_SECS=25 STC_META_RCVBUF=8388608
STC_META_SINK=./p7b_tcp_sink STC_META_SINK_EXTRA='' STC_META_PCAP_ON=1 STC_META_BID_EXPECT=0x00000011
STC_META_SCRIPT=/tmp/p7b_biz/stc_dl.sh STC_META_SCRIPT_MD5=f50e5f82df7dda62f542108ab5a42f84
STC_META_SINK_MD5=7bc7f6536adb6c285536e9905c3b2ca6
STC_META_PACE=N/A(board_is_sender) STC_META_BOARD_BID_PRE=0x00000011
STC_META_WRAP_RULE=all_board_cnt_32bit; delta_mod_2^32_with_k_recorded; W51_wrap@9.4Gbps=3.65s; W5_limit_27.487s
### PHASE route_carrier 1791397997.733577091
192.168.100.2 dev enp1s0f1np1 src 192.168.100.100 uid 0 
    cache 
CARRIER=1
### PHASE geom_gate 1791397997.736547777
ID_MAGIC 0x50360001   (want 0x50360001)
ID_BID   0x00000011   (want 0x00000011 = 本构建的 BUILD_ID)
ID_MARKER 0xdeadbeef  (want 0xdeadbeef)
ID_UNIMPL 0xffffffff  (want 0xffffffff: 未实现地址必须走 SLVERR)
ID_OK 1791397997.755884582
STC_GEOM_OK NW=63 BID=0x00000011
### PHASE nic_pre 1791397997.756905316
     port_tx_bytes: 214228128217
     port_tx_packets: 150776692
     port_rx_good_bytes: 1941423774448
     port_rx_packets: 1411289373
     port_rx_bad: 5
     port_rx_nodesc_drops: 25979738
     rx_eth_crc_err: 6
TcpInSegs                       146292637          0.0
TcpOutSegs                      146709311          0.0
TcpRetransSegs                  23183              0.0
TcpExtTCPLossUndo               7                  0.0
TcpExtTCPFastRetrans            3631               0.0
TcpExtTCPRcvCollapsed           0                  0.0
TcpExtTCPOFOQueue               62479              0.0
TcpExtTCPACKSkippedPAWS         0                  0.0
TcpExtTCPACKSkippedSeq          1191               0.0
### PHASE pre_snapshot 1791397997.760821433
SNAP_BEGIN RYV_pre gen=1
W0   0x20   rx_stat_frames         0x00000000
W1   0x24   rx_stat_bytes          0x00000000
W2   0x28   wl_last_lastframelen   0x00000000
W3   0x2C   rx_stat_crc_err        0x00000000
W4   0x30   rx_stat_drop           0x00000000
W5   0x34   gmii_free_FE           0x5f20691e
W6   0x38   srx_stat_commit        0x00000000
W7   0x3C   stx_stat_frames        0x00000000
W8   0x40   udpapp_tx_frames       0x00000000
W9   0x44   udpapp_tx_bytes        0x00000000
W10  0x48   udpapp_rx_frames       0x00000000
W11  0x4C   udpapp_rx_bytes        0x00000000
W12  0x50   udpapp_rx_null         0x00000000
W13  0x54   udpapp_mismatch        0x00000000
W14  0x58   tx_stat_frames_TCP     0x00000000
W15  0x5C   tx_stat_bytes_TCP      0x00000000
W16  0x60   srx_hls_bytes          0x00000000
W17  0x64   hr_cnt_hlsreset        0x00000000
W18  0x68   stx_stat_purge         0x00000000
W19  0x6C   srx_stat_drop          0x00000000
W20  0x70   mac_tx_frames          0x00000000
W21  0x74   tx_stat_abort          0x00000000
W22  0x78   rx_stat_pass_TCP       0x00000000
W23  0x7C   rx_stat_nonmatch_TCP   0x00000000
W24  0x80   dp_free_DP             0x5f3a4516
W25  0x84   mmcm_locked            0x00000001
W26  0x88   rxcdc_full_cycles      0x00000003
W27  0x8C   rxcdc_occ_max          0x00000000
W28  0x90   txcdc_occ_max          0x00000000
W29  0x94   txwire_stall_cycles    0x00000000
W30  0x98   rxcdc_out_frames       0x00000000
W31  0x9C   rxcdc_out_bytes        0x00000000
W32  0xA0   rx_stat_drop_partial   0x00000000
W33  0xA4   rx_stat_orphan_bytes   0x00000000
W34  0xA8   rx_stat_drop_full      0x00000000
W35  0xAC   rx_stat_fifo_ovf       0x00000000
W36  0xB0   mrx_stat_rx_words      0x5f206254
W37  0xB4   mrx_stat_rx_pay_bytes  0x00000000
W38  0xB8   rxcdc_ovf_cnt          0x00000000
W39  0xBC   pcs_status_bundle      0x2000100c
W40  0xC0   pcs_evt_bundle         0x000000ff
W41  0xC4   mtx_stat_flush_words   0x00000000
W42  0xC8   mtx_stat_flush_done    0x00000000
W43  0xCC   mtx_stat_tx_words      0x5f2125b5
W44  0xD0   mtx_stat_tx_ctrl_char  0xf9092da8
W45  0xD4   txcdc_ovf_cnt          0x00000000
W46  0xD8   cls_dbg_stat_ovf       0x00000000
W47  0xDC   cls_dbg_stat_route_ovf 0x00000000
W48  0xE0   cls_dbg_stat_stall_in  0x00000000
W49  0xE4   cls_dbg_occ            0x00000000
W50  0xE8   tx_clk_act             0x5ef25f10
W51  0xEC   app_tx_bytes           0x00000000
W52  0xF0   app_tx_frames          0x00000000
W53  0xF4   app_rx_bytes           0x00000000
W54  0xF8   app_mismatch           0x00000000
W55  0xFC   tx_stat_retx           0x00000000
W56  0x100  udpapp_tx_ovf          0x00000000
W57  0x104  tx_retx_hi             0x00000000
W58  0x108  tx_retx_active         0x00000000
W59  0x10C  stx_stat_fifo_ovf      0x00000000
W60  0x110  srx_stat_fifo_ovf      0x00000000
W61  0x114  app_ctrl_stat_wu       0x00000000
W62  0x118  app_ctrl_rx_occ_bytes  0x00000000
SNAP_END RYV_pre nff=0
### PHASE t0_snapshot 1791397999.001533566
SNAP_BEGIN RYV_t0 gen=2
W5   0x34   gmii_free_FE           0x6ab3bfe3
W51  0xEC   app_tx_bytes           0x00000000
W52  0xF0   app_tx_frames          0x00000000
W15  0x5C   tx_stat_bytes_TCP      0x00000000
W14  0x58   tx_stat_frames_TCP     0x00000000
W20  0x70   mac_tx_frames          0x00000000
W43  0xCC   mtx_stat_tx_words      0x6ab47675
W55  0xFC   tx_stat_retx           0x00000000
W57  0x104  tx_retx_hi             0x00000000
W58  0x108  tx_retx_active         0x00000000
W54  0xF8   app_mismatch           0x00000000
W61  0x114  app_ctrl_stat_wu       0x00000000
W62  0x118  app_ctrl_rx_occ_bytes  0x00000000
W56  0x100  udpapp_tx_ovf          0x00000000
W59  0x10C  stx_stat_fifo_ovf      0x00000000
W60  0x110  srx_stat_fifo_ovf      0x00000000
W0   0x20   rx_stat_frames         0x00000000
W22  0x78   rx_stat_pass_TCP       0x00000000
SNAP_END RYV_t0 nff=0
### PHASE sink_start 1791397999.079005858
SINK_RC=0 1791397999.152828912
### PHASE t1_snapshot 1791397999.153744591
SNAP_BEGIN RYV_t1 gen=3
W5   0x34   gmii_free_FE           0x6c1a3faa
W51  0xEC   app_tx_bytes           0x01e00000
W52  0xF0   app_tx_frames          0x00005442
W15  0x5C   tx_stat_bytes_TCP      0x01e00000
W14  0x58   tx_stat_frames_TCP     0x00005460
W20  0x70   mac_tx_frames          0x0000549d
W43  0xCC   mtx_stat_tx_words      0x6c1af582
W55  0xFC   tx_stat_retx           0x00000000
W57  0x104  tx_retx_hi             0x00000000
W58  0x108  tx_retx_active         0x00000000
W54  0xF8   app_mismatch           0x00000000
W61  0x114  app_ctrl_stat_wu       0x00000000
W62  0x118  app_ctrl_rx_occ_bytes  0x00000000
W56  0x100  udpapp_tx_ovf          0x00000000
W59  0x10C  stx_stat_fifo_ovf      0x00000000
W60  0x110  srx_stat_fifo_ovf      0x00000000
W0   0x20   rx_stat_frames         0x0000462a
W22  0x78   rx_stat_pass_TCP       0x000045cf
SNAP_END RYV_t1 nff=0
### PHASE post_snapshot 1791398000.231239017
SNAP_BEGIN RYV_post gen=4
W0   0x20   rx_stat_frames         0x00004666
W1   0x24   rx_stat_bytes          0x00119b24
W2   0x28   wl_last_lastframelen   0x00000040
W3   0x2C   rx_stat_crc_err        0x00000000
W4   0x30   rx_stat_drop           0x00000000
W5   0x34   gmii_free_FE           0x7624a740
W6   0x38   srx_stat_commit        0x00000079
W7   0x3C   stx_stat_frames        0x0000003d
W8   0x40   udpapp_tx_frames       0x00000000
W9   0x44   udpapp_tx_bytes        0x00000000
W10  0x48   udpapp_rx_frames       0x00000000
W11  0x4C   udpapp_rx_bytes        0x00000000
W12  0x50   udpapp_rx_null         0x00000000
W13  0x54   udpapp_mismatch        0x00000000
W14  0x58   tx_stat_frames_TCP     0x00005460
W15  0x5C   tx_stat_bytes_TCP      0x01e00000
W16  0x60   srx_hls_bytes          0x000021c8
W17  0x64   hr_cnt_hlsreset        0x00000000
W18  0x68   stx_stat_purge         0x00000000
W19  0x6C   srx_stat_drop          0x00000000
W20  0x70   mac_tx_frames          0x0000549d
W21  0x74   tx_stat_abort          0x00000000
W22  0x78   rx_stat_pass_TCP       0x000045cf
W23  0x7C   rx_stat_nonmatch_TCP   0x0000001e
W24  0x80   dp_free_DP             0x763e7f63
W25  0x84   mmcm_locked            0x00000001
W26  0x88   rxcdc_full_cycles      0x00000003
W27  0x8C   rxcdc_occ_max          0x00000006
W28  0x90   txcdc_occ_max          0x00000006
W29  0x94   txwire_stall_cycles    0x00000000
W30  0x98   rxcdc_out_frames       0x00004666
W31  0x9C   rxcdc_out_bytes        0x0010818c
W32  0xA0   rx_stat_drop_partial   0x00000000
W33  0xA4   rx_stat_orphan_bytes   0x00000000
W34  0xA8   rx_stat_drop_full      0x00000000
W35  0xAC   rx_stat_fifo_ovf       0x00000000
W36  0xB0   mrx_stat_rx_words      0x7624a076
W37  0xB4   mrx_stat_rx_pay_bytes  0x0010818c
W38  0xB8   rxcdc_ovf_cnt          0x00000000
W39  0xBC   pcs_status_bundle      0x2000100c
W40  0xC0   pcs_evt_bundle         0x000000ff
W41  0xC4   mtx_stat_flush_words   0x00000000
W42  0xC8   mtx_stat_flush_done    0x00000000
W43  0xCC   mtx_stat_tx_words      0x762557d9
W44  0xD0   mtx_stat_tx_ctrl_char  0xaf3540c9
W45  0xD4   txcdc_ovf_cnt          0x00000000
W46  0xD8   cls_dbg_stat_ovf       0x00000000
W47  0xDC   cls_dbg_stat_route_ovf 0x00000000
W48  0xE0   cls_dbg_stat_stall_in  0x00000000
W49  0xE4   cls_dbg_occ            0x00000000
W50  0xE8   tx_clk_act             0x75eb4d68
W51  0xEC   app_tx_bytes           0x01e00000
W52  0xF0   app_tx_frames          0x00005442
W53  0xF4   app_rx_bytes           0x00000000
W54  0xF8   app_mismatch           0x00000000
W55  0xFC   tx_stat_retx           0x00000000
W56  0x100  udpapp_tx_ovf          0x00000000
W57  0x104  tx_retx_hi             0x00000000
W58  0x108  tx_retx_active         0x00000000
W59  0x10C  stx_stat_fifo_ovf      0x00000000
W60  0x110  srx_stat_fifo_ovf      0x00000000
W61  0x114  app_ctrl_stat_wu       0x00000000
W62  0x118  app_ctrl_rx_occ_bytes  0x00000000
SNAP_END RYV_post nff=0
### PHASE nic_post 1791398000.471837414
     port_tx_bytes: 214229280125
     port_tx_packets: 150794684
     port_rx_good_bytes: 1941456488612
     port_rx_packets: 1411311034
     port_rx_bad: 5
     port_rx_nodesc_drops: 25979738
     rx_eth_crc_err: 6
TcpInSegs                       146314385          0.0
TcpOutSegs                      146727453          0.0
TcpRetransSegs                  23243              0.0
TcpExtTCPLossUndo               7                  0.0
TcpExtTCPFastRetrans            3631               0.0
TcpExtTCPRcvCollapsed           0                  0.0
TcpExtTCPOFOQueue               62479              0.0
TcpExtTCPACKSkippedPAWS         0                  0.0
TcpExtTCPACKSkippedSeq          1191               0.0
### PHASE idle_snap 1791398000.475627349
SNAP_BEGIN RYV_idle gen=5
W5   0x34   gmii_free_FE           0x8b11ab53
W51  0xEC   app_tx_bytes           0x01e00000
W52  0xF0   app_tx_frames          0x00005442
W15  0x5C   tx_stat_bytes_TCP      0x01e00000
W14  0x58   tx_stat_frames_TCP     0x00005460
W20  0x70   mac_tx_frames          0x0000549d
W43  0xCC   mtx_stat_tx_words      0x8b1250ef
W55  0xFC   tx_stat_retx           0x00000000
W57  0x104  tx_retx_hi             0x00000000
W58  0x108  tx_retx_active         0x00000000
W54  0xF8   app_mismatch           0x00000000
W61  0x114  app_ctrl_stat_wu       0x00000000
W62  0x118  app_ctrl_rx_occ_bytes  0x00000000
W56  0x100  udpapp_tx_ovf          0x00000000
W59  0x10C  stx_stat_fifo_ovf      0x00000000
W60  0x110  srx_stat_fifo_ovf      0x00000000
W0   0x20   rx_stat_frames         0x000046a2
W22  0x78   rx_stat_pass_TCP       0x000045cf
SNAP_END RYV_idle nff=0
### SINK tail:
SINK_CONN 26 OK bytes=1048576 first_mismatch=-1 mism_bytes=0 conn_ms=0.069 dur_ms=2.610 Mbps=3213.888 reads=49
SINK_CONN 27 OK bytes=1048576 first_mismatch=-1 mism_bytes=0 conn_ms=0.082 dur_ms=1.995 Mbps=4205.335 reads=12
SINK_CONN 28 OK bytes=1048576 first_mismatch=-1 mism_bytes=0 conn_ms=0.083 dur_ms=2.601 Mbps=3225.285 reads=28
SINK_CONN 29 OK bytes=1048576 first_mismatch=-1 mism_bytes=0 conn_ms=0.106 dur_ms=2.217 Mbps=3783.392 reads=9
SINK_SUM conns=30 fail_conns=0 bytes=31457280 clean_conns=30 bad_conns=0 mismatch_bytes=0 wall_s=0.070 net_s=0.069 agg_Mbps=3629.568
SINK_DONE
### SINK_SUM:
SINK_SUM conns=30 fail_conns=0 bytes=31457280 clean_conns=30 bad_conns=0 mismatch_bytes=0 wall_s=0.070 net_s=0.069 agg_Mbps=3629.568
### SINK head:
SINK_CONN 0 OK bytes=1048576 first_mismatch=-1 mism_bytes=0 conn_ms=0.172 dur_ms=2.317 Mbps=3620.195 reads=18
SINK_CONN 1 OK bytes=1048576 first_mismatch=-1 mism_bytes=0 conn_ms=0.090 dur_ms=2.045 Mbps=4101.369 reads=10
SINK_CONN 2 OK bytes=1048576 first_mismatch=-1 mism_bytes=0 conn_ms=0.085 dur_ms=2.605 Mbps=3220.397 reads=47
### CPU samples (last 24):
SYS_T 1791397999.080489546 cpu  366855 15851 262236 79508098 62062 0 131136 0 0 0
PS_T  1791397999.082584140  100 p7b_tcp_sink| 2.7 htop| 0.6 sshd| 0.5 java| 0.1 ksoftirqd/2| 0.1 gnome-shell|
### SS samples (last 6):
SS_T 1791397998.000554907 State Recv-Q Send-Q Local Address:Port Peer Address:PortProcess|
SS_T 1791397998.512493997 State Recv-Q Send-Q Local Address:Port Peer Address:PortProcess|
SS_T 1791397999.027327105 State Recv-Q Send-Q Local Address:Port Peer Address:PortProcess|
### PCAP: -rw-r--r-- 1 tcpdump tcpdump 3669768 Oct  8 02:33 /tmp/RYV.pcap
39504 packets captured
39621 packets received by filter
0 packets dropped by kernel
STC_META_BOARD_BID_END=0x00000011
STC_DL_DONE 1791398002.560414096
