### J6META_BEGIN 2026-10-07T14:09:54Z
STC_META_TAG=RXL STC_META_CONNS=30 STC_META_SECS=25 STC_META_RCVBUF=8388608
STC_META_SINK=./p7b_tcp_sink STC_META_SINK_EXTRA='' STC_META_PCAP_ON=1 STC_META_BID_EXPECT=0x0000000A
STC_META_SCRIPT=/tmp/p7b_biz/stc_dl.sh STC_META_SCRIPT_MD5=f50e5f82df7dda62f542108ab5a42f84
STC_META_SINK_MD5=7bc7f6536adb6c285536e9905c3b2ca6
STC_META_PACE=N/A(board_is_sender) STC_META_BOARD_BID_PRE=0x0000000a
STC_META_WRAP_RULE=all_board_cnt_32bit; delta_mod_2^32_with_k_recorded; W51_wrap@9.4Gbps=3.65s; W5_limit_27.487s
### PHASE route_carrier 1791382194.938605410
192.168.100.2 dev enp1s0f1np1 src 192.168.100.100 uid 0 
    cache 
CARRIER=1
### PHASE geom_gate 1791382194.941547448
ID_MAGIC 0x50360001   (want 0x50360001)
ID_BID   0x0000000a   (want 0x0000000A = 本构建的 BUILD_ID)
ID_MARKER 0xdeadbeef  (want 0xdeadbeef)
ID_UNIMPL 0xffffffff  (want 0xffffffff: 未实现地址必须走 SLVERR)
ID_OK 1791382194.960801140
STC_GEOM_OK NW=63 BID=0x0000000a
### PHASE nic_pre 1791382194.961838752
     port_tx_bytes: 182819682542
     port_tx_packets: 128408716
     port_rx_good_bytes: 1857621430897
     port_rx_packets: 1336317297
     port_rx_bad: 4
     port_rx_nodesc_drops: 25235291
     rx_eth_crc_err: 5
TcpInSegs                       124031902          0.0
TcpOutSegs                      124621023          0.0
TcpRetransSegs                  17227              0.0
TcpExtTCPLossUndo               5                  0.0
TcpExtTCPFastRetrans            3496               0.0
TcpExtTCPRcvCollapsed           0                  0.0
TcpExtTCPOFOQueue               48474              0.0
TcpExtTCPACKSkippedPAWS         0                  0.0
TcpExtTCPACKSkippedSeq          1191               0.0
### PHASE pre_snapshot 1791382194.965737404
SNAP_BEGIN RXL_pre gen=1
W0   0x20   rx_stat_frames         0x00000000
W1   0x24   rx_stat_bytes          0x00000000
W2   0x28   wl_last_lastframelen   0x00000000
W3   0x2C   rx_stat_crc_err        0x00000000
W4   0x30   rx_stat_drop           0x00000000
W5   0x34   gmii_free_FE           0x7ac114a5
W6   0x38   srx_stat_commit        0x00000000
W7   0x3C   stx_stat_frames        0x00000000
W8   0x40   udpapp_tx_frames       0x00000000
W9   0x44   udpapp_tx_bytes        0x00000000
W10  0x48   udpapp_rx_frames       0x00000000
W11  0x4C   udpapp_rx_bytes        0x00000000
W12  0x50   udpapp_rx_null         0x00000000
W13  0x54   udpapp_mismatch        0x00000000
W14  0x58   tx_stat_frames_TCP     0x00000000
W15  0x5C   tx_stat_bytes_TCP      0x00000000
W16  0x60   srx_hls_bytes          0x00000000
W17  0x64   hr_cnt_hlsreset        0x00000000
W18  0x68   stx_stat_purge         0x00000000
W19  0x6C   srx_stat_drop          0x00000000
W20  0x70   mac_tx_frames          0x00000000
W21  0x74   tx_stat_abort          0x00000000
W22  0x78   rx_stat_pass_TCP       0x00000000
W23  0x7C   rx_stat_nonmatch_TCP   0x00000000
W24  0x80   dp_free_DP             0x7adaec2e
W25  0x84   mmcm_locked            0x00000001
W26  0x88   rxcdc_full_cycles      0x00000003
W27  0x8C   rxcdc_occ_max          0x00000000
W28  0x90   txcdc_occ_max          0x00000000
W29  0x94   txwire_stall_cycles    0x00000000
W30  0x98   rxcdc_out_frames       0x00000000
W31  0x9C   rxcdc_out_bytes        0x00000000
W32  0xA0   rx_stat_drop_partial   0x00000000
W33  0xA4   rx_stat_orphan_bytes   0x00000000
W34  0xA8   rx_stat_drop_full      0x00000000
W35  0xAC   rx_stat_fifo_ovf       0x00000000
W36  0xB0   mrx_stat_rx_words      0x7ac10ddc
W37  0xB4   mrx_stat_rx_pay_bytes  0x00000000
W38  0xB8   rxcdc_ovf_cnt          0x00000000
W39  0xBC   pcs_status_bundle      0x2000100c
W40  0xC0   pcs_evt_bundle         0x000000ff
W41  0xC4   mtx_stat_flush_words   0x00000000
W42  0xC8   mtx_stat_flush_done    0x00000000
W43  0xCC   mtx_stat_tx_words      0x7ac1c304
W44  0xD0   mtx_stat_tx_ctrl_char  0xd60e1820
W45  0xD4   txcdc_ovf_cnt          0x00000000
W46  0xD8   cls_dbg_stat_ovf       0x00000000
W47  0xDC   cls_dbg_stat_route_ovf 0x00000000
W48  0xE0   cls_dbg_stat_stall_in  0x00000000
W49  0xE4   cls_dbg_occ            0x00000000
W50  0xE8   tx_clk_act             0x7a6873f6
W51  0xEC   app_tx_bytes           0x00000000
W52  0xF0   app_tx_frames          0x00000000
W53  0xF4   app_rx_bytes           0x00000000
W54  0xF8   app_mismatch           0x00000000
W55  0xFC   tx_stat_retx           0x00000000
W56  0x100  udpapp_tx_ovf          0x00000000
W57  0x104  tx_retx_hi             0x00000000
W58  0x108  tx_retx_active         0x00000000
W59  0x10C  stx_stat_fifo_ovf      0x00000000
W60  0x110  srx_stat_fifo_ovf      0x00000000
W61  0x114  app_ctrl_stat_wu       0x00000000
W62  0x118  app_ctrl_rx_occ_bytes  0x00000000
SNAP_END RXL_pre nff=0
### PHASE t0_snapshot 1791382196.205093634
SNAP_BEGIN RXL_t0 gen=2
W5   0x34   gmii_free_FE           0x864cac7d
W51  0xEC   app_tx_bytes           0x00000000
W52  0xF0   app_tx_frames          0x00000000
W15  0x5C   tx_stat_bytes_TCP      0x00000000
W14  0x58   tx_stat_frames_TCP     0x00000000
W20  0x70   mac_tx_frames          0x00000000
W43  0xCC   mtx_stat_tx_words      0x864d54d2
W55  0xFC   tx_stat_retx           0x00000000
W57  0x104  tx_retx_hi             0x00000000
W58  0x108  tx_retx_active         0x00000000
W54  0xF8   app_mismatch           0x00000000
W61  0x114  app_ctrl_stat_wu       0x00000000
W62  0x118  app_ctrl_rx_occ_bytes  0x00000000
W56  0x100  udpapp_tx_ovf          0x00000000
W59  0x10C  stx_stat_fifo_ovf      0x00000000
W60  0x110  srx_stat_fifo_ovf      0x00000000
W0   0x20   rx_stat_frames         0x00000000
W22  0x78   rx_stat_pass_TCP       0x00000000
SNAP_END RXL_t0 nff=0
### PHASE sink_start 1791382196.281484584
SINK_RC=0 1791382197.678590817
### PHASE t1_snapshot 1791382197.679592920
SNAP_BEGIN RXL_t1 gen=3
W5   0x34   gmii_free_FE           0x94080438
W51  0xEC   app_tx_bytes           0x01e00000
W52  0xF0   app_tx_frames          0x00005442
W15  0x5C   tx_stat_bytes_TCP      0x22db8500
W14  0x58   tx_stat_frames_TCP     0x00062180
W20  0x70   mac_tx_frames          0x000621bd
W43  0xCC   mtx_stat_tx_words      0x9408a553
W55  0xFC   tx_stat_retx           0x00002bb3
W57  0x104  tx_retx_hi             0x1244567a
W58  0x108  tx_retx_active         0x00000000
W54  0xF8   app_mismatch           0x00000000
W61  0x114  app_ctrl_stat_wu       0x00000000
W62  0x118  app_ctrl_rx_occ_bytes  0x00000000
W56  0x100  udpapp_tx_ovf          0x00000000
W59  0x10C  stx_stat_fifo_ovf      0x00000000
W60  0x110  srx_stat_fifo_ovf      0x00000000
W0   0x20   rx_stat_frames         0x000556fe
W22  0x78   rx_stat_pass_TCP       0x0005566f
SNAP_END RXL_t1 nff=0
### PHASE post_snapshot 1791382198.755980783
SNAP_BEGIN RXL_post gen=4
W0   0x20   rx_stat_frames         0x00055728
W1   0x24   rx_stat_bytes          0x0155cba4
W2   0x28   wl_last_lastframelen   0x00000040
W3   0x2C   rx_stat_crc_err        0x00000000
W4   0x30   rx_stat_drop           0x00000000
W5   0x34   gmii_free_FE           0x9e0fd8e8
W6   0x38   srx_stat_commit        0x00000091
W7   0x3C   stx_stat_frames        0x0000003d
W8   0x40   udpapp_tx_frames       0x00000000
W9   0x44   udpapp_tx_bytes        0x00000000
W10  0x48   udpapp_rx_frames       0x00000000
W11  0x4C   udpapp_rx_bytes        0x00000000
W12  0x50   udpapp_rx_null         0x00000000
W13  0x54   udpapp_mismatch        0x00000000
W14  0x58   tx_stat_frames_TCP     0x00062180
W15  0x5C   tx_stat_bytes_TCP      0x22db8500
W16  0x60   srx_hls_bytes          0x00002828
W17  0x64   hr_cnt_hlsreset        0x00000000
W18  0x68   stx_stat_purge         0x00000000
W19  0x6C   srx_stat_drop          0x00000000
W20  0x70   mac_tx_frames          0x000621bd
W21  0x74   tx_stat_abort          0x00000000
W22  0x78   rx_stat_pass_TCP       0x0005566f
W23  0x7C   rx_stat_nonmatch_TCP   0x00000028
W24  0x80   dp_free_DP             0x9e29aa84
W25  0x84   mmcm_locked            0x00000001
W26  0x88   rxcdc_full_cycles      0x00000003
W27  0x8C   rxcdc_occ_max          0x00000006
W28  0x90   txcdc_occ_max          0x00000100
W29  0x94   txwire_stall_cycles    0x000193a6
W30  0x98   rxcdc_out_frames       0x00055728
W31  0x9C   rxcdc_out_bytes        0x01406f04
W32  0xA0   rx_stat_drop_partial   0x00000000
W33  0xA4   rx_stat_orphan_bytes   0x00000000
W34  0xA8   rx_stat_drop_full      0x00000000
W35  0xAC   rx_stat_fifo_ovf       0x00000000
W36  0xB0   mrx_stat_rx_words      0x9e0fd220
W37  0xB4   mrx_stat_rx_pay_bytes  0x01406f04
W38  0xB8   rxcdc_ovf_cnt          0x00000000
W39  0xBC   pcs_status_bundle      0x2000100c
W40  0xC0   pcs_evt_bundle         0x000000ff
W41  0xC4   mtx_stat_flush_words   0x00000000
W42  0xC8   mtx_stat_flush_done    0x00000000
W43  0xCC   mtx_stat_tx_words      0x9e1074b7
W44  0xD0   mtx_stat_tx_ctrl_char  0xcc198481
W45  0xD4   txcdc_ovf_cnt          0x000193a6
W46  0xD8   cls_dbg_stat_ovf       0x00000000
W47  0xDC   cls_dbg_stat_route_ovf 0x00000000
W48  0xE0   cls_dbg_stat_stall_in  0x00000000
W49  0xE4   cls_dbg_occ            0x00000000
W50  0xE8   tx_clk_act             0x9d9d7ca6
W51  0xEC   app_tx_bytes           0x01e00000
W52  0xF0   app_tx_frames          0x00005442
W53  0xF4   app_rx_bytes           0x00000000
W54  0xF8   app_mismatch           0x00000000
W55  0xFC   tx_stat_retx           0x00002bb3
W56  0x100  udpapp_tx_ovf          0x00000000
W57  0x104  tx_retx_hi             0x1244567a
W58  0x108  tx_retx_active         0x00000000
W59  0x10C  stx_stat_fifo_ovf      0x00000000
W60  0x110  srx_stat_fifo_ovf      0x00000000
W61  0x114  app_ctrl_stat_wu       0x00000000
W62  0x118  app_ctrl_rx_occ_bytes  0x00000000
SNAP_END RXL_post nff=0
### PHASE nic_post 1791382198.994572421
     port_tx_bytes: 182842082258
     port_tx_packets: 128758705
     port_rx_good_bytes: 1858229553021
     port_rx_packets: 1336719150
     port_rx_bad: 4
     port_rx_nodesc_drops: 25254798
     rx_eth_crc_err: 5
TcpInSegs                       124414342          0.0
TcpOutSegs                      124990701          0.0
TcpRetransSegs                  17314              0.0
TcpExtTCPLossUndo               5                  0.0
TcpExtTCPFastRetrans            3496               0.0
TcpExtTCPRcvCollapsed           0                  0.0
TcpExtTCPOFOQueue               49607              0.0
TcpExtTCPACKSkippedPAWS         0                  0.0
TcpExtTCPACKSkippedSeq          1191               0.0
### PHASE idle_snap 1791382198.998364692
SNAP_BEGIN RXL_idle gen=5
W5   0x34   gmii_free_FE           0xb2f82c5f
W51  0xEC   app_tx_bytes           0x01e00000
W52  0xF0   app_tx_frames          0x00005442
W15  0x5C   tx_stat_bytes_TCP      0x22db8500
W14  0x58   tx_stat_frames_TCP     0x00062180
W20  0x70   mac_tx_frames          0x000621bd
W43  0xCC   mtx_stat_tx_words      0xb2f8bd14
W55  0xFC   tx_stat_retx           0x00002bb3
W57  0x104  tx_retx_hi             0x1244567a
W58  0x108  tx_retx_active         0x00000000
W54  0xF8   app_mismatch           0x00000000
W61  0x114  app_ctrl_stat_wu       0x00000000
W62  0x118  app_ctrl_rx_occ_bytes  0x00000000
W56  0x100  udpapp_tx_ovf          0x00000000
W59  0x10C  stx_stat_fifo_ovf      0x00000000
W60  0x110  srx_stat_fifo_ovf      0x00000000
W0   0x20   rx_stat_frames         0x0005574c
W22  0x78   rx_stat_pass_TCP       0x0005566f
SNAP_END RXL_idle nff=0
### SINK tail:
SINK_CONN 26 OK bytes=1048576 first_mismatch=-1 mism_bytes=0 conn_ms=0.126 dur_ms=20.412 Mbps=410.972 reads=49
SINK_CONN 27 OK bytes=1048576 first_mismatch=-1 mism_bytes=0 conn_ms=0.098 dur_ms=157.140 Mbps=53.383 reads=543
SINK_CONN 28 OK bytes=1048576 first_mismatch=-1 mism_bytes=0 conn_ms=0.152 dur_ms=103.537 Mbps=81.021 reads=4
SINK_CONN 29 OK bytes=1048576 first_mismatch=-1 mism_bytes=0 conn_ms=0.172 dur_ms=26.011 Mbps=322.507 reads=45
SINK_SUM conns=30 fail_conns=0 bytes=31457280 clean_conns=30 bad_conns=0 mismatch_bytes=0 wall_s=1.393 net_s=1.392 agg_Mbps=180.756
SINK_DONE
### SINK_SUM:
SINK_SUM conns=30 fail_conns=0 bytes=31457280 clean_conns=30 bad_conns=0 mismatch_bytes=0 wall_s=1.393 net_s=1.392 agg_Mbps=180.756
### SINK head:
SINK_CONN 0 OK bytes=1048576 first_mismatch=-1 mism_bytes=0 conn_ms=0.231 dur_ms=23.023 Mbps=364.350 reads=86
SINK_CONN 1 OK bytes=1048576 first_mismatch=-1 mism_bytes=0 conn_ms=0.105 dur_ms=19.718 Mbps=425.438 reads=63
SINK_CONN 2 OK bytes=1048576 first_mismatch=-1 mism_bytes=0 conn_ms=0.104 dur_ms=20.685 Mbps=405.550 reads=62
### CPU samples (last 24):
SYS_T 1791382196.282806003 cpu  333559 15848 222336 66965103 61734 0 124521 0 0 0
PS_T  1791382196.284762185  2.7 htop| 0.5 java| 0.2 ksoftirqd/2| 0.1 gnome-shell| 0.1 hw_server| 0.0 dbus-daemon|
SYS_T 1791382196.550299897 cpu  333563 15848 222339 66965293 61734 0 124537 0 0 0
PS_T  1791382196.552907812  3.5 p7b_tcp_sink| 2.7 htop| 1.4 tcpdump| 0.5 java| 0.2 ksoftirqd/2| 0.1 gnome-shell|
SYS_T 1791382196.822335116 cpu  333567 15848 222344 66965483 61734 0 124554 0 0 0
PS_T  1791382196.824806842  7.2 p7b_tcp_sink| 2.7 htop| 2.4 tcpdump| 0.5 java| 0.2 ksoftirqd/2| 0.1 gnome-shell|
SYS_T 1791382197.092572196 cpu  333569 15848 222346 66965686 61734 0 124561 0 0 0
PS_T  1791382197.095237894  6.0 p7b_tcp_sink| 3.1 tcpdump| 2.7 htop| 0.5 java| 0.2 ksoftirqd/2| 0.1 gnome-shell|
SYS_T 1791382197.360707883 cpu  333575 15848 222353 66965858 61734 0 124590 0 0 0
PS_T  1791382197.363297220  7.3 p7b_tcp_sink| 4.1 tcpdump| 2.7 htop| 0.5 java| 0.2 ksoftirqd/2| 0.1 gnome-shell|
SYS_T 1791382197.628545891 cpu  333576 15848 222356 66966048 61734 0 124609 0 0 0
PS_T  1791382197.631218718  6.6 p7b_tcp_sink| 4.5 tcpdump| 2.7 htop| 0.5 java| 0.2 ksoftirqd/2| 0.1 gnome-shell|
### SS samples (last 6):
SS_T 1791382195.204936355 State Recv-Q Send-Q Local Address:Port Peer Address:PortProcess|
SS_T 1791382195.715930082 State Recv-Q Send-Q Local Address:Port Peer Address:PortProcess|
SS_T 1791382196.226564758 State Recv-Q Send-Q Local Address:Port Peer Address:PortProcess|
SS_T 1791382196.739395882 State    Recv-Q Send-Q   Local Address:Port   Peer Address:PortProcess                                                                                                                                                                    
SS_T 1791382197.255563166 State    Recv-Q Send-Q   Local Address:Port   Peer Address:PortProcess                                                                                                                                                                    
### PCAP: -rw-r--r-- 1 tcpdump tcpdump 67180626 Oct  7 22:09 /tmp/RXL.pcap
730953 packets captured
732298 packets received by filter
0 packets dropped by kernel
STC_META_BOARD_BID_END=0x0000000a
STC_DL_DONE 1791382201.083191804
