### J6META_BEGIN 2026-10-07T13:27:48Z
STC_META_TAG=RXI STC_META_CONNS=30 STC_META_SECS=25 STC_META_RCVBUF=8388608
STC_META_SINK=./p7b_tcp_sink STC_META_SINK_EXTRA='' STC_META_PCAP_ON=0 STC_META_BID_EXPECT=0x0000000D
STC_META_SCRIPT=/tmp/p7b_biz/stc_dl.sh STC_META_SCRIPT_MD5=f50e5f82df7dda62f542108ab5a42f84
STC_META_SINK_MD5=7bc7f6536adb6c285536e9905c3b2ca6
STC_META_PACE=N/A(board_is_sender) STC_META_BOARD_BID_PRE=0x0000000d
STC_META_WRAP_RULE=all_board_cnt_32bit; delta_mod_2^32_with_k_recorded; W51_wrap@9.4Gbps=3.65s; W5_limit_27.487s
### PHASE route_carrier 1791379668.715201833
192.168.100.2 dev enp1s0f1np1 src 192.168.100.100 uid 0 
    cache 
CARRIER=1
### PHASE geom_gate 1791379668.718222177
ID_MAGIC 0x50360001   (want 0x50360001)
ID_BID   0x0000000d   (want 0x0000000D = 本构建的 BUILD_ID)
ID_MARKER 0xdeadbeef  (want 0xdeadbeef)
ID_UNIMPL 0xffffffff  (want 0xffffffff: 未实现地址必须走 SLVERR)
ID_OK 1791379668.737734448
STC_GEOM_OK NW=63 BID=0x0000000d
### PHASE nic_pre 1791379668.738726859
     port_tx_bytes: 182817412766
     port_tx_packets: 128373277
     port_rx_good_bytes: 1857517427733
     port_rx_packets: 1336248362
     port_rx_bad: 4
     port_rx_nodesc_drops: 25235291
     rx_eth_crc_err: 5
TcpInSegs                       123952540          0.0
TcpOutSegs                      124573413          0.0
TcpRetransSegs                  16229              0.0
TcpExtTCPLossUndo               5                  0.0
TcpExtTCPFastRetrans            3385               0.0
TcpExtTCPRcvCollapsed           0                  0.0
TcpExtTCPOFOQueue               44488              0.0
TcpExtTCPACKSkippedPAWS         0                  0.0
TcpExtTCPACKSkippedSeq          1191               0.0
### PHASE pre_snapshot 1791379668.742525797
SNAP_BEGIN RXI_pre gen=6
W0   0x20   rx_stat_frames         0x00003301
W1   0x24   rx_stat_bytes          0x000cc202
W2   0x28   wl_last_lastframelen   0x00000040
W3   0x2C   rx_stat_crc_err        0x00000000
W4   0x30   rx_stat_drop           0x00000000
W5   0x34   gmii_free_FE           0x5fc578d6
W6   0x38   srx_stat_commit        0x00000135
W7   0x3C   stx_stat_frames        0x00000048
W8   0x40   udpapp_tx_frames       0x00000000
W9   0x44   udpapp_tx_bytes        0x00000000
W10  0x48   udpapp_rx_frames       0x00000000
W11  0x4C   udpapp_rx_bytes        0x00000000
W12  0x50   udpapp_rx_null         0x00000000
W13  0x54   udpapp_mismatch        0x00000000
W14  0x58   tx_stat_frames_TCP     0x00005dd8
W15  0x5C   tx_stat_bytes_TCP      0x02160060
W16  0x60   srx_hls_bytes          0x000053d6
W17  0x64   hr_cnt_hlsreset        0x00000000
W18  0x68   stx_stat_purge         0x00000000
W19  0x6C   srx_stat_drop          0x00000000
W20  0x70   mac_tx_frames          0x00005e20
W21  0x74   tx_stat_abort          0x00000000
W22  0x78   rx_stat_pass_TCP       0x000031af
W23  0x7C   rx_stat_nonmatch_TCP   0x0000001d
W24  0x80   dp_free_DP             0x5fde5450
W25  0x84   mmcm_locked            0x00000001
W26  0x88   rxcdc_full_cycles      0x00000003
W27  0x8C   rxcdc_occ_max          0x00000006
W28  0x90   txcdc_occ_max          0x00000006
W29  0x94   txwire_stall_cycles    0x00000000
W30  0x98   rxcdc_out_frames       0x00003301
W31  0x9C   rxcdc_out_bytes        0x000bf5fe
W32  0xA0   rx_stat_drop_partial   0x00000000
W33  0xA4   rx_stat_orphan_bytes   0x00000000
W34  0xA8   rx_stat_drop_full      0x00000000
W35  0xAC   rx_stat_fifo_ovf       0x00000000
W36  0xB0   mrx_stat_rx_words      0x5fc5720f
W37  0xB4   mrx_stat_rx_pay_bytes  0x000bf5fe
W38  0xB8   rxcdc_ovf_cnt          0x00000000
W39  0xBC   pcs_status_bundle      0x2000100c
W40  0xC0   pcs_evt_bundle         0x000000ff
W41  0xC4   mtx_stat_flush_words   0x00000000
W42  0xC8   mtx_stat_flush_done    0x00000000
W43  0xCC   mtx_stat_tx_words      0x5fc35319
W44  0xD0   mtx_stat_tx_ctrl_char  0xfbecab7a
W45  0xD4   txcdc_ovf_cnt          0x00000000
W46  0xD8   cls_dbg_stat_ovf       0x00000000
W47  0xDC   cls_dbg_stat_route_ovf 0x00000000
W48  0xE0   cls_dbg_stat_stall_in  0x00000000
W49  0xE4   cls_dbg_occ            0x00000000
W50  0xE8   tx_clk_act             0x5cfe0719
W51  0xEC   app_tx_bytes           0x01e00000
W52  0xF0   app_tx_frames          0x00005442
W53  0xF4   app_rx_bytes           0x00000000
W54  0xF8   app_mismatch           0x00000000
W55  0xFC   tx_stat_retx           0x000004bc
W56  0x100  udpapp_tx_ovf          0x00000000
W57  0x104  tx_retx_hi             0x12368b15
W58  0x108  tx_retx_active         0x00000000
W59  0x10C  stx_stat_fifo_ovf      0x00000000
W60  0x110  srx_stat_fifo_ovf      0x00000000
W61  0x114  app_ctrl_stat_wu       0x00000000
W62  0x118  app_ctrl_rx_occ_bytes  0x00000000
SNAP_END RXI_pre nff=0
### PHASE t0_snapshot 1791379669.980856710
SNAP_BEGIN RXI_t0 gen=7
W5   0x34   gmii_free_FE           0x6b50cdff
W51  0xEC   app_tx_bytes           0x01e00000
W52  0xF0   app_tx_frames          0x00005442
W15  0x5C   tx_stat_bytes_TCP      0x02160060
W14  0x58   tx_stat_frames_TCP     0x00005dd8
W20  0x70   mac_tx_frames          0x00005e20
W43  0xCC   mtx_stat_tx_words      0x6b4ea149
W55  0xFC   tx_stat_retx           0x000004bc
W57  0x104  tx_retx_hi             0x12368b15
W58  0x108  tx_retx_active         0x00000000
W54  0xF8   app_mismatch           0x00000000
W61  0x114  app_ctrl_stat_wu       0x00000000
W62  0x118  app_ctrl_rx_occ_bytes  0x00000000
W56  0x100  udpapp_tx_ovf          0x00000000
W59  0x10C  stx_stat_fifo_ovf      0x00000000
W60  0x110  srx_stat_fifo_ovf      0x00000000
W0   0x20   rx_stat_frames         0x00003301
W22  0x78   rx_stat_pass_TCP       0x000031af
SNAP_END RXI_t0 nff=0
### PHASE sink_start 1791379670.057751407
SINK_RC=1 1791379690.311082636
### PHASE t1_snapshot 1791379690.312281300
SNAP_BEGIN RXI_t1 gen=8
W5   0x34   gmii_free_FE           0x28aa30ab
W51  0xEC   app_tx_bytes           0x03c00000
W52  0xF0   app_tx_frames          0x0000a884
W15  0x5C   tx_stat_bytes_TCP      0x04331780
W14  0x58   tx_stat_frames_TCP     0x0000bcef
W20  0x70   mac_tx_frames          0x0000bd71
W43  0xCC   mtx_stat_tx_words      0x28a79156
W55  0xFC   tx_stat_retx           0x00000a18
W57  0x104  tx_retx_hi             0x12355169
W58  0x108  tx_retx_active         0x00000000
W54  0xF8   app_mismatch           0x00000000
W61  0x114  app_ctrl_stat_wu       0x00000000
W62  0x118  app_ctrl_rx_occ_bytes  0x00000000
W56  0x100  udpapp_tx_ovf          0x00000000
W59  0x10C  stx_stat_fifo_ovf      0x00000000
W60  0x110  srx_stat_fifo_ovf      0x00000000
W0   0x20   rx_stat_frames         0x0000666e
W22  0x78   rx_stat_pass_TCP       0x00006438
SNAP_END RXI_t1 nff=0
### PHASE post_snapshot 1791379691.389887763
SNAP_BEGIN RXI_post gen=9
W0   0x20   rx_stat_frames         0x00006678
W1   0x24   rx_stat_bytes          0x0019a166
W2   0x28   wl_last_lastframelen   0x00000040
W3   0x2C   rx_stat_crc_err        0x00000000
W4   0x30   rx_stat_drop           0x00000000
W5   0x34   gmii_free_FE           0x32b558db
W6   0x38   srx_stat_commit        0x00000207
W7   0x3C   stx_stat_frames        0x00000082
W8   0x40   udpapp_tx_frames       0x00000000
W9   0x44   udpapp_tx_bytes        0x00000000
W10  0x48   udpapp_rx_frames       0x00000000
W11  0x4C   udpapp_rx_bytes        0x00000000
W12  0x50   udpapp_rx_null         0x00000000
W13  0x54   udpapp_mismatch        0x00000000
W14  0x58   tx_stat_frames_TCP     0x0000bcef
W15  0x5C   tx_stat_bytes_TCP      0x04331780
W16  0x60   srx_hls_bytes          0x00008d42
W17  0x64   hr_cnt_hlsreset        0x00000000
W18  0x68   stx_stat_purge         0x00000000
W19  0x6C   srx_stat_drop          0x00000000
W20  0x70   mac_tx_frames          0x0000bd71
W21  0x74   tx_stat_abort          0x00000000
W22  0x78   rx_stat_pass_TCP       0x00006438
W23  0x7C   rx_stat_nonmatch_TCP   0x00000039
W24  0x80   dp_free_DP             0x32ce04e6
W25  0x84   mmcm_locked            0x00000001
W26  0x88   rxcdc_full_cycles      0x00000003
W27  0x8C   rxcdc_occ_max          0x00000006
W28  0x90   txcdc_occ_max          0x00000006
W29  0x94   txwire_stall_cycles    0x00000000
W30  0x98   rxcdc_out_frames       0x00006678
W31  0x9C   rxcdc_out_bytes        0x00180786
W32  0xA0   rx_stat_drop_partial   0x00000000
W33  0xA4   rx_stat_orphan_bytes   0x00000000
W34  0xA8   rx_stat_drop_full      0x00000000
W35  0xAC   rx_stat_fifo_ovf       0x00000000
W36  0xB0   mrx_stat_rx_words      0x32b55214
W37  0xB4   mrx_stat_rx_pay_bytes  0x00180786
W38  0xB8   rxcdc_ovf_cnt          0x00000000
W39  0xBC   pcs_status_bundle      0x2000100c
W40  0xC0   pcs_evt_bundle         0x000000ff
W41  0xC4   mtx_stat_flush_words   0x00000000
W42  0xC8   mtx_stat_flush_done    0x00000000
W43  0xCC   mtx_stat_tx_words      0x32b2b36f
W44  0xD0   mtx_stat_tx_ctrl_char  0x91326169
W45  0xD4   txcdc_ovf_cnt          0x00000000
W46  0xD8   cls_dbg_stat_ovf       0x00000000
W47  0xDC   cls_dbg_stat_route_ovf 0x00000000
W48  0xE0   cls_dbg_stat_stall_in  0x00000000
W49  0xE4   cls_dbg_occ            0x00000000
W50  0xE8   tx_clk_act             0x2f80a55d
W51  0xEC   app_tx_bytes           0x03c00000
W52  0xF0   app_tx_frames          0x0000a884
W53  0xF4   app_rx_bytes           0x00000000
W54  0xF8   app_mismatch           0x00000000
W55  0xFC   tx_stat_retx           0x00000a18
W56  0x100  udpapp_tx_ovf          0x00000000
W57  0x104  tx_retx_hi             0x12355169
W58  0x108  tx_retx_active         0x00000000
W59  0x10C  stx_stat_fifo_ovf      0x00000000
W60  0x110  srx_stat_fifo_ovf      0x00000000
W61  0x114  app_ctrl_stat_wu       0x00000000
W62  0x118  app_ctrl_rx_occ_bytes  0x00000000
SNAP_END RXI_post nff=0
### PHASE nic_post 1791379691.626087758
     port_tx_bytes: 182818256386
     port_tx_packets: 128386452
     port_rx_good_bytes: 1857554304415
     port_rx_packets: 1336272763
     port_rx_bad: 4
     port_rx_nodesc_drops: 25235291
     rx_eth_crc_err: 5
TcpInSegs                       123977049          0.0
TcpOutSegs                      124586657          0.0
TcpRetransSegs                  16379              0.0
TcpExtTCPLossUndo               5                  0.0
TcpExtTCPFastRetrans            3385               0.0
TcpExtTCPRcvCollapsed           0                  0.0
TcpExtTCPOFOQueue               46733              0.0
TcpExtTCPACKSkippedPAWS         0                  0.0
TcpExtTCPACKSkippedSeq          1191               0.0
### PHASE idle_snap 1791379691.630001056
SNAP_BEGIN RXI_idle gen=10
W5   0x34   gmii_free_FE           0x4799e7ed
W51  0xEC   app_tx_bytes           0x03c00000
W52  0xF0   app_tx_frames          0x0000a884
W15  0x5C   tx_stat_bytes_TCP      0x04331780
W14  0x58   tx_stat_frames_TCP     0x0000bcef
W20  0x70   mac_tx_frames          0x0000bd72
W43  0xCC   mtx_stat_tx_words      0x479735d6
W55  0xFC   tx_stat_retx           0x00000a18
W57  0x104  tx_retx_hi             0x12355169
W58  0x108  tx_retx_active         0x00000000
W54  0xF8   app_mismatch           0x00000000
W61  0x114  app_ctrl_stat_wu       0x00000000
W62  0x118  app_ctrl_rx_occ_bytes  0x00000000
W56  0x100  udpapp_tx_ovf          0x00000000
W59  0x10C  stx_stat_fifo_ovf      0x00000000
W60  0x110  srx_stat_fifo_ovf      0x00000000
W0   0x20   rx_stat_frames         0x00006681
W22  0x78   rx_stat_pass_TCP       0x00006438
SNAP_END RXI_idle nff=0
### SINK tail:
SINK_CONN 26 OK bytes=1048576 first_mismatch=-1 mism_bytes=0 conn_ms=0.103 dur_ms=302.442 Mbps=27.736 reads=8
SINK_CONN 27 OK bytes=1048576 first_mismatch=-1 mism_bytes=0 conn_ms=0.158 dur_ms=304.854 Mbps=27.517 reads=10
SINK_CONN 28 OK bytes=1048576 first_mismatch=-1 mism_bytes=0 conn_ms=0.220 dur_ms=402.521 Mbps=20.840 reads=10
SINK_CONN 29 OK bytes=1048576 first_mismatch=-1 mism_bytes=0 conn_ms=0.139 dur_ms=402.595 Mbps=20.836 reads=10
SINK_SUM conns=30 fail_conns=0 bytes=31457280 clean_conns=19 bad_conns=11 mismatch_bytes=59045 wall_s=20.248 net_s=20.248 agg_Mbps=12.429
SINK_DONE
### SINK_SUM:
SINK_SUM conns=30 fail_conns=0 bytes=31457280 clean_conns=19 bad_conns=11 mismatch_bytes=59045 wall_s=20.248 net_s=20.248 agg_Mbps=12.429
### SINK head:
SINK_CONN 0 OK bytes=1048576 first_mismatch=-1 mism_bytes=0 conn_ms=0.121 dur_ms=406.858 Mbps=20.618 reads=8
SINK_CONN 1 OK bytes=1048576 first_mismatch=8760 mism_bytes=5982 conn_ms=1.043 dur_ms=304.335 Mbps=27.564 reads=6
SINK_CONN 2 OK bytes=1048576 first_mismatch=-1 mism_bytes=0 conn_ms=0.162 dur_ms=202.624 Mbps=41.400 reads=10
### CPU samples (last 24):
SYS_T 1791379687.245286437 cpu  329289 15848 216577 64970694 61688 0 124493 0 0 0
PS_T  1791379687.247890930  2.7 htop| 0.5 p7b_tcp_sink| 0.5 java| 0.4 bash| 0.2 ksoftirqd/2| 0.1 gnome-shell|
SYS_T 1791379687.515224417 cpu  329291 15848 216580 64970905 61688 0 124493 0 0 0
PS_T  1791379687.517846879  2.7 htop| 0.5 p7b_tcp_sink| 0.5 java| 0.4 bash| 0.2 ksoftirqd/2| 0.1 gnome-shell|
SYS_T 1791379687.783940936 cpu  329291 15848 216581 64971117 61688 0 124493 0 0 0
PS_T  1791379687.786541537  2.7 htop| 0.5 p7b_tcp_sink| 0.5 java| 0.3 bash| 0.2 ksoftirqd/2| 0.1 gnome-shell|
SYS_T 1791379688.053764625 cpu  329294 15848 216586 64971324 61688 0 124493 0 0 0
PS_T  1791379688.056402583  2.7 htop| 0.6 p7b_tcp_sink| 0.5 java| 0.3 bash| 0.2 ksoftirqd/2| 0.1 gnome-shell|
SYS_T 1791379688.323598583 cpu  329295 15848 216587 64971537 61688 0 124493 0 0 0
PS_T  1791379688.326315045  2.7 htop| 0.6 p7b_tcp_sink| 0.5 java| 0.3 bash| 0.2 ksoftirqd/2| 0.1 gnome-shell|
SYS_T 1791379688.593990694 cpu  329297 15848 216591 64971748 61688 0 124493 0 0 0
PS_T  1791379688.596656812  2.7 htop| 0.6 p7b_tcp_sink| 0.5 java| 0.3 bash| 0.2 ksoftirqd/2| 0.1 gnome-shell|
SYS_T 1791379688.863868304 cpu  329297 15848 216592 64971960 61688 0 124493 0 0 0
PS_T  1791379688.866452739  2.7 htop| 0.6 p7b_tcp_sink| 0.5 java| 0.3 bash| 0.2 ksoftirqd/2| 0.1 gnome-shell|
SYS_T 1791379689.133801976 cpu  329299 15848 216595 64972171 61688 0 124493 0 0 0
PS_T  1791379689.136376527  2.7 htop| 0.6 p7b_tcp_sink| 0.5 java| 0.3 bash| 0.2 ksoftirqd/2| 0.1 gnome-shell|
SYS_T 1791379689.402595054 cpu  329300 15848 216597 64972383 61688 0 124493 0 0 0
PS_T  1791379689.404675143  2.7 htop| 0.6 p7b_tcp_sink| 0.5 java| 0.3 bash| 0.2 ksoftirqd/2| 0.1 gnome-shell|
SYS_T 1791379689.670578259 cpu  329303 15848 216601 64972589 61688 0 124493 0 0 0
PS_T  1791379689.673193907  2.7 htop| 0.6 p7b_tcp_sink| 0.5 java| 0.3 bash| 0.2 ksoftirqd/2| 0.1 gnome-shell|
SYS_T 1791379689.940148284 cpu  329304 15848 216603 64972801 61688 0 124493 0 0 0
PS_T  1791379689.942338061  2.7 htop| 0.6 p7b_tcp_sink| 0.5 java| 0.3 bash| 0.2 ksoftirqd/2| 0.1 gnome-shell|
SYS_T 1791379690.208303821 cpu  329306 15848 216606 64973009 61688 0 124493 0 0 0
PS_T  1791379690.210380310  2.7 htop| 0.6 p7b_tcp_sink| 0.5 java| 0.3 bash| 0.2 ksoftirqd/2| 0.1 gnome-shell|
### SS samples (last 6):
SS_T 1791379687.473927355 State    Recv-Q Send-Q   Local Address:Port   Peer Address:PortProcess                                                                                                                                                                    
SS_T 1791379687.989777813 State    Recv-Q Send-Q   Local Address:Port   Peer Address:PortProcess                                                                                                                                                                    
SS_T 1791379688.505246447 State    Recv-Q Send-Q   Local Address:Port   Peer Address:PortProcess                                                                                                                                                                    
SS_T 1791379689.020730720 State    Recv-Q Send-Q   Local Address:Port   Peer Address:PortProcess                                                                                                                                                                    
SS_T 1791379689.536521017 State    Recv-Q Send-Q   Local Address:Port   Peer Address:PortProcess                                                                                                                                                                    
SS_T 1791379690.052072917 State    Recv-Q Send-Q   Local Address:Port   Peer Address:PortProcess                                                                                                                                                                    
STC_META_BOARD_BID_END=0x0000000d
STC_DL_DONE 1791379693.714574181
