### J6META_BEGIN 2026-10-07T18:38:42Z
STC_META_TAG=RYD STC_META_CONNS=30 STC_META_SECS=25 STC_META_RCVBUF=8388608
STC_META_SINK=./p7b_tcp_sink STC_META_SINK_EXTRA='' STC_META_PCAP_ON=1 STC_META_BID_EXPECT=0x0000000F
STC_META_SCRIPT=/tmp/p7b_biz/stc_dl.sh STC_META_SCRIPT_MD5=f50e5f82df7dda62f542108ab5a42f84
STC_META_SINK_MD5=7bc7f6536adb6c285536e9905c3b2ca6
STC_META_PACE=N/A(board_is_sender) STC_META_BOARD_BID_PRE=0x0000000f
STC_META_WRAP_RULE=all_board_cnt_32bit; delta_mod_2^32_with_k_recorded; W51_wrap@9.4Gbps=3.65s; W5_limit_27.487s
### PHASE route_carrier 1791398322.760810552
192.168.100.2 dev enp1s0f1np1 src 192.168.100.100 uid 0 
    cache 
CARRIER=1
### PHASE geom_gate 1791398322.763750837
ID_MAGIC 0x50360001   (want 0x50360001)
ID_BID   0x0000000f   (want 0x0000000F = 本构建的 BUILD_ID)
ID_MARKER 0xdeadbeef  (want 0xdeadbeef)
ID_UNIMPL 0xffffffff  (want 0xffffffff: 未实现地址必须走 SLVERR)
ID_OK 1791398322.782793709
STC_GEOM_OK NW=63 BID=0x0000000f
### PHASE nic_pre 1791398322.783813968
     port_tx_bytes: 214234803057
     port_tx_packets: 150880947
     port_rx_good_bytes: 1941622450712
     port_rx_packets: 1411420917
     port_rx_bad: 5
     port_rx_nodesc_drops: 25979738
     rx_eth_crc_err: 6
TcpInSegs                       146429908          0.0
TcpOutSegs                      146818507          0.0
TcpRetransSegs                  25022              0.0
TcpExtTCPLossUndo               7                  0.0
TcpExtTCPFastRetrans            3631               0.0
TcpExtTCPRcvCollapsed           0                  0.0
TcpExtTCPOFOQueue               63537              0.0
TcpExtTCPACKSkippedPAWS         0                  0.0
TcpExtTCPACKSkippedSeq          1191               0.0
### PHASE pre_snapshot 1791398322.787582642
SNAP_BEGIN RYD_pre gen=6
W0   0x20   rx_stat_frames         0x00002e97
W1   0x24   rx_stat_bytes          0x000ba764
W2   0x28   wl_last_lastframelen   0x00000040
W3   0x2C   rx_stat_crc_err        0x00000000
W4   0x30   rx_stat_drop           0x00000000
W5   0x34   gmii_free_FE           0x7cf0ea06
W6   0x38   srx_stat_commit        0x000000b5
W7   0x3C   stx_stat_frames        0x0000003d
W8   0x40   udpapp_tx_frames       0x00000000
W9   0x44   udpapp_tx_bytes        0x00000000
W10  0x48   udpapp_rx_frames       0x00000000
W11  0x4C   udpapp_rx_bytes        0x00000000
W12  0x50   udpapp_rx_null         0x00000000
W13  0x54   udpapp_mismatch        0x00000000
W14  0x58   tx_stat_frames_TCP     0x00005922
W15  0x5C   tx_stat_bytes_TCP      0x01fb1cb4
W16  0x60   srx_hls_bytes          0x000031b8
W17  0x64   hr_cnt_hlsreset        0x00000000
W18  0x68   stx_stat_purge         0x00000000
W19  0x6C   srx_stat_drop          0x00000000
W20  0x70   mac_tx_frames          0x0000595f
W21  0x74   tx_stat_abort          0x00000000
W22  0x78   rx_stat_pass_TCP       0x00002dc4
W23  0x7C   rx_stat_nonmatch_TCP   0x0000001e
W24  0x80   dp_free_DP             0x7d0ac26b
W25  0x84   mmcm_locked            0x00000001
W26  0x88   rxcdc_full_cycles      0x00000003
W27  0x8C   rxcdc_occ_max          0x00000006
W28  0x90   txcdc_occ_max          0x0000001a
W29  0x94   txwire_stall_cycles    0x00000000
W30  0x98   rxcdc_out_frames       0x00002e97
W31  0x9C   rxcdc_out_bytes        0x000aed08
W32  0xA0   rx_stat_drop_partial   0x00000000
W33  0xA4   rx_stat_orphan_bytes   0x00000000
W34  0xA8   rx_stat_drop_full      0x00000000
W35  0xAC   rx_stat_fifo_ovf       0x00000000
W36  0xB0   mrx_stat_rx_words      0x7cf0e341
W37  0xB4   mrx_stat_rx_pay_bytes  0x000aed08
W38  0xB8   rxcdc_ovf_cnt          0x00000000
W39  0xBC   pcs_status_bundle      0x2000100c
W40  0xC0   pcs_evt_bundle         0x000000ff
W41  0xC4   mtx_stat_flush_words   0x00000000
W42  0xC8   mtx_stat_flush_done    0x00000000
W43  0xCC   mtx_stat_tx_words      0x7cf197ef
W44  0xD0   mtx_stat_tx_ctrl_char  0xe57aef7d
W45  0xD4   txcdc_ovf_cnt          0x00000000
W46  0xD8   cls_dbg_stat_ovf       0x00000000
W47  0xDC   cls_dbg_stat_route_ovf 0x00000000
W48  0xE0   cls_dbg_stat_stall_in  0x00000000
W49  0xE4   cls_dbg_occ            0x00000000
W50  0xE8   tx_clk_act             0x7ca72780
W51  0xEC   app_tx_bytes           0x01e00000
W52  0xF0   app_tx_frames          0x00005442
W53  0xF4   app_rx_bytes           0x00000000
W54  0xF8   app_mismatch           0x00000000
W55  0xFC   tx_stat_retx           0x000000a9
W56  0x100  udpapp_tx_ovf          0x00000000
W57  0x104  tx_retx_hi             0x12445679
W58  0x108  tx_retx_active         0x00000000
W59  0x10C  stx_stat_fifo_ovf      0x00000000
W60  0x110  srx_stat_fifo_ovf      0x00000000
W61  0x114  app_ctrl_stat_wu       0x00000000
W62  0x118  app_ctrl_rx_occ_bytes  0x00000000
SNAP_END RYD_pre nff=0
### PHASE t0_snapshot 1791398324.027136530
SNAP_BEGIN RYD_t0 gen=7
W5   0x34   gmii_free_FE           0x88817736
W51  0xEC   app_tx_bytes           0x01e00000
W52  0xF0   app_tx_frames          0x00005442
W15  0x5C   tx_stat_bytes_TCP      0x01fb1cb4
W14  0x58   tx_stat_frames_TCP     0x00005922
W20  0x70   mac_tx_frames          0x0000595f
W43  0xCC   mtx_stat_tx_words      0x88821f22
W55  0xFC   tx_stat_retx           0x000000a9
W57  0x104  tx_retx_hi             0x12445679
W58  0x108  tx_retx_active         0x00000000
W54  0xF8   app_mismatch           0x00000000
W61  0x114  app_ctrl_stat_wu       0x00000000
W62  0x118  app_ctrl_rx_occ_bytes  0x00000000
W56  0x100  udpapp_tx_ovf          0x00000000
W59  0x10C  stx_stat_fifo_ovf      0x00000000
W60  0x110  srx_stat_fifo_ovf      0x00000000
W0   0x20   rx_stat_frames         0x00002e97
W22  0x78   rx_stat_pass_TCP       0x00002dc4
SNAP_END RYD_t0 nff=0
### PHASE sink_start 1791398324.105312390
SINK_RC=0 1791398324.642908798
### PHASE t1_snapshot 1791398324.644095381
SNAP_BEGIN RYD_t1 gen=8
W5   0x34   gmii_free_FE           0x8e3cb211
W51  0xEC   app_tx_bytes           0x03c00000
W52  0xF0   app_tx_frames          0x0000a884
W15  0x5C   tx_stat_bytes_TCP      0x03f23c8c
W14  0x58   tx_stat_frames_TCP     0x0000b190
W20  0x70   mac_tx_frames          0x0000b209
W43  0xCC   mtx_stat_tx_words      0x8e3d5704
W55  0xFC   tx_stat_retx           0x0000012a
W57  0x104  tx_retx_hi             0x1235d495
W58  0x108  tx_retx_active         0x00000000
W54  0xF8   app_mismatch           0x00000000
W61  0x114  app_ctrl_stat_wu       0x00000000
W62  0x118  app_ctrl_rx_occ_bytes  0x00000000
W56  0x100  udpapp_tx_ovf          0x00000000
W59  0x10C  stx_stat_fifo_ovf      0x00000000
W60  0x110  srx_stat_fifo_ovf      0x00000000
W0   0x20   rx_stat_frames         0x00005955
W22  0x78   rx_stat_pass_TCP       0x00005807
SNAP_END RYD_t1 nff=0
### PHASE post_snapshot 1791398325.720755255
SNAP_BEGIN RYD_post gen=9
W0   0x20   rx_stat_frames         0x00005996
W1   0x24   rx_stat_bytes          0x001668c8
W2   0x28   wl_last_lastframelen   0x00000040
W3   0x2C   rx_stat_crc_err        0x00000000
W4   0x30   rx_stat_drop           0x00000000
W5   0x34   gmii_free_FE           0x984468fc
W6   0x38   srx_stat_commit        0x00000153
W7   0x3C   stx_stat_frames        0x00000079
W8   0x40   udpapp_tx_frames       0x00000000
W9   0x44   udpapp_tx_bytes        0x00000000
W10  0x48   udpapp_rx_frames       0x00000000
W11  0x4C   udpapp_rx_bytes        0x00000000
W12  0x50   udpapp_rx_null         0x00000000
W13  0x54   udpapp_mismatch        0x00000000
W14  0x58   tx_stat_frames_TCP     0x0000b190
W15  0x5C   tx_stat_bytes_TCP      0x03f23c8c
W16  0x60   srx_hls_bytes          0x00005d54
W17  0x64   hr_cnt_hlsreset        0x00000000
W18  0x68   stx_stat_purge         0x00000000
W19  0x6C   srx_stat_drop          0x00000000
W20  0x70   mac_tx_frames          0x0000b209
W21  0x74   tx_stat_abort          0x00000000
W22  0x78   rx_stat_pass_TCP       0x00005807
W23  0x7C   rx_stat_nonmatch_TCP   0x0000003c
W24  0x80   dp_free_DP             0x985e3d10
W25  0x84   mmcm_locked            0x00000001
W26  0x88   rxcdc_full_cycles      0x00000003
W27  0x8C   rxcdc_occ_max          0x00000006
W28  0x90   txcdc_occ_max          0x0000001a
W29  0x94   txwire_stall_cycles    0x00000000
W30  0x98   rxcdc_out_frames       0x00005996
W31  0x9C   rxcdc_out_bytes        0x00150270
W32  0xA0   rx_stat_drop_partial   0x00000000
W33  0xA4   rx_stat_orphan_bytes   0x00000000
W34  0xA8   rx_stat_drop_full      0x00000000
W35  0xAC   rx_stat_fifo_ovf       0x00000000
W36  0xB0   mrx_stat_rx_words      0x98446238
W37  0xB4   mrx_stat_rx_pay_bytes  0x00150270
W38  0xB8   rxcdc_ovf_cnt          0x00000000
W39  0xBC   pcs_status_bundle      0x2000100c
W40  0xC0   pcs_evt_bundle         0x000000ff
W41  0xC4   mtx_stat_flush_words   0x00000000
W42  0xC8   mtx_stat_flush_done    0x00000000
W43  0xCC   mtx_stat_tx_words      0x984508b5
W44  0xD0   mtx_stat_tx_ctrl_char  0xbe08d08f
W45  0xD4   txcdc_ovf_cnt          0x00000000
W46  0xD8   cls_dbg_stat_ovf       0x00000000
W47  0xDC   cls_dbg_stat_route_ovf 0x00000000
W48  0xE0   cls_dbg_stat_stall_in  0x00000000
W49  0xE4   cls_dbg_occ            0x00000000
W50  0xE8   tx_clk_act             0x97ea5292
W51  0xEC   app_tx_bytes           0x03c00000
W52  0xF0   app_tx_frames          0x0000a884
W53  0xF4   app_rx_bytes           0x00000000
W54  0xF8   app_mismatch           0x00000000
W55  0xFC   tx_stat_retx           0x0000012a
W56  0x100  udpapp_tx_ovf          0x00000000
W57  0x104  tx_retx_hi             0x1235d495
W58  0x108  tx_retx_active         0x00000000
W59  0x10C  stx_stat_fifo_ovf      0x00000000
W60  0x110  srx_stat_fifo_ovf      0x00000000
W61  0x114  app_ctrl_stat_wu       0x00000000
W62  0x118  app_ctrl_rx_occ_bytes  0x00000000
SNAP_END RYD_post nff=0
### PHASE nic_post 1791398325.956598751
     port_tx_bytes: 214235507925
     port_tx_packets: 150891954
     port_rx_good_bytes: 1941656740496
     port_rx_packets: 1411443615
     port_rx_bad: 5
     port_rx_nodesc_drops: 25979738
     rx_eth_crc_err: 6
TcpInSegs                       146452692          0.0
TcpOutSegs                      146829597          0.0
TcpRetransSegs                  25134              0.0
TcpExtTCPLossUndo               7                  0.0
TcpExtTCPFastRetrans            3631               0.0
TcpExtTCPRcvCollapsed           0                  0.0
TcpExtTCPOFOQueue               64336              0.0
TcpExtTCPACKSkippedPAWS         0                  0.0
TcpExtTCPACKSkippedSeq          1191               0.0
### PHASE idle_snap 1791398325.960362984
SNAP_BEGIN RYD_idle gen=10
W5   0x34   gmii_free_FE           0xad25baf0
W51  0xEC   app_tx_bytes           0x03c00000
W52  0xF0   app_tx_frames          0x0000a884
W15  0x5C   tx_stat_bytes_TCP      0x03f23c8c
W14  0x58   tx_stat_frames_TCP     0x0000b190
W20  0x70   mac_tx_frames          0x0000b209
W43  0xCC   mtx_stat_tx_words      0xad264fb7
W55  0xFC   tx_stat_retx           0x0000012a
W57  0x104  tx_retx_hi             0x1235d495
W58  0x108  tx_retx_active         0x00000000
W54  0xF8   app_mismatch           0x00000000
W61  0x114  app_ctrl_stat_wu       0x00000000
W62  0x118  app_ctrl_rx_occ_bytes  0x00000000
W56  0x100  udpapp_tx_ovf          0x00000000
W59  0x10C  stx_stat_fifo_ovf      0x00000000
W60  0x110  srx_stat_fifo_ovf      0x00000000
W0   0x20   rx_stat_frames         0x000059ca
W22  0x78   rx_stat_pass_TCP       0x00005807
SNAP_END RYD_idle nff=0
### SINK tail:
SINK_CONN 26 OK bytes=1048576 first_mismatch=-1 mism_bytes=0 conn_ms=0.071 dur_ms=23.012 Mbps=364.536 reads=15
SINK_CONN 27 OK bytes=1048576 first_mismatch=-1 mism_bytes=0 conn_ms=0.116 dur_ms=23.001 Mbps=364.706 reads=12
SINK_CONN 28 OK bytes=1048576 first_mismatch=-1 mism_bytes=0 conn_ms=0.113 dur_ms=2.629 Mbps=3190.404 reads=7
SINK_CONN 29 OK bytes=1048576 first_mismatch=-1 mism_bytes=0 conn_ms=0.094 dur_ms=22.886 Mbps=366.539 reads=7
SINK_SUM conns=30 fail_conns=0 bytes=31457280 clean_conns=30 bad_conns=0 mismatch_bytes=0 wall_s=0.533 net_s=0.533 agg_Mbps=472.523
SINK_DONE
### SINK_SUM:
SINK_SUM conns=30 fail_conns=0 bytes=31457280 clean_conns=30 bad_conns=0 mismatch_bytes=0 wall_s=0.533 net_s=0.533 agg_Mbps=472.523
### SINK head:
SINK_CONN 0 OK bytes=1048576 first_mismatch=-1 mism_bytes=0 conn_ms=0.158 dur_ms=2.323 Mbps=3611.189 reads=9
SINK_CONN 1 OK bytes=1048576 first_mismatch=-1 mism_bytes=0 conn_ms=0.142 dur_ms=22.092 Mbps=379.706 reads=9
SINK_CONN 2 OK bytes=1048576 first_mismatch=-1 mism_bytes=0 conn_ms=0.097 dur_ms=22.485 Mbps=373.073 reads=13
### CPU samples (last 24):
SYS_T 1791398324.106564209 cpu  367695 15851 263610 79765385 62078 0 131175 0 0 0
PS_T  1791398324.108659635  2.7 htop| 0.6 sshd| 0.5 java| 0.1 ksoftirqd/2| 0.1 gnome-shell| 0.1 hw_server|
SYS_T 1791398324.372883776 cpu  367702 15851 263613 79765584 62078 0 131178 0 0 0
PS_T  1791398324.375924119 22.2 p7b_tcp_sink| 2.7 htop| 0.5 sshd| 0.5 java| 0.1 ksoftirqd/2| 0.1 gnome-shell|
### SS samples (last 6):
SS_T 1791398323.026321450 State    Recv-Q Send-Q   Local Address:Port   Peer Address:PortProcess                                                                                                                                                                    
SS_T 1791398323.538750943 State    Recv-Q Send-Q   Local Address:Port   Peer Address:PortProcess                                                                                                                                                                    
SS_T 1791398324.054068130 State    Recv-Q Send-Q   Local Address:Port   Peer Address:PortProcess                                                                                                                                                                    
SS_T 1791398324.567027275 State    Recv-Q Send-Q   Local Address:Port   Peer Address:PortProcess                                                                                                                                                                    
### PCAP: -rw-r--r-- 1 tcpdump tcpdump 3163182 Oct  8 02:38 /tmp/RYD.pcap
32189 packets captured
33648 packets received by filter
0 packets dropped by kernel
STC_META_BOARD_BID_END=0x0000000f
STC_DL_DONE 1791398328.044795611
