### J6META_BEGIN 2026-10-07T16:12:04Z
STC_META_TAG=RXS STC_META_CONNS=30 STC_META_SECS=25 STC_META_RCVBUF=8388608
STC_META_SINK=./p7b_tcp_sink STC_META_SINK_EXTRA='' STC_META_PCAP_ON=1 STC_META_BID_EXPECT=0x0000000E
STC_META_SCRIPT=/tmp/p7b_biz/stc_dl.sh STC_META_SCRIPT_MD5=f50e5f82df7dda62f542108ab5a42f84
STC_META_SINK_MD5=7bc7f6536adb6c285536e9905c3b2ca6
STC_META_PACE=N/A(board_is_sender) STC_META_BOARD_BID_PRE=0x0000000e
STC_META_WRAP_RULE=all_board_cnt_32bit; delta_mod_2^32_with_k_recorded; W51_wrap@9.4Gbps=3.65s; W5_limit_27.487s
### PHASE route_carrier 1791389524.777358994
192.168.100.2 dev enp1s0f1np1 src 192.168.100.100 uid 0 
    cache 
CARRIER=1
### PHASE geom_gate 1791389524.780438894
ID_MAGIC 0x50360001   (want 0x50360001)
ID_BID   0x0000000e   (want 0x0000000E = 本构建的 BUILD_ID)
ID_MARKER 0xdeadbeef  (want 0xdeadbeef)
ID_UNIMPL 0xffffffff  (want 0xffffffff: 未实现地址必须走 SLVERR)
ID_OK 1791389524.799792975
STC_GEOM_OK NW=63 BID=0x0000000e
### PHASE nic_pre 1791389524.800830372
     port_tx_bytes: 214225938794
     port_tx_packets: 150742511
     port_rx_good_bytes: 1941320473186
     port_rx_packets: 1411220882
     port_rx_bad: 5
     port_rx_nodesc_drops: 25979738
     rx_eth_crc_err: 6
TcpInSegs                       146208081          0.0
TcpOutSegs                      146637954          0.0
TcpRetransSegs                  22236              0.0
TcpExtTCPLossUndo               5                  0.0
TcpExtTCPFastRetrans            3594               0.0
TcpExtTCPRcvCollapsed           0                  0.0
TcpExtTCPOFOQueue               60099              0.0
TcpExtTCPACKSkippedPAWS         0                  0.0
TcpExtTCPACKSkippedSeq          1191               0.0
### PHASE pre_snapshot 1791389524.804575493
SNAP_BEGIN RXS_pre gen=1
W0   0x20   rx_stat_frames         0x00000000
W1   0x24   rx_stat_bytes          0x00000000
W2   0x28   wl_last_lastframelen   0x00000000
W3   0x2C   rx_stat_crc_err        0x00000000
W4   0x30   rx_stat_drop           0x00000000
W5   0x34   gmii_free_FE           0x573ad620
W6   0x38   srx_stat_commit        0x00000000
W7   0x3C   stx_stat_frames        0x00000000
W8   0x40   udpapp_tx_frames       0x00000000
W9   0x44   udpapp_tx_bytes        0x00000000
W10  0x48   udpapp_rx_frames       0x00000000
W11  0x4C   udpapp_rx_bytes        0x00000000
W12  0x50   udpapp_rx_null         0x00000000
W13  0x54   udpapp_mismatch        0x00000000
W14  0x58   tx_stat_frames_TCP     0x00000000
W15  0x5C   tx_stat_bytes_TCP      0x00000000
W16  0x60   srx_hls_bytes          0x00000000
W17  0x64   hr_cnt_hlsreset        0x00000000
W18  0x68   stx_stat_purge         0x00000000
W19  0x6C   srx_stat_drop          0x00000000
W20  0x70   mac_tx_frames          0x00000000
W21  0x74   tx_stat_abort          0x00000000
W22  0x78   rx_stat_pass_TCP       0x00000000
W23  0x7C   rx_stat_nonmatch_TCP   0x00000000
W24  0x80   dp_free_DP             0x5754b309
W25  0x84   mmcm_locked            0x00000001
W26  0x88   rxcdc_full_cycles      0x00000003
W27  0x8C   rxcdc_occ_max          0x00000000
W28  0x90   txcdc_occ_max          0x00000000
W29  0x94   txwire_stall_cycles    0x00000000
W30  0x98   rxcdc_out_frames       0x00000000
W31  0x9C   rxcdc_out_bytes        0x00000000
W32  0xA0   rx_stat_drop_partial   0x00000000
W33  0xA4   rx_stat_orphan_bytes   0x00000000
W34  0xA8   rx_stat_drop_full      0x00000000
W35  0xAC   rx_stat_fifo_ovf       0x00000000
W36  0xB0   mrx_stat_rx_words      0x573acf58
W37  0xB4   mrx_stat_rx_pay_bytes  0x00000000
W38  0xB8   rxcdc_ovf_cnt          0x00000000
W39  0xBC   pcs_status_bundle      0x2000100c
W40  0xC0   pcs_evt_bundle         0x000000ff
W41  0xC4   mtx_stat_flush_words   0x00000000
W42  0xC8   mtx_stat_flush_done    0x00000000
W43  0xCC   mtx_stat_tx_words      0x573b964c
W44  0xD0   mtx_stat_tx_ctrl_char  0xb9dcb260
W45  0xD4   txcdc_ovf_cnt          0x00000000
W46  0xD8   cls_dbg_stat_ovf       0x00000000
W47  0xDC   cls_dbg_stat_route_ovf 0x00000000
W48  0xE0   cls_dbg_stat_stall_in  0x00000000
W49  0xE4   cls_dbg_occ            0x00000000
W50  0xE8   tx_clk_act             0x5711686a
W51  0xEC   app_tx_bytes           0x00000000
W52  0xF0   app_tx_frames          0x00000000
W53  0xF4   app_rx_bytes           0x00000000
W54  0xF8   app_mismatch           0x00000000
W55  0xFC   tx_stat_retx           0x00000000
W56  0x100  udpapp_tx_ovf          0x00000000
W57  0x104  tx_retx_hi             0x00000000
W58  0x108  tx_retx_active         0x00000000
W59  0x10C  stx_stat_fifo_ovf      0x00000000
W60  0x110  srx_stat_fifo_ovf      0x00000000
W61  0x114  app_ctrl_stat_wu       0x00000000
W62  0x118  app_ctrl_rx_occ_bytes  0x00000000
SNAP_END RXS_pre nff=0
### PHASE t0_snapshot 1791389526.046814680
SNAP_BEGIN RXS_t0 gen=2
W5   0x34   gmii_free_FE           0x62cf3a5e
W51  0xEC   app_tx_bytes           0x00000000
W52  0xF0   app_tx_frames          0x00000000
W15  0x5C   tx_stat_bytes_TCP      0x00000000
W14  0x58   tx_stat_frames_TCP     0x00000000
W20  0x70   mac_tx_frames          0x00000000
W43  0xCC   mtx_stat_tx_words      0x62cff477
W55  0xFC   tx_stat_retx           0x00000000
W57  0x104  tx_retx_hi             0x00000000
W58  0x108  tx_retx_active         0x00000000
W54  0xF8   app_mismatch           0x00000000
W61  0x114  app_ctrl_stat_wu       0x00000000
W62  0x118  app_ctrl_rx_occ_bytes  0x00000000
W56  0x100  udpapp_tx_ovf          0x00000000
W59  0x10C  stx_stat_fifo_ovf      0x00000000
W60  0x110  srx_stat_fifo_ovf      0x00000000
W0   0x20   rx_stat_frames         0x00000000
W22  0x78   rx_stat_pass_TCP       0x00000000
SNAP_END RXS_t0 nff=0
### PHASE sink_start 1791389526.126575730
SINK_RC=0 1791389528.696560203
### PHASE t1_snapshot 1791389528.697668839
SNAP_BEGIN RXS_t1 gen=3
W5   0x34   gmii_free_FE           0x7b7d9d35
W51  0xEC   app_tx_bytes           0x01e00000
W52  0xF0   app_tx_frames          0x00005442
W15  0x5C   tx_stat_bytes_TCP      0x01f9ff8c
W14  0x58   tx_stat_frames_TCP     0x000058ef
W20  0x70   mac_tx_frames          0x0000592c
W43  0xCC   mtx_stat_tx_words      0x7b7e4a43
W55  0xFC   tx_stat_retx           0x0000008d
W57  0x104  tx_retx_hi             0x1235eb65
W58  0x108  tx_retx_active         0x00000000
W54  0xF8   app_mismatch           0x00000000
W61  0x114  app_ctrl_stat_wu       0x00000000
W62  0x118  app_ctrl_rx_occ_bytes  0x00000000
W56  0x100  udpapp_tx_ovf          0x00000000
W59  0x10C  stx_stat_fifo_ovf      0x00000000
W60  0x110  srx_stat_fifo_ovf      0x00000000
W0   0x20   rx_stat_frames         0x00002bb8
W22  0x78   rx_stat_pass_TCP       0x00002b1e
SNAP_END RXS_t1 nff=0
### PHASE post_snapshot 1791389529.775023685
SNAP_BEGIN RXS_post gen=4
W0   0x20   rx_stat_frames         0x00002bd6
W1   0x24   rx_stat_bytes          0x000af724
W2   0x28   wl_last_lastframelen   0x00000040
W3   0x2C   rx_stat_crc_err        0x00000000
W4   0x30   rx_stat_drop           0x00000000
W5   0x34   gmii_free_FE           0x85877e6a
W6   0x38   srx_stat_commit        0x0000009a
W7   0x3C   stx_stat_frames        0x0000003d
W8   0x40   udpapp_tx_frames       0x00000000
W9   0x44   udpapp_tx_bytes        0x00000000
W10  0x48   udpapp_rx_frames       0x00000000
W11  0x4C   udpapp_rx_bytes        0x00000000
W12  0x50   udpapp_rx_null         0x00000000
W13  0x54   udpapp_mismatch        0x00000000
W14  0x58   tx_stat_frames_TCP     0x000058ef
W15  0x5C   tx_stat_bytes_TCP      0x01f9ff8c
W16  0x60   srx_hls_bytes          0x00002a8c
W17  0x64   hr_cnt_hlsreset        0x00000000
W18  0x68   stx_stat_purge         0x00000000
W19  0x6C   srx_stat_drop          0x00000000
W20  0x70   mac_tx_frames          0x0000592c
W21  0x74   tx_stat_abort          0x00000000
W22  0x78   rx_stat_pass_TCP       0x00002b1e
W23  0x7C   rx_stat_nonmatch_TCP   0x0000001e
W24  0x80   dp_free_DP             0x85a1534b
W25  0x84   mmcm_locked            0x00000001
W26  0x88   rxcdc_full_cycles      0x00000003
W27  0x8C   rxcdc_occ_max          0x00000006
W28  0x90   txcdc_occ_max          0x0000001a
W29  0x94   txwire_stall_cycles    0x00000000
W30  0x98   rxcdc_out_frames       0x00002bd6
W31  0x9C   rxcdc_out_bytes        0x000a47cc
W32  0xA0   rx_stat_drop_partial   0x00000000
W33  0xA4   rx_stat_orphan_bytes   0x00000000
W34  0xA8   rx_stat_drop_full      0x00000000
W35  0xAC   rx_stat_fifo_ovf       0x00000000
W36  0xB0   mrx_stat_rx_words      0x858777a1
W37  0xB4   mrx_stat_rx_pay_bytes  0x000a47cc
W38  0xB8   rxcdc_ovf_cnt          0x00000000
W39  0xBC   pcs_status_bundle      0x2000100c
W40  0xC0   pcs_evt_bundle         0x000000ff
W41  0xC4   mtx_stat_flush_words   0x00000000
W42  0xC8   mtx_stat_flush_done    0x00000000
W43  0xCC   mtx_stat_tx_words      0x85882622
W44  0xD0   mtx_stat_tx_ctrl_char  0x2a308b36
W45  0xD4   txcdc_ovf_cnt          0x00000000
W46  0xD8   cls_dbg_stat_ovf       0x00000000
W47  0xDC   cls_dbg_stat_route_ovf 0x00000000
W48  0xE0   cls_dbg_stat_stall_in  0x00000000
W49  0xE4   cls_dbg_occ            0x00000000
W50  0xE8   tx_clk_act             0x85478339
W51  0xEC   app_tx_bytes           0x01e00000
W52  0xF0   app_tx_frames          0x00005442
W53  0xF4   app_rx_bytes           0x00000000
W54  0xF8   app_mismatch           0x00000000
W55  0xFC   tx_stat_retx           0x0000008d
W56  0x100  udpapp_tx_ovf          0x00000000
W57  0x104  tx_retx_hi             0x1235eb65
W58  0x108  tx_retx_active         0x00000000
W59  0x10C  stx_stat_fifo_ovf      0x00000000
W60  0x110  srx_stat_fifo_ovf      0x00000000
W61  0x114  app_ctrl_stat_wu       0x00000000
W62  0x118  app_ctrl_rx_occ_bytes  0x00000000
SNAP_END RXS_post nff=0
### PHASE nic_post 1791389530.012553409
     port_tx_bytes: 214226657422
     port_tx_packets: 150753733
     port_rx_good_bytes: 1941354958856
     port_rx_packets: 1411243710
     port_rx_bad: 5
     port_rx_nodesc_drops: 25979738
     rx_eth_crc_err: 6
TcpInSegs                       146231003          0.0
TcpOutSegs                      146649267          0.0
TcpRetransSegs                  22333              0.0
TcpExtTCPLossUndo               5                  0.0
TcpExtTCPFastRetrans            3594               0.0
TcpExtTCPRcvCollapsed           0                  0.0
TcpExtTCPOFOQueue               60862              0.0
TcpExtTCPACKSkippedPAWS         0                  0.0
TcpExtTCPACKSkippedSeq          1191               0.0
### PHASE idle_snap 1791389530.016417807
SNAP_BEGIN RXS_idle gen=5
W5   0x34   gmii_free_FE           0x9a6c94dc
W51  0xEC   app_tx_bytes           0x01e00000
W52  0xF0   app_tx_frames          0x00005442
W15  0x5C   tx_stat_bytes_TCP      0x01f9ff8c
W14  0x58   tx_stat_frames_TCP     0x000058ef
W20  0x70   mac_tx_frames          0x0000592c
W43  0xCC   mtx_stat_tx_words      0x9a6d3169
W55  0xFC   tx_stat_retx           0x0000008d
W57  0x104  tx_retx_hi             0x1235eb65
W58  0x108  tx_retx_active         0x00000000
W54  0xF8   app_mismatch           0x00000000
W61  0x114  app_ctrl_stat_wu       0x00000000
W62  0x118  app_ctrl_rx_occ_bytes  0x00000000
W56  0x100  udpapp_tx_ovf          0x00000000
W59  0x10C  stx_stat_fifo_ovf      0x00000000
W60  0x110  srx_stat_fifo_ovf      0x00000000
W0   0x20   rx_stat_frames         0x00002bf1
W22  0x78   rx_stat_pass_TCP       0x00002b1e
SNAP_END RXS_idle nff=0
### SINK tail:
SINK_CONN 26 OK bytes=1048576 first_mismatch=-1 mism_bytes=0 conn_ms=0.148 dur_ms=106.568 Mbps=78.716 reads=14
SINK_CONN 27 OK bytes=1048576 first_mismatch=-1 mism_bytes=0 conn_ms=0.257 dur_ms=102.770 Mbps=81.625 reads=11
SINK_CONN 28 OK bytes=1048576 first_mismatch=-1 mism_bytes=0 conn_ms=0.108 dur_ms=2.728 Mbps=3074.780 reads=9
SINK_CONN 29 OK bytes=1048576 first_mismatch=-1 mism_bytes=0 conn_ms=0.100 dur_ms=102.672 Mbps=81.703 reads=6
SINK_SUM conns=30 fail_conns=0 bytes=31457280 clean_conns=30 bad_conns=0 mismatch_bytes=0 wall_s=2.565 net_s=2.565 agg_Mbps=98.111
SINK_DONE
### SINK_SUM:
SINK_SUM conns=30 fail_conns=0 bytes=31457280 clean_conns=30 bad_conns=0 mismatch_bytes=0 wall_s=2.565 net_s=2.565 agg_Mbps=98.111
### SINK head:
SINK_CONN 0 OK bytes=1048576 first_mismatch=-1 mism_bytes=0 conn_ms=0.216 dur_ms=2.505 Mbps=3349.072 reads=11
SINK_CONN 1 OK bytes=1048576 first_mismatch=-1 mism_bytes=0 conn_ms=0.103 dur_ms=104.925 Mbps=79.949 reads=9
SINK_CONN 2 OK bytes=1048576 first_mismatch=-1 mism_bytes=0 conn_ms=0.162 dur_ms=4.837 Mbps=1734.116 reads=8
### CPU samples (last 24):
SYS_T 1791389526.127809388 cpu  352506 15851 242061 72773471 61943 0 131075 0 0 0
PS_T  1791389526.129801176  2.7 htop| 0.6 sshd| 0.5 java| 0.2 ksoftirqd/2| 0.1 gnome-shell| 0.1 hw_server|
SYS_T 1791389526.394108429 cpu  352510 15851 242063 72773677 61943 0 131076 0 0 0
PS_T  1791389526.396723182  7.4 p7b_tcp_sink| 2.7 htop| 0.5 java| 0.5 sshd| 0.2 ksoftirqd/2| 0.1 gnome-shell|
SYS_T 1791389526.664878564 cpu  352512 15851 242066 72773887 61943 0 131076 0 0 0
PS_T  1791389526.667567377  5.5 p7b_tcp_sink| 2.7 htop| 0.5 java| 0.4 sshd| 0.2 ksoftirqd/2| 0.1 gnome-shell|
SYS_T 1791389526.935300171 cpu  352514 15851 242068 72774097 61944 0 131077 0 0 0
PS_T  1791389526.937871831  4.9 p7b_tcp_sink| 2.7 htop| 0.5 java| 0.4 sshd| 0.2 ksoftirqd/2| 0.1 gnome-shell|
SYS_T 1791389527.206246554 cpu  352518 15851 242071 72774306 61944 0 131078 0 0 0
PS_T  1791389527.210131206  4.6 p7b_tcp_sink| 2.7 htop| 0.5 java| 0.3 sshd| 0.2 ksoftirqd/2| 0.1 gnome-shell|
SYS_T 1791389527.477860098 cpu  352521 15851 242073 72774514 61944 0 131079 0 0 0
PS_T  1791389527.480459234  5.8 p7b_tcp_sink| 2.7 htop| 0.5 java| 0.3 sshd| 0.2 ksoftirqd/2| 0.1 gnome-shell|
SYS_T 1791389527.750430098 cpu  352526 15851 242078 72774721 61944 0 131080 0 0 0
PS_T  1791389527.754638284  6.7 p7b_tcp_sink| 2.7 htop| 0.5 java| 0.3 sshd| 0.2 ksoftirqd/2| 0.1 gnome-shell|
SYS_T 1791389528.021603114 cpu  352529 15851 242081 72774930 61944 0 131081 0 0 0
PS_T  1791389528.023422434  6.8 p7b_tcp_sink| 2.7 htop| 0.5 java| 0.2 sshd| 0.2 ksoftirqd/2| 0.1 gnome-shell|
SYS_T 1791389528.290565818 cpu  352530 15851 242084 72775138 61944 0 131081 0 0 0
PS_T  1791389528.293100394  5.9 p7b_tcp_sink| 2.7 htop| 0.5 java| 0.2 sshd| 0.2 ksoftirqd/2| 0.1 gnome-shell|
SYS_T 1791389528.560672705 cpu  352532 15851 242085 72775350 61944 0 131081 0 0 0
PS_T  1791389528.563272558  5.7 p7b_tcp_sink| 2.7 htop| 0.5 java| 0.2 sshd| 0.2 ksoftirqd/2| 0.1 gnome-shell|
### SS samples (last 6):
SS_T 1791389526.072318846 State Recv-Q Send-Q Local Address:Port Peer Address:PortProcess|
SS_T 1791389526.584630968 State    Recv-Q Send-Q   Local Address:Port   Peer Address:PortProcess                                                                                                                                                                    
SS_T 1791389527.100448318 State    Recv-Q Send-Q   Local Address:Port   Peer Address:PortProcess                                                                                                                                                                    
SS_T 1791389527.616051175 State    Recv-Q Send-Q   Local Address:Port   Peer Address:PortProcess                                                                                                                                                                    
SS_T 1791389528.131328916 State    Recv-Q Send-Q   Local Address:Port   Peer Address:PortProcess                                                                                                                                                                    
SS_T 1791389528.646974111 State    Recv-Q Send-Q   Local Address:Port   Peer Address:PortProcess                                                                                                                                                                    
### PCAP: -rw-r--r-- 1 tcpdump tcpdump 3203880 Oct  8 00:12 /tmp/RXS.pcap
32663 packets captured
34020 packets received by filter
0 packets dropped by kernel
STC_META_BOARD_BID_END=0x0000000e
STC_DL_DONE 1791389532.101253830
