### J6META_BEGIN 2026-10-07T11:51:49Z
STC_META_TAG=RXF3 STC_META_CONNS=30 STC_META_SECS=25 STC_META_RCVBUF=8388608
STC_META_SINK=./p7b_tcp_sink STC_META_SINK_EXTRA='' STC_META_PCAP_ON=1 STC_META_BID_EXPECT=0x0000000B
STC_META_SCRIPT=/tmp/p7b_biz/stc_dl.sh STC_META_SCRIPT_MD5=f50e5f82df7dda62f542108ab5a42f84
STC_META_SINK_MD5=7bc7f6536adb6c285536e9905c3b2ca6
STC_META_PACE=N/A(board_is_sender) STC_META_BOARD_BID_PRE=0x0000000b
STC_META_WRAP_RULE=all_board_cnt_32bit; delta_mod_2^32_with_k_recorded; W51_wrap@9.4Gbps=3.65s; W5_limit_27.487s
### PHASE route_carrier 1791373909.816389212
192.168.100.2 dev enp1s0f1np1 src 192.168.100.100 uid 0 
    cache 
CARRIER=1
### PHASE geom_gate 1791373909.819382932
ID_MAGIC 0x50360001   (want 0x50360001)
ID_BID   0x0000000b   (want 0x0000000B = 本构建的 BUILD_ID)
ID_MARKER 0xdeadbeef  (want 0xdeadbeef)
ID_UNIMPL 0xffffffff  (want 0xffffffff: 未实现地址必须走 SLVERR)
ID_OK 1791373909.838764665
STC_GEOM_OK NW=63 BID=0x0000000b
### PHASE nic_pre 1791373909.839765770
     port_tx_bytes: 182815106662
     port_tx_packets: 128337279
     port_rx_good_bytes: 1857423506147
     port_rx_packets: 1336185982
     port_rx_bad: 4
     port_rx_nodesc_drops: 25235291
     rx_eth_crc_err: 5
TcpInSegs                       123878191          0.0
TcpOutSegs                      124516221          0.0
TcpRetransSegs                  15114              0.0
TcpExtTCPLossUndo               5                  0.0
TcpExtTCPFastRetrans            3052               0.0
TcpExtTCPRcvCollapsed           0                  0.0
TcpExtTCPOFOQueue               40677              0.0
TcpExtTCPACKSkippedPAWS         0                  0.0
TcpExtTCPACKSkippedSeq          1191               0.0
### PHASE pre_snapshot 1791373909.843548304
SNAP_BEGIN RXF3_pre gen=11
W0   0x20   rx_stat_frames         0x0000546f
W1   0x24   rx_stat_bytes          0x00151f26
W2   0x28   wl_last_lastframelen   0x00000040
W3   0x2C   rx_stat_crc_err        0x00000000
W4   0x30   rx_stat_drop           0x00000000
W5   0x34   gmii_free_FE           0xaa74648d
W6   0x38   srx_stat_commit        0x00000240
W7   0x3C   stx_stat_frames        0x00000082
W8   0x40   udpapp_tx_frames       0x00000000
W9   0x44   udpapp_tx_bytes        0x00000000
W10  0x48   udpapp_rx_frames       0x00000000
W11  0x4C   udpapp_rx_bytes        0x00000000
W12  0x50   udpapp_rx_null         0x00000000
W13  0x54   udpapp_mismatch        0x00000000
W14  0x58   tx_stat_frames_TCP     0x0000ab90
W15  0x5C   tx_stat_bytes_TCP      0x03d00a40
W16  0x60   srx_hls_bytes          0x00009c66
W17  0x64   hr_cnt_hlsreset        0x00000000
W18  0x68   stx_stat_purge         0x00000000
W19  0x6C   srx_stat_drop          0x00000000
W20  0x70   mac_tx_frames          0x0000ac12
W21  0x74   tx_stat_abort          0x00000000
W22  0x78   rx_stat_pass_TCP       0x000051f3
W23  0x7C   rx_stat_nonmatch_TCP   0x0000003c
W24  0x80   dp_free_DP             0xaa8d2db5
W25  0x84   mmcm_locked            0x00000001
W26  0x88   rxcdc_full_cycles      0x00000003
W27  0x8C   rxcdc_occ_max          0x00000006
W28  0x90   txcdc_occ_max          0x00000006
W29  0x94   txwire_stall_cycles    0x00000000
W30  0x98   rxcdc_out_frames       0x0000546f
W31  0x9C   rxcdc_out_bytes        0x0013cd6a
W32  0xA0   rx_stat_drop_partial   0x00000000
W33  0xA4   rx_stat_orphan_bytes   0x00000000
W34  0xA8   rx_stat_drop_full      0x00000000
W35  0xAC   rx_stat_fifo_ovf       0x00000000
W36  0xB0   mrx_stat_rx_words      0xaa745dc4
W37  0xB4   mrx_stat_rx_pay_bytes  0x0013cd6a
W38  0xB8   rxcdc_ovf_cnt          0x00000000
W39  0xBC   pcs_status_bundle      0x2000100c
W40  0xC0   pcs_evt_bundle         0x000000ff
W41  0xC4   mtx_stat_flush_words   0x00000000
W42  0xC8   mtx_stat_flush_done    0x00000000
W43  0xCC   mtx_stat_tx_words      0xaa720edb
W44  0xD0   mtx_stat_tx_ctrl_char  0x4f94b328
W45  0xD4   txcdc_ovf_cnt          0x00000000
W46  0xD8   cls_dbg_stat_ovf       0x00000000
W47  0xDC   cls_dbg_stat_route_ovf 0x00000000
W48  0xE0   cls_dbg_stat_stall_in  0x00000000
W49  0xE4   cls_dbg_occ            0x00000000
W50  0xE8   tx_clk_act             0xa66e2e04
W51  0xEC   app_tx_bytes           0x03c00000
W52  0xF0   app_tx_frames          0x0000a884
W53  0xF4   app_rx_bytes           0x00000000
W54  0xF8   app_mismatch           0x00000000
W55  0xFC   tx_stat_retx           0x000000f0
W56  0x100  udpapp_tx_ovf          0x00000000
W57  0x104  tx_retx_hi             0x12354bb5
W58  0x108  tx_retx_active         0x00000000
W59  0x10C  stx_stat_fifo_ovf      0x00000000
W60  0x110  srx_stat_fifo_ovf      0x00000000
W61  0x114  app_ctrl_stat_wu       0x00000000
W62  0x118  app_ctrl_rx_occ_bytes  0x00000000
SNAP_END RXF3_pre nff=0
### PHASE t0_snapshot 1791373911.083949056
SNAP_BEGIN RXF3_t0 gen=12
W5   0x34   gmii_free_FE           0xb6045a8f
W51  0xEC   app_tx_bytes           0x03c00000
W52  0xF0   app_tx_frames          0x0000a884
W15  0x5C   tx_stat_bytes_TCP      0x03d00a40
W14  0x58   tx_stat_frames_TCP     0x0000ab90
W20  0x70   mac_tx_frames          0x0000ac12
W43  0xCC   mtx_stat_tx_words      0xb601fdd8
W55  0xFC   tx_stat_retx           0x000000f0
W57  0x104  tx_retx_hi             0x12354bb5
W58  0x108  tx_retx_active         0x00000000
W54  0xF8   app_mismatch           0x00000000
W61  0x114  app_ctrl_stat_wu       0x00000000
W62  0x118  app_ctrl_rx_occ_bytes  0x00000000
W56  0x100  udpapp_tx_ovf          0x00000000
W59  0x10C  stx_stat_fifo_ovf      0x00000000
W60  0x110  srx_stat_fifo_ovf      0x00000000
W0   0x20   rx_stat_frames         0x0000546f
W22  0x78   rx_stat_pass_TCP       0x000051f3
SNAP_END RXF3_t0 nff=0
### PHASE sink_start 1791373911.160370000
SINK_RC=0 1791373914.577247456
### PHASE t1_snapshot 1791373914.578401567
SNAP_BEGIN RXF3_t1 gen=13
W5   0x34   gmii_free_FE           0xd68f02f0
W51  0xEC   app_tx_bytes           0x05a00000
W52  0xF0   app_tx_frames          0x0000fcc6
W15  0x5C   tx_stat_bytes_TCP      0x05b80f60
W14  0x58   tx_stat_frames_TCP     0x00010158
W20  0x70   mac_tx_frames          0x00010216
W43  0xCC   mtx_stat_tx_words      0xd68c9271
W55  0xFC   tx_stat_retx           0x00000168
W57  0x104  tx_retx_hi             0x12354bb5
W58  0x108  tx_retx_active         0x00000000
W54  0xF8   app_mismatch           0x00000000
W61  0x114  app_ctrl_stat_wu       0x00000000
W62  0x118  app_ctrl_rx_occ_bytes  0x00000000
W56  0x100  udpapp_tx_ovf          0x00000000
W59  0x10C  stx_stat_fifo_ovf      0x00000000
W60  0x110  srx_stat_fifo_ovf      0x00000000
W0   0x20   rx_stat_frames         0x00007cae
W22  0x78   rx_stat_pass_TCP       0x00007991
SNAP_END RXF3_t1 nff=0
### PHASE post_snapshot 1791373915.655848572
SNAP_BEGIN RXF3_post gen=14
W0   0x20   rx_stat_frames         0x00007cc9
W1   0x24   rx_stat_bytes          0x001f374a
W2   0x28   wl_last_lastframelen   0x00000040
W3   0x2C   rx_stat_crc_err        0x00000000
W4   0x30   rx_stat_drop           0x00000000
W5   0x34   gmii_free_FE           0xe099208e
W6   0x38   srx_stat_commit        0x000002de
W7   0x3C   stx_stat_frames        0x000000be
W8   0x40   udpapp_tx_frames       0x00000000
W9   0x44   udpapp_tx_bytes        0x00000000
W10  0x48   udpapp_rx_frames       0x00000000
W11  0x4C   udpapp_rx_bytes        0x00000000
W12  0x50   udpapp_rx_null         0x00000000
W13  0x54   udpapp_mismatch        0x00000000
W14  0x58   tx_stat_frames_TCP     0x00010158
W15  0x5C   tx_stat_bytes_TCP      0x05b80f60
W16  0x60   srx_hls_bytes          0x0000c802
W17  0x64   hr_cnt_hlsreset        0x00000000
W18  0x68   stx_stat_purge         0x00000000
W19  0x6C   srx_stat_drop          0x00000000
W20  0x70   mac_tx_frames          0x00010216
W21  0x74   tx_stat_abort          0x00000000
W22  0x78   rx_stat_pass_TCP       0x00007991
W23  0x7C   rx_stat_nonmatch_TCP   0x0000005a
W24  0x80   dp_free_DP             0xe0b1dd72
W25  0x84   mmcm_locked            0x00000001
W26  0x88   rxcdc_full_cycles      0x00000003
W27  0x8C   rxcdc_occ_max          0x00000006
W28  0x90   txcdc_occ_max          0x00000006
W29  0x94   txwire_stall_cycles    0x00000000
W30  0x98   rxcdc_out_frames       0x00007cc9
W31  0x9C   rxcdc_out_bytes        0x001d4426
W32  0xA0   rx_stat_drop_partial   0x00000000
W33  0xA4   rx_stat_orphan_bytes   0x00000000
W34  0xA8   rx_stat_drop_full      0x00000000
W35  0xAC   rx_stat_fifo_ovf       0x00000000
W36  0xB0   mrx_stat_rx_words      0xe09919c6
W37  0xB4   mrx_stat_rx_pay_bytes  0x001d4426
W38  0xB8   rxcdc_ovf_cnt          0x00000000
W39  0xBC   pcs_status_bundle      0x2000100c
W40  0xC0   pcs_evt_bundle         0x000000ff
W41  0xC4   mtx_stat_flush_words   0x00000000
W42  0xC8   mtx_stat_flush_done    0x00000000
W43  0xCC   mtx_stat_tx_words      0xe096a9f5
W44  0xD0   mtx_stat_tx_ctrl_char  0xfebbadb8
W45  0xD4   txcdc_ovf_cnt          0x00000000
W46  0xD8   cls_dbg_stat_ovf       0x00000000
W47  0xDC   cls_dbg_stat_route_ovf 0x00000000
W48  0xE0   cls_dbg_stat_stall_in  0x00000000
W49  0xE4   cls_dbg_occ            0x00000000
W50  0xE8   tx_clk_act             0xdc6c7cd6
W51  0xEC   app_tx_bytes           0x05a00000
W52  0xF0   app_tx_frames          0x0000fcc6
W53  0xF4   app_rx_bytes           0x00000000
W54  0xF8   app_mismatch           0x00000000
W55  0xFC   tx_stat_retx           0x00000168
W56  0x100  udpapp_tx_ovf          0x00000000
W57  0x104  tx_retx_hi             0x12354bb5
W58  0x108  tx_retx_active         0x00000000
W59  0x10C  stx_stat_fifo_ovf      0x00000000
W60  0x110  srx_stat_fifo_ovf      0x00000000
W61  0x114  app_ctrl_stat_wu       0x00000000
W62  0x118  app_ctrl_rx_occ_bytes  0x00000000
SNAP_END RXF3_post nff=0
### PHASE nic_post 1791373915.893838759
     port_tx_bytes: 182815767818
     port_tx_packets: 128347603
     port_rx_good_bytes: 1857456766727
     port_rx_packets: 1336208002
     port_rx_bad: 4
     port_rx_nodesc_drops: 25235291
     rx_eth_crc_err: 5
TcpInSegs                       123900300          0.0
TcpOutSegs                      124526637          0.0
TcpRetransSegs                  15214              0.0
TcpExtTCPLossUndo               5                  0.0
TcpExtTCPFastRetrans            3052               0.0
TcpExtTCPRcvCollapsed           0                  0.0
TcpExtTCPOFOQueue               41510              0.0
TcpExtTCPACKSkippedPAWS         0                  0.0
TcpExtTCPACKSkippedSeq          1191               0.0
### PHASE idle_snap 1791373915.897601572
SNAP_BEGIN RXF3_idle gen=15
W5   0x34   gmii_free_FE           0xf57eeb4d
W51  0xEC   app_tx_bytes           0x05a00000
W52  0xF0   app_tx_frames          0x0000fcc6
W15  0x5C   tx_stat_bytes_TCP      0x05b80f60
W14  0x58   tx_stat_frames_TCP     0x00010158
W20  0x70   mac_tx_frames          0x00010216
W43  0xCC   mtx_stat_tx_words      0xf57c67fe
W55  0xFC   tx_stat_retx           0x00000168
W57  0x104  tx_retx_hi             0x12354bb5
W58  0x108  tx_retx_active         0x00000000
W54  0xF8   app_mismatch           0x00000000
W61  0x114  app_ctrl_stat_wu       0x00000000
W62  0x118  app_ctrl_rx_occ_bytes  0x00000000
W56  0x100  udpapp_tx_ovf          0x00000000
W59  0x10C  stx_stat_fifo_ovf      0x00000000
W60  0x110  srx_stat_fifo_ovf      0x00000000
W0   0x20   rx_stat_frames         0x00007ce3
W22  0x78   rx_stat_pass_TCP       0x00007991
SNAP_END RXF3_idle nff=0
### SINK tail:
SINK_CONN 26 OK bytes=1048576 first_mismatch=-1 mism_bytes=0 conn_ms=0.103 dur_ms=104.269 Mbps=80.452 reads=9
SINK_CONN 27 OK bytes=1048576 first_mismatch=-1 mism_bytes=0 conn_ms=0.242 dur_ms=202.575 Mbps=41.410 reads=9
SINK_CONN 28 OK bytes=1048576 first_mismatch=-1 mism_bytes=0 conn_ms=0.144 dur_ms=102.652 Mbps=81.719 reads=9
SINK_CONN 29 OK bytes=1048576 first_mismatch=-1 mism_bytes=0 conn_ms=0.100 dur_ms=2.488 Mbps=3371.096 reads=9
SINK_SUM conns=30 fail_conns=0 bytes=31457280 clean_conns=30 bad_conns=0 mismatch_bytes=0 wall_s=3.412 net_s=3.412 agg_Mbps=73.750
SINK_DONE
### SINK_SUM:
SINK_SUM conns=30 fail_conns=0 bytes=31457280 clean_conns=30 bad_conns=0 mismatch_bytes=0 wall_s=3.412 net_s=3.412 agg_Mbps=73.750
### SINK head:
SINK_CONN 0 OK bytes=1048576 first_mismatch=-1 mism_bytes=0 conn_ms=0.112 dur_ms=202.075 Mbps=41.512 reads=8
SINK_CONN 1 OK bytes=1048576 first_mismatch=-1 mism_bytes=0 conn_ms=0.139 dur_ms=2.534 Mbps=3310.376 reads=8
SINK_CONN 2 OK bytes=1048576 first_mismatch=-1 mism_bytes=0 conn_ms=0.157 dur_ms=103.111 Mbps=81.355 reads=12
### CPU samples (last 24):
SYS_T 1791373911.426943606 cpu  319802 15848 203414 60378808 61610 0 124446 0 0 0
PS_T  1791373911.429584023  2.7 htop| 0.5 java| 0.5 sshd| 0.2 ksoftirqd/2| 0.1 gnome-shell| 0.1 hw_server|
SYS_T 1791373911.697793618 cpu  319804 15848 203418 60379017 61610 0 124447 0 0 0
PS_T  1791373911.700647019  2.7 htop| 1.8 p7b_tcp_sink| 0.5 java| 0.4 sshd| 0.2 ksoftirqd/2| 0.1 gnome-shell|
SYS_T 1791373911.967932530 cpu  319806 15848 203419 60379229 61610 0 124447 0 0 0
PS_T  1791373911.970724641  2.7 htop| 2.4 p7b_tcp_sink| 0.5 java| 0.4 sshd| 0.2 ksoftirqd/2| 0.1 gnome-shell|
SYS_T 1791373912.238331560 cpu  319810 15848 203425 60379435 61610 0 124447 0 0 0
PS_T  1791373912.241071415  2.7 htop| 1.8 p7b_tcp_sink| 0.5 java| 0.3 sshd| 0.2 ksoftirqd/2| 0.1 gnome-shell|
SYS_T 1791373912.508157051 cpu  319811 15848 203427 60379647 61610 0 124447 0 0 0
PS_T  1791373912.510850022  2.7 htop| 2.2 p7b_tcp_sink| 0.5 java| 0.3 sshd| 0.2 ksoftirqd/2| 0.1 gnome-shell|
SYS_T 1791373912.778146005 cpu  319812 15848 203430 60379857 61610 0 124447 0 0 0
PS_T  1791373912.780823359  2.7 htop| 1.8 p7b_tcp_sink| 0.5 java| 0.3 sshd| 0.2 ksoftirqd/2| 0.1 gnome-shell|
SYS_T 1791373913.048048808 cpu  319814 15848 203432 60380068 61610 0 124448 0 0 0
PS_T  1791373913.050389740  2.7 htop| 2.6 p7b_tcp_sink| 0.5 java| 0.2 sshd| 0.2 ksoftirqd/2| 0.1 gnome-shell|
SYS_T 1791373913.316986392 cpu  319816 15848 203435 60380277 61610 0 124448 0 0 0
PS_T  1791373913.319693117  2.7 p7b_tcp_sink| 2.7 htop| 0.5 java| 0.2 sshd| 0.2 ksoftirqd/2| 0.1 gnome-shell|
SYS_T 1791373913.587515756 cpu  319820 15848 203438 60380486 61610 0 124449 0 0 0
PS_T  1791373913.590500131  3.2 p7b_tcp_sink| 2.7 htop| 0.5 java| 0.4 bash| 0.2 ksoftirqd/2| 0.2 sshd|
SYS_T 1791373913.858453928 cpu  319822 15848 203442 60380695 61610 0 124449 0 0 0
PS_T  1791373913.861271006  2.9 p7b_tcp_sink| 2.7 htop| 0.5 java| 0.3 bash| 0.2 ksoftirqd/2| 0.2 sshd|
SYS_T 1791373914.128647988 cpu  319824 15848 203443 60380907 61610 0 124449 0 0 0
PS_T  1791373914.131322539  2.7 htop| 2.6 p7b_tcp_sink| 0.5 java| 0.3 bash| 0.2 ksoftirqd/2| 0.2 sshd|
SYS_T 1791373914.398559392 cpu  319826 15848 203446 60381117 61610 0 124449 0 0 0
PS_T  1791373914.401254555  2.7 p7b_tcp_sink| 2.7 htop| 0.5 java| 0.3 bash| 0.2 ksoftirqd/2| 0.2 sshd|
### SS samples (last 6):
SS_T 1791373911.621695812 State    Recv-Q Send-Q   Local Address:Port   Peer Address:PortProcess                                                                                                                                                                    
SS_T 1791373912.137462453 State    Recv-Q Send-Q   Local Address:Port   Peer Address:PortProcess                                                                                                                                                                    
SS_T 1791373912.653194363 State    Recv-Q Send-Q   Local Address:Port   Peer Address:PortProcess                                                                                                                                                                    
SS_T 1791373913.169315874 State    Recv-Q Send-Q   Local Address:Port   Peer Address:PortProcess                                                                                                                                                                    
SS_T 1791373913.685377926 State    Recv-Q Send-Q   Local Address:Port   Peer Address:PortProcess                                                                                                                                                                    
SS_T 1791373914.201282688 State    Recv-Q Send-Q   Local Address:Port   Peer Address:PortProcess                                                                                                                                                                    
### PCAP: -rw-r--r-- 1 tcpdump tcpdump 3115578 Oct  7 19:51 /tmp/RXF3.pcap
31626 packets captured
32326 packets received by filter
0 packets dropped by kernel
STC_META_BOARD_BID_END=0x0000000b
STC_DL_DONE 1791373917.983395240
