### J6META_BEGIN 2026-10-07T17:54:47Z
STC_META_TAG=RXV STC_META_CONNS=30 STC_META_SECS=25 STC_META_RCVBUF=8388608
STC_META_SINK=./p7b_tcp_sink STC_META_SINK_EXTRA='' STC_META_PCAP_ON=1 STC_META_BID_EXPECT=0x00000010
STC_META_SCRIPT=/tmp/p7b_biz/stc_dl.sh STC_META_SCRIPT_MD5=f50e5f82df7dda62f542108ab5a42f84
STC_META_SINK_MD5=7bc7f6536adb6c285536e9905c3b2ca6
STC_META_PACE=N/A(board_is_sender) STC_META_BOARD_BID_PRE=0x00000010
STC_META_WRAP_RULE=all_board_cnt_32bit; delta_mod_2^32_with_k_recorded; W51_wrap@9.4Gbps=3.65s; W5_limit_27.487s
### PHASE route_carrier 1791395687.566916130
192.168.100.2 dev enp1s0f1np1 src 192.168.100.100 uid 0 
    cache 
CARRIER=1
### PHASE geom_gate 1791395687.569938202
ID_MAGIC 0x50360001   (want 0x50360001)
ID_BID   0x00000010   (want 0x00000010 = 本构建的 BUILD_ID)
ID_MARKER 0xdeadbeef  (want 0xdeadbeef)
ID_UNIMPL 0xffffffff  (want 0xffffffff: 未实现地址必须走 SLVERR)
ID_OK 1791395687.589464357
STC_GEOM_OK NW=63 BID=0x00000010
### PHASE nic_pre 1791395687.590485672
     port_tx_bytes: 214228119442
     port_tx_packets: 150776563
     port_rx_good_bytes: 1941423766762
     port_rx_packets: 1411289271
     port_rx_bad: 5
     port_rx_nodesc_drops: 25979738
     rx_eth_crc_err: 6
TcpInSegs                       146288082          0.0
TcpOutSegs                      146703535          0.0
TcpRetransSegs                  23110              0.0
TcpExtTCPLossUndo               7                  0.0
TcpExtTCPFastRetrans            3631               0.0
TcpExtTCPRcvCollapsed           0                  0.0
TcpExtTCPOFOQueue               62451              0.0
TcpExtTCPACKSkippedPAWS         0                  0.0
TcpExtTCPACKSkippedSeq          1191               0.0
### PHASE pre_snapshot 1791395687.594252637
SNAP_BEGIN RXV_pre gen=1
W0   0x20   rx_stat_frames         0x00000000
W1   0x24   rx_stat_bytes          0x00000000
W2   0x28   wl_last_lastframelen   0x00000000
W3   0x2C   rx_stat_crc_err        0x00000000
W4   0x30   rx_stat_drop           0x00000000
W5   0x34   gmii_free_FE           0x79fd4b19
W6   0x38   srx_stat_commit        0x00000000
W7   0x3C   stx_stat_frames        0x00000000
W8   0x40   udpapp_tx_frames       0x00000000
W9   0x44   udpapp_tx_bytes        0x00000000
W10  0x48   udpapp_rx_frames       0x00000000
W11  0x4C   udpapp_rx_bytes        0x00000000
W12  0x50   udpapp_rx_null         0x00000000
W13  0x54   udpapp_mismatch        0x00000000
W14  0x58   tx_stat_frames_TCP     0x00000000
W15  0x5C   tx_stat_bytes_TCP      0x00000000
W16  0x60   srx_hls_bytes          0x00000000
W17  0x64   hr_cnt_hlsreset        0x00000000
W18  0x68   stx_stat_purge         0x00000000
W19  0x6C   srx_stat_drop          0x00000000
W20  0x70   mac_tx_frames          0x00000000
W21  0x74   tx_stat_abort          0x00000000
W22  0x78   rx_stat_pass_TCP       0x00000000
W23  0x7C   rx_stat_nonmatch_TCP   0x00000000
W24  0x80   dp_free_DP             0x7a172262
W25  0x84   mmcm_locked            0x00000001
W26  0x88   rxcdc_full_cycles      0x00000003
W27  0x8C   rxcdc_occ_max          0x00000000
W28  0x90   txcdc_occ_max          0x00000000
W29  0x94   txwire_stall_cycles    0x00000000
W30  0x98   rxcdc_out_frames       0x00000000
W31  0x9C   rxcdc_out_bytes        0x00000000
W32  0xA0   rx_stat_drop_partial   0x00000000
W33  0xA4   rx_stat_orphan_bytes   0x00000000
W34  0xA8   rx_stat_drop_full      0x00000000
W35  0xAC   rx_stat_fifo_ovf       0x00000000
W36  0xB0   mrx_stat_rx_words      0x79fd4453
W37  0xB4   mrx_stat_rx_pay_bytes  0x00000000
W38  0xB8   rxcdc_ovf_cnt          0x00000000
W39  0xBC   pcs_status_bundle      0x2000100c
W40  0xC0   pcs_evt_bundle         0x000000ff
W41  0xC4   mtx_stat_flush_words   0x00000000
W42  0xC8   mtx_stat_flush_done    0x00000000
W43  0xCC   mtx_stat_tx_words      0x79fdf962
W44  0xD0   mtx_stat_tx_ctrl_char  0xcfefcb10
W45  0xD4   txcdc_ovf_cnt          0x00000000
W46  0xD8   cls_dbg_stat_ovf       0x00000000
W47  0xDC   cls_dbg_stat_route_ovf 0x00000000
W48  0xE0   cls_dbg_stat_stall_in  0x00000000
W49  0xE4   cls_dbg_occ            0x00000000
W50  0xE8   tx_clk_act             0x79ae4f88
W51  0xEC   app_tx_bytes           0x00000000
W52  0xF0   app_tx_frames          0x00000000
W53  0xF4   app_rx_bytes           0x00000000
W54  0xF8   app_mismatch           0x00000000
W55  0xFC   tx_stat_retx           0x00000000
W56  0x100  udpapp_tx_ovf          0x00000000
W57  0x104  tx_retx_hi             0x00000000
W58  0x108  tx_retx_active         0x00000000
W59  0x10C  stx_stat_fifo_ovf      0x00000000
W60  0x110  srx_stat_fifo_ovf      0x00000000
W61  0x114  app_ctrl_stat_wu       0x00000000
W62  0x118  app_ctrl_rx_occ_bytes  0x00000000
SNAP_END RXV_pre nff=0
### PHASE t0_snapshot 1791395688.835821337
SNAP_BEGIN RXV_t0 gen=2
W5   0x34   gmii_free_FE           0x85909b9d
W51  0xEC   app_tx_bytes           0x00000000
W52  0xF0   app_tx_frames          0x00000000
W15  0x5C   tx_stat_bytes_TCP      0x00000000
W14  0x58   tx_stat_frames_TCP     0x00000000
W20  0x70   mac_tx_frames          0x00000000
W43  0xCC   mtx_stat_tx_words      0x859143cd
W55  0xFC   tx_stat_retx           0x00000000
W57  0x104  tx_retx_hi             0x00000000
W58  0x108  tx_retx_active         0x00000000
W54  0xF8   app_mismatch           0x00000000
W61  0x114  app_ctrl_stat_wu       0x00000000
W62  0x118  app_ctrl_rx_occ_bytes  0x00000000
W56  0x100  udpapp_tx_ovf          0x00000000
W59  0x10C  stx_stat_fifo_ovf      0x00000000
W60  0x110  srx_stat_fifo_ovf      0x00000000
W0   0x20   rx_stat_frames         0x00000000
W22  0x78   rx_stat_pass_TCP       0x00000000
SNAP_END RXV_t0 nff=0
### PHASE sink_start 1791395688.913024528
SINK_RC=124 1791395758.915925020
### PHASE t1_snapshot 1791395758.916780828
SNAP_BEGIN RXV_t1 gen=3
W5   0x34   gmii_free_FE           0x123d0505
W51  0xEC   app_tx_bytes           0x00000000
W52  0xF0   app_tx_frames          0x00000000
W15  0x5C   tx_stat_bytes_TCP      0x00000000
W14  0x58   tx_stat_frames_TCP     0x00000000
W20  0x70   mac_tx_frames          0x00000009
W43  0xCC   mtx_stat_tx_words      0x123c3a01
W55  0xFC   tx_stat_retx           0x00000000
W57  0x104  tx_retx_hi             0x00000000
W58  0x108  tx_retx_active         0x00000000
W54  0xF8   app_mismatch           0x00000000
W61  0x114  app_ctrl_stat_wu       0x00000000
W62  0x118  app_ctrl_rx_occ_bytes  0x00000000
W56  0x100  udpapp_tx_ovf          0x00000000
W59  0x10C  stx_stat_fifo_ovf      0x00000000
W60  0x110  srx_stat_fifo_ovf      0x00000000
W0   0x20   rx_stat_frames         0x00000007
W22  0x78   rx_stat_pass_TCP       0x00000001
SNAP_END RXV_t1 nff=0
### PHASE post_snapshot 1791395759.993194363
SNAP_BEGIN RXV_post gen=4
W0   0x20   rx_stat_frames         0x00000009
W1   0x24   rx_stat_bytes          0x0000024e
W2   0x28   wl_last_lastframelen   0x00000040
W3   0x2C   rx_stat_crc_err        0x00000000
W4   0x30   rx_stat_drop           0x00000000
W5   0x34   gmii_free_FE           0x1c452b90
W6   0x38   srx_stat_commit        0x00000008
W7   0x3C   stx_stat_frames        0x00000009
W8   0x40   udpapp_tx_frames       0x00000000
W9   0x44   udpapp_tx_bytes        0x00000000
W10  0x48   udpapp_rx_frames       0x00000000
W11  0x4C   udpapp_rx_bytes        0x00000000
W12  0x50   udpapp_rx_null         0x00000000
W13  0x54   udpapp_mismatch        0x00000000
W14  0x58   tx_stat_frames_TCP     0x00000000
W15  0x5C   tx_stat_bytes_TCP      0x00000000
W16  0x60   srx_hls_bytes          0x0000022e
W17  0x64   hr_cnt_hlsreset        0x00000000
W18  0x68   stx_stat_purge         0x00000000
W19  0x6C   srx_stat_drop          0x00000000
W20  0x70   mac_tx_frames          0x00000009
W21  0x74   tx_stat_abort          0x00000000
W22  0x78   rx_stat_pass_TCP       0x00000001
W23  0x7C   rx_stat_nonmatch_TCP   0x00000000
W24  0x80   dp_free_DP             0x1c5e7ea4
W25  0x84   mmcm_locked            0x00000001
W26  0x88   rxcdc_full_cycles      0x00000003
W27  0x8C   rxcdc_occ_max          0x00000005
W28  0x90   txcdc_occ_max          0x00000006
W29  0x94   txwire_stall_cycles    0x00000000
W30  0x98   rxcdc_out_frames       0x00000009
W31  0x9C   rxcdc_out_bytes        0x0000022a
W32  0xA0   rx_stat_drop_partial   0x00000000
W33  0xA4   rx_stat_orphan_bytes   0x00000000
W34  0xA8   rx_stat_drop_full      0x00000000
W35  0xAC   rx_stat_fifo_ovf       0x00000000
W36  0xB0   mrx_stat_rx_words      0x1c4524c9
W37  0xB4   mrx_stat_rx_pay_bytes  0x0000022a
W38  0xB8   rxcdc_ovf_cnt          0x00000000
W39  0xBC   pcs_status_bundle      0x2000100c
W40  0xC0   pcs_evt_bundle         0x000000ff
W41  0xC4   mtx_stat_flush_words   0x00000000
W42  0xC8   mtx_stat_flush_done    0x00000000
W43  0xCC   mtx_stat_tx_words      0x1c445a93
W44  0xD0   mtx_stat_tx_ctrl_char  0xe222cdb1
W45  0xD4   txcdc_ovf_cnt          0x00000000
W46  0xD8   cls_dbg_stat_ovf       0x00000000
W47  0xDC   cls_dbg_stat_route_ovf 0x00000000
W48  0xE0   cls_dbg_stat_stall_in  0x00000000
W49  0xE4   cls_dbg_occ            0x00000000
W50  0xE8   tx_clk_act             0x1a3d77ac
W51  0xEC   app_tx_bytes           0x00000000
W52  0xF0   app_tx_frames          0x00000000
W53  0xF4   app_rx_bytes           0x00000000
W54  0xF8   app_mismatch           0x00000000
W55  0xFC   tx_stat_retx           0x00000000
W56  0x100  udpapp_tx_ovf          0x00000000
W57  0x104  tx_retx_hi             0x00000000
W58  0x108  tx_retx_active         0x00000000
W59  0x10C  stx_stat_fifo_ovf      0x00000000
W60  0x110  srx_stat_fifo_ovf      0x00000000
W61  0x114  app_ctrl_stat_wu       0x00000000
W62  0x118  app_ctrl_rx_occ_bytes  0x00000000
SNAP_END RXV_post nff=0
### PHASE nic_post 1791395760.231956206
     port_tx_bytes: 214228120032
     port_tx_packets: 150776572
     port_rx_good_bytes: 1941423768466
     port_rx_packets: 1411289280
     port_rx_bad: 5
     port_rx_nodesc_drops: 25979738
     rx_eth_crc_err: 6
TcpInSegs                       146288220          0.0
TcpOutSegs                      146703819          0.0
TcpRetransSegs                  23114              0.0
TcpExtTCPLossUndo               7                  0.0
TcpExtTCPFastRetrans            3631               0.0
TcpExtTCPRcvCollapsed           0                  0.0
TcpExtTCPOFOQueue               62451              0.0
TcpExtTCPACKSkippedPAWS         0                  0.0
TcpExtTCPACKSkippedSeq          1191               0.0
### PHASE idle_snap 1791395760.235855592
SNAP_BEGIN RXV_idle gen=5
W5   0x34   gmii_free_FE           0x312b67db
W51  0xEC   app_tx_bytes           0x00000000
W52  0xF0   app_tx_frames          0x00000000
W15  0x5C   tx_stat_bytes_TCP      0x00000000
W14  0x58   tx_stat_frames_TCP     0x00000000
W20  0x70   mac_tx_frames          0x00000009
W43  0xCC   mtx_stat_tx_words      0x312a8a69
W55  0xFC   tx_stat_retx           0x00000000
W57  0x104  tx_retx_hi             0x00000000
W58  0x108  tx_retx_active         0x00000000
W54  0xF8   app_mismatch           0x00000000
W61  0x114  app_ctrl_stat_wu       0x00000000
W62  0x118  app_ctrl_rx_occ_bytes  0x00000000
W56  0x100  udpapp_tx_ovf          0x00000000
W59  0x10C  stx_stat_fifo_ovf      0x00000000
W60  0x110  srx_stat_fifo_ovf      0x00000000
W0   0x20   rx_stat_frames         0x0000000b
W22  0x78   rx_stat_pass_TCP       0x00000001
SNAP_END RXV_idle nff=0
### SINK tail:
### SINK_SUM:
### SINK head:
### CPU samples (last 24):
SYS_T 1791395755.880638692 cpu  362715 15851 256205 77726281 62024 0 131123 0 0 0
PS_T  1791395755.883383802  2.7 htop| 0.5 java| 0.4 bash| 0.1 ksoftirqd/2| 0.1 gnome-shell| 0.1 hw_server|
SYS_T 1791395756.150473303 cpu  362716 15851 256207 77726493 62025 0 131123 0 0 0
PS_T  1791395756.153122236  2.7 htop| 0.5 java| 0.4 bash| 0.1 ksoftirqd/2| 0.1 gnome-shell| 0.1 hw_server|
SYS_T 1791395756.420404036 cpu  362718 15851 256208 77726705 62025 0 131123 0 0 0
PS_T  1791395756.423122736  2.7 htop| 0.5 java| 0.4 bash| 0.1 ksoftirqd/2| 0.1 gnome-shell| 0.1 hw_server|
SYS_T 1791395756.688113410 cpu  362719 15851 256210 77726917 62025 0 131123 0 0 0
PS_T  1791395756.690722671  2.7 htop| 0.5 java| 0.4 bash| 0.1 ksoftirqd/2| 0.1 gnome-shell| 0.1 hw_server|
SYS_T 1791395756.957421489 cpu  362720 15851 256211 77727129 62025 0 131123 0 0 0
PS_T  1791395756.959246339  2.7 htop| 0.5 java| 0.4 bash| 0.1 ksoftirqd/2| 0.1 gnome-shell| 0.1 hw_server|
SYS_T 1791395757.222829594 cpu  362721 15851 256212 77727339 62025 0 131123 0 0 0
PS_T  1791395757.225460871  2.7 htop| 0.5 java| 0.4 bash| 0.1 ksoftirqd/2| 0.1 gnome-shell| 0.1 hw_server|
SYS_T 1791395757.493591808 cpu  362722 15851 256216 77727549 62025 0 131123 0 0 0
PS_T  1791395757.496312483  2.7 htop| 0.5 java| 0.4 bash| 0.1 ksoftirqd/2| 0.1 gnome-shell| 0.1 hw_server|
SYS_T 1791395757.763429126 cpu  362723 15851 256218 77727762 62025 0 131123 0 0 0
PS_T  1791395757.765586287  2.7 htop| 0.5 java| 0.4 bash| 0.1 ksoftirqd/2| 0.1 gnome-shell| 0.1 hw_server|
SYS_T 1791395758.032307862 cpu  362724 15851 256219 77727975 62025 0 131123 0 0 0
PS_T  1791395758.034888289  2.7 htop| 0.5 java| 0.4 bash| 0.1 ksoftirqd/2| 0.1 gnome-shell| 0.1 hw_server|
SYS_T 1791395758.302567069 cpu  362725 15851 256221 77728188 62025 0 131123 0 0 0
PS_T  1791395758.305195658  2.7 htop| 0.5 java| 0.4 bash| 0.1 ksoftirqd/2| 0.1 gnome-shell| 0.1 hw_server|
SYS_T 1791395758.572277044 cpu  362726 15851 256222 77728401 62025 0 131123 0 0 0
PS_T  1791395758.574877705  2.7 htop| 0.5 java| 0.4 bash| 0.1 ksoftirqd/2| 0.1 gnome-shell| 0.1 hw_server|
SYS_T 1791395758.841618066 cpu  362729 15851 256226 77728609 62025 0 131123 0 0 0
PS_T  1791395758.843531896  2.7 htop| 0.5 java| 0.4 bash| 0.1 ksoftirqd/2| 0.1 gnome-shell| 0.1 hw_server|
### SS samples (last 6):
SS_T 1791395710.449215909 State Recv-Q Send-Q   Local Address:Port   Peer Address:PortProcess|ESTAB 0      0      192.168.100.100:46742 192.168.100.2:8080|	 skmem:(r0,rb8388608,t0,tb87040,f0,w0,o0,bl0,d0) cubic rto:201 rtt:0.137/0.068 mss:1460 pmtu:1500 rcvmss
SS_T 1791395710.962208973 State Recv-Q Send-Q   Local Address:Port   Peer Address:PortProcess|ESTAB 0      0      192.168.100.100:46742 192.168.100.2:8080|	 skmem:(r0,rb8388608,t0,tb87040,f0,w0,o0,bl0,d0) cubic rto:201 rtt:0.137/0.068 mss:1460 pmtu:1500 rcvmss
SS_T 1791395711.473752264 State Recv-Q Send-Q   Local Address:Port   Peer Address:PortProcess|ESTAB 0      0      192.168.100.100:46742 192.168.100.2:8080|	 skmem:(r0,rb8388608,t0,tb87040,f0,w0,o0,bl0,d0) cubic rto:201 rtt:0.137/0.068 mss:1460 pmtu:1500 rcvmss
SS_T 1791395711.988205685 State Recv-Q Send-Q   Local Address:Port   Peer Address:PortProcess|ESTAB 0      0      192.168.100.100:46742 192.168.100.2:8080|	 skmem:(r0,rb8388608,t0,tb87040,f0,w0,o0,bl0,d0) cubic rto:201 rtt:0.137/0.068 mss:1460 pmtu:1500 rcvmss
SS_T 1791395712.499114383 State Recv-Q Send-Q   Local Address:Port   Peer Address:PortProcess|ESTAB 0      0      192.168.100.100:46742 192.168.100.2:8080|	 skmem:(r0,rb8388608,t0,tb87040,f0,w0,o0,bl0,d0) cubic rto:201 rtt:0.137/0.068 mss:1460 pmtu:1500 rcvmss
SS_T 1791395713.014021109 State Recv-Q Send-Q   Local Address:Port   Peer Address:PortProcess|ESTAB 0      0      192.168.100.100:46742 192.168.100.2:8080|	 skmem:(r0,rb8388608,t0,tb87040,f0,w0,o0,bl0,d0) cubic rto:201 rtt:0.137/0.068 mss:1460 pmtu:1500 rcvmss
### PCAP: -rw-r--r-- 1 tcpdump tcpdump 260 Oct  8 01:55 /tmp/RXV.pcap
3 packets captured
3 packets received by filter
0 packets dropped by kernel
STC_META_BOARD_BID_END=0x00000010
STC_DL_DONE 1791395762.320557864
