INFO: [VRFC 10-2263] Analyzing Verilog file "D:/repo/XCKU5PMini/udp_hls_10g/rtl/app_ctrl.v" into library xil_defaultlib
INFO: [VRFC 10-311] analyzing module app_ctrl
INFO: [VRFC 10-2263] Analyzing Verilog file "D:/repo/XCKU5PMini/udp_hls_10g/rtl/app_pattern.v" into library xil_defaultlib
INFO: [VRFC 10-311] analyzing module app_pattern
INFO: [VRFC 10-2263] Analyzing Verilog file "D:/repo/XCKU5PMini/udp_hls_10g/rtl/app_rx_mirror.v" into library xil_defaultlib
INFO: [VRFC 10-311] analyzing module app_rx_mirror
INFO: [VRFC 10-2263] Analyzing Verilog file "D:/repo/XCKU5PMini/udp_hls_10g/rtl/app_status_uart.v" into library xil_defaultlib
INFO: [VRFC 10-311] analyzing module app_status_uart
INFO: [VRFC 10-2263] Analyzing Verilog file "D:/repo/XCKU5PMini/udp_hls_10g/rtl/app_udp_pattern.v" into library xil_defaultlib
INFO: [VRFC 10-311] analyzing module app_udp_pattern
INFO: [VRFC 10-2263] Analyzing Verilog file "D:/repo/XCKU5PMini/udp_hls_10g/rtl/aximm_c2h_win.v" into library xil_defaultlib
INFO: [VRFC 10-311] analyzing module aximm_c2h_win
INFO: [VRFC 10-2263] Analyzing Verilog file "D:/repo/XCKU5PMini/udp_hls_10g/rtl/aximm_h2c_discard.v" into library xil_defaultlib
INFO: [VRFC 10-311] analyzing module aximm_h2c_discard
INFO: [VRFC 10-2263] Analyzing Verilog file "D:/repo/XCKU5PMini/udp_hls_10g/rtl/axis_pipe.v" into library xil_defaultlib
INFO: [VRFC 10-311] analyzing module axis_pipe
INFO: [VRFC 10-2263] Analyzing Verilog file "D:/repo/XCKU5PMini/udp_hls_10g/rtl/checksum16.v" into library xil_defaultlib
INFO: [VRFC 10-311] analyzing module checksum16
INFO: [VRFC 10-2263] Analyzing Verilog file "D:/repo/XCKU5PMini/udp_hls_10g/rtl/clk_gen_p6b.v" into library xil_defaultlib
INFO: [VRFC 10-311] analyzing module clk_gen_p6b
INFO: [VRFC 10-2263] Analyzing Verilog file "D:/repo/XCKU5PMini/udp_hls_10g/rtl/crc32_8b.v" into library xil_defaultlib
INFO: [VRFC 10-311] analyzing module crc32_8b
INFO: [VRFC 10-2263] Analyzing Verilog file "D:/repo/XCKU5PMini/udp_hls_10g/rtl/fifo_async.v" into library xil_defaultlib
INFO: [VRFC 10-311] analyzing module fifo_async
INFO: [VRFC 10-2263] Analyzing Verilog file "D:/repo/XCKU5PMini/udp_hls_10g/rtl/fifo_sync.v" into library xil_defaultlib
INFO: [VRFC 10-311] analyzing module fifo_sync
INFO: [VRFC 10-2263] Analyzing Verilog file "D:/repo/XCKU5PMini/udp_hls_10g/rtl/frame_fifo.v" into library xil_defaultlib
INFO: [VRFC 10-311] analyzing module frame_fifo
INFO: [VRFC 10-2263] Analyzing Verilog file "D:/repo/XCKU5PMini/udp_hls_10g/rtl/mac_rx_64.v" into library xil_defaultlib
INFO: [VRFC 10-311] analyzing module mac_rx_64
INFO: [VRFC 10-2263] Analyzing Verilog file "D:/repo/XCKU5PMini/udp_hls_10g/rtl/mac_tx_64.v" into library xil_defaultlib
INFO: [VRFC 10-311] analyzing module mac_tx_64
INFO: [VRFC 10-2263] Analyzing Verilog file "D:/repo/XCKU5PMini/udp_hls_10g/rtl/mir_dma_ring.v" into library xil_defaultlib
INFO: [VRFC 10-311] analyzing module mir_dma_ring
INFO: [VRFC 10-2263] Analyzing Verilog file "D:/repo/XCKU5PMini/udp_hls_10g/rtl/retx_ram.v" into library xil_defaultlib
INFO: [VRFC 10-311] analyzing module retx_ram
INFO: [VRFC 10-2263] Analyzing Verilog file "D:/repo/XCKU5PMini/udp_hls_10g/rtl/rx_classify.v" into library xil_defaultlib
INFO: [VRFC 10-311] analyzing module rx_classify
INFO: [VRFC 10-2263] Analyzing Verilog file "D:/repo/XCKU5PMini/udp_hls_10g/rtl/slow_cfg_adp.v" into library xil_defaultlib
INFO: [VRFC 10-311] analyzing module slow_cfg_adp
INFO: [VRFC 10-2263] Analyzing Verilog file "D:/repo/XCKU5PMini/udp_hls_10g/rtl/slow_rx_adp.v" into library xil_defaultlib
INFO: [VRFC 10-311] analyzing module slow_rx_adp
INFO: [VRFC 10-2263] Analyzing Verilog file "D:/repo/XCKU5PMini/udp_hls_10g/rtl/slow_tx_adp.v" into library xil_defaultlib
INFO: [VRFC 10-311] analyzing module slow_tx_adp
INFO: [VRFC 10-2263] Analyzing Verilog file "D:/repo/XCKU5PMini/udp_hls_10g/rtl/snap_cdc.v" into library xil_defaultlib
INFO: [VRFC 10-311] analyzing module snap_cdc
INFO: [VRFC 10-2263] Analyzing Verilog file "D:/repo/XCKU5PMini/udp_hls_10g/rtl/snap_seq.v" into library xil_defaultlib
INFO: [VRFC 10-311] analyzing module snap_seq
INFO: [VRFC 10-2263] Analyzing Verilog file "D:/repo/XCKU5PMini/udp_hls_10g/rtl/tcb.v" into library xil_defaultlib
INFO: [VRFC 10-311] analyzing module tcb
INFO: [VRFC 10-2263] Analyzing Verilog file "D:/repo/XCKU5PMini/udp_hls_10g/rtl/tcp_cam.v" into library xil_defaultlib
INFO: [VRFC 10-311] analyzing module tcp_cam
INFO: [VRFC 10-2263] Analyzing Verilog file "D:/repo/XCKU5PMini/udp_hls_10g/rtl/tcp_echo.v" into library xil_defaultlib
INFO: [VRFC 10-311] analyzing module tcp_echo
INFO: [VRFC 10-2263] Analyzing Verilog file "D:/repo/XCKU5PMini/udp_hls_10g/rtl/tcp_rx.v" into library xil_defaultlib
INFO: [VRFC 10-311] analyzing module tcp_rx
INFO: [VRFC 10-2263] Analyzing Verilog file "D:/repo/XCKU5PMini/udp_hls_10g/rtl/tcp_synp.v" into library xil_defaultlib
INFO: [VRFC 10-311] analyzing module tcp_synp
INFO: [VRFC 10-2263] Analyzing Verilog file "D:/repo/XCKU5PMini/udp_hls_10g/rtl/tcp_tx_frame.v" into library xil_defaultlib
INFO: [VRFC 10-311] analyzing module tcp_tx_frame
INFO: [VRFC 10-2263] Analyzing Verilog file "D:/repo/XCKU5PMini/udp_hls_10g/rtl/tx_arb.v" into library xil_defaultlib
INFO: [VRFC 10-311] analyzing module tx_arb
INFO: [VRFC 10-2263] Analyzing Verilog file "D:/repo/XCKU5PMini/udp_hls_10g/rtl/udp_echo.v" into library xil_defaultlib
INFO: [VRFC 10-311] analyzing module udp_echo
INFO: [VRFC 10-2263] Analyzing Verilog file "D:/repo/XCKU5PMini/udp_hls_10g/rtl/udp_rx.v" into library xil_defaultlib
INFO: [VRFC 10-311] analyzing module udp_rx
INFO: [VRFC 10-2263] Analyzing Verilog file "D:/repo/XCKU5PMini/udp_hls_10g/rtl/udp_split.v" into library xil_defaultlib
INFO: [VRFC 10-311] analyzing module udp_split_fifo
INFO: [VRFC 10-311] analyzing module udp_split
INFO: [VRFC 10-2263] Analyzing Verilog file "D:/repo/XCKU5PMini/udp_hls_10g/rtl/udp_tx_cfg.v" into library xil_defaultlib
INFO: [VRFC 10-311] analyzing module udp_tx_cfg
INFO: [VRFC 10-2263] Analyzing Verilog file "D:/repo/XCKU5PMini/udp_hls_10g/rtl/udp_tx_frame.v" into library xil_defaultlib
INFO: [VRFC 10-311] analyzing module udp_tx_frame
INFO: [VRFC 10-2263] Analyzing Verilog file "D:/repo/XCKU5PMini/udp_hls_10g/rtl/vlan_strip.v" into library xil_defaultlib
INFO: [VRFC 10-311] analyzing module vlan_strip
INFO: [VRFC 10-2263] Analyzing Verilog file "D:/repo/XCKU5PMini/udp_hls_10g/hls/slowstack_prj/solution1/syn/verilog/udp_echo.v" into library xil_defaultlib
INFO: [VRFC 10-311] analyzing module udp_echo
WARNING: [VRFC 10-3609] overwriting previous definition of module 'udp_echo' [D:/repo/XCKU5PMini/udp_hls_10g/hls/slowstack_prj/solution1/syn/verilog/udp_echo.v:12]
INFO: [VRFC 10-2263] Analyzing Verilog file "D:/repo/XCKU5PMini/udp_hls_10g/hls/slowstack_prj/solution1/syn/verilog/udp_echo_arp_dump.v" into library xil_defaultlib
INFO: [VRFC 10-311] analyzing module udp_echo_arp_dump
INFO: [VRFC 10-2263] Analyzing Verilog file "D:/repo/XCKU5PMini/udp_hls_10g/hls/slowstack_prj/solution1/syn/verilog/udp_echo_arp_dump_Pipeline_VITIS_LOOP_219_1.v" into library xil_defaultlib
INFO: [VRFC 10-311] analyzing module udp_echo_arp_dump_Pipeline_VITIS_LOOP_219_1
INFO: [VRFC 10-2263] Analyzing Verilog file "D:/repo/XCKU5PMini/udp_hls_10g/hls/slowstack_prj/solution1/syn/verilog/udp_echo_arp_dump_Pipeline_VITIS_LOOP_219_1_p_const_ZZL8arp_dumpRN3hls6streamI11gmii_bcud.v" into library xil_defaultlib
INFO: [VRFC 10-311] analyzing module udp_echo_arp_dump_Pipeline_VITIS_LOOP_219_1_p_const_ZZL8arp_dumpRN3hls6streamI11gmii_bcud
INFO: [VRFC 10-2263] Analyzing Verilog file "D:/repo/XCKU5PMini/udp_hls_10g/hls/slowstack_prj/solution1/syn/verilog/udp_echo_arp_dump_stream_gmii_byte_t_0_operator_s.v" into library xil_defaultlib
INFO: [VRFC 10-311] analyzing module udp_echo_arp_dump_stream_gmii_byte_t_0_operator_s
INFO: [VRFC 10-2263] Analyzing Verilog file "D:/repo/XCKU5PMini/udp_hls_10g/hls/slowstack_prj/solution1/syn/verilog/udp_echo_arp_rx_process.v" into library xil_defaultlib
INFO: [VRFC 10-311] analyzing module udp_echo_arp_rx_process
INFO: [VRFC 10-2263] Analyzing Verilog file "D:/repo/XCKU5PMini/udp_hls_10g/hls/slowstack_prj/solution1/syn/verilog/udp_echo_arp_rx_process_arp_bytes_RAM_AUTO_1R1W.v" into library xil_defaultlib
INFO: [VRFC 10-311] analyzing module udp_echo_arp_rx_process_arp_bytes_RAM_AUTO_1R1W
INFO: [VRFC 10-2263] Analyzing Verilog file "D:/repo/XCKU5PMini/udp_hls_10g/hls/slowstack_prj/solution1/syn/verilog/udp_echo_arp_rx_process_Pipeline_VITIS_LOOP_172_2.v" into library xil_defaultlib
INFO: [VRFC 10-311] analyzing module udp_echo_arp_rx_process_Pipeline_VITIS_LOOP_172_2
INFO: [VRFC 10-2263] Analyzing Verilog file "D:/repo/XCKU5PMini/udp_hls_10g/hls/slowstack_prj/solution1/syn/verilog/udp_echo_arp_rx_process_Pipeline_VITIS_LOOP_178_3.v" into library xil_defaultlib
INFO: [VRFC 10-311] analyzing module udp_echo_arp_rx_process_Pipeline_VITIS_LOOP_178_3
INFO: [VRFC 10-2263] Analyzing Verilog file "D:/repo/XCKU5PMini/udp_hls_10g/hls/slowstack_prj/solution1/syn/verilog/udp_echo_arp_rx_process_Pipeline_VITIS_LOOP_186_4.v" into library xil_defaultlib
INFO: [VRFC 10-311] analyzing module udp_echo_arp_rx_process_Pipeline_VITIS_LOOP_186_4
INFO: [VRFC 10-2263] Analyzing Verilog file "D:/repo/XCKU5PMini/udp_hls_10g/hls/slowstack_prj/solution1/syn/verilog/udp_echo_arp_rx_process_Pipeline_VITIS_LOOP_205_5.v" into library xil_defaultlib
INFO: [VRFC 10-311] analyzing module udp_echo_arp_rx_process_Pipeline_VITIS_LOOP_205_5
INFO: [VRFC 10-2263] Analyzing Verilog file "D:/repo/XCKU5PMini/udp_hls_10g/hls/slowstack_prj/solution1/syn/verilog/udp_echo_arp_update.v" into library xil_defaultlib
INFO: [VRFC 10-311] analyzing module udp_echo_arp_update
INFO: [VRFC 10-2263] Analyzing Verilog file "D:/repo/XCKU5PMini/udp_hls_10g/hls/slowstack_prj/solution1/syn/verilog/udp_echo_buffer_r_RAM_2P_BRAM_1R1W.v" into library xil_defaultlib
INFO: [VRFC 10-311] analyzing module udp_echo_buffer_r_RAM_2P_BRAM_1R1W
INFO: [VRFC 10-2263] Analyzing Verilog file "D:/repo/XCKU5PMini/udp_hls_10g/hls/slowstack_prj/solution1/syn/verilog/udp_echo_buffer_r_RAM_2P_BRAM_1R1W_ram.v" into library xil_defaultlib
INFO: [VRFC 10-311] analyzing module udp_echo_buffer_r_RAM_2P_BRAM_1R1W_ram
INFO: [VRFC 10-2263] Analyzing Verilog file "D:/repo/XCKU5PMini/udp_hls_10g/hls/slowstack_prj/solution1/syn/verilog/udp_echo_cfg_write.v" into library xil_defaultlib
INFO: [VRFC 10-311] analyzing module udp_echo_cfg_write
INFO: [VRFC 10-2263] Analyzing Verilog file "D:/repo/XCKU5PMini/udp_hls_10g/hls/slowstack_prj/solution1/syn/verilog/udp_echo_cfg_write_Pipeline_VITIS_LOOP_184_1.v" into library xil_defaultlib
INFO: [VRFC 10-311] analyzing module udp_echo_cfg_write_Pipeline_VITIS_LOOP_184_1
INFO: [VRFC 10-2263] Analyzing Verilog file "D:/repo/XCKU5PMini/udp_hls_10g/hls/slowstack_prj/solution1/syn/verilog/udp_echo_cfg_write_Pipeline_VITIS_LOOP_186_2.v" into library xil_defaultlib
INFO: [VRFC 10-311] analyzing module udp_echo_cfg_write_Pipeline_VITIS_LOOP_186_2
INFO: [VRFC 10-2263] Analyzing Verilog file "D:/repo/XCKU5PMini/udp_hls_10g/hls/slowstack_prj/solution1/syn/verilog/udp_echo_cfg_write_w_RAM_AUTO_1R1W.v" into library xil_defaultlib
INFO: [VRFC 10-311] analyzing module udp_echo_cfg_write_w_RAM_AUTO_1R1W
INFO: [VRFC 10-2263] Analyzing Verilog file "D:/repo/XCKU5PMini/udp_hls_10g/hls/slowstack_prj/solution1/syn/verilog/udp_echo_dhcp_build_headers.v" into library xil_defaultlib
INFO: [VRFC 10-311] analyzing module udp_echo_dhcp_build_headers
INFO: [VRFC 10-2263] Analyzing Verilog file "D:/repo/XCKU5PMini/udp_hls_10g/hls/slowstack_prj/solution1/syn/verilog/udp_echo_dhcp_build_headers_ip_words_RAM_AUTO_1R1W.v" into library xil_defaultlib
INFO: [VRFC 10-311] analyzing module udp_echo_dhcp_build_headers_ip_words_RAM_AUTO_1R1W
INFO: [VRFC 10-2263] Analyzing Verilog file "D:/repo/XCKU5PMini/udp_hls_10g/hls/slowstack_prj/solution1/syn/verilog/udp_echo_dhcp_build_headers_Pipeline_VITIS_LOOP_54_1.v" into library xil_defaultlib
INFO: [VRFC 10-311] analyzing module udp_echo_dhcp_build_headers_Pipeline_VITIS_LOOP_54_1
INFO: [VRFC 10-2263] Analyzing Verilog file "D:/repo/XCKU5PMini/udp_hls_10g/hls/slowstack_prj/solution1/syn/verilog/udp_echo_dhcp_build_headers_Pipeline_VITIS_LOOP_58_2.v" into library xil_defaultlib
INFO: [VRFC 10-311] analyzing module udp_echo_dhcp_build_headers_Pipeline_VITIS_LOOP_58_2
INFO: [VRFC 10-2263] Analyzing Verilog file "D:/repo/XCKU5PMini/udp_hls_10g/hls/slowstack_prj/solution1/syn/verilog/udp_echo_dhcp_build_headers_Pipeline_VITIS_LOOP_69_1.v" into library xil_defaultlib
INFO: [VRFC 10-311] analyzing module udp_echo_dhcp_build_headers_Pipeline_VITIS_LOOP_69_1
INFO: [VRFC 10-2263] Analyzing Verilog file "D:/repo/XCKU5PMini/udp_hls_10g/hls/slowstack_prj/solution1/syn/verilog/udp_echo_dhcp_build_headers_Pipeline_VITIS_LOOP_79_2.v" into library xil_defaultlib
INFO: [VRFC 10-311] analyzing module udp_echo_dhcp_build_headers_Pipeline_VITIS_LOOP_79_2
INFO: [VRFC 10-2263] Analyzing Verilog file "D:/repo/XCKU5PMini/udp_hls_10g/hls/slowstack_prj/solution1/syn/verilog/udp_echo_dhcp_build_headers_Pipeline_VITIS_LOOP_83_3.v" into library xil_defaultlib
INFO: [VRFC 10-311] analyzing module udp_echo_dhcp_build_headers_Pipeline_VITIS_LOOP_83_3
INFO: [VRFC 10-2263] Analyzing Verilog file "D:/repo/XCKU5PMini/udp_hls_10g/hls/slowstack_prj/solution1/syn/verilog/udp_echo_dhcp_tx_process.v" into library xil_defaultlib
INFO: [VRFC 10-311] analyzing module udp_echo_dhcp_tx_process
INFO: [VRFC 10-2263] Analyzing Verilog file "D:/repo/XCKU5PMini/udp_hls_10g/hls/slowstack_prj/solution1/syn/verilog/udp_echo_dhcp_tx_process_Pipeline_VITIS_LOOP_32_1.v" into library xil_defaultlib
INFO: [VRFC 10-311] analyzing module udp_echo_dhcp_tx_process_Pipeline_VITIS_LOOP_32_1
INFO: [VRFC 10-2263] Analyzing Verilog file "D:/repo/XCKU5PMini/udp_hls_10g/hls/slowstack_prj/solution1/syn/verilog/udp_echo_dhcp_tx_process_Pipeline_VITIS_LOOP_32_13.v" into library xil_defaultlib
INFO: [VRFC 10-311] analyzing module udp_echo_dhcp_tx_process_Pipeline_VITIS_LOOP_32_13
INFO: [VRFC 10-2263] Analyzing Verilog file "D:/repo/XCKU5PMini/udp_hls_10g/hls/slowstack_prj/solution1/syn/verilog/udp_echo_dhcp_write_opt.v" into library xil_defaultlib
INFO: [VRFC 10-311] analyzing module udp_echo_dhcp_write_opt
INFO: [VRFC 10-2263] Analyzing Verilog file "D:/repo/XCKU5PMini/udp_hls_10g/hls/slowstack_prj/solution1/syn/verilog/udp_echo_fifo_w32_d512_A.v" into library xil_defaultlib
INFO: [VRFC 10-311] analyzing module udp_echo_fifo_w32_d512_A
INFO: [VRFC 10-311] analyzing module udp_echo_fifo_w32_d512_A_ram
INFO: [VRFC 10-2263] Analyzing Verilog file "D:/repo/XCKU5PMini/udp_hls_10g/hls/slowstack_prj/solution1/syn/verilog/udp_echo_flow_control_loop_pipe_sequential_init.v" into library xil_defaultlib
INFO: [VRFC 10-311] analyzing module udp_echo_flow_control_loop_pipe_sequential_init
INFO: [VRFC 10-2263] Analyzing Verilog file "D:/repo/XCKU5PMini/udp_hls_10g/hls/slowstack_prj/solution1/syn/verilog/udp_echo_frame_buf_RAM_AUTO_1R1W.v" into library xil_defaultlib
INFO: [VRFC 10-311] analyzing module udp_echo_frame_buf_RAM_AUTO_1R1W
INFO: [VRFC 10-2263] Analyzing Verilog file "D:/repo/XCKU5PMini/udp_hls_10g/hls/slowstack_prj/solution1/syn/verilog/udp_echo_frame_buf_RAM_AUTO_1R1W_ram.v" into library xil_defaultlib
INFO: [VRFC 10-311] analyzing module udp_echo_frame_buf_RAM_AUTO_1R1W_ram
INFO: [VRFC 10-2263] Analyzing Verilog file "D:/repo/XCKU5PMini/udp_hls_10g/hls/slowstack_prj/solution1/syn/verilog/udp_echo_icmp_rx_process.v" into library xil_defaultlib
INFO: [VRFC 10-311] analyzing module udp_echo_icmp_rx_process
INFO: [VRFC 10-2263] Analyzing Verilog file "D:/repo/XCKU5PMini/udp_hls_10g/hls/slowstack_prj/solution1/syn/verilog/udp_echo_icmp_rx_process_csum_buf_RAM_AUTO_1R1W.v" into library xil_defaultlib
INFO: [VRFC 10-311] analyzing module udp_echo_icmp_rx_process_csum_buf_RAM_AUTO_1R1W
INFO: [VRFC 10-2263] Analyzing Verilog file "D:/repo/XCKU5PMini/udp_hls_10g/hls/slowstack_prj/solution1/syn/verilog/udp_echo_icmp_rx_process_ip_words_RAM_AUTO_1R1W.v" into library xil_defaultlib
INFO: [VRFC 10-311] analyzing module udp_echo_icmp_rx_process_ip_words_RAM_AUTO_1R1W
INFO: [VRFC 10-2263] Analyzing Verilog file "D:/repo/XCKU5PMini/udp_hls_10g/hls/slowstack_prj/solution1/syn/verilog/udp_echo_icmp_rx_process_Pipeline_VITIS_LOOP_105_3.v" into library xil_defaultlib
INFO: [VRFC 10-311] analyzing module udp_echo_icmp_rx_process_Pipeline_VITIS_LOOP_105_3
INFO: [VRFC 10-2263] Analyzing Verilog file "D:/repo/XCKU5PMini/udp_hls_10g/hls/slowstack_prj/solution1/syn/verilog/udp_echo_icmp_rx_process_Pipeline_VITIS_LOOP_112_1.v" into library xil_defaultlib
INFO: [VRFC 10-311] analyzing module udp_echo_icmp_rx_process_Pipeline_VITIS_LOOP_112_1
INFO: [VRFC 10-2263] Analyzing Verilog file "D:/repo/XCKU5PMini/udp_hls_10g/hls/slowstack_prj/solution1/syn/verilog/udp_echo_icmp_rx_process_Pipeline_VITIS_LOOP_125_4.v" into library xil_defaultlib
INFO: [VRFC 10-311] analyzing module udp_echo_icmp_rx_process_Pipeline_VITIS_LOOP_125_4
INFO: [VRFC 10-2263] Analyzing Verilog file "D:/repo/XCKU5PMini/udp_hls_10g/hls/slowstack_prj/solution1/syn/verilog/udp_echo_icmp_rx_process_Pipeline_VITIS_LOOP_152_5.v" into library xil_defaultlib
INFO: [VRFC 10-311] analyzing module udp_echo_icmp_rx_process_Pipeline_VITIS_LOOP_152_5
INFO: [VRFC 10-2263] Analyzing Verilog file "D:/repo/XCKU5PMini/udp_hls_10g/hls/slowstack_prj/solution1/syn/verilog/udp_echo_icmp_rx_process_Pipeline_VITIS_LOOP_160_6.v" into library xil_defaultlib
INFO: [VRFC 10-311] analyzing module udp_echo_icmp_rx_process_Pipeline_VITIS_LOOP_160_6
INFO: [VRFC 10-2263] Analyzing Verilog file "D:/repo/XCKU5PMini/udp_hls_10g/hls/slowstack_prj/solution1/syn/verilog/udp_echo_icmp_rx_process_Pipeline_VITIS_LOOP_30_1.v" into library xil_defaultlib
INFO: [VRFC 10-311] analyzing module udp_echo_icmp_rx_process_Pipeline_VITIS_LOOP_30_1
INFO: [VRFC 10-2263] Analyzing Verilog file "D:/repo/XCKU5PMini/udp_hls_10g/hls/slowstack_prj/solution1/syn/verilog/udp_echo_icmp_rx_process_Pipeline_VITIS_LOOP_36_2.v" into library xil_defaultlib
INFO: [VRFC 10-311] analyzing module udp_echo_icmp_rx_process_Pipeline_VITIS_LOOP_36_2
INFO: [VRFC 10-2263] Analyzing Verilog file "D:/repo/XCKU5PMini/udp_hls_10g/hls/slowstack_prj/solution1/syn/verilog/udp_echo_icmp_rx_process_Pipeline_VITIS_LOOP_54_1.v" into library xil_defaultlib
INFO: [VRFC 10-311] analyzing module udp_echo_icmp_rx_process_Pipeline_VITIS_LOOP_54_1
INFO: [VRFC 10-2263] Analyzing Verilog file "D:/repo/XCKU5PMini/udp_hls_10g/hls/slowstack_prj/solution1/syn/verilog/udp_echo_icmp_rx_process_Pipeline_VITIS_LOOP_58_2.v" into library xil_defaultlib
INFO: [VRFC 10-311] analyzing module udp_echo_icmp_rx_process_Pipeline_VITIS_LOOP_58_2
INFO: [VRFC 10-2263] Analyzing Verilog file "D:/repo/XCKU5PMini/udp_hls_10g/hls/slowstack_prj/solution1/syn/verilog/udp_echo_icmp_rx_process_Pipeline_VITIS_LOOP_62_1.v" into library xil_defaultlib
INFO: [VRFC 10-311] analyzing module udp_echo_icmp_rx_process_Pipeline_VITIS_LOOP_62_1
INFO: [VRFC 10-2263] Analyzing Verilog file "D:/repo/XCKU5PMini/udp_hls_10g/hls/slowstack_prj/solution1/syn/verilog/udp_echo_icmp_rx_process_Pipeline_VITIS_LOOP_86_2.v" into library xil_defaultlib
INFO: [VRFC 10-311] analyzing module udp_echo_icmp_rx_process_Pipeline_VITIS_LOOP_86_2
INFO: [VRFC 10-2263] Analyzing Verilog file "D:/repo/XCKU5PMini/udp_hls_10g/hls/slowstack_prj/solution1/syn/verilog/udp_echo_igmp_rx_process.v" into library xil_defaultlib
INFO: [VRFC 10-311] analyzing module udp_echo_igmp_rx_process
INFO: [VRFC 10-2263] Analyzing Verilog file "D:/repo/XCKU5PMini/udp_hls_10g/hls/slowstack_prj/solution1/syn/verilog/udp_echo_igmp_rx_process_ip_words_RAM_AUTO_1R1W.v" into library xil_defaultlib
INFO: [VRFC 10-311] analyzing module udp_echo_igmp_rx_process_ip_words_RAM_AUTO_1R1W
INFO: [VRFC 10-2263] Analyzing Verilog file "D:/repo/XCKU5PMini/udp_hls_10g/hls/slowstack_prj/solution1/syn/verilog/udp_echo_igmp_rx_process_Pipeline_VITIS_LOOP_128_2.v" into library xil_defaultlib
INFO: [VRFC 10-311] analyzing module udp_echo_igmp_rx_process_Pipeline_VITIS_LOOP_128_2
INFO: [VRFC 10-2263] Analyzing Verilog file "D:/repo/XCKU5PMini/udp_hls_10g/hls/slowstack_prj/solution1/syn/verilog/udp_echo_igmp_rx_process_Pipeline_VITIS_LOOP_132_3.v" into library xil_defaultlib
INFO: [VRFC 10-311] analyzing module udp_echo_igmp_rx_process_Pipeline_VITIS_LOOP_132_3
INFO: [VRFC 10-2263] Analyzing Verilog file "D:/repo/XCKU5PMini/udp_hls_10g/hls/slowstack_prj/solution1/syn/verilog/udp_echo_igmp_rx_process_Pipeline_VITIS_LOOP_27_1.v" into library xil_defaultlib
INFO: [VRFC 10-311] analyzing module udp_echo_igmp_rx_process_Pipeline_VITIS_LOOP_27_1
INFO: [VRFC 10-2263] Analyzing Verilog file "D:/repo/XCKU5PMini/udp_hls_10g/hls/slowstack_prj/solution1/syn/verilog/udp_echo_igmp_rx_process_Pipeline_VITIS_LOOP_31_2.v" into library xil_defaultlib
INFO: [VRFC 10-311] analyzing module udp_echo_igmp_rx_process_Pipeline_VITIS_LOOP_31_2
INFO: [VRFC 10-2263] Analyzing Verilog file "D:/repo/XCKU5PMini/udp_hls_10g/hls/slowstack_prj/solution1/syn/verilog/udp_echo_igmp_rx_process_Pipeline_VITIS_LOOP_54_1.v" into library xil_defaultlib
INFO: [VRFC 10-311] analyzing module udp_echo_igmp_rx_process_Pipeline_VITIS_LOOP_54_1
INFO: [VRFC 10-2263] Analyzing Verilog file "D:/repo/XCKU5PMini/udp_hls_10g/hls/slowstack_prj/solution1/syn/verilog/udp_echo_igmp_rx_process_Pipeline_VITIS_LOOP_55_1.v" into library xil_defaultlib
INFO: [VRFC 10-311] analyzing module udp_echo_igmp_rx_process_Pipeline_VITIS_LOOP_55_1
INFO: [VRFC 10-2263] Analyzing Verilog file "D:/repo/XCKU5PMini/udp_hls_10g/hls/slowstack_prj/solution1/syn/verilog/udp_echo_igmp_rx_process_Pipeline_VITIS_LOOP_58_2.v" into library xil_defaultlib
INFO: [VRFC 10-311] analyzing module udp_echo_igmp_rx_process_Pipeline_VITIS_LOOP_58_2
INFO: [VRFC 10-2263] Analyzing Verilog file "D:/repo/XCKU5PMini/udp_hls_10g/hls/slowstack_prj/solution1/syn/verilog/udp_echo_igmp_rx_process_report_RAM_AUTO_1R1W.v" into library xil_defaultlib
INFO: [VRFC 10-311] analyzing module udp_echo_igmp_rx_process_report_RAM_AUTO_1R1W
INFO: [VRFC 10-2263] Analyzing Verilog file "D:/repo/XCKU5PMini/udp_hls_10g/hls/slowstack_prj/solution1/syn/verilog/udp_echo_ip_rx_process.v" into library xil_defaultlib
INFO: [VRFC 10-311] analyzing module udp_echo_ip_rx_process
INFO: [VRFC 10-2263] Analyzing Verilog file "D:/repo/XCKU5PMini/udp_hls_10g/hls/slowstack_prj/solution1/syn/verilog/udp_echo_ip_rx_process_hdr_RAM_AUTO_1R1W.v" into library xil_defaultlib
INFO: [VRFC 10-311] analyzing module udp_echo_ip_rx_process_hdr_RAM_AUTO_1R1W
INFO: [VRFC 10-2263] Analyzing Verilog file "D:/repo/XCKU5PMini/udp_hls_10g/hls/slowstack_prj/solution1/syn/verilog/udp_echo_ip_rx_process_Pipeline_VITIS_LOOP_43_1.v" into library xil_defaultlib
INFO: [VRFC 10-311] analyzing module udp_echo_ip_rx_process_Pipeline_VITIS_LOOP_43_1
INFO: [VRFC 10-2263] Analyzing Verilog file "D:/repo/XCKU5PMini/udp_hls_10g/hls/slowstack_prj/solution1/syn/verilog/udp_echo_ip_rx_process_Pipeline_VITIS_LOOP_54_1.v" into library xil_defaultlib
INFO: [VRFC 10-311] analyzing module udp_echo_ip_rx_process_Pipeline_VITIS_LOOP_54_1
INFO: [VRFC 10-2263] Analyzing Verilog file "D:/repo/XCKU5PMini/udp_hls_10g/hls/slowstack_prj/solution1/syn/verilog/udp_echo_ip_rx_process_Pipeline_VITIS_LOOP_58_2.v" into library xil_defaultlib
INFO: [VRFC 10-311] analyzing module udp_echo_ip_rx_process_Pipeline_VITIS_LOOP_58_2
INFO: [VRFC 10-2263] Analyzing Verilog file "D:/repo/XCKU5PMini/udp_hls_10g/hls/slowstack_prj/solution1/syn/verilog/udp_echo_ip_rx_process_Pipeline_VITIS_LOOP_69_2.v" into library xil_defaultlib
INFO: [VRFC 10-311] analyzing module udp_echo_ip_rx_process_Pipeline_VITIS_LOOP_69_2
INFO: [VRFC 10-2263] Analyzing Verilog file "D:/repo/XCKU5PMini/udp_hls_10g/hls/slowstack_prj/solution1/syn/verilog/udp_echo_ip_rx_process_words_RAM_AUTO_1R1W.v" into library xil_defaultlib
INFO: [VRFC 10-311] analyzing module udp_echo_ip_rx_process_words_RAM_AUTO_1R1W
INFO: [VRFC 10-2263] Analyzing Verilog file "D:/repo/XCKU5PMini/udp_hls_10g/hls/slowstack_prj/solution1/syn/verilog/udp_echo_l1_age_RAM_AUTO_1R1W.v" into library xil_defaultlib
INFO: [VRFC 10-311] analyzing module udp_echo_l1_age_RAM_AUTO_1R1W
INFO: [VRFC 10-2263] Analyzing Verilog file "D:/repo/XCKU5PMini/udp_hls_10g/hls/slowstack_prj/solution1/syn/verilog/udp_echo_l1_age_RAM_AUTO_1R1W_ram.v" into library xil_defaultlib
INFO: [VRFC 10-311] analyzing module udp_echo_l1_age_RAM_AUTO_1R1W_ram
INFO: [VRFC 10-2263] Analyzing Verilog file "D:/repo/XCKU5PMini/udp_hls_10g/hls/slowstack_prj/solution1/syn/verilog/udp_echo_l1_cache_ip_RAM_AUTO_1R1W.v" into library xil_defaultlib
INFO: [VRFC 10-311] analyzing module udp_echo_l1_cache_ip_RAM_AUTO_1R1W
INFO: [VRFC 10-2263] Analyzing Verilog file "D:/repo/XCKU5PMini/udp_hls_10g/hls/slowstack_prj/solution1/syn/verilog/udp_echo_l1_cache_ip_RAM_AUTO_1R1W_ram.v" into library xil_defaultlib
INFO: [VRFC 10-311] analyzing module udp_echo_l1_cache_ip_RAM_AUTO_1R1W_ram
INFO: [VRFC 10-2263] Analyzing Verilog file "D:/repo/XCKU5PMini/udp_hls_10g/hls/slowstack_prj/solution1/syn/verilog/udp_echo_l1_cache_mac_RAM_AUTO_1R1W.v" into library xil_defaultlib
INFO: [VRFC 10-311] analyzing module udp_echo_l1_cache_mac_RAM_AUTO_1R1W
INFO: [VRFC 10-2263] Analyzing Verilog file "D:/repo/XCKU5PMini/udp_hls_10g/hls/slowstack_prj/solution1/syn/verilog/udp_echo_l1_cache_mac_RAM_AUTO_1R1W_ram.v" into library xil_defaultlib
INFO: [VRFC 10-311] analyzing module udp_echo_l1_cache_mac_RAM_AUTO_1R1W_ram
INFO: [VRFC 10-2263] Analyzing Verilog file "D:/repo/XCKU5PMini/udp_hls_10g/hls/slowstack_prj/solution1/syn/verilog/udp_echo_l1_cache_valid_RAM_AUTO_1R1W.v" into library xil_defaultlib
INFO: [VRFC 10-311] analyzing module udp_echo_l1_cache_valid_RAM_AUTO_1R1W
INFO: [VRFC 10-2263] Analyzing Verilog file "D:/repo/XCKU5PMini/udp_hls_10g/hls/slowstack_prj/solution1/syn/verilog/udp_echo_l1_cache_valid_RAM_AUTO_1R1W_ram.v" into library xil_defaultlib
INFO: [VRFC 10-311] analyzing module udp_echo_l1_cache_valid_RAM_AUTO_1R1W_ram
INFO: [VRFC 10-2263] Analyzing Verilog file "D:/repo/XCKU5PMini/udp_hls_10g/hls/slowstack_prj/solution1/syn/verilog/udp_echo_l1_insert.v" into library xil_defaultlib
INFO: [VRFC 10-311] analyzing module udp_echo_l1_insert
INFO: [VRFC 10-2263] Analyzing Verilog file "D:/repo/XCKU5PMini/udp_hls_10g/hls/slowstack_prj/solution1/syn/verilog/udp_echo_l1_insert_Pipeline_VITIS_LOOP_89_2.v" into library xil_defaultlib
INFO: [VRFC 10-311] analyzing module udp_echo_l1_insert_Pipeline_VITIS_LOOP_89_2
INFO: [VRFC 10-2263] Analyzing Verilog file "D:/repo/XCKU5PMini/udp_hls_10g/hls/slowstack_prj/solution1/syn/verilog/udp_echo_l1_lookup.v" into library xil_defaultlib
INFO: [VRFC 10-311] analyzing module udp_echo_l1_lookup
INFO: [VRFC 10-2263] Analyzing Verilog file "D:/repo/XCKU5PMini/udp_hls_10g/hls/slowstack_prj/solution1/syn/verilog/udp_echo_l2_table_ip_RAM_2P_BRAM_1R1W.v" into library xil_defaultlib
INFO: [VRFC 10-311] analyzing module udp_echo_l2_table_ip_RAM_2P_BRAM_1R1W
INFO: [VRFC 10-2263] Analyzing Verilog file "D:/repo/XCKU5PMini/udp_hls_10g/hls/slowstack_prj/solution1/syn/verilog/udp_echo_l2_table_ip_RAM_2P_BRAM_1R1W_ram.v" into library xil_defaultlib
INFO: [VRFC 10-311] analyzing module udp_echo_l2_table_ip_RAM_2P_BRAM_1R1W_ram
INFO: [VRFC 10-2263] Analyzing Verilog file "D:/repo/XCKU5PMini/udp_hls_10g/hls/slowstack_prj/solution1/syn/verilog/udp_echo_l2_table_mac_RAM_2P_BRAM_1R1W.v" into library xil_defaultlib
INFO: [VRFC 10-311] analyzing module udp_echo_l2_table_mac_RAM_2P_BRAM_1R1W
INFO: [VRFC 10-2263] Analyzing Verilog file "D:/repo/XCKU5PMini/udp_hls_10g/hls/slowstack_prj/solution1/syn/verilog/udp_echo_l2_table_mac_RAM_2P_BRAM_1R1W_ram.v" into library xil_defaultlib
INFO: [VRFC 10-311] analyzing module udp_echo_l2_table_mac_RAM_2P_BRAM_1R1W_ram
INFO: [VRFC 10-2263] Analyzing Verilog file "D:/repo/XCKU5PMini/udp_hls_10g/hls/slowstack_prj/solution1/syn/verilog/udp_echo_l2_table_valid_RAM_2P_BRAM_1R1W.v" into library xil_defaultlib
INFO: [VRFC 10-311] analyzing module udp_echo_l2_table_valid_RAM_2P_BRAM_1R1W
INFO: [VRFC 10-2263] Analyzing Verilog file "D:/repo/XCKU5PMini/udp_hls_10g/hls/slowstack_prj/solution1/syn/verilog/udp_echo_l2_table_valid_RAM_2P_BRAM_1R1W_ram.v" into library xil_defaultlib
INFO: [VRFC 10-311] analyzing module udp_echo_l2_table_valid_RAM_2P_BRAM_1R1W_ram
INFO: [VRFC 10-2263] Analyzing Verilog file "D:/repo/XCKU5PMini/udp_hls_10g/hls/slowstack_prj/solution1/syn/verilog/udp_echo_mac_rx_process.v" into library xil_defaultlib
INFO: [VRFC 10-311] analyzing module udp_echo_mac_rx_process
INFO: [VRFC 10-2263] Analyzing Verilog file "D:/repo/XCKU5PMini/udp_hls_10g/hls/slowstack_prj/solution1/syn/verilog/udp_echo_mac_tx_process.v" into library xil_defaultlib
INFO: [VRFC 10-311] analyzing module udp_echo_mac_tx_process
INFO: [VRFC 10-2263] Analyzing Verilog file "D:/repo/XCKU5PMini/udp_hls_10g/hls/slowstack_prj/solution1/syn/verilog/udp_echo_mac_tx_process_Pipeline_VITIS_LOOP_36_1.v" into library xil_defaultlib
INFO: [VRFC 10-311] analyzing module udp_echo_mac_tx_process_Pipeline_VITIS_LOOP_36_1
INFO: [VRFC 10-2263] Analyzing Verilog file "D:/repo/XCKU5PMini/udp_hls_10g/hls/slowstack_prj/solution1/syn/verilog/udp_echo_mac_tx_process_Pipeline_VITIS_LOOP_36_12.v" into library xil_defaultlib
INFO: [VRFC 10-311] analyzing module udp_echo_mac_tx_process_Pipeline_VITIS_LOOP_36_12
INFO: [VRFC 10-2263] Analyzing Verilog file "D:/repo/XCKU5PMini/udp_hls_10g/hls/slowstack_prj/solution1/syn/verilog/udp_echo_mac_tx_process_preamble_ROM_AUTO_1R.v" into library xil_defaultlib
INFO: [VRFC 10-311] analyzing module udp_echo_mac_tx_process_preamble_ROM_AUTO_1R
INFO: [VRFC 10-2263] Analyzing Verilog file "D:/repo/XCKU5PMini/udp_hls_10g/hls/slowstack_prj/solution1/syn/verilog/udp_echo_mac_tx_process_src_mac_ROM_AUTO_1R.v" into library xil_defaultlib
INFO: [VRFC 10-311] analyzing module udp_echo_mac_tx_process_src_mac_ROM_AUTO_1R
INFO: [VRFC 10-2263] Analyzing Verilog file "D:/repo/XCKU5PMini/udp_hls_10g/hls/slowstack_prj/solution1/syn/verilog/udp_echo_mul_32ns_34ns_65_1_1.v" into library xil_defaultlib
INFO: [VRFC 10-311] analyzing module udp_echo_mul_32ns_34ns_65_1_1
INFO: [VRFC 10-2263] Analyzing Verilog file "D:/repo/XCKU5PMini/udp_hls_10g/hls/slowstack_prj/solution1/syn/verilog/udp_echo_mul_7ns_9ns_15_1_1.v" into library xil_defaultlib
INFO: [VRFC 10-311] analyzing module udp_echo_mul_7ns_9ns_15_1_1
INFO: [VRFC 10-2263] Analyzing Verilog file "D:/repo/XCKU5PMini/udp_hls_10g/hls/slowstack_prj/solution1/syn/verilog/udp_echo_mul_8ns_10ns_17_1_1.v" into library xil_defaultlib
INFO: [VRFC 10-311] analyzing module udp_echo_mul_8ns_10ns_17_1_1
INFO: [VRFC 10-2263] Analyzing Verilog file "D:/repo/XCKU5PMini/udp_hls_10g/hls/slowstack_prj/solution1/syn/verilog/udp_echo_regslice_both.v" into library xil_defaultlib
INFO: [VRFC 10-311] analyzing module udp_echo_regslice_both
INFO: [VRFC 10-2263] Analyzing Verilog file "D:/repo/XCKU5PMini/udp_hls_10g/hls/slowstack_prj/solution1/syn/verilog/udp_echo_sparsemux_19_8_3_1_1.v" into library xil_defaultlib
INFO: [VRFC 10-311] analyzing module udp_echo_sparsemux_19_8_3_1_1
INFO: [VRFC 10-2263] Analyzing Verilog file "D:/repo/XCKU5PMini/udp_hls_10g/hls/slowstack_prj/solution1/syn/verilog/udp_echo_sparsemux_7_2_8_1_1.v" into library xil_defaultlib
INFO: [VRFC 10-311] analyzing module udp_echo_sparsemux_7_2_8_1_1
INFO: [VRFC 10-2263] Analyzing Verilog file "D:/repo/XCKU5PMini/udp_hls_10g/hls/slowstack_prj/solution1/syn/verilog/udp_echo_sparsemux_9_3_3_1_1.v" into library xil_defaultlib
INFO: [VRFC 10-311] analyzing module udp_echo_sparsemux_9_3_3_1_1
INFO: [VRFC 10-2263] Analyzing Verilog file "D:/repo/XCKU5PMini/udp_hls_10g/hls/slowstack_prj/solution1/syn/verilog/udp_echo_sparsemux_9_3_8_1_1.v" into library xil_defaultlib
INFO: [VRFC 10-311] analyzing module udp_echo_sparsemux_9_3_8_1_1
INFO: [VRFC 10-2263] Analyzing Verilog file "D:/repo/XCKU5PMini/udp_hls_10g/hls/slowstack_prj/solution1/syn/verilog/udp_echo_stats_event.v" into library xil_defaultlib
INFO: [VRFC 10-311] analyzing module udp_echo_stats_event
INFO: [VRFC 10-2263] Analyzing Verilog file "D:/repo/XCKU5PMini/udp_hls_10g/hls/slowstack_prj/solution1/syn/verilog/udp_echo_stats_report.v" into library xil_defaultlib
INFO: [VRFC 10-311] analyzing module udp_echo_stats_report
INFO: [VRFC 10-2263] Analyzing Verilog file "D:/repo/XCKU5PMini/udp_hls_10g/hls/slowstack_prj/solution1/syn/verilog/udp_echo_stats_report_bool_stream_bool_unsigned_short_operator_Pipeline_VITIS_LOOP_29.v" into library xil_defaultlib
INFO: [VRFC 10-311] analyzing module udp_echo_stats_report_bool_stream_bool_unsigned_short_operator_Pipeline_VITIS_LOOP_29
INFO: [VRFC 10-2263] Analyzing Verilog file "D:/repo/XCKU5PMini/udp_hls_10g/hls/slowstack_prj/solution1/syn/verilog/udp_echo_stats_report_bool_stream_bool_unsigned_short_operator_Pipeline_VITIS_LOOP_29_1.v" into library xil_defaultlib
INFO: [VRFC 10-311] analyzing module udp_echo_stats_report_bool_stream_bool_unsigned_short_operator_Pipeline_VITIS_LOOP_29_1
INFO: [VRFC 10-2263] Analyzing Verilog file "D:/repo/XCKU5PMini/udp_hls_10g/hls/slowstack_prj/solution1/syn/verilog/udp_echo_stats_report_bool_stream_gmii_byte_t_0_bool_unsigned_short_operator_1.v" into library xil_defaultlib
INFO: [VRFC 10-311] analyzing module udp_echo_stats_report_bool_stream_gmii_byte_t_0_bool_unsigned_short_operator_1
INFO: [VRFC 10-2263] Analyzing Verilog file "D:/repo/XCKU5PMini/udp_hls_10g/hls/slowstack_prj/solution1/syn/verilog/udp_echo_stats_report_bool_stream_gmii_byte_t_0_bool_unsigned_short_operator_s.v" into library xil_defaultlib
INFO: [VRFC 10-311] analyzing module udp_echo_stats_report_bool_stream_gmii_byte_t_0_bool_unsigned_short_operator_s
INFO: [VRFC 10-2263] Analyzing Verilog file "D:/repo/XCKU5PMini/udp_hls_10g/hls/slowstack_prj/solution1/syn/verilog/udp_echo_stats_report_bool_stream_gmii_byte_t_0_bool_unsigned_short_operator_s_b_RAM_Abkb.v" into library xil_defaultlib
INFO: [VRFC 10-311] analyzing module udp_echo_stats_report_bool_stream_gmii_byte_t_0_bool_unsigned_short_operator_s_b_RAM_Abkb
INFO: [VRFC 10-2263] Analyzing Verilog file "D:/repo/XCKU5PMini/udp_hls_10g/hls/slowstack_prj/solution1/syn/verilog/udp_echo_stats_report_Pipeline_VITIS_LOOP_31_1.v" into library xil_defaultlib
INFO: [VRFC 10-311] analyzing module udp_echo_stats_report_Pipeline_VITIS_LOOP_31_1
INFO: [VRFC 10-2263] Analyzing Verilog file "D:/repo/XCKU5PMini/udp_hls_10g/hls/slowstack_prj/solution1/syn/verilog/udp_echo_tcp_active_tick.v" into library xil_defaultlib
INFO: [VRFC 10-311] analyzing module udp_echo_tcp_active_tick
INFO: [VRFC 10-2263] Analyzing Verilog file "D:/repo/XCKU5PMini/udp_hls_10g/hls/slowstack_prj/solution1/syn/verilog/udp_echo_tcp_active_tick_Pipeline_VITIS_LOOP_112_1.v" into library xil_defaultlib
INFO: [VRFC 10-311] analyzing module udp_echo_tcp_active_tick_Pipeline_VITIS_LOOP_112_1
INFO: [VRFC 10-2263] Analyzing Verilog file "D:/repo/XCKU5PMini/udp_hls_10g/hls/slowstack_prj/solution1/syn/verilog/udp_echo_tcp_active_tick_Pipeline_VITIS_LOOP_152_1.v" into library xil_defaultlib
INFO: [VRFC 10-311] analyzing module udp_echo_tcp_active_tick_Pipeline_VITIS_LOOP_152_1
INFO: [VRFC 10-2263] Analyzing Verilog file "D:/repo/XCKU5PMini/udp_hls_10g/hls/slowstack_prj/solution1/syn/verilog/udp_echo_tcp_conn_cwnd_RAM_2P_BRAM_1R1W.v" into library xil_defaultlib
INFO: [VRFC 10-311] analyzing module udp_echo_tcp_conn_cwnd_RAM_2P_BRAM_1R1W
INFO: [VRFC 10-2263] Analyzing Verilog file "D:/repo/XCKU5PMini/udp_hls_10g/hls/slowstack_prj/solution1/syn/verilog/udp_echo_tcp_conn_cwnd_RAM_2P_BRAM_1R1W_ram.v" into library xil_defaultlib
INFO: [VRFC 10-311] analyzing module udp_echo_tcp_conn_cwnd_RAM_2P_BRAM_1R1W_ram
INFO: [VRFC 10-2263] Analyzing Verilog file "D:/repo/XCKU5PMini/udp_hls_10g/hls/slowstack_prj/solution1/syn/verilog/udp_echo_tcp_conn_dup_ack_cnt_RAM_2P_BRAM_1R1W.v" into library xil_defaultlib
INFO: [VRFC 10-311] analyzing module udp_echo_tcp_conn_dup_ack_cnt_RAM_2P_BRAM_1R1W
INFO: [VRFC 10-2263] Analyzing Verilog file "D:/repo/XCKU5PMini/udp_hls_10g/hls/slowstack_prj/solution1/syn/verilog/udp_echo_tcp_conn_dup_ack_cnt_RAM_2P_BRAM_1R1W_ram.v" into library xil_defaultlib
INFO: [VRFC 10-311] analyzing module udp_echo_tcp_conn_dup_ack_cnt_RAM_2P_BRAM_1R1W_ram
INFO: [VRFC 10-2263] Analyzing Verilog file "D:/repo/XCKU5PMini/udp_hls_10g/hls/slowstack_prj/solution1/syn/verilog/udp_echo_tcp_conn_flight_size_RAM_2P_BRAM_1R1W.v" into library xil_defaultlib
INFO: [VRFC 10-311] analyzing module udp_echo_tcp_conn_flight_size_RAM_2P_BRAM_1R1W
INFO: [VRFC 10-2263] Analyzing Verilog file "D:/repo/XCKU5PMini/udp_hls_10g/hls/slowstack_prj/solution1/syn/verilog/udp_echo_tcp_conn_flight_size_RAM_2P_BRAM_1R1W_ram.v" into library xil_defaultlib
INFO: [VRFC 10-311] analyzing module udp_echo_tcp_conn_flight_size_RAM_2P_BRAM_1R1W_ram
INFO: [VRFC 10-2263] Analyzing Verilog file "D:/repo/XCKU5PMini/udp_hls_10g/hls/slowstack_prj/solution1/syn/verilog/udp_echo_tcp_conn_peer_mss_RAM_2P_BRAM_1R1W.v" into library xil_defaultlib
INFO: [VRFC 10-311] analyzing module udp_echo_tcp_conn_peer_mss_RAM_2P_BRAM_1R1W
INFO: [VRFC 10-2263] Analyzing Verilog file "D:/repo/XCKU5PMini/udp_hls_10g/hls/slowstack_prj/solution1/syn/verilog/udp_echo_tcp_conn_peer_mss_RAM_2P_BRAM_1R1W_ram.v" into library xil_defaultlib
INFO: [VRFC 10-311] analyzing module udp_echo_tcp_conn_peer_mss_RAM_2P_BRAM_1R1W_ram
INFO: [VRFC 10-2263] Analyzing Verilog file "D:/repo/XCKU5PMini/udp_hls_10g/hls/slowstack_prj/solution1/syn/verilog/udp_echo_tcp_conn_peer_port_RAM_2P_BRAM_1R1W.v" into library xil_defaultlib
INFO: [VRFC 10-311] analyzing module udp_echo_tcp_conn_peer_port_RAM_2P_BRAM_1R1W
INFO: [VRFC 10-2263] Analyzing Verilog file "D:/repo/XCKU5PMini/udp_hls_10g/hls/slowstack_prj/solution1/syn/verilog/udp_echo_tcp_conn_peer_port_RAM_2P_BRAM_1R1W_ram.v" into library xil_defaultlib
INFO: [VRFC 10-311] analyzing module udp_echo_tcp_conn_peer_port_RAM_2P_BRAM_1R1W_ram
INFO: [VRFC 10-2263] Analyzing Verilog file "D:/repo/XCKU5PMini/udp_hls_10g/hls/slowstack_prj/solution1/syn/verilog/udp_echo_tcp_conn_retrans_pending_RAM_2P_BRAM_1R1W.v" into library xil_defaultlib
INFO: [VRFC 10-311] analyzing module udp_echo_tcp_conn_retrans_pending_RAM_2P_BRAM_1R1W
INFO: [VRFC 10-2263] Analyzing Verilog file "D:/repo/XCKU5PMini/udp_hls_10g/hls/slowstack_prj/solution1/syn/verilog/udp_echo_tcp_conn_retrans_pending_RAM_2P_BRAM_1R1W_ram.v" into library xil_defaultlib
INFO: [VRFC 10-311] analyzing module udp_echo_tcp_conn_retrans_pending_RAM_2P_BRAM_1R1W_ram
INFO: [VRFC 10-2263] Analyzing Verilog file "D:/repo/XCKU5PMini/udp_hls_10g/hls/slowstack_prj/solution1/syn/verilog/udp_echo_tcp_conn_rto_RAM_2P_BRAM_1R1W.v" into library xil_defaultlib
INFO: [VRFC 10-311] analyzing module udp_echo_tcp_conn_rto_RAM_2P_BRAM_1R1W
INFO: [VRFC 10-2263] Analyzing Verilog file "D:/repo/XCKU5PMini/udp_hls_10g/hls/slowstack_prj/solution1/syn/verilog/udp_echo_tcp_conn_rto_RAM_2P_BRAM_1R1W_ram.v" into library xil_defaultlib
INFO: [VRFC 10-311] analyzing module udp_echo_tcp_conn_rto_RAM_2P_BRAM_1R1W_ram
INFO: [VRFC 10-2263] Analyzing Verilog file "D:/repo/XCKU5PMini/udp_hls_10g/hls/slowstack_prj/solution1/syn/verilog/udp_echo_tcp_conn_ssthresh_RAM_2P_BRAM_1R1W.v" into library xil_defaultlib
INFO: [VRFC 10-311] analyzing module udp_echo_tcp_conn_ssthresh_RAM_2P_BRAM_1R1W
INFO: [VRFC 10-2263] Analyzing Verilog file "D:/repo/XCKU5PMini/udp_hls_10g/hls/slowstack_prj/solution1/syn/verilog/udp_echo_tcp_conn_ssthresh_RAM_2P_BRAM_1R1W_ram.v" into library xil_defaultlib
INFO: [VRFC 10-311] analyzing module udp_echo_tcp_conn_ssthresh_RAM_2P_BRAM_1R1W_ram
INFO: [VRFC 10-2263] Analyzing Verilog file "D:/repo/XCKU5PMini/udp_hls_10g/hls/slowstack_prj/solution1/syn/verilog/udp_echo_tcp_conn_state_RAM_2P_BRAM_1R1W.v" into library xil_defaultlib
INFO: [VRFC 10-311] analyzing module udp_echo_tcp_conn_state_RAM_2P_BRAM_1R1W
INFO: [VRFC 10-2263] Analyzing Verilog file "D:/repo/XCKU5PMini/udp_hls_10g/hls/slowstack_prj/solution1/syn/verilog/udp_echo_tcp_conn_state_RAM_2P_BRAM_1R1W_ram.v" into library xil_defaultlib
INFO: [VRFC 10-311] analyzing module udp_echo_tcp_conn_state_RAM_2P_BRAM_1R1W_ram
INFO: [VRFC 10-2263] Analyzing Verilog file "D:/repo/XCKU5PMini/udp_hls_10g/hls/slowstack_prj/solution1/syn/verilog/udp_echo_tcp_parse_opts.v" into library xil_defaultlib
INFO: [VRFC 10-311] analyzing module udp_echo_tcp_parse_opts
INFO: [VRFC 10-2263] Analyzing Verilog file "D:/repo/XCKU5PMini/udp_hls_10g/hls/slowstack_prj/solution1/syn/verilog/udp_echo_tcp_parse_opts_Pipeline_VITIS_LOOP_390_1.v" into library xil_defaultlib
INFO: [VRFC 10-311] analyzing module udp_echo_tcp_parse_opts_Pipeline_VITIS_LOOP_390_1
INFO: [VRFC 10-2263] Analyzing Verilog file "D:/repo/XCKU5PMini/udp_hls_10g/hls/slowstack_prj/solution1/syn/verilog/udp_echo_tcp_rx_process.v" into library xil_defaultlib
INFO: [VRFC 10-311] analyzing module udp_echo_tcp_rx_process
INFO: [VRFC 10-2263] Analyzing Verilog file "D:/repo/XCKU5PMini/udp_hls_10g/hls/slowstack_prj/solution1/syn/verilog/udp_echo_tcp_rx_process_payload_RAM_AUTO_1R1W.v" into library xil_defaultlib
INFO: [VRFC 10-311] analyzing module udp_echo_tcp_rx_process_payload_RAM_AUTO_1R1W
INFO: [VRFC 10-2263] Analyzing Verilog file "D:/repo/XCKU5PMini/udp_hls_10g/hls/slowstack_prj/solution1/syn/verilog/udp_echo_tcp_rx_process_Pipeline_VITIS_LOOP_349_1.v" into library xil_defaultlib
INFO: [VRFC 10-311] analyzing module udp_echo_tcp_rx_process_Pipeline_VITIS_LOOP_349_1
INFO: [VRFC 10-2263] Analyzing Verilog file "D:/repo/XCKU5PMini/udp_hls_10g/hls/slowstack_prj/solution1/syn/verilog/udp_echo_tcp_rx_process_Pipeline_VITIS_LOOP_503_1.v" into library xil_defaultlib
INFO: [VRFC 10-311] analyzing module udp_echo_tcp_rx_process_Pipeline_VITIS_LOOP_503_1
INFO: [VRFC 10-2263] Analyzing Verilog file "D:/repo/XCKU5PMini/udp_hls_10g/hls/slowstack_prj/solution1/syn/verilog/udp_echo_tcp_rx_process_Pipeline_VITIS_LOOP_568_3.v" into library xil_defaultlib
INFO: [VRFC 10-311] analyzing module udp_echo_tcp_rx_process_Pipeline_VITIS_LOOP_568_3
INFO: [VRFC 10-2263] Analyzing Verilog file "D:/repo/XCKU5PMini/udp_hls_10g/hls/slowstack_prj/solution1/syn/verilog/udp_echo_tcp_rx_process_Pipeline_VITIS_LOOP_580_4.v" into library xil_defaultlib
INFO: [VRFC 10-311] analyzing module udp_echo_tcp_rx_process_Pipeline_VITIS_LOOP_580_4
INFO: [VRFC 10-2263] Analyzing Verilog file "D:/repo/XCKU5PMini/udp_hls_10g/hls/slowstack_prj/solution1/syn/verilog/udp_echo_tcp_send.v" into library xil_defaultlib
INFO: [VRFC 10-311] analyzing module udp_echo_tcp_send
INFO: [VRFC 10-2263] Analyzing Verilog file "D:/repo/XCKU5PMini/udp_hls_10g/hls/slowstack_prj/solution1/syn/verilog/udp_echo_tcp_send_1.v" into library xil_defaultlib
INFO: [VRFC 10-311] analyzing module udp_echo_tcp_send_1
INFO: [VRFC 10-2263] Analyzing Verilog file "D:/repo/XCKU5PMini/udp_hls_10g/hls/slowstack_prj/solution1/syn/verilog/udp_echo_tcp_send_1_iw_RAM_AUTO_1R1W.v" into library xil_defaultlib
INFO: [VRFC 10-311] analyzing module udp_echo_tcp_send_1_iw_RAM_AUTO_1R1W
INFO: [VRFC 10-2263] Analyzing Verilog file "D:/repo/XCKU5PMini/udp_hls_10g/hls/slowstack_prj/solution1/syn/verilog/udp_echo_tcp_send_1_Pipeline_VITIS_LOOP_112_1.v" into library xil_defaultlib
INFO: [VRFC 10-311] analyzing module udp_echo_tcp_send_1_Pipeline_VITIS_LOOP_112_1
INFO: [VRFC 10-2263] Analyzing Verilog file "D:/repo/XCKU5PMini/udp_hls_10g/hls/slowstack_prj/solution1/syn/verilog/udp_echo_tcp_send_1_Pipeline_VITIS_LOOP_190_1.v" into library xil_defaultlib
INFO: [VRFC 10-311] analyzing module udp_echo_tcp_send_1_Pipeline_VITIS_LOOP_190_1
INFO: [VRFC 10-2263] Analyzing Verilog file "D:/repo/XCKU5PMini/udp_hls_10g/hls/slowstack_prj/solution1/syn/verilog/udp_echo_tcp_send_1_Pipeline_VITIS_LOOP_192_2.v" into library xil_defaultlib
INFO: [VRFC 10-311] analyzing module udp_echo_tcp_send_1_Pipeline_VITIS_LOOP_192_2
INFO: [VRFC 10-2263] Analyzing Verilog file "D:/repo/XCKU5PMini/udp_hls_10g/hls/slowstack_prj/solution1/syn/verilog/udp_echo_tcp_send_1_Pipeline_VITIS_LOOP_282_1.v" into library xil_defaultlib
INFO: [VRFC 10-311] analyzing module udp_echo_tcp_send_1_Pipeline_VITIS_LOOP_282_1
INFO: [VRFC 10-2263] Analyzing Verilog file "D:/repo/XCKU5PMini/udp_hls_10g/hls/slowstack_prj/solution1/syn/verilog/udp_echo_tcp_send_1_Pipeline_VITIS_LOOP_294_2.v" into library xil_defaultlib
INFO: [VRFC 10-311] analyzing module udp_echo_tcp_send_1_Pipeline_VITIS_LOOP_294_2
INFO: [VRFC 10-2263] Analyzing Verilog file "D:/repo/XCKU5PMini/udp_hls_10g/hls/slowstack_prj/solution1/syn/verilog/udp_echo_tcp_send_1_Pipeline_VITIS_LOOP_296_3.v" into library xil_defaultlib
INFO: [VRFC 10-311] analyzing module udp_echo_tcp_send_1_Pipeline_VITIS_LOOP_296_3
INFO: [VRFC 10-2263] Analyzing Verilog file "D:/repo/XCKU5PMini/udp_hls_10g/hls/slowstack_prj/solution1/syn/verilog/udp_echo_tcp_send_1_Pipeline_VITIS_LOOP_302_4.v" into library xil_defaultlib
INFO: [VRFC 10-311] analyzing module udp_echo_tcp_send_1_Pipeline_VITIS_LOOP_302_4
INFO: [VRFC 10-2263] Analyzing Verilog file "D:/repo/XCKU5PMini/udp_hls_10g/hls/slowstack_prj/solution1/syn/verilog/udp_echo_tcp_send_1_Pipeline_VITIS_LOOP_308_5.v" into library xil_defaultlib
INFO: [VRFC 10-311] analyzing module udp_echo_tcp_send_1_Pipeline_VITIS_LOOP_308_5
INFO: [VRFC 10-2263] Analyzing Verilog file "D:/repo/XCKU5PMini/udp_hls_10g/hls/slowstack_prj/solution1/syn/verilog/udp_echo_tcp_send_1_Pipeline_VITIS_LOOP_54_1.v" into library xil_defaultlib
INFO: [VRFC 10-311] analyzing module udp_echo_tcp_send_1_Pipeline_VITIS_LOOP_54_1
INFO: [VRFC 10-2263] Analyzing Verilog file "D:/repo/XCKU5PMini/udp_hls_10g/hls/slowstack_prj/solution1/syn/verilog/udp_echo_tcp_send_1_Pipeline_VITIS_LOOP_58_2.v" into library xil_defaultlib
INFO: [VRFC 10-311] analyzing module udp_echo_tcp_send_1_Pipeline_VITIS_LOOP_58_2
INFO: [VRFC 10-2263] Analyzing Verilog file "D:/repo/XCKU5PMini/udp_hls_10g/hls/slowstack_prj/solution1/syn/verilog/udp_echo_tcp_send_bufs_RAM_2P_BRAM_1R1W.v" into library xil_defaultlib
INFO: [VRFC 10-311] analyzing module udp_echo_tcp_send_bufs_RAM_2P_BRAM_1R1W
INFO: [VRFC 10-2263] Analyzing Verilog file "D:/repo/XCKU5PMini/udp_hls_10g/hls/slowstack_prj/solution1/syn/verilog/udp_echo_tcp_send_bufs_RAM_2P_BRAM_1R1W_ram.v" into library xil_defaultlib
INFO: [VRFC 10-311] analyzing module udp_echo_tcp_send_bufs_RAM_2P_BRAM_1R1W_ram
INFO: [VRFC 10-2263] Analyzing Verilog file "D:/repo/XCKU5PMini/udp_hls_10g/hls/slowstack_prj/solution1/syn/verilog/udp_echo_tcp_send_iw_RAM_AUTO_1R1W.v" into library xil_defaultlib
INFO: [VRFC 10-311] analyzing module udp_echo_tcp_send_iw_RAM_AUTO_1R1W
INFO: [VRFC 10-2263] Analyzing Verilog file "D:/repo/XCKU5PMini/udp_hls_10g/hls/slowstack_prj/solution1/syn/verilog/udp_echo_tcp_send_Pipeline_VITIS_LOOP_112_1.v" into library xil_defaultlib
INFO: [VRFC 10-311] analyzing module udp_echo_tcp_send_Pipeline_VITIS_LOOP_112_1
INFO: [VRFC 10-2263] Analyzing Verilog file "D:/repo/XCKU5PMini/udp_hls_10g/hls/slowstack_prj/solution1/syn/verilog/udp_echo_tcp_send_Pipeline_VITIS_LOOP_190_1.v" into library xil_defaultlib
INFO: [VRFC 10-311] analyzing module udp_echo_tcp_send_Pipeline_VITIS_LOOP_190_1
INFO: [VRFC 10-2263] Analyzing Verilog file "D:/repo/XCKU5PMini/udp_hls_10g/hls/slowstack_prj/solution1/syn/verilog/udp_echo_tcp_send_Pipeline_VITIS_LOOP_192_2.v" into library xil_defaultlib
INFO: [VRFC 10-311] analyzing module udp_echo_tcp_send_Pipeline_VITIS_LOOP_192_2
INFO: [VRFC 10-2263] Analyzing Verilog file "D:/repo/XCKU5PMini/udp_hls_10g/hls/slowstack_prj/solution1/syn/verilog/udp_echo_tcp_send_Pipeline_VITIS_LOOP_294_2.v" into library xil_defaultlib
INFO: [VRFC 10-311] analyzing module udp_echo_tcp_send_Pipeline_VITIS_LOOP_294_2
INFO: [VRFC 10-2263] Analyzing Verilog file "D:/repo/XCKU5PMini/udp_hls_10g/hls/slowstack_prj/solution1/syn/verilog/udp_echo_tcp_send_Pipeline_VITIS_LOOP_296_3.v" into library xil_defaultlib
INFO: [VRFC 10-311] analyzing module udp_echo_tcp_send_Pipeline_VITIS_LOOP_296_3
INFO: [VRFC 10-2263] Analyzing Verilog file "D:/repo/XCKU5PMini/udp_hls_10g/hls/slowstack_prj/solution1/syn/verilog/udp_echo_tcp_send_Pipeline_VITIS_LOOP_302_4.v" into library xil_defaultlib
INFO: [VRFC 10-311] analyzing module udp_echo_tcp_send_Pipeline_VITIS_LOOP_302_4
INFO: [VRFC 10-2263] Analyzing Verilog file "D:/repo/XCKU5PMini/udp_hls_10g/hls/slowstack_prj/solution1/syn/verilog/udp_echo_tcp_send_Pipeline_VITIS_LOOP_54_1.v" into library xil_defaultlib
INFO: [VRFC 10-311] analyzing module udp_echo_tcp_send_Pipeline_VITIS_LOOP_54_1
INFO: [VRFC 10-2263] Analyzing Verilog file "D:/repo/XCKU5PMini/udp_hls_10g/hls/slowstack_prj/solution1/syn/verilog/udp_echo_tcp_send_Pipeline_VITIS_LOOP_58_2.v" into library xil_defaultlib
INFO: [VRFC 10-311] analyzing module udp_echo_tcp_send_Pipeline_VITIS_LOOP_58_2
INFO: [VRFC 10-2263] Analyzing Verilog file "D:/repo/XCKU5PMini/udp_hls_10g/hls/slowstack_prj/solution1/syn/verilog/udp_echo_tcp_send_seg_RAM_AUTO_1R1W.v" into library xil_defaultlib
INFO: [VRFC 10-311] analyzing module udp_echo_tcp_send_seg_RAM_AUTO_1R1W
INFO: [VRFC 10-2263] Analyzing Verilog file "D:/repo/XCKU5PMini/udp_hls_10g/hls/slowstack_prj/solution1/syn/verilog/udp_echo_udiv_23ns_32ns_32_27_seq_1.v" into library xil_defaultlib
INFO: [VRFC 10-311] analyzing module udp_echo_udiv_23ns_32ns_32_27_seq_1_divseq
INFO: [VRFC 10-311] analyzing module udp_echo_udiv_23ns_32ns_32_27_seq_1
INFO: [VRFC 10-2263] Analyzing Verilog file "D:/repo/XCKU5PMini/udp_hls_10g/hls/slowstack_prj/solution1/syn/verilog/udp_echo_udp_echo_Pipeline_VITIS_LOOP_162_1.v" into library xil_defaultlib
INFO: [VRFC 10-311] analyzing module udp_echo_udp_echo_Pipeline_VITIS_LOOP_162_1
INFO: [VRFC 10-2263] Analyzing Verilog file "D:/repo/XCKU5PMini/udp_hls_10g/hls/slowstack_prj/solution1/syn/verilog/udp_echo_udp_echo_Pipeline_VITIS_LOOP_163_2.v" into library xil_defaultlib
INFO: [VRFC 10-311] analyzing module udp_echo_udp_echo_Pipeline_VITIS_LOOP_163_2
INFO: [VRFC 10-2263] Analyzing Verilog file "D:/repo/XCKU5PMini/udp_hls_10g/hls/slowstack_prj/solution1/syn/verilog/udp_echo_udp_echo_Pipeline_VITIS_LOOP_198_3.v" into library xil_defaultlib
INFO: [VRFC 10-311] analyzing module udp_echo_udp_echo_Pipeline_VITIS_LOOP_198_3
INFO: [VRFC 10-2263] Analyzing Verilog file "D:/repo/XCKU5PMini/udp_hls_10g/hls/slowstack_prj/solution1/syn/verilog/udp_echo_udp_echo_Pipeline_VITIS_LOOP_39_1.v" into library xil_defaultlib
INFO: [VRFC 10-311] analyzing module udp_echo_udp_echo_Pipeline_VITIS_LOOP_39_1
INFO: [VRFC 10-2263] Analyzing Verilog file "D:/repo/XCKU5PMini/udp_hls_10g/hls/slowstack_prj/solution1/syn/verilog/udp_echo_udp_tx_process.v" into library xil_defaultlib
INFO: [VRFC 10-311] analyzing module udp_echo_udp_tx_process
INFO: [VRFC 10-2263] Analyzing Verilog file "D:/repo/XCKU5PMini/udp_hls_10g/hls/slowstack_prj/solution1/syn/verilog/udp_echo_udp_tx_process_ip_words_RAM_AUTO_1R1W.v" into library xil_defaultlib
INFO: [VRFC 10-311] analyzing module udp_echo_udp_tx_process_ip_words_RAM_AUTO_1R1W
INFO: [VRFC 10-2263] Analyzing Verilog file "D:/repo/XCKU5PMini/udp_hls_10g/hls/slowstack_prj/solution1/syn/verilog/udp_echo_udp_tx_process_Pipeline_VITIS_LOOP_112_1.v" into library xil_defaultlib
INFO: [VRFC 10-311] analyzing module udp_echo_udp_tx_process_Pipeline_VITIS_LOOP_112_1
INFO: [VRFC 10-2263] Analyzing Verilog file "D:/repo/XCKU5PMini/udp_hls_10g/hls/slowstack_prj/solution1/syn/verilog/udp_echo_udp_tx_process_Pipeline_VITIS_LOOP_152_1.v" into library xil_defaultlib
INFO: [VRFC 10-311] analyzing module udp_echo_udp_tx_process_Pipeline_VITIS_LOOP_152_1
INFO: [VRFC 10-2263] Analyzing Verilog file "D:/repo/XCKU5PMini/udp_hls_10g/hls/slowstack_prj/solution1/syn/verilog/udp_echo_udp_tx_process_Pipeline_VITIS_LOOP_178_1.v" into library xil_defaultlib
INFO: [VRFC 10-311] analyzing module udp_echo_udp_tx_process_Pipeline_VITIS_LOOP_178_1
INFO: [VRFC 10-2263] Analyzing Verilog file "D:/repo/XCKU5PMini/udp_hls_10g/hls/slowstack_prj/solution1/syn/verilog/udp_echo_udp_tx_process_Pipeline_VITIS_LOOP_182_2.v" into library xil_defaultlib
INFO: [VRFC 10-311] analyzing module udp_echo_udp_tx_process_Pipeline_VITIS_LOOP_182_2
INFO: [VRFC 10-2263] Analyzing Verilog file "D:/repo/XCKU5PMini/udp_hls_10g/hls/slowstack_prj/solution1/syn/verilog/udp_echo_udp_tx_process_Pipeline_VITIS_LOOP_54_1.v" into library xil_defaultlib
INFO: [VRFC 10-311] analyzing module udp_echo_udp_tx_process_Pipeline_VITIS_LOOP_54_1
INFO: [VRFC 10-2263] Analyzing Verilog file "D:/repo/XCKU5PMini/udp_hls_10g/hls/slowstack_prj/solution1/syn/verilog/udp_echo_udp_tx_process_Pipeline_VITIS_LOOP_58_2.v" into library xil_defaultlib
INFO: [VRFC 10-311] analyzing module udp_echo_udp_tx_process_Pipeline_VITIS_LOOP_58_2
INFO: [VRFC 10-2263] Analyzing Verilog file "D:/repo/XCKU5PMini/udp_hls_10g/hls/slowstack_prj/solution1/syn/verilog/udp_echo_urem_32ns_5ns_4_36_1.v" into library xil_defaultlib
INFO: [VRFC 10-311] analyzing module udp_echo_urem_32ns_5ns_4_36_1_divider
INFO: [VRFC 10-311] analyzing module udp_echo_urem_32ns_5ns_4_36_1
INFO: [VRFC 10-2263] Analyzing Verilog file "D:/repo/XCKU5PMini/udp_hls_10g/hls/slowstack_prj/solution1/syn/verilog/udp_echo_urem_7ns_5ns_7_11_1.v" into library xil_defaultlib
INFO: [VRFC 10-311] analyzing module udp_echo_urem_7ns_5ns_7_11_1_divider
INFO: [VRFC 10-311] analyzing module udp_echo_urem_7ns_5ns_7_11_1
INFO: [VRFC 10-2263] Analyzing Verilog file "D:/repo/XCKU5PMini/udp_hls_10g/hls/slowstack_prj/solution1/syn/verilog/udp_echo_urem_8ns_8ns_7_12_1.v" into library xil_defaultlib
INFO: [VRFC 10-311] analyzing module udp_echo_urem_8ns_8ns_7_12_1_divider
INFO: [VRFC 10-311] analyzing module udp_echo_urem_8ns_8ns_7_12_1
INFO: [VRFC 10-2263] Analyzing Verilog file "D:/repo/XCKU5PMini/udp_hls_10g/board/wrapper_p4.v" into library xil_defaultlib
INFO: [VRFC 10-311] analyzing module wrapper_p4
ERROR: [VRFC 10-2989] 'udpapp_mismatch' is not declared [D:/repo/XCKU5PMini/udp_hls_10g/board/wrapper_p4.v:4179]
ERROR: [VRFC 10-2989] 'udpapp_rx_null' is not declared [D:/repo/XCKU5PMini/udp_hls_10g/board/wrapper_p4.v:4180]
ERROR: [VRFC 10-2989] 'udpapp_rx_bytes' is not declared [D:/repo/XCKU5PMini/udp_hls_10g/board/wrapper_p4.v:4181]
ERROR: [VRFC 10-2989] 'udpapp_rx_frames' is not declared [D:/repo/XCKU5PMini/udp_hls_10g/board/wrapper_p4.v:4182]
ERROR: [VRFC 10-2989] 'udpapp_tx_bytes' is not declared [D:/repo/XCKU5PMini/udp_hls_10g/board/wrapper_p4.v:4183]
ERROR: [VRFC 10-2989] 'udpapp_tx_frames' is not declared [D:/repo/XCKU5PMini/udp_hls_10g/board/wrapper_p4.v:4184]
ERROR: [VRFC 10-8530] module 'wrapper_p4' is ignored due to previous errors [D:/repo/XCKU5PMini/udp_hls_10g/board/wrapper_p4.v:138]
