### J6META_BEGIN 2026-10-07T09:53:40Z
STC_META_TAG=STC_B2DL1 STC_META_CONNS=30 STC_META_SECS=25 STC_META_RCVBUF=8388608
STC_META_SINK=./p7b_tcp_sink STC_META_SINK_EXTRA='' STC_META_PCAP_ON=0 STC_META_BID_EXPECT=0x00000009
STC_META_SCRIPT=/tmp/p7b_biz/stc_dl.sh STC_META_SCRIPT_MD5=f50e5f82df7dda62f542108ab5a42f84
STC_META_SINK_MD5=7bc7f6536adb6c285536e9905c3b2ca6
STC_META_PACE=N/A(board_is_sender) STC_META_BOARD_BID_PRE=0x00000009
STC_META_WRAP_RULE=all_board_cnt_32bit; delta_mod_2^32_with_k_recorded; W51_wrap@9.4Gbps=3.65s; W5_limit_27.487s
### PHASE route_carrier 1791366820.100091261
192.168.100.2 dev enp1s0f1np1 src 192.168.100.100 uid 0 
    cache 
CARRIER=1
### PHASE geom_gate 1791366820.103088524
ID_MAGIC 0x50360001   (want 0x50360001)
ID_BID   0x00000009   (want 0x00000009 = 本构建的 BUILD_ID)
ID_MARKER 0xdeadbeef  (want 0xdeadbeef)
ID_UNIMPL 0xffffffff  (want 0xffffffff: 未实现地址必须走 SLVERR)
ID_OK 1791366820.122540759
STC_GEOM_OK NW=63 BID=0x00000009
### PHASE nic_pre 1791366820.123531206
     port_tx_bytes: 182811998264
     port_tx_packets: 128288737
     port_rx_good_bytes: 1857290653395
     port_rx_packets: 1336098014
     port_rx_bad: 4
     port_rx_nodesc_drops: 25235291
     rx_eth_crc_err: 5
TcpInSegs                       123776366          0.0
TcpOutSegs                      124450166          0.0
TcpRetransSegs                  13494              0.0
TcpExtTCPLossUndo               5                  0.0
TcpExtTCPFastRetrans            2706               0.0
TcpExtTCPRcvCollapsed           0                  0.0
TcpExtTCPOFOQueue               38479              0.0
TcpExtTCPACKSkippedPAWS         0                  0.0
TcpExtTCPACKSkippedSeq          1191               0.0
### PHASE pre_snapshot 1791366820.127336544
SNAP_BEGIN STC_B2DL1_pre gen=1
W0   0x20   rx_stat_frames         0x00000000
W1   0x24   rx_stat_bytes          0x00000000
W2   0x28   wl_last_lastframelen   0x00000000
W3   0x2C   rx_stat_crc_err        0x00000000
W4   0x30   rx_stat_drop           0x00000000
W5   0x34   gmii_free_FE           0x8118598f
W6   0x38   srx_stat_commit        0x00000000
W7   0x3C   stx_stat_frames        0x00000000
W8   0x40   udpapp_tx_frames       0x00000000
W9   0x44   udpapp_tx_bytes        0x00000000
W10  0x48   udpapp_rx_frames       0x00000000
W11  0x4C   udpapp_rx_bytes        0x00000000
W12  0x50   udpapp_rx_null         0x00000000
W13  0x54   udpapp_mismatch        0x00000000
W14  0x58   tx_stat_frames_TCP     0x00000000
W15  0x5C   tx_stat_bytes_TCP      0x00000000
W16  0x60   srx_hls_bytes          0x00000000
W17  0x64   hr_cnt_hlsreset        0x00000000
W18  0x68   stx_stat_purge         0x00000000
W19  0x6C   srx_stat_drop          0x00000000
W20  0x70   mac_tx_frames          0x00000000
W21  0x74   tx_stat_abort          0x00000000
W22  0x78   rx_stat_pass_TCP       0x00000000
W23  0x7C   rx_stat_nonmatch_TCP   0x00000000
W24  0x80   dp_free_DP             0x81323063
W25  0x84   mmcm_locked            0x00000001
W26  0x88   rxcdc_full_cycles      0x00000003
W27  0x8C   rxcdc_occ_max          0x00000000
W28  0x90   txcdc_occ_max          0x00000000
W29  0x94   txwire_stall_cycles    0x00000000
W30  0x98   rxcdc_out_frames       0x00000000
W31  0x9C   rxcdc_out_bytes        0x00000000
W32  0xA0   rx_stat_drop_partial   0x00000000
W33  0xA4   rx_stat_orphan_bytes   0x00000000
W34  0xA8   rx_stat_drop_full      0x00000000
W35  0xAC   rx_stat_fifo_ovf       0x00000000
W36  0xB0   mrx_stat_rx_words      0x811852ce
W37  0xB4   mrx_stat_rx_pay_bytes  0x00000000
W38  0xB8   rxcdc_ovf_cnt          0x00000000
W39  0xBC   pcs_status_bundle      0x2000100c
W40  0xC0   pcs_evt_bundle         0x000000ff
W41  0xC4   mtx_stat_flush_words   0x00000000
W42  0xC8   mtx_stat_flush_done    0x00000000
W43  0xCC   mtx_stat_tx_words      0x811904b6
W44  0xD0   mtx_stat_tx_ctrl_char  0x08c825b0
W45  0xD4   txcdc_ovf_cnt          0x00000000
W46  0xD8   cls_dbg_stat_ovf       0x00000000
W47  0xDC   cls_dbg_stat_route_ovf 0x00000000
W48  0xE0   cls_dbg_stat_stall_in  0x00000000
W49  0xE4   cls_dbg_occ            0x00000000
W50  0xE8   tx_clk_act             0x80c21940
W51  0xEC   app_tx_bytes           0x00000000
W52  0xF0   app_tx_frames          0x00000000
W53  0xF4   app_rx_bytes           0x00000000
W54  0xF8   app_mismatch           0x00000000
W55  0xFC   tx_stat_retx           0x00000000
W56  0x100  udpapp_tx_ovf          0x00000000
W57  0x104  tx_retx_hi             0x00000000
W58  0x108  tx_retx_active         0x00000000
W59  0x10C  stx_stat_fifo_ovf      0x00000000
W60  0x110  srx_stat_fifo_ovf      0x00000000
W61  0x114  app_ctrl_stat_wu       0x00000000
W62  0x118  app_ctrl_rx_occ_bytes  0x00000000
SNAP_END STC_B2DL1_pre nff=0
### PHASE t0_snapshot 1791366821.363913162
SNAP_BEGIN STC_B2DL1_t0 gen=2
W5   0x34   gmii_free_FE           0x8ca0c275
W51  0xEC   app_tx_bytes           0x00000000
W52  0xF0   app_tx_frames          0x00000000
W15  0x5C   tx_stat_bytes_TCP      0x00000000
W14  0x58   tx_stat_frames_TCP     0x00000000
W20  0x70   mac_tx_frames          0x00000000
W43  0xCC   mtx_stat_tx_words      0x8ca16794
W55  0xFC   tx_stat_retx           0x00000000
W57  0x104  tx_retx_hi             0x00000000
W58  0x108  tx_retx_active         0x00000000
W54  0xF8   app_mismatch           0x00000000
W61  0x114  app_ctrl_stat_wu       0x00000000
W62  0x118  app_ctrl_rx_occ_bytes  0x00000000
W56  0x100  udpapp_tx_ovf          0x00000000
W59  0x10C  stx_stat_fifo_ovf      0x00000000
W60  0x110  srx_stat_fifo_ovf      0x00000000
W0   0x20   rx_stat_frames         0x00000000
W22  0x78   rx_stat_pass_TCP       0x00000000
SNAP_END STC_B2DL1_t0 nff=0
### PHASE sink_start 1791366821.440847429
SINK_RC=0 1791366821.728782160
### PHASE t1_snapshot 1791366821.729845512
SNAP_BEGIN STC_B2DL1_t1 gen=3
W5   0x34   gmii_free_FE           0x9007c276
W51  0xEC   app_tx_bytes           0x01e00000
W52  0xF0   app_tx_frames          0x00005442
W15  0x5C   tx_stat_bytes_TCP      0x01e675e8
W14  0x58   tx_stat_frames_TCP     0x00005582
W20  0x70   mac_tx_frames          0x000055bf
W43  0xCC   mtx_stat_tx_words      0x900865cd
W55  0xFC   tx_stat_retx           0x00000031
W57  0x104  tx_retx_hi             0x12348419
W58  0x108  tx_retx_active         0x00000000
W54  0xF8   app_mismatch           0x00000000
W61  0x114  app_ctrl_stat_wu       0x00000000
W62  0x118  app_ctrl_rx_occ_bytes  0x00000000
W56  0x100  udpapp_tx_ovf          0x00000000
W59  0x10C  stx_stat_fifo_ovf      0x00000000
W60  0x110  srx_stat_fifo_ovf      0x00000000
W0   0x20   rx_stat_frames         0x000031ce
W22  0x78   rx_stat_pass_TCP       0x0000316b
SNAP_END STC_B2DL1_t1 nff=0
### PHASE post_snapshot 1791366822.806555012
SNAP_BEGIN STC_B2DL1_post gen=4
W0   0x20   rx_stat_frames         0x00003202
W1   0x24   rx_stat_bytes          0x000c8224
W2   0x28   wl_last_lastframelen   0x00000040
W3   0x2C   rx_stat_crc_err        0x00000000
W4   0x30   rx_stat_drop           0x00000000
W5   0x34   gmii_free_FE           0x9a101c64
W6   0x38   srx_stat_commit        0x00000079
W7   0x3C   stx_stat_frames        0x0000003d
W8   0x40   udpapp_tx_frames       0x00000000
W9   0x44   udpapp_tx_bytes        0x00000000
W10  0x48   udpapp_rx_frames       0x00000000
W11  0x4C   udpapp_rx_bytes        0x00000000
W12  0x50   udpapp_rx_null         0x00000000
W13  0x54   udpapp_mismatch        0x00000000
W14  0x58   tx_stat_frames_TCP     0x00005582
W15  0x5C   tx_stat_bytes_TCP      0x01e675e8
W16  0x60   srx_hls_bytes          0x000021c8
W17  0x64   hr_cnt_hlsreset        0x00000000
W18  0x68   stx_stat_purge         0x00000000
W19  0x6C   srx_stat_drop          0x00000000
W20  0x70   mac_tx_frames          0x000055bf
W21  0x74   tx_stat_abort          0x00000000
W22  0x78   rx_stat_pass_TCP       0x0000316b
W23  0x7C   rx_stat_nonmatch_TCP   0x0000001e
W24  0x80   dp_free_DP             0x9a29ef1e
W25  0x84   mmcm_locked            0x00000001
W26  0x88   rxcdc_full_cycles      0x00000003
W27  0x8C   rxcdc_occ_max          0x00000006
W28  0x90   txcdc_occ_max          0x00000006
W29  0x94   txwire_stall_cycles    0x00000000
W30  0x98   rxcdc_out_frames       0x00003202
W31  0x9C   rxcdc_out_bytes        0x000bba1c
W32  0xA0   rx_stat_drop_partial   0x00000000
W33  0xA4   rx_stat_orphan_bytes   0x00000000
W34  0xA8   rx_stat_drop_full      0x00000000
W35  0xAC   rx_stat_fifo_ovf       0x00000000
W36  0xB0   mrx_stat_rx_words      0x9a1015a2
W37  0xB4   mrx_stat_rx_pay_bytes  0x000bba1c
W38  0xB8   rxcdc_ovf_cnt          0x00000000
W39  0xBC   pcs_status_bundle      0x2000100c
W40  0xC0   pcs_evt_bundle         0x000000ff
W41  0xC4   mtx_stat_flush_words   0x00000000
W42  0xC8   mtx_stat_flush_done    0x00000000
W43  0xCC   mtx_stat_tx_words      0x9a10ba76
W44  0xD0   mtx_stat_tx_ctrl_char  0xce899627
W45  0xD4   txcdc_ovf_cnt          0x00000000
W46  0xD8   cls_dbg_stat_ovf       0x00000000
W47  0xDC   cls_dbg_stat_route_ovf 0x00000000
W48  0xE0   cls_dbg_stat_stall_in  0x00000000
W49  0xE4   cls_dbg_occ            0x00000000
W50  0xE8   tx_clk_act             0x99a8fa08
W51  0xEC   app_tx_bytes           0x01e00000
W52  0xF0   app_tx_frames          0x00005442
W53  0xF4   app_rx_bytes           0x00000000
W54  0xF8   app_mismatch           0x00000000
W55  0xFC   tx_stat_retx           0x00000031
W56  0x100  udpapp_tx_ovf          0x00000000
W57  0x104  tx_retx_hi             0x12348419
W58  0x108  tx_retx_active         0x00000000
W59  0x10C  stx_stat_fifo_ovf      0x00000000
W60  0x110  srx_stat_fifo_ovf      0x00000000
W61  0x114  app_ctrl_stat_wu       0x00000000
W62  0x118  app_ctrl_rx_occ_bytes  0x00000000
SNAP_END STC_B2DL1_post nff=0
### PHASE nic_post 1791366823.044802147
     port_tx_bytes: 182812818012
     port_tx_packets: 128301539
     port_rx_good_bytes: 1857323807779
     port_rx_packets: 1336119965
     port_rx_bad: 4
     port_rx_nodesc_drops: 25235291
     rx_eth_crc_err: 5
TcpInSegs                       123798318          0.0
TcpOutSegs                      124462915          0.0
TcpRetransSegs                  13571              0.0
TcpExtTCPLossUndo               5                  0.0
TcpExtTCPFastRetrans            2706               0.0
TcpExtTCPRcvCollapsed           0                  0.0
TcpExtTCPOFOQueue               38649              0.0
TcpExtTCPACKSkippedPAWS         0                  0.0
TcpExtTCPACKSkippedSeq          1191               0.0
### PHASE idle_snap 1791366823.048489825
SNAP_BEGIN STC_B2DL1_idle gen=5
W5   0x34   gmii_free_FE           0xaef47685
W51  0xEC   app_tx_bytes           0x01e00000
W52  0xF0   app_tx_frames          0x00005442
W15  0x5C   tx_stat_bytes_TCP      0x01e675e8
W14  0x58   tx_stat_frames_TCP     0x00005582
W20  0x70   mac_tx_frames          0x000055bf
W43  0xCC   mtx_stat_tx_words      0xaef50990
W55  0xFC   tx_stat_retx           0x00000031
W57  0x104  tx_retx_hi             0x12348419
W58  0x108  tx_retx_active         0x00000000
W54  0xF8   app_mismatch           0x00000000
W61  0x114  app_ctrl_stat_wu       0x00000000
W62  0x118  app_ctrl_rx_occ_bytes  0x00000000
W56  0x100  udpapp_tx_ovf          0x00000000
W59  0x10C  stx_stat_fifo_ovf      0x00000000
W60  0x110  srx_stat_fifo_ovf      0x00000000
W0   0x20   rx_stat_frames         0x0000323e
W22  0x78   rx_stat_pass_TCP       0x0000316b
SNAP_END STC_B2DL1_idle nff=0
### SINK tail:
SINK_CONN 26 OK bytes=1048576 first_mismatch=-1 mism_bytes=0 conn_ms=0.096 dur_ms=9.254 Mbps=906.505 reads=470
SINK_CONN 27 OK bytes=1048576 first_mismatch=-1 mism_bytes=0 conn_ms=0.112 dur_ms=9.337 Mbps=898.434 reads=162
SINK_CONN 28 OK bytes=1048576 first_mismatch=-1 mism_bytes=0 conn_ms=0.100 dur_ms=9.359 Mbps=896.286 reads=161
SINK_CONN 29 OK bytes=1048576 first_mismatch=-1 mism_bytes=0 conn_ms=0.076 dur_ms=9.357 Mbps=896.491 reads=161
SINK_SUM conns=30 fail_conns=0 bytes=31457280 clean_conns=30 bad_conns=0 mismatch_bytes=0 wall_s=0.283 net_s=0.283 agg_Mbps=889.357
SINK_DONE
### SINK_SUM:
SINK_SUM conns=30 fail_conns=0 bytes=31457280 clean_conns=30 bad_conns=0 mismatch_bytes=0 wall_s=0.283 net_s=0.283 agg_Mbps=889.357
### SINK head:
SINK_CONN 0 OK bytes=1048576 first_mismatch=-1 mism_bytes=0 conn_ms=0.195 dur_ms=9.336 Mbps=898.489 reads=149
SINK_CONN 1 OK bytes=1048576 first_mismatch=-1 mism_bytes=0 conn_ms=0.074 dur_ms=9.368 Mbps=895.475 reads=153
SINK_CONN 2 OK bytes=1048576 first_mismatch=-1 mism_bytes=0 conn_ms=0.087 dur_ms=9.352 Mbps=896.984 reads=153
### CPU samples (last 24):
SYS_T 1791366821.442125452 cpu  308362 15848 187797 54741359 61503 0 124394 0 0 0
PS_T  1791366821.444141945  2.7 htop| 0.6 sshd| 0.5 java| 0.2 ksoftirqd/2| 0.1 gnome-shell| 0.1 hw_server|
SYS_T 1791366821.717155986 cpu  308372 15848 187803 54741555 61503 0 124397 0 0 0
### SS samples (last 6):
SS_T 1791366820.363268854 State Recv-Q Send-Q Local Address:Port Peer Address:PortProcess|
SS_T 1791366820.873957325 State Recv-Q Send-Q Local Address:Port Peer Address:PortProcess|
SS_T 1791366821.384564231 State Recv-Q Send-Q Local Address:Port Peer Address:PortProcess|
STC_META_BOARD_BID_END=0x00000009
STC_DL_DONE 1791366825.131087068
