### J6META_BEGIN 2026-10-07T09:46:00Z
STC_META_TAG=STC_DL4 STC_META_CONNS=30 STC_META_SECS=25 STC_META_RCVBUF=8388608
STC_META_SINK=./p7b_tcp_sink STC_META_SINK_EXTRA='' STC_META_PCAP_ON=0
STC_META_SCRIPT=/tmp/p7b_biz/stc_dl.sh STC_META_SCRIPT_MD5=0c415bd0e6de1608c55613252b98301e
STC_META_SINK_MD5=7bc7f6536adb6c285536e9905c3b2ca6
STC_META_PACE=N/A(board_is_sender) STC_META_BOARD_BID_PRE=0x0000000a
STC_META_WRAP_RULE=all_board_cnt_32bit; delta_mod_2^32_with_k_recorded; W51_wrap@9.4Gbps=3.65s; W5_limit_27.487s
### PHASE route_carrier 1791366360.746889972
192.168.100.2 dev enp1s0f1np1 src 192.168.100.100 uid 0 
    cache 
CARRIER=1
### PHASE geom_gate 1791366360.749949529
ID_MAGIC 0x50360001   (want 0x50360001)
ID_BID   0x0000000a   (want 0x0000000A = 本构建的 BUILD_ID)
ID_MARKER 0xdeadbeef  (want 0xdeadbeef)
ID_UNIMPL 0xffffffff  (want 0xffffffff: 未实现地址必须走 SLVERR)
ID_OK 1791366360.769942512
STC_GEOM_OK NW=63 BID=0x0000000a
### PHASE nic_pre 1791366360.771046674
     port_tx_bytes: 174132267246
     port_tx_packets: 121875583
     port_rx_good_bytes: 1622248743653
     port_rx_packets: 1175687201
     port_rx_bad: 3
     port_rx_nodesc_drops: 22465055
     rx_eth_crc_err: 4
TcpInSegs                       117263120          0.0
TcpOutSegs                      117970933          0.0
TcpRetransSegs                  12944              0.0
TcpExtTCPLossUndo               5                  0.0
TcpExtTCPFastRetrans            2700               0.0
TcpExtTCPRcvCollapsed           0                  0.0
TcpExtTCPOFOQueue               36818              0.0
TcpExtTCPACKSkippedPAWS         0                  0.0
TcpExtTCPACKSkippedSeq          1095               0.0
### PHASE pre_snapshot 1791366360.774710086
SNAP_BEGIN STC_DL4_pre gen=26
W0   0x20   rx_stat_frames         0x003548f4
W1   0x24   rx_stat_bytes          0x0d525242
W2   0x28   wl_last_lastframelen   0x0000005b
W3   0x2C   rx_stat_crc_err        0x00000000
W4   0x30   rx_stat_drop           0x00000000
W5   0x34   gmii_free_FE           0xb909ac7e
W6   0x38   srx_stat_commit        0x00000cb6
W7   0x3C   stx_stat_frames        0x000002b8
W8   0x40   udpapp_tx_frames       0x00000000
W9   0x44   udpapp_tx_bytes        0x00000000
W10  0x48   udpapp_rx_frames       0x00000000
W11  0x4C   udpapp_rx_bytes        0x00000000
W12  0x50   udpapp_rx_null         0x00000000
W13  0x54   udpapp_mismatch        0x00000000
W14  0x58   tx_stat_frames_TCP     0x003c032a
W15  0x5C   tx_stat_bytes_TCP      0x555ded7b
W16  0x60   srx_hls_bytes          0x0003759a
W17  0x64   hr_cnt_hlsreset        0x00000000
W18  0x68   stx_stat_purge         0x00000000
W19  0x6C   srx_stat_drop          0x00000000
W20  0x70   mac_tx_frames          0x003c05e2
W21  0x74   tx_stat_abort          0x00000000
W22  0x78   rx_stat_pass_TCP       0x00353960
W23  0x7C   rx_stat_nonmatch_TCP   0x000002de
W24  0x80   dp_free_DP             0xb91d54d3
W25  0x84   mmcm_locked            0x00000001
W26  0x88   rxcdc_full_cycles      0x00000003
W27  0x8C   rxcdc_occ_max          0x00000006
W28  0x90   txcdc_occ_max          0x00000100
W29  0x94   txwire_stall_cycles    0x00158a1e
W30  0x98   rxcdc_out_frames       0x003548f4
W31  0x9C   rxcdc_out_bytes        0x0c7d2e72
W32  0xA0   rx_stat_drop_partial   0x00000000
W33  0xA4   rx_stat_orphan_bytes   0x00000000
W34  0xA8   rx_stat_drop_full      0x00000000
W35  0xAC   rx_stat_fifo_ovf       0x00000000
W36  0xB0   mrx_stat_rx_words      0xb909a5bb
W37  0xB4   mrx_stat_rx_pay_bytes  0x0c7d2e72
W38  0xB8   rxcdc_ovf_cnt          0x00000000
W39  0xBC   pcs_status_bundle      0x2000100c
W40  0xC0   pcs_evt_bundle         0x000000ff
W41  0xC4   mtx_stat_flush_words   0x00000000
W42  0xC8   mtx_stat_flush_done    0x00000000
W43  0xCC   mtx_stat_tx_words      0xb8f9d625
W44  0xD0   mtx_stat_tx_ctrl_char  0x6332bda5
W45  0xD4   txcdc_ovf_cnt          0x00158a1e
W46  0xD8   cls_dbg_stat_ovf       0x00000000
W47  0xDC   cls_dbg_stat_route_ovf 0x00000000
W48  0xE0   cls_dbg_stat_stall_in  0x00000000
W49  0xE4   cls_dbg_occ            0x00000000
W50  0xE8   tx_clk_act             0xa4bf618b
W51  0xEC   app_tx_bytes           0x14a00000
W52  0xF0   app_tx_frames          0x00039ed6
W53  0xF4   app_rx_bytes           0x00000000
W54  0xF8   app_mismatch           0x00000000
W55  0xFC   tx_stat_retx           0x0001ce4a
W56  0x100  udpapp_tx_ovf          0x00000000
W57  0x104  tx_retx_hi             0x1244567a
W58  0x108  tx_retx_active         0x00000000
W59  0x10C  stx_stat_fifo_ovf      0x00000000
W60  0x110  srx_stat_fifo_ovf      0x00000000
W61  0x114  app_ctrl_stat_wu       0x00000000
W62  0x118  app_ctrl_rx_occ_bytes  0x00000000
SNAP_END STC_DL4_pre nff=0
### PHASE t0_snapshot 1791366362.010403613
SNAP_BEGIN STC_DL4_t0 gen=27
W5   0x34   gmii_free_FE           0xc49023a5
W51  0xEC   app_tx_bytes           0x14a00000
W52  0xF0   app_tx_frames          0x00039ed6
W15  0x5C   tx_stat_bytes_TCP      0x555ded7b
W14  0x58   tx_stat_frames_TCP     0x003c032a
W20  0x70   mac_tx_frames          0x003c05e2
W43  0xCC   mtx_stat_tx_words      0xc4804639
W55  0xFC   tx_stat_retx           0x0001ce4a
W57  0x104  tx_retx_hi             0x1244567a
W58  0x108  tx_retx_active         0x00000000
W54  0xF8   app_mismatch           0x00000000
W61  0x114  app_ctrl_stat_wu       0x00000000
W62  0x118  app_ctrl_rx_occ_bytes  0x00000000
W56  0x100  udpapp_tx_ovf          0x00000000
W59  0x10C  stx_stat_fifo_ovf      0x00000000
W60  0x110  srx_stat_fifo_ovf      0x00000000
W0   0x20   rx_stat_frames         0x003548f4
W22  0x78   rx_stat_pass_TCP       0x00353960
SNAP_END STC_DL4_t0 nff=0
### PHASE sink_start 1791366362.086913516
SINK_RC=0 1791366363.142514830
### PHASE t1_snapshot 1791366363.143694389
SNAP_BEGIN STC_DL4_t1 gen=28
W5   0x34   gmii_free_FE           0xcf1be177
W51  0xEC   app_tx_bytes           0x16800000
W52  0xF0   app_tx_frames          0x0003f318
W15  0x5C   tx_stat_bytes_TCP      0x76af3a9f
W14  0x58   tx_stat_frames_TCP     0x0041dfc0
W20  0x70   mac_tx_frames          0x0041e2b5
W43  0xCC   mtx_stat_tx_words      0xcf0bfd91
W55  0xFC   tx_stat_retx           0x0001f896
W57  0x104  tx_retx_hi             0x1244567a
W58  0x108  tx_retx_active         0x00000000
W54  0xF8   app_mismatch           0x00000000
W61  0x114  app_ctrl_stat_wu       0x00000000
W62  0x118  app_ctrl_rx_occ_bytes  0x00000000
W56  0x100  udpapp_tx_ovf          0x00000000
W59  0x10C  stx_stat_fifo_ovf      0x00000000
W60  0x110  srx_stat_fifo_ovf      0x00000000
W0   0x20   rx_stat_frames         0x003a1463
W22  0x78   rx_stat_pass_TCP       0x003a0445
SNAP_END STC_DL4_t1 nff=0
### PHASE post_snapshot 1791366364.220998980
SNAP_BEGIN STC_DL4_post gen=29
W0   0x20   rx_stat_frames         0x003a1494
W1   0x24   rx_stat_bytes          0x0e853c01
W2   0x28   wl_last_lastframelen   0x00000040
W3   0x2C   rx_stat_crc_err        0x00000000
W4   0x30   rx_stat_drop           0x00000000
W5   0x34   gmii_free_FE           0xd925eb56
W6   0x38   srx_stat_commit        0x00000d4e
W7   0x3C   stx_stat_frames        0x000002f5
W8   0x40   udpapp_tx_frames       0x00000000
W9   0x44   udpapp_tx_bytes        0x00000000
W10  0x48   udpapp_rx_frames       0x00000000
W11  0x4C   udpapp_rx_bytes        0x00000000
W12  0x50   udpapp_rx_null         0x00000000
W13  0x54   udpapp_mismatch        0x00000000
W14  0x58   tx_stat_frames_TCP     0x0041dfc0
W15  0x5C   tx_stat_bytes_TCP      0x76af3a9f
W16  0x60   srx_hls_bytes          0x00039fb9
W17  0x64   hr_cnt_hlsreset        0x00000000
W18  0x68   stx_stat_purge         0x00000000
W19  0x6C   srx_stat_drop          0x00000000
W20  0x70   mac_tx_frames          0x0041e2b5
W21  0x74   tx_stat_abort          0x00000000
W22  0x78   rx_stat_pass_TCP       0x003a0445
W23  0x7C   rx_stat_nonmatch_TCP   0x00000301
W24  0x80   dp_free_DP             0xd9398c25
W25  0x84   mmcm_locked            0x00000001
W26  0x88   rxcdc_full_cycles      0x00000003
W27  0x8C   rxcdc_occ_max          0x00000006
W28  0x90   txcdc_occ_max          0x00000100
W29  0x94   txwire_stall_cycles    0x001703a4
W30  0x98   rxcdc_out_frames       0x003a1494
W31  0x9C   rxcdc_out_bytes        0x0d9ce9b1
W32  0xA0   rx_stat_drop_partial   0x00000000
W33  0xA4   rx_stat_orphan_bytes   0x00000000
W34  0xA8   rx_stat_drop_full      0x00000000
W35  0xAC   rx_stat_fifo_ovf       0x00000000
W36  0xB0   mrx_stat_rx_words      0xd925e494
W37  0xB4   mrx_stat_rx_pay_bytes  0x0d9ce9b1
W38  0xB8   rxcdc_ovf_cnt          0x00000000
W39  0xBC   pcs_status_bundle      0x2000100c
W40  0xC0   pcs_evt_bundle         0x000000ff
W41  0xC4   mtx_stat_flush_words   0x00000000
W42  0xC8   mtx_stat_flush_done    0x00000000
W43  0xCC   mtx_stat_tx_words      0xd9160146
W44  0xD0   mtx_stat_tx_ctrl_char  0x4145ad46
W45  0xD4   txcdc_ovf_cnt          0x001703a4
W46  0xD8   cls_dbg_stat_ovf       0x00000000
W47  0xDC   cls_dbg_stat_route_ovf 0x00000000
W48  0xE0   cls_dbg_stat_stall_in  0x00000000
W49  0xE4   cls_dbg_occ            0x00000000
W50  0xE8   tx_clk_act             0xc4c433a6
W51  0xEC   app_tx_bytes           0x16800000
W52  0xF0   app_tx_frames          0x0003f318
W53  0xF4   app_rx_bytes           0x00000000
W54  0xF8   app_mismatch           0x00000000
W55  0xFC   tx_stat_retx           0x0001f896
W56  0x100  udpapp_tx_ovf          0x00000000
W57  0x104  tx_retx_hi             0x1244567a
W58  0x108  tx_retx_active         0x00000000
W59  0x10C  stx_stat_fifo_ovf      0x00000000
W60  0x110  srx_stat_fifo_ovf      0x00000000
W61  0x114  app_ctrl_stat_wu       0x00000000
W62  0x118  app_ctrl_rx_occ_bytes  0x00000000
SNAP_END STC_DL4_post nff=0
### PHASE nic_post 1791366364.456310980
     port_tx_bytes: 174152380589
     port_tx_packets: 122189847
     port_rx_good_bytes: 1622830006919
     port_rx_packets: 1176071412
     port_rx_bad: 3
     port_rx_nodesc_drops: 22465055
     rx_eth_crc_err: 4
TcpInSegs                       117647334          0.0
TcpOutSegs                      118340073          0.0
TcpRetransSegs                  13043              0.0
TcpExtTCPLossUndo               5                  0.0
TcpExtTCPFastRetrans            2700               0.0
TcpExtTCPRcvCollapsed           0                  0.0
TcpExtTCPOFOQueue               37445              0.0
TcpExtTCPACKSkippedPAWS         0                  0.0
TcpExtTCPACKSkippedSeq          1095               0.0
### PHASE idle_snap 1791366364.460061961
SNAP_BEGIN STC_DL4_idle gen=30
W5   0x34   gmii_free_FE           0xee03e1ac
W51  0xEC   app_tx_bytes           0x16800000
W52  0xF0   app_tx_frames          0x0003f318
W15  0x5C   tx_stat_bytes_TCP      0x76af3a9f
W14  0x58   tx_stat_frames_TCP     0x0041dfc0
W20  0x70   mac_tx_frames          0x0041e2b5
W43  0xCC   mtx_stat_tx_words      0xedf3eacc
W55  0xFC   tx_stat_retx           0x0001f896
W57  0x104  tx_retx_hi             0x1244567a
W58  0x108  tx_retx_active         0x00000000
W54  0xF8   app_mismatch           0x00000000
W61  0x114  app_ctrl_stat_wu       0x00000000
W62  0x118  app_ctrl_rx_occ_bytes  0x00000000
W56  0x100  udpapp_tx_ovf          0x00000000
W59  0x10C  stx_stat_fifo_ovf      0x00000000
W60  0x110  srx_stat_fifo_ovf      0x00000000
W0   0x20   rx_stat_frames         0x003a14c0
W22  0x78   rx_stat_pass_TCP       0x003a0445
SNAP_END STC_DL4_idle nff=0
### SINK tail:
SINK_CONN 26 OK bytes=1048576 first_mismatch=-1 mism_bytes=0 conn_ms=0.120 dur_ms=19.643 Mbps=427.058 reads=41
SINK_CONN 27 OK bytes=1048576 first_mismatch=-1 mism_bytes=0 conn_ms=0.090 dur_ms=20.674 Mbps=405.761 reads=72
SINK_CONN 28 OK bytes=1048576 first_mismatch=-1 mism_bytes=0 conn_ms=0.094 dur_ms=20.771 Mbps=403.860 reads=66
SINK_CONN 29 OK bytes=1048576 first_mismatch=-1 mism_bytes=0 conn_ms=0.089 dur_ms=22.042 Mbps=380.573 reads=46
SINK_SUM conns=30 fail_conns=0 bytes=31457280 clean_conns=30 bad_conns=0 mismatch_bytes=0 wall_s=1.051 net_s=1.051 agg_Mbps=239.543
SINK_DONE
### SINK_SUM:
SINK_SUM conns=30 fail_conns=0 bytes=31457280 clean_conns=30 bad_conns=0 mismatch_bytes=0 wall_s=1.051 net_s=1.051 agg_Mbps=239.543
### SINK head:
SINK_CONN 0 OK bytes=1048576 first_mismatch=-1 mism_bytes=0 conn_ms=0.114 dur_ms=15.875 Mbps=528.401 reads=70
SINK_CONN 1 OK bytes=1048576 first_mismatch=-1 mism_bytes=0 conn_ms=0.133 dur_ms=16.309 Mbps=514.349 reads=70
SINK_CONN 2 OK bytes=1048576 first_mismatch=-1 mism_bytes=0 conn_ms=0.086 dur_ms=15.025 Mbps=558.318 reads=53
### CPU samples (last 24):
SYS_T 1791366362.088254585 cpu  306021 15848 186215 54395796 61423 0 108577 0 0 0
PS_T  1791366362.090089843  2.7 htop| 0.5 java| 0.2 ksoftirqd/2| 0.1 gnome-shell| 0.1 hw_server| 0.0 dbus-daemon|
SYS_T 1791366362.354837486 cpu  306025 15848 186219 54395976 61423 0 108602 0 0 0
PS_T  1791366362.356782262  3.7 p7b_tcp_sink| 2.7 htop| 0.5 java| 0.2 ksoftirqd/2| 0.1 gnome-shell| 0.1 hw_server|
SYS_T 1791366362.620635689 cpu  306027 15848 186221 54396173 61423 0 108612 0 0 0
PS_T  1791366362.623346047  7.4 p7b_tcp_sink| 2.7 htop| 0.5 java| 0.2 ksoftirqd/2| 0.1 gnome-shell| 0.1 hw_server|
SYS_T 1791366362.889706381 cpu  306029 15848 186224 54396367 61423 0 108627 0 0 0
PS_T  1791366362.892207923  7.4 p7b_tcp_sink| 2.7 htop| 0.5 java| 0.2 ksoftirqd/2| 0.1 gnome-shell| 0.1 hw_server|
### SS samples (last 6):
SS_T 1791366361.010054355 State    Recv-Q Send-Q   Local Address:Port   Peer Address:PortProcess                                                                                                                                                                    
SS_T 1791366361.521729865 State    Recv-Q Send-Q   Local Address:Port   Peer Address:PortProcess                                                                                                                                                                    
SS_T 1791366362.036904479 State    Recv-Q Send-Q   Local Address:Port   Peer Address:PortProcess                                                                                                                                                                    
SS_T 1791366362.549694355 State    Recv-Q Send-Q   Local Address:Port   Peer Address:PortProcess                                                                                                                                                                    
SS_T 1791366363.062748724 State    Recv-Q Send-Q   Local Address:Port   Peer Address:PortProcess                                                                                                                                                                    
STC_META_BOARD_BID_END=0x0000000a
STC_DL_DONE 1791366366.542450131
