### J6META_BEGIN 2026-10-07T09:46:09Z
STC_META_TAG=STC_DL5 STC_META_CONNS=30 STC_META_SECS=25 STC_META_RCVBUF=8388608
STC_META_SINK=./p7b_tcp_sink_rate STC_META_SINK_EXTRA='--nocheck' STC_META_PCAP_ON=0
STC_META_SCRIPT=/tmp/p7b_biz/stc_dl.sh STC_META_SCRIPT_MD5=0c415bd0e6de1608c55613252b98301e
STC_META_SINK_MD5=edc5e3c7dac7c18781197f38391318b0
STC_META_PACE=N/A(board_is_sender) STC_META_BOARD_BID_PRE=0x0000000a
STC_META_WRAP_RULE=all_board_cnt_32bit; delta_mod_2^32_with_k_recorded; W51_wrap@9.4Gbps=3.65s; W5_limit_27.487s
### PHASE route_carrier 1791366369.575039299
192.168.100.2 dev enp1s0f1np1 src 192.168.100.100 uid 0 
    cache 
CARRIER=1
### PHASE geom_gate 1791366369.577952012
ID_MAGIC 0x50360001   (want 0x50360001)
ID_BID   0x0000000a   (want 0x0000000A = 本构建的 BUILD_ID)
ID_MARKER 0xdeadbeef  (want 0xdeadbeef)
ID_UNIMPL 0xffffffff  (want 0xffffffff: 未实现地址必须走 SLVERR)
ID_OK 1791366369.596197257
STC_GEOM_OK NW=63 BID=0x0000000a
### PHASE nic_pre 1791366369.597214459
     port_tx_bytes: 174152385944
     port_tx_packets: 122189924
     port_rx_good_bytes: 1622830006983
     port_rx_packets: 1176071413
     port_rx_bad: 3
     port_rx_nodesc_drops: 22465055
     rx_eth_crc_err: 4
TcpInSegs                       117647341          0.0
TcpOutSegs                      118340085          0.0
TcpRetransSegs                  13126              0.0
TcpExtTCPLossUndo               5                  0.0
TcpExtTCPFastRetrans            2700               0.0
TcpExtTCPRcvCollapsed           0                  0.0
TcpExtTCPOFOQueue               37445              0.0
TcpExtTCPACKSkippedPAWS         0                  0.0
TcpExtTCPACKSkippedSeq          1095               0.0
### PHASE pre_snapshot 1791366369.601032052
SNAP_BEGIN STC_DL5_pre gen=31
W0   0x20   rx_stat_frames         0x003a14ef
W1   0x24   rx_stat_bytes          0x0e85546c
W2   0x28   wl_last_lastframelen   0x00000040
W3   0x2C   rx_stat_crc_err        0x00000000
W4   0x30   rx_stat_drop           0x00000000
W5   0x34   gmii_free_FE           0x0b3d1bb2
W6   0x38   srx_stat_commit        0x00000da9
W7   0x3C   stx_stat_frames        0x000002f6
W8   0x40   udpapp_tx_frames       0x00000000
W9   0x44   udpapp_tx_bytes        0x00000000
W10  0x48   udpapp_rx_frames       0x00000000
W11  0x4C   udpapp_rx_bytes        0x00000000
W12  0x50   udpapp_rx_null         0x00000000
W13  0x54   udpapp_mismatch        0x00000000
W14  0x58   tx_stat_frames_TCP     0x0041dfc0
W15  0x5C   tx_stat_bytes_TCP      0x76af3a9f
W16  0x60   srx_hls_bytes          0x0003b990
W17  0x64   hr_cnt_hlsreset        0x00000000
W18  0x68   stx_stat_purge         0x00000000
W19  0x6C   srx_stat_drop          0x00000000
W20  0x70   mac_tx_frames          0x0041e2b6
W21  0x74   tx_stat_abort          0x00000000
W22  0x78   rx_stat_pass_TCP       0x003a0445
W23  0x7C   rx_stat_nonmatch_TCP   0x00000301
W24  0x80   dp_free_DP             0x0b50b0c4
W25  0x84   mmcm_locked            0x00000001
W26  0x88   rxcdc_full_cycles      0x00000003
W27  0x8C   rxcdc_occ_max          0x00000006
W28  0x90   txcdc_occ_max          0x00000100
W29  0x94   txwire_stall_cycles    0x001703a4
W30  0x98   rxcdc_out_frames       0x003a14ef
W31  0x9C   rxcdc_out_bytes        0x0d9d00b0
W32  0xA0   rx_stat_drop_partial   0x00000000
W33  0xA4   rx_stat_orphan_bytes   0x00000000
W34  0xA8   rx_stat_drop_full      0x00000000
W35  0xAC   rx_stat_fifo_ovf       0x00000000
W36  0xB0   mrx_stat_rx_words      0x0b3d14ef
W37  0xB4   mrx_stat_rx_pay_bytes  0x0d9d00b0
W38  0xB8   rxcdc_ovf_cnt          0x00000000
W39  0xBC   pcs_status_bundle      0x2000100c
W40  0xC0   pcs_evt_bundle         0x000000ff
W41  0xC4   mtx_stat_flush_words   0x00000000
W42  0xC8   mtx_stat_flush_done    0x00000000
W43  0xCC   mtx_stat_tx_words      0x0b2d12e1
W44  0xD0   mtx_stat_tx_ctrl_char  0xd1fe39d7
W45  0xD4   txcdc_ovf_cnt          0x001703a4
W46  0xD8   cls_dbg_stat_ovf       0x00000000
W47  0xDC   cls_dbg_stat_route_ovf 0x00000000
W48  0xE0   cls_dbg_stat_stall_in  0x00000000
W49  0xE4   cls_dbg_occ            0x00000000
W50  0xE8   tx_clk_act             0xf6b6c2c3
W51  0xEC   app_tx_bytes           0x16800000
W52  0xF0   app_tx_frames          0x0003f318
W53  0xF4   app_rx_bytes           0x00000000
W54  0xF8   app_mismatch           0x00000000
W55  0xFC   tx_stat_retx           0x0001f896
W56  0x100  udpapp_tx_ovf          0x00000000
W57  0x104  tx_retx_hi             0x1244567a
W58  0x108  tx_retx_active         0x00000000
W59  0x10C  stx_stat_fifo_ovf      0x00000000
W60  0x110  srx_stat_fifo_ovf      0x00000000
W61  0x114  app_ctrl_stat_wu       0x00000000
W62  0x118  app_ctrl_rx_occ_bytes  0x00000000
SNAP_END STC_DL5_pre nff=0
### PHASE t0_snapshot 1791366370.838253855
SNAP_BEGIN STC_DL5_t0 gen=32
W5   0x34   gmii_free_FE           0x16c8180f
W51  0xEC   app_tx_bytes           0x16800000
W52  0xF0   app_tx_frames          0x0003f318
W15  0x5C   tx_stat_bytes_TCP      0x76af3a9f
W14  0x58   tx_stat_frames_TCP     0x0041dfc0
W20  0x70   mac_tx_frames          0x0041e2b6
W43  0xCC   mtx_stat_tx_words      0x16b80828
W55  0xFC   tx_stat_retx           0x0001f896
W57  0x104  tx_retx_hi             0x1244567a
W58  0x108  tx_retx_active         0x00000000
W54  0xF8   app_mismatch           0x00000000
W61  0x114  app_ctrl_stat_wu       0x00000000
W62  0x118  app_ctrl_rx_occ_bytes  0x00000000
W56  0x100  udpapp_tx_ovf          0x00000000
W59  0x10C  stx_stat_fifo_ovf      0x00000000
W60  0x110  srx_stat_fifo_ovf      0x00000000
W0   0x20   rx_stat_frames         0x003a14f1
W22  0x78   rx_stat_pass_TCP       0x003a0445
SNAP_END STC_DL5_t0 nff=0
### PHASE sink_start 1791366370.915720821
SINK_RC=0 1791366371.634527323
### PHASE t1_snapshot 1791366371.635402394
SNAP_BEGIN STC_DL5_t1 gen=33
W5   0x34   gmii_free_FE           0x1e2f6cd7
W51  0xEC   app_tx_bytes           0x18600000
W52  0xF0   app_tx_frames          0x0004475a
W15  0x5C   tx_stat_bytes_TCP      0x9094f38b
W14  0x58   tx_stat_frames_TCP     0x00466e03
W20  0x70   mac_tx_frames          0x00467135
W43  0xCC   mtx_stat_tx_words      0x1e1f5865
W55  0xFC   tx_stat_retx           0x00021fd9
W57  0x104  tx_retx_hi             0x1244567a
W58  0x108  tx_retx_active         0x00000000
W54  0xF8   app_mismatch           0x00000000
W61  0x114  app_ctrl_stat_wu       0x00000000
W62  0x118  app_ctrl_rx_occ_bytes  0x00000000
W56  0x100  udpapp_tx_ovf          0x00000000
W59  0x10C  stx_stat_fifo_ovf      0x00000000
W60  0x110  srx_stat_fifo_ovf      0x00000000
W0   0x20   rx_stat_frames         0x003e2076
W22  0x78   rx_stat_pass_TCP       0x003e0f49
SNAP_END STC_DL5_t1 nff=0
### PHASE post_snapshot 1791366372.712311604
SNAP_BEGIN STC_DL5_post gen=34
W0   0x20   rx_stat_frames         0x003e20af
W1   0x24   rx_stat_bytes          0x0f88466e
W2   0x28   wl_last_lastframelen   0x00000040
W3   0x2C   rx_stat_crc_err        0x00000000
W4   0x30   rx_stat_drop           0x00000000
W5   0x34   gmii_free_FE           0x283c1918
W6   0x38   srx_stat_commit        0x00000e38
W7   0x3C   stx_stat_frames        0x00000332
W8   0x40   udpapp_tx_frames       0x00000000
W9   0x44   udpapp_tx_bytes        0x00000000
W10  0x48   udpapp_rx_frames       0x00000000
W11  0x4C   udpapp_rx_bytes        0x00000000
W12  0x50   udpapp_rx_null         0x00000000
W13  0x54   udpapp_mismatch        0x00000000
W14  0x58   tx_stat_frames_TCP     0x00466e03
W15  0x5C   tx_stat_bytes_TCP      0x9094f38b
W16  0x60   srx_hls_bytes          0x0003e18e
W17  0x64   hr_cnt_hlsreset        0x00000000
W18  0x68   stx_stat_purge         0x00000000
W19  0x6C   srx_stat_drop          0x00000000
W20  0x70   mac_tx_frames          0x00467135
W21  0x74   tx_stat_abort          0x00000000
W22  0x78   rx_stat_pass_TCP       0x003e0f49
W23  0x7C   rx_stat_nonmatch_TCP   0x0000032e
W24  0x80   dp_free_DP             0x284fa75f
W25  0x84   mmcm_locked            0x00000001
W26  0x88   rxcdc_full_cycles      0x00000003
W27  0x8C   rxcdc_occ_max          0x00000006
W28  0x90   txcdc_occ_max          0x00000100
W29  0x94   txwire_stall_cycles    0x0018645d
W30  0x98   rxcdc_out_frames       0x003e20af
W31  0x9C   rxcdc_out_bytes        0x0e8fc3b2
W32  0xA0   rx_stat_drop_partial   0x00000000
W33  0xA4   rx_stat_orphan_bytes   0x00000000
W34  0xA8   rx_stat_drop_full      0x00000000
W35  0xAC   rx_stat_fifo_ovf       0x00000000
W36  0xB0   mrx_stat_rx_words      0x283c1256
W37  0xB4   mrx_stat_rx_pay_bytes  0x0e8fc3b2
W38  0xB8   rxcdc_ovf_cnt          0x00000000
W39  0xBC   pcs_status_bundle      0x2000100c
W40  0xC0   pcs_evt_bundle         0x000000ff
W41  0xC4   mtx_stat_flush_words   0x00000000
W42  0xC8   mtx_stat_flush_done    0x00000000
W43  0xCC   mtx_stat_tx_words      0x282bfe7b
W44  0xD0   mtx_stat_tx_ctrl_char  0x9ee7a4f6
W45  0xD4   txcdc_ovf_cnt          0x0018645d
W46  0xD8   cls_dbg_stat_ovf       0x00000000
W47  0xDC   cls_dbg_stat_route_ovf 0x00000000
W48  0xE0   cls_dbg_stat_stall_in  0x00000000
W49  0xE4   cls_dbg_occ            0x00000000
W50  0xE8   tx_clk_act             0x13a09335
W51  0xEC   app_tx_bytes           0x18600000
W52  0xF0   app_tx_frames          0x0004475a
W53  0xF4   app_rx_bytes           0x00000000
W54  0xF8   app_mismatch           0x00000000
W55  0xFC   tx_stat_retx           0x00021fd9
W56  0x100  udpapp_tx_ovf          0x00000000
W57  0x104  tx_retx_hi             0x1244567a
W58  0x108  tx_retx_active         0x00000000
W59  0x10C  stx_stat_fifo_ovf      0x00000000
W60  0x110  srx_stat_fifo_ovf      0x00000000
W61  0x114  app_ctrl_stat_wu       0x00000000
W62  0x118  app_ctrl_rx_occ_bytes  0x00000000
SNAP_END STC_DL5_post nff=0
### PHASE nic_post 1791366372.949829653
     port_tx_bytes: 174169356570
     port_tx_packets: 122455082
     port_rx_good_bytes: 1623281815295
     port_rx_packets: 1176370036
     port_rx_bad: 3
     port_rx_nodesc_drops: 22472269
     rx_eth_crc_err: 4
TcpInSegs                       117938754          0.0
TcpOutSegs                      118614440          0.0
TcpRetransSegs                  13210              0.0
TcpExtTCPLossUndo               5                  0.0
TcpExtTCPFastRetrans            2700               0.0
TcpExtTCPRcvCollapsed           0                  0.0
TcpExtTCPOFOQueue               38283              0.0
TcpExtTCPACKSkippedPAWS         0                  0.0
TcpExtTCPACKSkippedSeq          1095               0.0
### PHASE idle_snap 1791366372.953569096
SNAP_BEGIN STC_DL5_idle gen=35
W5   0x34   gmii_free_FE           0x3d1d8067
W51  0xEC   app_tx_bytes           0x18600000
W52  0xF0   app_tx_frames          0x0004475a
W15  0x5C   tx_stat_bytes_TCP      0x9094f38b
W14  0x58   tx_stat_frames_TCP     0x00466e03
W20  0x70   mac_tx_frames          0x00467135
W43  0xCC   mtx_stat_tx_words      0x3d0d58f7
W55  0xFC   tx_stat_retx           0x00021fd9
W57  0x104  tx_retx_hi             0x1244567a
W58  0x108  tx_retx_active         0x00000000
W54  0xF8   app_mismatch           0x00000000
W61  0x114  app_ctrl_stat_wu       0x00000000
W62  0x118  app_ctrl_rx_occ_bytes  0x00000000
W56  0x100  udpapp_tx_ovf          0x00000000
W59  0x10C  stx_stat_fifo_ovf      0x00000000
W60  0x110  srx_stat_fifo_ovf      0x00000000
W0   0x20   rx_stat_frames         0x003e20dc
W22  0x78   rx_stat_pass_TCP       0x003e0f49
SNAP_END STC_DL5_idle nff=0
### SINK tail:
SINK_CONN 26 OK bytes=1048576 first_mismatch=-9999 mism_bytes=-1 CHECK=off conn_ms=0.114 dur_ms=13.866 Mbps=604.980 reads=75
SINK_CONN 27 OK bytes=1048576 first_mismatch=-9999 mism_bytes=-1 CHECK=off conn_ms=0.113 dur_ms=13.153 Mbps=637.776 reads=71
SINK_CONN 28 OK bytes=1048576 first_mismatch=-9999 mism_bytes=-1 CHECK=off conn_ms=0.112 dur_ms=10.489 Mbps=799.730 reads=86
SINK_CONN 29 OK bytes=1048576 first_mismatch=-9999 mism_bytes=-1 CHECK=off conn_ms=0.136 dur_ms=12.932 Mbps=648.666 reads=67
SINK_SUM conns=30 fail_conns=0 bytes=31457280 clean_conns=30 bad_conns=0 mismatch_bytes=0 CHECK=off wall_s=0.714 net_s=0.714 agg_Mbps=352.456
SINK_DONE
### SINK_SUM:
SINK_SUM conns=30 fail_conns=0 bytes=31457280 clean_conns=30 bad_conns=0 mismatch_bytes=0 CHECK=off wall_s=0.714 net_s=0.714 agg_Mbps=352.456
### SINK head:
SINK_RATE_MODE check=off
SINK_CONN 0 OK bytes=1048576 first_mismatch=-9999 mism_bytes=-1 CHECK=off conn_ms=0.126 dur_ms=21.982 Mbps=381.609 reads=99
SINK_CONN 1 OK bytes=1048576 first_mismatch=-9999 mism_bytes=-1 CHECK=off conn_ms=0.137 dur_ms=16.302 Mbps=514.573 reads=81
### CPU samples (last 24):
SYS_T 1791366370.917076405 cpu  306081 15848 186341 54402575 61423 0 108652 0 0 0
PS_T  1791366370.918923342  2.7 htop| 0.5 java| 0.2 ksoftirqd/2| 0.1 gnome-shell| 0.1 hw_server| 0.0 dbus-daemon|
SYS_T 1791366371.189783284 cpu  306082 15848 186344 54402771 61423 0 108669 0 0 0
PS_T  1791366371.193210875  3.5 p7b_tcp_sink_ra| 2.7 htop| 0.5 java| 0.2 ksoftirqd/2| 0.1 gnome-shell| 0.1 hw_server|
SYS_T 1791366371.463122331 cpu  306082 15848 186348 54402966 61423 0 108686 0 0 0
PS_T  1791366371.465840122  3.6 p7b_tcp_sink_ra| 2.7 htop| 0.5 java| 0.2 ksoftirqd/2| 0.1 gnome-shell| 0.1 hw_server|
### SS samples (last 6):
SS_T 1791366369.837456271 State    Recv-Q Send-Q   Local Address:Port   Peer Address:PortProcess                                                                                                                                                                    
SS_T 1791366370.349681965 State    Recv-Q Send-Q   Local Address:Port   Peer Address:PortProcess                                                                                                                                                                    
SS_T 1791366370.865717784 State    Recv-Q Send-Q   Local Address:Port   Peer Address:PortProcess                                                                                                                                                                    
SS_T 1791366371.379089699 State    Recv-Q Send-Q   Local Address:Port   Peer Address:PortProcess                                                                                                                                                                    
STC_META_BOARD_BID_END=0x0000000a
STC_DL_DONE 1791366375.036100145
