### BIDIR_BEGIN 2026-10-07T09:49:18Z TAG=STC_BI SECS=6
BIDIR_META_SCRIPT_MD5=a716b53d34545d89d78def2474445ab0
192.168.100.2 dev enp1s0f1np1 src 192.168.100.100 uid 0 
CARRIER=1
ID_MAGIC 0x50360001   (want 0x50360001)
ID_BID   0x0000000a   (want 0x0000000A = 本构建的 BUILD_ID)
ID_MARKER 0xdeadbeef  (want 0xdeadbeef)
ID_UNIMPL 0xffffffff  (want 0xffffffff: 未实现地址必须走 SLVERR)
ID_OK 1791366558.229336621
### A) UDP-only 基线的第 1 点 (t=0)
SNAP_BEGIN STC_BI_u0 gen=49
W5   0x34   gmii_free_FE           0xe7fba96d
W8   0x40   udpapp_tx_frames       0x0331023e
W9   0x44   udpapp_tx_bytes        0x59cce9e0
W20  0x70   mac_tx_frames          0x03b969ca
W22  0x78   rx_stat_pass_TCP       0x007ff577
W43  0xCC   mtx_stat_tx_words      0xe7e76a98
W51  0xEC   app_tx_bytes           0x18800000
W52  0xF0   app_tx_frames          0x00044cf8
W14  0x58   tx_stat_frames_TCP     0x0088644e
W15  0x5C   tx_stat_bytes_TCP      0x92370177
W0   0x20   rx_stat_frames         0x00800ced
W1   0x24   rx_stat_bytes          0x8cc82b39
W55  0xFC   tx_stat_retx           0x0002221f
W58  0x108  tx_retx_active         0x00000000
W56  0x100  udpapp_tx_ovf          0x00000000
SNAP_END STC_BI_u0 nff=0
### A) UDP-only 基线的第 2 点 (t=+2.5s)
SNAP_BEGIN STC_BI_u1 gen=50
W5   0x34   gmii_free_FE           0xffed95a3
W8   0x40   udpapp_tx_frames       0x0350c50d
W9   0x44   udpapp_tx_bytes        0x106d0c00
W20  0x70   mac_tx_frames          0x03d92c98
W22  0x78   rx_stat_pass_TCP       0x007ff577
W43  0xCC   mtx_stat_tx_words      0xffd9481b
W51  0xEC   app_tx_bytes           0x18800000
W52  0xF0   app_tx_frames          0x00044cf8
W14  0x58   tx_stat_frames_TCP     0x0088644e
W15  0x5C   tx_stat_bytes_TCP      0x92370177
W0   0x20   rx_stat_frames         0x00800cef
W1   0x24   rx_stat_bytes          0x8cc82fdd
W55  0xFC   tx_stat_retx           0x0002221f
W58  0x108  tx_retx_active         0x00000000
W56  0x100  udpapp_tx_ovf          0x00000000
SNAP_END STC_BI_u1 nff=0
### B) 上行开始 (TCP src 6s)
SNAP_BEGIN STC_BI_b0 gen=51
W5   0x34   gmii_free_FE           0x00a044df
W8   0x40   udpapp_tx_frames       0x0351b20f
W9   0x44   udpapp_tx_bytes        0x15bfd9b0
W20  0x70   mac_tx_frames          0x03da199a
W22  0x78   rx_stat_pass_TCP       0x007ff577
W43  0xCC   mtx_stat_tx_words      0x008bf6ea
W51  0xEC   app_tx_bytes           0x18800000
W52  0xF0   app_tx_frames          0x00044cf8
W14  0x58   tx_stat_frames_TCP     0x0088644e
W15  0x5C   tx_stat_bytes_TCP      0x92370177
W0   0x20   rx_stat_frames         0x00800cef
W1   0x24   rx_stat_bytes          0x8cc82fdd
W55  0xFC   tx_stat_retx           0x0002221f
W58  0x108  tx_retx_active         0x00000000
W56  0x100  udpapp_tx_ovf          0x00000000
SNAP_END STC_BI_b0 nff=0
SNAP_BEGIN STC_BI_b1 gen=52
W5   0x34   gmii_free_FE           0x0a98690b
W8   0x40   udpapp_tx_frames       0x035eafa5
W9   0x44   udpapp_tx_bytes        0x6071f770
W20  0x70   mac_tx_frames          0x03eafa75
W22  0x78   rx_stat_pass_TCP       0x0083d626
W43  0xCC   mtx_stat_tx_words      0x0a8414f6
W51  0xEC   app_tx_bytes           0x18900000
W52  0xF0   app_tx_frames          0x00044fc7
W14  0x58   tx_stat_frames_TCP     0x008c4792
W15  0x5C   tx_stat_bytes_TCP      0x92486e77
W0   0x20   rx_stat_frames         0x0083eda0
W1   0x24   rx_stat_bytes          0xa3421d1b
W55  0xFC   tx_stat_retx           0x00022229
W58  0x108  tx_retx_active         0x00000000
W56  0x100  udpapp_tx_ovf          0x00000000
SNAP_END STC_BI_b1 nff=0
SRC_RC=0 1791366566.948195626
SNAP_BEGIN STC_BI_b2 gen=53
W5   0x34   gmii_free_FE           0x39304730
W8   0x40   udpapp_tx_frames       0x039b649b
W9   0x44   udpapp_tx_bytes        0xbd827c90
W20  0x70   mac_tx_frames          0x043ae5a0
W22  0x78   rx_stat_pass_TCP       0x00970c5b
W43  0xCC   mtx_stat_tx_words      0x391bd682
W51  0xEC   app_tx_bytes           0x18900000
W52  0xF0   app_tx_frames          0x00044fc7
W14  0x58   tx_stat_frames_TCP     0x009f7dc7
W15  0x5C   tx_stat_bytes_TCP      0x92486e77
W0   0x20   rx_stat_frames         0x009723db
W1   0x24   rx_stat_bytes          0x12ab718f
W55  0xFC   tx_stat_retx           0x00022229
W58  0x108  tx_retx_active         0x00000000
W56  0x100  udpapp_tx_ovf          0x00000000
SNAP_END STC_BI_b2 nff=0
SNAP_BEGIN STC_BI_b3 gen=54
W5   0x34   gmii_free_FE           0x432f3a3a
W8   0x40   udpapp_tx_frames       0x03a8a6d4
W9   0x44   udpapp_tx_bytes        0x09bf4378
W20  0x70   mac_tx_frames          0x044827da
W22  0x78   rx_stat_pass_TCP       0x00970c5b
W43  0xCC   mtx_stat_tx_words      0x431ac36a
W51  0xEC   app_tx_bytes           0x18900000
W52  0xF0   app_tx_frames          0x00044fc7
W14  0x58   tx_stat_frames_TCP     0x009f7dc8
W15  0x5C   tx_stat_bytes_TCP      0x92486e77
W0   0x20   rx_stat_frames         0x009723dd
W1   0x24   rx_stat_bytes          0x12ab751b
W55  0xFC   tx_stat_retx           0x00022229
W58  0x108  tx_retx_active         0x00000000
W56  0x100  udpapp_tx_ovf          0x00000000
SNAP_END STC_BI_b3 nff=0
### SRC_SUM:
SRC_SUM tx_bytes=2158493696 rx_bytes=1048576 dur_s=6.000 tx_Mbps=2877.937 rx_Mbps=1.398 eof_seen=1 eof_at_s=0.006 send_err=0 rx_first_mismatch=-1 rx_mism_bytes=0 partial_sends=0 rewraps=32936
BIDIR_DONE 1791366568.100550614
