### J6META_BEGIN 2026-10-07T09:47:06Z
J6META_T_START_EPOCH=1791366426.305690656 J6META_T_START_UTC=2026-10-07T09:47:06Z
J6META_HOST=a-MS-7850 J6META_TAG=STC_UL1
J6META_TARGET=192.168.100.2:8080 J6META_SECS=6 J6META_PCAP=/tmp/stc_ul1.pcap
J6META_NW=63 J6META_EXPECT_BID=0x0000000A J6META_LEGACY=0 J6META_T0T1_WORDS=5,53,54,61 62
J6META_WRAP_RULE=all_board_cnt_are_32bit; delta_must_be_mod_2^32_with_k_recorded; raw_reads_are_the_snap_words; byte_cnt_wrap_at_2.863Gbps_per_12s; free_cnt_W5_W24_limit_27.487s; ref=P7B_STAGEB_CRITERIA_FIX.md
J6META_SCRIPT=/tmp/p7b_biz/j6_stagec.sh J6META_SCRIPT_MD5=23c4a343700722f5d5747a33c863688d
J6META_BIT_SHA=n/a
PACE_BPS=0
BIN=./p7b_tcp_src_fix BIN_MD5=09a266a9603f9ccd61627310753cf615
SRC_CMD=./p7b_tcp_src_fix --host 192.168.100.2 --port 8080 --seconds 6 
J6META_BOARD_MAGIC=0x50360001 J6META_BOARD_BID=0x0000000a
### J6META_END 1791366426.315002123
### PHASE route_carrier 1791366426.315766436
192.168.100.2 dev enp1s0f1np1 src 192.168.100.100 uid 0 
    cache 
CARRIER=1
### PHASE geom_gate 1791366426.318730553  NW=63 EXPECT_BID=0x0000000A
ID_MAGIC 0x50360001   (want 0x50360001)
ID_BID   0x0000000a   (want 0x0000000A = 本构建的 BUILD_ID)
ID_MARKER 0xdeadbeef  (want 0xdeadbeef)
ID_UNIMPL 0xffffffff  (want 0xffffffff: 未实现地址必须走 SLVERR)
ID_OK 1791366426.338149680
J6_GEOM_OK NW=63 BID=0x0000000a T0T1_WORDS=5,53,54,61 62
### PHASE pre_snapshot 1791366426.339163251  NW=63
SNAP_BEGIN STC_UL1_pre gen=36
W0   0x20   rx_stat_frames         0x003e21c4
W1   0x24   rx_stat_bytes          0x0f888bff
W2   0x28   wl_last_lastframelen   0x00000040
W3   0x2C   rx_stat_crc_err        0x00000000
W4   0x30   rx_stat_drop           0x00000000
W5   0x34   gmii_free_FE           0x1ba76044
W6   0x38   srx_stat_commit        0x00000f4d
W7   0x3C   stx_stat_frames        0x00000334
W8   0x40   udpapp_tx_frames       0x00000000
W9   0x44   udpapp_tx_bytes        0x00000000
W10  0x48   udpapp_rx_frames       0x00000000
W11  0x4C   udpapp_rx_bytes        0x00000000
W12  0x50   udpapp_rx_null         0x00000000
W13  0x54   udpapp_mismatch        0x00000000
W14  0x58   tx_stat_frames_TCP     0x00466e03
W15  0x5C   tx_stat_bytes_TCP      0x9094f38b
W16  0x60   srx_hls_bytes          0x00042b73
W17  0x64   hr_cnt_hlsreset        0x00000000
W18  0x68   stx_stat_purge         0x00000000
W19  0x6C   srx_stat_drop          0x00000000
W20  0x70   mac_tx_frames          0x00467137
W21  0x74   tx_stat_abort          0x00000000
W22  0x78   rx_stat_pass_TCP       0x003e0f49
W23  0x7C   rx_stat_nonmatch_TCP   0x0000032e
W24  0x80   dp_free_DP             0x1bba7961
W25  0x84   mmcm_locked            0x00000001
W26  0x88   rxcdc_full_cycles      0x00000003
W27  0x8C   rxcdc_occ_max          0x00000006
W28  0x90   txcdc_occ_max          0x00000100
W29  0x94   txwire_stall_cycles    0x0018645d
W30  0x98   rxcdc_out_frames       0x003e21c4
W31  0x9C   rxcdc_out_bytes        0x0e9004ef
W32  0xA0   rx_stat_drop_partial   0x00000000
W33  0xA4   rx_stat_orphan_bytes   0x00000000
W34  0xA8   rx_stat_drop_full      0x00000000
W35  0xAC   rx_stat_fifo_ovf       0x00000000
W36  0xB0   mrx_stat_rx_words      0x1ba75981
W37  0xB4   mrx_stat_rx_pay_bytes  0x0e9004ef
W38  0xB8   rxcdc_ovf_cnt          0x00000000
W39  0xBC   pcs_status_bundle      0x2000100c
W40  0xC0   pcs_evt_bundle         0x000000ff
W41  0xC4   mtx_stat_flush_words   0x00000000
W42  0xC8   mtx_stat_flush_done    0x00000000
W43  0xCC   mtx_stat_tx_words      0x1b9612d3
W44  0xD0   mtx_stat_tx_ctrl_char  0x3a384728
W45  0xD4   txcdc_ovf_cnt          0x0018645d
W46  0xD8   cls_dbg_stat_ovf       0x00000000
W47  0xDC   cls_dbg_stat_route_ovf 0x00000000
W48  0xE0   cls_dbg_stat_stall_in  0x00000000
W49  0xE4   cls_dbg_occ            0x00000000
W50  0xE8   tx_clk_act             0x059ff8cb
W51  0xEC   app_tx_bytes           0x18600000
W52  0xF0   app_tx_frames          0x0004475a
W53  0xF4   app_rx_bytes           0x00000000
W54  0xF8   app_mismatch           0x00000000
W55  0xFC   tx_stat_retx           0x00021fd9
W56  0x100  udpapp_tx_ovf          0x00000000
W57  0x104  tx_retx_hi             0x1244567a
W58  0x108  tx_retx_active         0x00000000
W59  0x10C  stx_stat_fifo_ovf      0x00000000
W60  0x110  srx_stat_fifo_ovf      0x00000000
W61  0x114  app_ctrl_stat_wu       0x00000000
W62  0x118  app_ctrl_rx_occ_bytes  0x00000000
SNAP_END STC_UL1_pre nff=0
### PHASE src_start 1791366428.075790854
PACE_BPS=0
SNAP_BEGIN STC_UL1_t0 gen=37
W5   0x34   gmii_free_FE           0x2bd74bfb
W53  0xF4   app_rx_bytes           0x00000000
W54  0xF8   app_mismatch           0x00000000
W61  0x114  app_ctrl_stat_wu       0x00000000
W62  0x118  app_ctrl_rx_occ_bytes  0x00000000
SNAP_END STC_UL1_t0 nff=0
SRC_CONNECTED 192.168.100.2:8080
SRC_EOF_AT 0.031146 rx_bytes=1048576  (板侧 FIN)
SRC_T 1.000 tx_MB=468.000 rx_MB=1.000 eof=1
SRC_T 2.000 tx_MB=951.812 rx_MB=1.000 eof=1
SRC_T 3.000 tx_MB=1435.812 rx_MB=1.000 eof=1
SRC_T 4.000 tx_MB=1922.625 rx_MB=1.000 eof=1
SRC_T 5.000 tx_MB=2406.938 rx_MB=1.000 eof=1
SRC_SUM tx_bytes=3032023040 rx_bytes=1048576 dur_s=6.000 tx_Mbps=4042.682 rx_Mbps=1.398 eof_seen=1 eof_at_s=0.031 send_err=0 rx_first_mismatch=-1 rx_mism_bytes=0 partial_sends=0 rewraps=46265
SRC_DONE
SRC_RC=0 1791366434.108466922
### PHASE t1_snapshot 1791366434.109428281
SNAP_BEGIN STC_UL1_t1 gen=38
W5   0x34   gmii_free_FE           0x64056ae9
W53  0xF4   app_rx_bytes           0xb4b8febc
W54  0xF8   app_mismatch           0x00000000
W61  0x114  app_ctrl_stat_wu       0x00000000
W62  0x118  app_ctrl_rx_occ_bytes  0x00000000
SNAP_END STC_UL1_t1 nff=0
### PHASE post_snapshot 1791366436.141496435
SNAP_BEGIN STC_UL1_post gen=39
W0   0x20   rx_stat_frames         0x005ec131
W1   0x24   rx_stat_bytes          0xcba70222
W2   0x28   wl_last_lastframelen   0x0000017e
W3   0x2C   rx_stat_crc_err        0x00000000
W4   0x30   rx_stat_drop           0x00000000
W5   0x34   gmii_free_FE           0x76f6a082
W6   0x38   srx_stat_commit        0x00000f51
W7   0x3C   stx_stat_frames        0x00000335
W8   0x40   udpapp_tx_frames       0x00000000
W9   0x44   udpapp_tx_bytes        0x00000000
W10  0x48   udpapp_rx_frames       0x00000000
W11  0x4C   udpapp_rx_bytes        0x00000000
W12  0x50   udpapp_rx_null         0x00000000
W13  0x54   udpapp_mismatch        0x00000000
W14  0x58   tx_stat_frames_TCP     0x00671a9f
W15  0x5C   tx_stat_bytes_TCP      0x922315b7
W16  0x60   srx_hls_bytes          0x00042f28
W17  0x64   hr_cnt_hlsreset        0x00000000
W18  0x68   stx_stat_purge         0x00000000
W19  0x6C   srx_stat_drop          0x00000000
W20  0x70   mac_tx_frames          0x00671dd4
W21  0x74   tx_stat_abort          0x00000000
W22  0x78   rx_stat_pass_TCP       0x005eaeb2
W23  0x7C   rx_stat_nonmatch_TCP   0x0000032e
W24  0x80   dp_free_DP             0x7709a430
W25  0x84   mmcm_locked            0x00000001
W26  0x88   rxcdc_full_cycles      0x00000003
W27  0x8C   rxcdc_occ_max          0x00000006
W28  0x90   txcdc_occ_max          0x00000100
W29  0x94   txwire_stall_cycles    0x00187f05
W30  0x98   rxcdc_out_frames       0x005ec131
W31  0x9C   rxcdc_out_bytes        0xca2bfd5e
W32  0xA0   rx_stat_drop_partial   0x00000000
W33  0xA4   rx_stat_orphan_bytes   0x00000000
W34  0xA8   rx_stat_drop_full      0x00000000
W35  0xAC   rx_stat_fifo_ovf       0x00000000
W36  0xB0   mrx_stat_rx_words      0x76f699bf
W37  0xB4   mrx_stat_rx_pay_bytes  0xca2bfd5e
W38  0xB8   rxcdc_ovf_cnt          0x00000000
W39  0xBC   pcs_status_bundle      0x2000100c
W40  0xC0   pcs_evt_bundle         0x000000ff
W41  0xC4   mtx_stat_flush_words   0x00000000
W42  0xC8   mtx_stat_flush_done    0x00000000
W43  0xCC   mtx_stat_tx_words      0x76e51b03
W44  0xD0   mtx_stat_tx_ctrl_char  0x0a142a61
W45  0xD4   txcdc_ovf_cnt          0x00187f05
W46  0xD8   cls_dbg_stat_ovf       0x00000000
W47  0xDC   cls_dbg_stat_route_ovf 0x00000000
W48  0xE0   cls_dbg_stat_stall_in  0x00000000
W49  0xE4   cls_dbg_occ            0x00000000
W50  0xE8   tx_clk_act             0x60acc834
W51  0xEC   app_tx_bytes           0x18700000
W52  0xF0   app_tx_frames          0x00044a29
W53  0xF4   app_rx_bytes           0xb4b8febc
W54  0xF8   app_mismatch           0x00000000
W55  0xFC   tx_stat_retx           0x00022210
W56  0x100  udpapp_tx_ovf          0x00000000
W57  0x104  tx_retx_hi             0x1244567a
W58  0x108  tx_retx_active         0x00000000
W59  0x10C  stx_stat_fifo_ovf      0x00000000
W60  0x110  srx_stat_fifo_ovf      0x00000000
W61  0x114  app_ctrl_stat_wu       0x00000000
W62  0x118  app_ctrl_rx_occ_bytes  0x00000000
SNAP_END STC_UL1_post nff=0
### PHASE ping 1791366437.381356607
3 packets transmitted, 3 received, 0% packet loss, time 409ms rtt min/avg/max/mdev = 0.097/0.105/0.118/0.009 ms 
190737090 /tmp/stc_ul1.pcap
J6META_T_END_EPOCH=1791366437.795878773 J6META_T_END_UTC=2026-10-07T09:47:17Z J6META_DUR_S=11.490
PACE_BPS=0 J6META_BOARD_BID_END=0x0000000a
TCPREG_J6_DONE
