### J6META_BEGIN 2026-10-07T09:44:47Z
STC_META_TAG=STC_DL3 STC_META_CONNS=30 STC_META_SECS=25 STC_META_RCVBUF=8388608
STC_META_SINK=./p7b_tcp_sink STC_META_SINK_EXTRA='' STC_META_PCAP_ON=1
STC_META_SCRIPT=/tmp/p7b_biz/stc_dl.sh STC_META_SCRIPT_MD5=0c415bd0e6de1608c55613252b98301e
STC_META_SINK_MD5=7bc7f6536adb6c285536e9905c3b2ca6
STC_META_PACE=N/A(board_is_sender) STC_META_BOARD_BID_PRE=0x0000000a
STC_META_WRAP_RULE=all_board_cnt_32bit; delta_mod_2^32_with_k_recorded; W51_wrap@9.4Gbps=3.65s; W5_limit_27.487s
### PHASE route_carrier 1791366287.457727808
192.168.100.2 dev enp1s0f1np1 src 192.168.100.100 uid 0 
    cache 
CARRIER=1
### PHASE geom_gate 1791366287.460717682
ID_MAGIC 0x50360001   (want 0x50360001)
ID_BID   0x0000000a   (want 0x0000000A = 本构建的 BUILD_ID)
ID_MARKER 0xdeadbeef  (want 0xdeadbeef)
ID_UNIMPL 0xffffffff  (want 0xffffffff: 未实现地址必须走 SLVERR)
ID_OK 1791366287.478749648
STC_GEOM_OK NW=63 BID=0x0000000a
### PHASE nic_pre 1791366287.479805159
     port_tx_bytes: 174110874032
     port_tx_packets: 121541330
     port_rx_good_bytes: 1621617575221
     port_rx_packets: 1175270198
     port_rx_bad: 3
     port_rx_nodesc_drops: 22447777
     rx_eth_crc_err: 4
TcpInSegs                       116863264          0.0
TcpOutSegs                      117586066          0.0
TcpRetransSegs                  12577              0.0
TcpExtTCPLossUndo               5                  0.0
TcpExtTCPFastRetrans            2698               0.0
TcpExtTCPRcvCollapsed           0                  0.0
TcpExtTCPOFOQueue               35620              0.0
TcpExtTCPACKSkippedPAWS         0                  0.0
TcpExtTCPACKSkippedSeq          1095               0.0
### PHASE pre_snapshot 1791366287.483491634
SNAP_BEGIN STC_DL3_pre gen=10
W0   0x20   rx_stat_frames         0x00302f47
W1   0x24   rx_stat_bytes          0x0c0be304
W2   0x28   wl_last_lastframelen   0x00000040
W3   0x2C   rx_stat_crc_err        0x00000000
W4   0x30   rx_stat_drop           0x00000000
W5   0x34   gmii_free_FE           0x0e74fc11
W6   0x38   srx_stat_commit        0x00000bd6
W7   0x3C   stx_stat_frames        0x00000277
W8   0x40   udpapp_tx_frames       0x00000000
W9   0x44   udpapp_tx_bytes        0x00000000
W10  0x48   udpapp_rx_frames       0x00000000
W11  0x4C   udpapp_rx_bytes        0x00000000
W12  0x50   udpapp_rx_null         0x00000000
W13  0x54   udpapp_mismatch        0x00000000
W14  0x58   tx_stat_frames_TCP     0x0035a680
W15  0x5C   tx_stat_bytes_TCP      0x3130287b
W16  0x60   srx_hls_bytes          0x0003361c
W17  0x64   hr_cnt_hlsreset        0x00000000
W18  0x68   stx_stat_purge         0x00000000
W19  0x6C   srx_stat_drop          0x00000000
W20  0x70   mac_tx_frames          0x0035a8f7
W21  0x74   tx_stat_abort          0x00000000
W22  0x78   rx_stat_pass_TCP       0x003020da
W23  0x7C   rx_stat_nonmatch_TCP   0x00000297
W24  0x80   dp_free_DP             0x0e894428
W25  0x84   mmcm_locked            0x00000001
W26  0x88   rxcdc_full_cycles      0x00000003
W27  0x8C   rxcdc_occ_max          0x00000006
W28  0x90   txcdc_occ_max          0x00000100
W29  0x94   txwire_stall_cycles    0x0013cabe
W30  0x98   rxcdc_out_frames       0x00302f47
W31  0x9C   rxcdc_out_bytes        0x0b4b25e8
W32  0xA0   rx_stat_drop_partial   0x00000000
W33  0xA4   rx_stat_orphan_bytes   0x00000000
W34  0xA8   rx_stat_drop_full      0x00000000
W35  0xAC   rx_stat_fifo_ovf       0x00000000
W36  0xB0   mrx_stat_rx_words      0x0e74f54e
W37  0xB4   mrx_stat_rx_pay_bytes  0x0b4b25e8
W38  0xB8   rxcdc_ovf_cnt          0x00000000
W39  0xBC   pcs_status_bundle      0x2000100c
W40  0xC0   pcs_evt_bundle         0x000000ff
W41  0xC4   mtx_stat_flush_words   0x00000000
W42  0xC8   mtx_stat_flush_done    0x00000000
W43  0xCC   mtx_stat_tx_words      0x0e66c89a
W44  0xD0   mtx_stat_tx_ctrl_char  0x3465b96a
W45  0xD4   txcdc_ovf_cnt          0x0013cabe
W46  0xD8   cls_dbg_stat_ovf       0x00000000
W47  0xDC   cls_dbg_stat_route_ovf 0x00000000
W48  0xE0   cls_dbg_stat_stall_in  0x00000000
W49  0xE4   cls_dbg_occ            0x00000000
W50  0xE8   tx_clk_act             0xfc1cfe15
W51  0xEC   app_tx_bytes           0x12c00000
W52  0xF0   app_tx_frames          0x00034a94
W53  0xF4   app_rx_bytes           0x00000000
W54  0xF8   app_mismatch           0x00000000
W55  0xFC   tx_stat_retx           0x0001a191
W56  0x100  udpapp_tx_ovf          0x00000000
W57  0x104  tx_retx_hi             0x1244567a
W58  0x108  tx_retx_active         0x00000000
W59  0x10C  stx_stat_fifo_ovf      0x00000000
W60  0x110  srx_stat_fifo_ovf      0x00000000
W61  0x114  app_ctrl_stat_wu       0x00000000
W62  0x118  app_ctrl_rx_occ_bytes  0x00000000
SNAP_END STC_DL3_pre nff=0
### PHASE t0_snapshot 1791366288.720780112
SNAP_BEGIN STC_DL3_t0 gen=11
W5   0x34   gmii_free_FE           0x19ff1949
W51  0xEC   app_tx_bytes           0x12c00000
W52  0xF0   app_tx_frames          0x00034a94
W15  0x5C   tx_stat_bytes_TCP      0x3130287b
W14  0x58   tx_stat_frames_TCP     0x0035a680
W20  0x70   mac_tx_frames          0x0035a8f7
W43  0xCC   mtx_stat_tx_words      0x19f0debf
W55  0xFC   tx_stat_retx           0x0001a191
W57  0x104  tx_retx_hi             0x1244567a
W58  0x108  tx_retx_active         0x00000000
W54  0xF8   app_mismatch           0x00000000
W61  0x114  app_ctrl_stat_wu       0x00000000
W62  0x118  app_ctrl_rx_occ_bytes  0x00000000
W56  0x100  udpapp_tx_ovf          0x00000000
W59  0x10C  stx_stat_fifo_ovf      0x00000000
W60  0x110  srx_stat_fifo_ovf      0x00000000
W0   0x20   rx_stat_frames         0x00302f47
W22  0x78   rx_stat_pass_TCP       0x003020da
SNAP_END STC_DL3_t0 nff=0
### PHASE sink_start 1791366288.798267312
SINK_RC=0 1791366289.926050700
### PHASE t1_snapshot 1791366289.926933104
SNAP_BEGIN STC_DL3_t1 gen=12
W5   0x34   gmii_free_FE           0x25385f0a
W51  0xEC   app_tx_bytes           0x14a00000
W52  0xF0   app_tx_frames          0x00039ed6
W15  0x5C   tx_stat_bytes_TCP      0x555ded7b
W14  0x58   tx_stat_frames_TCP     0x003c032a
W20  0x70   mac_tx_frames          0x003c05dd
W43  0xCC   mtx_stat_tx_words      0x252a1d9d
W55  0xFC   tx_stat_retx           0x0001ce4a
W57  0x104  tx_retx_hi             0x1244567a
W58  0x108  tx_retx_active         0x00000000
W54  0xF8   app_mismatch           0x00000000
W61  0x114  app_ctrl_stat_wu       0x00000000
W62  0x118  app_ctrl_rx_occ_bytes  0x00000000
W56  0x100  udpapp_tx_ovf          0x00000000
W59  0x10C  stx_stat_fifo_ovf      0x00000000
W60  0x110  srx_stat_fifo_ovf      0x00000000
W0   0x20   rx_stat_frames         0x0035486c
W22  0x78   rx_stat_pass_TCP       0x00353960
SNAP_END STC_DL3_t1 nff=0
### PHASE post_snapshot 1791366291.005548167
SNAP_BEGIN STC_DL3_post gen=13
W0   0x20   rx_stat_frames         0x0035489b
W1   0x24   rx_stat_bytes          0x0d5239a8
W2   0x28   wl_last_lastframelen   0x00000040
W3   0x2C   rx_stat_crc_err        0x00000000
W4   0x30   rx_stat_drop           0x00000000
W5   0x34   gmii_free_FE           0x2f46733b
W6   0x38   srx_stat_commit        0x00000c5d
W7   0x3C   stx_stat_frames        0x000002b3
W8   0x40   udpapp_tx_frames       0x00000000
W9   0x44   udpapp_tx_bytes        0x00000000
W10  0x48   udpapp_rx_frames       0x00000000
W11  0x4C   udpapp_rx_bytes        0x00000000
W12  0x50   udpapp_rx_null         0x00000000
W13  0x54   udpapp_mismatch        0x00000000
W14  0x58   tx_stat_frames_TCP     0x003c032a
W15  0x5C   tx_stat_bytes_TCP      0x555ded7b
W16  0x60   srx_hls_bytes          0x00035b9c
W17  0x64   hr_cnt_hlsreset        0x00000000
W18  0x68   stx_stat_purge         0x00000000
W19  0x6C   srx_stat_drop          0x00000000
W20  0x70   mac_tx_frames          0x003c05dd
W21  0x74   tx_stat_abort          0x00000000
W22  0x78   rx_stat_pass_TCP       0x00353960
W23  0x7C   rx_stat_nonmatch_TCP   0x000002de
W24  0x80   dp_free_DP             0x2f5ab3a4
W25  0x84   mmcm_locked            0x00000001
W26  0x88   rxcdc_full_cycles      0x00000003
W27  0x8C   rxcdc_occ_max          0x00000006
W28  0x90   txcdc_occ_max          0x00000100
W29  0x94   txwire_stall_cycles    0x00158a1e
W30  0x98   rxcdc_out_frames       0x0035489b
W31  0x9C   rxcdc_out_bytes        0x0c7d173c
W32  0xA0   rx_stat_drop_partial   0x00000000
W33  0xA4   rx_stat_orphan_bytes   0x00000000
W34  0xA8   rx_stat_drop_full      0x00000000
W35  0xAC   rx_stat_fifo_ovf       0x00000000
W36  0xB0   mrx_stat_rx_words      0x2f466c79
W37  0xB4   mrx_stat_rx_pay_bytes  0x0c7d173c
W38  0xB8   rxcdc_ovf_cnt          0x00000000
W39  0xBC   pcs_status_bundle      0x2000100c
W40  0xC0   pcs_evt_bundle         0x000000ff
W41  0xC4   mtx_stat_flush_words   0x00000000
W42  0xC8   mtx_stat_flush_done    0x00000000
W43  0xCC   mtx_stat_tx_words      0x2f382ba3
W44  0xD0   mtx_stat_tx_ctrl_char  0x15256afa
W45  0xD4   txcdc_ovf_cnt          0x00158a1e
W46  0xD8   cls_dbg_stat_ovf       0x00000000
W47  0xDC   cls_dbg_stat_route_ovf 0x00000000
W48  0xE0   cls_dbg_stat_stall_in  0x00000000
W49  0xE4   cls_dbg_occ            0x00000000
W50  0xE8   tx_clk_act             0x1cd66ad3
W51  0xEC   app_tx_bytes           0x14a00000
W52  0xF0   app_tx_frames          0x00039ed6
W53  0xF4   app_rx_bytes           0x00000000
W54  0xF8   app_mismatch           0x00000000
W55  0xFC   tx_stat_retx           0x0001ce4a
W56  0x100  udpapp_tx_ovf          0x00000000
W57  0x104  tx_retx_hi             0x1244567a
W58  0x108  tx_retx_active         0x00000000
W59  0x10C  stx_stat_fifo_ovf      0x00000000
W60  0x110  srx_stat_fifo_ovf      0x00000000
W61  0x114  app_ctrl_stat_wu       0x00000000
W62  0x118  app_ctrl_rx_occ_bytes  0x00000000
SNAP_END STC_DL3_post nff=0
### PHASE nic_post 1791366291.239927032
     port_tx_bytes: 174132260948
     port_tx_packets: 121875494
     port_rx_good_bytes: 1622248743331
     port_rx_packets: 1175687196
     port_rx_bad: 3
     port_rx_nodesc_drops: 22465055
     rx_eth_crc_err: 4
TcpInSegs                       117262990          0.0
TcpOutSegs                      117970716          0.0
TcpRetransSegs                  12664              0.0
TcpExtTCPLossUndo               5                  0.0
TcpExtTCPFastRetrans            2699               0.0
TcpExtTCPRcvCollapsed           0                  0.0
TcpExtTCPOFOQueue               36818              0.0
TcpExtTCPACKSkippedPAWS         0                  0.0
TcpExtTCPACKSkippedSeq          1095               0.0
### PHASE idle_snap 1791366291.243789871
SNAP_BEGIN STC_DL3_idle gen=14
W5   0x34   gmii_free_FE           0x4421d7bd
W51  0xEC   app_tx_bytes           0x14a00000
W52  0xF0   app_tx_frames          0x00039ed6
W15  0x5C   tx_stat_bytes_TCP      0x555ded7b
W14  0x58   tx_stat_frames_TCP     0x003c032a
W20  0x70   mac_tx_frames          0x003c05dd
W43  0xCC   mtx_stat_tx_words      0x44138359
W55  0xFC   tx_stat_retx           0x0001ce4a
W57  0x104  tx_retx_hi             0x1244567a
W58  0x108  tx_retx_active         0x00000000
W54  0xF8   app_mismatch           0x00000000
W61  0x114  app_ctrl_stat_wu       0x00000000
W62  0x118  app_ctrl_rx_occ_bytes  0x00000000
W56  0x100  udpapp_tx_ovf          0x00000000
W59  0x10C  stx_stat_fifo_ovf      0x00000000
W60  0x110  srx_stat_fifo_ovf      0x00000000
W0   0x20   rx_stat_frames         0x003548c8
W22  0x78   rx_stat_pass_TCP       0x00353960
SNAP_END STC_DL3_idle nff=0
### SINK tail:
SINK_CONN 26 OK bytes=1048576 first_mismatch=-1 mism_bytes=0 conn_ms=0.176 dur_ms=36.123 Mbps=232.222 reads=60
SINK_CONN 27 OK bytes=1048576 first_mismatch=-1 mism_bytes=0 conn_ms=0.144 dur_ms=28.342 Mbps=295.981 reads=90
SINK_CONN 28 OK bytes=1048576 first_mismatch=-1 mism_bytes=0 conn_ms=0.161 dur_ms=22.146 Mbps=378.782 reads=67
SINK_CONN 29 OK bytes=1048576 first_mismatch=-1 mism_bytes=0 conn_ms=0.123 dur_ms=20.812 Mbps=403.062 reads=53
SINK_SUM conns=30 fail_conns=0 bytes=31457280 clean_conns=30 bad_conns=0 mismatch_bytes=0 wall_s=1.123 net_s=1.123 agg_Mbps=224.077
SINK_DONE
### SINK_SUM:
SINK_SUM conns=30 fail_conns=0 bytes=31457280 clean_conns=30 bad_conns=0 mismatch_bytes=0 wall_s=1.123 net_s=1.123 agg_Mbps=224.077
### SINK head:
SINK_CONN 0 OK bytes=1048576 first_mismatch=-1 mism_bytes=0 conn_ms=0.160 dur_ms=22.653 Mbps=370.314 reads=55
SINK_CONN 1 OK bytes=1048576 first_mismatch=-1 mism_bytes=0 conn_ms=0.147 dur_ms=22.403 Mbps=374.438 reads=60
SINK_CONN 2 OK bytes=1048576 first_mismatch=-1 mism_bytes=0 conn_ms=0.117 dur_ms=20.463 Mbps=409.935 reads=70
### CPU samples (last 24):
SYS_T 1791366288.799496755 cpu  305657 15848 185444 54338576 61397 0 108483 0 0 0
PS_T  1791366288.801558326  2.7 htop| 0.6 sshd| 0.5 java| 0.2 ksoftirqd/2| 0.1 gnome-shell| 0.1 hw_server|
SYS_T 1791366289.070496364 cpu  305659 15848 185447 54338761 61397 0 108507 0 0 0
PS_T  1791366289.073210686  3.5 p7b_tcp_sink| 2.7 htop| 1.4 tcpdump| 0.5 java| 0.5 sshd| 0.2 ksoftirqd/2|
SYS_T 1791366289.341099571 cpu  305661 15848 185450 54338959 61397 0 108518 0 0 0
PS_T  1791366289.343776901  3.6 p7b_tcp_sink| 2.7 htop| 2.4 tcpdump| 0.5 java| 0.4 sshd| 0.2 ksoftirqd/2|
SYS_T 1791366289.609484595 cpu  305666 15848 185454 54339135 61397 0 108544 0 0 0
PS_T  1791366289.611503359  8.5 p7b_tcp_sink| 4.2 tcpdump| 2.7 htop| 0.5 java| 0.4 sshd| 0.2 ksoftirqd/2|
SYS_T 1791366289.875910867 cpu  305671 15848 185459 54339310 61397 0 108571 0 0 0
PS_T  1791366289.878731879  100 ps| 9.1 p7b_tcp_sink| 4.6 tcpdump| 2.7 htop| 0.5 java| 0.3 sshd|
### SS samples (last 6):
SS_T 1791366287.720173800 State    Recv-Q Send-Q   Local Address:Port   Peer Address:PortProcess                                                                                                                                                                    
SS_T 1791366288.232136800 State    Recv-Q Send-Q   Local Address:Port   Peer Address:PortProcess                                                                                                                                                                    
SS_T 1791366288.746987473 State    Recv-Q Send-Q   Local Address:Port   Peer Address:PortProcess                                                                                                                                                                    
SS_T 1791366289.259399327 State    Recv-Q Send-Q   Local Address:Port   Peer Address:PortProcess                                                                                                                                                                    
SS_T 1791366289.774497628 State    Recv-Q Send-Q   Local Address:Port   Peer Address:PortProcess                                                                                                                                                                    
### PCAP: -rw-r--r-- 1 tcpdump tcpdump 68105972 Oct  7 17:44 /tmp/STC_DL3.pcap
733457 packets captured
733843 packets received by filter
0 packets dropped by kernel
STC_META_BOARD_BID_END=0x0000000a
STC_DL_DONE 1791366293.328579634
