### NIC_PRE 1791366497.573562243
     port_tx_bytes: 180565627209
     port_tx_packets: 126775351
     port_rx_good_bytes: 1629324184165
     port_rx_packets: 1184473179
     port_rx_bad: 3
     port_rx_nodesc_drops: 22502355
     rx_eth_crc_err: 4
### SNAP_A 1791366497.575792629
SNAP_BEGIN S2_J0_A gen=45
W0   0x20   rx_stat_frames         0x00800cae
W1   0x24   rx_stat_bytes          0x8cc79d2f
W3   0x2C   rx_stat_crc_err        0x00000000
W5   0x34   gmii_free_FE           0xb31a76b0
W8   0x40   udpapp_tx_frames       0x0043bece
W9   0x44   udpapp_tx_bytes        0x85892188
W20  0x70   mac_tx_frames          0x00cc2657
W24  0x80   dp_free_DP             0xb32cf481
W43  0xCC   mtx_stat_tx_words      0xb307927f
W56  0x100  udpapp_tx_ovf          0x00000000
W3   0x2C   rx_stat_crc_err        0x00000000
W4   0x30   rx_stat_drop           0x00000000
W21  0x74   tx_stat_abort          0x00000000
W32  0xA0   rx_stat_drop_partial   0x00000000
W33  0xA4   rx_stat_orphan_bytes   0x00000000
W34  0xA8   rx_stat_drop_full      0x00000000
W35  0xAC   rx_stat_fifo_ovf       0x00000000
W46  0xD8   cls_dbg_stat_ovf       0x00000000
W47  0xDC   cls_dbg_stat_route_ovf 0x00000000
W48  0xE0   cls_dbg_stat_stall_in  0x00000000
W49  0xE4   cls_dbg_occ            0x00000000
SNAP_END S2_J0_A nff=0
### TCPDUMP 1791366497.697254420
TCPDUMP_RC=0 1791366497.740449777
300 packets captured
1205 packets received by filter
0 packets dropped by kernel
### SLEEP 1791366497.742458311
### SNAP_B 1791366499.944301329
SNAP_BEGIN S2_J0_B gen=46
W0   0x20   rx_stat_frames         0x00800cb0
W1   0x24   rx_stat_bytes          0x8cc7a1d3
W3   0x2C   rx_stat_crc_err        0x00000000
W5   0x34   gmii_free_FE           0xc9286a10
W8   0x40   udpapp_tx_frames       0x0060ffaa
W9   0x44   udpapp_tx_bytes        0x2dbe12a8
W20  0x70   mac_tx_frames          0x00e96733
W24  0x80   dp_free_DP             0xc93ae2bb
W43  0xCC   mtx_stat_tx_words      0xc915785f
W56  0x100  udpapp_tx_ovf          0x00000000
W3   0x2C   rx_stat_crc_err        0x00000000
W4   0x30   rx_stat_drop           0x00000000
W21  0x74   tx_stat_abort          0x00000000
W32  0xA0   rx_stat_drop_partial   0x00000000
W33  0xA4   rx_stat_orphan_bytes   0x00000000
W34  0xA8   rx_stat_drop_full      0x00000000
W35  0xAC   rx_stat_fifo_ovf       0x00000000
W46  0xD8   cls_dbg_stat_ovf       0x00000000
W47  0xDC   cls_dbg_stat_route_ovf 0x00000000
W48  0xE0   cls_dbg_stat_stall_in  0x00000000
W49  0xE4   cls_dbg_occ            0x00000000
SNAP_END S2_J0_B nff=0
### NIC_POST 1791366500.041373482
     port_tx_bytes: 180565629055
     port_tx_packets: 126775355
     port_rx_good_bytes: 1633007389601
     port_rx_packets: 1186899534
     port_rx_bad: 3
     port_rx_nodesc_drops: 22548701
     rx_eth_crc_err: 4
S2_J0_DONE 1791366500.043404215
