#-----------------------------------------------------------
# xsim v2025.2 (64-bit)
# SW Build 6299465 on Fri Nov 14 19:35:11 GMT 2025
# IP Build 6300035 on Fri Nov 14 10:48:45 MST 2025
# SharedData Build 6298862 on Thu Nov 13 04:50:51 MST 2025
# Start of session at: Tue Sep 29 10:21:06 2026
# Process ID         : 24812
# Current directory  : D:/repo/XCKU5PMini/udp_hls_10g/review_scratch/rd_cons
# Command line       : xsim.exe -log xs.log -mode tcl -source {xsim.dir/tb_cs/xsim_script.tcl}
# Log file           : D:/repo/XCKU5PMini/udp_hls_10g/review_scratch/rd_cons/xs.log
# Journal file       : D:/repo/XCKU5PMini/udp_hls_10g/review_scratch/rd_cons\xsim.jou
# Running On         : xyz-intel
# Platform           : Windows Server 2016 or Windows 10
# Operating System   : 26200
# Processor Detail   : Intel(R) Core(TM) Ultra 7 265K
# CPU Frequency      : 3878 MHz
# CPU Physical cores : 20
# CPU Logical cores  : 20
# Host memory        : 68053 MB
# Swap memory        : 4294 MB
# Total Virtual      : 72348 MB
# Available Virtual  : 50068 MB
#-----------------------------------------------------------
source xsim.dir/tb_cs/xsim_script.tcl
# xsim {tb_cs} -autoloadwcfg -runall
Time resolution is 1 ps
run -all
== P1: mixed sizes incl. runts (content 8,9,14,15,20,60..72,200,1000), no stall ==
   >> sending frame ci=0 content=8
   [word#0] keep=ff popc=8 SOP=1 TLAST=1 crs=0 err=0
   >> sending frame ci=1 content=14
   [word#1] keep=ff popc=8 SOP=1 TLAST=0 crs=0 err=0
   [word#2] keep=fc popc=6 SOP=0 TLAST=1 crs=0 err=0
   >> sending frame ci=2 content=15
   [word#3] keep=ff popc=8 SOP=1 TLAST=0 crs=0 err=0
   [word#4] keep=fe popc=7 SOP=0 TLAST=1 crs=0 err=0
   >> sending frame ci=3 content=20
   [word#5] keep=ff popc=8 SOP=1 TLAST=0 crs=0 err=0
   >> sending frame ci=4 content=60
   >> sending frame ci=5 content=64
   >> sending frame ci=6 content=65
   >> sending frame ci=7 content=72
   >> sending frame ci=8 content=200
   >> sending frame ci=9 content=1000
   >> sending frame ci=10 content=63
   >> sending frame ci=11 content=9
== P2: tready hard-stalled during long frames, then released ==
   after stall: state=5 term_pend=1 first_done=1 drop=8 dropFull=8 partial=1 orphB=64 ovf=0
== P3: back-to-back 64-byte content frames ==
--- totals: words=371 popc=2934 SOP=33 TLAST=33 (nz=32 term=1) baresop=0
--- FE: frames=32 crc=32 drop=8 bytes=2998 dropFull=8 partial=1 orphanB=64 ovf=0 words_out=372
REVIEW_CONSERVE_RESULT: PASS_ALL
REVIEW_CONSERVE_DONE
$finish called at time : 53284 ns : File "D:/repo/XCKU5PMini/udp_hls_10g/review_scratch/rw/tb_rvw_conserve.v" Line 144
exit
INFO: [Common 17-206] Exiting xsim at Tue Sep 29 10:21:07 2026...
