#-----------------------------------------------------------
# xsim v2025.2 (64-bit)
# SW Build 6299465 on Fri Nov 14 19:35:11 GMT 2025
# IP Build 6300035 on Fri Nov 14 10:48:45 MST 2025
# SharedData Build 6298862 on Thu Nov 13 04:50:51 MST 2025
# Start of session at: Tue Sep 29 22:08:59 2026
# Process ID         : 30572
# Current directory  : D:/repo/XCKU5PMini/udp_hls_10g/_proj_10g/p7b_mac/sim
# Command line       : xsim.exe -log xsim_m10g.log -mode tcl -source {xsim.dir/tb_mac_10g/xsim_script.tcl}
# Log file           : D:/repo/XCKU5PMini/udp_hls_10g/_proj_10g/p7b_mac/sim/xsim_m10g.log
# Journal file       : D:/repo/XCKU5PMini/udp_hls_10g/_proj_10g/p7b_mac/sim\xsim.jou
# Running On         : xyz-intel
# Platform           : Windows Server 2016 or Windows 10
# Operating System   : 26200
# Processor Detail   : Intel(R) Core(TM) Ultra 7 265K
# CPU Frequency      : 3878 MHz
# CPU Physical cores : 20
# CPU Logical cores  : 20
# Host memory        : 68053 MB
# Swap memory        : 4294 MB
# Total Virtual      : 72348 MB
# Available Virtual  : 44755 MB
#-----------------------------------------------------------
source xsim.dir/tb_mac_10g/xsim_script.tcl
# xsim {tb_mac_10g} -autoloadwcfg -runall
Time resolution is 1 ps
run -all
=== tb_mac_10g start ===
-- з»„ 1: CRC32
  [ ok ] CRC: crc32("123456789") == 0xCBF4392яяяжяяя‡яяя‘яяЏ)
  [ ok ] CRяяяеяяя…яяя—яя‚(яя« FCS)яяяияяяђяяя„яяязя™ == 0xDEBB20E3
  [ ok ] CRCяяяџяяязя§: FCS яя№ яяяЅяяяЋяяязя™ != 0xDEBB20E3
  [ ok ] CRCяяядяяяёяяяґяя—' == яяя†яяђ 4+3+1+0 яяяия‚' яяяжяяя–яяя•
-- з»„ 2: е­—иЉ‚еєЏй•њеѓЏ
  [ ok ] SELFCHECK(stim only, no DUT power): inj first word == 0xD5555555555555FB
  [ ok ] SELFCHECK(stim only, no DUT power): inj first word ctrl only lane0
  [ ok ] яяяея° 1яяя§
  [ ok ] яяя¤яяяеяяяЉяяя° == яяядяяяёяяяї-4 == 60
  [FAIL] яяядяяя»яяя–яяяия‚ =яяя†яяя№[0] яя’ tdata[63:56]яяяЇяяяйяяя­яяя‚
  [FAIL] яяя¤яяязя¬ 8яяя—яя‚ яяяеяяя®№[7]
  [FAIL] яяядяяя»яяя«яяяия‚ =яяя†яяя№[59]
  [ ok ] яяядяяяµяяяЊяяяжя‰ /S/(0xFB)яяя’яяяЌяяяияяя‰яяя»
  [ ok ] яяяєяяяяяяжя° == ceil(60/8) == яяязяяяµяяяґ: 1 яя—/яяЌ)
-- з»„ 3: её§й•їж‰«жЏЏ
  [ ok ] яяяёяяяїяяяжяЏ: яяяея° 1яяя§
  [ ok ] яяяеяяя•яяя«яяЏ:яяя¤яяяеяяяЉяяя° == яяяеяяя•яяя¦
  [FAIL] яяя§яяяжяяяЏЏ: tcrs == 1
  [ ok ] яяя§яяяжяяяЏЏ: terr == 0
  [ ok ] яяяёяяяїяяяжяЏ: SOP яяяеяяя¦яяя—
  [ ok ] яяяеяяя•яяя«яяЏ:яяяЌяяЇ TERMяяя—
  [FAIL] яяя§яяяжяяяЏяяяжяяя­яяя‚яяяеяяя­яяя®
  [ ok ] яяя§яяяжяяяЏЏ: /T/ lane == (L mod 8)
  [ ok ] яяяёяяяїяяяжяЏ: stat_frames == 1
  [ ok ] яяяйяяя‰яяяЏ: stat_bytes == яяядяяяёяяяї
  [ ok ] яяяёяяяїяяяжяЏ: яЈpopc(tkeep) ==яяя¤яяяеяяяЉяяя°
  [ ok ] яяяёяяяїяяяжяЏ: яяяея° 1яяя§
  [ ok ] яяяеяяя•яяя«яяЏ:яяя¤яяяеяяяЉяяя° == яяяеяяя•яяя¦
  [FAIL] яяя§яяяжяяяЏЏ: tcrs == 1
  [ ok ] яяя§яяяжяяяЏЏ: terr == 0
  [ ok ] яяяёяяяїяяяжяЏ: SOP яяяеяяя¦яяя—
  [ ok ] яяяеяяя•яяя«яяЏ:яяяЌяяЇ TERMяяя—
  [FAIL] яяя§яяяжяяяЏяяяжяяя­яяя‚яяяеяяя­яяя®
  [ ok ] яяя§яяяжяяяЏЏ: /T/ lane == (L mod 8)
  [ ok ] яяяёяяяїяяяжяЏ: stat_frames == 1
  [ ok ] яяяйяяя‰яяяЏ: stat_bytes == яяядяяяёяяяї
  [ ok ] яяяёяяяїяяяжяЏ: яЈpopc(tkeep) ==яяя¤яяяеяяяЉяяя°
  [ ok ] яяяёяяяїяяяжяЏ: яяяея° 1яяя§
  [ ok ] яяяеяяя•яяя«яяЏ:яяя¤яяяеяяяЉяяя° == яяяеяяя•яяя¦
  [FAIL] яяя§яяяжяяяЏЏ: tcrs == 1
  [ ok ] яяя§яяяжяяяЏЏ: terr == 0
  [ ok ] яяяёяяяїяяяжяЏ: SOP яяяеяяя¦яяя—
  [ ok ] яяяеяяя•яяя«яяЏ:яяяЌяяЇ TERMяяя—
  [FAIL] яяя§яяяжяяяЏяяяжяяя­яяя‚яяяеяяя­яяя®
  [ ok ] яяя§яяяжяяяЏЏ: /T/ lane == (L mod 8)
  [ ok ] яяяёяяяїяяяжяЏ: stat_frames == 1
  [ ok ] яяяйяяя‰яяяЏ: stat_bytes == яяядяяяёяяяї
  [ ok ] яяяёяяяїяяяжяЏ: яЈpopc(tkeep) ==яяя¤яяяеяяяЉяяя°
  [ ok ] яяяёяяяїяяяжяЏ: яяяея° 1яяя§
  [ ok ] яяяеяяя•яяя«яяЏ:яяя¤яяяеяяяЉяяя° == яяяеяяя•яяя¦
  [FAIL] яяя§яяяжяяяЏЏ: tcrs == 1
  [ ok ] яяя§яяяжяяяЏЏ: terr == 0
  [ ok ] яяяёяяяїяяяжяЏ: SOP яяяеяяя¦яяя—
  [ ok ] яяяеяяя•яяя«яяЏ:яяяЌяяЇ TERMяяя—
  [FAIL] яяя§яяяжяяяЏяяяжяяя­яяя‚яяяеяяя­яяя®
  [ ok ] яяя§яяяжяяяЏЏ: /T/ lane == (L mod 8)
  [ ok ] яяяёяяяїяяяжяЏ: stat_frames == 1
  [ ok ] яяяйяяя‰яяяЏ: stat_bytes == яяядяяяёяяяї
  [ ok ] яяяёяяяїяяяжяЏ: яЈpopc(tkeep) ==яяя¤яяяеяяяЉяяя°
  [ ok ] яяяёяяяїяяяжяЏ: яяяея° 1яяя§
  [ ok ] яяяеяяя•яяя«яяЏ:яяя¤яяяеяяяЉяяя° == яяяеяяя•яяя¦
  [FAIL] яяя§яяяжяяяЏЏ: tcrs == 1
  [ ok ] яяя§яяяжяяяЏЏ: terr == 0
  [ ok ] яяяёяяяїяяяжяЏ: SOP яяяеяяя¦яяя—
  [ ok ] яяяеяяя•яяя«яяЏ:яяяЌяяЇ TERMяяя—
  [FAIL] яяя§яяяжяяяЏяяяжяяя­яяя‚яяяеяяя­яяя®
  [ ok ] яяя§яяяжяяяЏЏ: /T/ lane == (L mod 8)
  [ ok ] яяяёяяяїяяяжяЏ: stat_frames == 1
  [ ok ] яяяйяяя‰яяяЏ: stat_bytes == яяядяяяёяяяї
  [ ok ] яяяёяяяїяяяжяЏ: яЈpopc(tkeep) ==яяя¤яяяеяяяЉяяя°
  [ ok ] яяяёяяяїяяяжяЏ: яяяея° 1яяя§
  [ ok ] яяяеяяя•яяя«яяЏ:яяя¤яяяеяяяЉяяя° == яяяеяяя•яяя¦
  [FAIL] яяя§яяяжяяяЏЏ: tcrs == 1
  [ ok ] яяя§яяяжяяяЏЏ: terr == 0
  [ ok ] яяяёяяяїяяяжяЏ: SOP яяяеяяя¦яяя—
  [ ok ] яяяеяяя•яяя«яяЏ:яяяЌяяЇ TERMяяя—
  [FAIL] яяя§яяяжяяяЏяяяжяяя­яяя‚яяяеяяя­яяя®
  [ ok ] яяя§яяяжяяяЏЏ: /T/ lane == (L mod 8)
  [ ok ] яяяёяяяїяяяжяЏ: stat_frames == 1
  [ ok ] яяяйяяя‰яяяЏ: stat_bytes == яяядяяяёяяяї
  [ ok ] яяяёяяяїяяяжяЏ: яЈpopc(tkeep) ==яяя¤яяяеяяяЉяяя°
  [ ok ] яяяёяяяїяяяжяЏ: яяяея° 1яяя§
  [ ok ] яяяеяяя•яяя«яяЏ:яяя¤яяяеяяяЉяяя° == яяяеяяя•яяя¦
  [FAIL] яяя§яяяжяяяЏЏ: tcrs == 1
  [ ok ] яяя§яяяжяяяЏЏ: terr == 0
  [ ok ] яяяёяяяїяяяжяЏ: SOP яяяеяяя¦яяя—
  [ ok ] яяяеяяя•яяя«яяЏ:яяяЌяяЇ TERMяяя—
  [FAIL] яяя§яяяжяяяЏяяяжяяя­яяя‚яяяеяяя­яяя®
  [ ok ] яяя§яяяжяяяЏЏ: /T/ lane == (L mod 8)
  [ ok ] яяяёяяяїяяяжяЏ: stat_frames == 1
  [ ok ] яяяйяяя‰яяяЏ: stat_bytes == яяядяяяёяяяї
  [ ok ] яяяёяяяїяяяжяЏ: яЈpopc(tkeep) ==яяя¤яяяеяяяЉяяя°
  [ ok ] яяяёяяяїяяяжяЏ: яяяея° 1яяя§
  [ ok ] яяяеяяя•яяя«яяЏ:яяя¤яяяеяяяЉяяя° == яяяеяяя•яяя¦
  [FAIL] яяя§яяяжяяяЏЏ: tcrs == 1
  [ ok ] яяя§яяяжяяяЏЏ: terr == 0
  [ ok ] яяяёяяяїяяяжяЏ: SOP яяяеяяя¦яяя—
  [ ok ] яяяеяяя•яяя«яяЏ:яяяЌяяЇ TERMяяя—
  [FAIL] яяя§яяяжяяяЏяяяжяяя­яяя‚яяяеяяя­яяя®
  [ ok ] яяя§яяяжяяяЏЏ: /T/ lane == (L mod 8)
  [ ok ] яяяёяяяїяяяжяЏ: stat_frames == 1
  [ ok ] яяяйяяя‰яяяЏ: stat_bytes == яяядяяяёяяяї
  [ ok ] яяяёяяяїяяяжяЏ: яЈpopc(tkeep) ==яяя¤яяяеяяяЉяяя°
  [ ok ] яяяёяяяїяяяжяЏ: яяяея° 1яяя§
  [ ok ] яяяеяяя•яяя«яяЏ:яяя¤яяяеяяяЉяяя° == яяяеяяя•яяя¦
  [FAIL] яяя§яяяжяяяЏЏ: tcrs == 1
  [ ok ] яяя§яяяжяяяЏЏ: terr == 0
  [ ok ] яяяёяяяїяяяжяЏ: SOP яяяеяяя¦яяя—
  [ ok ] яяяеяяя•яяя«яяЏ:яяяЌяяЇ TERMяяя—
  [FAIL] яяя§яяяжяяяЏяяяжяяя­яяя‚яяяеяяя­яяя®
  [ ok ] яяя§яяяжяяяЏЏ: /T/ lane == (L mod 8)
  [ ok ] яяяёяяяїяяяжяЏ: stat_frames == 1
  [ ok ] яяяйяяя‰яяяЏ: stat_bytes == яяядяяяёяяяї
  [ ok ] яяяёяяяїяяяжяЏ: яЈpopc(tkeep) ==яяя¤яяяеяяяЉяяя°
  [ ok ] яяяЂяяяея§ (1514яяя…яя№ / 15яяязяяяёЉ): яяяея° 1яяя§
  [ ok ] яяяжяяя¤яяя§яяяєяяя 151яяя­яяя‚
  [FAIL] яяяеяяяё§: tcrs == 1
  [ ok ] яяяеяяяёяяядяяя§яяя‘ stat_rx_long (1518 <= 1522)
  [ ok ] яяяеяяяёяяязяяяёяяяїяя¦ 1518
  [ ok ] яяя¶яяяїяя§ (151яяя†яяя№ / 1523 яяядяЉ):яяяЌяяядя (яяяеяяяёяяяЄяя­)
  [ ok ] яяя¶яяяїяя§: stat_rx_long == 1 (1523 > 1522)
-- з»„ 4: /S/ ењЁ lane4
  [ ok ] /S/@lane4: яяяея° 1яяя§
  [ ok ] /S/@lane4яяяєяяя 60 яяяия‚ (яяяжяяя»Ћ lane4 яя·)
  [FAIL] /S/@lane4: tcrs == яяяияяя§‹ laяяяеяяя®яяяЈяя®)
  [ ok ] /S/@lane4: terr == яяяеяяяЇяяяѕяяяияяя®яяя›яя§)
-- з»„ 5: еќЏ FCS / /E/ / дїќз•™жЋ§е€¶з Ѓ
  [ ok ] яяяќЏFCSяяя»яяя¤яя яяяёяяяеяяяѕяяяЊяя± /T/ яяљ)
  [ ok ] яяяеяЏFCяяядяяя»яяя—яяяжяяяёяяя
  [ ok ] яяяЏFCS: tcrs == 0 (яяяеяяя…яяяђяя‹)
  [ ok ] яяяеяЏFCS: stat_crc_err == 1
  [ ok ] яяяеяЏFCяяядяяя®Ў 1 яя§ яяяЏяяядяяяєяяяяяя”яяя‹яяяжя‰ tcrs яяў)
  [ ok ] /E/:яяяЌяяядя 1яяя§
  [ ok ] /E/яяяєяяяяяяияяя•яяяЌяя яяя—яяяжя‰ lane яя—)
  [ ok ] /E/яяяЁяяяеяяявя’ terr == 1
  [ ok ] /E/: stat_rx_er_words >= 1
  [ ok ] яяязяяяЋяяя¶яяЃ:яяяЌяяядя 1яяя§
  [ ok ] яяяїяяя™яяяеяяя яяяЁяяяеяяявя’ terr == 1
  [ ok ] яяяќяяяжяяя€яяяЃ: stat_rx_bad_words >= 1
-- з»„ 6: иѓЊйќ иѓЊ + /Q/ + T/S еђЊж‹Ќ
  [ ok ] яяяѓяяя яяЊ:яяя¤яяяйяяя”яяя° (7 яяЄ /I/ яя„ IPG)
  [ ok ] яяяЊяяяияЊ: яя§1 = 6яяя­яяя‚
  [ ok ] яяяЊяяяияЊ: яя§2 = 6яяя­яяя‚
  [FAIL] яяяЊяяяияЊ: яяяея§ Fяяяйяяя­яяя®
  [ ok ] яяяЊяяяияЊ: яяяея§ Sяяяйяяя­яяя®
  [ ok ] яяяЊяяяияЊ: stat_frames == 2
  [ ok ] яяя®яяя‡ /Q/: stat_rx_q >= 1
  [ ok ] /Q/ яяяияяя–яяя§
  -- T/S еђЊж‹Ќ: её§жґ»и·ѓиїћз»­ж‹Ќж•°е®ћжµ‹жњЂе¤§ 15 (зњ‹й—Ёз‹—й€еЂј 32)
  [ ok ] T/S same-word: frame-active run <= 32 cyc (watchdog: no hang)
  [ ok ] T/S same-word: FSM back to IDLE after settle (no hang)
  [ ok ] T/яяяђяяяЌяяя®яяяєяяяйяяяђяяя§ (stat_rx_frag >= 1)
  [ ok ] T/S яяяжяЌ: яяяеяяя»яяяЅяяяеяяя”яяя§
  [ ok ] Tяяяеяяя‹яяяЋяяяњяяяЋяяядяяяєяяяяя§ == 6яяя­яяя‚
  [FAIL] T/S яяяжяяяђЋ: FяяяжяяяЎяяяжяяяЏяяяЎяя“)
  [FAIL] T/SяяяЊяяяеяЋ: яяяеяяяЉяяяђяяяияяяёяяяґ
-- з»„ 7: F4
  [ ok ] F4яяяЈяя‹:яяя яяяеяяя—¶ stat_drop == 0
  [ ok ] F4 яяядя‹: stat_fifo_ovf == 0 (яяяйяяя»яяяўяя±)
  [ ok ] F4 яяядя‹: яяядя 1яяя§
  [ ok ] F4 яяяеяяя…яяяеяяя‘яяя‡’ stat_drop >= 1яяяёяяя™яя)
  [ ok ] Fяяяґяяя№яя§: stat_drop_full >= 1яяяЅяяя яяязяяя—яяяЌяяі)
  [ ok ] F4 яяяеяяя…§: stat_fifo_ovf == яяяжяяя­яяя« FIFяяяќяяяяяў)
  [ ok ] Fяяяґяяя№яя§: stat_drop_partial >= 1 яяя¤яяяеяяяњяяяЎяя°)
  [ ok ] F4 яяяеяяя…§: stat_orphan_bytes >= яяяеяяя„яяя—яяяжя‰ popc яяЎ)
  [ ok ] F4 яяяжяяяѕяяяОЈpopяяяєяяяяя—) == stat_bytes - 4*frames + orphan_bytes
  [ ok ] Fяяядяяя»яяяЃяяяеяяяЋяяя‡ TERяяя­— (tlast & tkeep==0)
  [ ok ] яяяжяяя¤яяяЋяяя–яяя§яяяеяяяєяяя
  [ ok ] FяяяЃяяяЌяяЋ:яяя—яяяжяяя­яяя®
  [FAIL] FяяяЃяяяЌяяЋ: FCSяяяЈяя® яяяЄяяяжяяя­яяяЎяя“)
  [FAIL] F4яяяўяяяеяЋ: яяяеяяяЉяяяђяяяияяяёяяяґ
-- з»„ 8: TX её§ж јејЏ
  [ ok ] TX: яяяея° /яяяияяя§яяя—
  [ ok ] TX:яяя§яяяея— == 0xD5555555555555FB
  [ ok ] Tяяяеяяя¦яяя—яяяжя‰ lane0яяяЇяяяеяяя­яяя¦
  [ ok ] TXяяя‰яяя° /T/
  [ ok ] TX: /T/яяя‹яяяжяяяњяяя»яяяжяяяЌ® lane (Figure 49-7)
  [ ok ] TX: яяяея…(/яяяеяяяжя  /яяядяяя¤яяя„яяяеяяя­яяя¦
  [ ok ] TXяяяєяяяЉяяяжяяя­яяя‚яя° == 6яяя†яяя№ + 4 FCS
  [ ok ] TX: /Tяяя№яяяЋ >= яяядяЄ /I/ (IFG)
  [ ok ] TX: 60яяя—яяяеяяя®яяяђяяяияяяёяяяґ
  [ ok ] TX: FCS == TB яяязяяя®яяяєяя„ (crc^0xFFFFFFFF)яяяЏяяЇ яяя­яяя‚
  [ ok ] TX: stat_frames == 1
  [ ok ] TX: stat_abort == 0
  [ ok ] TX padяяя‰яяя° /S/
  [ ok ] TX pad: яяядяяя•яяя®яяяияяя•° == 20 + 40 pad + 4 FCS
  [ ok ] TX pad:яяяЌ 20 яяяия‚ =яяя†яяя№яяяђЋ 40яяя—яя‚ == 0
  [ ok ] TX pad: FCSяяяђяяяияяя­яяя®
  -- 8.3 е†…е®№ 61 B / зєїдёЉ 65 B в‡’ /T/ еє”ењЁ lane 1
  [ ok ] яяяйяяя•яяяЌяяя‰яяя° /S/
  [ ok ] TX яяяжяяя‹яяяжяяяЌяяя—яяяжя° =яяя†яяя№ + 4
  [ ok ] TX non-mult-8: /T/ lane == (L mod 8)
  [ ok ] TX яяяжяяя‹яяяеяяя®яяяђяяяияяяёяяяґ
  [ ok ] TяяяќяяяґяяЌ: FCSяяяЁяяяеяяя»яяяђяяяияяя­яяя®
  [ ok ] TXяяяћяяяжяЌ: /T/ яяяеяяя—яяя°яя® lane
  [ ok ] яяяйяяя•яяяЌ: /Tяяя№яяяЋ >= яяядяЄ /I/ (IFG)
  -- 8.3 е†…е®№ 62 B / зєїдёЉ 66 B в‡’ /T/ еє”ењЁ lane 2
  [ ok ] яяяйяяя•яяяЌяяя‰яяя° /S/
  [ ok ] TX яяяжяяя‹яяяжяяяЌяяя—яяяжя° =яяя†яяя№ + 4
  [ ok ] TX non-mult-8: /T/ lane == (L mod 8)
  [ ok ] TX яяяжяяя‹яяяеяяя®яяяђяяяияяяёяяяґ
  [ ok ] TяяяќяяяґяяЌ: FCSяяяЁяяяеяяя»яяяђяяяияяя­яяя®
  [ ok ] TXяяяћяяяжяЌ: /T/ яяяеяяя—яяя°яя® lane
  [ ok ] яяяйяяя•яяяЌ: /Tяяя№яяяЋ >= яяядяЄ /I/ (IFG)
  -- 8.3 е†…е®№ 63 B / зєїдёЉ 67 B в‡’ /T/ еє”ењЁ lane 3
  [ ok ] яяяйяяя•яяяЌяяя‰яяя° /S/
  [ ok ] TX яяяжяяя‹яяяжяяяЌяяя—яяяжя° =яяя†яяя№ + 4
  [ ok ] TX non-mult-8: /T/ lane == (L mod 8)
  [ ok ] TX яяяжяяя‹яяяеяяя®яяяђяяяияяяёяяяґ
  [ ok ] TяяяќяяяґяяЌ: FCSяяяЁяяяеяяя»яяяђяяяияяя­яяя®
  [ ok ] TXяяяћяяяжяЌ: /T/ яяяеяяя—яяя°яя® lane
  [ ok ] яяяйяяя•яяяЌ: /Tяяя№яяяЋ >= яяядяЄ /I/ (IFG)
  -- 8.3 е†…е®№ 64 B / зєїдёЉ 68 B в‡’ /T/ еє”ењЁ lane 4
  [ ok ] яяяйяяя•яяяЌяяя‰яяя° /S/
  [ ok ] TX яяяжяяя‹яяяжяяяЌяяя—яяяжя° =яяя†яяя№ + 4
  [ ok ] TX non-mult-8: /T/ lane == (L mod 8)
  [ ok ] TX яяяжяяя‹яяяеяяя®яяяђяяяияяяёяяяґ
  [ ok ] TяяяќяяяґяяЌ: FCSяяяЁяяяеяяя»яяяђяяяияяя­яяя®
  [ ok ] TXяяяћяяяжяЌ: /T/ яяяеяяя—яяя°яя® lane
  [ ok ] яяяйяяя•яяяЌ: /Tяяя№яяяЋ >= яяядяЄ /I/ (IFG)
  -- 8.3 е†…е®№ 65 B / зєїдёЉ 69 B в‡’ /T/ еє”ењЁ lane 5
  [ ok ] яяяйяяя•яяяЌяяя‰яяя° /S/
  [ ok ] TX яяяжяяя‹яяяжяяяЌяяя—яяяжя° =яяя†яяя№ + 4
  [ ok ] TX non-mult-8: /T/ lane == (L mod 8)
  [ ok ] TX яяяжяяя‹яяяеяяя®яяяђяяяияяяёяяяґ
  [ ok ] TяяяќяяяґяяЌ: FCSяяяЁяяяеяяя»яяяђяяяияяя­яяя®
  [ ok ] TXяяяћяяяжяЌ: /T/ яяяеяяя—яяя°яя® lane
  [ ok ] яяяйяяя•яяяЌ: /Tяяя№яяяЋ >= яяядяЄ /I/ (IFG)
  [ ok ] TX t_start=3яяя‰яяя° /S/
  [ ok ] TX t_start=яяяжяяяЌяяя—яяяжя° == 67 + 4
  [ ok ] TX t_start=3: /T/ яяяеяЁ lane7
  [ ok ] TX t_start=3: /T/яяя‹яяЋ >= 1яяяёЄ /I/ (Iяяяеяяяќ  S_IFG яяҐ)
  [ ok ] TX t_start=3: /T/ яяяеяяя—яяя°яя® lane
  [ ok ] TX t_start=яяяеяяя®яяяђяяяияяяёяяяґ
  [ ok ] TX t_start=3: FCSяяяђяяяияяя­яяя®
  [ ok ] TXяяяЁяяџ:яяяѕяяязя¬ 1яяяЄ /S/
  [ ok ] TXяяяЁяяџ:яяяѕяяязя¬ 2яяяЄ /S/
  [ ok ] TX яяяжяџ: яяявя’/S/ == 12 яяЌ (IFG 12 яяЄ /I/ яяязяяяњяяя“яяњ)
  [ ok ] TXяяяЁяяџ:яяя¤яяяйяяяЏяяяЊ
  [ ok ] TX period63: found /S/ #1
  [ ok ] TX period63: found /S/ #2
  [ ok ] TX period63: /S/->/S/ == 11 cycles (D5 row L=63)
  [ ok ] TX period63: both frames sent
  [ ok ] яяяжяяя¤яяя§яяя‰яяя° /S/
  [ ok ] TX яяяеяяяёяяязяяяёяяя°яяяеяяяЉяяя° == 1514 + 4
  [ ok ] TXяяяЂяяяея§: 1514яяя—яяяеяяя®яяяђяяяияяяёяяяґ
  [ ok ] Tяяяњяяя§яя§: FCSяяяђяяяияяя­яяя®
  [ ok ] TX яяяеяяяё§: IFG >= 12 /I/
  [ ok ] TXяяяЂяяяея§: stat_frames == 1
-- з»„ 9: F-2 дё­ж­ў/е†Іе€·
  [ ok ] F-2яяя–яяя›яяя’ stat_abort == 1
  [ ok ] F-2яяяёяяяўяяязяяяёяяяєяяязяяяё§ /T/ (802.3яяяЃяя‚)
  [ ok ] F-2:яяяІяяяеяяя‡яяя°яяяйяяя№яяя‘яяядяяяёяяя§ /S/
  [ ok ] F-2: яяяжяяяё§ /Tяяяёяяя°яя§ /S/ яяяйяяя—яяя»яяяжяяяЌяяя—
  [ ok ] F-2: stat_flush_done == 1
  [ ok ] F-2: stat_flush_words >= 1
  [ ok ] F-2яяя–яяя§яяяеяяяЏяяяЊ
  -- F-2 е№ЅзЃµжЈЂжµ‹: жіЁе…Ґ 2 её§ / зєїдёЉи§Је‡є 2 её§ (е№ЅзЃµ 0)
  [ ok ] F-2 ghost: wire frame count == injected count (B8 #3)
  -- F-2 е№ЅзЃµжЈЂжµ‹: зєїдёЉз¬¬ 0 её§ @xcap[2944] 32 е­—иЉ‚, kind=1 (0=е№ЅзЃµ 1=ж®‹зјєе‰ЌзјЂ 2=е®Њж•ґ)
  [ ok ] F-2 ghost: every wire frame == some injected frame (B8 #2)
  -- F-2 е№ЅзЃµжЈЂжµ‹: зєїдёЉз¬¬ 1 её§ @xcap[3051] 64 е­—иЉ‚, kind=2 (0=е№ЅзЃµ 1=ж®‹зјєе‰ЌзјЂ 2=е®Њж•ґ)
  [ ok ] F-2 ghost: every wire frame == some injected frame (B8 #2)
  [ ok ] F-2 ghost: post-flush new frame == injected B, byte-exact
-- з»„ 10: TXв†’RX зЋЇе›ћ
  [ ok ] яяяЋяяяћяяя‰яяя° /S/
  [ ok ] яяязяяя›ћ: Rяяя‡яяя‘яяяея° 1яяя§
  [ ok ] яяяЇяяћ:яяя¤яя 200 яяяия‚ =яяяЋяяя‹яяяеяяя•яяя¦
  [FAIL] яяяЇяяћ: FCSяяяЈяя® (TX/яяязя„ CRC+Fяяязяяя®яяяЄяяЅ)
  [FAIL] яяязяяя›ћ: 2яяяеяяяЉяяяђяяяияяяёяяяґ
=== tb_mac_10g done: 252 checks, 30 fail ===
VERDICT = FAIL
$finish called at time : 24791400 ps : File "D:/repo/XCKU5PMini/udp_hls_10g/_proj_10g/p7b_mac/sim/tb_mac_10g.v" Line 1107
exit
INFO: [Common 17-206] Exiting xsim at Tue Sep 29 22:09:01 2026...
