#-----------------------------------------------------------
# xsim v2025.2 (64-bit)
# SW Build 6299465 on Fri Nov 14 19:35:11 GMT 2025
# IP Build 6300035 on Fri Nov 14 10:48:45 MST 2025
# SharedData Build 6298862 on Thu Nov 13 04:50:51 MST 2025
# Start of session at: Wed Sep 30 11:38:10 2026
# Process ID         : 14936
# Current directory  : D:/repo/XCKU5PMini/udp_hls_10g/_proj_10g/p7b_mac/sim
# Command line       : xsim.exe -log xsim_m10g.log -mode tcl -source {xsim.dir/tb_mac_10g/xsim_script.tcl}
# Log file           : D:/repo/XCKU5PMini/udp_hls_10g/_proj_10g/p7b_mac/sim/xsim_m10g.log
# Journal file       : D:/repo/XCKU5PMini/udp_hls_10g/_proj_10g/p7b_mac/sim\xsim.jou
# Running On         : xyz-intel
# Platform           : Windows Server 2016 or Windows 10
# Operating System   : 26200
# Processor Detail   : Intel(R) Core(TM) Ultra 7 265K
# CPU Frequency      : 3878 MHz
# CPU Physical cores : 20
# CPU Logical cores  : 20
# Host memory        : 68053 MB
# Swap memory        : 4294 MB
# Total Virtual      : 72348 MB
# Available Virtual  : 45310 MB
#-----------------------------------------------------------
source xsim.dir/tb_mac_10g/xsim_script.tcl
# xsim {tb_mac_10g} -autoloadwcfg -runall
Time resolution is 1 ps
run -all
=== tb_mac_10g start ===
-- з»„ 1: CRC32
  [ ok ] CRC: crc32("123456789") == 0xCBF4392яяяжяяя‡яяя‘яяЏ)
  [ ok ] CRяяяеяяя…яяя—яя‚(яя« FCS)яяяияяяђяяя„яяязя™ == 0xDEBB20E3
  [ ok ] CRCяяяџяяязя§: FCS яя№ яяяЅяяяЋяяязя™ != 0xDEBB20E3
  [ ok ] CRCяяядяяяёяяяґяя—' == яяя†яяђ 4+3+1+0 яяяия‚' яяяжяяя–яяя•
-- з»„ 2: е­—иЉ‚еєЏй•њеѓЏ
  [ ok ] SELFCHECK(stim only, no DUT power): inj first word == 0xD5555555555555FB
  [ ok ] SELFCHECK(stim only, no DUT power): inj first word ctrl only lane0
  [ ok ] яяяея° 1яяя§
  [ ok ] яяя¤яяяеяяяЉяяя° == яяядяяяёяяяї-4 == 60
  [ ok ] яяядяяя»яяя–яяяия‚ =яяя†яяя№[0] яя’ tdata[63:56]яяяЇяяяйяяя­яяя‚
  [ ok ] яяя¤яяязя¬ 8яяя—яя‚ яяяеяяя®№[7]
  [ ok ] яяядяяя»яяя«яяяия‚ =яяя†яяя№[59]
  [ ok ] яяядяяяµяяяЊяяяжя‰ /S/(0xFB)яяя’яяяЌяяяияяя‰яяя»
  [ ok ] яяяєяяяяяяжя° == ceil(60/8) == яяязяяяµяяяґ: 1 яя—/яяЌ)
-- з»„ 3: её§й•їж‰«жЏЏ
  [ ok ] яяяёяяяїяяяжяЏ: яяяея° 1яяя§
  [ ok ] яяяеяяя•яяя«яяЏ:яяя¤яяяеяяяЉяяя° == яяяеяяя•яяя¦
  [ ok ] яяя§яяяжяяяЏЏ: tcrs == 1
  [ ok ] яяя§яяяжяяяЏЏ: terr == 0
  [ ok ] яяяёяяяїяяяжяЏ: SOP яяяеяяя¦яяя—
  [ ok ] яяяеяяя•яяя«яяЏ:яяяЌяяЇ TERMяяя—
  [ ok ] яяя§яяяжяяяЏяяяжяяя­яяя‚яяяеяяя­яяя®
  [ ok ] яяя§яяяжяяяЏЏ: /T/ lane == (L mod 8)
  [ ok ] яяяёяяяїяяяжяЏ: stat_frames == 1
  [ ok ] яяяйяяя‰яяяЏ: stat_bytes == яяядяяяёяяяї
  [ ok ] яяяёяяяїяяяжяЏ: яЈpopc(tkeep) ==яяя¤яяяеяяяЉяяя°
  [ ok ] яяяёяяяїяяяжяЏ: яяяея° 1яяя§
  [ ok ] яяяеяяя•яяя«яяЏ:яяя¤яяяеяяяЉяяя° == яяяеяяя•яяя¦
  [ ok ] яяя§яяяжяяяЏЏ: tcrs == 1
  [ ok ] яяя§яяяжяяяЏЏ: terr == 0
  [ ok ] яяяёяяяїяяяжяЏ: SOP яяяеяяя¦яяя—
  [ ok ] яяяеяяя•яяя«яяЏ:яяяЌяяЇ TERMяяя—
  [ ok ] яяя§яяяжяяяЏяяяжяяя­яяя‚яяяеяяя­яяя®
  [ ok ] яяя§яяяжяяяЏЏ: /T/ lane == (L mod 8)
  [ ok ] яяяёяяяїяяяжяЏ: stat_frames == 1
  [ ok ] яяяйяяя‰яяяЏ: stat_bytes == яяядяяяёяяяї
  [ ok ] яяяёяяяїяяяжяЏ: яЈpopc(tkeep) ==яяя¤яяяеяяяЉяяя°
  [ ok ] яяяёяяяїяяяжяЏ: яяяея° 1яяя§
  [ ok ] яяяеяяя•яяя«яяЏ:яяя¤яяяеяяяЉяяя° == яяяеяяя•яяя¦
  [ ok ] яяя§яяяжяяяЏЏ: tcrs == 1
  [ ok ] яяя§яяяжяяяЏЏ: terr == 0
  [ ok ] яяяёяяяїяяяжяЏ: SOP яяяеяяя¦яяя—
  [ ok ] яяяеяяя•яяя«яяЏ:яяяЌяяЇ TERMяяя—
  [ ok ] яяя§яяяжяяяЏяяяжяяя­яяя‚яяяеяяя­яяя®
  [ ok ] яяя§яяяжяяяЏЏ: /T/ lane == (L mod 8)
  [ ok ] яяяёяяяїяяяжяЏ: stat_frames == 1
  [ ok ] яяяйяяя‰яяяЏ: stat_bytes == яяядяяяёяяяї
  [ ok ] яяяёяяяїяяяжяЏ: яЈpopc(tkeep) ==яяя¤яяяеяяяЉяяя°
  [ ok ] яяяёяяяїяяяжяЏ: яяяея° 1яяя§
  [ ok ] яяяеяяя•яяя«яяЏ:яяя¤яяяеяяяЉяяя° == яяяеяяя•яяя¦
  [ ok ] яяя§яяяжяяяЏЏ: tcrs == 1
  [ ok ] яяя§яяяжяяяЏЏ: terr == 0
  [ ok ] яяяёяяяїяяяжяЏ: SOP яяяеяяя¦яяя—
  [ ok ] яяяеяяя•яяя«яяЏ:яяяЌяяЇ TERMяяя—
  [ ok ] яяя§яяяжяяяЏяяяжяяя­яяя‚яяяеяяя­яяя®
  [ ok ] яяя§яяяжяяяЏЏ: /T/ lane == (L mod 8)
  [ ok ] яяяёяяяїяяяжяЏ: stat_frames == 1
  [ ok ] яяяйяяя‰яяяЏ: stat_bytes == яяядяяяёяяяї
  [ ok ] яяяёяяяїяяяжяЏ: яЈpopc(tkeep) ==яяя¤яяяеяяяЉяяя°
  [ ok ] яяяёяяяїяяяжяЏ: яяяея° 1яяя§
  [ ok ] яяяеяяя•яяя«яяЏ:яяя¤яяяеяяяЉяяя° == яяяеяяя•яяя¦
  [ ok ] яяя§яяяжяяяЏЏ: tcrs == 1
  [ ok ] яяя§яяяжяяяЏЏ: terr == 0
  [ ok ] яяяёяяяїяяяжяЏ: SOP яяяеяяя¦яяя—
  [ ok ] яяяеяяя•яяя«яяЏ:яяяЌяяЇ TERMяяя—
  [ ok ] яяя§яяяжяяяЏяяяжяяя­яяя‚яяяеяяя­яяя®
  [ ok ] яяя§яяяжяяяЏЏ: /T/ lane == (L mod 8)
  [ ok ] яяяёяяяїяяяжяЏ: stat_frames == 1
  [ ok ] яяяйяяя‰яяяЏ: stat_bytes == яяядяяяёяяяї
  [ ok ] яяяёяяяїяяяжяЏ: яЈpopc(tkeep) ==яяя¤яяяеяяяЉяяя°
  [ ok ] яяяёяяяїяяяжяЏ: яяяея° 1яяя§
  [ ok ] яяяеяяя•яяя«яяЏ:яяя¤яяяеяяяЉяяя° == яяяеяяя•яяя¦
  [ ok ] яяя§яяяжяяяЏЏ: tcrs == 1
  [ ok ] яяя§яяяжяяяЏЏ: terr == 0
  [ ok ] яяяёяяяїяяяжяЏ: SOP яяяеяяя¦яяя—
  [ ok ] яяяеяяя•яяя«яяЏ:яяяЌяяЇ TERMяяя—
  [ ok ] яяя§яяяжяяяЏяяяжяяя­яяя‚яяяеяяя­яяя®
  [ ok ] яяя§яяяжяяяЏЏ: /T/ lane == (L mod 8)
  [ ok ] яяяёяяяїяяяжяЏ: stat_frames == 1
  [ ok ] яяяйяяя‰яяяЏ: stat_bytes == яяядяяяёяяяї
  [ ok ] яяяёяяяїяяяжяЏ: яЈpopc(tkeep) ==яяя¤яяяеяяяЉяяя°
  [ ok ] яяяёяяяїяяяжяЏ: яяяея° 1яяя§
  [ ok ] яяяеяяя•яяя«яяЏ:яяя¤яяяеяяяЉяяя° == яяяеяяя•яяя¦
  [ ok ] яяя§яяяжяяяЏЏ: tcrs == 1
  [ ok ] яяя§яяяжяяяЏЏ: terr == 0
  [ ok ] яяяёяяяїяяяжяЏ: SOP яяяеяяя¦яяя—
  [ ok ] яяяеяяя•яяя«яяЏ:яяяЌяяЇ TERMяяя—
  [ ok ] яяя§яяяжяяяЏяяяжяяя­яяя‚яяяеяяя­яяя®
  [ ok ] яяя§яяяжяяяЏЏ: /T/ lane == (L mod 8)
  [ ok ] яяяёяяяїяяяжяЏ: stat_frames == 1
  [ ok ] яяяйяяя‰яяяЏ: stat_bytes == яяядяяяёяяяї
  [ ok ] яяяёяяяїяяяжяЏ: яЈpopc(tkeep) ==яяя¤яяяеяяяЉяяя°
  [ ok ] яяяёяяяїяяяжяЏ: яяяея° 1яяя§
  [ ok ] яяяеяяя•яяя«яяЏ:яяя¤яяяеяяяЉяяя° == яяяеяяя•яяя¦
  [ ok ] яяя§яяяжяяяЏЏ: tcrs == 1
  [ ok ] яяя§яяяжяяяЏЏ: terr == 0
  [ ok ] яяяёяяяїяяяжяЏ: SOP яяяеяяя¦яяя—
  [ ok ] яяяеяяя•яяя«яяЏ:яяяЌяяЇ TERMяяя—
  [ ok ] яяя§яяяжяяяЏяяяжяяя­яяя‚яяяеяяя­яяя®
  [ ok ] яяя§яяяжяяяЏЏ: /T/ lane == (L mod 8)
  [ ok ] яяяёяяяїяяяжяЏ: stat_frames == 1
  [ ok ] яяяйяяя‰яяяЏ: stat_bytes == яяядяяяёяяяї
  [ ok ] яяяёяяяїяяяжяЏ: яЈpopc(tkeep) ==яяя¤яяяеяяяЉяяя°
  [ ok ] яяяёяяяїяяяжяЏ: яяяея° 1яяя§
  [ ok ] яяяеяяя•яяя«яяЏ:яяя¤яяяеяяяЉяяя° == яяяеяяя•яяя¦
  [ ok ] яяя§яяяжяяяЏЏ: tcrs == 1
  [ ok ] яяя§яяяжяяяЏЏ: terr == 0
  [ ok ] яяяёяяяїяяяжяЏ: SOP яяяеяяя¦яяя—
  [ ok ] яяяеяяя•яяя«яяЏ:яяяЌяяЇ TERMяяя—
  [ ok ] яяя§яяяжяяяЏяяяжяяя­яяя‚яяяеяяя­яяя®
  [ ok ] яяя§яяяжяяяЏЏ: /T/ lane == (L mod 8)
  [ ok ] яяяёяяяїяяяжяЏ: stat_frames == 1
  [ ok ] яяяйяяя‰яяяЏ: stat_bytes == яяядяяяёяяяї
  [ ok ] яяяёяяяїяяяжяЏ: яЈpopc(tkeep) ==яяя¤яяяеяяяЉяяя°
  [ ok ] яяяЂяяяея§ (1514яяя…яя№ / 15яяязяяяёЉ): яяяея° 1яяя§
  [ ok ] яяяжяяя¤яяя§яяяєяяя 151яяя­яяя‚
  [ ok ] яяяеяяяё§: tcrs == 1
  [ ok ] яяяеяяяёяяядяяя§яяя‘ stat_rx_long (1518 <= 1522)
  [ ok ] яяяеяяяёяяязяяяёяяяїяя¦ 1518
  [ ok ] яяя¶яяяїяя§ (151яяя†яяя№ / 1523 яяядяЉ):яяяЌяяядя (яяяеяяяёяяяЄяя­)
  [ ok ] яяя¶яяяїяя§: stat_rx_long == 1 (1523 > 1522)
-- з»„ 4: /S/ ењЁ lane4
  [ ok ] /S/@lane4: яяяея° 1яяя§
  [ ok ] /S/@lane4яяяєяяя 60 яяяия‚ (яяяжяяя»Ћ lane4 яя·)
  [ ok ] /S/@lane4: tcrs == яяяияяя§‹ laяяяеяяя®яяяЈяя®)
  [ ok ] /S/@lane4: terr == яяяеяяяЇяяяѕяяяияяя®яяя›яя§)
  [ ok ] /S/@lane4: tuseяяяђяяя§яяяея— (яяяеяяяЌ® rx_sop_ok)
  [ ok ] /S/@lane4: *Sяяяеяяя»яяя№яяђ tkeep == 8'hFF (яяяеяяя¬¬ 2 яяЎ)
  [ ok ] /S/@lane4:яяя¤яя яяяеяяяЉяяяђяяяия‚ =яяя†яяя№яяя­яяя…яяяияяяєяяяЌяя)
  [ ok ] /S/@lane4: яяядяяя•яяя¦ 64 == 6яяя†яяя№ + 4 FCS
  [ ok ] lane4 /T@lane4  delivered 1 frame
  [ ok ] lane4 /T@lane4  payload byte count
  [ ok ] lane4 /T@lane4  tcrs==1 (FCS stripped at right byte)
  [ ok ] lane4 /T@lane4  terr==0
  [ ok ] lane4 /T@lane4  SOP full-aligned (tkeep==FF)
  [ ok ] lane4 /T@lane4  wire len == content+FCS
  [ ok ] lane4 /T@lane4  payload byte-exact
  [ ok ] lane4 /T@lane5  delivered 1 frame
  [ ok ] lane4 /T@lane5  payload byte count
  [ ok ] lane4 /T@lane5  tcrs==1 (FCS stripped at right byte)
  [ ok ] lane4 /T@lane5  terr==0
  [ ok ] lane4 /T@lane5  SOP full-aligned (tkeep==FF)
  [ ok ] lane4 /T@lane5  wire len == content+FCS
  [ ok ] lane4 /T@lane5  payload byte-exact
  [ ok ] lane4 /T@lane6  delivered 1 frame
  [ ok ] lane4 /T@lane6  payload byte count
  [ ok ] lane4 /T@lane6  tcrs==1 (FCS stripped at right byte)
  [ ok ] lane4 /T@lane6  terr==0
  [ ok ] lane4 /T@lane6  SOP full-aligned (tkeep==FF)
  [ ok ] lane4 /T@lane6  wire len == content+FCS
  [ ok ] lane4 /T@lane6  payload byte-exact
  [ ok ] lane4 /T@lane7  delivered 1 frame
  [ ok ] lane4 /T@lane7  payload byte count
  [ ok ] lane4 /T@lane7  tcrs==1 (FCS stripped at right byte)
  [ ok ] lane4 /T@lane7  terr==0
  [ ok ] lane4 /T@lane7  SOP full-aligned (tkeep==FF)
  [ ok ] lane4 /T@lane7  wire len == content+FCS
  [ ok ] lane4 /T@lane7  payload byte-exact
  [ ok ] lane4 /T@lane0+ delivered 1 frame
  [ ok ] lane4 /T@lane0+ payload byte count
  [ ok ] lane4 /T@lane0+ tcrs==1 (FCS stripped at right byte)
  [ ok ] lane4 /T@lane0+ terr==0
  [ ok ] lane4 /T@lane0+ SOP full-aligned (tkeep==FF)
  [ ok ] lane4 /T@lane0+ wire len == content+FCS
  [ ok ] lane4 /T@lane0+ payload byte-exact
  [ ok ] laneяяяќЏFCSяяя»яяя¤яя яяяёяяяеяяяѕяяяЊяя± /T/ яяљ)
  [ ok ] lanяяяеяЏFCS: tcrs == 0
  [ ok ] lanяяяеяЏFCS: stat_crc_err == 1
  [ ok ] lane4 яяЏFCS: SOP яяяжяяяЇяяяђ
  [ ok ] laneяяяёяяя…/E/:яяяЌяяядя 1яяя§
  [ ok ] lane4 яяяея…/E/: terr == 1
  [ ok ] lane4яяя§яя…/E/: SOP яяяжяяяЇяяяђ
  [ ok ] lane4яяяеяяяЉяяя§яяяёяяя¤яя яяя¶яяяияяяёяяяўяяѓ)
  [ ok ] lane4 0яяя—яяяея§: яяяеяҐ stat_dropяяяёяяя™яя)
  [ ok ] laneяяяўяяя‡яяя®яяяєяяяйяяяђяяя§ (stat_rx_frag >= 1)
  [ ok ] lanяяязяяя‰яяяЋяяя»яяяЅяяяеяяя”яяя§
  [ ok ] lane4яяяЋяяяеяЋ: яяяеяяяєяяяяя§ == 6яяя­яяя‚
  [ ok ] lane4 яяязяяяђЋ: FяяяжяяяЎяяяеяяя­яяяЎяяяияяяїяяяЂяя§)
  [ ok ] lane4 яяязяяяђЋ: SяяяжяяяЇяяяђ
  [ ok ] lane4 яяязяяяђяяяеяяя®яяяђяяяия‚ =яяяіяяяҐ
-- з»„ 5: еќЏ FCS / /E/ / дїќз•™жЋ§е€¶з Ѓ
  [ ok ] яяяќЏFCSяяя»яяя¤яя яяяёяяяеяяяѕяяяЊяя± /T/ яяљ)
  [ ok ] яяяеяЏFCяяядяяя»яяя—яяяжяяяёяяя
  [ ok ] яяяЏFCS: tcrs == 0 (яяяеяяя…яяяђяя‹)
  [ ok ] яяяеяЏFCS: stat_crc_err == 1
  [ ok ] яяяеяЏFCяяядяяя®Ў 1 яя§ яяяЏяяядяяяєяяяяяя”яяя‹яяяжя‰ tcrs яяў)
  [ ok ] /E/:яяяЌяяядя 1яяя§
  [ ok ] /E/яяяєяяяяяяияяя•яяяЌяя яяя—яяяжя‰ lane яя—)
  [ ok ] /E/яяяЁяяяеяяявя’ terr == 1
  [ ok ] /E/: stat_rx_er_words >= 1
  [ ok ] яяязяяяЋяяя¶яяЃ:яяяЌяяядя 1яяя§
  [ ok ] яяяїяяя™яяяеяяя яяяЁяяяеяяявя’ terr == 1
  [ ok ] яяяќяяяжяяя€яяяЃ: stat_rx_bad_words >= 1
-- з»„ 6: иѓЊйќ иѓЊ + /Q/ + T/S еђЊж‹Ќ
  [ ok ] яяяѓяяя яяЊ:яяя¤яяяйяяя”яяя° (7 яяЄ /I/ яя„ IPG)
  [ ok ] яяяЊяяяияЊ: яя§1 = 6яяя­яяя‚
  [ ok ] яяяЊяяяияЊ: яя§2 = 6яяя­яяя‚
  [ ok ] яяяЊяяяияЊ: яяяея§ Fяяяйяяя­яяя®
  [ ok ] яяяйяяяѓяяядяяяё§ SOяяяѓяяяЈяя® яяяЌяя® яяя»яяя©яяЃ)
  [ ok ] яяяЊяяяияЊ: stat_frames == 2
  [ ok ] яяя®яяя‡ /Q/: stat_rx_q >= 1
  [ ok ] /Q/ яяяияяя–яяя§
  -- T/S еђЊж‹Ќ: её§жґ»и·ѓиїћз»­ж‹Ќж•°е®ћжµ‹жњЂе¤§ 15 (зњ‹й—Ёз‹—й€еЂј 32)
  [ ok ] T/S same-word: frame-active run <= 32 cyc (watchdog: no hang)
  [ ok ] T/S same-word: FSM back to IDLE after settle (no hang)
  [ ok ] T/яяяђяяяЌяяя®яяяєяяяйяяяђяяя§ (stat_rx_frag >= 1)
  [ ok ] T/S яяяжяЌ: яяяеяяя»яяяЅяяяеяяя”яяя§
  [ ok ] Tяяяеяяя‹яяяЋяяяњяяяЋяяядяяяєяяяяя§ == 6яяя­яяя‚
  [ ok ] T/S яяяжяяяђЋ: FяяяжяяяЎяяяжяяяЏяяяЎяя“)
  [ ok ] T/SяяяЊяяяеяЋ: яяяеяяяЉяяяђяяяияяяёяяяґ
-- з»„ 7: F4
  [ ok ] F4яяяЈяя‹:яяя яяяеяяя—¶ stat_drop == 0
  [ ok ] F4 яяядя‹: stat_fifo_ovf == 0 (яяяйяяя»яяяўяя±)
  [ ok ] F4 яяядя‹: яяядя 1яяя§
  [ ok ] F4 яяяеяяя…яяяеяяя‘яяя‡’ stat_drop >= 1яяяёяяя™яя)
  [ ok ] Fяяяґяяя№яя§: stat_drop_full >= 1яяяЅяяя яяязяяя—яяяЌяяі)
  [ ok ] F4 яяяеяяя…§: stat_fifo_ovf == яяяжяяя­яяя« FIFяяяќяяяяяў)
  [ ok ] Fяяяґяяя№яя§: stat_drop_partial >= 1 яяя¤яяяеяяяњяяяЎяя°)
  [ ok ] F4 яяяеяяя…§: stat_orphan_bytes >= яяяеяяя„яяя—яяяжя‰ popc яяЎ)
  [ ok ] F4 яяяжяяяѕяяяОЈpopяяяєяяяяя—) == stat_bytes - 4*frames + orphan_bytes
  [ ok ] Fяяядяяя»яяяЃяяяеяяяЋяяя‡ TERяяя­— (tlast & tkeep==0)
  [ ok ] яяяжяяя¤яяяЋяяя–яяя§яяяеяяяєяяя
  [ ok ] FяяяЃяяяЌяяЋ:яяя—яяяжяяя­яяя®
  [ ok ] FяяяЃяяяЌяяЋ: FCSяяяЈяя® яяяЄяяяжяяя­яяяЎяя“)
  [ ok ] F4яяяўяяяеяЋ: яяяеяяяЉяяяђяяяияяяёяяяґ
-- з»„ 8: TX её§ж јејЏ
  [ ok ] TX: яяяея° /яяяияяя§яяя—
  [ ok ] TX:яяя§яяяея— == 0xD5555555555555FB
  [ ok ] Tяяяеяяя¦яяя—яяяжя‰ lane0яяяЇяяяеяяя­яяя¦
  [ ok ] TXяяя‰яяя° /T/
  [ ok ] TX: /T/яяя‹яяяжяяяњяяя»яяяжяяяЌ® lane (Figure 49-7)
  [ ok ] TX: яяяея…(/яяяеяяяжя  /яяядяяя¤яяя„яяяеяяя­яяя¦
  [ ok ] TXяяяєяяяЉяяяжяяя­яяя‚яя° == 6яяя†яяя№ + 4 FCS
  [ ok ] TX: /Tяяя№яяяЋ >= яяядяЄ /I/ (IFG)
  [ ok ] TX: 60яяя—яяяеяяя®яяяђяяяияяяёяяяґ
  [ ok ] TX: FCS == TB яяязяяя®яяяєяя„ (crc^0xFFFFFFFF)яяяЏяяЇ яяя­яяя‚
  [ ok ] TX: stat_frames == 1
  [ ok ] TX: stat_abort == 0
  [ ok ] TX padяяя‰яяя° /S/
  [ ok ] TX pad: яяядяяя•яяя®яяяияяя•° == 20 + 40 pad + 4 FCS
  [ ok ] TX pad:яяяЌ 20 яяяия‚ =яяя†яяя№яяяђЋ 40яяя—яя‚ == 0
     [FCSW] TX pad(20B)      clen=60 oracle=11 41 ab 91 | wire=e4 16 1d c3
  [FAIL] TX pad(20B)      FCS == CRC(wire bytes incl pad)
  [FAIL] TX pad(20B)      wire residue == 0xDEBB20E3
  -- 8.3 е†…е®№ 61 B / зєїдёЉ 65 B в‡’ /T/ еє”ењЁ lane 1
  [ ok ] яяяйяяя•яяяЌяяя‰яяя° /S/
  [ ok ] TX яяяжяяя‹яяяжяяяЌяяя—яяяжя° =яяя†яяя№ + 4
  [ ok ] TX non-mult-8: /T/ lane == (L mod 8)
  [ ok ] TX яяяжяяя‹яяяеяяя®яяяђяяяияяяёяяяґ
  [ ok ] TяяяќяяяґяяЌ: FCSяяяЁяяяеяяя»яяяђяяяияяя­яяя®
  [ ok ] TXяяяћяяяжяЌ: /T/ яяяеяяя—яяя°яя® lane
  [ ok ] яяяйяяя•яяяЌ: /Tяяя№яяяЋ >= яяядяЄ /I/ (IFG)
  -- 8.3 е†…е®№ 62 B / зєїдёЉ 66 B в‡’ /T/ еє”ењЁ lane 2
  [ ok ] яяяйяяя•яяяЌяяя‰яяя° /S/
  [ ok ] TX яяяжяяя‹яяяжяяяЌяяя—яяяжя° =яяя†яяя№ + 4
  [ ok ] TX non-mult-8: /T/ lane == (L mod 8)
  [ ok ] TX яяяжяяя‹яяяеяяя®яяяђяяяияяяёяяяґ
  [ ok ] TяяяќяяяґяяЌ: FCSяяяЁяяяеяяя»яяяђяяяияяя­яяя®
  [ ok ] TXяяяћяяяжяЌ: /T/ яяяеяяя—яяя°яя® lane
  [ ok ] яяяйяяя•яяяЌ: /Tяяя№яяяЋ >= яяядяЄ /I/ (IFG)
  -- 8.3 е†…е®№ 63 B / зєїдёЉ 67 B в‡’ /T/ еє”ењЁ lane 3
  [ ok ] яяяйяяя•яяяЌяяя‰яяя° /S/
  [ ok ] TX яяяжяяя‹яяяжяяяЌяяя—яяяжя° =яяя†яяя№ + 4
  [ ok ] TX non-mult-8: /T/ lane == (L mod 8)
  [ ok ] TX яяяжяяя‹яяяеяяя®яяяђяяяияяяёяяяґ
  [ ok ] TяяяќяяяґяяЌ: FCSяяяЁяяяеяяя»яяяђяяяияяя­яяя®
  [ ok ] TXяяяћяяяжяЌ: /T/ яяяеяяя—яяя°яя® lane
  [ ok ] яяяйяяя•яяяЌ: /Tяяя№яяяЋ >= яяядяЄ /I/ (IFG)
  -- 8.3 е†…е®№ 64 B / зєїдёЉ 68 B в‡’ /T/ еє”ењЁ lane 4
  [ ok ] яяяйяяя•яяяЌяяя‰яяя° /S/
  [ ok ] TX яяяжяяя‹яяяжяяяЌяяя—яяяжя° =яяя†яяя№ + 4
  [ ok ] TX non-mult-8: /T/ lane == (L mod 8)
  [ ok ] TX яяяжяяя‹яяяеяяя®яяяђяяяияяяёяяяґ
  [ ok ] TяяяќяяяґяяЌ: FCSяяяЁяяяеяяя»яяяђяяяияяя­яяя®
  [ ok ] TXяяяћяяяжяЌ: /T/ яяяеяяя—яяя°яя® lane
  [ ok ] яяяйяяя•яяяЌ: /Tяяя№яяяЋ >= яяядяЄ /I/ (IFG)
  -- 8.3 е†…е®№ 65 B / зєїдёЉ 69 B в‡’ /T/ еє”ењЁ lane 5
  [ ok ] яяяйяяя•яяяЌяяя‰яяя° /S/
  [ ok ] TX яяяжяяя‹яяяжяяяЌяяя—яяяжя° =яяя†яяя№ + 4
  [ ok ] TX non-mult-8: /T/ lane == (L mod 8)
  [ ok ] TX яяяжяяя‹яяяеяяя®яяяђяяяияяяёяяяґ
  [ ok ] TяяяќяяяґяяЌ: FCSяяяЁяяяеяяя»яяяђяяяияяя­яяя®
  [ ok ] TXяяяћяяяжяЌ: /T/ яяяеяяя—яяя°яя® lane
  [ ok ] яяяйяяя•яяяЌ: /Tяяя№яяяЋ >= яяядяЄ /I/ (IFG)
  [ ok ] TX t_start=3яяя‰яяя° /S/
  [ ok ] TX t_start=яяяжяяяЌяяя—яяяжя° == 67 + 4
  [ ok ] TX t_start=3: /T/ яяяеяЁ lane7
  [ ok ] TX t_start=3: /T/яяя‹яяЋ >= 1яяяёЄ /I/ (Iяяяеяяяќ  S_IFG яяҐ)
  [ ok ] TX t_start=3: /T/ яяяеяяя—яяя°яя® lane
  [ ok ] TX t_start=яяяеяяя®яяяђяяяияяяёяяяґ
  [ ok ] TX t_start=3: FCSяяяђяяяияяя­яяя®
  [ ok ] TXяяяЁяяџ:яяяѕяяязя¬ 1яяяЄ /S/
  [ ok ] TXяяяЁяяџ:яяяѕяяязя¬ 2яяяЄ /S/
  [ ok ] TX яяяжяџ: яяявя’/S/ == 12 яяЌ (IFG 12 яяЄ /I/ яяязяяяњяяя“яяњ)
  [ ok ] TXяяяЁяяџ:яяя¤яяяйяяяЏяяяЊ
  [ ok ] TX period63: found /S/ #1
  [ ok ] TX period63: found /S/ #2
  [ ok ] TX period63: /S/->/S/ == 11 cycles (D5 row L=63)
  [ ok ] TX period63: both frames sent
  [ ok ] яяяжяяя¤яяя§яяя‰яяя° /S/
  [ ok ] TX яяяеяяяёяяязяяяёяяя°яяяеяяяЉяяя° == 1514 + 4
  [ ok ] TXяяяЂяяяея§: 1514яяя—яяяеяяя®яяяђяяяияяяёяяяґ
  [ ok ] Tяяяњяяя§яя§: FCSяяяђяяяияяя­яяя®
  [ ok ] TX яяяеяяяё§: IFG >= 12 /I/
  [ ok ] TXяяяЂяяяея§: stat_frames == 1
-- з»„ 9: F-2 дё­ж­ў/е†Іе€·
  [ ok ] F-2яяя–яяя›яяя’ stat_abort == 1
  [ ok ] F-2яяяёяяяўяяязяяяёяяяєяяязяяяё§ /T/ (802.3яяяЃяя‚)
  [ ok ] F-2:яяяІяяяеяяя‡яяя°яяяйяяя№яяя‘яяядяяяёяяя§ /S/
  [ ok ] F-2: яяяжяяяё§ /Tяяяёяяя°яя§ /S/ яяяйяяя—яяя»яяяжяяяЌяяя—
  [ ok ] F-2: stat_flush_done == 1
  [ ok ] F-2: stat_flush_words >= 1
  [ ok ] F-2яяя–яяя§яяяеяяяЏяяяЊ
  -- F-2 е№ЅзЃµжЈЂжµ‹: жіЁе…Ґ 2 её§ / зєїдёЉи§Је‡є 2 её§ (е№ЅзЃµ 0)
  [ ok ] F-2 ghost: wire frame count == injected count (B8 #3)
  -- F-2 е№ЅзЃµжЈЂжµ‹: зєїдёЉз¬¬ 0 её§ @xcap[3550] 32 е­—иЉ‚, kind=1 (0=е№ЅзЃµ 1=ж®‹зјєе‰ЌзјЂ 2=е®Њж•ґ)
  [ ok ] F-2 ghost: every wire frame == some injected frame (B8 #2)
  -- F-2 е№ЅзЃµжЈЂжµ‹: зєїдёЉз¬¬ 1 её§ @xcap[3657] 64 е­—иЉ‚, kind=2 (0=е№ЅзЃµ 1=ж®‹зјєе‰ЌзјЂ 2=е®Њж•ґ)
  [ ok ] F-2 ghost: every wire frame == some injected frame (B8 #2)
  [ ok ] F-2 ghost: post-flush new frame == injected B, byte-exact
-- з»„ 10: TXв†’RX зЋЇе›ћ
  [ ok ] яяяЋяяяћяяя‰яяя° /S/
  [ ok ] яяязяяя›ћ: Rяяя‡яяя‘яяяея° 1яяя§
  [ ok ] яяяЇяяћ:яяя¤яя 200 яяяия‚ =яяяЋяяя‹яяяеяяя•яяя¦
  [ ok ] яяяЇяяћ: FCSяяяЈяя® (TX/яяязя„ CRC+Fяяязяяя®яяяЄяяЅ)
  [ ok ] яяязяяя›ћ: 2яяяеяяяЉяяяђяяяияяяёяяяґ
-- з»„ 11: TX->RX и‡ЄжґЅ (own TX frame must be ACCEPTED by own RX)
  -- 11.0 е†…е®№ 1 B в‡’ зєїдёЉе†…е®№ 60 B (pad 59 B)
  [ ok ] TX->RX L=1      TX found /S/
  [ ok ] TX->RX L=1      wire bytes == content+pad+FCS
  [ ok ] TX->RX L=1      no data lane after /T/
  [ ok ] TX->RX L=1      IFG >= 12 /I/
  [ ok ] TX->RX L=1      payload then zero pad, byte-exact
     [FCSW] TX->RX L=1       clen=60 oracle=97 10 34 bc | wire=ea b8 be 74
  [FAIL] TX->RX L=1       FCS == CRC(wire bytes incl pad)
  [FAIL] TX->RX L=1       wire residue == 0xDEBB20E3
  [ ok ] TX->RX L=1      RX delivered exactly 1 frame
  [FAIL] TX->RX L=1      RX tcrs==1 (own TX frame ACCEPTED by own RX)
  [ ok ] TX->RX L=1      RX payload == content+pad bytes
  [ ok ] TX->RX L=1      RX terr==0
  [ ok ] TX->RX L=1      RX payload byte-exact (content + zero pad)
  -- 11.1 е†…е®№ 18 B в‡’ зєїдёЉе†…е®№ 60 B (pad 42 B)
  [ ok ] TX->RX L=18     TX found /S/
  [ ok ] TX->RX L=18     wire bytes == content+pad+FCS
  [ ok ] TX->RX L=18     no data lane after /T/
  [ ok ] TX->RX L=18     IFG >= 12 /I/
  [ ok ] TX->RX L=18     payload then zero pad, byte-exact
     [FCSW] TX->RX L=18      clen=60 oracle=f5 c8 e7 a4 | wire=03 75 ad fc
  [FAIL] TX->RX L=18      FCS == CRC(wire bytes incl pad)
  [FAIL] TX->RX L=18      wire residue == 0xDEBB20E3
  [ ok ] TX->RX L=18     RX delivered exactly 1 frame
  [FAIL] TX->RX L=18     RX tcrs==1 (own TX frame ACCEPTED by own RX)
  [ ok ] TX->RX L=18     RX payload == content+pad bytes
  [ ok ] TX->RX L=18     RX terr==0
  [ ok ] TX->RX L=18     RX payload byte-exact (content + zero pad)
  -- 11.2 е†…е®№ 42 B в‡’ зєїдёЉе†…е®№ 60 B (pad 18 B)
  [ ok ] TX->RX L=42     TX found /S/
  [ ok ] TX->RX L=42     wire bytes == content+pad+FCS
  [ ok ] TX->RX L=42     no data lane after /T/
  [ ok ] TX->RX L=42     IFG >= 12 /I/
  [ ok ] TX->RX L=42     payload then zero pad, byte-exact
     [FCSW] TX->RX L=42      clen=60 oracle=7a 08 fa af | wire=01 77 fb 39
  [FAIL] TX->RX L=42      FCS == CRC(wire bytes incl pad)
  [FAIL] TX->RX L=42      wire residue == 0xDEBB20E3
  [ ok ] TX->RX L=42     RX delivered exactly 1 frame
  [FAIL] TX->RX L=42     RX tcrs==1 (own TX frame ACCEPTED by own RX)
  [ ok ] TX->RX L=42     RX payload == content+pad bytes
  [ ok ] TX->RX L=42     RX terr==0
  [ ok ] TX->RX L=42     RX payload byte-exact (content + zero pad)
  -- 11.3 е†…е®№ 54 B в‡’ зєїдёЉе†…е®№ 60 B (pad 6 B)
  [ ok ] TX->RX L=54     TX found /S/
  [ ok ] TX->RX L=54     wire bytes == content+pad+FCS
  [ ok ] TX->RX L=54     no data lane after /T/
  [ ok ] TX->RX L=54     IFG >= 12 /I/
  [ ok ] TX->RX L=54     payload then zero pad, byte-exact
     [FCSW] TX->RX L=54      clen=60 oracle=68 2c 18 51 | wire=53 bd 48 a7
  [FAIL] TX->RX L=54      FCS == CRC(wire bytes incl pad)
  [FAIL] TX->RX L=54      wire residue == 0xDEBB20E3
  [ ok ] TX->RX L=54     RX delivered exactly 1 frame
  [FAIL] TX->RX L=54     RX tcrs==1 (own TX frame ACCEPTED by own RX)
  [ ok ] TX->RX L=54     RX payload == content+pad bytes
  [ ok ] TX->RX L=54     RX terr==0
  [ ok ] TX->RX L=54     RX payload byte-exact (content + zero pad)
  -- 11.4 е†…е®№ 57 B в‡’ зєїдёЉе†…е®№ 60 B (pad 3 B)
  [ ok ] TX->RX L=57     TX found /S/
  [ ok ] TX->RX L=57     wire bytes == content+pad+FCS
  [ ok ] TX->RX L=57     no data lane after /T/
  [ ok ] TX->RX L=57     IFG >= 12 /I/
  [ ok ] TX->RX L=57     payload then zero pad, byte-exact
     [FCSW] TX->RX L=57      clen=60 oracle=8c 05 06 2e | wire=c3 51 4b 8a
  [FAIL] TX->RX L=57      FCS == CRC(wire bytes incl pad)
  [FAIL] TX->RX L=57      wire residue == 0xDEBB20E3
  [ ok ] TX->RX L=57     RX delivered exactly 1 frame
  [FAIL] TX->RX L=57     RX tcrs==1 (own TX frame ACCEPTED by own RX)
  [ ok ] TX->RX L=57     RX payload == content+pad bytes
  [ ok ] TX->RX L=57     RX terr==0
  [ ok ] TX->RX L=57     RX payload byte-exact (content + zero pad)
  -- 11.5 е†…е®№ 60 B в‡’ зєїдёЉе†…е®№ 60 B (pad 0 B)
  [ ok ] TX->RX L=60     TX found /S/
  [ ok ] TX->RX L=60     wire bytes == content+pad+FCS
  [ ok ] TX->RX L=60     no data lane after /T/
  [ ok ] TX->RX L=60     IFG >= 12 /I/
  [ ok ] TX->RX L=60     payload then zero pad, byte-exact
     [FCSW] TX->RX L=60      clen=60 oracle=8e 6c 61 3b | wire=8e 6c 61 3b
  [ ok ] TX->RX L=60      FCS == CRC(wire bytes incl pad)
  [ ok ] TX->RX L=60      wire residue == 0xDEBB20E3
  [ ok ] TX->RX L=60     RX delivered exactly 1 frame
  [ ok ] TX->RX L=60     RX tcrs==1 (own TX frame ACCEPTED by own RX)
  [ ok ] TX->RX L=60     RX payload == content+pad bytes
  [ ok ] TX->RX L=60     RX terr==0
  [ ok ] TX->RX L=60     RX payload byte-exact (content + zero pad)
  -- 11.6 е†…е®№ 200 B в‡’ зєїдёЉе†…е®№ 200 B (pad 0 B)
  [ ok ] TX->RX L=200    TX found /S/
  [ ok ] TX->RX L=200    wire bytes == content+pad+FCS
  [ ok ] TX->RX L=200    no data lane after /T/
  [ ok ] TX->RX L=200    IFG >= 12 /I/
  [ ok ] TX->RX L=200    payload then zero pad, byte-exact
     [FCSW] TX->RX L=200     clen=200 oracle=d7 aa 72 8e | wire=d7 aa 72 8e
  [ ok ] TX->RX L=200     FCS == CRC(wire bytes incl pad)
  [ ok ] TX->RX L=200     wire residue == 0xDEBB20E3
  [ ok ] TX->RX L=200    RX delivered exactly 1 frame
  [ ok ] TX->RX L=200    RX tcrs==1 (own TX frame ACCEPTED by own RX)
  [ ok ] TX->RX L=200    RX payload == content+pad bytes
  [ ok ] TX->RX L=200    RX terr==0
  [ ok ] TX->RX L=200    RX payload byte-exact (content + zero pad)
=== tb_mac_10g done: 391 checks, 17 fail ===
VERDICT = FAIL
$finish called at time : 36407400 ps : File "D:/repo/XCKU5PMini/udp_hls_10g/_proj_10g/p7b_mac/sim/tb_mac_10g.v" Line 1324
exit
INFO: [Common 17-206] Exiting xsim at Wed Sep 30 11:38:12 2026...
