S 1791628903.968733017 2509757137 729001267
S 1791628904.471691803 2509757140 729001274
S 1791628904.974877724 2509757140 729001274
S 1791628905.478774661 2509757140 729001274
S 1791628905.982909689 2509757142 729001279
S 1791628906.486969093 2509757142 729001279
S 1791628906.990902029 2509757142 729001279
S 1791628907.494772411 2509757143 729001281
S 1791628907.998429458 2509757143 729001281
S 1791628908.502480814 2509757143 729001281
S 1791628909.006542716 2509757145 729001286
S 1791628909.510163405 2509757148 729001289
S 1791628910.013958451 2509757148 729001289
S 1791628910.517813641 2509757150 729001292
S 1791628911.021543381 2509757152 729001296
S 1791628911.524699905 2509757190 729001372
S 1791628912.027565181 2509757191 729001376
S 1791628912.530785577 2509757254 729001454
S 1791628913.033999895 2509757290 729001524
S 1791628913.537121268 2509757327 729001597
S 1791628914.040805920 2509757359 729001661
S 1791628914.544060232 2509757391 729001726
S 1791628915.047435042 2509757426 729001795
S 1791628915.550744746 2509757578 729001976
S 1791628916.053996007 2509775863 729020284
S 1791628916.558757945 2509802206 729046658
S 1791628917.063260138 2509828850 729073335
S 1791628917.566431479 2509856685 729101199
S 1791628918.069722747 2509883960 729128504
S 1791628918.573782275 2509914704 729159280
S 1791628919.077444524 2509944802 729189410
S 1791628919.580247609 2509975323 729219959
S 1791628920.083470629 2510006059 729250729
S 1791628920.587563426 2510035383 729280085
S 1791628921.091004086 2510064119 729308850
S 1791628921.595527519 2510091244 729336008
S 1791628922.098790065 2510118081 729362876
S 1791628922.602149546 2510148924 729393747
S 1791628923.105207293 2510179051 729423907
S 1791628923.609112842 2510209631 729454518
S 1791628924.112475794 2510240362 729485278
S 1791628924.615473880 2510270802 729515748
S 1791628925.118300110 2510301256 729546232
S 1791628925.621360322 2510331487 729576495
S 1791628926.124412456 2510361967 729607004
S 1791628926.627589829 2510388862 729633929
S 1791628927.131740719 2510416199 729661299
S 1791628927.635172222 2510447028 729692160
S 1791628928.138283077 2510477860 729723019
S 1791628928.642232953 2510508415 729753608
S 1791628929.145516947 2510538546 729783771
S 1791628929.648637229 2510565548 729810803
S 1791628930.152116361 2510593811 729839100
S 1791628930.655304538 2510621506 729866824
S 1791628931.158896506 2510649068 729894418
S 1791628931.662545493 2510679757 729925139
S 1791628932.166010072 2510710383 729955796
S 1791628932.670036529 2510740811 729986255
S 1791628933.173675770 2510771236 730016714
S 1791628933.677011593 2510797849 730043357
S 1791628934.180330223 2510825430 730070967
S 1791628934.684137508 2510854677 730100250
S 1791628935.187906970 2510854696 730100286
S 1791628935.691778213 2510854696 730100286
S 1791628936.195736545 2510854696 730100286
S 1791628936.700043693 2510854698 730100289
S 1791628937.203781065 2510854698 730100289
