S 1791629109.771460359 2510863854 730268241
S 1791629110.274822373 2510863856 730268243
S 1791629110.778821960 2510863856 730268243
S 1791629111.282464047 2510863857 730268248
S 1791629111.786841485 2510863857 730268248
S 1791629112.290941413 2510863857 730268248
S 1791629112.795076985 2510863859 730268251
S 1791629113.298994721 2510863859 730268251
S 1791629113.803557612 2510863859 730268251
S 1791629114.308469025 2510863861 730268254
S 1791629114.811936382 2510863863 730268259
S 1791629115.314980871 2510863864 730268259
S 1791629115.819205909 2510863865 730268262
S 1791629116.323056078 2510863866 730268262
S 1791629116.826701266 2510863868 730268266
S 1791629117.329895617 2510863906 730268342
S 1791629117.832862932 2510863908 730268346
S 1791629118.336010276 2510863961 730268415
S 1791629118.838898869 2510863995 730268484
S 1791629119.341803662 2510864032 730268557
S 1791629119.844647498 2510864064 730268623
S 1791629120.349073245 2510864095 730268686
S 1791629120.852446273 2510864131 730268757
S 1791629121.355422339 2510864166 730268828
S 1791629121.858695021 2510864198 730268893
S 1791629122.362257315 2510864231 730268960
S 1791629122.865951806 2510864265 730269027
S 1791629123.368869727 2510864300 730269097
S 1791629123.871742958 2510864334 730269166
S 1791629124.375327234 2510864366 730269230
S 1791629124.878569785 2510864399 730269296
S 1791629125.381773740 2510864437 730269371
S 1791629125.884913039 2510864471 730269438
S 1791629126.388065513 2510864502 730269502
S 1791629126.891353002 2510864539 730269574
S 1791629127.394327084 2510864574 730269645
S 1791629127.897335891 2510864608 730269711
S 1791629128.400858663 2510864641 730269779
S 1791629128.903872453 2510864675 730269847
S 1791629129.406738588 2510864710 730269917
S 1791629129.909757239 2510864742 730269983
S 1791629130.413183107 2510864774 730270047
S 1791629130.916363610 2510864809 730270116
S 1791629131.419269905 2510864846 730270190
S 1791629131.922175260 2510864876 730270251
S 1791629132.425142849 2510864909 730270316
S 1791629132.928005907 2510864945 730270389
S 1791629133.430961472 2510864980 730270462
S 1791629133.934234826 2510864982 730270464
S 1791629134.437054235 2510864983 730270468
S 1791629134.940273634 2510864983 730270468
S 1791629135.444420260 2510864983 730270468
S 1791629135.948089385 2510864988 730270476
