### RUN_BEGIN tag=MW12 rcvbuf=1460 maxbytes=1600000000 pcap_secs=60 1791629459.469626400
### KW_USED tag=MW12 KW='5 20 43 51 55 57 58 66 67 68 69' secs=60 conns=1
PUT OK D:\repo\XCKU5PMini\udp_hls_10g\_proj_10g\notes\p7b_microwin_20261010\_tools\ctr.sh -> /tmp/p7b_microwin/ctr.sh
### CTRMD5_LOCAL 3e3b8e1b5a772f8f339781f5299b8d5b
### CTRMD5_REMOTE 3e3b8e1b5a772f8f339781f5299b8d5b
Coalesce parameters for enp1s0f1np1:
Adaptive RX: off  TX: n/a
rx-usecs:	0
rx-usecs-irq:	0
rx-usecs-low:	n/a
rx-usecs-high:	n/a
### ARM_T0 1791629462.965442800
ID_MAGIC 0x50360001   (want 0x50360001)
ID_BID   0x0000001a   (want 0x0000001A = 本构建的 BUILD_ID)
ID_MARKER 0xdeadbeef  (want 0xdeadbeef)
ID_UNIMPL 0xffffffff  (want 0xffffffff: 未实现地址必须走 SLVERR)
ID_OK 1791629465.373774220
ID_RC=0
Read 32-bit value at address 0x4 (0x792f07f1d004): 0x0000001a
1
CTR_PID=3545749
PUT OK D:\repo\XCKU5PMini\udp_hls_10g\_proj_10g\notes\p7b_microwin_20261010\_tools\stall_probe.py -> /tmp/p7b_microwin/stall_probe.py
PROBE_PID=3545897
PCAP_PID=3545977
1791629468.845603154
### RUN_END tag=MW12 rc=0 bytes=376558 1791629540.611812100
GET OK /tmp/mw_MW12_ctr.log -> D:\repo\XCKU5PMini\udp_hls_10g\_proj_10g\notes\p7b_microwin_20261010\runs\MW12_ctr.log
GET OK /tmp/snmp_MW12.log -> D:\repo\XCKU5PMini\udp_hls_10g\_proj_10g\notes\p7b_microwin_20261010\runs\MW12_snmp.log
GET OK /tmp/snmpseq_MW12.log -> D:\repo\XCKU5PMini\udp_hls_10g\_proj_10g\notes\p7b_microwin_20261010\runs\MW12_snmpseq.log
GET OK /tmp/ss_MW12.log -> D:\repo\XCKU5PMini\udp_hls_10g\_proj_10g\notes\p7b_microwin_20261010\runs\MW12_ss.log
GET OK /tmp/sink_MW12.txt -> D:\repo\XCKU5PMini\udp_hls_10g\_proj_10g\notes\p7b_microwin_20261010\runs\MW12_sink.txt
GET OK /tmp/mw_MW12_probe.log -> D:\repo\XCKU5PMini\udp_hls_10g\_proj_10g\notes\p7b_microwin_20261010\runs\MW12_probe.log
GET OK /tmp/mw_MW12.pcap -> D:\repo\XCKU5PMini\udp_hls_10g\_proj_10g\notes\p7b_microwin_20261010\runs\MW12.pcap
GET OK /tmp/mw_MW12_pcap.err -> D:\repo\XCKU5PMini\udp_hls_10g\_proj_10g\notes\p7b_microwin_20261010\runs\MW12_pcap.err
--- post 0x08 ---
Read 32-bit value at address 0x8 (0x7d83f506e008): 0x00000000
--- post BID ---
Read 32-bit value at address 0x4 (0x7485edd10004): 0x0000001a
--- carrier ---
1
--- 残留进程 ---
(空=无残留)
--- META ---
LF_META_TAG=MW12 LF_META_CONNS=1 LF_META_SECS=60 LF_META_RCVBUF=1460
LF_META_SINK=./p7b_tcp_sink LF_META_SINK_EXTRA='--check lane8 --maxbytes 1600000000 --poll-ms 5000 --stall-n 8' LF_META_PCAP_ON=0 LF_META_BID_EXPECT=0x0000001A
LF_META_SCRIPT=/tmp/p7b_board2/lf_dl_snmp.sh LF_META_SCRIPT_MD5=817f4243a96dc37bf4a6a42e1d67e4c1
LF_META_SINK_MD5=c6b624205d64f1f4bd723d8fd5cc6414
LF_META_SNAP_MD5=ba2faf79f409302d1e542450db402975
LF_META_BIT_SHA=n/a
LF_META_BOARD_BID_PRE=0x0000001a
LF_META_WRAP_RULE=all_board_cnt_32bit; delta_mod_2^32_with_raw_recorded; W51_limit_3.63s(@9.4Gbps); W5_limit_27.487s
LF_META_INNER_SERIES=5 20 43 51 55 57 58 66 67 68 69 (12 字/点, 每点=一次锁存触发+gen 自证)
CARRIER=1
ID_BID   0x0000001a   (want 0x0000001A = 本构建的 BUILD_ID)
ID_OK 1791629469.800681423
LF_GEOM_OK NW=63 BID=0x0000001a
SINK_LIMITS maxbytes=1600000000 poll_ms=5000 stall_n=8 rcvbuf=1460 conns=1 secs=60
LF_META_BOARD_BID_END=0x0000001a
--- SINK ---
SINK_CONN 0 POLL_TIMEOUT 8 x 5000 ms 无数据 (got=21900) => 中止本连接
SINK_CONN 0 STALL bytes=21900 first_mismatch=-1 mism_bytes=0 conn_ms=0.164 dur_ms=60557.517 Mbps=0.003 reads=15 poll_tmo=8 CPU_FREQ_KHZ=3859159 THREADED=on q_full_push=15 q_full_pop=15 q_free_push=31 q_free_pop=15 slot_wait_spins=0 checked_bytes=21900
SINK_SUM conns=1 fail_conns=0 bytes=21900 clean_conns=0 bad_conns=1 mismatch_bytes=0 stall_conns=1 err_conns=0 poll_tmo=8 wall_s=60.558 net_s=60.558 agg_Mbps=0.003 THREADED=on full_push=15 full_pop=15 free_push=31 free_pop=15 slot_wait_spins=0 checked_bytes=21900 threads=2 check=lane8
SINK_SUM conns=1 fail_conns=0 bytes=21900 clean_conns=0 bad_conns=1 mismatch_bytes=0 stall_conns=1 err_conns=0 poll_tmo=8 wall_s=60.558 net_s=60.558 agg_Mbps=0.003 THREADED=on full_push=15 full_pop=15 free_push=31 free_pop=15 slot_wait_spins=0 checked_bytes=21900 threads=2 check=lane8
--- GUARDS ---
--- GEOM ---
GEOM_NOPCAP_NIC_rx A_bytes=4247122088520 B_bytes=4247122702042 d_bytes=613522 wrap=0 | A_pkts=2858155903 B_pkts=2858156316 d_pkts=413 wrap=0 | bytes_per_pkt=1485.525424
--- PING ---
### PHASE ping 1791629541.751438379
3 packets transmitted, 3 received, 0% packet loss, time 414ms rtt min/avg/max/mdev = 0.087/0.091/0.097/0.004 ms 
