S 1791629469.802815964 2510868262 730274259
S 1791629470.306500343 2510868264 730274261
S 1791629470.810508958 2510868264 730274261
S 1791629471.314448378 2510868266 730274266
S 1791629471.818381879 2510868266 730274266
S 1791629472.322298713 2510868266 730274266
S 1791629472.826265656 2510868267 730274270
S 1791629473.330381371 2510868267 730274270
S 1791629473.835160867 2510868267 730274270
S 1791629474.339155589 2510868269 730274273
S 1791629474.842723325 2510868271 730274278
S 1791629475.346004605 2510868272 730274278
S 1791629475.850686105 2510868273 730274281
S 1791629476.354760038 2510868273 730274281
S 1791629476.858336168 2510868275 730274285
S 1791629477.361312752 2510868316 730274365
S 1791629477.864165268 2510868316 730274365
S 1791629478.367250605 2510868466 730274516
S 1791629478.870393738 2510868503 730274589
S 1791629479.373342914 2510868538 730274659
S 1791629479.876362094 2510868570 730274724
S 1791629480.379799224 2510868603 730274791
S 1791629480.882908290 2510868637 730274858
S 1791629481.385785948 2510868672 730274929
S 1791629481.889044349 2510868704 730274994
S 1791629482.392364356 2510868738 730275061
S 1791629482.895524323 2510868772 730275129
S 1791629483.398389548 2510868807 730275199
S 1791629483.901380037 2510868840 730275266
S 1791629484.405702227 2510868872 730275330
S 1791629484.909960729 2510868907 730275398
S 1791629485.412833950 2510868944 730275471
S 1791629485.915609292 2510868975 730275534
S 1791629486.418684536 2510869008 730275598
S 1791629486.921932053 2510869045 730275672
S 1791629487.424909210 2510869080 730275742
S 1791629487.928187651 2510869112 730275806
S 1791629488.431442088 2510869146 730275874
S 1791629488.934665358 2510869181 730275943
S 1791629489.437836543 2510869215 730276011
S 1791629489.941133252 2510869248 730276079
S 1791629490.444391692 2510869282 730276145
S 1791629490.947298271 2510869317 730276215
S 1791629491.450269071 2510869352 730276285
S 1791629491.953660315 2510869384 730276349
S 1791629492.456933097 2510869417 730276415
S 1791629492.959990544 2510869454 730276489
S 1791629493.463241924 2510869488 730276559
S 1791629493.966443740 2510869520 730276621
S 1791629494.469575064 2510869554 730276690
S 1791629494.972432508 2510869589 730276759
S 1791629495.475386624 2510869624 730276829
S 1791629495.978535643 2510869658 730276897
S 1791629496.481990024 2510869690 730276961
S 1791629496.985800869 2510869724 730277029
S 1791629497.488948491 2510869761 730277103
S 1791629497.992295587 2510869792 730277167
S 1791629498.495910847 2510869948 730277345
S 1791629498.999236854 2510870130 730277550
S 1791629499.502264951 2510870165 730277620
S 1791629500.005218174 2510870196 730277684
S 1791629500.508562058 2510870231 730277753
S 1791629501.011913887 2510870266 730277822
S 1791629501.515082319 2510870301 730277892
S 1791629502.018016038 2510870334 730277959
S 1791629502.521138932 2510870366 730278023
S 1791629503.024376314 2510870401 730278092
S 1791629503.527492524 2510870437 730278166
S 1791629504.030759354 2510870469 730278228
S 1791629504.533946758 2510870501 730278293
S 1791629505.037285354 2510870538 730278365
S 1791629505.540194652 2510870573 730278435
S 1791629506.043275321 2510870604 730278498
S 1791629506.546452103 2510870639 730278567
S 1791629507.049490111 2510870674 730278636
S 1791629507.552390435 2510870709 730278706
S 1791629508.055400058 2510870743 730278774
S 1791629508.559792967 2510870775 730278838
S 1791629509.063564188 2510870809 730278906
S 1791629509.566504302 2510870846 730278980
S 1791629510.069336607 2510870877 730279044
S 1791629510.572503809 2510870909 730279107
S 1791629511.076016858 2510870944 730279176
S 1791629511.579161720 2510870980 730279250
S 1791629512.082164352 2510871012 730279313
S 1791629512.585435718 2510871044 730279377
S 1791629513.088516115 2510871080 730279451
S 1791629513.591511495 2510871114 730279519
S 1791629514.094555926 2510871146 730279582
S 1791629514.597498838 2510871182 730279653
S 1791629515.100399457 2510871217 730279723
S 1791629515.603351281 2510871250 730279790
S 1791629516.106335268 2510871284 730279857
S 1791629516.609714082 2510871318 730279924
S 1791629517.112618161 2510871353 730279994
S 1791629517.615807095 2510871387 730280062
S 1791629518.118969715 2510871418 730280126
S 1791629518.622270123 2510871453 730280194
S 1791629519.125375276 2510871490 730280267
S 1791629519.628644578 2510871521 730280330
S 1791629520.132487819 2510871553 730280394
S 1791629520.635684237 2510871590 730280466
S 1791629521.138770318 2510871625 730280535
S 1791629521.641827443 2510871657 730280599
S 1791629522.145385196 2510871691 730280668
S 1791629522.648414554 2510871726 730280738
S 1791629523.151602350 2510871759 730280805
S 1791629523.654773865 2510871793 730280872
S 1791629524.158166014 2510871827 730280938
S 1791629524.661351961 2510871862 730281008
S 1791629525.164476789 2510871897 730281079
S 1791629525.667829768 2510871929 730281143
S 1791629526.170924804 2510871962 730281210
S 1791629526.673950584 2510872000 730281284
S 1791629527.176981403 2510872033 730281350
S 1791629527.679992442 2510872065 730281415
S 1791629528.183360644 2510872100 730281483
S 1791629528.686357094 2510872135 730281553
S 1791629529.189513938 2510872168 730281619
S 1791629529.693006099 2510872201 730281686
S 1791629530.196584226 2510872235 730281754
S 1791629530.699651261 2510872270 730281824
S 1791629531.202874107 2510872304 730281893
S 1791629531.706704970 2510872335 730281956
S 1791629532.209659618 2510872369 730282023
S 1791629532.712580844 2510872406 730282097
S 1791629533.216022017 2510872439 730282163
S 1791629533.719176867 2510872471 730282228
S 1791629534.222469836 2510872506 730282297
S 1791629534.725331281 2510872541 730282367
S 1791629535.228527678 2510872574 730282435
S 1791629535.732273514 2510872608 730282502
S 1791629536.235250274 2510872641 730282567
S 1791629536.738269405 2510872676 730282637
S 1791629537.241373881 2510872711 730282708
S 1791629537.744656460 2510872743 730282771
S 1791629538.247969359 2510872776 730282837
S 1791629538.751209258 2510872814 730282916
S 1791629539.256930981 2510872829 730282944
S 1791629539.761915887 2510872829 730282944
S 1791629540.265879076 2510872829 730282944
S 1791629540.769285063 2510872830 730282948
S 1791629541.272160384 2510872830 730282948
