S 1791627994.806230986 2508635260 727705877
S 1791627995.310467285 2508635263 727705884
S 1791627995.814655352 2508635263 727705884
S 1791627996.318847568 2508635263 727705884
S 1791627996.823511301 2508635265 727705888
S 1791627997.327882740 2508635265 727705888
S 1791627997.832801224 2508635265 727705888
S 1791627998.337592728 2508635267 727705891
S 1791627998.841359731 2508635267 727705891
S 1791627999.345321874 2508635267 727705891
S 1791627999.848905820 2508635271 727705899
S 1791628000.351636479 2508635272 727705899
S 1791628000.854398698 2508635272 727705899
S 1791628001.359151598 2508635274 727705902
S 1791628001.862931195 2508635276 727705906
S 1791628002.365948100 2508635314 727705982
S 1791628002.868953290 2508635316 727705985
S 1791628003.371963131 2508635418 727706096
S 1791628003.875358399 2508635452 727706164
S 1791628004.378347094 2508635489 727706238
S 1791628004.881422180 2508635521 727706303
S 1791628005.384915448 2508635553 727706366
S 1791628005.888173148 2508635589 727706437
S 1791628006.391119395 2508635624 727706507
S 1791628006.894127364 2508635656 727706572
S 1791628007.397575922 2508635690 727706639
S 1791628007.900516008 2508635725 727706708
S 1791628008.403303669 2508635760 727706778
S 1791628008.906327875 2508635794 727706846
S 1791628009.409940697 2508635826 727706909
S 1791628009.913821013 2508635861 727706978
S 1791628010.416903992 2508635897 727707052
S 1791628010.920182454 2508635927 727707115
S 1791628011.423849567 2508635960 727707179
S 1791628011.926722549 2508635998 727707254
S 1791628012.429707405 2508636031 727707322
S 1791628012.933004713 2508636063 727707385
S 1791628013.436148058 2508636097 727707453
S 1791628013.939150466 2508636133 727707524
S 1791628014.442385776 2508636166 727707588
S 1791628014.945478727 2508636198 727707655
S 1791628015.448594481 2508636233 727707722
S 1791628015.951482244 2508636268 727707792
S 1791628016.454412444 2508636300 727707857
S 1791628016.957700705 2508636334 727707925
S 1791628017.461217986 2508636368 727707992
S 1791628017.964164819 2508636403 727708062
S 1791628018.467264202 2508636439 727708136
S 1791628018.971690662 2508636441 727708140
S 1791628019.475412496 2508636441 727708140
S 1791628019.978792087 2508636444 727708145
S 1791628020.483402174 2508636444 727708145
S 1791628020.987325411 2508636445 727708147
