S 1791628130.488599490 2508636922 727709069
S 1791628130.992341254 2508636926 727709075
S 1791628131.498270476 2508636926 727709075
S 1791628132.002249709 2508636926 727709075
S 1791628132.506481193 2508636929 727709083
S 1791628133.011640384 2508636929 727709083
S 1791628133.516326972 2508636929 727709083
S 1791628134.020585606 2508636931 727709086
S 1791628134.525379117 2508636931 727709086
S 1791628135.029825045 2508636931 727709086
S 1791628135.533407204 2508636935 727709094
S 1791628136.036155085 2508636936 727709094
S 1791628136.538906206 2508636936 727709094
S 1791628137.042279407 2508636937 727709097
S 1791628137.546064016 2508636939 727709101
S 1791628138.049107478 2508636977 727709177
S 1791628138.552388911 2508636979 727709180
S 1791628139.055798191 2508637332 727709507
S 1791628139.558923609 2508637366 727709575
S 1791628140.061936556 2508637402 727709648
S 1791628140.565104050 2508637435 727709715
S 1791628141.068571701 2508637466 727709779
S 1791628141.571852020 2508637505 727709854
S 1791628142.074706708 2508637541 727709924
S 1791628142.577760563 2508637573 727709990
S 1791628143.081087712 2508637607 727710058
S 1791628143.584287295 2508637642 727710127
S 1791628144.087291452 2508637679 727710200
S 1791628144.590502599 2508637716 727710274
S 1791628145.093465413 2508637747 727710336
S 1791628145.596935372 2508637780 727710401
S 1791628146.100284945 2508637817 727710473
S 1791628146.603156731 2508637851 727710543
S 1791628147.105990506 2508637883 727710605
S 1791628147.609175645 2508637916 727710673
S 1791628148.112328169 2508637952 727710743
S 1791628148.615276992 2508637987 727710813
S 1791628149.118276436 2508638019 727710879
S 1791628149.621570422 2508638051 727710943
S 1791628150.124648441 2508638086 727711012
S 1791628150.627582635 2508638123 727711087
S 1791628151.130978019 2508638155 727711152
S 1791628151.634407804 2508638187 727711216
S 1791628152.137763669 2508638224 727711287
S 1791628152.640730854 2508638259 727711357
S 1791628153.143721758 2508638290 727711421
S 1791628153.647005398 2508638323 727711487
S 1791628154.150550125 2508638362 727711565
S 1791628154.655004570 2508638367 727711575
S 1791628155.158989651 2508638369 727711580
S 1791628155.663413953 2508638369 727711580
S 1791628156.167420144 2508638369 727711580
S 1791628156.671465739 2508638369 727711580
