S 1791628339.714867022 2509743041 728974530
S 1791628340.218166185 2509743045 728974537
S 1791628340.722016042 2509743045 728974537
S 1791628341.227089632 2509743045 728974537
S 1791628341.731615698 2509743047 728974542
S 1791628342.235650780 2509743047 728974542
S 1791628342.740442747 2509743047 728974542
S 1791628343.244368356 2509743048 728974544
S 1791628343.747909512 2509743048 728974544
S 1791628344.251532473 2509743048 728974544
S 1791628344.754914426 2509743051 728974552
S 1791628345.258223402 2509743052 728974552
S 1791628345.761861665 2509743052 728974552
S 1791628346.264951186 2509743054 728974555
S 1791628346.768592720 2509743058 728974559
S 1791628347.271538640 2509743096 728974635
S 1791628347.774348642 2509743097 728974638
S 1791628348.277286924 2509743315 728974831
S 1791628348.780163260 2509743371 728974919
S 1791628349.283015416 2509743408 728974993
S 1791628349.786156962 2509743438 728975055
S 1791628350.289362419 2509743472 728975121
S 1791628350.792413271 2509743510 728975195
S 1791628351.295485353 2509743543 728975263
S 1791628351.798718862 2509743575 728975327
S 1791628352.302314425 2509743610 728975395
S 1791628352.805727461 2509743645 728975465
S 1791628353.308882050 2509743679 728975536
S 1791628353.812332423 2509743712 728975601
S 1791628354.315472642 2509743745 728975665
S 1791628354.818319020 2509743780 728975735
S 1791628355.321305530 2509743814 728975804
S 1791628355.824453548 2509743845 728975866
S 1791628356.327821823 2509743880 728975935
S 1791628356.830704908 2509743916 728976009
S 1791628357.333690743 2509743947 728976070
S 1791628357.836846643 2509743980 728976135
S 1791628358.339913033 2509744017 728976208
S 1791628358.842919914 2509744051 728976278
S 1791628359.345988511 2509744083 728976341
S 1791628359.849586194 2509744117 728976409
S 1791628360.352556235 2509744153 728976479
S 1791628360.855525657 2509744187 728976549
S 1791628361.358334365 2509744219 728976612
S 1791628361.861623175 2509744253 728976680
S 1791628362.364448437 2509744288 728976749
S 1791628362.867451674 2509744320 728976816
S 1791628363.370582842 2509744355 728976884
S 1791628363.873989115 2509744376 728976925
S 1791628364.377942793 2509744376 728976925
S 1791628364.881874541 2509744378 728976929
S 1791628365.385734297 2509744378 728976929
S 1791628365.889678698 2509744378 728976929
S 1791628366.393280000 2509744418 728977011
