### RUN_BEGIN tag=MW4 rcvbuf=2920 maxbytes=1600000000 pcap_secs=26 1791628330.661225200
### KW_USED tag=MW4 KW='5 20 43 51 55 57 58 66 67 68 69' secs=60 conns=1
PUT OK D:\repo\XCKU5PMini\udp_hls_10g\_proj_10g\notes\p7b_microwin_20261010\_tools\ctr.sh -> /tmp/p7b_microwin/ctr.sh
### CTRMD5_LOCAL 3e3b8e1b5a772f8f339781f5299b8d5b
### CTRMD5_REMOTE 3e3b8e1b5a772f8f339781f5299b8d5b
Coalesce parameters for enp1s0f1np1:
Adaptive RX: off  TX: n/a
rx-usecs:	0
rx-usecs-irq:	0
rx-usecs-low:	n/a
rx-usecs-high:	n/a
### ARM_T0 1791628334.474821100
ID_MAGIC 0x50360001   (want 0x50360001)
ID_BID   0x0000001a   (want 0x0000001A = 本构建的 BUILD_ID)
ID_MARKER 0xdeadbeef  (want 0xdeadbeef)
ID_UNIMPL 0xffffffff  (want 0xffffffff: 未实现地址必须走 SLVERR)
ID_OK 1791628336.962240444
ID_RC=0
Read 32-bit value at address 0x4 (0x7cc92655d004): 0x0000001a
1
CTR_PID=3322591
PCAP_PID=3322675
1791628338.775598867
### RUN_END tag=MW4 rc=0 bytes=108611 1791628365.323354000
GET OK /tmp/mw_MW4_ctr.log -> D:\repo\XCKU5PMini\udp_hls_10g\_proj_10g\notes\p7b_microwin_20261010\runs\MW4_ctr.log
GET OK /tmp/snmp_MW4.log -> D:\repo\XCKU5PMini\udp_hls_10g\_proj_10g\notes\p7b_microwin_20261010\runs\MW4_snmp.log
GET OK /tmp/snmpseq_MW4.log -> D:\repo\XCKU5PMini\udp_hls_10g\_proj_10g\notes\p7b_microwin_20261010\runs\MW4_snmpseq.log
GET OK /tmp/ss_MW4.log -> D:\repo\XCKU5PMini\udp_hls_10g\_proj_10g\notes\p7b_microwin_20261010\runs\MW4_ss.log
GET OK /tmp/sink_MW4.txt -> D:\repo\XCKU5PMini\udp_hls_10g\_proj_10g\notes\p7b_microwin_20261010\runs\MW4_sink.txt
GET OK /tmp/mw_MW4.pcap -> D:\repo\XCKU5PMini\udp_hls_10g\_proj_10g\notes\p7b_microwin_20261010\runs\MW4.pcap
GET OK /tmp/mw_MW4_pcap.err -> D:\repo\XCKU5PMini\udp_hls_10g\_proj_10g\notes\p7b_microwin_20261010\runs\MW4_pcap.err
--- post 0x08 ---
Read 32-bit value at address 0x8 (0x7174c8996008): 0x00000000
--- post BID ---
Read 32-bit value at address 0x4 (0x7cd9c3e16004): 0x0000001a
--- carrier ---
1
--- 残留进程 ---
(空=无残留)
--- META ---
LF_META_TAG=MW4 LF_META_CONNS=1 LF_META_SECS=60 LF_META_RCVBUF=2920
LF_META_SINK=./p7b_tcp_sink LF_META_SINK_EXTRA='--check lane8 --maxbytes 1600000000' LF_META_PCAP_ON=0 LF_META_BID_EXPECT=0x0000001A
LF_META_SCRIPT=/tmp/p7b_board2/lf_dl_snmp.sh LF_META_SCRIPT_MD5=817f4243a96dc37bf4a6a42e1d67e4c1
LF_META_SINK_MD5=c6b624205d64f1f4bd723d8fd5cc6414
LF_META_SNAP_MD5=ba2faf79f409302d1e542450db402975
LF_META_BIT_SHA=n/a
LF_META_BOARD_BID_PRE=0x0000001a
LF_META_WRAP_RULE=all_board_cnt_32bit; delta_mod_2^32_with_raw_recorded; W51_limit_3.63s(@9.4Gbps); W5_limit_27.487s
LF_META_INNER_SERIES=5 20 43 51 55 57 58 66 67 68 69 (12 字/点, 每点=一次锁存触发+gen 自证)
CARRIER=1
ID_BID   0x0000001a   (want 0x0000001A = 本构建的 BUILD_ID)
ID_OK 1791628339.712666166
LF_GEOM_OK NW=63 BID=0x0000001a
SINK_LIMITS maxbytes=1600000000 poll_ms=5000 stall_n=3 rcvbuf=2920 conns=1 secs=60
LF_META_BOARD_BID_END=0x0000001a
--- SINK ---
SINK_CONN 0 POLL_TIMEOUT 3 x 5000 ms 无数据 (got=32120) => 中止本连接
SINK_CONN 0 STALL bytes=32120 first_mismatch=-1 mism_bytes=0 conn_ms=0.119 dur_ms=15278.464 Mbps=0.017 reads=21 poll_tmo=3 CPU_FREQ_KHZ=3894801 THREADED=on q_full_push=21 q_full_pop=21 q_free_push=37 q_free_pop=21 slot_wait_spins=0 checked_bytes=32120
SINK_SUM conns=1 fail_conns=0 bytes=32120 clean_conns=0 bad_conns=1 mismatch_bytes=0 stall_conns=1 err_conns=0 poll_tmo=3 wall_s=15.279 net_s=15.278 agg_Mbps=0.017 THREADED=on full_push=21 full_pop=21 free_push=37 free_pop=21 slot_wait_spins=0 checked_bytes=32120 threads=2 check=lane8
SINK_SUM conns=1 fail_conns=0 bytes=32120 clean_conns=0 bad_conns=1 mismatch_bytes=0 stall_conns=1 err_conns=0 poll_tmo=3 wall_s=15.279 net_s=15.278 agg_Mbps=0.017 THREADED=on full_push=21 full_pop=21 free_push=37 free_pop=21 slot_wait_spins=0 checked_bytes=32120 threads=2 check=lane8
--- GUARDS ---
--- GEOM ---
GEOM_NOPCAP_NIC_rx A_bytes=4245455378611 B_bytes=4245455715927 d_bytes=337316 wrap=0 | A_pkts=2857057855 B_pkts=2857058082 d_pkts=227 wrap=0 | bytes_per_pkt=1485.973568
--- PING ---
### PHASE ping 1791628366.415647781
3 packets transmitted, 3 received, 0% packet loss, time 414ms rtt min/avg/max/mdev = 0.073/0.093/0.104/0.014 ms 
