S 1791628381.989429492 2509744794 728977925
S 1791628382.492856629 2509744796 728977927
S 1791628382.997520979 2509744797 728977931
S 1791628383.501389476 2509744797 728977931
S 1791628384.005617162 2509744797 728977931
S 1791628384.509235302 2509744799 728977935
S 1791628385.012421436 2509744799 728977935
S 1791628385.516408904 2509744799 728977935
S 1791628386.020254515 2509744800 728977938
S 1791628386.523422779 2509744801 728977938
S 1791628387.026412634 2509744801 728977941
S 1791628387.530101393 2509744802 728977943
S 1791628388.034111458 2509744804 728977947
S 1791628388.537767122 2509744804 728977947
S 1791628389.041268044 2509744807 728977951
S 1791628389.544137798 2509744846 728978031
S 1791628390.047122270 2509744846 728978031
S 1791628390.550081993 2509745069 728978249
S 1791628391.053173860 2509745112 728978325
S 1791628391.556475890 2509745144 728978390
S 1791628392.059671306 2509745176 728978453
S 1791628392.562726702 2509745213 728978526
S 1791628393.065715473 2509745248 728978596
S 1791628393.568753232 2509745281 728978662
S 1791628394.071889241 2509745315 728978730
S 1791628394.575471342 2509745349 728978797
S 1791628395.078417365 2509745384 728978867
S 1791628395.581489936 2509745417 728978934
S 1791628396.084620287 2509745449 728978997
S 1791628396.588120541 2509745484 728979066
S 1791628397.090988358 2509745521 728979141
S 1791628397.593953397 2509745553 728979203
S 1791628398.096948939 2509745585 728979268
S 1791628398.600300525 2509745622 728979341
S 1791628399.103326437 2509745657 728979411
S 1791628399.606599448 2509745688 728979473
S 1791628400.109693634 2509745722 728979543
S 1791628400.612822374 2509745758 728979613
S 1791628401.115760243 2509745793 728979683
S 1791628401.619090467 2509745826 728979751
S 1791628402.122219696 2509745857 728979815
S 1791628402.625600127 2509745892 728979883
S 1791628403.128609248 2509745929 728979958
S 1791628403.631841411 2509745962 728980024
S 1791628404.136416741 2509745994 728980088
S 1791628404.639609634 2509746030 728980158
S 1791628405.142557845 2509746065 728980228
S 1791628405.645456689 2509746098 728980296
S 1791628406.148828827 2509746118 728980335
S 1791628406.652406925 2509746118 728980335
S 1791628407.156072095 2509746118 728980335
S 1791628407.659416652 2509746120 728980339
S 1791628408.163990166 2509746120 728980339
