S 1791628424.374644604 2509746562 728981861
S 1791628424.877921570 2509746564 728981867
S 1791628425.381902093 2509746564 728981867
S 1791628425.885829321 2509746564 728981867
S 1791628426.389736244 2509746566 728981872
S 1791628426.893505003 2509746566 728981872
S 1791628427.397433553 2509746566 728981872
S 1791628427.901546395 2509746568 728981875
S 1791628428.405576569 2509746568 728981875
S 1791628428.910712517 2509746568 728981875
S 1791628429.414476244 2509746570 728981883
S 1791628429.917861803 2509746572 728981883
S 1791628430.422687992 2509746572 728981883
S 1791628430.927363224 2509746573 728981886
S 1791628431.430975468 2509746575 728981890
S 1791628431.933884386 2509746613 728981966
S 1791628432.436901192 2509746614 728981970
S 1791628432.939973833 2509746844 728982183
S 1791628433.443412240 2509746885 728982255
S 1791628433.946417429 2509746921 728982330
S 1791628434.449655895 2509746952 728982392
S 1791628434.952753068 2509746984 728982456
S 1791628435.455698292 2509747020 728982529
S 1791628435.958677348 2509747052 728982594
S 1791628436.461919721 2509747084 728982657
S 1791628436.965546179 2509747120 728982730
S 1791628437.468540579 2509747155 728982800
S 1791628437.971530981 2509747186 728982864
S 1791628438.474787389 2509747220 728982932
S 1791628438.977831261 2509747255 728983001
S 1791628439.480648007 2509747290 728983071
S 1791628439.983675824 2509747324 728983138
S 1791628440.486775123 2509747356 728983202
S 1791628440.989840056 2509747391 728983272
S 1791628441.492743464 2509747427 728983345
S 1791628441.995581089 2509747458 728983408
S 1791628442.498679318 2509747490 728983472
S 1791628443.001733338 2509747526 728983544
S 1791628443.504861016 2509747561 728983613
S 1791628444.007913012 2509747595 728983680
S 1791628444.511014269 2509747631 728983751
S 1791628445.014109211 2509747666 728983821
S 1791628445.517361113 2509747698 728983887
S 1791628446.020575753 2509747730 728983951
S 1791628446.523872720 2509747766 728984021
S 1791628447.026722517 2509747801 728984091
S 1791628447.529633181 2509747835 728984159
S 1791628448.032860040 2509747867 728984228
S 1791628448.536368703 2509747888 728984268
S 1791628449.039666464 2509747888 728984268
S 1791628449.543778522 2509747889 728984272
S 1791628450.047783268 2509747889 728984272
S 1791628450.551718816 2509747889 728984272
S 1791628451.055402145 2509747928 728984353
