S 1791628466.450321363 2509748356 728986085
S 1791628466.953810682 2509748358 728986087
S 1791628467.457846691 2509748358 728986087
S 1791628467.961797352 2509748360 728986091
S 1791628468.465818295 2509748360 728986091
S 1791628468.969684274 2509748360 728986091
S 1791628469.473697540 2509748361 728986095
S 1791628469.977822649 2509748361 728986095
S 1791628470.481782177 2509748361 728986095
S 1791628470.985825942 2509748363 728986098
S 1791628471.489447331 2509748365 728986103
S 1791628471.992479524 2509748366 728986103
S 1791628472.496058430 2509748368 728986106
S 1791628472.999556877 2509748368 728986106
S 1791628473.503215179 2509748370 728986110
S 1791628474.006336267 2509748410 728986189
S 1791628474.509482841 2509748410 728986189
S 1791628475.013074107 2509748478 728986262
S 1791628475.516841731 2509748514 728986335
S 1791628476.019795661 2509748548 728986403
S 1791628476.523200484 2509748580 728986467
S 1791628477.026511384 2509748614 728986536
S 1791628477.529608346 2509748649 728986605
S 1791628478.032582012 2509748683 728986675
S 1791628478.535730338 2509748717 728986741
S 1791628479.038935904 2509748749 728986805
S 1791628479.542318760 2509748784 728986874
S 1791628480.045257927 2509748821 728986949
S 1791628480.548091307 2509748852 728987011
S 1791628481.050938356 2509748884 728987075
S 1791628481.554205680 2509748920 728987148
S 1791628482.057164929 2509748953 728987215
S 1791628482.560439752 2509748985 728987278
S 1791628483.064021566 2509749020 728987348
S 1791628483.567091869 2509749055 728987418
S 1791628484.070151502 2509749088 728987484
S 1791628484.573526148 2509749120 728987549
S 1791628485.077256094 2509749155 728987617
S 1791628485.580260149 2509749190 728987687
S 1791628486.083498165 2509749224 728987754
S 1791628486.587295897 2509749256 728987818
S 1791628487.091004964 2509749290 728987887
S 1791628487.594098434 2509749328 728987961
S 1791628488.097213335 2509749360 728988026
S 1791628488.600454184 2509749392 728988090
S 1791628489.104537573 2509749428 728988161
S 1791628489.607657102 2509749464 728988231
S 1791628490.110648077 2509749499 728988302
S 1791628490.614012138 2509749501 728988306
S 1791628491.118617722 2509749504 728988311
S 1791628491.623376776 2509749504 728988311
S 1791628492.127481924 2509749504 728988311
S 1791628492.631195574 2509749507 728988318
