### RUN_BEGIN tag=MW8 rcvbuf=1460 maxbytes=1600000000 pcap_secs=26 1791628499.738355300
### KW_USED tag=MW8 KW='5 20 43 51 55 57 58 66 67 68 69' secs=60 conns=1
PUT OK D:\repo\XCKU5PMini\udp_hls_10g\_proj_10g\notes\p7b_microwin_20261010\_tools\ctr.sh -> /tmp/p7b_microwin/ctr.sh
### CTRMD5_LOCAL 3e3b8e1b5a772f8f339781f5299b8d5b
### CTRMD5_REMOTE 3e3b8e1b5a772f8f339781f5299b8d5b
Coalesce parameters for enp1s0f1np1:
Adaptive RX: off  TX: n/a
rx-usecs:	0
rx-usecs-irq:	0
rx-usecs-low:	n/a
rx-usecs-high:	n/a
### ARM_T0 1791628503.060343200
ID_MAGIC 0x50360001   (want 0x50360001)
ID_BID   0x0000001a   (want 0x0000001A = 本构建的 BUILD_ID)
ID_MARKER 0xdeadbeef  (want 0xdeadbeef)
ID_UNIMPL 0xffffffff  (want 0xffffffff: 未实现地址必须走 SLVERR)
ID_OK 1791628505.472909711
ID_RC=0
Read 32-bit value at address 0x4 (0x748d05389004): 0x0000001a
1
CTR_PID=3429947
PCAP_PID=3430030
1791628507.026165039
### RUN_END tag=MW8 rc=0 bytes=103763 1791628533.485692300
GET OK /tmp/mw_MW8_ctr.log -> D:\repo\XCKU5PMini\udp_hls_10g\_proj_10g\notes\p7b_microwin_20261010\runs\MW8_ctr.log
GET OK /tmp/snmp_MW8.log -> D:\repo\XCKU5PMini\udp_hls_10g\_proj_10g\notes\p7b_microwin_20261010\runs\MW8_snmp.log
GET OK /tmp/snmpseq_MW8.log -> D:\repo\XCKU5PMini\udp_hls_10g\_proj_10g\notes\p7b_microwin_20261010\runs\MW8_snmpseq.log
GET OK /tmp/ss_MW8.log -> D:\repo\XCKU5PMini\udp_hls_10g\_proj_10g\notes\p7b_microwin_20261010\runs\MW8_ss.log
GET OK /tmp/sink_MW8.txt -> D:\repo\XCKU5PMini\udp_hls_10g\_proj_10g\notes\p7b_microwin_20261010\runs\MW8_sink.txt
GET OK /tmp/mw_MW8.pcap -> D:\repo\XCKU5PMini\udp_hls_10g\_proj_10g\notes\p7b_microwin_20261010\runs\MW8.pcap
GET OK /tmp/mw_MW8_pcap.err -> D:\repo\XCKU5PMini\udp_hls_10g\_proj_10g\notes\p7b_microwin_20261010\runs\MW8_pcap.err
--- post 0x08 ---
Read 32-bit value at address 0x8 (0x7f61eebd7008): 0x00000000
--- post BID ---
Read 32-bit value at address 0x4 (0x717c20819004): 0x0000001a
--- carrier ---
1
--- 残留进程 ---
(空=无残留)
--- META ---
LF_META_TAG=MW8 LF_META_CONNS=1 LF_META_SECS=60 LF_META_RCVBUF=1460
LF_META_SINK=./p7b_tcp_sink LF_META_SINK_EXTRA='--check lane8 --maxbytes 1600000000' LF_META_PCAP_ON=0 LF_META_BID_EXPECT=0x0000001A
LF_META_SCRIPT=/tmp/p7b_board2/lf_dl_snmp.sh LF_META_SCRIPT_MD5=817f4243a96dc37bf4a6a42e1d67e4c1
LF_META_SINK_MD5=c6b624205d64f1f4bd723d8fd5cc6414
LF_META_SNAP_MD5=ba2faf79f409302d1e542450db402975
LF_META_BIT_SHA=n/a
LF_META_BOARD_BID_PRE=0x0000001a
LF_META_WRAP_RULE=all_board_cnt_32bit; delta_mod_2^32_with_raw_recorded; W51_limit_3.63s(@9.4Gbps); W5_limit_27.487s
LF_META_INNER_SERIES=5 20 43 51 55 57 58 66 67 68 69 (12 字/点, 每点=一次锁存触发+gen 自证)
CARRIER=1
ID_BID   0x0000001a   (want 0x0000001A = 本构建的 BUILD_ID)
ID_OK 1791628507.853064441
LF_GEOM_OK NW=63 BID=0x0000001a
SINK_LIMITS maxbytes=1600000000 poll_ms=5000 stall_n=3 rcvbuf=1460 conns=1 secs=60
LF_META_BOARD_BID_END=0x0000001a
--- SINK ---
SINK_CONN 0 POLL_TIMEOUT 3 x 5000 ms 无数据 (got=24820) => 中止本连接
SINK_CONN 0 STALL bytes=24820 first_mismatch=0 mism_bytes=24724 conn_ms=0.122 dur_ms=15198.040 Mbps=0.013 reads=17 poll_tmo=3 CPU_FREQ_KHZ=3699753 THREADED=on q_full_push=17 q_full_pop=17 q_free_push=33 q_free_pop=17 slot_wait_spins=0 checked_bytes=24820
SINK_SUM conns=1 fail_conns=0 bytes=24820 clean_conns=0 bad_conns=1 mismatch_bytes=24724 stall_conns=1 err_conns=0 poll_tmo=3 wall_s=15.198 net_s=15.198 agg_Mbps=0.013 THREADED=on full_push=17 full_pop=17 free_push=33 free_pop=17 slot_wait_spins=0 checked_bytes=24820 threads=2 check=lane8
SINK_SUM conns=1 fail_conns=0 bytes=24820 clean_conns=0 bad_conns=1 mismatch_bytes=24724 stall_conns=1 err_conns=0 poll_tmo=3 wall_s=15.198 net_s=15.198 agg_Mbps=0.013 THREADED=on full_push=17 full_pop=17 free_push=33 free_pop=17 slot_wait_spins=0 checked_bytes=24820 threads=2 check=lane8
--- GUARDS ---
--- GEOM ---
GEOM_NOPCAP_NIC_rx A_bytes=4245456454023 B_bytes=4245457072041 d_bytes=618018 wrap=0 | A_pkts=2857058589 B_pkts=2857058999 d_pkts=410 wrap=0 | bytes_per_pkt=1507.360976
--- PING ---
### PHASE ping 1791628534.568043299
3 packets transmitted, 3 received, 0% packet loss, time 414ms rtt min/avg/max/mdev = 0.070/0.082/0.089/0.008 ms 
