### RUN_BEGIN tag=MW9 rcvbuf=1460 maxbytes=1600000000 pcap_secs=45 1791628650.209849700
### KW_USED tag=MW9 KW='5 20 43 51 55 57 58 66 67 68 69' secs=60 conns=1
PUT OK D:\repo\XCKU5PMini\udp_hls_10g\_proj_10g\notes\p7b_microwin_20261010\_tools\ctr.sh -> /tmp/p7b_microwin/ctr.sh
### CTRMD5_LOCAL 3e3b8e1b5a772f8f339781f5299b8d5b
### CTRMD5_REMOTE 3e3b8e1b5a772f8f339781f5299b8d5b
Coalesce parameters for enp1s0f1np1:
Adaptive RX: off  TX: n/a
rx-usecs:	0
rx-usecs-irq:	0
rx-usecs-low:	n/a
rx-usecs-high:	n/a
### ARM_T0 1791628653.747343800
ID_MAGIC 0x50360001   (want 0x50360001)
ID_BID   0x0000001a   (want 0x0000001A = 本构建的 BUILD_ID)
ID_MARKER 0xdeadbeef  (want 0xdeadbeef)
ID_UNIMPL 0xffffffff  (want 0xffffffff: 未实现地址必须走 SLVERR)
ID_OK 1791628656.193535949
ID_RC=0
Read 32-bit value at address 0x4 (0x77f89b645004): 0x0000001a
1
CTR_PID=3455878
PUT OK D:\repo\XCKU5PMini\udp_hls_10g\_proj_10g\notes\p7b_microwin_20261010\_tools\stall_probe.py -> /tmp/p7b_microwin/stall_probe.py
PROBE_PID=3456029
PCAP_PID=3456109
1791628659.664102173
### RUN_END tag=MW9 rc=0 bytes=107498 1791628686.012683700
GET OK /tmp/mw_MW9_ctr.log -> D:\repo\XCKU5PMini\udp_hls_10g\_proj_10g\notes\p7b_microwin_20261010\runs\MW9_ctr.log
GET OK /tmp/snmp_MW9.log -> D:\repo\XCKU5PMini\udp_hls_10g\_proj_10g\notes\p7b_microwin_20261010\runs\MW9_snmp.log
GET OK /tmp/snmpseq_MW9.log -> D:\repo\XCKU5PMini\udp_hls_10g\_proj_10g\notes\p7b_microwin_20261010\runs\MW9_snmpseq.log
GET OK /tmp/ss_MW9.log -> D:\repo\XCKU5PMini\udp_hls_10g\_proj_10g\notes\p7b_microwin_20261010\runs\MW9_ss.log
GET OK /tmp/sink_MW9.txt -> D:\repo\XCKU5PMini\udp_hls_10g\_proj_10g\notes\p7b_microwin_20261010\runs\MW9_sink.txt
GET OK /tmp/mw_MW9_probe.log -> D:\repo\XCKU5PMini\udp_hls_10g\_proj_10g\notes\p7b_microwin_20261010\runs\MW9_probe.log
GET OK /tmp/mw_MW9.pcap -> D:\repo\XCKU5PMini\udp_hls_10g\_proj_10g\notes\p7b_microwin_20261010\runs\MW9.pcap
GET OK /tmp/mw_MW9_pcap.err -> D:\repo\XCKU5PMini\udp_hls_10g\_proj_10g\notes\p7b_microwin_20261010\runs\MW9_pcap.err
--- post 0x08 ---
Read 32-bit value at address 0x8 (0x701e5584e008): 0x00000000
--- post BID ---
Read 32-bit value at address 0x4 (0x79329e6c4004): 0x0000001a
--- carrier ---
1
--- 残留进程 ---
3456110 tcpdump -i enp1s0f1np1 -s 128 -U -w /tmp/mw_MW9.pcap port 8080
(空=无残留)
--- META ---
LF_META_TAG=MW9 LF_META_CONNS=1 LF_META_SECS=60 LF_META_RCVBUF=1460
LF_META_SINK=./p7b_tcp_sink LF_META_SINK_EXTRA='--check lane8 --maxbytes 1600000000' LF_META_PCAP_ON=0 LF_META_BID_EXPECT=0x0000001A
LF_META_SCRIPT=/tmp/p7b_board2/lf_dl_snmp.sh LF_META_SCRIPT_MD5=817f4243a96dc37bf4a6a42e1d67e4c1
LF_META_SINK_MD5=c6b624205d64f1f4bd723d8fd5cc6414
LF_META_SNAP_MD5=ba2faf79f409302d1e542450db402975
LF_META_BIT_SHA=n/a
LF_META_BOARD_BID_PRE=0x0000001a
LF_META_WRAP_RULE=all_board_cnt_32bit; delta_mod_2^32_with_raw_recorded; W51_limit_3.63s(@9.4Gbps); W5_limit_27.487s
LF_META_INNER_SERIES=5 20 43 51 55 57 58 66 67 68 69 (12 字/点, 每点=一次锁存触发+gen 自证)
CARRIER=1
ID_BID   0x0000001a   (want 0x0000001A = 本构建的 BUILD_ID)
ID_OK 1791628660.606128558
LF_GEOM_OK NW=63 BID=0x0000001a
SINK_LIMITS maxbytes=1600000000 poll_ms=5000 stall_n=3 rcvbuf=1460 conns=1 secs=60
LF_META_BOARD_BID_END=0x0000001a
--- SINK ---
SINK_CONN 0 POLL_TIMEOUT 3 x 5000 ms 无数据 (got=10220) => 中止本连接
SINK_CONN 0 STALL bytes=10220 first_mismatch=0 mism_bytes=10181 conn_ms=0.121 dur_ms=15076.143 Mbps=0.005 reads=7 poll_tmo=3 CPU_FREQ_KHZ=3785765 THREADED=on q_full_push=7 q_full_pop=7 q_free_push=23 q_free_pop=7 slot_wait_spins=0 checked_bytes=10220
SINK_SUM conns=1 fail_conns=0 bytes=10220 clean_conns=0 bad_conns=1 mismatch_bytes=10181 stall_conns=1 err_conns=0 poll_tmo=3 wall_s=15.076 net_s=15.076 agg_Mbps=0.005 THREADED=on full_push=7 full_pop=7 free_push=23 free_pop=7 slot_wait_spins=0 checked_bytes=10220 threads=2 check=lane8
SINK_SUM conns=1 fail_conns=0 bytes=10220 clean_conns=0 bad_conns=1 mismatch_bytes=10181 stall_conns=1 err_conns=0 poll_tmo=3 wall_s=15.076 net_s=15.076 agg_Mbps=0.005 THREADED=on full_push=7 full_pop=7 free_push=23 free_pop=7 slot_wait_spins=0 checked_bytes=10220 threads=2 check=lane8
--- GUARDS ---
--- GEOM ---
GEOM_NOPCAP_NIC_rx A_bytes=4245457072989 B_bytes=4245458196629 d_bytes=1123640 wrap=0 | A_pkts=2857059012 B_pkts=2857059757 d_pkts=745 wrap=0 | bytes_per_pkt=1508.241611
--- PING ---
### PHASE ping 1791628687.114118047
3 packets transmitted, 3 received, 0% packet loss, time 412ms rtt min/avg/max/mdev = 0.092/0.093/0.094/0.000 ms 
