#-----------------------------------------------------------
# xsim v2025.2 (64-bit)
# SW Build 6299465 on Fri Nov 14 19:35:11 GMT 2025
# IP Build 6300035 on Fri Nov 14 10:48:45 MST 2025
# SharedData Build 6298862 on Thu Nov 13 04:50:51 MST 2025
# Start of session at: Wed Sep 30 19:20:44 2026
# Process ID         : 41088
# Current directory  : D:/repo/XCKU5PMini/udp_hls_10g/_proj_10g/notes/p7b_latent
# Command line       : xsim.exe -log xsim_mut_of.log -mode tcl -source {xsim.dir/tb_lat_of/xsim_script.tcl}
# Log file           : D:/repo/XCKU5PMini/udp_hls_10g/_proj_10g/notes/p7b_latent/xsim_mut_of.log
# Journal file       : D:/repo/XCKU5PMini/udp_hls_10g/_proj_10g/notes/p7b_latent\xsim.jou
# Running On         : xyz-intel
# Platform           : Windows Server 2016 or Windows 10
# Operating System   : 26200
# Processor Detail   : Intel(R) Core(TM) Ultra 7 265K
# CPU Frequency      : 3878 MHz
# CPU Physical cores : 20
# CPU Logical cores  : 20
# Host memory        : 68053 MB
# Swap memory        : 4294 MB
# Total Virtual      : 72348 MB
# Available Virtual  : 45234 MB
#-----------------------------------------------------------
source xsim.dir/tb_lat_of/xsim_script.tcl
# xsim {tb_lat_of} -autoloadwcfg -runall
Time resolution is 1 ps
run -all
CFG np=2100 nb=7 free=0 keep=fe nw=300
Memory Collision Error on RAMB36E1 : tb_lat_of.dut.u_ff.gen_mem[0].u_main.gen_sdp.gen_wide.INT_RAMB_SDP.chk_for_col_msg at simulation time 212.000 ns.
A read was performed on address 803f (hex) of port A while a write was requested to the same address on port B.  The write will be successful however the read value on port A is unknown until the next CLKA cycle.
RESULT np=2100 nb=7 words=300 commit=1 drop=0 popped=2107 expect=2108 first_bad=2048
PROBE maxocc=2049 full_seen=1 ovf_cyc=1 stat_fifo_ovf=1
TB_LAT_OF: FAIL (delivered != expected: popped=2107 expect=2108 first_bad_idx=2048)
$finish called at time : 139464 ns : File "D:/repo/XCKU5PMini/udp_hls_10g/_proj_10g/notes/p7b_latent/tb_lat_of.v" Line 182
exit
INFO: [Common 17-206] Exiting xsim at Wed Sep 30 19:20:46 2026...
