#-----------------------------------------------------------
# xsim v2025.2 (64-bit)
# SW Build 6299465 on Fri Nov 14 19:35:11 GMT 2025
# IP Build 6300035 on Fri Nov 14 10:48:45 MST 2025
# SharedData Build 6298862 on Thu Nov 13 04:50:51 MST 2025
# Start of session at: Wed Sep 30 19:21:12 2026
# Process ID         : 41160
# Current directory  : D:/repo/XCKU5PMini/udp_hls_10g/_proj_10g/notes/p7b_latent
# Command line       : xsim.exe -log xsim_lat_wf.log -mode tcl -source {xsim.dir/tb_lat_wf/xsim_script.tcl}
# Log file           : D:/repo/XCKU5PMini/udp_hls_10g/_proj_10g/notes/p7b_latent/xsim_lat_wf.log
# Journal file       : D:/repo/XCKU5PMini/udp_hls_10g/_proj_10g/notes/p7b_latent\xsim.jou
# Running On         : xyz-intel
# Platform           : Windows Server 2016 or Windows 10
# Operating System   : 26200
# Processor Detail   : Intel(R) Core(TM) Ultra 7 265K
# CPU Frequency      : 3878 MHz
# CPU Physical cores : 20
# CPU Logical cores  : 20
# Host memory        : 68053 MB
# Swap memory        : 4294 MB
# Total Virtual      : 72348 MB
# Available Virtual  : 45555 MB
#-----------------------------------------------------------
source xsim.dir/tb_lat_wf/xsim_script.tcl
# xsim {tb_lat_wf} -autoloadwcfg -runall
Time resolution is 1 ps
run -all
Memory Collision Error on RAMB36E1 : tb_lat_wf.dut.u_wf.gen_mem[0].u_main.gen_sdp.gen_wide.INT_RAMB_SDP.chk_for_col_msg at simulation time 388.000 ns.
A read was performed on address 803f (hex) of port A while a write was requested to the same address on port B.  The write will be successful however the read value on port A is unknown until the next CLKA cycle.
RESULT sent=8 frames=4 purge=4 words=385 tlasts=4 maxrun=128 dangling=0
PROBE fifo_ovf=0 (拒写计数; 恒 0 = 无静默丢失)
J1 PASS: tlasts=4 == stat_frames=4
J2 PASS: tlasts+purge=8 == sent=8
J3 PASS: no dangling tail
TB_LAT_WF: PASS
$finish called at time : 106088 ns : File "D:/repo/XCKU5PMini/udp_hls_10g/_proj_10g/notes/p7b_latent/tb_lat_wf.v" Line 162
exit
INFO: [Common 17-206] Exiting xsim at Wed Sep 30 19:21:14 2026...
