Copyright 1986-2022 Xilinx, Inc. All Rights Reserved. Copyright 2022-2025 Advanced Micro Devices, Inc. All Rights Reserved.
-------------------------------------------------------------------------------------------------------------------------------------------------
| Tool Version : Vivado v.2025.2 (win64) Build 6299465 Fri Nov 14 19:35:11 GMT 2025
| Date         : Mon Sep 21 02:38:46 2026
| Host         : xyz-intel running 64-bit major release  (build 9200)
| Command      : report_timing -delay_type min -max_paths 20 -nworst 20 -sort_by slack -file D:/repo/ECO/udp_hls_10g/p5f_verify/holdfix_hold.rpt
| Design       : wrapper_p4
| Device       : 7k325t-ffg676
| Speed File   : -2  PRODUCTION 1.12 2017-02-17
| Design State : Routed
-------------------------------------------------------------------------------------------------------------------------------------------------

Timing Report

Slack (MET) :             0.007ns  (arrival time - required time)
  Source:                 u_hls/grp_dhcp_tx_process_fu_1977/grp_dhcp_build_headers_fu_431/ip_words_U/ram_reg_0_15_5_5/SP/CLK
                            (rising edge-triggered cell RAMS32 clocked by gmii_clk  {rise@4.000ns fall@8.000ns period=8.000ns})
  Destination:            u_hls/grp_dhcp_tx_process_fu_1977/grp_dhcp_build_headers_fu_431/ip_words_U/q0_reg[5]/D
                            (rising edge-triggered cell FDRE clocked by gmii_clk  {rise@4.000ns fall@8.000ns period=8.000ns})
  Path Group:             gmii_clk
  Path Type:              Hold (Min at Fast Process Corner)
  Requirement:            0.000ns  (gmii_clk rise@4.000ns - gmii_clk rise@4.000ns)
  Data Path Delay:        0.294ns  (logic 0.294ns (100.000%)  route 0.000ns (0.000%))
  Logic Levels:           0  
  Clock Path Skew:        0.000ns (DCD - SCD - CPR)
    Destination Clock Delay (DCD):    3.732ns = ( 7.732 - 4.000 ) 
    Source Clock Delay      (SCD):    2.953ns = ( 6.953 - 4.000 ) 
    Clock Pessimism Removal (CPR):    0.779ns
  Clock Uncertainty:      0.200ns  ((TSJ^2 + TIJ^2)^1/2 + DJ) / 2 + PE + UU
    Total System Jitter     (TSJ):    0.000ns
    Total Input Jitter      (TIJ):    0.000ns
    Discrete Jitter          (DJ):    0.000ns
    Phase Error              (PE):    0.000ns
    User Uncertainty         (UU):    0.200ns

    Location             Delay type                Incr(ns)  Path(ns)    Netlist Resource(s)
  -------------------------------------------------------------------    -------------------
                         (clock gmii_clk rise edge)
                                                      4.000     4.000 r  
    AB2                                               0.000     4.000 f  phy1_rxc (IN)
                         net (fo=0)                   0.000     4.000    phy1_rxc
    AB2                  IBUF (Prop_ibuf_I_O)         0.126     4.126 f  phy1_rxc_IBUF_inst/O
                         net (fo=1, routed)           1.940     6.066    u_rgmii/phy1_rxc_IBUF
    SLICE_X80Y196        LUT1 (Prop_lut1_I0_O)        0.028     6.094 r  u_rgmii/bufmr_rgmii_rxc_i_1/O
                         net (fo=1, routed)           0.235     6.329    u_rgmii/I0
    BUFGCTRL_X0Y0        BUFG (Prop_bufg_I_O)         0.026     6.355 r  u_rgmii/bufmr_rgmii_rxc/O
                         net (fo=47333, routed)       0.598     6.953    u_hls/grp_dhcp_tx_process_fu_1977/grp_dhcp_build_headers_fu_431/ip_words_U/ram_reg_0_15_5_5/WCLK
    SLICE_X58Y272        RAMS32                                       r  u_hls/grp_dhcp_tx_process_fu_1977/grp_dhcp_build_headers_fu_431/ip_words_U/ram_reg_0_15_5_5/SP/CLK
  -------------------------------------------------------------------    -------------------
    SLICE_X58Y272        RAMS32 (Prop_rams32_CLK_O)
                                                      0.294     7.247 r  u_hls/grp_dhcp_tx_process_fu_1977/grp_dhcp_build_headers_fu_431/ip_words_U/ram_reg_0_15_5_5/SP/O
                         net (fo=1, routed)           0.000     7.247    u_hls/grp_dhcp_tx_process_fu_1977/grp_dhcp_build_headers_fu_431/ip_words_U/q00[5]
    SLICE_X58Y272        FDRE                                         r  u_hls/grp_dhcp_tx_process_fu_1977/grp_dhcp_build_headers_fu_431/ip_words_U/q0_reg[5]/D
  -------------------------------------------------------------------    -------------------

                         (clock gmii_clk rise edge)
                                                      4.000     4.000 f  
    AB2                                               0.000     4.000 f  phy1_rxc (IN)
                         net (fo=0)                   0.000     4.000    phy1_rxc
    AB2                  IBUF (Prop_ibuf_I_O)         0.292     4.292 f  phy1_rxc_IBUF_inst/O
                         net (fo=1, routed)           2.279     6.571    u_rgmii/phy1_rxc_IBUF
    SLICE_X80Y196        LUT1 (Prop_lut1_I0_O)        0.035     6.606 r  u_rgmii/bufmr_rgmii_rxc_i_1/O
                         net (fo=1, routed)           0.276     6.882    u_rgmii/I0
    BUFGCTRL_X0Y0        BUFG (Prop_bufg_I_O)         0.030     6.912 r  u_rgmii/bufmr_rgmii_rxc/O
                         net (fo=47333, routed)       0.820     7.732    u_hls/grp_dhcp_tx_process_fu_1977/grp_dhcp_build_headers_fu_431/ip_words_U/gmii_clk
    SLICE_X58Y272        FDRE                                         r  u_hls/grp_dhcp_tx_process_fu_1977/grp_dhcp_build_headers_fu_431/ip_words_U/q0_reg[5]/C
                         clock pessimism             -0.779     6.953    
                         clock uncertainty            0.200     7.153    
    SLICE_X58Y272        FDRE (Hold_fdre_C_D)         0.087     7.240    u_hls/grp_dhcp_tx_process_fu_1977/grp_dhcp_build_headers_fu_431/ip_words_U/q0_reg[5]
  -------------------------------------------------------------------
                         required time                         -7.240    
                         arrival time                           7.247    
  -------------------------------------------------------------------
                         slack                                  0.007    

Slack (MET) :             0.007ns  (arrival time - required time)
  Source:                 u_hls/grp_dhcp_tx_process_fu_1977/grp_dhcp_build_headers_fu_431/ip_words_U/ram_reg_0_15_5_5/SP/CLK
                            (rising edge-triggered cell RAMS32 clocked by gmii_clk  {rise@4.000ns fall@8.000ns period=8.000ns})
  Destination:            u_hls/grp_dhcp_tx_process_fu_1977/grp_dhcp_build_headers_fu_431/ip_words_U/q0_reg[5]/D
                            (rising edge-triggered cell FDRE clocked by gmii_clk  {rise@4.000ns fall@8.000ns period=8.000ns})
  Path Group:             gmii_clk
  Path Type:              Hold (Min at Fast Process Corner)
  Requirement:            0.000ns  (gmii_clk rise@4.000ns - gmii_clk rise@4.000ns)
  Data Path Delay:        0.294ns  (logic 0.294ns (100.000%)  route 0.000ns (0.000%))
  Logic Levels:           0  
  Clock Path Skew:        0.000ns (DCD - SCD - CPR)
    Destination Clock Delay (DCD):    3.732ns = ( 7.732 - 4.000 ) 
    Source Clock Delay      (SCD):    2.953ns = ( 6.953 - 4.000 ) 
    Clock Pessimism Removal (CPR):    0.779ns
  Clock Uncertainty:      0.200ns  ((TSJ^2 + TIJ^2)^1/2 + DJ) / 2 + PE + UU
    Total System Jitter     (TSJ):    0.000ns
    Total Input Jitter      (TIJ):    0.000ns
    Discrete Jitter          (DJ):    0.000ns
    Phase Error              (PE):    0.000ns
    User Uncertainty         (UU):    0.200ns

    Location             Delay type                Incr(ns)  Path(ns)    Netlist Resource(s)
  -------------------------------------------------------------------    -------------------
                         (clock gmii_clk rise edge)
                                                      4.000     4.000 r  
    AB2                                               0.000     4.000 f  phy1_rxc (IN)
                         net (fo=0)                   0.000     4.000    phy1_rxc
    AB2                  IBUF (Prop_ibuf_I_O)         0.126     4.126 f  phy1_rxc_IBUF_inst/O
                         net (fo=1, routed)           1.940     6.066    u_rgmii/phy1_rxc_IBUF
    SLICE_X80Y196        LUT1 (Prop_lut1_I0_O)        0.028     6.094 r  u_rgmii/bufmr_rgmii_rxc_i_1/O
                         net (fo=1, routed)           0.235     6.329    u_rgmii/I0
    BUFGCTRL_X0Y0        BUFG (Prop_bufg_I_O)         0.026     6.355 r  u_rgmii/bufmr_rgmii_rxc/O
                         net (fo=47333, routed)       0.598     6.953    u_hls/grp_dhcp_tx_process_fu_1977/grp_dhcp_build_headers_fu_431/ip_words_U/ram_reg_0_15_5_5/WCLK
    SLICE_X58Y272        RAMS32                                       r  u_hls/grp_dhcp_tx_process_fu_1977/grp_dhcp_build_headers_fu_431/ip_words_U/ram_reg_0_15_5_5/SP/CLK
  -------------------------------------------------------------------    -------------------
    SLICE_X58Y272        RAMS32 (Prop_rams32_CLK_O)
                                                      0.294     7.247 f  u_hls/grp_dhcp_tx_process_fu_1977/grp_dhcp_build_headers_fu_431/ip_words_U/ram_reg_0_15_5_5/SP/O
                         net (fo=1, routed)           0.000     7.247    u_hls/grp_dhcp_tx_process_fu_1977/grp_dhcp_build_headers_fu_431/ip_words_U/q00[5]
    SLICE_X58Y272        FDRE                                         f  u_hls/grp_dhcp_tx_process_fu_1977/grp_dhcp_build_headers_fu_431/ip_words_U/q0_reg[5]/D
  -------------------------------------------------------------------    -------------------

                         (clock gmii_clk rise edge)
                                                      4.000     4.000 f  
    AB2                                               0.000     4.000 f  phy1_rxc (IN)
                         net (fo=0)                   0.000     4.000    phy1_rxc
    AB2                  IBUF (Prop_ibuf_I_O)         0.292     4.292 f  phy1_rxc_IBUF_inst/O
                         net (fo=1, routed)           2.279     6.571    u_rgmii/phy1_rxc_IBUF
    SLICE_X80Y196        LUT1 (Prop_lut1_I0_O)        0.035     6.606 r  u_rgmii/bufmr_rgmii_rxc_i_1/O
                         net (fo=1, routed)           0.276     6.882    u_rgmii/I0
    BUFGCTRL_X0Y0        BUFG (Prop_bufg_I_O)         0.030     6.912 r  u_rgmii/bufmr_rgmii_rxc/O
                         net (fo=47333, routed)       0.820     7.732    u_hls/grp_dhcp_tx_process_fu_1977/grp_dhcp_build_headers_fu_431/ip_words_U/gmii_clk
    SLICE_X58Y272        FDRE                                         r  u_hls/grp_dhcp_tx_process_fu_1977/grp_dhcp_build_headers_fu_431/ip_words_U/q0_reg[5]/C
                         clock pessimism             -0.779     6.953    
                         clock uncertainty            0.200     7.153    
    SLICE_X58Y272        FDRE (Hold_fdre_C_D)         0.087     7.240    u_hls/grp_dhcp_tx_process_fu_1977/grp_dhcp_build_headers_fu_431/ip_words_U/q0_reg[5]
  -------------------------------------------------------------------
                         required time                         -7.240    
                         arrival time                           7.247    
  -------------------------------------------------------------------
                         slack                                  0.007    

Slack (MET) :             0.007ns  (arrival time - required time)
  Source:                 u_hls/grp_dhcp_tx_process_fu_1977/grp_dhcp_build_headers_fu_431/ip_words_U/ram_reg_0_15_9_9/SP/CLK
                            (rising edge-triggered cell RAMS32 clocked by gmii_clk  {rise@4.000ns fall@8.000ns period=8.000ns})
  Destination:            u_hls/grp_dhcp_tx_process_fu_1977/grp_dhcp_build_headers_fu_431/ip_words_U/q0_reg[9]/D
                            (rising edge-triggered cell FDRE clocked by gmii_clk  {rise@4.000ns fall@8.000ns period=8.000ns})
  Path Group:             gmii_clk
  Path Type:              Hold (Min at Fast Process Corner)
  Requirement:            0.000ns  (gmii_clk rise@4.000ns - gmii_clk rise@4.000ns)
  Data Path Delay:        0.294ns  (logic 0.294ns (100.000%)  route 0.000ns (0.000%))
  Logic Levels:           0  
  Clock Path Skew:        0.000ns (DCD - SCD - CPR)
    Destination Clock Delay (DCD):    3.732ns = ( 7.732 - 4.000 ) 
    Source Clock Delay      (SCD):    2.953ns = ( 6.953 - 4.000 ) 
    Clock Pessimism Removal (CPR):    0.779ns
  Clock Uncertainty:      0.200ns  ((TSJ^2 + TIJ^2)^1/2 + DJ) / 2 + PE + UU
    Total System Jitter     (TSJ):    0.000ns
    Total Input Jitter      (TIJ):    0.000ns
    Discrete Jitter          (DJ):    0.000ns
    Phase Error              (PE):    0.000ns
    User Uncertainty         (UU):    0.200ns

    Location             Delay type                Incr(ns)  Path(ns)    Netlist Resource(s)
  -------------------------------------------------------------------    -------------------
                         (clock gmii_clk rise edge)
                                                      4.000     4.000 r  
    AB2                                               0.000     4.000 f  phy1_rxc (IN)
                         net (fo=0)                   0.000     4.000    phy1_rxc
    AB2                  IBUF (Prop_ibuf_I_O)         0.126     4.126 f  phy1_rxc_IBUF_inst/O
                         net (fo=1, routed)           1.940     6.066    u_rgmii/phy1_rxc_IBUF
    SLICE_X80Y196        LUT1 (Prop_lut1_I0_O)        0.028     6.094 r  u_rgmii/bufmr_rgmii_rxc_i_1/O
                         net (fo=1, routed)           0.235     6.329    u_rgmii/I0
    BUFGCTRL_X0Y0        BUFG (Prop_bufg_I_O)         0.026     6.355 r  u_rgmii/bufmr_rgmii_rxc/O
                         net (fo=47333, routed)       0.598     6.953    u_hls/grp_dhcp_tx_process_fu_1977/grp_dhcp_build_headers_fu_431/ip_words_U/ram_reg_0_15_9_9/WCLK
    SLICE_X56Y272        RAMS32                                       r  u_hls/grp_dhcp_tx_process_fu_1977/grp_dhcp_build_headers_fu_431/ip_words_U/ram_reg_0_15_9_9/SP/CLK
  -------------------------------------------------------------------    -------------------
    SLICE_X56Y272        RAMS32 (Prop_rams32_CLK_O)
                                                      0.294     7.247 r  u_hls/grp_dhcp_tx_process_fu_1977/grp_dhcp_build_headers_fu_431/ip_words_U/ram_reg_0_15_9_9/SP/O
                         net (fo=1, routed)           0.000     7.247    u_hls/grp_dhcp_tx_process_fu_1977/grp_dhcp_build_headers_fu_431/ip_words_U/q00[9]
    SLICE_X56Y272        FDRE                                         r  u_hls/grp_dhcp_tx_process_fu_1977/grp_dhcp_build_headers_fu_431/ip_words_U/q0_reg[9]/D
  -------------------------------------------------------------------    -------------------

                         (clock gmii_clk rise edge)
                                                      4.000     4.000 f  
    AB2                                               0.000     4.000 f  phy1_rxc (IN)
                         net (fo=0)                   0.000     4.000    phy1_rxc
    AB2                  IBUF (Prop_ibuf_I_O)         0.292     4.292 f  phy1_rxc_IBUF_inst/O
                         net (fo=1, routed)           2.279     6.571    u_rgmii/phy1_rxc_IBUF
    SLICE_X80Y196        LUT1 (Prop_lut1_I0_O)        0.035     6.606 r  u_rgmii/bufmr_rgmii_rxc_i_1/O
                         net (fo=1, routed)           0.276     6.882    u_rgmii/I0
    BUFGCTRL_X0Y0        BUFG (Prop_bufg_I_O)         0.030     6.912 r  u_rgmii/bufmr_rgmii_rxc/O
                         net (fo=47333, routed)       0.820     7.732    u_hls/grp_dhcp_tx_process_fu_1977/grp_dhcp_build_headers_fu_431/ip_words_U/gmii_clk
    SLICE_X56Y272        FDRE                                         r  u_hls/grp_dhcp_tx_process_fu_1977/grp_dhcp_build_headers_fu_431/ip_words_U/q0_reg[9]/C
                         clock pessimism             -0.779     6.953    
                         clock uncertainty            0.200     7.153    
    SLICE_X56Y272        FDRE (Hold_fdre_C_D)         0.087     7.240    u_hls/grp_dhcp_tx_process_fu_1977/grp_dhcp_build_headers_fu_431/ip_words_U/q0_reg[9]
  -------------------------------------------------------------------
                         required time                         -7.240    
                         arrival time                           7.247    
  -------------------------------------------------------------------
                         slack                                  0.007    

Slack (MET) :             0.007ns  (arrival time - required time)
  Source:                 u_hls/grp_dhcp_tx_process_fu_1977/grp_dhcp_build_headers_fu_431/ip_words_U/ram_reg_0_15_9_9/SP/CLK
                            (rising edge-triggered cell RAMS32 clocked by gmii_clk  {rise@4.000ns fall@8.000ns period=8.000ns})
  Destination:            u_hls/grp_dhcp_tx_process_fu_1977/grp_dhcp_build_headers_fu_431/ip_words_U/q0_reg[9]/D
                            (rising edge-triggered cell FDRE clocked by gmii_clk  {rise@4.000ns fall@8.000ns period=8.000ns})
  Path Group:             gmii_clk
  Path Type:              Hold (Min at Fast Process Corner)
  Requirement:            0.000ns  (gmii_clk rise@4.000ns - gmii_clk rise@4.000ns)
  Data Path Delay:        0.294ns  (logic 0.294ns (100.000%)  route 0.000ns (0.000%))
  Logic Levels:           0  
  Clock Path Skew:        0.000ns (DCD - SCD - CPR)
    Destination Clock Delay (DCD):    3.732ns = ( 7.732 - 4.000 ) 
    Source Clock Delay      (SCD):    2.953ns = ( 6.953 - 4.000 ) 
    Clock Pessimism Removal (CPR):    0.779ns
  Clock Uncertainty:      0.200ns  ((TSJ^2 + TIJ^2)^1/2 + DJ) / 2 + PE + UU
    Total System Jitter     (TSJ):    0.000ns
    Total Input Jitter      (TIJ):    0.000ns
    Discrete Jitter          (DJ):    0.000ns
    Phase Error              (PE):    0.000ns
    User Uncertainty         (UU):    0.200ns

    Location             Delay type                Incr(ns)  Path(ns)    Netlist Resource(s)
  -------------------------------------------------------------------    -------------------
                         (clock gmii_clk rise edge)
                                                      4.000     4.000 r  
    AB2                                               0.000     4.000 f  phy1_rxc (IN)
                         net (fo=0)                   0.000     4.000    phy1_rxc
    AB2                  IBUF (Prop_ibuf_I_O)         0.126     4.126 f  phy1_rxc_IBUF_inst/O
                         net (fo=1, routed)           1.940     6.066    u_rgmii/phy1_rxc_IBUF
    SLICE_X80Y196        LUT1 (Prop_lut1_I0_O)        0.028     6.094 r  u_rgmii/bufmr_rgmii_rxc_i_1/O
                         net (fo=1, routed)           0.235     6.329    u_rgmii/I0
    BUFGCTRL_X0Y0        BUFG (Prop_bufg_I_O)         0.026     6.355 r  u_rgmii/bufmr_rgmii_rxc/O
                         net (fo=47333, routed)       0.598     6.953    u_hls/grp_dhcp_tx_process_fu_1977/grp_dhcp_build_headers_fu_431/ip_words_U/ram_reg_0_15_9_9/WCLK
    SLICE_X56Y272        RAMS32                                       r  u_hls/grp_dhcp_tx_process_fu_1977/grp_dhcp_build_headers_fu_431/ip_words_U/ram_reg_0_15_9_9/SP/CLK
  -------------------------------------------------------------------    -------------------
    SLICE_X56Y272        RAMS32 (Prop_rams32_CLK_O)
                                                      0.294     7.247 f  u_hls/grp_dhcp_tx_process_fu_1977/grp_dhcp_build_headers_fu_431/ip_words_U/ram_reg_0_15_9_9/SP/O
                         net (fo=1, routed)           0.000     7.247    u_hls/grp_dhcp_tx_process_fu_1977/grp_dhcp_build_headers_fu_431/ip_words_U/q00[9]
    SLICE_X56Y272        FDRE                                         f  u_hls/grp_dhcp_tx_process_fu_1977/grp_dhcp_build_headers_fu_431/ip_words_U/q0_reg[9]/D
  -------------------------------------------------------------------    -------------------

                         (clock gmii_clk rise edge)
                                                      4.000     4.000 f  
    AB2                                               0.000     4.000 f  phy1_rxc (IN)
                         net (fo=0)                   0.000     4.000    phy1_rxc
    AB2                  IBUF (Prop_ibuf_I_O)         0.292     4.292 f  phy1_rxc_IBUF_inst/O
                         net (fo=1, routed)           2.279     6.571    u_rgmii/phy1_rxc_IBUF
    SLICE_X80Y196        LUT1 (Prop_lut1_I0_O)        0.035     6.606 r  u_rgmii/bufmr_rgmii_rxc_i_1/O
                         net (fo=1, routed)           0.276     6.882    u_rgmii/I0
    BUFGCTRL_X0Y0        BUFG (Prop_bufg_I_O)         0.030     6.912 r  u_rgmii/bufmr_rgmii_rxc/O
                         net (fo=47333, routed)       0.820     7.732    u_hls/grp_dhcp_tx_process_fu_1977/grp_dhcp_build_headers_fu_431/ip_words_U/gmii_clk
    SLICE_X56Y272        FDRE                                         r  u_hls/grp_dhcp_tx_process_fu_1977/grp_dhcp_build_headers_fu_431/ip_words_U/q0_reg[9]/C
                         clock pessimism             -0.779     6.953    
                         clock uncertainty            0.200     7.153    
    SLICE_X56Y272        FDRE (Hold_fdre_C_D)         0.087     7.240    u_hls/grp_dhcp_tx_process_fu_1977/grp_dhcp_build_headers_fu_431/ip_words_U/q0_reg[9]
  -------------------------------------------------------------------
                         required time                         -7.240    
                         arrival time                           7.247    
  -------------------------------------------------------------------
                         slack                                  0.007    

Slack (MET) :             0.007ns  (arrival time - required time)
  Source:                 u_hls/grp_icmp_rx_process_fu_1942/ip_words_U/ram_reg_0_15_12_12/SP/CLK
                            (rising edge-triggered cell RAMS32 clocked by gmii_clk  {rise@4.000ns fall@8.000ns period=8.000ns})
  Destination:            u_hls/grp_icmp_rx_process_fu_1942/ip_words_U/q0_reg[12]/D
                            (rising edge-triggered cell FDRE clocked by gmii_clk  {rise@4.000ns fall@8.000ns period=8.000ns})
  Path Group:             gmii_clk
  Path Type:              Hold (Min at Fast Process Corner)
  Requirement:            0.000ns  (gmii_clk rise@4.000ns - gmii_clk rise@4.000ns)
  Data Path Delay:        0.294ns  (logic 0.294ns (100.000%)  route 0.000ns (0.000%))
  Logic Levels:           0  
  Clock Path Skew:        0.000ns (DCD - SCD - CPR)
    Destination Clock Delay (DCD):    3.734ns = ( 7.734 - 4.000 ) 
    Source Clock Delay      (SCD):    2.954ns = ( 6.954 - 4.000 ) 
    Clock Pessimism Removal (CPR):    0.780ns
  Clock Uncertainty:      0.200ns  ((TSJ^2 + TIJ^2)^1/2 + DJ) / 2 + PE + UU
    Total System Jitter     (TSJ):    0.000ns
    Total Input Jitter      (TIJ):    0.000ns
    Discrete Jitter          (DJ):    0.000ns
    Phase Error              (PE):    0.000ns
    User Uncertainty         (UU):    0.200ns

    Location             Delay type                Incr(ns)  Path(ns)    Netlist Resource(s)
  -------------------------------------------------------------------    -------------------
                         (clock gmii_clk rise edge)
                                                      4.000     4.000 r  
    AB2                                               0.000     4.000 f  phy1_rxc (IN)
                         net (fo=0)                   0.000     4.000    phy1_rxc
    AB2                  IBUF (Prop_ibuf_I_O)         0.126     4.126 f  phy1_rxc_IBUF_inst/O
                         net (fo=1, routed)           1.940     6.066    u_rgmii/phy1_rxc_IBUF
    SLICE_X80Y196        LUT1 (Prop_lut1_I0_O)        0.028     6.094 r  u_rgmii/bufmr_rgmii_rxc_i_1/O
                         net (fo=1, routed)           0.235     6.329    u_rgmii/I0
    BUFGCTRL_X0Y0        BUFG (Prop_bufg_I_O)         0.026     6.355 r  u_rgmii/bufmr_rgmii_rxc/O
                         net (fo=47333, routed)       0.599     6.954    u_hls/grp_icmp_rx_process_fu_1942/ip_words_U/ram_reg_0_15_12_12/WCLK
    SLICE_X78Y266        RAMS32                                       r  u_hls/grp_icmp_rx_process_fu_1942/ip_words_U/ram_reg_0_15_12_12/SP/CLK
  -------------------------------------------------------------------    -------------------
    SLICE_X78Y266        RAMS32 (Prop_rams32_CLK_O)
                                                      0.294     7.248 r  u_hls/grp_icmp_rx_process_fu_1942/ip_words_U/ram_reg_0_15_12_12/SP/O
                         net (fo=1, routed)           0.000     7.248    u_hls/grp_icmp_rx_process_fu_1942/ip_words_U/q00[12]
    SLICE_X78Y266        FDRE                                         r  u_hls/grp_icmp_rx_process_fu_1942/ip_words_U/q0_reg[12]/D
  -------------------------------------------------------------------    -------------------

                         (clock gmii_clk rise edge)
                                                      4.000     4.000 f  
    AB2                                               0.000     4.000 f  phy1_rxc (IN)
                         net (fo=0)                   0.000     4.000    phy1_rxc
    AB2                  IBUF (Prop_ibuf_I_O)         0.292     4.292 f  phy1_rxc_IBUF_inst/O
                         net (fo=1, routed)           2.279     6.571    u_rgmii/phy1_rxc_IBUF
    SLICE_X80Y196        LUT1 (Prop_lut1_I0_O)        0.035     6.606 r  u_rgmii/bufmr_rgmii_rxc_i_1/O
                         net (fo=1, routed)           0.276     6.882    u_rgmii/I0
    BUFGCTRL_X0Y0        BUFG (Prop_bufg_I_O)         0.030     6.912 r  u_rgmii/bufmr_rgmii_rxc/O
                         net (fo=47333, routed)       0.822     7.734    u_hls/grp_icmp_rx_process_fu_1942/ip_words_U/gmii_clk
    SLICE_X78Y266        FDRE                                         r  u_hls/grp_icmp_rx_process_fu_1942/ip_words_U/q0_reg[12]/C
                         clock pessimism             -0.780     6.954    
                         clock uncertainty            0.200     7.154    
    SLICE_X78Y266        FDRE (Hold_fdre_C_D)         0.087     7.241    u_hls/grp_icmp_rx_process_fu_1942/ip_words_U/q0_reg[12]
  -------------------------------------------------------------------
                         required time                         -7.241    
                         arrival time                           7.248    
  -------------------------------------------------------------------
                         slack                                  0.007    

Slack (MET) :             0.007ns  (arrival time - required time)
  Source:                 u_hls/grp_icmp_rx_process_fu_1942/ip_words_U/ram_reg_0_15_12_12/SP/CLK
                            (rising edge-triggered cell RAMS32 clocked by gmii_clk  {rise@4.000ns fall@8.000ns period=8.000ns})
  Destination:            u_hls/grp_icmp_rx_process_fu_1942/ip_words_U/q0_reg[12]/D
                            (rising edge-triggered cell FDRE clocked by gmii_clk  {rise@4.000ns fall@8.000ns period=8.000ns})
  Path Group:             gmii_clk
  Path Type:              Hold (Min at Fast Process Corner)
  Requirement:            0.000ns  (gmii_clk rise@4.000ns - gmii_clk rise@4.000ns)
  Data Path Delay:        0.294ns  (logic 0.294ns (100.000%)  route 0.000ns (0.000%))
  Logic Levels:           0  
  Clock Path Skew:        0.000ns (DCD - SCD - CPR)
    Destination Clock Delay (DCD):    3.734ns = ( 7.734 - 4.000 ) 
    Source Clock Delay      (SCD):    2.954ns = ( 6.954 - 4.000 ) 
    Clock Pessimism Removal (CPR):    0.780ns
  Clock Uncertainty:      0.200ns  ((TSJ^2 + TIJ^2)^1/2 + DJ) / 2 + PE + UU
    Total System Jitter     (TSJ):    0.000ns
    Total Input Jitter      (TIJ):    0.000ns
    Discrete Jitter          (DJ):    0.000ns
    Phase Error              (PE):    0.000ns
    User Uncertainty         (UU):    0.200ns

    Location             Delay type                Incr(ns)  Path(ns)    Netlist Resource(s)
  -------------------------------------------------------------------    -------------------
                         (clock gmii_clk rise edge)
                                                      4.000     4.000 r  
    AB2                                               0.000     4.000 f  phy1_rxc (IN)
                         net (fo=0)                   0.000     4.000    phy1_rxc
    AB2                  IBUF (Prop_ibuf_I_O)         0.126     4.126 f  phy1_rxc_IBUF_inst/O
                         net (fo=1, routed)           1.940     6.066    u_rgmii/phy1_rxc_IBUF
    SLICE_X80Y196        LUT1 (Prop_lut1_I0_O)        0.028     6.094 r  u_rgmii/bufmr_rgmii_rxc_i_1/O
                         net (fo=1, routed)           0.235     6.329    u_rgmii/I0
    BUFGCTRL_X0Y0        BUFG (Prop_bufg_I_O)         0.026     6.355 r  u_rgmii/bufmr_rgmii_rxc/O
                         net (fo=47333, routed)       0.599     6.954    u_hls/grp_icmp_rx_process_fu_1942/ip_words_U/ram_reg_0_15_12_12/WCLK
    SLICE_X78Y266        RAMS32                                       r  u_hls/grp_icmp_rx_process_fu_1942/ip_words_U/ram_reg_0_15_12_12/SP/CLK
  -------------------------------------------------------------------    -------------------
    SLICE_X78Y266        RAMS32 (Prop_rams32_CLK_O)
                                                      0.294     7.248 f  u_hls/grp_icmp_rx_process_fu_1942/ip_words_U/ram_reg_0_15_12_12/SP/O
                         net (fo=1, routed)           0.000     7.248    u_hls/grp_icmp_rx_process_fu_1942/ip_words_U/q00[12]
    SLICE_X78Y266        FDRE                                         f  u_hls/grp_icmp_rx_process_fu_1942/ip_words_U/q0_reg[12]/D
  -------------------------------------------------------------------    -------------------

                         (clock gmii_clk rise edge)
                                                      4.000     4.000 f  
    AB2                                               0.000     4.000 f  phy1_rxc (IN)
                         net (fo=0)                   0.000     4.000    phy1_rxc
    AB2                  IBUF (Prop_ibuf_I_O)         0.292     4.292 f  phy1_rxc_IBUF_inst/O
                         net (fo=1, routed)           2.279     6.571    u_rgmii/phy1_rxc_IBUF
    SLICE_X80Y196        LUT1 (Prop_lut1_I0_O)        0.035     6.606 r  u_rgmii/bufmr_rgmii_rxc_i_1/O
                         net (fo=1, routed)           0.276     6.882    u_rgmii/I0
    BUFGCTRL_X0Y0        BUFG (Prop_bufg_I_O)         0.030     6.912 r  u_rgmii/bufmr_rgmii_rxc/O
                         net (fo=47333, routed)       0.822     7.734    u_hls/grp_icmp_rx_process_fu_1942/ip_words_U/gmii_clk
    SLICE_X78Y266        FDRE                                         r  u_hls/grp_icmp_rx_process_fu_1942/ip_words_U/q0_reg[12]/C
                         clock pessimism             -0.780     6.954    
                         clock uncertainty            0.200     7.154    
    SLICE_X78Y266        FDRE (Hold_fdre_C_D)         0.087     7.241    u_hls/grp_icmp_rx_process_fu_1942/ip_words_U/q0_reg[12]
  -------------------------------------------------------------------
                         required time                         -7.241    
                         arrival time                           7.248    
  -------------------------------------------------------------------
                         slack                                  0.007    

Slack (MET) :             0.007ns  (arrival time - required time)
  Source:                 u_hls/grp_icmp_rx_process_fu_1942/ip_words_U/ram_reg_0_15_1_1/SP/CLK
                            (rising edge-triggered cell RAMS32 clocked by gmii_clk  {rise@4.000ns fall@8.000ns period=8.000ns})
  Destination:            u_hls/grp_icmp_rx_process_fu_1942/ip_words_U/q0_reg[1]/D
                            (rising edge-triggered cell FDRE clocked by gmii_clk  {rise@4.000ns fall@8.000ns period=8.000ns})
  Path Group:             gmii_clk
  Path Type:              Hold (Min at Fast Process Corner)
  Requirement:            0.000ns  (gmii_clk rise@4.000ns - gmii_clk rise@4.000ns)
  Data Path Delay:        0.294ns  (logic 0.294ns (100.000%)  route 0.000ns (0.000%))
  Logic Levels:           0  
  Clock Path Skew:        0.000ns (DCD - SCD - CPR)
    Destination Clock Delay (DCD):    3.733ns = ( 7.733 - 4.000 ) 
    Source Clock Delay      (SCD):    2.953ns = ( 6.953 - 4.000 ) 
    Clock Pessimism Removal (CPR):    0.780ns
  Clock Uncertainty:      0.200ns  ((TSJ^2 + TIJ^2)^1/2 + DJ) / 2 + PE + UU
    Total System Jitter     (TSJ):    0.000ns
    Total Input Jitter      (TIJ):    0.000ns
    Discrete Jitter          (DJ):    0.000ns
    Phase Error              (PE):    0.000ns
    User Uncertainty         (UU):    0.200ns

    Location             Delay type                Incr(ns)  Path(ns)    Netlist Resource(s)
  -------------------------------------------------------------------    -------------------
                         (clock gmii_clk rise edge)
                                                      4.000     4.000 r  
    AB2                                               0.000     4.000 f  phy1_rxc (IN)
                         net (fo=0)                   0.000     4.000    phy1_rxc
    AB2                  IBUF (Prop_ibuf_I_O)         0.126     4.126 f  phy1_rxc_IBUF_inst/O
                         net (fo=1, routed)           1.940     6.066    u_rgmii/phy1_rxc_IBUF
    SLICE_X80Y196        LUT1 (Prop_lut1_I0_O)        0.028     6.094 r  u_rgmii/bufmr_rgmii_rxc_i_1/O
                         net (fo=1, routed)           0.235     6.329    u_rgmii/I0
    BUFGCTRL_X0Y0        BUFG (Prop_bufg_I_O)         0.026     6.355 r  u_rgmii/bufmr_rgmii_rxc/O
                         net (fo=47333, routed)       0.598     6.953    u_hls/grp_icmp_rx_process_fu_1942/ip_words_U/ram_reg_0_15_1_1/WCLK
    SLICE_X78Y267        RAMS32                                       r  u_hls/grp_icmp_rx_process_fu_1942/ip_words_U/ram_reg_0_15_1_1/SP/CLK
  -------------------------------------------------------------------    -------------------
    SLICE_X78Y267        RAMS32 (Prop_rams32_CLK_O)
                                                      0.294     7.247 r  u_hls/grp_icmp_rx_process_fu_1942/ip_words_U/ram_reg_0_15_1_1/SP/O
                         net (fo=1, routed)           0.000     7.247    u_hls/grp_icmp_rx_process_fu_1942/ip_words_U/q00[1]
    SLICE_X78Y267        FDRE                                         r  u_hls/grp_icmp_rx_process_fu_1942/ip_words_U/q0_reg[1]/D
  -------------------------------------------------------------------    -------------------

                         (clock gmii_clk rise edge)
                                                      4.000     4.000 f  
    AB2                                               0.000     4.000 f  phy1_rxc (IN)
                         net (fo=0)                   0.000     4.000    phy1_rxc
    AB2                  IBUF (Prop_ibuf_I_O)         0.292     4.292 f  phy1_rxc_IBUF_inst/O
                         net (fo=1, routed)           2.279     6.571    u_rgmii/phy1_rxc_IBUF
    SLICE_X80Y196        LUT1 (Prop_lut1_I0_O)        0.035     6.606 r  u_rgmii/bufmr_rgmii_rxc_i_1/O
                         net (fo=1, routed)           0.276     6.882    u_rgmii/I0
    BUFGCTRL_X0Y0        BUFG (Prop_bufg_I_O)         0.030     6.912 r  u_rgmii/bufmr_rgmii_rxc/O
                         net (fo=47333, routed)       0.821     7.733    u_hls/grp_icmp_rx_process_fu_1942/ip_words_U/gmii_clk
    SLICE_X78Y267        FDRE                                         r  u_hls/grp_icmp_rx_process_fu_1942/ip_words_U/q0_reg[1]/C
                         clock pessimism             -0.780     6.953    
                         clock uncertainty            0.200     7.153    
    SLICE_X78Y267        FDRE (Hold_fdre_C_D)         0.087     7.240    u_hls/grp_icmp_rx_process_fu_1942/ip_words_U/q0_reg[1]
  -------------------------------------------------------------------
                         required time                         -7.240    
                         arrival time                           7.247    
  -------------------------------------------------------------------
                         slack                                  0.007    

Slack (MET) :             0.007ns  (arrival time - required time)
  Source:                 u_hls/grp_icmp_rx_process_fu_1942/ip_words_U/ram_reg_0_15_1_1/SP/CLK
                            (rising edge-triggered cell RAMS32 clocked by gmii_clk  {rise@4.000ns fall@8.000ns period=8.000ns})
  Destination:            u_hls/grp_icmp_rx_process_fu_1942/ip_words_U/q0_reg[1]/D
                            (rising edge-triggered cell FDRE clocked by gmii_clk  {rise@4.000ns fall@8.000ns period=8.000ns})
  Path Group:             gmii_clk
  Path Type:              Hold (Min at Fast Process Corner)
  Requirement:            0.000ns  (gmii_clk rise@4.000ns - gmii_clk rise@4.000ns)
  Data Path Delay:        0.294ns  (logic 0.294ns (100.000%)  route 0.000ns (0.000%))
  Logic Levels:           0  
  Clock Path Skew:        0.000ns (DCD - SCD - CPR)
    Destination Clock Delay (DCD):    3.733ns = ( 7.733 - 4.000 ) 
    Source Clock Delay      (SCD):    2.953ns = ( 6.953 - 4.000 ) 
    Clock Pessimism Removal (CPR):    0.780ns
  Clock Uncertainty:      0.200ns  ((TSJ^2 + TIJ^2)^1/2 + DJ) / 2 + PE + UU
    Total System Jitter     (TSJ):    0.000ns
    Total Input Jitter      (TIJ):    0.000ns
    Discrete Jitter          (DJ):    0.000ns
    Phase Error              (PE):    0.000ns
    User Uncertainty         (UU):    0.200ns

    Location             Delay type                Incr(ns)  Path(ns)    Netlist Resource(s)
  -------------------------------------------------------------------    -------------------
                         (clock gmii_clk rise edge)
                                                      4.000     4.000 r  
    AB2                                               0.000     4.000 f  phy1_rxc (IN)
                         net (fo=0)                   0.000     4.000    phy1_rxc
    AB2                  IBUF (Prop_ibuf_I_O)         0.126     4.126 f  phy1_rxc_IBUF_inst/O
                         net (fo=1, routed)           1.940     6.066    u_rgmii/phy1_rxc_IBUF
    SLICE_X80Y196        LUT1 (Prop_lut1_I0_O)        0.028     6.094 r  u_rgmii/bufmr_rgmii_rxc_i_1/O
                         net (fo=1, routed)           0.235     6.329    u_rgmii/I0
    BUFGCTRL_X0Y0        BUFG (Prop_bufg_I_O)         0.026     6.355 r  u_rgmii/bufmr_rgmii_rxc/O
                         net (fo=47333, routed)       0.598     6.953    u_hls/grp_icmp_rx_process_fu_1942/ip_words_U/ram_reg_0_15_1_1/WCLK
    SLICE_X78Y267        RAMS32                                       r  u_hls/grp_icmp_rx_process_fu_1942/ip_words_U/ram_reg_0_15_1_1/SP/CLK
  -------------------------------------------------------------------    -------------------
    SLICE_X78Y267        RAMS32 (Prop_rams32_CLK_O)
                                                      0.294     7.247 f  u_hls/grp_icmp_rx_process_fu_1942/ip_words_U/ram_reg_0_15_1_1/SP/O
                         net (fo=1, routed)           0.000     7.247    u_hls/grp_icmp_rx_process_fu_1942/ip_words_U/q00[1]
    SLICE_X78Y267        FDRE                                         f  u_hls/grp_icmp_rx_process_fu_1942/ip_words_U/q0_reg[1]/D
  -------------------------------------------------------------------    -------------------

                         (clock gmii_clk rise edge)
                                                      4.000     4.000 f  
    AB2                                               0.000     4.000 f  phy1_rxc (IN)
                         net (fo=0)                   0.000     4.000    phy1_rxc
    AB2                  IBUF (Prop_ibuf_I_O)         0.292     4.292 f  phy1_rxc_IBUF_inst/O
                         net (fo=1, routed)           2.279     6.571    u_rgmii/phy1_rxc_IBUF
    SLICE_X80Y196        LUT1 (Prop_lut1_I0_O)        0.035     6.606 r  u_rgmii/bufmr_rgmii_rxc_i_1/O
                         net (fo=1, routed)           0.276     6.882    u_rgmii/I0
    BUFGCTRL_X0Y0        BUFG (Prop_bufg_I_O)         0.030     6.912 r  u_rgmii/bufmr_rgmii_rxc/O
                         net (fo=47333, routed)       0.821     7.733    u_hls/grp_icmp_rx_process_fu_1942/ip_words_U/gmii_clk
    SLICE_X78Y267        FDRE                                         r  u_hls/grp_icmp_rx_process_fu_1942/ip_words_U/q0_reg[1]/C
                         clock pessimism             -0.780     6.953    
                         clock uncertainty            0.200     7.153    
    SLICE_X78Y267        FDRE (Hold_fdre_C_D)         0.087     7.240    u_hls/grp_icmp_rx_process_fu_1942/ip_words_U/q0_reg[1]
  -------------------------------------------------------------------
                         required time                         -7.240    
                         arrival time                           7.247    
  -------------------------------------------------------------------
                         slack                                  0.007    

Slack (MET) :             0.007ns  (arrival time - required time)
  Source:                 u_hls/grp_icmp_rx_process_fu_1942/ip_words_U/ram_reg_0_15_5_5/SP/CLK
                            (rising edge-triggered cell RAMS32 clocked by gmii_clk  {rise@4.000ns fall@8.000ns period=8.000ns})
  Destination:            u_hls/grp_icmp_rx_process_fu_1942/ip_words_U/q0_reg[5]/D
                            (rising edge-triggered cell FDRE clocked by gmii_clk  {rise@4.000ns fall@8.000ns period=8.000ns})
  Path Group:             gmii_clk
  Path Type:              Hold (Min at Fast Process Corner)
  Requirement:            0.000ns  (gmii_clk rise@4.000ns - gmii_clk rise@4.000ns)
  Data Path Delay:        0.294ns  (logic 0.294ns (100.000%)  route 0.000ns (0.000%))
  Logic Levels:           0  
  Clock Path Skew:        0.000ns (DCD - SCD - CPR)
    Destination Clock Delay (DCD):    3.735ns = ( 7.735 - 4.000 ) 
    Source Clock Delay      (SCD):    2.955ns = ( 6.955 - 4.000 ) 
    Clock Pessimism Removal (CPR):    0.780ns
  Clock Uncertainty:      0.200ns  ((TSJ^2 + TIJ^2)^1/2 + DJ) / 2 + PE + UU
    Total System Jitter     (TSJ):    0.000ns
    Total Input Jitter      (TIJ):    0.000ns
    Discrete Jitter          (DJ):    0.000ns
    Phase Error              (PE):    0.000ns
    User Uncertainty         (UU):    0.200ns

    Location             Delay type                Incr(ns)  Path(ns)    Netlist Resource(s)
  -------------------------------------------------------------------    -------------------
                         (clock gmii_clk rise edge)
                                                      4.000     4.000 r  
    AB2                                               0.000     4.000 f  phy1_rxc (IN)
                         net (fo=0)                   0.000     4.000    phy1_rxc
    AB2                  IBUF (Prop_ibuf_I_O)         0.126     4.126 f  phy1_rxc_IBUF_inst/O
                         net (fo=1, routed)           1.940     6.066    u_rgmii/phy1_rxc_IBUF
    SLICE_X80Y196        LUT1 (Prop_lut1_I0_O)        0.028     6.094 r  u_rgmii/bufmr_rgmii_rxc_i_1/O
                         net (fo=1, routed)           0.235     6.329    u_rgmii/I0
    BUFGCTRL_X0Y0        BUFG (Prop_bufg_I_O)         0.026     6.355 r  u_rgmii/bufmr_rgmii_rxc/O
                         net (fo=47333, routed)       0.600     6.955    u_hls/grp_icmp_rx_process_fu_1942/ip_words_U/ram_reg_0_15_5_5/WCLK
    SLICE_X78Y265        RAMS32                                       r  u_hls/grp_icmp_rx_process_fu_1942/ip_words_U/ram_reg_0_15_5_5/SP/CLK
  -------------------------------------------------------------------    -------------------
    SLICE_X78Y265        RAMS32 (Prop_rams32_CLK_O)
                                                      0.294     7.249 r  u_hls/grp_icmp_rx_process_fu_1942/ip_words_U/ram_reg_0_15_5_5/SP/O
                         net (fo=1, routed)           0.000     7.249    u_hls/grp_icmp_rx_process_fu_1942/ip_words_U/q00[5]
    SLICE_X78Y265        FDRE                                         r  u_hls/grp_icmp_rx_process_fu_1942/ip_words_U/q0_reg[5]/D
  -------------------------------------------------------------------    -------------------

                         (clock gmii_clk rise edge)
                                                      4.000     4.000 f  
    AB2                                               0.000     4.000 f  phy1_rxc (IN)
                         net (fo=0)                   0.000     4.000    phy1_rxc
    AB2                  IBUF (Prop_ibuf_I_O)         0.292     4.292 f  phy1_rxc_IBUF_inst/O
                         net (fo=1, routed)           2.279     6.571    u_rgmii/phy1_rxc_IBUF
    SLICE_X80Y196        LUT1 (Prop_lut1_I0_O)        0.035     6.606 r  u_rgmii/bufmr_rgmii_rxc_i_1/O
                         net (fo=1, routed)           0.276     6.882    u_rgmii/I0
    BUFGCTRL_X0Y0        BUFG (Prop_bufg_I_O)         0.030     6.912 r  u_rgmii/bufmr_rgmii_rxc/O
                         net (fo=47333, routed)       0.823     7.735    u_hls/grp_icmp_rx_process_fu_1942/ip_words_U/gmii_clk
    SLICE_X78Y265        FDRE                                         r  u_hls/grp_icmp_rx_process_fu_1942/ip_words_U/q0_reg[5]/C
                         clock pessimism             -0.780     6.955    
                         clock uncertainty            0.200     7.155    
    SLICE_X78Y265        FDRE (Hold_fdre_C_D)         0.087     7.242    u_hls/grp_icmp_rx_process_fu_1942/ip_words_U/q0_reg[5]
  -------------------------------------------------------------------
                         required time                         -7.242    
                         arrival time                           7.249    
  -------------------------------------------------------------------
                         slack                                  0.007    

Slack (MET) :             0.007ns  (arrival time - required time)
  Source:                 u_hls/grp_icmp_rx_process_fu_1942/ip_words_U/ram_reg_0_15_5_5/SP/CLK
                            (rising edge-triggered cell RAMS32 clocked by gmii_clk  {rise@4.000ns fall@8.000ns period=8.000ns})
  Destination:            u_hls/grp_icmp_rx_process_fu_1942/ip_words_U/q0_reg[5]/D
                            (rising edge-triggered cell FDRE clocked by gmii_clk  {rise@4.000ns fall@8.000ns period=8.000ns})
  Path Group:             gmii_clk
  Path Type:              Hold (Min at Fast Process Corner)
  Requirement:            0.000ns  (gmii_clk rise@4.000ns - gmii_clk rise@4.000ns)
  Data Path Delay:        0.294ns  (logic 0.294ns (100.000%)  route 0.000ns (0.000%))
  Logic Levels:           0  
  Clock Path Skew:        0.000ns (DCD - SCD - CPR)
    Destination Clock Delay (DCD):    3.735ns = ( 7.735 - 4.000 ) 
    Source Clock Delay      (SCD):    2.955ns = ( 6.955 - 4.000 ) 
    Clock Pessimism Removal (CPR):    0.780ns
  Clock Uncertainty:      0.200ns  ((TSJ^2 + TIJ^2)^1/2 + DJ) / 2 + PE + UU
    Total System Jitter     (TSJ):    0.000ns
    Total Input Jitter      (TIJ):    0.000ns
    Discrete Jitter          (DJ):    0.000ns
    Phase Error              (PE):    0.000ns
    User Uncertainty         (UU):    0.200ns

    Location             Delay type                Incr(ns)  Path(ns)    Netlist Resource(s)
  -------------------------------------------------------------------    -------------------
                         (clock gmii_clk rise edge)
                                                      4.000     4.000 r  
    AB2                                               0.000     4.000 f  phy1_rxc (IN)
                         net (fo=0)                   0.000     4.000    phy1_rxc
    AB2                  IBUF (Prop_ibuf_I_O)         0.126     4.126 f  phy1_rxc_IBUF_inst/O
                         net (fo=1, routed)           1.940     6.066    u_rgmii/phy1_rxc_IBUF
    SLICE_X80Y196        LUT1 (Prop_lut1_I0_O)        0.028     6.094 r  u_rgmii/bufmr_rgmii_rxc_i_1/O
                         net (fo=1, routed)           0.235     6.329    u_rgmii/I0
    BUFGCTRL_X0Y0        BUFG (Prop_bufg_I_O)         0.026     6.355 r  u_rgmii/bufmr_rgmii_rxc/O
                         net (fo=47333, routed)       0.600     6.955    u_hls/grp_icmp_rx_process_fu_1942/ip_words_U/ram_reg_0_15_5_5/WCLK
    SLICE_X78Y265        RAMS32                                       r  u_hls/grp_icmp_rx_process_fu_1942/ip_words_U/ram_reg_0_15_5_5/SP/CLK
  -------------------------------------------------------------------    -------------------
    SLICE_X78Y265        RAMS32 (Prop_rams32_CLK_O)
                                                      0.294     7.249 f  u_hls/grp_icmp_rx_process_fu_1942/ip_words_U/ram_reg_0_15_5_5/SP/O
                         net (fo=1, routed)           0.000     7.249    u_hls/grp_icmp_rx_process_fu_1942/ip_words_U/q00[5]
    SLICE_X78Y265        FDRE                                         f  u_hls/grp_icmp_rx_process_fu_1942/ip_words_U/q0_reg[5]/D
  -------------------------------------------------------------------    -------------------

                         (clock gmii_clk rise edge)
                                                      4.000     4.000 f  
    AB2                                               0.000     4.000 f  phy1_rxc (IN)
                         net (fo=0)                   0.000     4.000    phy1_rxc
    AB2                  IBUF (Prop_ibuf_I_O)         0.292     4.292 f  phy1_rxc_IBUF_inst/O
                         net (fo=1, routed)           2.279     6.571    u_rgmii/phy1_rxc_IBUF
    SLICE_X80Y196        LUT1 (Prop_lut1_I0_O)        0.035     6.606 r  u_rgmii/bufmr_rgmii_rxc_i_1/O
                         net (fo=1, routed)           0.276     6.882    u_rgmii/I0
    BUFGCTRL_X0Y0        BUFG (Prop_bufg_I_O)         0.030     6.912 r  u_rgmii/bufmr_rgmii_rxc/O
                         net (fo=47333, routed)       0.823     7.735    u_hls/grp_icmp_rx_process_fu_1942/ip_words_U/gmii_clk
    SLICE_X78Y265        FDRE                                         r  u_hls/grp_icmp_rx_process_fu_1942/ip_words_U/q0_reg[5]/C
                         clock pessimism             -0.780     6.955    
                         clock uncertainty            0.200     7.155    
    SLICE_X78Y265        FDRE (Hold_fdre_C_D)         0.087     7.242    u_hls/grp_icmp_rx_process_fu_1942/ip_words_U/q0_reg[5]
  -------------------------------------------------------------------
                         required time                         -7.242    
                         arrival time                           7.249    
  -------------------------------------------------------------------
                         slack                                  0.007    

Slack (MET) :             0.007ns  (arrival time - required time)
  Source:                 u_hls/grp_igmp_rx_process_fu_1923/ip_words_U/ram_reg_0_15_12_12/SP/CLK
                            (rising edge-triggered cell RAMS32 clocked by gmii_clk  {rise@4.000ns fall@8.000ns period=8.000ns})
  Destination:            u_hls/grp_igmp_rx_process_fu_1923/ip_words_U/q0_reg[12]/D
                            (rising edge-triggered cell FDRE clocked by gmii_clk  {rise@4.000ns fall@8.000ns period=8.000ns})
  Path Group:             gmii_clk
  Path Type:              Hold (Min at Fast Process Corner)
  Requirement:            0.000ns  (gmii_clk rise@4.000ns - gmii_clk rise@4.000ns)
  Data Path Delay:        0.294ns  (logic 0.294ns (100.000%)  route 0.000ns (0.000%))
  Logic Levels:           0  
  Clock Path Skew:        0.000ns (DCD - SCD - CPR)
    Destination Clock Delay (DCD):    3.825ns = ( 7.825 - 4.000 ) 
    Source Clock Delay      (SCD):    3.043ns = ( 7.043 - 4.000 ) 
    Clock Pessimism Removal (CPR):    0.782ns
  Clock Uncertainty:      0.200ns  ((TSJ^2 + TIJ^2)^1/2 + DJ) / 2 + PE + UU
    Total System Jitter     (TSJ):    0.000ns
    Total Input Jitter      (TIJ):    0.000ns
    Discrete Jitter          (DJ):    0.000ns
    Phase Error              (PE):    0.000ns
    User Uncertainty         (UU):    0.200ns

    Location             Delay type                Incr(ns)  Path(ns)    Netlist Resource(s)
  -------------------------------------------------------------------    -------------------
                         (clock gmii_clk rise edge)
                                                      4.000     4.000 r  
    AB2                                               0.000     4.000 f  phy1_rxc (IN)
                         net (fo=0)                   0.000     4.000    phy1_rxc
    AB2                  IBUF (Prop_ibuf_I_O)         0.126     4.126 f  phy1_rxc_IBUF_inst/O
                         net (fo=1, routed)           1.940     6.066    u_rgmii/phy1_rxc_IBUF
    SLICE_X80Y196        LUT1 (Prop_lut1_I0_O)        0.028     6.094 r  u_rgmii/bufmr_rgmii_rxc_i_1/O
                         net (fo=1, routed)           0.235     6.329    u_rgmii/I0
    BUFGCTRL_X0Y0        BUFG (Prop_bufg_I_O)         0.026     6.355 r  u_rgmii/bufmr_rgmii_rxc/O
                         net (fo=47333, routed)       0.688     7.043    u_hls/grp_igmp_rx_process_fu_1923/ip_words_U/ram_reg_0_15_12_12/WCLK
    SLICE_X2Y260         RAMS32                                       r  u_hls/grp_igmp_rx_process_fu_1923/ip_words_U/ram_reg_0_15_12_12/SP/CLK
  -------------------------------------------------------------------    -------------------
    SLICE_X2Y260         RAMS32 (Prop_rams32_CLK_O)
                                                      0.294     7.337 r  u_hls/grp_igmp_rx_process_fu_1923/ip_words_U/ram_reg_0_15_12_12/SP/O
                         net (fo=1, routed)           0.000     7.337    u_hls/grp_igmp_rx_process_fu_1923/ip_words_U/q00[12]
    SLICE_X2Y260         FDRE                                         r  u_hls/grp_igmp_rx_process_fu_1923/ip_words_U/q0_reg[12]/D
  -------------------------------------------------------------------    -------------------

                         (clock gmii_clk rise edge)
                                                      4.000     4.000 f  
    AB2                                               0.000     4.000 f  phy1_rxc (IN)
                         net (fo=0)                   0.000     4.000    phy1_rxc
    AB2                  IBUF (Prop_ibuf_I_O)         0.292     4.292 f  phy1_rxc_IBUF_inst/O
                         net (fo=1, routed)           2.279     6.571    u_rgmii/phy1_rxc_IBUF
    SLICE_X80Y196        LUT1 (Prop_lut1_I0_O)        0.035     6.606 r  u_rgmii/bufmr_rgmii_rxc_i_1/O
                         net (fo=1, routed)           0.276     6.882    u_rgmii/I0
    BUFGCTRL_X0Y0        BUFG (Prop_bufg_I_O)         0.030     6.912 r  u_rgmii/bufmr_rgmii_rxc/O
                         net (fo=47333, routed)       0.913     7.825    u_hls/grp_igmp_rx_process_fu_1923/ip_words_U/gmii_clk
    SLICE_X2Y260         FDRE                                         r  u_hls/grp_igmp_rx_process_fu_1923/ip_words_U/q0_reg[12]/C
                         clock pessimism             -0.782     7.043    
                         clock uncertainty            0.200     7.243    
    SLICE_X2Y260         FDRE (Hold_fdre_C_D)         0.087     7.330    u_hls/grp_igmp_rx_process_fu_1923/ip_words_U/q0_reg[12]
  -------------------------------------------------------------------
                         required time                         -7.330    
                         arrival time                           7.337    
  -------------------------------------------------------------------
                         slack                                  0.007    

Slack (MET) :             0.007ns  (arrival time - required time)
  Source:                 u_hls/grp_igmp_rx_process_fu_1923/ip_words_U/ram_reg_0_15_12_12/SP/CLK
                            (rising edge-triggered cell RAMS32 clocked by gmii_clk  {rise@4.000ns fall@8.000ns period=8.000ns})
  Destination:            u_hls/grp_igmp_rx_process_fu_1923/ip_words_U/q0_reg[12]/D
                            (rising edge-triggered cell FDRE clocked by gmii_clk  {rise@4.000ns fall@8.000ns period=8.000ns})
  Path Group:             gmii_clk
  Path Type:              Hold (Min at Fast Process Corner)
  Requirement:            0.000ns  (gmii_clk rise@4.000ns - gmii_clk rise@4.000ns)
  Data Path Delay:        0.294ns  (logic 0.294ns (100.000%)  route 0.000ns (0.000%))
  Logic Levels:           0  
  Clock Path Skew:        0.000ns (DCD - SCD - CPR)
    Destination Clock Delay (DCD):    3.825ns = ( 7.825 - 4.000 ) 
    Source Clock Delay      (SCD):    3.043ns = ( 7.043 - 4.000 ) 
    Clock Pessimism Removal (CPR):    0.782ns
  Clock Uncertainty:      0.200ns  ((TSJ^2 + TIJ^2)^1/2 + DJ) / 2 + PE + UU
    Total System Jitter     (TSJ):    0.000ns
    Total Input Jitter      (TIJ):    0.000ns
    Discrete Jitter          (DJ):    0.000ns
    Phase Error              (PE):    0.000ns
    User Uncertainty         (UU):    0.200ns

    Location             Delay type                Incr(ns)  Path(ns)    Netlist Resource(s)
  -------------------------------------------------------------------    -------------------
                         (clock gmii_clk rise edge)
                                                      4.000     4.000 r  
    AB2                                               0.000     4.000 f  phy1_rxc (IN)
                         net (fo=0)                   0.000     4.000    phy1_rxc
    AB2                  IBUF (Prop_ibuf_I_O)         0.126     4.126 f  phy1_rxc_IBUF_inst/O
                         net (fo=1, routed)           1.940     6.066    u_rgmii/phy1_rxc_IBUF
    SLICE_X80Y196        LUT1 (Prop_lut1_I0_O)        0.028     6.094 r  u_rgmii/bufmr_rgmii_rxc_i_1/O
                         net (fo=1, routed)           0.235     6.329    u_rgmii/I0
    BUFGCTRL_X0Y0        BUFG (Prop_bufg_I_O)         0.026     6.355 r  u_rgmii/bufmr_rgmii_rxc/O
                         net (fo=47333, routed)       0.688     7.043    u_hls/grp_igmp_rx_process_fu_1923/ip_words_U/ram_reg_0_15_12_12/WCLK
    SLICE_X2Y260         RAMS32                                       r  u_hls/grp_igmp_rx_process_fu_1923/ip_words_U/ram_reg_0_15_12_12/SP/CLK
  -------------------------------------------------------------------    -------------------
    SLICE_X2Y260         RAMS32 (Prop_rams32_CLK_O)
                                                      0.294     7.337 f  u_hls/grp_igmp_rx_process_fu_1923/ip_words_U/ram_reg_0_15_12_12/SP/O
                         net (fo=1, routed)           0.000     7.337    u_hls/grp_igmp_rx_process_fu_1923/ip_words_U/q00[12]
    SLICE_X2Y260         FDRE                                         f  u_hls/grp_igmp_rx_process_fu_1923/ip_words_U/q0_reg[12]/D
  -------------------------------------------------------------------    -------------------

                         (clock gmii_clk rise edge)
                                                      4.000     4.000 f  
    AB2                                               0.000     4.000 f  phy1_rxc (IN)
                         net (fo=0)                   0.000     4.000    phy1_rxc
    AB2                  IBUF (Prop_ibuf_I_O)         0.292     4.292 f  phy1_rxc_IBUF_inst/O
                         net (fo=1, routed)           2.279     6.571    u_rgmii/phy1_rxc_IBUF
    SLICE_X80Y196        LUT1 (Prop_lut1_I0_O)        0.035     6.606 r  u_rgmii/bufmr_rgmii_rxc_i_1/O
                         net (fo=1, routed)           0.276     6.882    u_rgmii/I0
    BUFGCTRL_X0Y0        BUFG (Prop_bufg_I_O)         0.030     6.912 r  u_rgmii/bufmr_rgmii_rxc/O
                         net (fo=47333, routed)       0.913     7.825    u_hls/grp_igmp_rx_process_fu_1923/ip_words_U/gmii_clk
    SLICE_X2Y260         FDRE                                         r  u_hls/grp_igmp_rx_process_fu_1923/ip_words_U/q0_reg[12]/C
                         clock pessimism             -0.782     7.043    
                         clock uncertainty            0.200     7.243    
    SLICE_X2Y260         FDRE (Hold_fdre_C_D)         0.087     7.330    u_hls/grp_igmp_rx_process_fu_1923/ip_words_U/q0_reg[12]
  -------------------------------------------------------------------
                         required time                         -7.330    
                         arrival time                           7.337    
  -------------------------------------------------------------------
                         slack                                  0.007    

Slack (MET) :             0.007ns  (arrival time - required time)
  Source:                 u_hls/grp_igmp_rx_process_fu_1923/ip_words_U/ram_reg_0_15_5_5/SP/CLK
                            (rising edge-triggered cell RAMS32 clocked by gmii_clk  {rise@4.000ns fall@8.000ns period=8.000ns})
  Destination:            u_hls/grp_igmp_rx_process_fu_1923/ip_words_U/q0_reg[5]/D
                            (rising edge-triggered cell FDRE clocked by gmii_clk  {rise@4.000ns fall@8.000ns period=8.000ns})
  Path Group:             gmii_clk
  Path Type:              Hold (Min at Fast Process Corner)
  Requirement:            0.000ns  (gmii_clk rise@4.000ns - gmii_clk rise@4.000ns)
  Data Path Delay:        0.294ns  (logic 0.294ns (100.000%)  route 0.000ns (0.000%))
  Logic Levels:           0  
  Clock Path Skew:        0.000ns (DCD - SCD - CPR)
    Destination Clock Delay (DCD):    3.825ns = ( 7.825 - 4.000 ) 
    Source Clock Delay      (SCD):    3.043ns = ( 7.043 - 4.000 ) 
    Clock Pessimism Removal (CPR):    0.782ns
  Clock Uncertainty:      0.200ns  ((TSJ^2 + TIJ^2)^1/2 + DJ) / 2 + PE + UU
    Total System Jitter     (TSJ):    0.000ns
    Total Input Jitter      (TIJ):    0.000ns
    Discrete Jitter          (DJ):    0.000ns
    Phase Error              (PE):    0.000ns
    User Uncertainty         (UU):    0.200ns

    Location             Delay type                Incr(ns)  Path(ns)    Netlist Resource(s)
  -------------------------------------------------------------------    -------------------
                         (clock gmii_clk rise edge)
                                                      4.000     4.000 r  
    AB2                                               0.000     4.000 f  phy1_rxc (IN)
                         net (fo=0)                   0.000     4.000    phy1_rxc
    AB2                  IBUF (Prop_ibuf_I_O)         0.126     4.126 f  phy1_rxc_IBUF_inst/O
                         net (fo=1, routed)           1.940     6.066    u_rgmii/phy1_rxc_IBUF
    SLICE_X80Y196        LUT1 (Prop_lut1_I0_O)        0.028     6.094 r  u_rgmii/bufmr_rgmii_rxc_i_1/O
                         net (fo=1, routed)           0.235     6.329    u_rgmii/I0
    BUFGCTRL_X0Y0        BUFG (Prop_bufg_I_O)         0.026     6.355 r  u_rgmii/bufmr_rgmii_rxc/O
                         net (fo=47333, routed)       0.688     7.043    u_hls/grp_igmp_rx_process_fu_1923/ip_words_U/ram_reg_0_15_5_5/WCLK
    SLICE_X6Y259         RAMS32                                       r  u_hls/grp_igmp_rx_process_fu_1923/ip_words_U/ram_reg_0_15_5_5/SP/CLK
  -------------------------------------------------------------------    -------------------
    SLICE_X6Y259         RAMS32 (Prop_rams32_CLK_O)
                                                      0.294     7.337 r  u_hls/grp_igmp_rx_process_fu_1923/ip_words_U/ram_reg_0_15_5_5/SP/O
                         net (fo=1, routed)           0.000     7.337    u_hls/grp_igmp_rx_process_fu_1923/ip_words_U/q00[5]
    SLICE_X6Y259         FDRE                                         r  u_hls/grp_igmp_rx_process_fu_1923/ip_words_U/q0_reg[5]/D
  -------------------------------------------------------------------    -------------------

                         (clock gmii_clk rise edge)
                                                      4.000     4.000 f  
    AB2                                               0.000     4.000 f  phy1_rxc (IN)
                         net (fo=0)                   0.000     4.000    phy1_rxc
    AB2                  IBUF (Prop_ibuf_I_O)         0.292     4.292 f  phy1_rxc_IBUF_inst/O
                         net (fo=1, routed)           2.279     6.571    u_rgmii/phy1_rxc_IBUF
    SLICE_X80Y196        LUT1 (Prop_lut1_I0_O)        0.035     6.606 r  u_rgmii/bufmr_rgmii_rxc_i_1/O
                         net (fo=1, routed)           0.276     6.882    u_rgmii/I0
    BUFGCTRL_X0Y0        BUFG (Prop_bufg_I_O)         0.030     6.912 r  u_rgmii/bufmr_rgmii_rxc/O
                         net (fo=47333, routed)       0.913     7.825    u_hls/grp_igmp_rx_process_fu_1923/ip_words_U/gmii_clk
    SLICE_X6Y259         FDRE                                         r  u_hls/grp_igmp_rx_process_fu_1923/ip_words_U/q0_reg[5]/C
                         clock pessimism             -0.782     7.043    
                         clock uncertainty            0.200     7.243    
    SLICE_X6Y259         FDRE (Hold_fdre_C_D)         0.087     7.330    u_hls/grp_igmp_rx_process_fu_1923/ip_words_U/q0_reg[5]
  -------------------------------------------------------------------
                         required time                         -7.330    
                         arrival time                           7.337    
  -------------------------------------------------------------------
                         slack                                  0.007    

Slack (MET) :             0.007ns  (arrival time - required time)
  Source:                 u_hls/grp_igmp_rx_process_fu_1923/ip_words_U/ram_reg_0_15_5_5/SP/CLK
                            (rising edge-triggered cell RAMS32 clocked by gmii_clk  {rise@4.000ns fall@8.000ns period=8.000ns})
  Destination:            u_hls/grp_igmp_rx_process_fu_1923/ip_words_U/q0_reg[5]/D
                            (rising edge-triggered cell FDRE clocked by gmii_clk  {rise@4.000ns fall@8.000ns period=8.000ns})
  Path Group:             gmii_clk
  Path Type:              Hold (Min at Fast Process Corner)
  Requirement:            0.000ns  (gmii_clk rise@4.000ns - gmii_clk rise@4.000ns)
  Data Path Delay:        0.294ns  (logic 0.294ns (100.000%)  route 0.000ns (0.000%))
  Logic Levels:           0  
  Clock Path Skew:        0.000ns (DCD - SCD - CPR)
    Destination Clock Delay (DCD):    3.825ns = ( 7.825 - 4.000 ) 
    Source Clock Delay      (SCD):    3.043ns = ( 7.043 - 4.000 ) 
    Clock Pessimism Removal (CPR):    0.782ns
  Clock Uncertainty:      0.200ns  ((TSJ^2 + TIJ^2)^1/2 + DJ) / 2 + PE + UU
    Total System Jitter     (TSJ):    0.000ns
    Total Input Jitter      (TIJ):    0.000ns
    Discrete Jitter          (DJ):    0.000ns
    Phase Error              (PE):    0.000ns
    User Uncertainty         (UU):    0.200ns

    Location             Delay type                Incr(ns)  Path(ns)    Netlist Resource(s)
  -------------------------------------------------------------------    -------------------
                         (clock gmii_clk rise edge)
                                                      4.000     4.000 r  
    AB2                                               0.000     4.000 f  phy1_rxc (IN)
                         net (fo=0)                   0.000     4.000    phy1_rxc
    AB2                  IBUF (Prop_ibuf_I_O)         0.126     4.126 f  phy1_rxc_IBUF_inst/O
                         net (fo=1, routed)           1.940     6.066    u_rgmii/phy1_rxc_IBUF
    SLICE_X80Y196        LUT1 (Prop_lut1_I0_O)        0.028     6.094 r  u_rgmii/bufmr_rgmii_rxc_i_1/O
                         net (fo=1, routed)           0.235     6.329    u_rgmii/I0
    BUFGCTRL_X0Y0        BUFG (Prop_bufg_I_O)         0.026     6.355 r  u_rgmii/bufmr_rgmii_rxc/O
                         net (fo=47333, routed)       0.688     7.043    u_hls/grp_igmp_rx_process_fu_1923/ip_words_U/ram_reg_0_15_5_5/WCLK
    SLICE_X6Y259         RAMS32                                       r  u_hls/grp_igmp_rx_process_fu_1923/ip_words_U/ram_reg_0_15_5_5/SP/CLK
  -------------------------------------------------------------------    -------------------
    SLICE_X6Y259         RAMS32 (Prop_rams32_CLK_O)
                                                      0.294     7.337 f  u_hls/grp_igmp_rx_process_fu_1923/ip_words_U/ram_reg_0_15_5_5/SP/O
                         net (fo=1, routed)           0.000     7.337    u_hls/grp_igmp_rx_process_fu_1923/ip_words_U/q00[5]
    SLICE_X6Y259         FDRE                                         f  u_hls/grp_igmp_rx_process_fu_1923/ip_words_U/q0_reg[5]/D
  -------------------------------------------------------------------    -------------------

                         (clock gmii_clk rise edge)
                                                      4.000     4.000 f  
    AB2                                               0.000     4.000 f  phy1_rxc (IN)
                         net (fo=0)                   0.000     4.000    phy1_rxc
    AB2                  IBUF (Prop_ibuf_I_O)         0.292     4.292 f  phy1_rxc_IBUF_inst/O
                         net (fo=1, routed)           2.279     6.571    u_rgmii/phy1_rxc_IBUF
    SLICE_X80Y196        LUT1 (Prop_lut1_I0_O)        0.035     6.606 r  u_rgmii/bufmr_rgmii_rxc_i_1/O
                         net (fo=1, routed)           0.276     6.882    u_rgmii/I0
    BUFGCTRL_X0Y0        BUFG (Prop_bufg_I_O)         0.030     6.912 r  u_rgmii/bufmr_rgmii_rxc/O
                         net (fo=47333, routed)       0.913     7.825    u_hls/grp_igmp_rx_process_fu_1923/ip_words_U/gmii_clk
    SLICE_X6Y259         FDRE                                         r  u_hls/grp_igmp_rx_process_fu_1923/ip_words_U/q0_reg[5]/C
                         clock pessimism             -0.782     7.043    
                         clock uncertainty            0.200     7.243    
    SLICE_X6Y259         FDRE (Hold_fdre_C_D)         0.087     7.330    u_hls/grp_igmp_rx_process_fu_1923/ip_words_U/q0_reg[5]
  -------------------------------------------------------------------
                         required time                         -7.330    
                         arrival time                           7.337    
  -------------------------------------------------------------------
                         slack                                  0.007    

Slack (MET) :             0.007ns  (arrival time - required time)
  Source:                 u_hls/grp_ip_rx_process_fu_1766/words_U/ram_reg_0_15_12_12/SP/CLK
                            (rising edge-triggered cell RAMS32 clocked by gmii_clk  {rise@4.000ns fall@8.000ns period=8.000ns})
  Destination:            u_hls/grp_ip_rx_process_fu_1766/words_U/q0_reg[12]/D
                            (rising edge-triggered cell FDRE clocked by gmii_clk  {rise@4.000ns fall@8.000ns period=8.000ns})
  Path Group:             gmii_clk
  Path Type:              Hold (Min at Fast Process Corner)
  Requirement:            0.000ns  (gmii_clk rise@4.000ns - gmii_clk rise@4.000ns)
  Data Path Delay:        0.294ns  (logic 0.294ns (100.000%)  route 0.000ns (0.000%))
  Logic Levels:           0  
  Clock Path Skew:        0.000ns (DCD - SCD - CPR)
    Destination Clock Delay (DCD):    3.745ns = ( 7.745 - 4.000 ) 
    Source Clock Delay      (SCD):    2.964ns = ( 6.964 - 4.000 ) 
    Clock Pessimism Removal (CPR):    0.781ns
  Clock Uncertainty:      0.200ns  ((TSJ^2 + TIJ^2)^1/2 + DJ) / 2 + PE + UU
    Total System Jitter     (TSJ):    0.000ns
    Total Input Jitter      (TIJ):    0.000ns
    Discrete Jitter          (DJ):    0.000ns
    Phase Error              (PE):    0.000ns
    User Uncertainty         (UU):    0.200ns

    Location             Delay type                Incr(ns)  Path(ns)    Netlist Resource(s)
  -------------------------------------------------------------------    -------------------
                         (clock gmii_clk rise edge)
                                                      4.000     4.000 r  
    AB2                                               0.000     4.000 f  phy1_rxc (IN)
                         net (fo=0)                   0.000     4.000    phy1_rxc
    AB2                  IBUF (Prop_ibuf_I_O)         0.126     4.126 f  phy1_rxc_IBUF_inst/O
                         net (fo=1, routed)           1.940     6.066    u_rgmii/phy1_rxc_IBUF
    SLICE_X80Y196        LUT1 (Prop_lut1_I0_O)        0.028     6.094 r  u_rgmii/bufmr_rgmii_rxc_i_1/O
                         net (fo=1, routed)           0.235     6.329    u_rgmii/I0
    BUFGCTRL_X0Y0        BUFG (Prop_bufg_I_O)         0.026     6.355 r  u_rgmii/bufmr_rgmii_rxc/O
                         net (fo=47333, routed)       0.609     6.964    u_hls/grp_ip_rx_process_fu_1766/words_U/ram_reg_0_15_12_12/WCLK
    SLICE_X86Y260        RAMS32                                       r  u_hls/grp_ip_rx_process_fu_1766/words_U/ram_reg_0_15_12_12/SP/CLK
  -------------------------------------------------------------------    -------------------
    SLICE_X86Y260        RAMS32 (Prop_rams32_CLK_O)
                                                      0.294     7.258 r  u_hls/grp_ip_rx_process_fu_1766/words_U/ram_reg_0_15_12_12/SP/O
                         net (fo=1, routed)           0.000     7.258    u_hls/grp_ip_rx_process_fu_1766/words_U/q00[12]
    SLICE_X86Y260        FDRE                                         r  u_hls/grp_ip_rx_process_fu_1766/words_U/q0_reg[12]/D
  -------------------------------------------------------------------    -------------------

                         (clock gmii_clk rise edge)
                                                      4.000     4.000 f  
    AB2                                               0.000     4.000 f  phy1_rxc (IN)
                         net (fo=0)                   0.000     4.000    phy1_rxc
    AB2                  IBUF (Prop_ibuf_I_O)         0.292     4.292 f  phy1_rxc_IBUF_inst/O
                         net (fo=1, routed)           2.279     6.571    u_rgmii/phy1_rxc_IBUF
    SLICE_X80Y196        LUT1 (Prop_lut1_I0_O)        0.035     6.606 r  u_rgmii/bufmr_rgmii_rxc_i_1/O
                         net (fo=1, routed)           0.276     6.882    u_rgmii/I0
    BUFGCTRL_X0Y0        BUFG (Prop_bufg_I_O)         0.030     6.912 r  u_rgmii/bufmr_rgmii_rxc/O
                         net (fo=47333, routed)       0.833     7.745    u_hls/grp_ip_rx_process_fu_1766/words_U/gmii_clk
    SLICE_X86Y260        FDRE                                         r  u_hls/grp_ip_rx_process_fu_1766/words_U/q0_reg[12]/C
                         clock pessimism             -0.781     6.964    
                         clock uncertainty            0.200     7.164    
    SLICE_X86Y260        FDRE (Hold_fdre_C_D)         0.087     7.251    u_hls/grp_ip_rx_process_fu_1766/words_U/q0_reg[12]
  -------------------------------------------------------------------
                         required time                         -7.251    
                         arrival time                           7.258    
  -------------------------------------------------------------------
                         slack                                  0.007    

Slack (MET) :             0.007ns  (arrival time - required time)
  Source:                 u_hls/grp_ip_rx_process_fu_1766/words_U/ram_reg_0_15_12_12/SP/CLK
                            (rising edge-triggered cell RAMS32 clocked by gmii_clk  {rise@4.000ns fall@8.000ns period=8.000ns})
  Destination:            u_hls/grp_ip_rx_process_fu_1766/words_U/q0_reg[12]/D
                            (rising edge-triggered cell FDRE clocked by gmii_clk  {rise@4.000ns fall@8.000ns period=8.000ns})
  Path Group:             gmii_clk
  Path Type:              Hold (Min at Fast Process Corner)
  Requirement:            0.000ns  (gmii_clk rise@4.000ns - gmii_clk rise@4.000ns)
  Data Path Delay:        0.294ns  (logic 0.294ns (100.000%)  route 0.000ns (0.000%))
  Logic Levels:           0  
  Clock Path Skew:        0.000ns (DCD - SCD - CPR)
    Destination Clock Delay (DCD):    3.745ns = ( 7.745 - 4.000 ) 
    Source Clock Delay      (SCD):    2.964ns = ( 6.964 - 4.000 ) 
    Clock Pessimism Removal (CPR):    0.781ns
  Clock Uncertainty:      0.200ns  ((TSJ^2 + TIJ^2)^1/2 + DJ) / 2 + PE + UU
    Total System Jitter     (TSJ):    0.000ns
    Total Input Jitter      (TIJ):    0.000ns
    Discrete Jitter          (DJ):    0.000ns
    Phase Error              (PE):    0.000ns
    User Uncertainty         (UU):    0.200ns

    Location             Delay type                Incr(ns)  Path(ns)    Netlist Resource(s)
  -------------------------------------------------------------------    -------------------
                         (clock gmii_clk rise edge)
                                                      4.000     4.000 r  
    AB2                                               0.000     4.000 f  phy1_rxc (IN)
                         net (fo=0)                   0.000     4.000    phy1_rxc
    AB2                  IBUF (Prop_ibuf_I_O)         0.126     4.126 f  phy1_rxc_IBUF_inst/O
                         net (fo=1, routed)           1.940     6.066    u_rgmii/phy1_rxc_IBUF
    SLICE_X80Y196        LUT1 (Prop_lut1_I0_O)        0.028     6.094 r  u_rgmii/bufmr_rgmii_rxc_i_1/O
                         net (fo=1, routed)           0.235     6.329    u_rgmii/I0
    BUFGCTRL_X0Y0        BUFG (Prop_bufg_I_O)         0.026     6.355 r  u_rgmii/bufmr_rgmii_rxc/O
                         net (fo=47333, routed)       0.609     6.964    u_hls/grp_ip_rx_process_fu_1766/words_U/ram_reg_0_15_12_12/WCLK
    SLICE_X86Y260        RAMS32                                       r  u_hls/grp_ip_rx_process_fu_1766/words_U/ram_reg_0_15_12_12/SP/CLK
  -------------------------------------------------------------------    -------------------
    SLICE_X86Y260        RAMS32 (Prop_rams32_CLK_O)
                                                      0.294     7.258 f  u_hls/grp_ip_rx_process_fu_1766/words_U/ram_reg_0_15_12_12/SP/O
                         net (fo=1, routed)           0.000     7.258    u_hls/grp_ip_rx_process_fu_1766/words_U/q00[12]
    SLICE_X86Y260        FDRE                                         f  u_hls/grp_ip_rx_process_fu_1766/words_U/q0_reg[12]/D
  -------------------------------------------------------------------    -------------------

                         (clock gmii_clk rise edge)
                                                      4.000     4.000 f  
    AB2                                               0.000     4.000 f  phy1_rxc (IN)
                         net (fo=0)                   0.000     4.000    phy1_rxc
    AB2                  IBUF (Prop_ibuf_I_O)         0.292     4.292 f  phy1_rxc_IBUF_inst/O
                         net (fo=1, routed)           2.279     6.571    u_rgmii/phy1_rxc_IBUF
    SLICE_X80Y196        LUT1 (Prop_lut1_I0_O)        0.035     6.606 r  u_rgmii/bufmr_rgmii_rxc_i_1/O
                         net (fo=1, routed)           0.276     6.882    u_rgmii/I0
    BUFGCTRL_X0Y0        BUFG (Prop_bufg_I_O)         0.030     6.912 r  u_rgmii/bufmr_rgmii_rxc/O
                         net (fo=47333, routed)       0.833     7.745    u_hls/grp_ip_rx_process_fu_1766/words_U/gmii_clk
    SLICE_X86Y260        FDRE                                         r  u_hls/grp_ip_rx_process_fu_1766/words_U/q0_reg[12]/C
                         clock pessimism             -0.781     6.964    
                         clock uncertainty            0.200     7.164    
    SLICE_X86Y260        FDRE (Hold_fdre_C_D)         0.087     7.251    u_hls/grp_ip_rx_process_fu_1766/words_U/q0_reg[12]
  -------------------------------------------------------------------
                         required time                         -7.251    
                         arrival time                           7.258    
  -------------------------------------------------------------------
                         slack                                  0.007    

Slack (MET) :             0.007ns  (arrival time - required time)
  Source:                 u_hls/grp_ip_rx_process_fu_1766/words_U/ram_reg_0_15_5_5/SP/CLK
                            (rising edge-triggered cell RAMS32 clocked by gmii_clk  {rise@4.000ns fall@8.000ns period=8.000ns})
  Destination:            u_hls/grp_ip_rx_process_fu_1766/words_U/q0_reg[5]/D
                            (rising edge-triggered cell FDRE clocked by gmii_clk  {rise@4.000ns fall@8.000ns period=8.000ns})
  Path Group:             gmii_clk
  Path Type:              Hold (Min at Fast Process Corner)
  Requirement:            0.000ns  (gmii_clk rise@4.000ns - gmii_clk rise@4.000ns)
  Data Path Delay:        0.294ns  (logic 0.294ns (100.000%)  route 0.000ns (0.000%))
  Logic Levels:           0  
  Clock Path Skew:        0.000ns (DCD - SCD - CPR)
    Destination Clock Delay (DCD):    3.746ns = ( 7.746 - 4.000 ) 
    Source Clock Delay      (SCD):    2.965ns = ( 6.965 - 4.000 ) 
    Clock Pessimism Removal (CPR):    0.781ns
  Clock Uncertainty:      0.200ns  ((TSJ^2 + TIJ^2)^1/2 + DJ) / 2 + PE + UU
    Total System Jitter     (TSJ):    0.000ns
    Total Input Jitter      (TIJ):    0.000ns
    Discrete Jitter          (DJ):    0.000ns
    Phase Error              (PE):    0.000ns
    User Uncertainty         (UU):    0.200ns

    Location             Delay type                Incr(ns)  Path(ns)    Netlist Resource(s)
  -------------------------------------------------------------------    -------------------
                         (clock gmii_clk rise edge)
                                                      4.000     4.000 r  
    AB2                                               0.000     4.000 f  phy1_rxc (IN)
                         net (fo=0)                   0.000     4.000    phy1_rxc
    AB2                  IBUF (Prop_ibuf_I_O)         0.126     4.126 f  phy1_rxc_IBUF_inst/O
                         net (fo=1, routed)           1.940     6.066    u_rgmii/phy1_rxc_IBUF
    SLICE_X80Y196        LUT1 (Prop_lut1_I0_O)        0.028     6.094 r  u_rgmii/bufmr_rgmii_rxc_i_1/O
                         net (fo=1, routed)           0.235     6.329    u_rgmii/I0
    BUFGCTRL_X0Y0        BUFG (Prop_bufg_I_O)         0.026     6.355 r  u_rgmii/bufmr_rgmii_rxc/O
                         net (fo=47333, routed)       0.610     6.965    u_hls/grp_ip_rx_process_fu_1766/words_U/ram_reg_0_15_5_5/WCLK
    SLICE_X86Y259        RAMS32                                       r  u_hls/grp_ip_rx_process_fu_1766/words_U/ram_reg_0_15_5_5/SP/CLK
  -------------------------------------------------------------------    -------------------
    SLICE_X86Y259        RAMS32 (Prop_rams32_CLK_O)
                                                      0.294     7.259 r  u_hls/grp_ip_rx_process_fu_1766/words_U/ram_reg_0_15_5_5/SP/O
                         net (fo=1, routed)           0.000     7.259    u_hls/grp_ip_rx_process_fu_1766/words_U/q00[5]
    SLICE_X86Y259        FDRE                                         r  u_hls/grp_ip_rx_process_fu_1766/words_U/q0_reg[5]/D
  -------------------------------------------------------------------    -------------------

                         (clock gmii_clk rise edge)
                                                      4.000     4.000 f  
    AB2                                               0.000     4.000 f  phy1_rxc (IN)
                         net (fo=0)                   0.000     4.000    phy1_rxc
    AB2                  IBUF (Prop_ibuf_I_O)         0.292     4.292 f  phy1_rxc_IBUF_inst/O
                         net (fo=1, routed)           2.279     6.571    u_rgmii/phy1_rxc_IBUF
    SLICE_X80Y196        LUT1 (Prop_lut1_I0_O)        0.035     6.606 r  u_rgmii/bufmr_rgmii_rxc_i_1/O
                         net (fo=1, routed)           0.276     6.882    u_rgmii/I0
    BUFGCTRL_X0Y0        BUFG (Prop_bufg_I_O)         0.030     6.912 r  u_rgmii/bufmr_rgmii_rxc/O
                         net (fo=47333, routed)       0.834     7.746    u_hls/grp_ip_rx_process_fu_1766/words_U/gmii_clk
    SLICE_X86Y259        FDRE                                         r  u_hls/grp_ip_rx_process_fu_1766/words_U/q0_reg[5]/C
                         clock pessimism             -0.781     6.965    
                         clock uncertainty            0.200     7.165    
    SLICE_X86Y259        FDRE (Hold_fdre_C_D)         0.087     7.252    u_hls/grp_ip_rx_process_fu_1766/words_U/q0_reg[5]
  -------------------------------------------------------------------
                         required time                         -7.252    
                         arrival time                           7.259    
  -------------------------------------------------------------------
                         slack                                  0.007    

Slack (MET) :             0.007ns  (arrival time - required time)
  Source:                 u_hls/grp_ip_rx_process_fu_1766/words_U/ram_reg_0_15_5_5/SP/CLK
                            (rising edge-triggered cell RAMS32 clocked by gmii_clk  {rise@4.000ns fall@8.000ns period=8.000ns})
  Destination:            u_hls/grp_ip_rx_process_fu_1766/words_U/q0_reg[5]/D
                            (rising edge-triggered cell FDRE clocked by gmii_clk  {rise@4.000ns fall@8.000ns period=8.000ns})
  Path Group:             gmii_clk
  Path Type:              Hold (Min at Fast Process Corner)
  Requirement:            0.000ns  (gmii_clk rise@4.000ns - gmii_clk rise@4.000ns)
  Data Path Delay:        0.294ns  (logic 0.294ns (100.000%)  route 0.000ns (0.000%))
  Logic Levels:           0  
  Clock Path Skew:        0.000ns (DCD - SCD - CPR)
    Destination Clock Delay (DCD):    3.746ns = ( 7.746 - 4.000 ) 
    Source Clock Delay      (SCD):    2.965ns = ( 6.965 - 4.000 ) 
    Clock Pessimism Removal (CPR):    0.781ns
  Clock Uncertainty:      0.200ns  ((TSJ^2 + TIJ^2)^1/2 + DJ) / 2 + PE + UU
    Total System Jitter     (TSJ):    0.000ns
    Total Input Jitter      (TIJ):    0.000ns
    Discrete Jitter          (DJ):    0.000ns
    Phase Error              (PE):    0.000ns
    User Uncertainty         (UU):    0.200ns

    Location             Delay type                Incr(ns)  Path(ns)    Netlist Resource(s)
  -------------------------------------------------------------------    -------------------
                         (clock gmii_clk rise edge)
                                                      4.000     4.000 r  
    AB2                                               0.000     4.000 f  phy1_rxc (IN)
                         net (fo=0)                   0.000     4.000    phy1_rxc
    AB2                  IBUF (Prop_ibuf_I_O)         0.126     4.126 f  phy1_rxc_IBUF_inst/O
                         net (fo=1, routed)           1.940     6.066    u_rgmii/phy1_rxc_IBUF
    SLICE_X80Y196        LUT1 (Prop_lut1_I0_O)        0.028     6.094 r  u_rgmii/bufmr_rgmii_rxc_i_1/O
                         net (fo=1, routed)           0.235     6.329    u_rgmii/I0
    BUFGCTRL_X0Y0        BUFG (Prop_bufg_I_O)         0.026     6.355 r  u_rgmii/bufmr_rgmii_rxc/O
                         net (fo=47333, routed)       0.610     6.965    u_hls/grp_ip_rx_process_fu_1766/words_U/ram_reg_0_15_5_5/WCLK
    SLICE_X86Y259        RAMS32                                       r  u_hls/grp_ip_rx_process_fu_1766/words_U/ram_reg_0_15_5_5/SP/CLK
  -------------------------------------------------------------------    -------------------
    SLICE_X86Y259        RAMS32 (Prop_rams32_CLK_O)
                                                      0.294     7.259 f  u_hls/grp_ip_rx_process_fu_1766/words_U/ram_reg_0_15_5_5/SP/O
                         net (fo=1, routed)           0.000     7.259    u_hls/grp_ip_rx_process_fu_1766/words_U/q00[5]
    SLICE_X86Y259        FDRE                                         f  u_hls/grp_ip_rx_process_fu_1766/words_U/q0_reg[5]/D
  -------------------------------------------------------------------    -------------------

                         (clock gmii_clk rise edge)
                                                      4.000     4.000 f  
    AB2                                               0.000     4.000 f  phy1_rxc (IN)
                         net (fo=0)                   0.000     4.000    phy1_rxc
    AB2                  IBUF (Prop_ibuf_I_O)         0.292     4.292 f  phy1_rxc_IBUF_inst/O
                         net (fo=1, routed)           2.279     6.571    u_rgmii/phy1_rxc_IBUF
    SLICE_X80Y196        LUT1 (Prop_lut1_I0_O)        0.035     6.606 r  u_rgmii/bufmr_rgmii_rxc_i_1/O
                         net (fo=1, routed)           0.276     6.882    u_rgmii/I0
    BUFGCTRL_X0Y0        BUFG (Prop_bufg_I_O)         0.030     6.912 r  u_rgmii/bufmr_rgmii_rxc/O
                         net (fo=47333, routed)       0.834     7.746    u_hls/grp_ip_rx_process_fu_1766/words_U/gmii_clk
    SLICE_X86Y259        FDRE                                         r  u_hls/grp_ip_rx_process_fu_1766/words_U/q0_reg[5]/C
                         clock pessimism             -0.781     6.965    
                         clock uncertainty            0.200     7.165    
    SLICE_X86Y259        FDRE (Hold_fdre_C_D)         0.087     7.252    u_hls/grp_ip_rx_process_fu_1766/words_U/q0_reg[5]
  -------------------------------------------------------------------
                         required time                         -7.252    
                         arrival time                           7.259    
  -------------------------------------------------------------------
                         slack                                  0.007    

Slack (MET) :             0.007ns  (arrival time - required time)
  Source:                 u_hls/grp_tcp_active_tick_fu_2164/grp_tcp_send_fu_1170/iw_U/ram_reg_0_15_9_9/SP/CLK
                            (rising edge-triggered cell RAMS32 clocked by gmii_clk  {rise@4.000ns fall@8.000ns period=8.000ns})
  Destination:            u_hls/grp_tcp_active_tick_fu_2164/grp_tcp_send_fu_1170/iw_U/q0_reg[9]/D
                            (rising edge-triggered cell FDRE clocked by gmii_clk  {rise@4.000ns fall@8.000ns period=8.000ns})
  Path Group:             gmii_clk
  Path Type:              Hold (Min at Fast Process Corner)
  Requirement:            0.000ns  (gmii_clk rise@4.000ns - gmii_clk rise@4.000ns)
  Data Path Delay:        0.294ns  (logic 0.294ns (100.000%)  route 0.000ns (0.000%))
  Logic Levels:           0  
  Clock Path Skew:        0.000ns (DCD - SCD - CPR)
    Destination Clock Delay (DCD):    3.825ns = ( 7.825 - 4.000 ) 
    Source Clock Delay      (SCD):    3.043ns = ( 7.043 - 4.000 ) 
    Clock Pessimism Removal (CPR):    0.782ns
  Clock Uncertainty:      0.200ns  ((TSJ^2 + TIJ^2)^1/2 + DJ) / 2 + PE + UU
    Total System Jitter     (TSJ):    0.000ns
    Total Input Jitter      (TIJ):    0.000ns
    Discrete Jitter          (DJ):    0.000ns
    Phase Error              (PE):    0.000ns
    User Uncertainty         (UU):    0.200ns

    Location             Delay type                Incr(ns)  Path(ns)    Netlist Resource(s)
  -------------------------------------------------------------------    -------------------
                         (clock gmii_clk rise edge)
                                                      4.000     4.000 r  
    AB2                                               0.000     4.000 f  phy1_rxc (IN)
                         net (fo=0)                   0.000     4.000    phy1_rxc
    AB2                  IBUF (Prop_ibuf_I_O)         0.126     4.126 f  phy1_rxc_IBUF_inst/O
                         net (fo=1, routed)           1.940     6.066    u_rgmii/phy1_rxc_IBUF
    SLICE_X80Y196        LUT1 (Prop_lut1_I0_O)        0.028     6.094 r  u_rgmii/bufmr_rgmii_rxc_i_1/O
                         net (fo=1, routed)           0.235     6.329    u_rgmii/I0
    BUFGCTRL_X0Y0        BUFG (Prop_bufg_I_O)         0.026     6.355 r  u_rgmii/bufmr_rgmii_rxc/O
                         net (fo=47333, routed)       0.688     7.043    u_hls/grp_tcp_active_tick_fu_2164/grp_tcp_send_fu_1170/iw_U/ram_reg_0_15_9_9/WCLK
    SLICE_X2Y288         RAMS32                                       r  u_hls/grp_tcp_active_tick_fu_2164/grp_tcp_send_fu_1170/iw_U/ram_reg_0_15_9_9/SP/CLK
  -------------------------------------------------------------------    -------------------
    SLICE_X2Y288         RAMS32 (Prop_rams32_CLK_O)
                                                      0.294     7.337 r  u_hls/grp_tcp_active_tick_fu_2164/grp_tcp_send_fu_1170/iw_U/ram_reg_0_15_9_9/SP/O
                         net (fo=1, routed)           0.000     7.337    u_hls/grp_tcp_active_tick_fu_2164/grp_tcp_send_fu_1170/iw_U/q00[9]
    SLICE_X2Y288         FDRE                                         r  u_hls/grp_tcp_active_tick_fu_2164/grp_tcp_send_fu_1170/iw_U/q0_reg[9]/D
  -------------------------------------------------------------------    -------------------

                         (clock gmii_clk rise edge)
                                                      4.000     4.000 f  
    AB2                                               0.000     4.000 f  phy1_rxc (IN)
                         net (fo=0)                   0.000     4.000    phy1_rxc
    AB2                  IBUF (Prop_ibuf_I_O)         0.292     4.292 f  phy1_rxc_IBUF_inst/O
                         net (fo=1, routed)           2.279     6.571    u_rgmii/phy1_rxc_IBUF
    SLICE_X80Y196        LUT1 (Prop_lut1_I0_O)        0.035     6.606 r  u_rgmii/bufmr_rgmii_rxc_i_1/O
                         net (fo=1, routed)           0.276     6.882    u_rgmii/I0
    BUFGCTRL_X0Y0        BUFG (Prop_bufg_I_O)         0.030     6.912 r  u_rgmii/bufmr_rgmii_rxc/O
                         net (fo=47333, routed)       0.913     7.825    u_hls/grp_tcp_active_tick_fu_2164/grp_tcp_send_fu_1170/iw_U/gmii_clk
    SLICE_X2Y288         FDRE                                         r  u_hls/grp_tcp_active_tick_fu_2164/grp_tcp_send_fu_1170/iw_U/q0_reg[9]/C
                         clock pessimism             -0.782     7.043    
                         clock uncertainty            0.200     7.243    
    SLICE_X2Y288         FDRE (Hold_fdre_C_D)         0.087     7.330    u_hls/grp_tcp_active_tick_fu_2164/grp_tcp_send_fu_1170/iw_U/q0_reg[9]
  -------------------------------------------------------------------
                         required time                         -7.330    
                         arrival time                           7.337    
  -------------------------------------------------------------------
                         slack                                  0.007    

Slack (MET) :             0.007ns  (arrival time - required time)
  Source:                 u_hls/grp_tcp_active_tick_fu_2164/grp_tcp_send_fu_1170/iw_U/ram_reg_0_15_9_9/SP/CLK
                            (rising edge-triggered cell RAMS32 clocked by gmii_clk  {rise@4.000ns fall@8.000ns period=8.000ns})
  Destination:            u_hls/grp_tcp_active_tick_fu_2164/grp_tcp_send_fu_1170/iw_U/q0_reg[9]/D
                            (rising edge-triggered cell FDRE clocked by gmii_clk  {rise@4.000ns fall@8.000ns period=8.000ns})
  Path Group:             gmii_clk
  Path Type:              Hold (Min at Fast Process Corner)
  Requirement:            0.000ns  (gmii_clk rise@4.000ns - gmii_clk rise@4.000ns)
  Data Path Delay:        0.294ns  (logic 0.294ns (100.000%)  route 0.000ns (0.000%))
  Logic Levels:           0  
  Clock Path Skew:        0.000ns (DCD - SCD - CPR)
    Destination Clock Delay (DCD):    3.825ns = ( 7.825 - 4.000 ) 
    Source Clock Delay      (SCD):    3.043ns = ( 7.043 - 4.000 ) 
    Clock Pessimism Removal (CPR):    0.782ns
  Clock Uncertainty:      0.200ns  ((TSJ^2 + TIJ^2)^1/2 + DJ) / 2 + PE + UU
    Total System Jitter     (TSJ):    0.000ns
    Total Input Jitter      (TIJ):    0.000ns
    Discrete Jitter          (DJ):    0.000ns
    Phase Error              (PE):    0.000ns
    User Uncertainty         (UU):    0.200ns

    Location             Delay type                Incr(ns)  Path(ns)    Netlist Resource(s)
  -------------------------------------------------------------------    -------------------
                         (clock gmii_clk rise edge)
                                                      4.000     4.000 r  
    AB2                                               0.000     4.000 f  phy1_rxc (IN)
                         net (fo=0)                   0.000     4.000    phy1_rxc
    AB2                  IBUF (Prop_ibuf_I_O)         0.126     4.126 f  phy1_rxc_IBUF_inst/O
                         net (fo=1, routed)           1.940     6.066    u_rgmii/phy1_rxc_IBUF
    SLICE_X80Y196        LUT1 (Prop_lut1_I0_O)        0.028     6.094 r  u_rgmii/bufmr_rgmii_rxc_i_1/O
                         net (fo=1, routed)           0.235     6.329    u_rgmii/I0
    BUFGCTRL_X0Y0        BUFG (Prop_bufg_I_O)         0.026     6.355 r  u_rgmii/bufmr_rgmii_rxc/O
                         net (fo=47333, routed)       0.688     7.043    u_hls/grp_tcp_active_tick_fu_2164/grp_tcp_send_fu_1170/iw_U/ram_reg_0_15_9_9/WCLK
    SLICE_X2Y288         RAMS32                                       r  u_hls/grp_tcp_active_tick_fu_2164/grp_tcp_send_fu_1170/iw_U/ram_reg_0_15_9_9/SP/CLK
  -------------------------------------------------------------------    -------------------
    SLICE_X2Y288         RAMS32 (Prop_rams32_CLK_O)
                                                      0.294     7.337 f  u_hls/grp_tcp_active_tick_fu_2164/grp_tcp_send_fu_1170/iw_U/ram_reg_0_15_9_9/SP/O
                         net (fo=1, routed)           0.000     7.337    u_hls/grp_tcp_active_tick_fu_2164/grp_tcp_send_fu_1170/iw_U/q00[9]
    SLICE_X2Y288         FDRE                                         f  u_hls/grp_tcp_active_tick_fu_2164/grp_tcp_send_fu_1170/iw_U/q0_reg[9]/D
  -------------------------------------------------------------------    -------------------

                         (clock gmii_clk rise edge)
                                                      4.000     4.000 f  
    AB2                                               0.000     4.000 f  phy1_rxc (IN)
                         net (fo=0)                   0.000     4.000    phy1_rxc
    AB2                  IBUF (Prop_ibuf_I_O)         0.292     4.292 f  phy1_rxc_IBUF_inst/O
                         net (fo=1, routed)           2.279     6.571    u_rgmii/phy1_rxc_IBUF
    SLICE_X80Y196        LUT1 (Prop_lut1_I0_O)        0.035     6.606 r  u_rgmii/bufmr_rgmii_rxc_i_1/O
                         net (fo=1, routed)           0.276     6.882    u_rgmii/I0
    BUFGCTRL_X0Y0        BUFG (Prop_bufg_I_O)         0.030     6.912 r  u_rgmii/bufmr_rgmii_rxc/O
                         net (fo=47333, routed)       0.913     7.825    u_hls/grp_tcp_active_tick_fu_2164/grp_tcp_send_fu_1170/iw_U/gmii_clk
    SLICE_X2Y288         FDRE                                         r  u_hls/grp_tcp_active_tick_fu_2164/grp_tcp_send_fu_1170/iw_U/q0_reg[9]/C
                         clock pessimism             -0.782     7.043    
                         clock uncertainty            0.200     7.243    
    SLICE_X2Y288         FDRE (Hold_fdre_C_D)         0.087     7.330    u_hls/grp_tcp_active_tick_fu_2164/grp_tcp_send_fu_1170/iw_U/q0_reg[9]
  -------------------------------------------------------------------
                         required time                         -7.330    
                         arrival time                           7.337    
  -------------------------------------------------------------------
                         slack                                  0.007    




