#-----------------------------------------------------------
# Vivado v2025.2 (64-bit)
# SW Build 6299465 on Fri Nov 14 19:35:11 GMT 2025
# IP Build 6300035 on Fri Nov 14 10:48:45 MST 2025
# SharedData Build 6298862 on Thu Nov 13 04:50:51 MST 2025
# Start of session at: Mon Sep 21 01:59:05 2026
# Process ID         : 9848
# Current directory  : D:/repo/ECO/udp_hls_10g
# Command line       : vivado.exe -mode batch -source p5f_verify/hold_scan.tcl -log p5f_verify/hold_scan.log -nojournal
# Log file           : D:/repo/ECO/udp_hls_10g/p5f_verify/hold_scan.log
# Journal file       : 
# Running On         : xyz-intel
# Platform           : Windows Server 2016 or Windows 10
# Operating System   : 26200
# Processor Detail   : Intel(R) Core(TM) Ultra 7 265K
# CPU Frequency      : 3878 MHz
# CPU Physical cores : 20
# CPU Logical cores  : 20
# Host memory        : 68053 MB
# Swap memory        : 4294 MB
# Total Virtual      : 72348 MB
# Available Virtual  : 45834 MB
#-----------------------------------------------------------
source p5f_verify/hold_scan.tcl
# set out_dir D:/repo/ECO/udp_hls_10g/p5f_verify
# open_checkpoint D:/repo/ECO/udp_hls_10g/vivado_prj/p5_prj.runs/impl_1/wrapper_p4_routed.dcp
Command: open_checkpoint D:/repo/ECO/udp_hls_10g/vivado_prj/p5_prj.runs/impl_1/wrapper_p4_routed.dcp

Starting open_checkpoint Task

Time (s): cpu = 00:00:00 ; elapsed = 00:00:00.025 . Memory (MB): peak = 322.758 ; gain = 3.832
INFO: [Device 21-403] Loading part xc7k325tffg676-2
Netlist sorting complete. Time (s): cpu = 00:00:00 ; elapsed = 00:00:00.420 . Memory (MB): peak = 936.250 ; gain = 0.000
INFO: [Netlist 29-17] Analyzing 8194 Unisim elements for replacement
INFO: [Netlist 29-28] Unisim Transformation completed in 1 CPU seconds
INFO: [Project 1-479] Netlist was created with Vivado 2025.2
INFO: [Project 1-570] Preparing netlist for logic optimization
Read ShapeDB Complete: Time (s): cpu = 00:00:00 ; elapsed = 00:00:00.134 . Memory (MB): peak = 1125.559 ; gain = 23.309
INFO: [Timing 38-478] Restoring timing data from binary archive.
INFO: [Timing 38-479] Binary timing data restore complete.
INFO: [Project 1-856] Restoring constraints from binary archive.
INFO: [Project 1-853] Binary constraint restore complete.
INFO: [Designutils 20-5722] Start Reading Physical Databases.
Reading placement.
Read Netlist Cache: Time (s): cpu = 00:00:00 ; elapsed = 00:00:00.067 . Memory (MB): peak = 1900.938 ; gain = 0.000
Reading placer database...
Read Device Cache: Time (s): cpu = 00:00:00 ; elapsed = 00:00:00.009 . Memory (MB): peak = 1900.938 ; gain = 0.000
Read PlaceDB: Time (s): cpu = 00:00:00 ; elapsed = 00:00:00 . Memory (MB): peak = 1900.938 ; gain = 0.000
Read placeStorage: Time (s): cpu = 00:00:01 ; elapsed = 00:00:01 . Memory (MB): peak = 1943.457 ; gain = 42.520
Read PulsedLatchDB: Time (s): cpu = 00:00:00 ; elapsed = 00:00:00 . Memory (MB): peak = 1943.598 ; gain = 0.000
Reading routing.
Read RouteStorage: Time (s): cpu = 00:00:01 ; elapsed = 00:00:00.612 . Memory (MB): peak = 1992.785 ; gain = 49.188
Read Physdb Files: Time (s): cpu = 00:00:02 ; elapsed = 00:00:02 . Memory (MB): peak = 1992.785 ; gain = 91.848
Restored from archive | CPU: 3.000000 secs | Memory: 0.000000 MB |
Finished XDEF File Restore: Time (s): cpu = 00:00:02 ; elapsed = 00:00:02 . Memory (MB): peak = 1992.785 ; gain = 91.848
Netlist sorting complete. Time (s): cpu = 00:00:00 ; elapsed = 00:00:00.022 . Memory (MB): peak = 2096.586 ; gain = 0.000
INFO: [Project 1-111] Unisim Transformation Summary:
  A total of 1364 instances were transformed.
  RAM16X1S => RAM32X1S (RAMS32): 224 instances
  RAM32M => RAM32M (RAMD32(x6), RAMS32(x2)): 63 instances
  RAM32X1D => RAM32X1D (RAMD32(x2)): 3 instances
  RAM64M => RAM64M (RAMD64E(x4)): 933 instances
  RAM64X1D => RAM64X1D (RAMD64E(x2)): 141 instances

INFO: [Project 1-604] Checkpoint was created with Vivado v2025.2 (64-bit) build 6299465
open_checkpoint: Time (s): cpu = 00:00:21 ; elapsed = 00:00:21 . Memory (MB): peak = 2102.227 ; gain = 1794.680
# report_timing -max_paths 200 -delay_type min -sort_by slack -nworst 200 -file ${out_dir}/hold200.rpt
INFO: [Timing 38-91] UpdateTimingParams: Speed grade: -2, Delay Type: min.
INFO: [Timing 38-191] Multithreading enabled for timing update using a maximum of 2 CPUs
INFO: [Timing 38-78] ReportTimingParams: -max_paths 200 -nworst 200 -delay_type min -sort_by slack.
report_timing: Time (s): cpu = 00:00:27 ; elapsed = 00:00:15 . Memory (MB): peak = 2340.805 ; gain = 238.578
# report_timing -max_paths 200 -delay_type max -sort_by slack -nworst 200 -file ${out_dir}/setup200.rpt
INFO: [Timing 38-91] UpdateTimingParams: Speed grade: -2, Delay Type: max.
INFO: [Timing 38-191] Multithreading enabled for timing update using a maximum of 2 CPUs
INFO: [Timing 38-78] ReportTimingParams: -max_paths 200 -nworst 200 -delay_type max -sort_by slack.
# puts "HOLDSCAN DONE"
HOLDSCAN DONE
# exit
INFO: [Common 17-206] Exiting Vivado at Mon Sep 21 01:59:43 2026...
