#-----------------------------------------------------------
# Vivado v2025.2 (64-bit)
# SW Build 6299465 on Fri Nov 14 19:35:11 GMT 2025
# IP Build 6300035 on Fri Nov 14 10:48:45 MST 2025
# SharedData Build 6298862 on Thu Nov 13 04:50:51 MST 2025
# Start of session at: Mon Sep 21 02:00:33 2026
# Process ID         : 27632
# Current directory  : D:/repo/ECO/udp_hls_10g
# Command line       : vivado.exe -mode batch -source p5f_verify/rxhold.tcl -log p5f_verify/rxhold.log -nojournal
# Log file           : D:/repo/ECO/udp_hls_10g/p5f_verify/rxhold.log
# Journal file       : 
# Running On         : xyz-intel
# Platform           : Windows Server 2016 or Windows 10
# Operating System   : 26200
# Processor Detail   : Intel(R) Core(TM) Ultra 7 265K
# CPU Frequency      : 3878 MHz
# CPU Physical cores : 20
# CPU Logical cores  : 20
# Host memory        : 68053 MB
# Swap memory        : 4294 MB
# Total Virtual      : 72348 MB
# Available Virtual  : 45830 MB
#-----------------------------------------------------------
source p5f_verify/rxhold.tcl
# set out_dir D:/repo/ECO/udp_hls_10g/p5f_verify
# open_checkpoint D:/repo/ECO/udp_hls_10g/vivado_prj/p5_prj.runs/impl_1/wrapper_p4_routed.dcp
Command: open_checkpoint D:/repo/ECO/udp_hls_10g/vivado_prj/p5_prj.runs/impl_1/wrapper_p4_routed.dcp

Starting open_checkpoint Task

Time (s): cpu = 00:00:00 ; elapsed = 00:00:00.024 . Memory (MB): peak = 323.035 ; gain = 4.223
INFO: [Device 21-403] Loading part xc7k325tffg676-2
Netlist sorting complete. Time (s): cpu = 00:00:01 ; elapsed = 00:00:00.407 . Memory (MB): peak = 936.375 ; gain = 0.000
INFO: [Netlist 29-17] Analyzing 8194 Unisim elements for replacement
INFO: [Netlist 29-28] Unisim Transformation completed in 0 CPU seconds
INFO: [Project 1-479] Netlist was created with Vivado 2025.2
INFO: [Project 1-570] Preparing netlist for logic optimization
Read ShapeDB Complete: Time (s): cpu = 00:00:01 ; elapsed = 00:00:00.133 . Memory (MB): peak = 1126.355 ; gain = 23.770
INFO: [Timing 38-478] Restoring timing data from binary archive.
INFO: [Timing 38-479] Binary timing data restore complete.
INFO: [Project 1-856] Restoring constraints from binary archive.
INFO: [Project 1-853] Binary constraint restore complete.
INFO: [Designutils 20-5722] Start Reading Physical Databases.
Reading placement.
Read Netlist Cache: Time (s): cpu = 00:00:00 ; elapsed = 00:00:00.067 . Memory (MB): peak = 1901.547 ; gain = 0.000
Reading placer database...
Read Device Cache: Time (s): cpu = 00:00:00 ; elapsed = 00:00:00.008 . Memory (MB): peak = 1901.547 ; gain = 0.000
Read PlaceDB: Time (s): cpu = 00:00:00 ; elapsed = 00:00:00 . Memory (MB): peak = 1901.547 ; gain = 0.000
Read placeStorage: Time (s): cpu = 00:00:01 ; elapsed = 00:00:01 . Memory (MB): peak = 1943.488 ; gain = 41.941
Read PulsedLatchDB: Time (s): cpu = 00:00:00 ; elapsed = 00:00:00 . Memory (MB): peak = 1943.488 ; gain = 0.000
Reading routing.
Read RouteStorage: Time (s): cpu = 00:00:01 ; elapsed = 00:00:00.608 . Memory (MB): peak = 1995.410 ; gain = 51.922
Read Physdb Files: Time (s): cpu = 00:00:02 ; elapsed = 00:00:02 . Memory (MB): peak = 1995.410 ; gain = 93.863
Restored from archive | CPU: 2.000000 secs | Memory: 0.000000 MB |
Finished XDEF File Restore: Time (s): cpu = 00:00:02 ; elapsed = 00:00:02 . Memory (MB): peak = 1995.410 ; gain = 93.863
Netlist sorting complete. Time (s): cpu = 00:00:00 ; elapsed = 00:00:00.022 . Memory (MB): peak = 2098.617 ; gain = 0.000
INFO: [Project 1-111] Unisim Transformation Summary:
  A total of 1364 instances were transformed.
  RAM16X1S => RAM32X1S (RAMS32): 224 instances
  RAM32M => RAM32M (RAMD32(x6), RAMS32(x2)): 63 instances
  RAM32X1D => RAM32X1D (RAMD32(x2)): 3 instances
  RAM64M => RAM64M (RAMD64E(x4)): 933 instances
  RAM64X1D => RAM64X1D (RAMD64E(x2)): 141 instances

INFO: [Project 1-604] Checkpoint was created with Vivado v2025.2 (64-bit) build 6299465
open_checkpoint: Time (s): cpu = 00:00:21 ; elapsed = 00:00:21 . Memory (MB): peak = 2104.246 ; gain = 1795.863
# set pats {
#   u_app_udp/cmp_d_reg u_app_udp/nx_d_reg u_app_udp/rx_lfsr_reg u_app_udp/cmp_i_reg
#   u_app_udp/cmp_n_reg u_app_udp/cmp_busy_reg u_app_udp/stat_mismatch_reg
#   u_app_udp/stat_rx_bytes_reg u_app_udp/nx_v_reg u_app_udp/cmp_k_reg
#   u_udp_split/rstate_reg u_udp_split/hold_rem_u_reg u_udp_split/len_r_reg
#   u_udp_split/any_r_reg u_udp_split/sip_r_reg u_udp_split/u_open_r_reg
#   u_udp_split/u_udp_rx/emit_d_reg u_udp_split/u_udp_rx/emit_k_reg
#   u_udp_split/u_udp_rx/hold_reg u_udp_split/u_udp_rx/pcount_reg
#   u_udp_split/u_udp_rx/wcnt_reg u_udp_split/u_udp_rx/state_reg
#   u_udp_split/u_udp_rx/tail_d_reg u_udp_split/u_udp_rx/meta_len_r_reg
#   u_udp_split/pw_cnt_reg u_udp_split/ip4_45_r_reg u_udp_split/swallow_r_reg
#   u_udp_split/u_pb u_udp_split/u_pre u_udp_split/u_desc
#   u_udp_split/u_uf/side_dout_r_reg u_udp_split/u_uf/bypass_r_reg
#   u_mac_rx/hwreg_reg u_mac_rx/wreg_reg u_mac_rx/dline_reg u_mac_rx/fbytes_reg
#   u_cls/sk_d_reg u_cls/sk_k_reg u_cls/n_reg u_cls/state_reg
# }
# foreach p $pats {
#   set c [get_cells -hier -quiet -filter "NAME =~ *$p*"]
#   set worst 99.0
#   set wcell ""
#   foreach cc $c {
#     set tp [get_timing_paths -quiet -delay_type min -to $cc -max_paths 1]
#     if {[llength $tp] > 0} {
#       set s [get_property SLACK $tp]
#       if {$s < $worst} { set worst $s; set wcell $cc }
#     }
#   }
#   puts "RXHOLD $p : cells=[llength $c] worst_hold_slack=$worst @ $wcell"
# }
RXHOLD u_app_udp/cmp_d_reg : cells=64 worst_hold_slack=0.137 @ u_app_udp/cmp_d_reg[20]
RXHOLD u_app_udp/nx_d_reg : cells=64 worst_hold_slack=0.111 @ u_app_udp/nx_d_reg[13]
RXHOLD u_app_udp/rx_lfsr_reg : cells=64 worst_hold_slack=0.129 @ u_app_udp/rx_lfsr_reg[61]
RXHOLD u_app_udp/cmp_i_reg : cells=4 worst_hold_slack=0.204 @ u_app_udp/cmp_i_reg[1]
RXHOLD u_app_udp/cmp_n_reg : cells=4 worst_hold_slack=0.232 @ u_app_udp/cmp_n_reg[1]
RXHOLD u_app_udp/cmp_busy_reg : cells=1 worst_hold_slack=0.382 @ u_app_udp/cmp_busy_reg
RXHOLD u_app_udp/stat_mismatch_reg : cells=42 worst_hold_slack=0.216 @ u_app_udp/stat_mismatch_reg[10]
RXHOLD u_app_udp/stat_rx_bytes_reg : cells=40 worst_hold_slack=0.204 @ u_app_udp/stat_rx_bytes_reg[11]
RXHOLD u_app_udp/nx_v_reg : cells=1 worst_hold_slack=0.258 @ u_app_udp/nx_v_reg
RXHOLD u_app_udp/cmp_k_reg : cells=0 worst_hold_slack=99.0 @ 
RXHOLD u_udp_split/rstate_reg : cells=0 worst_hold_slack=99.0 @ 
RXHOLD u_udp_split/hold_rem_u_reg : cells=10 worst_hold_slack=0.198 @ u_udp_split/hold_rem_u_reg[3]
RXHOLD u_udp_split/len_r_reg : cells=0 worst_hold_slack=99.0 @ 
RXHOLD u_udp_split/any_r_reg : cells=1 worst_hold_slack=0.254 @ u_udp_split/any_r_reg
RXHOLD u_udp_split/sip_r_reg : cells=0 worst_hold_slack=99.0 @ 
RXHOLD u_udp_split/u_open_r_reg : cells=1 worst_hold_slack=0.244 @ u_udp_split/u_open_r_reg
RXHOLD u_udp_split/u_udp_rx/emit_d_reg : cells=64 worst_hold_slack=0.111 @ u_udp_split/u_udp_rx/emit_d_reg[51]
RXHOLD u_udp_split/u_udp_rx/emit_k_reg : cells=8 worst_hold_slack=0.269 @ u_udp_split/u_udp_rx/emit_k_reg[4]
RXHOLD u_udp_split/u_udp_rx/hold_reg : cells=48 worst_hold_slack=0.544 @ u_udp_split/u_udp_rx/hold_reg[20]
RXHOLD u_udp_split/u_udp_rx/pcount_reg : cells=15 worst_hold_slack=0.219 @ u_udp_split/u_udp_rx/pcount_reg[0]
RXHOLD u_udp_split/u_udp_rx/wcnt_reg : cells=3 worst_hold_slack=0.256 @ u_udp_split/u_udp_rx/wcnt_reg[0]
RXHOLD u_udp_split/u_udp_rx/state_reg : cells=0 worst_hold_slack=99.0 @ 
RXHOLD u_udp_split/u_udp_rx/tail_d_reg : cells=48 worst_hold_slack=0.616 @ u_udp_split/u_udp_rx/tail_d_reg[36]
RXHOLD u_udp_split/u_udp_rx/meta_len_r_reg : cells=30 worst_hold_slack=0.556 @ u_udp_split/u_udp_rx/meta_len_r_reg[0]
RXHOLD u_udp_split/pw_cnt_reg : cells=4 worst_hold_slack=0.229 @ u_udp_split/pw_cnt_reg[3]
RXHOLD u_udp_split/ip4_45_r_reg : cells=1 worst_hold_slack=0.187 @ u_udp_split/ip4_45_r_reg
RXHOLD u_udp_split/swallow_r_reg : cells=1 worst_hold_slack=0.361 @ u_udp_split/swallow_r_reg
RXHOLD u_udp_split/u_pb : cells=171 worst_hold_slack=0.100 @ u_udp_split/u_pb/mem_reg_0_31_0_5/RAMA
RXHOLD u_udp_split/u_pre : cells=462 worst_hold_slack=0.214 @ u_udp_split/u_pre/wptr_reg[4]
RXHOLD u_udp_split/u_desc : cells=73 worst_hold_slack=0.096 @ u_udp_split/u_desc/mem_reg_0_63_6_8/RAMB
RXHOLD u_udp_split/u_uf/side_dout_r_reg : cells=0 worst_hold_slack=99.0 @ 
RXHOLD u_udp_split/u_uf/bypass_r_reg : cells=1 worst_hold_slack=0.689 @ u_udp_split/u_uf/bypass_r_reg
RXHOLD u_mac_rx/hwreg_reg : cells=64 worst_hold_slack=0.104 @ u_mac_rx/hwreg_reg[1]
RXHOLD u_mac_rx/wreg_reg : cells=64 worst_hold_slack=0.122 @ u_mac_rx/wreg_reg[16]
RXHOLD u_mac_rx/dline_reg : cells=32 worst_hold_slack=0.111 @ u_mac_rx/dline_reg[21]
RXHOLD u_mac_rx/fbytes_reg : cells=16 worst_hold_slack=0.271 @ u_mac_rx/fbytes_reg[15]
RXHOLD u_cls/sk_d_reg : cells=0 worst_hold_slack=99.0 @ 
RXHOLD u_cls/sk_k_reg : cells=0 worst_hold_slack=99.0 @ 
RXHOLD u_cls/n_reg : cells=0 worst_hold_slack=99.0 @ 
RXHOLD u_cls/state_reg : cells=0 worst_hold_slack=99.0 @ 
# puts "RXHOLD DONE"
RXHOLD DONE
# exit
INFO: [Common 17-206] Exiting Vivado at Mon Sep 21 02:01:34 2026...
