#-----------------------------------------------------------
# Vivado v2025.2 (64-bit)
# SW Build 6299465 on Fri Nov 14 19:35:11 GMT 2025
# IP Build 6300035 on Fri Nov 14 10:48:45 MST 2025
# SharedData Build 6298862 on Thu Nov 13 04:50:51 MST 2025
# Start of session at: Mon Sep 21 01:58:01 2026
# Process ID         : 36984
# Current directory  : D:/repo/ECO/udp_hls_10g
# Command line       : vivado.exe -mode batch -source p5f_verify/verify_p5f.tcl -log p5f_verify/verify_p5f.log -nojournal
# Log file           : D:/repo/ECO/udp_hls_10g/p5f_verify/verify_p5f.log
# Journal file       : 
# Running On         : xyz-intel
# Platform           : Windows Server 2016 or Windows 10
# Operating System   : 26200
# Processor Detail   : Intel(R) Core(TM) Ultra 7 265K
# CPU Frequency      : 3878 MHz
# CPU Physical cores : 20
# CPU Logical cores  : 20
# Host memory        : 68053 MB
# Swap memory        : 4294 MB
# Total Virtual      : 72348 MB
# Available Virtual  : 45797 MB
#-----------------------------------------------------------
source p5f_verify/verify_p5f.tcl
# set root_dir  D:/repo/ECO/udp_hls_10g
# set out_dir   ${root_dir}/p5f_verify
# set dcp       ${root_dir}/vivado_prj/p5_prj.runs/impl_1/wrapper_p4_routed.dcp
# open_checkpoint $dcp
Command: open_checkpoint D:/repo/ECO/udp_hls_10g/vivado_prj/p5_prj.runs/impl_1/wrapper_p4_routed.dcp

Starting open_checkpoint Task

Time (s): cpu = 00:00:00 ; elapsed = 00:00:00.025 . Memory (MB): peak = 324.773 ; gain = 5.738
INFO: [Device 21-403] Loading part xc7k325tffg676-2
Netlist sorting complete. Time (s): cpu = 00:00:01 ; elapsed = 00:00:00.412 . Memory (MB): peak = 935.180 ; gain = 0.000
INFO: [Netlist 29-17] Analyzing 8194 Unisim elements for replacement
INFO: [Netlist 29-28] Unisim Transformation completed in 0 CPU seconds
INFO: [Project 1-479] Netlist was created with Vivado 2025.2
INFO: [Project 1-570] Preparing netlist for logic optimization
Read ShapeDB Complete: Time (s): cpu = 00:00:00 ; elapsed = 00:00:00.135 . Memory (MB): peak = 1125.637 ; gain = 23.906
INFO: [Timing 38-478] Restoring timing data from binary archive.
INFO: [Timing 38-479] Binary timing data restore complete.
INFO: [Project 1-856] Restoring constraints from binary archive.
INFO: [Project 1-853] Binary constraint restore complete.
INFO: [Designutils 20-5722] Start Reading Physical Databases.
Reading placement.
Read Netlist Cache: Time (s): cpu = 00:00:00 ; elapsed = 00:00:00.067 . Memory (MB): peak = 1900.617 ; gain = 0.000
Reading placer database...
Read Device Cache: Time (s): cpu = 00:00:00 ; elapsed = 00:00:00.008 . Memory (MB): peak = 1900.617 ; gain = 0.000
Read PlaceDB: Time (s): cpu = 00:00:00 ; elapsed = 00:00:00 . Memory (MB): peak = 1900.617 ; gain = 0.000
Read placeStorage: Time (s): cpu = 00:00:01 ; elapsed = 00:00:01 . Memory (MB): peak = 1943.801 ; gain = 43.184
Read PulsedLatchDB: Time (s): cpu = 00:00:00 ; elapsed = 00:00:00 . Memory (MB): peak = 1943.801 ; gain = 0.000
Reading routing.
Read RouteStorage: Time (s): cpu = 00:00:01 ; elapsed = 00:00:00.610 . Memory (MB): peak = 1992.820 ; gain = 49.020
Read Physdb Files: Time (s): cpu = 00:00:02 ; elapsed = 00:00:02 . Memory (MB): peak = 1992.820 ; gain = 92.203
Restored from archive | CPU: 2.000000 secs | Memory: 0.000000 MB |
Finished XDEF File Restore: Time (s): cpu = 00:00:02 ; elapsed = 00:00:02 . Memory (MB): peak = 1992.820 ; gain = 92.203
Netlist sorting complete. Time (s): cpu = 00:00:00 ; elapsed = 00:00:00.021 . Memory (MB): peak = 2096.324 ; gain = 0.000
INFO: [Project 1-111] Unisim Transformation Summary:
  A total of 1364 instances were transformed.
  RAM16X1S => RAM32X1S (RAMS32): 224 instances
  RAM32M => RAM32M (RAMD32(x6), RAMS32(x2)): 63 instances
  RAM32X1D => RAM32X1D (RAMD32(x2)): 3 instances
  RAM64M => RAM64M (RAMD64E(x4)): 933 instances
  RAM64X1D => RAM64X1D (RAMD64E(x2)): 141 instances

INFO: [Project 1-604] Checkpoint was created with Vivado v2025.2 (64-bit) build 6299465
open_checkpoint: Time (s): cpu = 00:00:22 ; elapsed = 00:00:21 . Memory (MB): peak = 2102.043 ; gain = 1792.613
# report_timing_summary -max_paths 20 -routable_nets \
#     -file ${out_dir}/p5e_timing_routed.rpt
INFO: [Timing 38-91] UpdateTimingParams: Speed grade: -2, Delay Type: min_max.
INFO: [Timing 38-191] Multithreading enabled for timing update using a maximum of 2 CPUs
report_timing_summary: Time (s): cpu = 00:00:36 ; elapsed = 00:00:22 . Memory (MB): peak = 2616.414 ; gain = 514.371
# report_utilization -file ${out_dir}/p5e_utilization_routed.rpt
# report_drc -file ${out_dir}/p5e_drc_routed.rpt
Command: report_drc -file D:/repo/ECO/udp_hls_10g/p5f_verify/p5e_drc_routed.rpt
INFO: [IP_Flow 19-234] Refreshing IP repositories
INFO: [IP_Flow 19-1704] No user IP repositories specified
INFO: [IP_Flow 19-2313] Loaded Vivado IP repository 'C:/AMDDesignTools/2025.2/Vivado/data/ip'.
INFO: [DRC 23-27] Running DRC with 2 threads
INFO: [Vivado_Tcl 2-168] The results of DRC are in file D:/repo/ECO/udp_hls_10g/p5f_verify/p5e_drc_routed.rpt.
report_drc completed successfully
# report_route_status -file ${out_dir}/p5e_route_status.rpt
# report_clock_utilization -file ${out_dir}/p5e_clock_util.rpt
# puts "\n===== P5e VERIFY DONE: reports in ${out_dir} ====="

===== P5e VERIFY DONE: reports in D:/repo/ECO/udp_hls_10g/p5f_verify =====
# exit
INFO: [Common 17-206] Exiting Vivado at Mon Sep 21 01:58:53 2026...
