#-----------------------------------------------------------
# xsim v2025.2 (64-bit)
# SW Build 6299465 on Fri Nov 14 19:35:11 GMT 2025
# IP Build 6300035 on Fri Nov 14 10:48:45 MST 2025
# SharedData Build 6298862 on Thu Nov 13 04:50:51 MST 2025
# Start of session at: Sat Oct 10 09:00:26 2026
# Process ID         : 10828
# Current directory  : D:/repo/XCKU5PMini/udp_hls_10g/sim/p7b_stagec_tx_regress/author_gate/runA
# Command line       : xsim.exe -log xs.log -mode tcl -source {xsim.dir/txovl/xsim_script.tcl}
# Log file           : D:/repo/XCKU5PMini/udp_hls_10g/sim/p7b_stagec_tx_regress/author_gate/runA/xs.log
# Journal file       : D:/repo/XCKU5PMini/udp_hls_10g/sim/p7b_stagec_tx_regress/author_gate/runA\xsim.jou
# Running On         : xyz-intel
# Platform           : Windows Server 2016 or Windows 10
# Operating System   : 26300
# Processor Detail   : Intel(R) Core(TM) Ultra 7 265K
# CPU Frequency      : 3878 MHz
# CPU Physical cores : 20
# CPU Logical cores  : 20
# Host memory        : 68053 MB
# Swap memory        : 4294 MB
# Total Virtual      : 72348 MB
# Available Virtual  : 49327 MB
#-----------------------------------------------------------
source xsim.dir/txovl/xsim_script.tcl
# xsim {txovl} -autoloadwcfg -runall
Time resolution is 1 ps
run -all
DBG ack_req rise @39 id=0 syn=1 fin=0 rst=0
DBG sex @60 c=0 op=1 pos=0 n=8 td=0000000000000000 tk=00 tl=0
DBG sex @61 c=0 op=0 pos=0 n=8 td=f5fa73026962393b tk=ff tl=0
DBG sex @62 c=0 op=0 pos=8 n=8 td=42787031c7f15f66 tk=ff tl=0
DBG sex @63 c=0 op=0 pos=16 n=8 td=afa56c37f3be86c6 tk=ff tl=0
DBG sex @64 c=0 op=0 pos=24 n=8 td=7c227825cccc557b tk=ff tl=0
DBG ack_req rise @65 id=1 syn=1 fin=0 rst=0
DBG sex @65 c=0 op=0 pos=32 n=8 td=eecfcbdfe908e2b8 tk=ff tl=0
DBG sex @66 c=0 op=0 pos=40 n=8 td=a9721fca156d653b tk=ff tl=0
DBG sex @67 c=0 op=0 pos=48 n=8 td=9235701f18f6c575 tk=ff tl=0
DBG sex @68 c=0 op=0 pos=56 n=8 td=c5f5160bbd2b67a3 tk=ff tl=0
DBG sex @69 c=0 op=0 pos=64 n=8 td=d173851f62d5e16e tk=ff tl=0
DBG sex @70 c=0 op=0 pos=72 n=8 td=cf9b7557d0c4f83c tk=ff tl=0
DBG sex @71 c=0 op=0 pos=80 n=8 td=df7c1cb73e67070f tk=ff tl=0
DBG sex @72 c=0 op=0 pos=88 n=8 td=80919bb923f12c20 tk=ff tl=0
DBG sex @73 c=0 op=0 pos=96 n=8 td=6bf71f2f0da02eae tk=ff tl=0
DBG sex @74 c=0 op=0 pos=104 n=8 td=41ee18027aeb4db6 tk=ff tl=0
DBG sex @75 c=0 op=0 pos=112 n=8 td=b1e7fc9c3bfe9c43 tk=ff tl=0
DBG sex @76 c=0 op=0 pos=120 n=8 td=30e621b183beb613 tk=ff tl=0
DBG sex @77 c=0 op=0 pos=128 n=8 td=4752dc22156bda35 tk=ff tl=0
DBG sex @78 c=0 op=0 pos=136 n=8 td=cdb0b52ad2722177 tk=ff tl=0
DBG sex @79 c=0 op=0 pos=144 n=8 td=072d9963425899a1 tk=ff tl=0
DBG sex @80 c=0 op=0 pos=152 n=8 td=fcbd851bbb3ba28a tk=ff tl=0
DBG sex @81 c=0 op=0 pos=160 n=8 td=977e729050469a60 tk=ff tl=0
DBG sex @82 c=0 op=0 pos=168 n=8 td=1a7c3d49808f4886 tk=ff tl=0
DBG sex @83 c=0 op=0 pos=176 n=8 td=94c1a551c3879f11 tk=ff tl=0
DBG ack_req rise @464 id=2 syn=1 fin=0 rst=0
DBG ack_req rise @863 id=3 syn=1 fin=0 rst=0
DBG ack_req rise @32762 id=1 syn=0 fin=0 rst=0
DBG ack_req rise @40954 id=1 syn=0 fin=0 rst=0
DBG ack_req rise @49146 id=1 syn=0 fin=0 rst=0
DBG ack_req rise @57338 id=1 syn=0 fin=0 rst=0
DBG ack_req rise @62346 id=0 syn=1 fin=0 rst=0
DBG ack_req rise @65530 id=1 syn=0 fin=0 rst=0
DBG ack_req rise @73722 id=1 syn=0 fin=0 rst=0
DBG ack_req rise @81914 id=1 syn=0 fin=0 rst=0
DBG ack_req rise @90106 id=1 syn=0 fin=0 rst=0
---------------- TB_TCP_TX_OVL SUMMARY ----------------
FRAMES recv=471 data=400 ctrl=71 dead_skip=0 cyc=91064
COV frames=400 replay_sessions=0 replay_frames=6 conns=4 plen0=47 singlebeat=150 ctrlblock=0 rewinds=2
MINGAP handoff_to_next_start=1000000 finmin1_hits=0 advwrite_to_next_start=1000000
CYCRX min=1000000 avg_milli=0 n=0
CYCTX min=1000000 avg_milli=0 n=0
FRAMEPERIOD min=1000000 avg_milli=0 n=0
WIRE fin=1 rst=1 syn=5
DUT stat_frames=470 stat_bytes=315207 stat_ack=71 adrop=0 drop_len=13 eend=0 fin=1 rst=1 retx=2 tlast_in=407
REDS parse=0 csum=0 payload=0 seqcont=0 seqmono=0 ctrl=0 ctrl_to=0 onehot=0 pendbusy=0 replay=0 stuck=0 ovf=0 ackf=0
REDS2 replay_gap=0 below_una_during_retx=0 replay_tail_short=0 (info) F1_ring=0 J9=0
TB_TCP_TX_OVL: OK
$finish called at time : 582812800 ps : File "D:/repo/XCKU5PMini/udp_hls_10g/tb/tb_tcp_tx_ovl.v" Line 1556
exit
INFO: [Common 17-206] Exiting xsim at Sat Oct 10 09:00:29 2026...
