#-----------------------------------------------------------
# xsim v2025.2 (64-bit)
# SW Build 6299465 on Fri Nov 14 19:35:11 GMT 2025
# IP Build 6300035 on Fri Nov 14 10:48:45 MST 2025
# SharedData Build 6298862 on Thu Nov 13 04:50:51 MST 2025
# Start of session at: Sat Oct 10 09:00:31 2026
# Process ID         : 28316
# Current directory  : D:/repo/XCKU5PMini/udp_hls_10g/sim/p7b_stagec_tx_regress/author_gate/runB
# Command line       : xsim.exe -log xs.log -mode tcl -source {xsim.dir/txovl/xsim_script.tcl}
# Log file           : D:/repo/XCKU5PMini/udp_hls_10g/sim/p7b_stagec_tx_regress/author_gate/runB/xs.log
# Journal file       : D:/repo/XCKU5PMini/udp_hls_10g/sim/p7b_stagec_tx_regress/author_gate/runB\xsim.jou
# Running On         : xyz-intel
# Platform           : Windows Server 2016 or Windows 10
# Operating System   : 26300
# Processor Detail   : Intel(R) Core(TM) Ultra 7 265K
# CPU Frequency      : 3878 MHz
# CPU Physical cores : 20
# CPU Logical cores  : 20
# Host memory        : 68053 MB
# Swap memory        : 4294 MB
# Total Virtual      : 72348 MB
# Available Virtual  : 49264 MB
#-----------------------------------------------------------
source xsim.dir/txovl/xsim_script.tcl
# xsim {txovl} -autoloadwcfg -runall
Time resolution is 1 ps
run -all
DBG ack_req rise @39 id=0 syn=1 fin=0 rst=0
DBG sex @56 c=0 op=1 pos=0 n=8 td=0000000000000000 tk=00 tl=0
DBG sex @57 c=0 op=0 pos=0 n=8 td=f5fa73026962393b tk=ff tl=0
DBG sex @58 c=0 op=0 pos=8 n=8 td=42787031c7f15f66 tk=ff tl=0
DBG sex @59 c=0 op=0 pos=16 n=8 td=afa56c37f3be86c6 tk=ff tl=0
DBG sex @60 c=0 op=0 pos=24 n=8 td=7c227825cccc557b tk=ff tl=0
DBG ack_req rise @61 id=1 syn=1 fin=0 rst=0
DBG sex @61 c=0 op=0 pos=32 n=8 td=eecfcbdfe908e2b8 tk=ff tl=0
DBG sex @62 c=0 op=0 pos=40 n=8 td=a9721fca156d653b tk=ff tl=0
DBG sex @63 c=0 op=0 pos=48 n=8 td=9235701f18f6c575 tk=ff tl=0
DBG sex @64 c=0 op=0 pos=56 n=8 td=c5f5160bbd2b67a3 tk=ff tl=0
DBG sex @65 c=0 op=0 pos=64 n=8 td=d173851f62d5e16e tk=ff tl=0
DBG sex @66 c=0 op=0 pos=72 n=8 td=cf9b7557d0c4f83c tk=ff tl=0
DBG sex @67 c=0 op=0 pos=80 n=8 td=df7c1cb73e67070f tk=ff tl=0
DBG sex @68 c=0 op=0 pos=88 n=8 td=80919bb923f12c20 tk=ff tl=0
DBG sex @69 c=0 op=0 pos=96 n=8 td=6bf71f2f0da02eae tk=ff tl=0
DBG sex @70 c=0 op=0 pos=104 n=8 td=41ee18027aeb4db6 tk=ff tl=0
DBG sex @71 c=0 op=0 pos=112 n=8 td=b1e7fc9c3bfe9c43 tk=ff tl=0
DBG sex @72 c=0 op=0 pos=120 n=8 td=30e621b183beb613 tk=ff tl=0
DBG sex @73 c=0 op=0 pos=128 n=8 td=4752dc22156bda35 tk=ff tl=0
DBG sex @74 c=0 op=0 pos=136 n=8 td=cdb0b52ad2722177 tk=ff tl=0
DBG sex @75 c=0 op=0 pos=144 n=8 td=072d9963425899a1 tk=ff tl=0
DBG sex @76 c=0 op=0 pos=152 n=8 td=fcbd851bbb3ba28a tk=ff tl=0
DBG sex @77 c=0 op=0 pos=160 n=8 td=977e729050469a60 tk=ff tl=0
DBG sex @78 c=0 op=0 pos=168 n=8 td=1a7c3d49808f4886 tk=ff tl=0
DBG sex @79 c=0 op=0 pos=176 n=8 td=94c1a551c3879f11 tk=ff tl=0
DBG ack_req rise @455 id=2 syn=1 fin=0 rst=0
DBG ack_req rise @654 id=3 syn=1 fin=0 rst=0
DBG ack_req rise @24570 id=1 syn=0 fin=0 rst=0
DBG W67CAP#1 @25368 prev_id=0 eff=bffe infl=ffb8 win_open=0
DBG ack_req rise @32762 id=1 syn=0 fin=0 rst=0
DBG W67CAP#2 @40847 prev_id=0 eff=bffe infl=ee9e win_open=0
DBG ack_req rise @40954 id=1 syn=0 fin=0 rst=0
DBG ack_req rise @49146 id=1 syn=0 fin=0 rst=0
DBG ack_req rise @57338 id=1 syn=0 fin=0 rst=0
DBG ack_req rise @62346 id=0 syn=1 fin=0 rst=0
DBG ack_req rise @65530 id=1 syn=0 fin=0 rst=0
DBG ack_req rise @73722 id=1 syn=0 fin=0 rst=0
DBG ack_req rise @81914 id=1 syn=0 fin=0 rst=0
DBG ack_req rise @90106 id=1 syn=0 fin=0 rst=0
DBG ack_req rise @98298 id=1 syn=0 fin=0 rst=0
DBG ack_req rise @106490 id=1 syn=0 fin=0 rst=0
DBG ack_req rise @112346 id=0 syn=1 fin=0 rst=0
DBG ack_req rise @114682 id=1 syn=0 fin=0 rst=0
DBG W67CAP#3 @120950 prev_id=0 eff=bffe infl=ffb8 win_open=0
DBG ack_req rise @122874 id=1 syn=0 fin=0 rst=0
DBG ack_req rise @131066 id=1 syn=0 fin=0 rst=0
DBG ack_req rise @139258 id=1 syn=0 fin=0 rst=0
DBG ack_req rise @147450 id=1 syn=0 fin=0 rst=0
DBG ack_req rise @155642 id=1 syn=0 fin=0 rst=0
DBG ack_req rise @162346 id=0 syn=1 fin=0 rst=0
DBG W67CAP#4 @280720 prev_id=0 eff=bffe infl=fa04 win_open=0
---------------- TB_TCP_TX_OVL SUMMARY ----------------
FRAMES recv=2443 data=2100 ctrl=343 dead_skip=3 cyc=356114
COV frames=2100 replay_sessions=23 replay_frames=41 conns=4 plen0=268 singlebeat=809 ctrlblock=8052 rewinds=22
MINGAP handoff_to_next_start=1 finmin1_hits=707 advwrite_to_next_start=5
CYCRX min=6 avg_milli=119160 n=2059
CYCTX min=8 avg_milli=105589 n=2100
FRAMEPERIOD min=8 avg_milli=169451 n=2099
WIRE fin=4 rst=1 syn=10
DUT stat_frames=2442 stat_bytes=1634819 stat_ack=343 adrop=0 drop_len=90 eend=0 fin=4 rst=1 retx=22 tlast_in=2147
OVL F1 overtop_cyc=811 wrap_ev=58 delta_red=0 cyc_red=0 cov_aborts=90 cov_cdadj=2060 ctrlblk_real=8051
OVL C6 wins=14 req_win=1519 gated=1511 grant_in_win=0 servedwhile=0_chk_red_0
OVL wsrc data=2100 ctrl=15 rew=32 pendclr_wrong=0 ovf=0 issued fin/rst/syn=4/1/10
OVL RETXFIX span_max=2 span_over=0 jump_bad=0 c2resv_n=15 c2resv_bad=0 jump_ev=10
REDS parse=0 csum=0 payload=0 seqcont=0 seqmono=0 ctrl=0 ctrl_to=0 onehot=0 pendbusy=0 replay=0 stuck=0 ovf=0 ackf=0
REDS2 replay_gap=9 below_una_during_retx=8 replay_tail_short=9 (info) F1_ring=0 J9=0
T8 rx1460 min=189 n=1074 (expect <=190)  tx1460 min=191 n=1110 (expect <=192)
T8 fp1460 min=191 (expect <=200)  overlap=48/100 of RX-inflight (119878/249651)
W66 dut=897 tb=897 wndclosed_seen=1 wc_st=4
W67 dut=4 tb_cap=4 tb_peer=893 (W66=897)
W69 dut=00000000 tb=00000000
W69DIR hits=613 dut=05b405b4 tb=05b405b4 (末尾值 dut=00000000 tb=00000000)
PACE fpc_milli=5894
TB_TCP_TX_OVL: OK
$finish called at time : 2279132800 ps : File "D:/repo/XCKU5PMini/udp_hls_10g/tb/tb_tcp_tx_ovl.v" Line 1556
exit
INFO: [Common 17-206] Exiting xsim at Sat Oct 10 09:00:35 2026...
