#-----------------------------------------------------------
# xsim v2025.2 (64-bit)
# SW Build 6299465 on Fri Nov 14 19:35:11 GMT 2025
# IP Build 6300035 on Fri Nov 14 10:48:45 MST 2025
# SharedData Build 6298862 on Thu Nov 13 04:50:51 MST 2025
# Start of session at: Wed Sep 30 16:50:57 2026
# Process ID         : 28484
# Current directory  : D:/repo/XCKU5PMini/udp_hls_10g/_proj_10g/notes/p7b_rate8/sim/ua_wide
# Command line       : xsim.exe -log w_xs_nopeer.log -mode tcl -source {xsim.dir/tb_app_udp/xsim_script.tcl}
# Log file           : D:/repo/XCKU5PMini/udp_hls_10g/_proj_10g/notes/p7b_rate8/sim/ua_wide/w_xs_nopeer.log
# Journal file       : D:/repo/XCKU5PMini/udp_hls_10g/_proj_10g/notes/p7b_rate8/sim/ua_wide\xsim.jou
# Running On         : xyz-intel
# Platform           : Windows Server 2016 or Windows 10
# Operating System   : 26200
# Processor Detail   : Intel(R) Core(TM) Ultra 7 265K
# CPU Frequency      : 3878 MHz
# CPU Physical cores : 20
# CPU Logical cores  : 20
# Host memory        : 68053 MB
# Swap memory        : 4294 MB
# Total Virtual      : 72348 MB
# Available Virtual  : 44720 MB
#-----------------------------------------------------------
source xsim.dir/tb_app_udp/xsim_script.tcl
# xsim {tb_app_udp} -testplusarg NOPEER -autoloadwcfg -runall
Time resolution is 1 ps
run -all
P5E UDP APP: splitoff=0 portout=0 badcrc=0 nopeer=1
P5E UDP APP GATE: OK (NOPEER: TX 零帧, meta 脉冲 0)
$finish called at time : 24476 ns : File "D:/repo/XCKU5PMini/udp_hls_10g/tb/tb_app_udp.v" Line 573
exit
INFO: [Common 17-206] Exiting xsim at Wed Sep 30 16:50:58 2026...
