#-----------------------------------------------------------
# xsim v2025.2 (64-bit)
# SW Build 6299465 on Fri Nov 14 19:35:11 GMT 2025
# IP Build 6300035 on Fri Nov 14 10:48:45 MST 2025
# SharedData Build 6298862 on Thu Nov 13 04:50:51 MST 2025
# Start of session at: Wed Sep 30 16:56:58 2026
# Process ID         : 31356
# Current directory  : D:/repo/XCKU5PMini/udp_hls_10g/_proj_10g/notes/p7b_rate8/sim/ua_wide
# Command line       : xsim.exe -log w_xs_badcrc.log -mode tcl -source {xsim.dir/tb_app_udp/xsim_script.tcl}
# Log file           : D:/repo/XCKU5PMini/udp_hls_10g/_proj_10g/notes/p7b_rate8/sim/ua_wide/w_xs_badcrc.log
# Journal file       : D:/repo/XCKU5PMini/udp_hls_10g/_proj_10g/notes/p7b_rate8/sim/ua_wide\xsim.jou
# Running On         : xyz-intel
# Platform           : Windows Server 2016 or Windows 10
# Operating System   : 26200
# Processor Detail   : Intel(R) Core(TM) Ultra 7 265K
# CPU Frequency      : 3878 MHz
# CPU Physical cores : 20
# CPU Logical cores  : 20
# Host memory        : 68053 MB
# Swap memory        : 4294 MB
# Total Virtual      : 72348 MB
# Available Virtual  : 44643 MB
#-----------------------------------------------------------
source xsim.dir/tb_app_udp/xsim_script.tcl
# xsim {tb_app_udp} -testplusarg BADCRC -autoloadwcfg -runall
Time resolution is 1 ps
run -all
P5E UDP APP: splitoff=0 portout=0 badcrc=1 nopeer=0
Memory Collision Error on RAMB36E1 : tb_app_udp.u_split.u_uf.gen_mem[0].u_main.gen_sdp.gen_wide.INT_RAMB_SDP.chk_for_col_msg at simulation time 24572.000 ns.
A read was performed on address 803f (hex) of port A while a write was requested to the same address on port B.  The write will be successful however the read value on port A is unknown until the next CLKA cycle.
  [dbg] neg: app_frames=0 drop_crc=1 drop_ovf=0 drop_part=0 hls_frames=0 hls_split=1 commit=0 srx_drop=0 nfr=8 ready=1 meta_cnt=1
P5E UDP APP GATE: OK (neg mode)
$finish called at time : 346340 ns : File "D:/repo/XCKU5PMini/udp_hls_10g/tb/tb_app_udp.v" Line 645
exit
INFO: [Common 17-206] Exiting xsim at Wed Sep 30 16:57:00 2026...
