Copyright 1986-2022 Xilinx, Inc. All Rights Reserved. Copyright 2022-2025 Advanced Micro Devices, Inc. All Rights Reserved.
-------------------------------------------------------------------------------------------------------------------------------------------------------------------------------------------------------------------------------------------------------------------------------------------------------------------
| Tool Version      : Vivado v.2025.2 (win64) Build 6299465 Fri Nov 14 19:35:11 GMT 2025
| Date              : Fri Oct  9 08:45:35 2026
| Host              : xyz-intel running 64-bit major release  (build 9200)
| Command           : report_timing -quiet -delay_type max -max_paths 3 -nworst 1 -from [get_pins -quiet u_tcp_tx/ack_pend_r_reg_replica/C] -to [get_pins -quiet {u_tcp_tx/ctrl_tcpcsum_reg[14]/D}] -file {D:\repo\XCKU5PMini\udp_hls_10g\_proj_10g\notes\p7b_build_longflow\_t3_family\out\S2/fam_S2_E_exact.rpt}
| Design            : wrapper_p4
| Device            : xcku5p-ffvb676
| Speed File        : -1  PRODUCTION 1.29 05-01-2022
| Design State      : Routed
| Temperature Grade : E
-------------------------------------------------------------------------------------------------------------------------------------------------------------------------------------------------------------------------------------------------------------------------------------------------------------------

Timing Report

Slack (MET) :             0.511ns  (required time - arrival time)
  Source:                 u_tcp_tx/ack_pend_r_reg_replica/C
                            (rising edge-triggered cell FDCE clocked by g_hw.clk_out0  {rise@0.000ns fall@3.200ns period=6.400ns})
  Destination:            u_tcp_tx/ctrl_tcpcsum_reg[14]/D
                            (rising edge-triggered cell FDCE clocked by g_hw.clk_out0  {rise@0.000ns fall@3.200ns period=6.400ns})
  Path Group:             g_hw.clk_out0
  Path Type:              Setup (Max at Slow Process Corner)
  Requirement:            6.400ns  (g_hw.clk_out0 rise@6.400ns - g_hw.clk_out0 rise@0.000ns)
  Data Path Delay:        5.719ns  (logic 2.642ns (46.195%)  route 3.077ns (53.805%))
  Logic Levels:           22  (CARRY8=7 LUT1=1 LUT2=1 LUT3=2 LUT4=1 LUT5=4 LUT6=6)
  Clock Path Skew:        -0.135ns (DCD - SCD + CPR)
    Destination Clock Delay (DCD):    5.503ns = ( 11.903 - 6.400 ) 
    Source Clock Delay      (SCD):    5.361ns
    Clock Pessimism Removal (CPR):    -0.277ns
  Clock Uncertainty:      0.062ns  ((TSJ^2 + DJ^2)^1/2) / 2 + PE
    Total System Jitter     (TSJ):    0.071ns
    Discrete Jitter          (DJ):    0.101ns
    Phase Error              (PE):    0.000ns
  Clock Net Delay (Source):      2.279ns (routing 0.973ns, distribution 1.306ns)
  Clock Net Delay (Destination): 2.057ns (routing 0.886ns, distribution 1.171ns)

    Location             Delay type                Incr(ns)  Path(ns)    Netlist Resource(s)
  -------------------------------------------------------------------    -------------------
                         (clock g_hw.clk_out0 rise edge)
                                                      0.000     0.000 r  
    T25                                               0.000     0.000 r  sys_clk_p (IN)
                         net (fo=0)                   0.100     0.100    u_clkgen/g_hw.u_ibufds/I
    HPIOBDIFFINBUF_X0Y37 DIFFINBUF (Prop_DIFFINBUF_HPIOBDIFFINBUF_DIFF_IN_P_O)
                                                      0.479     0.579 r  u_clkgen/g_hw.u_ibufds/DIFFINBUF_INST/O
                         net (fo=1, routed)           0.050     0.629    u_clkgen/g_hw.u_ibufds/OUT
    T25                  IBUFCTRL (Prop_IBUFCTRL_HPIOB_M_I_O)
                                                      0.000     0.629 r  u_clkgen/g_hw.u_ibufds/IBUFCTRL_INST/O
                         net (fo=1, routed)           0.343     0.972    u_clkgen/g_hw.clk_in_ibuf
    BUFGCE_X0Y31         BUFGCE (Prop_BUFCE_BUFGCE_I_O)
                                                      0.028     1.000 r  u_clkgen/g_hw.u_bufg_in/O
                         net (fo=485, routed)         1.904     2.904    u_clkgen/clk_in_100
    MMCM_X0Y1            MMCME4_ADV (Prop_MMCM_CLKIN1_CLKOUT0)
                                                     -0.106     2.798 r  u_clkgen/g_hw.u_mmcm/CLKOUT0
                         net (fo=1, routed)           0.256     3.054    u_clkgen/g_hw.clk_out0
    BUFGCE_X0Y24         BUFGCE (Prop_BUFCE_BUFGCE_I_O)
                                                      0.028     3.082 r  u_clkgen/g_hw.u_bufg_out/O
    X1Y0 (CLOCK_ROOT)    net (fo=48826, routed)       2.279     5.361    u_tcp_tx/dp_clk
    SLICE_X40Y46         FDCE                                         r  u_tcp_tx/ack_pend_r_reg_replica/C
  -------------------------------------------------------------------    -------------------
    SLICE_X40Y46         FDCE (Prop_DFF_SLICEL_C_Q)
                                                      0.096     5.457 f  u_tcp_tx/ack_pend_r_reg_replica/Q
                         net (fo=3, routed)           0.059     5.516    u_tcp_tx/u_ackq/ack_pend_r_repN_alias
    SLICE_X40Y46         LUT4 (Prop_B6LUT_SLICEL_I0_O)
                                                      0.064     5.580 f  u_tcp_tx/u_ackq/scan_id[3]_i_5/O
                         net (fo=3, routed)           0.055     5.636    u_tcp_tx/u_ackq/ack_pend_r_reg
    SLICE_X40Y46         LUT5 (Prop_E6LUT_SLICEL_I1_O)
                                                      0.039     5.675 f  u_tcp_tx/u_ackq/scan_id[3]_i_3__0/O
                         net (fo=1, routed)           0.046     5.721    u_tcp_tx/u_ackq/scan_id[3]_i_3__0_n_53
    SLICE_X40Y46         LUT5 (Prop_C6LUT_SLICEL_I4_O)
                                                      0.038     5.759 r  u_tcp_tx/u_ackq/scan_id[3]_i_1__0/O
                         net (fo=237, routed)         0.227     5.985    u_tcp_tx/u_ackq/E[0]
    SLICE_X42Y45         LUT6 (Prop_C6LUT_SLICEM_I1_O)
                                                      0.038     6.023 r  u_tcp_tx/u_ackq/ctrl_seq[30]_i_11/O
                         net (fo=13, routed)          0.091     6.114    u_tcp_tx/u_ackq/ctrl_seq[30]_i_11_n_53
    SLICE_X42Y44         LUT5 (Prop_G6LUT_SLICEM_I4_O)
                                                      0.039     6.153 r  u_tcp_tx/u_ackq/ctrl_seq[30]_i_8/O
                         net (fo=120, routed)         0.446     6.599    u_tcb/f_seq_reg[0][2]_0
    SLICE_X38Y30         LUT6 (Prop_G6LUT_SLICEL_I4_O)
                                                      0.147     6.746 r  u_tcb/ctrl_seq[3]_i_4/O
                         net (fo=2, routed)           0.203     6.949    u_tcb/ctrl_seq[3]_i_4_n_53
    SLICE_X38Y36         LUT6 (Prop_A6LUT_SLICEL_I3_O)
                                                      0.149     7.098 r  u_tcb/ctrl_seq[3]_i_1/O
                         net (fo=86, routed)          0.315     7.413    u_tcb/rb_snd_nxt[3]
    SLICE_X37Y53         LUT6 (Prop_E6LUT_SLICEM_I0_O)
                                                      0.101     7.514 r  u_tcb/ctrl_tcpcsum[15]_i_124/O
                         net (fo=2, routed)           0.122     7.636    u_tcb/ctrl_tcpcsum[15]_i_124_n_53
    SLICE_X35Y53         LUT3 (Prop_C6LUT_SLICEM_I2_O)
                                                      0.113     7.749 r  u_tcb/ctrl_tcpcsum[15]_i_68/O
                         net (fo=2, routed)           0.116     7.864    u_tcb/dout_reg[21][1]
    SLICE_X35Y54         LUT6 (Prop_F6LUT_SLICEM_I0_O)
                                                      0.148     8.012 r  u_tcb/ctrl_tcpcsum[15]_i_75/O
                         net (fo=1, routed)           0.024     8.036    u_tcp_tx/u_ackq/ctrl_tcpcsum[7]_i_25_0[0]
    SLICE_X35Y54         CARRY8 (Prop_CARRY8_SLICEM_S[5]_CO[7])
                                                      0.202     8.238 r  u_tcp_tx/u_ackq/ctrl_tcpcsum_reg[15]_i_30/CO[7]
                         net (fo=1, routed)           0.028     8.266    u_tcb/ctrl_tcpcsum[15]_i_19[0]
    SLICE_X35Y55         CARRY8 (Prop_CARRY8_SLICEM_CI_O[0])
                                                      0.072     8.338 r  u_tcb/ctrl_tcpcsum_reg[15]_i_21/O[0]
                         net (fo=3, routed)           0.231     8.569    u_tcb/dout_reg[26]_0[0]
    SLICE_X35Y60         LUT3 (Prop_C6LUT_SLICEM_I0_O)
                                                      0.098     8.667 r  u_tcb/ctrl_tcpcsum[15]_i_29/O
                         net (fo=2, routed)           0.105     8.773    u_cam/ctrl_tcpcsum_reg[15]_i_4
    SLICE_X35Y58         LUT5 (Prop_G6LUT_SLICEM_I1_O)
                                                      0.039     8.812 r  u_cam/ctrl_tcpcsum[15]_i_11/O
                         net (fo=2, routed)           0.167     8.978    u_cam/f_wnd_reg[1][7]_i_1[0]
    SLICE_X36Y57         LUT6 (Prop_B6LUT_SLICEL_I0_O)
                                                      0.149     9.127 r  u_cam/ctrl_tcpcsum[15]_i_19/O
                         net (fo=1, routed)           0.010     9.137    u_tcb/ctrl_tcpcsum_reg[15]_i_3_2[1]
    SLICE_X36Y57         CARRY8 (Prop_CARRY8_SLICEL_S[1]_CO[7])
                                                      0.233     9.370 r  u_tcb/ctrl_tcpcsum_reg[15]_i_4/CO[7]
                         net (fo=1, routed)           0.028     9.398    u_cam/ctrl_tcpcsum[7]_i_10[0]
    SLICE_X36Y58         CARRY8 (Prop_CARRY8_SLICEL_CI_O[0])
                                                      0.072     9.470 r  u_cam/ctrl_tcpcsum_reg[7]_i_27/O[0]
                         net (fo=1, routed)           0.217     9.687    u_tcp_tx/u_ackq/ctrl_tcpcsum_reg[7]_i_3_2[0]
    SLICE_X37Y58         LUT2 (Prop_A6LUT_SLICEM_I1_O)
                                                      0.150     9.837 r  u_tcp_tx/u_ackq/ctrl_tcpcsum[7]_i_10/O
                         net (fo=1, routed)           0.014     9.851    u_tcp_tx/u_ackq/ctrl_tcpcsum[7]_i_10_n_53
    SLICE_X37Y58         CARRY8 (Prop_CARRY8_SLICEM_S[0]_CO[7])
                                                      0.241    10.092 r  u_tcp_tx/u_ackq/ctrl_tcpcsum_reg[7]_i_3/CO[7]
                         net (fo=1, routed)           0.028    10.120    u_tcb/ctrl_tcpcsum_reg[15]_i_2_1[0]
    SLICE_X37Y59         CARRY8 (Prop_CARRY8_SLICEM_CI_O[1])
                                                      0.097    10.217 r  u_tcb/ctrl_tcpcsum_reg[15]_i_3/O[1]
                         net (fo=1, routed)           0.339    10.556    u_tcb/ctrl_tcpcsum_reg[15]_i_3_n_67
    SLICE_X37Y61         CARRY8 (Prop_CARRY8_SLICEM_S[1]_O[6])
                                                      0.279    10.835 f  u_tcb/ctrl_tcpcsum_reg[15]_i_2/O[6]
                         net (fo=1, routed)           0.148    10.983    u_tcb/u_tcp_tx/fold16_return[14]
    SLICE_X36Y61         LUT1 (Prop_C6LUT_SLICEL_I0_O)
                                                      0.038    11.021 r  u_tcb/ctrl_tcpcsum[14]_i_1/O
                         net (fo=1, routed)           0.059    11.080    u_tcp_tx/ctrl_tcpcsum_reg[15]_0[6]
    SLICE_X36Y61         FDCE                                         r  u_tcp_tx/ctrl_tcpcsum_reg[14]/D
  -------------------------------------------------------------------    -------------------

                         (clock g_hw.clk_out0 rise edge)
                                                      6.400     6.400 r  
    T25                                               0.000     6.400 r  sys_clk_p (IN)
                         net (fo=0)                   0.079     6.479    u_clkgen/g_hw.u_ibufds/I
    HPIOBDIFFINBUF_X0Y37 DIFFINBUF (Prop_DIFFINBUF_HPIOBDIFFINBUF_DIFF_IN_P_O)
                                                      0.398     6.877 r  u_clkgen/g_hw.u_ibufds/DIFFINBUF_INST/O
                         net (fo=1, routed)           0.040     6.917    u_clkgen/g_hw.u_ibufds/OUT
    T25                  IBUFCTRL (Prop_IBUFCTRL_HPIOB_M_I_O)
                                                      0.000     6.917 r  u_clkgen/g_hw.u_ibufds/IBUFCTRL_INST/O
                         net (fo=1, routed)           0.303     7.220    u_clkgen/g_hw.clk_in_ibuf
    BUFGCE_X0Y31         BUFGCE (Prop_BUFCE_BUFGCE_I_O)
                                                      0.024     7.244 r  u_clkgen/g_hw.u_bufg_in/O
                         net (fo=485, routed)         1.706     8.950    u_clkgen/clk_in_100
    MMCM_X0Y1            MMCME4_ADV (Prop_MMCM_CLKIN1_CLKOUT0)
                                                      0.644     9.594 r  u_clkgen/g_hw.u_mmcm/CLKOUT0
                         net (fo=1, routed)           0.228     9.822    u_clkgen/g_hw.clk_out0
    BUFGCE_X0Y24         BUFGCE (Prop_BUFCE_BUFGCE_I_O)
                                                      0.024     9.846 r  u_clkgen/g_hw.u_bufg_out/O
    X1Y0 (CLOCK_ROOT)    net (fo=48826, routed)       2.057    11.903    u_tcp_tx/dp_clk
    SLICE_X36Y61         FDCE                                         r  u_tcp_tx/ctrl_tcpcsum_reg[14]/C
                         clock pessimism             -0.277    11.626    
                         clock uncertainty           -0.062    11.564    
    SLICE_X36Y61         FDCE (Setup_CFF_SLICEL_C_D)
                                                      0.027    11.591    u_tcp_tx/ctrl_tcpcsum_reg[14]
  -------------------------------------------------------------------
                         required time                         11.591    
                         arrival time                         -11.080    
  -------------------------------------------------------------------
                         slack                                  0.511    




