#-----------------------------------------------------------
# xsim v2025.2 (64-bit)
# SW Build 6299465 on Fri Nov 14 19:35:11 GMT 2025
# IP Build 6300035 on Fri Nov 14 10:48:45 MST 2025
# SharedData Build 6298862 on Thu Nov 13 04:50:51 MST 2025
# Start of session at: Wed Sep 30 16:50:35 2026
# Process ID         : 32924
# Current directory  : D:/repo/XCKU5PMini/udp_hls_10g/_proj_10g/notes/p7b_rate_dp
# Command line       : xsim.exe -log xsim_tcp.log -mode tcl -source {xsim.dir/tb_rate_tcp_chain/xsim_script.tcl}
# Log file           : D:/repo/XCKU5PMini/udp_hls_10g/_proj_10g/notes/p7b_rate_dp/xsim_tcp.log
# Journal file       : D:/repo/XCKU5PMini/udp_hls_10g/_proj_10g/notes/p7b_rate_dp\xsim.jou
# Running On         : xyz-intel
# Platform           : Windows Server 2016 or Windows 10
# Operating System   : 26200
# Processor Detail   : Intel(R) Core(TM) Ultra 7 265K
# CPU Frequency      : 3878 MHz
# CPU Physical cores : 20
# CPU Logical cores  : 20
# Host memory        : 68053 MB
# Swap memory        : 4294 MB
# Total Virtual      : 72348 MB
# Available Virtual  : 44899 MB
#-----------------------------------------------------------
source xsim.dir/tb_rate_tcp_chain/xsim_script.tcl
# xsim {tb_rate_tcp_chain} -testplusarg NW=1 -testplusarg CYCLES=60000 -autoloadwcfg -runall
Time resolution is 1 ps
run -all
TCPRATE NW=1 LASTK=4 CYCLES=60000
TCPRATE CYCLES=60000
TCPRATE TCP_FRAMES=3750
TCPRATE MAC_FRAMES=3750
TCPRATE SRC_ACCEPTS=3750
TCPRATE PAY_BYTES=15000
TCPRATE GBPS_X1000=312
TCPRATE CYCLES_PER_FRAME=16
TCPRATE CYCLES_PER_FRAME_X1000=16000
TCPRATE E2E_PERIOD_MIN=15 E2E_PERIOD_MAX=15
TCPRATE TLAST_PULSES=3874 CYCLES_SEEN=62003 AVG_PERIOD_X1000=16004
TCPRATE ACK=0 ACKDROP=0 EEND=0 DROPLEN=0 FIN=0 TLIN=3875
TCPRATE ABORT=0 FLUSH_W=0 SHORT=0 CLEN=60
$finish called at time : 396950400 ps : File "D:/repo/XCKU5PMini/udp_hls_10g/_proj_10g/notes/p7b_rate_dp/tb_rate_tcp_chain.v" Line 163
exit
INFO: [Common 17-206] Exiting xsim at Wed Sep 30 16:50:38 2026...
