#-----------------------------------------------------------
# xsim v2025.2 (64-bit)
# SW Build 6299465 on Fri Nov 14 19:35:11 GMT 2025
# IP Build 6300035 on Fri Nov 14 10:48:45 MST 2025
# SharedData Build 6298862 on Thu Nov 13 04:50:51 MST 2025
# Start of session at: Wed Sep 30 16:50:09 2026
# Process ID         : 34280
# Current directory  : D:/repo/XCKU5PMini/udp_hls_10g/_proj_10g/notes/p7b_rate_dp
# Command line       : xsim.exe -log xsim_chain.log -mode tcl -source {xsim.dir/tb_rate_udp_chain/xsim_script.tcl}
# Log file           : D:/repo/XCKU5PMini/udp_hls_10g/_proj_10g/notes/p7b_rate_dp/xsim_chain.log
# Journal file       : D:/repo/XCKU5PMini/udp_hls_10g/_proj_10g/notes/p7b_rate_dp\xsim.jou
# Running On         : xyz-intel
# Platform           : Windows Server 2016 or Windows 10
# Operating System   : 26200
# Processor Detail   : Intel(R) Core(TM) Ultra 7 265K
# CPU Frequency      : 3878 MHz
# CPU Physical cores : 20
# CPU Logical cores  : 20
# Host memory        : 68053 MB
# Swap memory        : 4294 MB
# Total Virtual      : 72348 MB
# Available Virtual  : 45102 MB
#-----------------------------------------------------------
source xsim.dir/tb_rate_udp_chain/xsim_script.tcl
# xsim {tb_rate_udp_chain} -testplusarg NW=46 -testplusarg CYCLES=60000 -testplusarg LASTK=8 -testplusarg TNW=0 -autoloadwcfg -runall
Time resolution is 1 ps
run -all
RATE NW=46 LASTK=8 CYCLES=60000
RATE CYCLES=60000
RATE UDP_FRAMES=577
RATE MAC_FRAMES=577
RATE SRC_ACCEPTS=26534
RATE PAY_BYTES=212272
RATE GBPS_X1000=4422
RATE BYTES_PER_CYCLE_X1000=3537
RATE AGG_PAY_BYTES=212272
RATE AGG_GBPS_X1000=4422
RATE CYCLES_PER_FRAME=103
RATE CYCLES_PER_FRAME_X1000=103986
RATE XGMII_WORDS_PER_FRAME=103
RATE E2E_PERIOD_MIN=103 E2E_PERIOD_MAX=103
RATE FRAMER_PERIOD_MIN=103 FRAMER_PERIOD_MAX=103
RATE TLAST_PULSES=596 CYCLES_SEEN=62013
RATE WIN_CYC=59999 WIN_FRM=577 WIN_BUSY=33466 WIN_IDLE=26533 WIN_ACC=26533
RATE PER_FRM_X1000 CYC=103984 BUSY=58000 IDLE=45984 ACC=45984
RATE AVG_PERIOD_X1000=104048
RATE MAC_ABORT=0 FLUSH_W=0 FLUSH_D=0 SHORT=0
RATE DENY=0 DROP_LEN=0 LAST_CLEN=410
$finish called at time : 397014400 ps : File "D:/repo/XCKU5PMini/udp_hls_10g/_proj_10g/notes/p7b_rate_dp/tb_rate_udp_chain.v" Line 303
exit
INFO: [Common 17-206] Exiting xsim at Wed Sep 30 16:50:11 2026...
