#-----------------------------------------------------------
# xsim v2025.2 (64-bit)
# SW Build 6299465 on Fri Nov 14 19:35:11 GMT 2025
# IP Build 6300035 on Fri Nov 14 10:48:45 MST 2025
# SharedData Build 6298862 on Thu Nov 13 04:50:51 MST 2025
# Start of session at: Wed Sep 30 16:42:00 2026
# Process ID         : 33736
# Current directory  : D:/repo/XCKU5PMini/udp_hls_10g/_proj_10g/notes/p7b_rate_dp
# Command line       : xsim.exe -log xsim_mac.log -mode tcl -source {xsim.dir/tb_rate_mac/xsim_script.tcl}
# Log file           : D:/repo/XCKU5PMini/udp_hls_10g/_proj_10g/notes/p7b_rate_dp/xsim_mac.log
# Journal file       : D:/repo/XCKU5PMini/udp_hls_10g/_proj_10g/notes/p7b_rate_dp\xsim.jou
# Running On         : xyz-intel
# Platform           : Windows Server 2016 or Windows 10
# Operating System   : 26200
# Processor Detail   : Intel(R) Core(TM) Ultra 7 265K
# CPU Frequency      : 3878 MHz
# CPU Physical cores : 20
# CPU Logical cores  : 20
# Host memory        : 68053 MB
# Swap memory        : 4294 MB
# Total Virtual      : 72348 MB
# Available Virtual  : 45507 MB
#-----------------------------------------------------------
source xsim.dir/tb_rate_mac/xsim_script.tcl
# xsim {tb_rate_mac} -testplusarg L=60 -testplusarg CYCLES=40000 -autoloadwcfg -runall
Time resolution is 1 ps
run -all
MAC L=60 NW=8 CYCLES=40000
MAC CYCLES=40000
MAC FRAMES=3636
MAC XGMII_WORDS=40000
MAC CTRL_CHARS=61812
MAC CYCLES_PER_FRAME=11
MAC CYCLES_PER_FRAME_X1000=11001
MAC XGMII_WORDS_PER_FRAME=11
MAC LINE_BYTES=84
MAC EFF_X1000=954
MAC ABORT=0 FLUSH_W=0 FLUSH_D=0 SHORT=0 CLEN=60
$finish called at time : 259324800 ps : File "D:/repo/XCKU5PMini/udp_hls_10g/_proj_10g/notes/p7b_rate_dp/tb_rate_mac.v" Line 80
exit
INFO: [Common 17-206] Exiting xsim at Wed Sep 30 16:42:03 2026...
