#-----------------------------------------------------------
# xsim v2025.2 (64-bit)
# SW Build 6299465 on Fri Nov 14 19:35:11 GMT 2025
# IP Build 6300035 on Fri Nov 14 10:48:45 MST 2025
# SharedData Build 6298862 on Thu Nov 13 04:50:51 MST 2025
# Start of session at: Tue Sep 29 11:19:58 2026
# Process ID         : 5648
# Current directory  : D:/repo/XCKU5PMini/udp_hls_10g/audit_scratch/t6_mactx/new/abort
# Command line       : xsim.exe -log xsim.log -mode tcl -source {xsim.dir/tb_snap/xsim_script.tcl}
# Log file           : D:/repo/XCKU5PMini/udp_hls_10g/audit_scratch/t6_mactx/new/abort/xsim.log
# Journal file       : D:/repo/XCKU5PMini/udp_hls_10g/audit_scratch/t6_mactx/new/abort\xsim.jou
# Running On         : xyz-intel
# Platform           : Windows Server 2016 or Windows 10
# Operating System   : 26200
# Processor Detail   : Intel(R) Core(TM) Ultra 7 265K
# CPU Frequency      : 3878 MHz
# CPU Physical cores : 20
# CPU Logical cores  : 20
# Host memory        : 68053 MB
# Swap memory        : 4294 MB
# Total Virtual      : 72348 MB
# Available Virtual  : 49645 MB
#-----------------------------------------------------------
source xsim.dir/tb_snap/xsim_script.tcl
# xsim {tb_snap} -autoloadwcfg -runall
Time resolution is 1 ps
run -all
DONE frames=0 abort=1
$finish called at time : 240196 ns : File "D:/repo/XCKU5PMini/udp_hls_10g/tb/tb_mac_tx_64.v" Line 77
exit
INFO: [Common 17-206] Exiting xsim at Tue Sep 29 11:20:00 2026...
