### J6META_BEGIN 2026-10-07T01:59:36Z
J6META_T_START_EPOCH=1791338376.219073800 J6META_T_START_UTC=2026-10-07T01:59:36Z
J6META_HOST=xyz-intel J6META_TAG=before_default
J6META_TARGET=192.168.100.2:8080 J6META_SECS=1 J6META_PCAP=/tmp/j6double_before_default.pcap
J6META_SCRIPT=/d/repo/XCKU5PMini/udp_hls_10g/_proj_10g/notes/p7b_wu_harness_fix/tcpreg_j6.sh J6META_SCRIPT_MD5=3e7422b20e6ad2d97f4632b210806f6a
J6META_BIT_SHA=n/a
PACE_BPS=0
SRC_CMD=./p7b_tcp_src --host 192.168.100.2 --port 8080 --seconds 1 
J6META_BOARD_MAGIC=0x00000000 J6META_BOARD_BID=0x00000009
### J6META_END 1791338376.385311400
### PHASE route_carrier 1791338376.397814300
/d/repo/XCKU5PMini/udp_hls_10g/_proj_10g/notes/p7b_wu_harness_fix/tcpreg_j6.sh: line 50: ip: command not found
CARRIER=cat: /sys/class/net/enp1s0f1np1/carrier: No such file or directory
### PHASE pre_snapshot 1791338376.444549400  NW=61
SNAP_BEGIN before_default_pre gen=1
SNAP_END nff=0
### PHASE src_start 1791338378.038547000
PACE_BPS=0
SNAP_BEGIN before_default_t0 gen=1
W5 (stub)
W53 (stub)
W54 (stub)
SNAP_END nff=0
SRC_STUB $*
SRC_RC=0 1791338378.092501000
### PHASE t1_snapshot 1791338378.103608600
SNAP_BEGIN before_default_t1 gen=1
W5 (stub)
W53 (stub)
W54 (stub)
SNAP_END nff=0
### PHASE post_snapshot 1791338380.181811600
SNAP_BEGIN before_default_post gen=1
SNAP_END nff=0
### PHASE ping 1791338381.232218500
选项 -c 的值不正确。 
wc: /tmp/j6double_before_default.pcap: No such file or directory
J6META_T_END_EPOCH=1791338381.294315800 J6META_T_END_UTC=2026-10-07T01:59:41Z J6META_DUR_S=5.075
PACE_BPS=0 J6META_BOARD_BID_END=0x00000009
TCPREG_J6_DONE
