### J6META_BEGIN 2026-10-07T01:59:24Z
J6META_T_START_EPOCH=1791338364.529044300 J6META_T_START_UTC=2026-10-07T01:59:24Z
J6META_HOST=xyz-intel J6META_TAG=default
J6META_TARGET=192.168.100.2:8080 J6META_SECS=1 J6META_PCAP=/tmp/j6double_default.pcap
J6META_NW=63 J6META_EXPECT_BID=0x00000009 J6META_LEGACY=0 J6META_T0T1_WORDS=5,53,54,61 62
J6META_SCRIPT=/d/repo/XCKU5PMini/udp_hls_10g/_proj_10g/notes/p7b_biz_tcpreg/tcpreg_j6.sh J6META_SCRIPT_MD5=8210549a8949c01b2e4af6edfeded507
J6META_BIT_SHA=n/a
PACE_BPS=0
SRC_CMD=./p7b_tcp_src --host 192.168.100.2 --port 8080 --seconds 1 
J6META_BOARD_MAGIC=0x00000000 J6META_BOARD_BID=0x00000009
### J6META_END 1791338364.706837800
### PHASE route_carrier 1791338364.718543600
/d/repo/XCKU5PMini/udp_hls_10g/_proj_10g/notes/p7b_biz_tcpreg/tcpreg_j6.sh: line 81: ip: command not found
CARRIER=cat: /sys/class/net/enp1s0f1np1/carrier: No such file or directory
### PHASE geom_gate 1791338364.771241400  NW=63 EXPECT_BID=0x00000009
ID_MAGIC 0x50360001
ID_BID   0x00000009
ID_OK
J6_GEOM_OK NW=63 BID=0x00000009 T0T1_WORDS=5,53,54,61 62
### PHASE pre_snapshot 1791338364.853836900  NW=63
SNAP_BEGIN default_pre gen=1
SNAP_END nff=0
### PHASE src_start 1791338366.437840500
PACE_BPS=0
SNAP_BEGIN default_t0 gen=1
W5 (stub)
W53 (stub)
W54 (stub)
W61 (stub)
W62 (stub)
SNAP_END nff=0
SRC_STUB $*
SRC_RC=0 1791338366.497723600
### PHASE t1_snapshot 1791338366.510454500
SNAP_BEGIN default_t1 gen=1
W5 (stub)
W53 (stub)
W54 (stub)
W61 (stub)
W62 (stub)
SNAP_END nff=0
### PHASE post_snapshot 1791338368.576008800
SNAP_BEGIN default_post gen=1
SNAP_END nff=0
### PHASE ping 1791338369.635956900
选项 -c 的值不正确。 
wc: /tmp/j6double_default.pcap: No such file or directory
J6META_T_END_EPOCH=1791338369.700598900 J6META_T_END_UTC=2026-10-07T01:59:29Z J6META_DUR_S=5.172
PACE_BPS=0 J6META_BOARD_BID_END=0x00000009
TCPREG_J6_DONE
