#-----------------------------------------------------------
# xsim v2025.2 (64-bit)
# SW Build 6299465 on Fri Nov 14 19:35:11 GMT 2025
# IP Build 6300035 on Fri Nov 14 10:48:45 MST 2025
# SharedData Build 6298862 on Thu Nov 13 04:50:51 MST 2025
# Start of session at: Tue Sep 29 10:55:41 2026
# Process ID         : 25704
# Current directory  : D:/repo/XCKU5PMini/udp_hls_10g/int_scratch/sim_axr36
# Command line       : xsim.exe -log xsim.log -mode tcl -source {xsim.dir/tb_int_axr36/xsim_script.tcl}
# Log file           : D:/repo/XCKU5PMini/udp_hls_10g/int_scratch/sim_axr36/xsim.log
# Journal file       : D:/repo/XCKU5PMini/udp_hls_10g/int_scratch/sim_axr36\xsim.jou
# Running On         : xyz-intel
# Platform           : Windows Server 2016 or Windows 10
# Operating System   : 26200
# Processor Detail   : Intel(R) Core(TM) Ultra 7 265K
# CPU Frequency      : 3878 MHz
# CPU Physical cores : 20
# CPU Logical cores  : 20
# Host memory        : 68053 MB
# Swap memory        : 4294 MB
# Total Virtual      : 72348 MB
# Available Virtual  : 49841 MB
#-----------------------------------------------------------
source xsim.dir/tb_int_axr36/xsim_script.tcl
# xsim {tb_int_axr36} -autoloadwcfg -runall
Time resolution is 1 ps
run -all
INFO C1 MAGIC    = 50360001 OK
INFO C1 BUILD_ID = 00000006 OK
INFO C1 MARKER   = deadbeef OK
INFO C4 STATUS(t0) = 00000068 (gen=0 seen=0 done=0 busy=0 fe=101 lk=1)
INFO C5 STATUS(t1) = 0001006e (gen=1 seen=1 done=1)
INFO C2 36 字逐字读回全对 (含 W32..W35 @0xA0..0xAC)
INFO C3 0xB0 = SLVERR, data=00000000 OK
INFO C3b 0xAC = c0de0023 OK (对照: 边界两侧行为不同)
INFO C3c 写 0xB0 = SLVERR OK
PASS_ALL tb_int_axr36 (reads=44)
$finish called at time : 1182 ns : File "D:/repo/XCKU5PMini/udp_hls_10g/int_scratch/tb_int_axr36.v" Line 210
exit
INFO: [Common 17-206] Exiting xsim at Tue Sep 29 10:55:43 2026...
