#-----------------------------------------------------------
# xsim v2025.2 (64-bit)
# SW Build 6299465 on Fri Nov 14 19:35:11 GMT 2025
# IP Build 6300035 on Fri Nov 14 10:48:45 MST 2025
# SharedData Build 6298862 on Thu Nov 13 04:50:51 MST 2025
# Start of session at: Sat Oct 10 10:43:40 2026
# Process ID         : 26756
# Current directory  : D:/repo/XCKU5PMini/udp_hls_10g/_proj_10g/notes/p7b_p5wrapper_diag_20261010/work/A
# Command line       : xsim.exe -log zscan3.log -mode tcl -source {xsim.dir/tb_p5_wrapper/xsim_script.tcl}
# Log file           : D:/repo/XCKU5PMini/udp_hls_10g/_proj_10g/notes/p7b_p5wrapper_diag_20261010/work/A/zscan3.log
# Journal file       : D:/repo/XCKU5PMini/udp_hls_10g/_proj_10g/notes/p7b_p5wrapper_diag_20261010/work/A\xsim.jou
# Running On         : xyz-intel
# Platform           : Windows Server 2016 or Windows 10
# Operating System   : 26300
# Processor Detail   : Intel(R) Core(TM) Ultra 7 265K
# CPU Frequency      : 3878 MHz
# CPU Physical cores : 20
# CPU Logical cores  : 20
# Host memory        : 68053 MB
# Swap memory        : 4294 MB
# Total Virtual      : 72348 MB
# Available Virtual  : 49333 MB
#-----------------------------------------------------------
source xsim.dir/tb_p5_wrapper/xsim_script.tcl
# xsim {tb_p5_wrapper} -autoloadwcfg -tclbatch {zscan3.tcl}
Time resolution is 1 ps
source zscan3.tcl
## proc scan {tag pat} {
##     set objs [get_objects $pat]
##     set n 0
##     set hits 0
##     foreach o $objs {
##         if {[catch {set v [get_value -radix hex $o]} e]} { continue }
##         incr n
##         set lv [string tolower $v]
##         if {[string match "*x*" $lv] || [string match "*z*" $lv]} {
##             incr hits
##             puts "ZSCAN $tag $o = $v"
##         }
##     }
##     puts "ZSCAN-COUNT $tag pat=$pat addr=$n hits=$hits"
## }
## run 4000ns
## scan pre_preset /tb_p5_wrapper/u_dut/*
ZSCAN pre_preset /tb_p5_wrapper/u_dut/rxsrc_tdata = XXXXXXXXXXXXXXXX
ZSCAN pre_preset /tb_p5_wrapper/u_dut/rxsrc_tkeep = XX
ZSCAN pre_preset /tb_p5_wrapper/u_dut/rxsrc_tlast = X
ZSCAN pre_preset /tb_p5_wrapper/u_dut/rxsrc_tuser = X
ZSCAN pre_preset /tb_p5_wrapper/u_dut/rxsrc_tcrs = X
ZSCAN pre_preset /tb_p5_wrapper/u_dut/rxsrc_terr = X
ZSCAN pre_preset /tb_p5_wrapper/u_dut/rx_tdata = XXXXXXXXXXXXXXXX
ZSCAN pre_preset /tb_p5_wrapper/u_dut/rx_tkeep = XX
ZSCAN pre_preset /tb_p5_wrapper/u_dut/rx_tlast = X
ZSCAN pre_preset /tb_p5_wrapper/u_dut/rx_tuser = X
ZSCAN pre_preset /tb_p5_wrapper/u_dut/rx_tcrs = X
ZSCAN pre_preset /tb_p5_wrapper/u_dut/rx_terr = X
ZSCAN pre_preset /tb_p5_wrapper/u_dut/f_tdata = XXXXXXXXXXXXXXXX
ZSCAN pre_preset /tb_p5_wrapper/u_dut/f_tkeep = XX
ZSCAN pre_preset /tb_p5_wrapper/u_dut/f_tlast = X
ZSCAN pre_preset /tb_p5_wrapper/u_dut/f_tuser = X
ZSCAN pre_preset /tb_p5_wrapper/u_dut/f_tcrs = X
ZSCAN pre_preset /tb_p5_wrapper/u_dut/f_terr = X
ZSCAN pre_preset /tb_p5_wrapper/u_dut/s_tdata = XXXXXXXXXXXXXXXX
ZSCAN pre_preset /tb_p5_wrapper/u_dut/s_tkeep = XX
ZSCAN pre_preset /tb_p5_wrapper/u_dut/s_tlast = X
ZSCAN pre_preset /tb_p5_wrapper/u_dut/s_tuser = X
ZSCAN pre_preset /tb_p5_wrapper/u_dut/s_tcrs = X
ZSCAN pre_preset /tb_p5_wrapper/u_dut/s_terr = X
ZSCAN pre_preset /tb_p5_wrapper/u_dut/pay_ferr = X
ZSCAN pre_preset /tb_p5_wrapper/u_dut/eco_tid = X
ZSCAN pre_preset /tb_p5_wrapper/u_dut/eco2_tid = X
ZSCAN pre_preset /tb_p5_wrapper/u_dut/eco2_pack = 0000000000000000000X
ZSCAN pre_preset /tb_p5_wrapper/u_dut/app_rx_tid = X
ZSCAN pre_preset /tb_p5_wrapper/u_dut/eco_dbg_fifo_tlside = XXX
ZSCAN pre_preset /tb_p5_wrapper/u_dut/cam_q_dip = 0000XXXX
ZSCAN pre_preset /tb_p5_wrapper/u_dut/cam_q_sport = XXXX
ZSCAN pre_preset /tb_p5_wrapper/u_dut/cam_q_dport = XXXX
ZSCAN pre_preset /tb_p5_wrapper/u_dut/hls_rx_tdata = 0XXX
ZSCAN pre_preset /tb_p5_wrapper/u_dut/stx_tkeep = XX
ZSCAN pre_preset /tb_p5_wrapper/u_dut/stx_tlast = X
ZSCAN pre_preset /tb_p5_wrapper/u_dut/srx_tdata = XXXXXXXXXXXXXXXX
ZSCAN pre_preset /tb_p5_wrapper/u_dut/srx_tkeep = XX
ZSCAN pre_preset /tb_p5_wrapper/u_dut/srx_tlast = X
ZSCAN pre_preset /tb_p5_wrapper/u_dut/srx_tuser = X
ZSCAN pre_preset /tb_p5_wrapper/u_dut/srx_tcrs = X
ZSCAN pre_preset /tb_p5_wrapper/u_dut/srx_terr = X
ZSCAN pre_preset /tb_p5_wrapper/u_dut/app_udp_rx_tkeep = XX
ZSCAN pre_preset /tb_p5_wrapper/u_dut/app_udp_rx_tlast = X
ZSCAN pre_preset /tb_p5_wrapper/u_dut/mrg_tkeep = XX
ZSCAN pre_preset /tb_p5_wrapper/u_dut/mrg_tlast = X
ZSCAN pre_preset /tb_p5_wrapper/u_dut/app_udp_tx_tdata = XXXXXXXXXXXXXXXX
ZSCAN pre_preset /tb_p5_wrapper/u_dut/app_udp_tx_tkeep = XX
ZSCAN pre_preset /tb_p5_wrapper/u_dut/app_udp_tx_tlast = X
ZSCAN pre_preset /tb_p5_wrapper/u_dut/utx_tdata = XXXXXXXXXXXXXXXX
ZSCAN pre_preset /tb_p5_wrapper/u_dut/utx_tkeep = XX
ZSCAN pre_preset /tb_p5_wrapper/u_dut/utx_tlast = X
ZSCAN pre_preset /tb_p5_wrapper/u_dut/txsrc_tkeep = XX
ZSCAN pre_preset /tb_p5_wrapper/u_dut/txsrc_tready = Z
ZSCAN pre_preset /tb_p5_wrapper/u_dut/txsrc_tlast = X
ZSCAN pre_preset /tb_p5_wrapper/u_dut/m_tx_tdata = ZZZZZZZZZZZZZZZZ
ZSCAN pre_preset /tb_p5_wrapper/u_dut/m_tx_tkeep = ZZ
ZSCAN pre_preset /tb_p5_wrapper/u_dut/m_tx_tvalid = Z
ZSCAN pre_preset /tb_p5_wrapper/u_dut/m_tx_tlast = Z
ZSCAN-COUNT pre_preset pat=/tb_p5_wrapper/u_dut/* addr=553 hits=59
## run 36000ns
## scan mid /tb_p5_wrapper/u_dut/*
ZSCAN mid /tb_p5_wrapper/u_dut/rxsrc_tdata = XXXXXXXXXXXXXXXX
ZSCAN mid /tb_p5_wrapper/u_dut/rxsrc_tkeep = XX
ZSCAN mid /tb_p5_wrapper/u_dut/rxsrc_tlast = X
ZSCAN mid /tb_p5_wrapper/u_dut/rxsrc_tuser = X
ZSCAN mid /tb_p5_wrapper/u_dut/rxsrc_tcrs = X
ZSCAN mid /tb_p5_wrapper/u_dut/rxsrc_terr = X
ZSCAN mid /tb_p5_wrapper/u_dut/rx_tdata = XXXXXXXXXXXXXXXX
ZSCAN mid /tb_p5_wrapper/u_dut/rx_tkeep = XX
ZSCAN mid /tb_p5_wrapper/u_dut/rx_tlast = X
ZSCAN mid /tb_p5_wrapper/u_dut/rx_tuser = X
ZSCAN mid /tb_p5_wrapper/u_dut/rx_tcrs = X
ZSCAN mid /tb_p5_wrapper/u_dut/rx_terr = X
ZSCAN mid /tb_p5_wrapper/u_dut/f_tdata = XXXXXXXXXXXXXXXX
ZSCAN mid /tb_p5_wrapper/u_dut/f_tkeep = XX
ZSCAN mid /tb_p5_wrapper/u_dut/f_tlast = X
ZSCAN mid /tb_p5_wrapper/u_dut/f_tuser = X
ZSCAN mid /tb_p5_wrapper/u_dut/f_tcrs = X
ZSCAN mid /tb_p5_wrapper/u_dut/f_terr = X
ZSCAN mid /tb_p5_wrapper/u_dut/s_tdata = XXXXXXXXXXXXXXXX
ZSCAN mid /tb_p5_wrapper/u_dut/s_tkeep = XX
ZSCAN mid /tb_p5_wrapper/u_dut/s_tlast = X
ZSCAN mid /tb_p5_wrapper/u_dut/s_tuser = X
ZSCAN mid /tb_p5_wrapper/u_dut/s_tcrs = X
ZSCAN mid /tb_p5_wrapper/u_dut/s_terr = X
ZSCAN mid /tb_p5_wrapper/u_dut/pay_ferr = X
ZSCAN mid /tb_p5_wrapper/u_dut/eco_tid = X
ZSCAN mid /tb_p5_wrapper/u_dut/eco2_tid = X
ZSCAN mid /tb_p5_wrapper/u_dut/eco2_pack = 0000000000000000000X
ZSCAN mid /tb_p5_wrapper/u_dut/app_rx_tid = X
ZSCAN mid /tb_p5_wrapper/u_dut/eco_dbg_fifo_tlside = XXX
ZSCAN mid /tb_p5_wrapper/u_dut/cam_q_dip = 0000XXXX
ZSCAN mid /tb_p5_wrapper/u_dut/cam_q_sport = XXXX
ZSCAN mid /tb_p5_wrapper/u_dut/cam_q_dport = XXXX
ZSCAN mid /tb_p5_wrapper/u_dut/hls_rx_tdata = 0XXX
ZSCAN mid /tb_p5_wrapper/u_dut/stx_tkeep = XX
ZSCAN mid /tb_p5_wrapper/u_dut/stx_tlast = X
ZSCAN mid /tb_p5_wrapper/u_dut/srx_tdata = XXXXXXXXXXXXXXXX
ZSCAN mid /tb_p5_wrapper/u_dut/srx_tkeep = XX
ZSCAN mid /tb_p5_wrapper/u_dut/srx_tlast = X
ZSCAN mid /tb_p5_wrapper/u_dut/srx_tuser = X
ZSCAN mid /tb_p5_wrapper/u_dut/srx_tcrs = X
ZSCAN mid /tb_p5_wrapper/u_dut/srx_terr = X
ZSCAN mid /tb_p5_wrapper/u_dut/app_udp_rx_tkeep = XX
ZSCAN mid /tb_p5_wrapper/u_dut/app_udp_rx_tlast = X
ZSCAN mid /tb_p5_wrapper/u_dut/mrg_tkeep = XX
ZSCAN mid /tb_p5_wrapper/u_dut/mrg_tlast = X
ZSCAN mid /tb_p5_wrapper/u_dut/app_udp_tx_tdata = XXXXXXXXXXXXXXXX
ZSCAN mid /tb_p5_wrapper/u_dut/app_udp_tx_tkeep = XX
ZSCAN mid /tb_p5_wrapper/u_dut/app_udp_tx_tlast = X
ZSCAN mid /tb_p5_wrapper/u_dut/utx_tdata = XXXXXXXXXXXXXXXX
ZSCAN mid /tb_p5_wrapper/u_dut/utx_tkeep = XX
ZSCAN mid /tb_p5_wrapper/u_dut/utx_tlast = X
ZSCAN mid /tb_p5_wrapper/u_dut/txsrc_tkeep = XX
ZSCAN mid /tb_p5_wrapper/u_dut/txsrc_tready = Z
ZSCAN mid /tb_p5_wrapper/u_dut/txsrc_tlast = X
ZSCAN mid /tb_p5_wrapper/u_dut/m_tx_tdata = ZZZZZZZZZZZZZZZZ
ZSCAN mid /tb_p5_wrapper/u_dut/m_tx_tkeep = ZZ
ZSCAN mid /tb_p5_wrapper/u_dut/m_tx_tvalid = Z
ZSCAN mid /tb_p5_wrapper/u_dut/m_tx_tlast = Z
ZSCAN-COUNT mid pat=/tb_p5_wrapper/u_dut/* addr=553 hits=59
## run 20000ns
## scan hang /tb_p5_wrapper/u_dut/*
ZSCAN hang /tb_p5_wrapper/u_dut/rxsrc_tdata = XXXXXXXXXXXXXXXX
ZSCAN hang /tb_p5_wrapper/u_dut/rxsrc_tkeep = XX
ZSCAN hang /tb_p5_wrapper/u_dut/rxsrc_tlast = X
ZSCAN hang /tb_p5_wrapper/u_dut/rxsrc_tuser = X
ZSCAN hang /tb_p5_wrapper/u_dut/rxsrc_tcrs = X
ZSCAN hang /tb_p5_wrapper/u_dut/rxsrc_terr = X
ZSCAN hang /tb_p5_wrapper/u_dut/rx_tdata = XXXXXXXXXXXXXXXX
ZSCAN hang /tb_p5_wrapper/u_dut/rx_tkeep = XX
ZSCAN hang /tb_p5_wrapper/u_dut/rx_tlast = X
ZSCAN hang /tb_p5_wrapper/u_dut/rx_tuser = X
ZSCAN hang /tb_p5_wrapper/u_dut/rx_tcrs = X
ZSCAN hang /tb_p5_wrapper/u_dut/rx_terr = X
ZSCAN hang /tb_p5_wrapper/u_dut/f_tdata = XXXXXXXXXXXXXXXX
ZSCAN hang /tb_p5_wrapper/u_dut/f_tkeep = XX
ZSCAN hang /tb_p5_wrapper/u_dut/f_tlast = X
ZSCAN hang /tb_p5_wrapper/u_dut/f_tuser = X
ZSCAN hang /tb_p5_wrapper/u_dut/f_tcrs = X
ZSCAN hang /tb_p5_wrapper/u_dut/f_terr = X
ZSCAN hang /tb_p5_wrapper/u_dut/s_tdata = XXXXXXXXXXXXXXXX
ZSCAN hang /tb_p5_wrapper/u_dut/s_tkeep = XX
ZSCAN hang /tb_p5_wrapper/u_dut/s_tlast = X
ZSCAN hang /tb_p5_wrapper/u_dut/s_tuser = X
ZSCAN hang /tb_p5_wrapper/u_dut/s_tcrs = X
ZSCAN hang /tb_p5_wrapper/u_dut/s_terr = X
ZSCAN hang /tb_p5_wrapper/u_dut/pay_ferr = X
ZSCAN hang /tb_p5_wrapper/u_dut/eco_tid = X
ZSCAN hang /tb_p5_wrapper/u_dut/eco2_tid = X
ZSCAN hang /tb_p5_wrapper/u_dut/eco2_pack = 0000000000000000000X
ZSCAN hang /tb_p5_wrapper/u_dut/app_rx_tid = X
ZSCAN hang /tb_p5_wrapper/u_dut/tx_tready = X
ZSCAN hang /tb_p5_wrapper/u_dut/eco_dbg_fifo_tlside = XXX
ZSCAN hang /tb_p5_wrapper/u_dut/cam_q_dip = 0000XXXX
ZSCAN hang /tb_p5_wrapper/u_dut/cam_q_sport = XXXX
ZSCAN hang /tb_p5_wrapper/u_dut/cam_q_dport = XXXX
ZSCAN hang /tb_p5_wrapper/u_dut/hls_rx_tdata = 0XXX
ZSCAN hang /tb_p5_wrapper/u_dut/stx_tkeep = XX
ZSCAN hang /tb_p5_wrapper/u_dut/stx_tlast = X
ZSCAN hang /tb_p5_wrapper/u_dut/srx_tdata = XXXXXXXXXXXXXXXX
ZSCAN hang /tb_p5_wrapper/u_dut/srx_tkeep = XX
ZSCAN hang /tb_p5_wrapper/u_dut/srx_tlast = X
ZSCAN hang /tb_p5_wrapper/u_dut/srx_tuser = X
ZSCAN hang /tb_p5_wrapper/u_dut/srx_tcrs = X
ZSCAN hang /tb_p5_wrapper/u_dut/srx_terr = X
ZSCAN hang /tb_p5_wrapper/u_dut/app_udp_rx_tkeep = XX
ZSCAN hang /tb_p5_wrapper/u_dut/app_udp_rx_tlast = X
ZSCAN hang /tb_p5_wrapper/u_dut/mrg_tkeep = XX
ZSCAN hang /tb_p5_wrapper/u_dut/mrg_tlast = X
ZSCAN hang /tb_p5_wrapper/u_dut/app_udp_tx_tdata = XXXXXXXXXXXXXXXX
ZSCAN hang /tb_p5_wrapper/u_dut/app_udp_tx_tkeep = XX
ZSCAN hang /tb_p5_wrapper/u_dut/app_udp_tx_tlast = X
ZSCAN hang /tb_p5_wrapper/u_dut/utx_tdata = XXXXXXXXXXXXXXXX
ZSCAN hang /tb_p5_wrapper/u_dut/utx_tkeep = XX
ZSCAN hang /tb_p5_wrapper/u_dut/utx_tlast = X
ZSCAN hang /tb_p5_wrapper/u_dut/txsrc_tready = Z
ZSCAN hang /tb_p5_wrapper/u_dut/m_tx_tdata = ZZZZZZZZZZZZZZZZ
ZSCAN hang /tb_p5_wrapper/u_dut/m_tx_tkeep = ZZ
ZSCAN hang /tb_p5_wrapper/u_dut/m_tx_tvalid = Z
ZSCAN hang /tb_p5_wrapper/u_dut/m_tx_tlast = Z
ZSCAN-COUNT hang pat=/tb_p5_wrapper/u_dut/* addr=553 hits=58
## foreach sm {u_tx_arb u_mac_tx u_tcp_tx u_app u_app_pipe u_app_ctrl u_tcb u_cam u_tx_udp_arb} {
##     scan hang_$sm /tb_p5_wrapper/u_dut/$sm/*
## }
ZSCAN hang_u_tx_arb /tb_p5_wrapper/u_dut/u_tx_arb/s_fast_tready = X
ZSCAN hang_u_tx_arb /tb_p5_wrapper/u_dut/u_tx_arb/s_slow_tkeep = XX
ZSCAN hang_u_tx_arb /tb_p5_wrapper/u_dut/u_tx_arb/s_slow_tlast = X
ZSCAN hang_u_tx_arb /tb_p5_wrapper/u_dut/u_tx_arb/m_axis_tready = Z
ZSCAN-COUNT hang_u_tx_arb pat=/tb_p5_wrapper/u_dut/u_tx_arb/* addr=20 hits=4
ZSCAN hang_u_mac_tx /tb_p5_wrapper/u_dut/u_mac_tx/s_axis_tdata = ZZZZZZZZZZZZZZZZ
ZSCAN hang_u_mac_tx /tb_p5_wrapper/u_dut/u_mac_tx/s_axis_tkeep = ZZ
ZSCAN hang_u_mac_tx /tb_p5_wrapper/u_dut/u_mac_tx/s_axis_tvalid = Z
ZSCAN hang_u_mac_tx /tb_p5_wrapper/u_dut/u_mac_tx/s_axis_tlast = Z
ZSCAN hang_u_mac_tx /tb_p5_wrapper/u_dut/u_mac_tx/fdin = ZZZZZZZZZZZZZZZZZZZ
ZSCAN hang_u_mac_tx /tb_p5_wrapper/u_dut/u_mac_tx/fdout = XXXXXXXXXXXXXXXXXXX
ZSCAN hang_u_mac_tx /tb_p5_wrapper/u_dut/u_mac_tx/fwr = X
ZSCAN hang_u_mac_tx /tb_p5_wrapper/u_dut/u_mac_tx/crc = XXXXXXXX
ZSCAN hang_u_mac_tx /tb_p5_wrapper/u_dut/u_mac_tx/crc_nxt = XXXXXXXX
ZSCAN-COUNT hang_u_mac_tx pat=/tb_p5_wrapper/u_dut/u_mac_tx/* addr=50 hits=9
ZSCAN hang_u_tcp_tx /tb_p5_wrapper/u_dut/u_tcp_tx/m_axis_tready = X
ZSCAN hang_u_tcp_tx /tb_p5_wrapper/u_dut/u_tcp_tx/ri = XXXXXXXX
ZSCAN hang_u_tcp_tx /tb_p5_wrapper/u_dut/u_tcp_tx/ackq_dout = XXXXXXXXXX
ZSCAN hang_u_tcp_tx /tb_p5_wrapper/u_dut/u_tcp_tx/aq_syn = X
ZSCAN hang_u_tcp_tx /tb_p5_wrapper/u_dut/u_tcp_tx/aq_fin = X
ZSCAN hang_u_tcp_tx /tb_p5_wrapper/u_dut/u_tcp_tx/aq_rst = X
ZSCAN-COUNT hang_u_tcp_tx pat=/tb_p5_wrapper/u_dut/u_tcp_tx/* addr=225 hits=6
ZSCAN hang_u_app /tb_p5_wrapper/u_dut/u_app/rx_tid = X
ZSCAN hang_u_app /tb_p5_wrapper/u_dut/u_app/ii = XXXXXXXX
ZSCAN-COUNT hang_u_app pat=/tb_p5_wrapper/u_dut/u_app/* addr=95 hits=2
ZSCAN-COUNT hang_u_app_pipe pat=/tb_p5_wrapper/u_dut/u_app_pipe/* addr=10 hits=0
ZSCAN hang_u_app_ctrl /tb_p5_wrapper/u_dut/u_app_ctrl/ev_dout = XXXXXXXXXXXXXXXXXXXXXXXXXX
ZSCAN hang_u_app_ctrl /tb_p5_wrapper/u_dut/u_app_ctrl/hd_kind = X
ZSCAN hang_u_app_ctrl /tb_p5_wrapper/u_dut/u_app_ctrl/hd_slot = X
ZSCAN hang_u_app_ctrl /tb_p5_wrapper/u_dut/u_app_ctrl/hd_mac = XXXXXXXXXXXX
ZSCAN hang_u_app_ctrl /tb_p5_wrapper/u_dut/u_app_ctrl/hd_port = XXXX
ZSCAN hang_u_app_ctrl /tb_p5_wrapper/u_dut/u_app_ctrl/hd_ip = XXXXXXXX
ZSCAN hang_u_app_ctrl /tb_p5_wrapper/u_dut/u_app_ctrl/wi = XXXXXXXX
ZSCAN-COUNT hang_u_app_ctrl pat=/tb_p5_wrapper/u_dut/u_app_ctrl/* addr=166 hits=7
ZSCAN-COUNT hang_u_tcb pat=/tb_p5_wrapper/u_dut/u_tcb/* addr=50 hits=0
ZSCAN hang_u_cam /tb_p5_wrapper/u_dut/u_cam/q_dip = 0000XXXX
ZSCAN hang_u_cam /tb_p5_wrapper/u_dut/u_cam/q_sport = XXXX
ZSCAN hang_u_cam /tb_p5_wrapper/u_dut/u_cam/q_dport = XXXX
ZSCAN-COUNT hang_u_cam pat=/tb_p5_wrapper/u_dut/u_cam/* addr=28 hits=3
ZSCAN hang_u_tx_udp_arb /tb_p5_wrapper/u_dut/u_tx_udp_arb/s_slow_tkeep = XX
ZSCAN hang_u_tx_udp_arb /tb_p5_wrapper/u_dut/u_tx_udp_arb/s_slow_tlast = X
ZSCAN hang_u_tx_udp_arb /tb_p5_wrapper/u_dut/u_tx_udp_arb/m_axis_tkeep = XX
ZSCAN hang_u_tx_udp_arb /tb_p5_wrapper/u_dut/u_tx_udp_arb/m_axis_tlast = X
ZSCAN-COUNT hang_u_tx_udp_arb pat=/tb_p5_wrapper/u_dut/u_tx_udp_arb/* addr=20 hits=4
## puts "PC txsrc_tready = [get_value -radix hex /tb_p5_wrapper/u_dut/txsrc_tready]"
PC txsrc_tready = Z
## puts "PC m_tx_tvalid  = [get_value -radix hex /tb_p5_wrapper/u_dut/m_tx_tvalid]"
PC m_tx_tvalid  = Z
## exit 0
INFO: [Common 17-206] Exiting xsim at Sat Oct 10 10:43:44 2026...
