Vivado Simulator v2025.2
Copyright 1986-2022 Xilinx, Inc. All Rights Reserved.
Copyright 2022-2025 Advanced Micro Devices, Inc. All Rights Reserved.
Running: C:/AMDDesignTools/2025.2/Vivado/bin/unwrapped/win64.o/xelab.exe -debug typical -L unisims_ver xil_defaultlib.tb_w9fix -s tb_w9fix 
Multi-threading is on. Using 18 slave threads.
Starting static elaboration
Pass Through NonSizing Optimizer
WARNING: [VRFC 10-3645] port 'full_next' remains unconnected for this instance [D:/repo/XCKU5PMini/udp_hls_10g/_proj_10g/notes/p7b_w9fix/mut/app_udp_pattern_prefix.v:477]
WARNING: [VRFC 10-3645] port 'dbg_wptr' remains unconnected for this instance [D:/repo/XCKU5PMini/udp_hls_10g/rtl/udp_tx_frame.v:161]
WARNING: [VRFC 10-3645] port 'dbg_wptr' remains unconnected for this instance [D:/repo/XCKU5PMini/udp_hls_10g/rtl/udp_tx_frame.v:167]
Completed static elaboration
Starting simulation data flow analysis
Completed simulation data flow analysis
Time Resolution for simulation is 1ps
Compiling module xil_defaultlib.fifo_sync(W=73,D=256,AW=8)
Compiling module xil_defaultlib.app_udp_pattern
Compiling module xil_defaultlib.udp_tx_cfg
Compiling module xil_defaultlib.checksum16
Compiling module xil_defaultlib.udp_tx_frame
Compiling module xil_defaultlib.tb_w9fix
Built simulation snapshot tb_w9fix
n snapshot tb_w9fix
