#-----------------------------------------------------------
# xsim v2025.2 (64-bit)
# SW Build 6299465 on Fri Nov 14 19:35:11 GMT 2025
# IP Build 6300035 on Fri Nov 14 10:48:45 MST 2025
# SharedData Build 6298862 on Thu Nov 13 04:50:51 MST 2025
# Start of session at: Wed Sep 30 16:45:23 2026
# Process ID         : 32904
# Current directory  : D:/repo/XCKU5PMini/udp_hls_10g/_proj_10g/notes/p7b_ratefrm/run_dbg
# Command line       : xsim.exe -log xsim.log -mode tcl -source {xsim.dir/tb_ovl_dbg/xsim_script.tcl}
# Log file           : D:/repo/XCKU5PMini/udp_hls_10g/_proj_10g/notes/p7b_ratefrm/run_dbg/xsim.log
# Journal file       : D:/repo/XCKU5PMini/udp_hls_10g/_proj_10g/notes/p7b_ratefrm/run_dbg\xsim.jou
# Running On         : xyz-intel
# Platform           : Windows Server 2016 or Windows 10
# Operating System   : 26200
# Processor Detail   : Intel(R) Core(TM) Ultra 7 265K
# CPU Frequency      : 3878 MHz
# CPU Physical cores : 20
# CPU Logical cores  : 20
# Host memory        : 68053 MB
# Swap memory        : 4294 MB
# Total Virtual      : 72348 MB
# Available Virtual  : 45337 MB
#-----------------------------------------------------------
source xsim.dir/tb_ovl_dbg/xsim_script.tcl
# xsim {tb_ovl_dbg} -autoloadwcfg -runall
Time resolution is 1 ps
run -all
c=9 rst=1 qi=2 sv=1 sr=0 rxst=0 txst=1 rxb=0 txb=0 brdy=11 fin=2 plen=0 plenr0=0 plenr1=0 mv=1 ml=0 mk=ff busy=1 stf=0
c=10 rst=1 qi=2 sv=1 sr=0 rxst=0 txst=1 rxb=0 txb=0 brdy=11 fin=2 plen=0 plenr0=0 plenr1=0 mv=1 ml=0 mk=ff busy=1 stf=0
c=11 rst=1 qi=2 sv=1 sr=0 rxst=0 txst=2 rxb=0 txb=0 brdy=11 fin=2 plen=0 plenr0=0 plenr1=0 mv=1 ml=0 mk=ff busy=1 stf=0
c=12 rst=1 qi=2 sv=1 sr=0 rxst=0 txst=0 rxb=0 txb=0 brdy=11 fin=2 plen=0 plenr0=0 plenr1=0 mv=1 ml=1 mk=c0 busy=1 stf=0
c=13 rst=1 qi=2 sv=1 sr=0 rxst=0 txst=1 rxb=0 txb=0 brdy=11 fin=2 plen=0 plenr0=0 plenr1=0 mv=0 ml=1 mk=c0 busy=1 stf=0
c=14 rst=1 qi=2 sv=1 sr=0 rxst=0 txst=1 rxb=0 txb=0 brdy=11 fin=2 plen=0 plenr0=0 plenr1=0 mv=1 ml=0 mk=ff busy=1 stf=0
c=15 rst=1 qi=2 sv=1 sr=0 rxst=0 txst=1 rxb=0 txb=0 brdy=11 fin=2 plen=0 plenr0=0 plenr1=0 mv=1 ml=0 mk=ff busy=1 stf=0
c=16 rst=1 qi=2 sv=1 sr=0 rxst=0 txst=1 rxb=0 txb=0 brdy=11 fin=2 plen=0 plenr0=0 plenr1=0 mv=1 ml=0 mk=ff busy=1 stf=0
c=17 rst=1 qi=2 sv=1 sr=0 rxst=0 txst=1 rxb=0 txb=0 brdy=11 fin=2 plen=0 plenr0=0 plenr1=0 mv=1 ml=0 mk=ff busy=1 stf=0
c=18 rst=1 qi=2 sv=1 sr=0 rxst=0 txst=2 rxb=0 txb=0 brdy=11 fin=2 plen=0 plenr0=0 plenr1=0 mv=1 ml=0 mk=ff busy=1 stf=0
c=19 rst=1 qi=2 sv=1 sr=0 rxst=0 txst=0 rxb=0 txb=0 brdy=11 fin=2 plen=0 plenr0=0 plenr1=0 mv=1 ml=1 mk=c0 busy=1 stf=0
c=20 rst=1 qi=2 sv=1 sr=0 rxst=0 txst=1 rxb=0 txb=0 brdy=11 fin=2 plen=0 plenr0=0 plenr1=0 mv=0 ml=1 mk=c0 busy=1 stf=0
c=21 rst=1 qi=2 sv=1 sr=0 rxst=0 txst=1 rxb=0 txb=0 brdy=11 fin=2 plen=0 plenr0=0 plenr1=0 mv=1 ml=0 mk=ff busy=1 stf=0
c=22 rst=1 qi=2 sv=1 sr=0 rxst=0 txst=1 rxb=0 txb=0 brdy=11 fin=2 plen=0 plenr0=0 plenr1=0 mv=1 ml=0 mk=ff busy=1 stf=0
c=23 rst=1 qi=2 sv=1 sr=0 rxst=0 txst=1 rxb=0 txb=0 brdy=11 fin=2 plen=0 plenr0=0 plenr1=0 mv=1 ml=0 mk=ff busy=1 stf=0
c=24 rst=1 qi=2 sv=1 sr=0 rxst=0 txst=1 rxb=0 txb=0 brdy=11 fin=2 plen=0 plenr0=0 plenr1=0 mv=1 ml=0 mk=ff busy=1 stf=0
c=25 rst=1 qi=2 sv=1 sr=0 rxst=0 txst=2 rxb=0 txb=0 brdy=11 fin=2 plen=0 plenr0=0 plenr1=0 mv=1 ml=0 mk=ff busy=1 stf=0
c=26 rst=1 qi=2 sv=1 sr=0 rxst=0 txst=0 rxb=0 txb=0 brdy=11 fin=2 plen=0 plenr0=0 plenr1=0 mv=1 ml=1 mk=c0 busy=1 stf=0
c=27 rst=1 qi=2 sv=1 sr=0 rxst=0 txst=1 rxb=0 txb=0 brdy=11 fin=2 plen=0 plenr0=0 plenr1=0 mv=0 ml=1 mk=c0 busy=1 stf=0
c=28 rst=1 qi=2 sv=1 sr=0 rxst=0 txst=1 rxb=0 txb=0 brdy=11 fin=2 plen=0 plenr0=0 plenr1=0 mv=1 ml=0 mk=ff busy=1 stf=0
c=29 rst=1 qi=2 sv=1 sr=0 rxst=0 txst=1 rxb=0 txb=0 brdy=11 fin=2 plen=0 plenr0=0 plenr1=0 mv=1 ml=0 mk=ff busy=1 stf=0
c=30 rst=1 qi=2 sv=1 sr=0 rxst=0 txst=1 rxb=0 txb=0 brdy=11 fin=2 plen=0 plenr0=0 plenr1=0 mv=1 ml=0 mk=ff busy=1 stf=0
c=31 rst=1 qi=2 sv=1 sr=0 rxst=0 txst=1 rxb=0 txb=0 brdy=11 fin=2 plen=0 plenr0=0 plenr1=0 mv=1 ml=0 mk=ff busy=1 stf=0
c=32 rst=1 qi=2 sv=1 sr=0 rxst=0 txst=2 rxb=0 txb=0 brdy=11 fin=2 plen=0 plenr0=0 plenr1=0 mv=1 ml=0 mk=ff busy=1 stf=0
c=33 rst=1 qi=2 sv=1 sr=0 rxst=0 txst=0 rxb=0 txb=0 brdy=11 fin=2 plen=0 plenr0=0 plenr1=0 mv=1 ml=1 mk=c0 busy=1 stf=0
c=34 rst=1 qi=2 sv=1 sr=0 rxst=0 txst=1 rxb=0 txb=0 brdy=11 fin=2 plen=0 plenr0=0 plenr1=0 mv=0 ml=1 mk=c0 busy=1 stf=0
c=35 rst=1 qi=2 sv=1 sr=0 rxst=0 txst=1 rxb=0 txb=0 brdy=11 fin=2 plen=0 plenr0=0 plenr1=0 mv=1 ml=0 mk=ff busy=1 stf=0
c=36 rst=1 qi=2 sv=1 sr=0 rxst=0 txst=1 rxb=0 txb=0 brdy=11 fin=2 plen=0 plenr0=0 plenr1=0 mv=1 ml=0 mk=ff busy=1 stf=0
c=37 rst=1 qi=2 sv=1 sr=0 rxst=0 txst=1 rxb=0 txb=0 brdy=11 fin=2 plen=0 plenr0=0 plenr1=0 mv=1 ml=0 mk=ff busy=1 stf=0
c=38 rst=1 qi=2 sv=1 sr=0 rxst=0 txst=1 rxb=0 txb=0 brdy=11 fin=2 plen=0 plenr0=0 plenr1=0 mv=1 ml=0 mk=ff busy=1 stf=0
c=39 rst=1 qi=2 sv=1 sr=0 rxst=0 txst=2 rxb=0 txb=0 brdy=11 fin=2 plen=0 plenr0=0 plenr1=0 mv=1 ml=0 mk=ff busy=1 stf=0
c=40 rst=1 qi=2 sv=1 sr=0 rxst=0 txst=0 rxb=0 txb=0 brdy=11 fin=2 plen=0 plenr0=0 plenr1=0 mv=1 ml=1 mk=c0 busy=1 stf=0
c=41 rst=1 qi=2 sv=1 sr=0 rxst=0 txst=1 rxb=0 txb=0 brdy=11 fin=2 plen=0 plenr0=0 plenr1=0 mv=0 ml=1 mk=c0 busy=1 stf=0
c=42 rst=1 qi=2 sv=1 sr=0 rxst=0 txst=1 rxb=0 txb=0 brdy=11 fin=2 plen=0 plenr0=0 plenr1=0 mv=1 ml=0 mk=ff busy=1 stf=0
c=43 rst=1 qi=2 sv=1 sr=0 rxst=0 txst=1 rxb=0 txb=0 brdy=11 fin=2 plen=0 plenr0=0 plenr1=0 mv=1 ml=0 mk=ff busy=1 stf=0
c=44 rst=1 qi=2 sv=1 sr=0 rxst=0 txst=1 rxb=0 txb=0 brdy=11 fin=2 plen=0 plenr0=0 plenr1=0 mv=1 ml=0 mk=ff busy=1 stf=0
c=45 rst=1 qi=2 sv=1 sr=0 rxst=0 txst=1 rxb=0 txb=0 brdy=11 fin=2 plen=0 plenr0=0 plenr1=0 mv=1 ml=0 mk=ff busy=1 stf=0
c=46 rst=1 qi=2 sv=1 sr=0 rxst=0 txst=2 rxb=0 txb=0 brdy=11 fin=2 plen=0 plenr0=0 plenr1=0 mv=1 ml=0 mk=ff busy=1 stf=0
c=47 rst=1 qi=2 sv=1 sr=0 rxst=0 txst=0 rxb=0 txb=0 brdy=11 fin=2 plen=0 plenr0=0 plenr1=0 mv=1 ml=1 mk=c0 busy=1 stf=0
c=48 rst=1 qi=2 sv=1 sr=0 rxst=0 txst=1 rxb=0 txb=0 brdy=11 fin=2 plen=0 plenr0=0 plenr1=0 mv=0 ml=1 mk=c0 busy=1 stf=0
c=49 rst=1 qi=2 sv=1 sr=0 rxst=0 txst=1 rxb=0 txb=0 brdy=11 fin=2 plen=0 plenr0=0 plenr1=0 mv=1 ml=0 mk=ff busy=1 stf=0
c=50 rst=1 qi=2 sv=1 sr=0 rxst=0 txst=1 rxb=0 txb=0 brdy=11 fin=2 plen=0 plenr0=0 plenr1=0 mv=1 ml=0 mk=ff busy=1 stf=0
c=51 rst=1 qi=2 sv=1 sr=0 rxst=0 txst=1 rxb=0 txb=0 brdy=11 fin=2 plen=0 plenr0=0 plenr1=0 mv=1 ml=0 mk=ff busy=1 stf=0
c=52 rst=1 qi=2 sv=1 sr=0 rxst=0 txst=1 rxb=0 txb=0 brdy=11 fin=2 plen=0 plenr0=0 plenr1=0 mv=1 ml=0 mk=ff busy=1 stf=0
c=53 rst=1 qi=2 sv=1 sr=0 rxst=0 txst=2 rxb=0 txb=0 brdy=11 fin=2 plen=0 plenr0=0 plenr1=0 mv=1 ml=0 mk=ff busy=1 stf=0
c=54 rst=1 qi=2 sv=1 sr=0 rxst=0 txst=0 rxb=0 txb=0 brdy=11 fin=2 plen=0 plenr0=0 plenr1=0 mv=1 ml=1 mk=c0 busy=1 stf=0
c=55 rst=1 qi=2 sv=1 sr=0 rxst=0 txst=1 rxb=0 txb=0 brdy=11 fin=2 plen=0 plenr0=0 plenr1=0 mv=0 ml=1 mk=c0 busy=1 stf=0
c=56 rst=1 qi=2 sv=1 sr=0 rxst=0 txst=1 rxb=0 txb=0 brdy=11 fin=2 plen=0 plenr0=0 plenr1=0 mv=1 ml=0 mk=ff busy=1 stf=0
c=57 rst=1 qi=2 sv=1 sr=0 rxst=0 txst=1 rxb=0 txb=0 brdy=11 fin=2 plen=0 plenr0=0 plenr1=0 mv=1 ml=0 mk=ff busy=1 stf=0
c=58 rst=1 qi=2 sv=1 sr=0 rxst=0 txst=1 rxb=0 txb=0 brdy=11 fin=2 plen=0 plenr0=0 plenr1=0 mv=1 ml=0 mk=ff busy=1 stf=0
c=59 rst=1 qi=2 sv=1 sr=0 rxst=0 txst=1 rxb=0 txb=0 brdy=11 fin=2 plen=0 plenr0=0 plenr1=0 mv=1 ml=0 mk=ff busy=1 stf=0
c=60 rst=1 qi=2 sv=1 sr=0 rxst=0 txst=2 rxb=0 txb=0 brdy=11 fin=2 plen=0 plenr0=0 plenr1=0 mv=1 ml=0 mk=ff busy=1 stf=0
c=61 rst=1 qi=2 sv=1 sr=0 rxst=0 txst=0 rxb=0 txb=0 brdy=11 fin=2 plen=0 plenr0=0 plenr1=0 mv=1 ml=1 mk=c0 busy=1 stf=0
c=62 rst=1 qi=2 sv=1 sr=0 rxst=0 txst=1 rxb=0 txb=0 brdy=11 fin=2 plen=0 plenr0=0 plenr1=0 mv=0 ml=1 mk=c0 busy=1 stf=0
c=63 rst=1 qi=2 sv=1 sr=0 rxst=0 txst=1 rxb=0 txb=0 brdy=11 fin=2 plen=0 plenr0=0 plenr1=0 mv=1 ml=0 mk=ff busy=1 stf=0
c=64 rst=1 qi=2 sv=1 sr=0 rxst=0 txst=1 rxb=0 txb=0 brdy=11 fin=2 plen=0 plenr0=0 plenr1=0 mv=1 ml=0 mk=ff busy=1 stf=0
c=65 rst=1 qi=2 sv=1 sr=0 rxst=0 txst=1 rxb=0 txb=0 brdy=11 fin=2 plen=0 plenr0=0 plenr1=0 mv=1 ml=0 mk=ff busy=1 stf=0
c=66 rst=1 qi=2 sv=1 sr=0 rxst=0 txst=1 rxb=0 txb=0 brdy=11 fin=2 plen=0 plenr0=0 plenr1=0 mv=1 ml=0 mk=ff busy=1 stf=0
c=67 rst=1 qi=2 sv=1 sr=0 rxst=0 txst=2 rxb=0 txb=0 brdy=11 fin=2 plen=0 plenr0=0 plenr1=0 mv=1 ml=0 mk=ff busy=1 stf=0
c=68 rst=1 qi=2 sv=1 sr=0 rxst=0 txst=0 rxb=0 txb=0 brdy=11 fin=2 plen=0 plenr0=0 plenr1=0 mv=1 ml=1 mk=c0 busy=1 stf=0
c=69 rst=1 qi=2 sv=1 sr=0 rxst=0 txst=1 rxb=0 txb=0 brdy=11 fin=2 plen=0 plenr0=0 plenr1=0 mv=0 ml=1 mk=c0 busy=1 stf=0
c=70 rst=1 qi=2 sv=1 sr=0 rxst=0 txst=1 rxb=0 txb=0 brdy=11 fin=2 plen=0 plenr0=0 plenr1=0 mv=1 ml=0 mk=ff busy=1 stf=0
c=71 rst=1 qi=2 sv=1 sr=0 rxst=0 txst=1 rxb=0 txb=0 brdy=11 fin=2 plen=0 plenr0=0 plenr1=0 mv=1 ml=0 mk=ff busy=1 stf=0
c=72 rst=1 qi=2 sv=1 sr=0 rxst=0 txst=1 rxb=0 txb=0 brdy=11 fin=2 plen=0 plenr0=0 plenr1=0 mv=1 ml=0 mk=ff busy=1 stf=0
c=73 rst=1 qi=2 sv=1 sr=0 rxst=0 txst=1 rxb=0 txb=0 brdy=11 fin=2 plen=0 plenr0=0 plenr1=0 mv=1 ml=0 mk=ff busy=1 stf=0
c=74 rst=1 qi=2 sv=1 sr=0 rxst=0 txst=2 rxb=0 txb=0 brdy=11 fin=2 plen=0 plenr0=0 plenr1=0 mv=1 ml=0 mk=ff busy=1 stf=0
c=75 rst=1 qi=2 sv=1 sr=0 rxst=0 txst=0 rxb=0 txb=0 brdy=11 fin=2 plen=0 plenr0=0 plenr1=0 mv=1 ml=1 mk=c0 busy=1 stf=0
c=76 rst=1 qi=2 sv=1 sr=0 rxst=0 txst=1 rxb=0 txb=0 brdy=11 fin=2 plen=0 plenr0=0 plenr1=0 mv=0 ml=1 mk=c0 busy=1 stf=0
c=77 rst=1 qi=2 sv=1 sr=0 rxst=0 txst=1 rxb=0 txb=0 brdy=11 fin=2 plen=0 plenr0=0 plenr1=0 mv=1 ml=0 mk=ff busy=1 stf=0
c=78 rst=1 qi=2 sv=1 sr=0 rxst=0 txst=1 rxb=0 txb=0 brdy=11 fin=2 plen=0 plenr0=0 plenr1=0 mv=1 ml=0 mk=ff busy=1 stf=0
c=79 rst=1 qi=2 sv=1 sr=0 rxst=0 txst=1 rxb=0 txb=0 brdy=11 fin=2 plen=0 plenr0=0 plenr1=0 mv=1 ml=0 mk=ff busy=1 stf=0
c=80 rst=1 qi=2 sv=1 sr=0 rxst=0 txst=1 rxb=0 txb=0 brdy=11 fin=2 plen=0 plenr0=0 plenr1=0 mv=1 ml=0 mk=ff busy=1 stf=0
c=81 rst=1 qi=2 sv=1 sr=0 rxst=0 txst=2 rxb=0 txb=0 brdy=11 fin=2 plen=0 plenr0=0 plenr1=0 mv=1 ml=0 mk=ff busy=1 stf=0
c=82 rst=1 qi=2 sv=1 sr=0 rxst=0 txst=0 rxb=0 txb=0 brdy=11 fin=2 plen=0 plenr0=0 plenr1=0 mv=1 ml=1 mk=c0 busy=1 stf=0
c=83 rst=1 qi=2 sv=1 sr=0 rxst=0 txst=1 rxb=0 txb=0 brdy=11 fin=2 plen=0 plenr0=0 plenr1=0 mv=0 ml=1 mk=c0 busy=1 stf=0
c=84 rst=1 qi=2 sv=1 sr=0 rxst=0 txst=1 rxb=0 txb=0 brdy=11 fin=2 plen=0 plenr0=0 plenr1=0 mv=1 ml=0 mk=ff busy=1 stf=0
c=85 rst=1 qi=2 sv=1 sr=0 rxst=0 txst=1 rxb=0 txb=0 brdy=11 fin=2 plen=0 plenr0=0 plenr1=0 mv=1 ml=0 mk=ff busy=1 stf=0
c=86 rst=1 qi=2 sv=1 sr=0 rxst=0 txst=1 rxb=0 txb=0 brdy=11 fin=2 plen=0 plenr0=0 plenr1=0 mv=1 ml=0 mk=ff busy=1 stf=0
c=87 rst=1 qi=2 sv=1 sr=0 rxst=0 txst=1 rxb=0 txb=0 brdy=11 fin=2 plen=0 plenr0=0 plenr1=0 mv=1 ml=0 mk=ff busy=1 stf=0
c=88 rst=1 qi=2 sv=1 sr=0 rxst=0 txst=2 rxb=0 txb=0 brdy=11 fin=2 plen=0 plenr0=0 plenr1=0 mv=1 ml=0 mk=ff busy=1 stf=0
c=89 rst=1 qi=2 sv=1 sr=0 rxst=0 txst=0 rxb=0 txb=0 brdy=11 fin=2 plen=0 plenr0=0 plenr1=0 mv=1 ml=1 mk=c0 busy=1 stf=0
c=90 rst=1 qi=2 sv=1 sr=0 rxst=0 txst=1 rxb=0 txb=0 brdy=11 fin=2 plen=0 plenr0=0 plenr1=0 mv=0 ml=1 mk=c0 busy=1 stf=0
c=91 rst=1 qi=2 sv=1 sr=0 rxst=0 txst=1 rxb=0 txb=0 brdy=11 fin=2 plen=0 plenr0=0 plenr1=0 mv=1 ml=0 mk=ff busy=1 stf=0
c=92 rst=1 qi=2 sv=1 sr=0 rxst=0 txst=1 rxb=0 txb=0 brdy=11 fin=2 plen=0 plenr0=0 plenr1=0 mv=1 ml=0 mk=ff busy=1 stf=0
c=93 rst=1 qi=2 sv=1 sr=0 rxst=0 txst=1 rxb=0 txb=0 brdy=11 fin=2 plen=0 plenr0=0 plenr1=0 mv=1 ml=0 mk=ff busy=1 stf=0
c=94 rst=1 qi=2 sv=1 sr=0 rxst=0 txst=1 rxb=0 txb=0 brdy=11 fin=2 plen=0 plenr0=0 plenr1=0 mv=1 ml=0 mk=ff busy=1 stf=0
c=95 rst=1 qi=2 sv=1 sr=0 rxst=0 txst=2 rxb=0 txb=0 brdy=11 fin=2 plen=0 plenr0=0 plenr1=0 mv=1 ml=0 mk=ff busy=1 stf=0
c=96 rst=1 qi=2 sv=1 sr=0 rxst=0 txst=0 rxb=0 txb=0 brdy=11 fin=2 plen=0 plenr0=0 plenr1=0 mv=1 ml=1 mk=c0 busy=1 stf=0
c=97 rst=1 qi=2 sv=1 sr=0 rxst=0 txst=1 rxb=0 txb=0 brdy=11 fin=2 plen=0 plenr0=0 plenr1=0 mv=0 ml=1 mk=c0 busy=1 stf=0
c=98 rst=1 qi=2 sv=1 sr=0 rxst=0 txst=1 rxb=0 txb=0 brdy=11 fin=2 plen=0 plenr0=0 plenr1=0 mv=1 ml=0 mk=ff busy=1 stf=0
c=99 rst=1 qi=2 sv=1 sr=0 rxst=0 txst=1 rxb=0 txb=0 brdy=11 fin=2 plen=0 plenr0=0 plenr1=0 mv=1 ml=0 mk=ff busy=1 stf=0
c=100 rst=1 qi=2 sv=1 sr=0 rxst=0 txst=1 rxb=0 txb=0 brdy=11 fin=2 plen=0 plenr0=0 plenr1=0 mv=1 ml=0 mk=ff busy=1 stf=0
c=101 rst=1 qi=2 sv=1 sr=0 rxst=0 txst=1 rxb=0 txb=0 brdy=11 fin=2 plen=0 plenr0=0 plenr1=0 mv=1 ml=0 mk=ff busy=1 stf=0
c=102 rst=1 qi=2 sv=1 sr=0 rxst=0 txst=2 rxb=0 txb=0 brdy=11 fin=2 plen=0 plenr0=0 plenr1=0 mv=1 ml=0 mk=ff busy=1 stf=0
c=103 rst=1 qi=2 sv=1 sr=0 rxst=0 txst=0 rxb=0 txb=0 brdy=11 fin=2 plen=0 plenr0=0 plenr1=0 mv=1 ml=1 mk=c0 busy=1 stf=0
c=104 rst=1 qi=2 sv=1 sr=0 rxst=0 txst=1 rxb=0 txb=0 brdy=11 fin=2 plen=0 plenr0=0 plenr1=0 mv=0 ml=1 mk=c0 busy=1 stf=0
c=105 rst=1 qi=2 sv=1 sr=0 rxst=0 txst=1 rxb=0 txb=0 brdy=11 fin=2 plen=0 plenr0=0 plenr1=0 mv=1 ml=0 mk=ff busy=1 stf=0
c=106 rst=1 qi=2 sv=1 sr=0 rxst=0 txst=1 rxb=0 txb=0 brdy=11 fin=2 plen=0 plenr0=0 plenr1=0 mv=1 ml=0 mk=ff busy=1 stf=0
c=107 rst=1 qi=2 sv=1 sr=0 rxst=0 txst=1 rxb=0 txb=0 brdy=11 fin=2 plen=0 plenr0=0 plenr1=0 mv=1 ml=0 mk=ff busy=1 stf=0
c=108 rst=1 qi=2 sv=1 sr=0 rxst=0 txst=1 rxb=0 txb=0 brdy=11 fin=2 plen=0 plenr0=0 plenr1=0 mv=1 ml=0 mk=ff busy=1 stf=0
c=109 rst=1 qi=2 sv=1 sr=0 rxst=0 txst=2 rxb=0 txb=0 brdy=11 fin=2 plen=0 plenr0=0 plenr1=0 mv=1 ml=0 mk=ff busy=1 stf=0
c=110 rst=1 qi=2 sv=1 sr=0 rxst=0 txst=0 rxb=0 txb=0 brdy=11 fin=2 plen=0 plenr0=0 plenr1=0 mv=1 ml=1 mk=c0 busy=1 stf=0
c=111 rst=1 qi=2 sv=1 sr=0 rxst=0 txst=1 rxb=0 txb=0 brdy=11 fin=2 plen=0 plenr0=0 plenr1=0 mv=0 ml=1 mk=c0 busy=1 stf=0
c=112 rst=1 qi=2 sv=1 sr=0 rxst=0 txst=1 rxb=0 txb=0 brdy=11 fin=2 plen=0 plenr0=0 plenr1=0 mv=1 ml=0 mk=ff busy=1 stf=0
c=113 rst=1 qi=2 sv=1 sr=0 rxst=0 txst=1 rxb=0 txb=0 brdy=11 fin=2 plen=0 plenr0=0 plenr1=0 mv=1 ml=0 mk=ff busy=1 stf=0
c=114 rst=1 qi=2 sv=1 sr=0 rxst=0 txst=1 rxb=0 txb=0 brdy=11 fin=2 plen=0 plenr0=0 plenr1=0 mv=1 ml=0 mk=ff busy=1 stf=0
c=115 rst=1 qi=2 sv=1 sr=0 rxst=0 txst=1 rxb=0 txb=0 brdy=11 fin=2 plen=0 plenr0=0 plenr1=0 mv=1 ml=0 mk=ff busy=1 stf=0
c=116 rst=1 qi=2 sv=1 sr=0 rxst=0 txst=2 rxb=0 txb=0 brdy=11 fin=2 plen=0 plenr0=0 plenr1=0 mv=1 ml=0 mk=ff busy=1 stf=0
c=117 rst=1 qi=2 sv=1 sr=0 rxst=0 txst=0 rxb=0 txb=0 brdy=11 fin=2 plen=0 plenr0=0 plenr1=0 mv=1 ml=1 mk=c0 busy=1 stf=0
c=118 rst=1 qi=2 sv=1 sr=0 rxst=0 txst=1 rxb=0 txb=0 brdy=11 fin=2 plen=0 plenr0=0 plenr1=0 mv=0 ml=1 mk=c0 busy=1 stf=0
c=119 rst=1 qi=2 sv=1 sr=0 rxst=0 txst=1 rxb=0 txb=0 brdy=11 fin=2 plen=0 plenr0=0 plenr1=0 mv=1 ml=0 mk=ff busy=1 stf=0
DBG DONE frames=0 bytes=0
$finish called at time : 1340800 ps : File "D:/repo/XCKU5PMini/udp_hls_10g/_proj_10g/notes/p7b_ratefrm/tb_ovl_dbg.v" Line 78
exit
INFO: [Common 17-206] Exiting xsim at Wed Sep 30 16:45:25 2026...
