#-----------------------------------------------------------
# xsim v2025.2 (64-bit)
# SW Build 6299465 on Fri Nov 14 19:35:11 GMT 2025
# IP Build 6300035 on Fri Nov 14 10:48:45 MST 2025
# SharedData Build 6298862 on Thu Nov 13 04:50:51 MST 2025
# Start of session at: Wed Sep 30 16:32:05 2026
# Process ID         : 32688
# Current directory  : D:/repo/XCKU5PMini/udp_hls_10g/_proj_10g/notes/p7b_rate
# Command line       : xsim.exe -log xsim_pred_full.log -mode tcl -source {xsim.dir/tb_pred_full/xsim_script.tcl}
# Log file           : D:/repo/XCKU5PMini/udp_hls_10g/_proj_10g/notes/p7b_rate/xsim_pred_full.log
# Journal file       : D:/repo/XCKU5PMini/udp_hls_10g/_proj_10g/notes/p7b_rate\xsim.jou
# Running On         : xyz-intel
# Platform           : Windows Server 2016 or Windows 10
# Operating System   : 26200
# Processor Detail   : Intel(R) Core(TM) Ultra 7 265K
# CPU Frequency      : 3878 MHz
# CPU Physical cores : 20
# CPU Logical cores  : 20
# Host memory        : 68053 MB
# Swap memory        : 4294 MB
# Total Virtual      : 72348 MB
# Available Virtual  : 45502 MB
#-----------------------------------------------------------
source xsim.dir/tb_pred_full/xsim_script.tcl
# xsim {tb_pred_full} -autoloadwcfg -runall
Time resolution is 1 ps
run -all
--- tb_pred_full: WIDE app (8 B/cyc) -> real cfg/frame/arb/arb/mac ---
  clk period            = 6.400 ns (156.25 MHz)
  delta utx frames      = 802
  delta mac frames      = 802
  delta mac tx_words    = 300000
  UTX  FRAME PERIOD     = 374.065 cycles
  MAC  FRAME PERIOD     = 374.065 cycles
  XGMII WORDS PER FRAME = 374.065
  PAYLOAD RATE          = 4918.9 Mbps
  FRAME RATE            = 417708.3 fps
  LINE BYTES PER FRAME  = 2992.5 B (content 1514 + pre 8 + FCS 4 + IFG)
  utx bytes=1168496 drop=0 | mac abort=0 short=0 clen=1458
PREDFULL DONE
$finish called at time : 1932995200 ps : File "D:/repo/XCKU5PMini/udp_hls_10g/_proj_10g/notes/p7b_rate/tb_pred_full.v" Line 186
run: Time (s): cpu = 00:00:00 ; elapsed = 00:00:07 . Memory (MB): peak = 227.156 ; gain = 0.000
exit
INFO: [Common 17-206] Exiting xsim at Wed Sep 30 16:32:14 2026...
