#-----------------------------------------------------------
# xsim v2025.2 (64-bit)
# SW Build 6299465 on Fri Nov 14 19:35:11 GMT 2025
# IP Build 6300035 on Fri Nov 14 10:48:45 MST 2025
# SharedData Build 6298862 on Thu Nov 13 04:50:51 MST 2025
# Start of session at: Wed Sep 30 16:32:15 2026
# Process ID         : 17076
# Current directory  : D:/repo/XCKU5PMini/udp_hls_10g/_proj_10g/notes/p7b_rate
# Command line       : xsim.exe -log xsim_pred_overlap.log -mode tcl -source {xsim.dir/tb_pred_overlap/xsim_script.tcl}
# Log file           : D:/repo/XCKU5PMini/udp_hls_10g/_proj_10g/notes/p7b_rate/xsim_pred_overlap.log
# Journal file       : D:/repo/XCKU5PMini/udp_hls_10g/_proj_10g/notes/p7b_rate\xsim.jou
# Running On         : xyz-intel
# Platform           : Windows Server 2016 or Windows 10
# Operating System   : 26200
# Processor Detail   : Intel(R) Core(TM) Ultra 7 265K
# CPU Frequency      : 3878 MHz
# CPU Physical cores : 20
# CPU Logical cores  : 20
# Host memory        : 68053 MB
# Swap memory        : 4294 MB
# Total Virtual      : 72348 MB
# Available Virtual  : 45259 MB
#-----------------------------------------------------------
source xsim.dir/tb_pred_overlap/xsim_script.tcl
# xsim {tb_pred_overlap} -autoloadwcfg -runall
Time resolution is 1 ps
run -all
--- tb_pred_overlap: WIDE app + OVERLAPPED framer -> arb x2 -> mac ---
  clk period            = 6.400 ns (156.25 MHz)
  delta mac frames      = 1505
  delta mac tx_words    = 300000
  FRAME PERIOD          = 199.336 cycles
  FRAME RATE            = 783854.2 fps
  PAYLOAD RATE          = 9230.7 Mbps
  mac abort=0 short=0 clen=1514
PREDOVER DONE
$finish called at time : 1932995200 ps : File "D:/repo/XCKU5PMini/udp_hls_10g/_proj_10g/notes/p7b_rate/tb_pred_overlap.v" Line 208
run: Time (s): cpu = 00:00:01 ; elapsed = 00:00:12 . Memory (MB): peak = 226.027 ; gain = 0.000
exit
INFO: xsimkernel Simulation Memory Usage: 12340 KB (Peak: 12340 KB), Simulation CPU Usage: 12468 ms
INFO: [Common 17-206] Exiting xsim at Wed Sep 30 16:32:29 2026...
