#-----------------------------------------------------------
# xsim v2025.2 (64-bit)
# SW Build 6299465 on Fri Nov 14 19:35:11 GMT 2025
# IP Build 6300035 on Fri Nov 14 10:48:45 MST 2025
# SharedData Build 6298862 on Thu Nov 13 04:50:51 MST 2025
# Start of session at: Wed Sep 30 16:31:52 2026
# Process ID         : 33320
# Current directory  : D:/repo/XCKU5PMini/udp_hls_10g/_proj_10g/notes/p7b_rate
# Command line       : xsim.exe -log xsim_lvl_frame.log -mode tcl -source {xsim.dir/tb_lvl_frame/xsim_script.tcl}
# Log file           : D:/repo/XCKU5PMini/udp_hls_10g/_proj_10g/notes/p7b_rate/xsim_lvl_frame.log
# Journal file       : D:/repo/XCKU5PMini/udp_hls_10g/_proj_10g/notes/p7b_rate\xsim.jou
# Running On         : xyz-intel
# Platform           : Windows Server 2016 or Windows 10
# Operating System   : 26200
# Processor Detail   : Intel(R) Core(TM) Ultra 7 265K
# CPU Frequency      : 3878 MHz
# CPU Physical cores : 20
# CPU Logical cores  : 20
# Host memory        : 68053 MB
# Swap memory        : 4294 MB
# Total Virtual      : 72348 MB
# Available Virtual  : 45521 MB
#-----------------------------------------------------------
source xsim.dir/tb_lvl_frame/xsim_script.tcl
# xsim {tb_lvl_frame} -autoloadwcfg -runall
Time resolution is 1 ps
run -all
--- tb_lvl_frame: udp_tx_frame ONLY (infinite-ready source) ---
  clk period          = 6.400 ns (156.25 MHz)
  frames measured     = 20 (utx stat_frames=24 drop=0)
  MEAN FRAME PERIOD   = 378 cycles
  PAYLOAD RATE        = 4867.7 Mbps
  WIRE-CONTENT RATE   = 5006.6 Mbps (1514 B content)
LVLFRAME DONE
$finish called at time : 58211200 ps : File "D:/repo/XCKU5PMini/udp_hls_10g/_proj_10g/notes/p7b_rate/tb_lvl_frame.v" Line 95
exit
INFO: [Common 17-206] Exiting xsim at Wed Sep 30 16:31:54 2026...
