INFO: [VRFC 10-2263] Analyzing Verilog file "D:/repo/XCKU5PMini/udp_hls_10g/rtl/fifo_sync.v" into library xil_defaultlib
INFO: [VRFC 10-311] analyzing module fifo_sync
INFO: [VRFC 10-2263] Analyzing Verilog file "D:/repo/XCKU5PMini/udp_hls_10g/rtl/checksum16.v" into library xil_defaultlib
INFO: [VRFC 10-311] analyzing module checksum16
INFO: [VRFC 10-2263] Analyzing Verilog file "D:/repo/XCKU5PMini/udp_hls_10g/rtl/crc32_8b.v" into library xil_defaultlib
INFO: [VRFC 10-311] analyzing module crc32_8b
INFO: [VRFC 10-2263] Analyzing Verilog file "D:/repo/XCKU5PMini/udp_hls_10g/rtl/udp_tx_cfg.v" into library xil_defaultlib
INFO: [VRFC 10-311] analyzing module udp_tx_cfg
INFO: [VRFC 10-2263] Analyzing Verilog file "D:/repo/XCKU5PMini/udp_hls_10g/rtl/udp_tx_frame.v" into library xil_defaultlib
INFO: [VRFC 10-311] analyzing module udp_tx_frame
INFO: [VRFC 10-2263] Analyzing Verilog file "D:/repo/XCKU5PMini/udp_hls_10g/rtl/tx_arb.v" into library xil_defaultlib
INFO: [VRFC 10-311] analyzing module tx_arb
INFO: [VRFC 10-2263] Analyzing Verilog file "D:/repo/XCKU5PMini/udp_hls_10g/rtl/app_udp_pattern.v" into library xil_defaultlib
INFO: [VRFC 10-311] analyzing module app_udp_pattern
INFO: [VRFC 10-2263] Analyzing Verilog file "D:/repo/XCKU5PMini/udp_hls_10g/_proj_10g/p7b_mac/rtl/crc32_64.v" into library xil_defaultlib
INFO: [VRFC 10-311] analyzing module crc32_64
INFO: [VRFC 10-2263] Analyzing Verilog file "D:/repo/XCKU5PMini/udp_hls_10g/_proj_10g/p7b_mac/rtl/mac_tx_10g.v" into library xil_defaultlib
INFO: [VRFC 10-311] analyzing module mac_tx_10g
INFO: [VRFC 10-2263] Analyzing Verilog file "D:/repo/XCKU5PMini/udp_hls_10g/_proj_10g/notes/p7b_rate/tb_lvl_app.v" into library xil_defaultlib
INFO: [VRFC 10-311] analyzing module tb_lvl_app
INFO: [VRFC 10-2263] Analyzing Verilog file "D:/repo/XCKU5PMini/udp_hls_10g/_proj_10g/notes/p7b_rate/tb_lvl_frame.v" into library xil_defaultlib
INFO: [VRFC 10-311] analyzing module tb_lvl_frame
INFO: [VRFC 10-2263] Analyzing Verilog file "D:/repo/XCKU5PMini/udp_hls_10g/_proj_10g/notes/p7b_rate/tb_lvl_mac.v" into library xil_defaultlib
INFO: [VRFC 10-311] analyzing module tb_lvl_mac
INFO: [VRFC 10-2263] Analyzing Verilog file "D:/repo/XCKU5PMini/udp_hls_10g/_proj_10g/notes/p7b_rate/tb_lvl_full.v" into library xil_defaultlib
INFO: [VRFC 10-311] analyzing module tb_lvl_full
INFO: [VRFC 10-2263] Analyzing Verilog file "D:/repo/XCKU5PMini/udp_hls_10g/_proj_10g/notes/p7b_rate/tb_pred_full.v" into library xil_defaultlib
INFO: [VRFC 10-311] analyzing module tb_pred_full
INFO: [VRFC 10-2263] Analyzing Verilog file "D:/repo/XCKU5PMini/udp_hls_10g/_proj_10g/notes/p7b_rate/tb_pred_overlap.v" into library xil_defaultlib
INFO: [VRFC 10-311] analyzing module tb_pred_overlap
