#-----------------------------------------------------------
# xsim v2025.2 (64-bit)
# SW Build 6299465 on Fri Nov 14 19:35:11 GMT 2025
# IP Build 6300035 on Fri Nov 14 10:48:45 MST 2025
# SharedData Build 6298862 on Thu Nov 13 04:50:51 MST 2025
# Start of session at: Wed Sep 30 16:54:24 2026
# Process ID         : 32052
# Current directory  : D:/repo/XCKU5PMini/udp_hls_10g/_proj_10g/notes/p7b_ratefrm/run_mut_eq
# Command line       : xsim.exe -mode tcl -source {xsim.dir/tb_ovl_eq/xsim_script.tcl}
# Log file           : D:/repo/XCKU5PMini/udp_hls_10g/_proj_10g/notes/p7b_ratefrm/run_mut_eq/xsim.log
# Journal file       : D:/repo/XCKU5PMini/udp_hls_10g/_proj_10g/notes/p7b_ratefrm/run_mut_eq\xsim.jou
# Running On         : xyz-intel
# Platform           : Windows Server 2016 or Windows 10
# Operating System   : 26200
# Processor Detail   : Intel(R) Core(TM) Ultra 7 265K
# CPU Frequency      : 3878 MHz
# CPU Physical cores : 20
# CPU Logical cores  : 20
# Host memory        : 68053 MB
# Swap memory        : 4294 MB
# Total Virtual      : 72348 MB
# Available Virtual  : 44922 MB
#-----------------------------------------------------------
source xsim.dir/tb_ovl_eq/xsim_script.tcl
# xsim {tb_ovl_eq} -autoloadwcfg -runall
Time resolution is 1 ps
run -all
TB_OVL_EQ: 队列 6239 拍 / 53 帧 / 期望上线 51 帧  SW_BEAT=4489
--- TB_OVL_EQ 读数 ---
  ACCEPTED beats = 6239/6239   frames queued = 53  (accepted frames=53)
  WIRE frames = 51   utx stat_frames=51 stat_bytes=44271 drop_len=2
  cfg stat_frames=53  stat_deny=2  ready=1
  BUSY VIOL old-window (默认窗口违反, 两版都必须 0) = 0
  BUSY VIOL new-window (重叠窗口违反)                  = 0
  DENY cycles total = 8  (after peer switch = 1)
  PEER-SWITCH: cyc=11952  之后首个帧首被接受拍=11978  间隔=26 拍
  TOTAL CYCLES = 18542
OVL EQ GATE: OK (checks=7 frames=51 viol_old=0 viol_new=0 deny=8 deny_sw=1 sw_gap=26)
$finish called at time : 118800 ns : File "D:/repo/XCKU5PMini/udp_hls_10g/_proj_10g/notes/p7b_ratefrm/tb_ovl_eq.v" Line 486
exit
INFO: [Common 17-206] Exiting xsim at Wed Sep 30 16:54:26 2026...
