Copyright 1986-2022 Xilinx, Inc. All Rights Reserved. Copyright 2022-2025 Advanced Micro Devices, Inc. All Rights Reserved.
-------------------------------------------------------------------------------------------------------------------------------------------------------------------------------------------------------------------------------------------------------------------------------------------------------------
| Tool Version      : Vivado v.2025.2 (win64) Build 6299465 Fri Nov 14 19:35:11 GMT 2025
| Date              : Fri Oct  9 08:48:47 2026
| Host              : xyz-intel running 64-bit major release  (build 9200)
| Command           : report_timing -quiet -delay_type max -max_paths 3 -nworst 1 -from [get_pins -quiet {u_app_ctrl/c_snd_una_reg[14][8]/C}] -to [get_pins -quiet {u_app/tx_lfsr_reg[19]/D}] -file {D:\repo\XCKU5PMini\udp_hls_10g\_proj_10g\notes\p7b_build_longflow\_t3_family\out\R1/fam_R1_D_exact.rpt}
| Design            : wrapper_p4
| Device            : xcku5p-ffvb676
| Speed File        : -1  PRODUCTION 1.29 05-01-2022
| Design State      : Routed
| Temperature Grade : E
-------------------------------------------------------------------------------------------------------------------------------------------------------------------------------------------------------------------------------------------------------------------------------------------------------------

Timing Report

Slack (MET) :             2.056ns  (required time - arrival time)
  Source:                 u_app_ctrl/c_snd_una_reg[14][8]/C
                            (rising edge-triggered cell FDCE clocked by g_hw.clk_out0  {rise@0.000ns fall@3.200ns period=6.400ns})
  Destination:            u_app/tx_lfsr_reg[19]/D
                            (rising edge-triggered cell FDPE clocked by g_hw.clk_out0  {rise@0.000ns fall@3.200ns period=6.400ns})
  Path Group:             g_hw.clk_out0
  Path Type:              Setup (Max at Slow Process Corner)
  Requirement:            6.400ns  (g_hw.clk_out0 rise@6.400ns - g_hw.clk_out0 rise@0.000ns)
  Data Path Delay:        4.167ns  (logic 1.415ns (33.959%)  route 2.752ns (66.041%))
  Logic Levels:           13  (CARRY8=3 LUT2=2 LUT5=1 LUT6=5 MUXF7=1 MUXF8=1)
  Clock Path Skew:        -0.142ns (DCD - SCD + CPR)
    Destination Clock Delay (DCD):    5.005ns = ( 11.405 - 6.400 ) 
    Source Clock Delay      (SCD):    4.817ns
    Clock Pessimism Removal (CPR):    -0.330ns
  Clock Uncertainty:      0.062ns  ((TSJ^2 + DJ^2)^1/2) / 2 + PE
    Total System Jitter     (TSJ):    0.071ns
    Discrete Jitter          (DJ):    0.101ns
    Phase Error              (PE):    0.000ns
  Clock Net Delay (Source):      1.926ns (routing 0.601ns, distribution 1.325ns)
  Clock Net Delay (Destination): 1.731ns (routing 0.548ns, distribution 1.183ns)

    Location             Delay type                Incr(ns)  Path(ns)    Netlist Resource(s)
  -------------------------------------------------------------------    -------------------
                         (clock g_hw.clk_out0 rise edge)
                                                      0.000     0.000 r  
    T25                                               0.000     0.000 r  sys_clk_p (IN)
                         net (fo=0)                   0.100     0.100    u_clkgen/g_hw.u_ibufds/I
    HPIOBDIFFINBUF_X0Y37 DIFFINBUF (Prop_DIFFINBUF_HPIOBDIFFINBUF_DIFF_IN_P_O)
                                                      0.479     0.579 r  u_clkgen/g_hw.u_ibufds/DIFFINBUF_INST/O
                         net (fo=1, routed)           0.050     0.629    u_clkgen/g_hw.u_ibufds/OUT
    T25                  IBUFCTRL (Prop_IBUFCTRL_HPIOB_M_I_O)
                                                      0.000     0.629 r  u_clkgen/g_hw.u_ibufds/IBUFCTRL_INST/O
                         net (fo=1, routed)           0.345     0.974    u_clkgen/g_hw.clk_in_ibuf
    BUFGCE_X0Y41         BUFGCE (Prop_BUFCE_BUFGCE_I_O)
                                                      0.028     1.002 r  u_clkgen/g_hw.u_bufg_in/O
                         net (fo=485, routed)         1.711     2.713    u_clkgen/clk_in_100
    MMCM_X0Y1            MMCME4_ADV (Prop_MMCM_CLKIN1_CLKOUT0)
                                                     -0.106     2.607 r  u_clkgen/g_hw.u_mmcm/CLKOUT0
                         net (fo=1, routed)           0.256     2.863    u_clkgen/g_hw.clk_out0
    BUFGCE_X0Y25         BUFGCE (Prop_BUFCE_BUFGCE_I_O)
                                                      0.028     2.891 r  u_clkgen/g_hw.u_bufg_out/O
    X1Y1 (CLOCK_ROOT)    net (fo=49067, routed)       1.926     4.817    u_app_ctrl/dp_clk
    SLICE_X5Y128         FDCE                                         r  u_app_ctrl/c_snd_una_reg[14][8]/C
  -------------------------------------------------------------------    -------------------
    SLICE_X5Y128         FDCE (Prop_CFF_SLICEM_C_Q)
                                                      0.095     4.912 r  u_app_ctrl/c_snd_una_reg[14][8]/Q
                         net (fo=1, routed)           0.056     4.968    u_app_ctrl/c_snd_una_reg[14]_4[8]
    SLICE_X5Y128         LUT2 (Prop_A6LUT_SLICEM_I1_O)
                                                      0.100     5.068 r  u_app_ctrl/sn_ry[14]_i_57/O
                         net (fo=1, routed)           0.014     5.082    u_app_ctrl/sn_ry[14]_i_57_n_53
    SLICE_X5Y128         CARRY8 (Prop_CARRY8_SLICEM_S[0]_CO[7])
                                                      0.241     5.323 r  u_app_ctrl/sn_ry_reg[14]_i_31/CO[7]
                         net (fo=1, routed)           0.028     5.351    u_app_ctrl/sn_ry_reg[14]_i_31_n_53
    SLICE_X5Y129         CARRY8 (Prop_CARRY8_SLICEM_CI_O[2])
                                                      0.086     5.437 f  u_app_ctrl/sn_ry_reg[14]_i_30/O[2]
                         net (fo=1, routed)           0.361     5.798    u_app_ctrl/tx_ready_calc13_return51_out[18]
    SLICE_X6Y129         LUT2 (Prop_B6LUT_SLICEL_I1_O)
                                                      0.115     5.913 r  u_app_ctrl/sn_ry[14]_i_11/O
                         net (fo=1, routed)           0.010     5.923    u_app_ctrl/sn_ry[14]_i_11_n_53
    SLICE_X6Y129         CARRY8 (Prop_CARRY8_SLICEL_S[1]_CO[7])
                                                      0.240     6.163 f  u_app_ctrl/sn_ry_reg[14]_i_3/CO[7]
                         net (fo=1, routed)           0.342     6.505    u_app_ctrl/tx_ready_calc13_return4
    SLICE_X6Y112         LUT6 (Prop_A6LUT_SLICEL_I5_O)
                                                      0.039     6.544 f  u_app_ctrl/sn_ry[14]_i_1/O
                         net (fo=2, routed)           0.632     7.176    u_app_ctrl/fin_req_reg[15]_0[14]
    SLICE_X33Y113        LUT6 (Prop_A6LUT_SLICEL_I1_O)
                                                      0.100     7.276 f  u_app_ctrl/seg_len[10]_i_21/O
                         net (fo=1, routed)           0.011     7.287    u_app_ctrl/seg_len[10]_i_21_n_53
    SLICE_X33Y113        MUXF7 (Prop_F7MUX_AB_SLICEL_I1_O)
                                                      0.076     7.363 f  u_app_ctrl/seg_len_reg[10]_i_12/O
                         net (fo=1, routed)           0.000     7.363    u_app_ctrl/seg_len_reg[10]_i_12_n_53
    SLICE_X33Y113        MUXF8 (Prop_F8MUX_BOT_SLICEL_I1_O)
                                                      0.027     7.390 f  u_app_ctrl/seg_len_reg[10]_i_7/O
                         net (fo=6, routed)           0.623     8.013    u_app/seg_len_reg[7]_0
    SLICE_X14Y112        LUT6 (Prop_A6LUT_SLICEL_I0_O)
                                                      0.039     8.052 f  u_app/frm_wait_i_3/O
                         net (fo=3, routed)           0.052     8.104    u_app/frm_wait_i_3_n_53
    SLICE_X14Y112        LUT6 (Prop_C6LUT_SLICEL_I5_O)
                                                      0.038     8.142 r  u_app/pw_n[3]_i_6/O
                         net (fo=43, routed)          0.202     8.344    u_app/pw_n[3]_i_6_n_53
    SLICE_X15Y110        LUT5 (Prop_H6LUT_SLICEM_I4_O)
                                                      0.041     8.385 f  u_app/bcnt[3]_i_3__1/O
                         net (fo=136, routed)         0.362     8.748    u_app/bcnt[3]_i_3__1_n_53
    SLICE_X13Y109        LUT6 (Prop_A6LUT_SLICEL_I4_O)
                                                      0.178     8.926 r  u_app/tx_lfsr[19]_i_1/O
                         net (fo=1, routed)           0.058     8.984    u_app/tx_lfsr[19]_i_1_n_53
    SLICE_X13Y109        FDPE                                         r  u_app/tx_lfsr_reg[19]/D
  -------------------------------------------------------------------    -------------------

                         (clock g_hw.clk_out0 rise edge)
                                                      6.400     6.400 r  
    T25                                               0.000     6.400 r  sys_clk_p (IN)
                         net (fo=0)                   0.079     6.479    u_clkgen/g_hw.u_ibufds/I
    HPIOBDIFFINBUF_X0Y37 DIFFINBUF (Prop_DIFFINBUF_HPIOBDIFFINBUF_DIFF_IN_P_O)
                                                      0.398     6.877 r  u_clkgen/g_hw.u_ibufds/DIFFINBUF_INST/O
                         net (fo=1, routed)           0.040     6.917    u_clkgen/g_hw.u_ibufds/OUT
    T25                  IBUFCTRL (Prop_IBUFCTRL_HPIOB_M_I_O)
                                                      0.000     6.917 r  u_clkgen/g_hw.u_ibufds/IBUFCTRL_INST/O
                         net (fo=1, routed)           0.304     7.221    u_clkgen/g_hw.clk_in_ibuf
    BUFGCE_X0Y41         BUFGCE (Prop_BUFCE_BUFGCE_I_O)
                                                      0.024     7.245 r  u_clkgen/g_hw.u_bufg_in/O
                         net (fo=485, routed)         1.533     8.778    u_clkgen/clk_in_100
    MMCM_X0Y1            MMCME4_ADV (Prop_MMCM_CLKIN1_CLKOUT0)
                                                      0.644     9.422 r  u_clkgen/g_hw.u_mmcm/CLKOUT0
                         net (fo=1, routed)           0.228     9.650    u_clkgen/g_hw.clk_out0
    BUFGCE_X0Y25         BUFGCE (Prop_BUFCE_BUFGCE_I_O)
                                                      0.024     9.674 r  u_clkgen/g_hw.u_bufg_out/O
    X1Y1 (CLOCK_ROOT)    net (fo=49067, routed)       1.731    11.405    u_app/dp_clk
    SLICE_X13Y109        FDPE                                         r  u_app/tx_lfsr_reg[19]/C
                         clock pessimism             -0.330    11.075    
                         clock uncertainty           -0.062    11.013    
    SLICE_X13Y109        FDPE (Setup_AFF_SLICEL_C_D)
                                                      0.027    11.040    u_app/tx_lfsr_reg[19]
  -------------------------------------------------------------------
                         required time                         11.040    
                         arrival time                          -8.984    
  -------------------------------------------------------------------
                         slack                                  2.056    




