# A/B baseline worktree: D:\repo\XCKU5PMini\_ab_p7b_02d51ed
# bat: sim\p3sim\run_tb_tcp_chain.bat
# started: 2026-09-30 13:37:02

anchors {'d30': 500, 'd80': 648, 'd20': 762, 'd300': 1714}
fends {'hs_ack': 493, 'ack_pure': 571, 'data42': 690, 'data100': 869, 'ack_pad': 953, 'data1000': 2031, 'data64': 2379, 'c1data50': 2506, 'data200': 2785, 'pcack30': 2863, 'pcack80': 2941, 'pcack20': 3019, 'pcack300': 3097}
syns [(116, 0), (3382, 16)] sacks [(125, 0, 1000, 1), (3391, 0, 1000, 1)]
sdone {'d30': 525, 'd80': 691, 'd20': 845, 'd300': 2032} colls [691, 2032]
expected TX frames:
  id=0 synack c0 seq=5999 ack=1000 plen=0
  id=1 data c0 seq=6000 ack=1000 plen=30
  id=2 data c0 seq=6030 ack=1000 plen=80
  id=3 ack c0 seq=6110 ack=1042 plen=0
  id=4 data c1 seq=900 ack=77 plen=20
  id=5 ack c0 seq=6110 ack=1142 plen=0
  id=6 data c0 seq=6110 ack=1142 plen=300
  id=7 ack c0 seq=6410 ack=2142 plen=0
  id=8 ack c0 seq=6410 ack=2142 plen=0
  id=9 ack c0 seq=6410 ack=2142 plen=0
  id=10 ack c0 seq=6410 ack=2206 plen=0
  id=11 ack c1 seq=920 ack=127 plen=0
  id=12 ack c0 seq=6410 ack=2406 plen=0
  id=13 synack c0 seq=5999 ack=1000 plen=0
STATS7 exp [13, 2, 0, 0, 2, 8, 1456]
STATS_TX exp [14, 430, 10, 0]
TCBF exp [[1000, 6000, 5999, 12288, 8192, 1], [127, 920, 920, 6144, 8704, 1]]
INFO: [VRFC 10-2263] Analyzing Verilog file "D:/repo/XCKU5PMini/_ab_p7b_02d51ed/rtl/crc32_8b.v" into library xil_defaultlib
INFO: [VRFC 10-311] analyzing module crc32_8b
INFO: [VRFC 10-2263] Analyzing Verilog file "D:/repo/XCKU5PMini/_ab_p7b_02d51ed/rtl/checksum16.v" into library xil_defaultlib
INFO: [VRFC 10-311] analyzing module checksum16
INFO: [VRFC 10-2263] Analyzing Verilog file "D:/repo/XCKU5PMini/_ab_p7b_02d51ed/rtl/fifo_sync.v" into library xil_defaultlib
INFO: [VRFC 10-311] analyzing module fifo_sync
INFO: [VRFC 10-2263] Analyzing Verilog file "D:/repo/XCKU5PMini/_ab_p7b_02d51ed/rtl/mac_rx_64.v" into library xil_defaultlib
INFO: [VRFC 10-311] analyzing module mac_rx_64
INFO: [VRFC 10-2263] Analyzing Verilog file "D:/repo/XCKU5PMini/_ab_p7b_02d51ed/rtl/mac_tx_64.v" into library xil_defaultlib
INFO: [VRFC 10-311] analyzing module mac_tx_64
INFO: [VRFC 10-2263] Analyzing Verilog file "D:/repo/XCKU5PMini/_ab_p7b_02d51ed/rtl/tcp_cam.v" into library xil_defaultlib
INFO: [VRFC 10-311] analyzing module tcp_cam
INFO: [VRFC 10-2263] Analyzing Verilog file "D:/repo/XCKU5PMini/_ab_p7b_02d51ed/rtl/tcb.v" into library xil_defaultlib
INFO: [VRFC 10-311] analyzing module tcb
INFO: [VRFC 10-2263] Analyzing Verilog file "D:/repo/XCKU5PMini/_ab_p7b_02d51ed/rtl/tcp_rx.v" into library xil_defaultlib
INFO: [VRFC 10-311] analyzing module tcp_rx
INFO: [VRFC 10-2263] Analyzing Verilog file "D:/repo/XCKU5PMini/_ab_p7b_02d51ed/rtl/tcp_synp.v" into library xil_defaultlib
INFO: [VRFC 10-311] analyzing module tcp_synp
INFO: [VRFC 10-2263] Analyzing Verilog file "D:/repo/XCKU5PMini/_ab_p7b_02d51ed/rtl/tcp_tx_frame.v" into library xil_defaultlib
INFO: [VRFC 10-311] analyzing module tcp_tx_frame
INFO: [VRFC 10-2263] Analyzing Verilog file "D:/repo/XCKU5PMini/_ab_p7b_02d51ed/rtl/retx_ram.v" into library xil_defaultlib
INFO: [VRFC 10-311] analyzing module retx_ram
INFO: [VRFC 10-2263] Analyzing Verilog file "D:/repo/XCKU5PMini/_ab_p7b_02d51ed/tb/tb_tcp_chain.v" into library xil_defaultlib
INFO: [VRFC 10-311] analyzing module tb_tcp_chain
Vivado Simulator v2025.2
Copyright 1986-2022 Xilinx, Inc. All Rights Reserved.
Copyright 2022-2025 Advanced Micro Devices, Inc. All Rights Reserved.
Running: C:/AMDDesignTools/2025.2/Vivado/bin/unwrapped/win64.o/xelab.exe -debug typical -timescale 1ns/1ps -L xil_defaultlib xil_defaultlib.tb_tcp_chain -s tb_tcp_chain 
Multi-threading is on. Using 18 slave threads.
Starting static elaboration
Pass Through NonSizing Optimizer
WARNING: [VRFC 10-3645] port 'stat_drop_full' remains unconnected for this instance [D:/repo/XCKU5PMini/_ab_p7b_02d51ed/tb/tb_tcp_chain.v:159]
WARNING: [VRFC 10-3645] port 'retx_req' remains unconnected for this instance [D:/repo/XCKU5PMini/_ab_p7b_02d51ed/tb/tb_tcp_chain.v:168]
WARNING: [VRFC 10-3645] port 'rc_id' remains unconnected for this instance [D:/repo/XCKU5PMini/_ab_p7b_02d51ed/tb/tb_tcp_chain.v:212]
WARNING: [VRFC 10-3645] port 'o_rst_sent' remains unconnected for this instance [D:/repo/XCKU5PMini/_ab_p7b_02d51ed/tb/tb_tcp_chain.v:240]
WARNING: [VRFC 10-3645] port 'stat_flush_words' remains unconnected for this instance [D:/repo/XCKU5PMini/_ab_p7b_02d51ed/tb/tb_tcp_chain.v:267]
WARNING: [VRFC 10-3645] port 'crc_nxt' remains unconnected for this instance [D:/repo/XCKU5PMini/_ab_p7b_02d51ed/rtl/mac_rx_64.v:126]
WARNING: [VRFC 10-3645] port 'dbg_wptr' remains unconnected for this instance [D:/repo/XCKU5PMini/_ab_p7b_02d51ed/rtl/mac_rx_64.v:364]
WARNING: [VRFC 10-3645] port 'full_next' remains unconnected for this instance [D:/repo/XCKU5PMini/_ab_p7b_02d51ed/rtl/tcp_tx_frame.v:645]
WARNING: [VRFC 10-3645] port 'dbg_wptr' remains unconnected for this instance [D:/repo/XCKU5PMini/_ab_p7b_02d51ed/rtl/tcp_tx_frame.v:710]
WARNING: [VRFC 10-3645] port 'dbg_wptr' remains unconnected for this instance [D:/repo/XCKU5PMini/_ab_p7b_02d51ed/rtl/mac_tx_64.v:70]
Completed static elaboration
Starting simulation data flow analysis
Completed simulation data flow analysis
Time Resolution for simulation is 1ps
Compiling module xil_defaultlib.crc32_8b
Compiling module xil_defaultlib.fifo_sync
Compiling module xil_defaultlib.mac_rx_64
Compiling module xil_defaultlib.tcp_rx
Compiling module xil_defaultlib.tcp_cam
Compiling module xil_defaultlib.tcb
Compiling module xil_defaultlib.tcp_synp
Compiling module xil_defaultlib.retx_ram
Compiling module xil_defaultlib.checksum16
Compiling module xil_defaultlib.fifo_sync(W=73,D=256,AW=8)
Compiling module xil_defaultlib.fifo_sync(W=39,D=32,AW=5)
Compiling module xil_defaultlib.tcp_tx_frame
Compiling module xil_defaultlib.fifo_sync(W=73,D=16,AW=4)
Compiling module xil_defaultlib.mac_tx_64
Compiling module xil_defaultlib.tb_tcp_chain
Built simulation snapshot tb_tcp_chain

****** xsim v2025.2 (64-bit)
  **** SW Build 6299465 on Fri Nov 14 19:35:11 GMT 2025
  **** IP Build 6300035 on Fri Nov 14 10:48:45 MST 2025
  **** SharedData Build 6298862 on Thu Nov 13 04:50:51 MST 2025
  **** Start of session at: Wed Sep 30 13:37:05 2026
    ** Copyright 1986-2022 Xilinx, Inc. All Rights Reserved.
    ** Copyright 2022-2025 Advanced Micro Devices, Inc. All Rights Reserved.

source xsim.dir/tb_tcp_chain/xsim_script.tcl
# xsim {tb_tcp_chain} -autoloadwcfg -tclbatch {run.tcl}
Time resolution is 1 ps
source run.tcl
## run all
DONE rx(pass=13 nm=2 ip=0 crc=0 seq=2 ack=8 by=1456) tx(fr=14 by=430 ack=10 drop=0)
$finish called at time : 51324 ns : File "D:/repo/XCKU5PMini/_ab_p7b_02d51ed/tb/tb_tcp_chain.v" Line 376
## quit
INFO: [Common 17-206] Exiting xsim at Wed Sep 30 13:37:07 2026...
frame  0 synack c0 val 1000 id=0 FAIL
frame  1 data c0 len 30 id=1 FAIL
frame  2 data c0 len 80 id=2 FAIL
frame  3 ack c0 val 1042 id=3 FAIL
frame  4 data c1 len 20 id=4 ok
frame  5 ack c0 val 1142 id=5 FAIL
frame  6 data c0 len 300 id=6 FAIL
frame  7 ack c0 val 2142 id=7 FAIL
frame  8 ack c0 val 2142 id=8 FAIL
frame  9 ack c0 val 2142 id=9 FAIL
frame 10 ack c0 val 2206 id=10 FAIL
frame 11 ack c1 val 127 id=11 ok
frame 12 ack c0 val 2406 id=12 FAIL
frame 13 synack c0 val 1000 id=13 FAIL
anchors {'d30': 500, 'd80': 648, 'd20': 762, 'd300': 1714} sdone {'d30': 525, 'd80': 691, 'd20': 845, 'd300': 2032} colls [691, 2032]
SYNP exp [(116, 18838586676582, 167772161, 12345, 8080, 999, 8192), (3382, 18838586676582, 167772161, 12345, 8080, 999, 8192)] got [(116, 18838586676582, 167772161, 12345, 8080, 999, 8192), (3382, 18838586676582, 167772161, 12345, 8080, 999, 8192)]
CAMF exp ['0A000001', 'C0A86402', '3039', '1F90', '112233445566'] got ['0a000001', 'c0a86402', '3039', '1f90', '112233445566']
STATS7 exp [13, 2, 0, 0, 2, 8, 1456] got [13, 2, 0, 0, 2, 8, 1456]
STATS_TX exp [14, 430, 10, 0] got [14, 430, 10, 0]
TCBF exp ['000003E8', '00001770', '0000176F', '3000', '2000', '1', '0000007F', '00000398', '00000398', '1800', '2200', '1'] got ['000003e8', '00001770', '0000176f', 'c000', '2000', '1', '0000007f', '00000398', '00000398', '1800', '2200', '1']
MISMATCH (14)
  frame 0 (synack c0 val 1000) content diff @48: c0 != 30
  frame 1 (data c0 len 30) content diff @48: c0 != 30
  frame 2 (data c0 len 80) content diff @48: c0 != 30
  frame 3 (ack c0 val 1042) content diff @48: c0 != 30
  frame 5 (ack c0 val 1142) content diff @48: c0 != 30
  frame 6 (data c0 len 300) content diff @48: c0 != 30
  frame 7 (ack c0 val 2142) content diff @48: c0 != 30
  frame 8 (ack c0 val 2142) content diff @48: c0 != 30
  frame 9 (ack c0 val 2142) content diff @48: c0 != 30
  frame 10 (ack c0 val 2206) content diff @48: c0 != 30
  frame 12 (ack c0 val 2406) content diff @48: c0 != 30
  frame 13 (synack c0 val 1000) content diff @48: c0 != 30
  TUPD seq
  exp [(119, 0, 0, 1000), (120, 1, 0, 5999), (121, 2, 0, 5999), (122, 3, 0, 12288), (123, 4, 0, 8192), (124, 5, 0, 1), (139, 1, 0, 6000), (495, 2, 0, 6000), (496, 4, 0, 8192), (525, 1, 0, 6030), (574, 4, 0, 16384), (691, 1, 0, 6110), (692, 0, 0, 1042), (694, 4, 0, 16384), (845, 1, 1, 920), (870, 0, 0, 1142), (872, 4, 0, 16384), (956, 4, 0, 12288), (2032, 1, 0, 6410), (2033, 0, 0, 2142), (2035, 4, 0, 16384), (2380, 0, 0, 2206), (2381, 2, 0, 6300), (2382, 4, 0, 16384), (2507, 0, 1, 127), (2509, 4, 1, 6656), (2786, 0, 0, 2406), (2788, 4, 0, 16384), (2866, 4, 0, 16384), (2944, 4, 0, 16384), (3021, 2, 1, 920), (3022, 4, 1, 8704), (3099, 2, 0, 6410), (3100, 4, 0, 16384), (3385, 0, 0, 1000), (3386, 1, 0, 5999), (3387, 2, 0, 5999), (3388, 3, 0, 12288), (3389, 4, 0, 8192), (3390, 5, 0, 1), (3405, 1, 0, 6000)]
  got [(119, 0, 0, 1000), (120, 1, 0, 5999), (121, 2, 0, 5999), (122, 3, 0, 49152), (123, 4, 0, 8192), (124, 5, 0, 1), (140, 1, 0, 6000), (495, 2, 0, 6000), (496, 4, 0, 8192), (525, 1, 0, 6030), (574, 4, 0, 16384), (691, 1, 0, 6110), (692, 0, 0, 1042), (694, 4, 0, 16384), (845, 1, 1, 920), (870, 0, 0, 1142), (872, 4, 0, 16384), (956, 4, 0, 12288), (2032, 1, 0, 6410), (2033, 0, 0, 2142), (2035, 4, 0, 16384), (2380, 0, 0, 2206), (2381, 2, 0, 6300), (2382, 4, 0, 16384), (2507, 0, 1, 127), (2509, 4, 1, 6656), (2786, 0, 0, 2406), (2788, 4, 0, 16384), (2866, 4, 0, 16384), (2944, 4, 0, 16384), (3021, 2, 1, 920), (3022, 4, 1, 8704), (3099, 2, 0, 6410), (3100, 4, 0, 16384), (3385, 0, 0, 1000), (3386, 1, 0, 5999), (3387, 2, 0, 5999), (3388, 3, 0, 49152), (3389, 4, 0, 8192), (3390, 5, 0, 1), (3406, 1, 0, 6000)]
  TCBF exp ['000003E8', '00001770', '0000176F', '3000', '2000', '1', '0000007F', '00000398', '00000398', '1800', '2200', '1'] got ['000003e8', '00001770', '0000176f', 'c000', '2000', '1', '0000007f', '00000398', '00000398', '1800', '2200', '1']
