### NIC_PRE 1791298994.574631022
     port_tx_bytes: 7223026316
     port_tx_packets: 4948278
     port_rx_good_bytes: 183749597366
     port_rx_packets: 121082548
     port_rx_bad: 0
     port_rx_nodesc_drops: 497006
     rx_eth_crc_err: 0
### SNAP_A 1791298994.576874796
SNAP_BEGIN S2_J0_A gen=28
W0   0x20   rx_stat_frames         0x00486330
W1   0x24   rx_stat_bytes          0xace8dbfe
W3   0x2C   rx_stat_crc_err        0x00000000
W5   0x34   gmii_free_FE           0xb1014157
W8   0x40   udpapp_tx_frames       0x07381ca7
W9   0x44   udpapp_tx_bytes        0x82a4c4c0
W20  0x70   mac_tx_frames          0x07388cc8
W24  0x80   dp_free_DP             0xb116c2e4
W43  0xCC   mtx_stat_tx_words      0xb0f64bcd
W56  0x100  udpapp_tx_ovf_stat_tx_ovf 0x00000000
W3   0x2C   rx_stat_crc_err        0x00000000
W4   0x30   rx_stat_drop           0x00000000
W21  0x74   tx_stat_abort          0x00000000
W32  0xA0   rx_stat_drop_partial   0x00000000
W33  0xA4   rx_stat_orphan_bytes[34]=rx_stat_drop_full 0x00000000
W34  0xA8   ?                      0x00000000
W35  0xAC   rx_stat_fifo_ovf       0x00000000
W46  0xD8   cls_dbg_stat_ovf       0x00000000
W47  0xDC   cls_dbg_stat_route_ovf 0x00000000
W48  0xE0   cls_dbg_stat_stall_in[49]=cls_dbg_occ 0x00000000
W49  0xE4   ?                      0x00000000
SNAP_END S2_J0_A nff=0
### TCPDUMP 1791298994.655081359
TCPDUMP_RC=0 1791298994.684347990
300 packets captured
1212 packets received by filter
0 packets dropped by kernel
### SLEEP 1791298994.686360745
### SNAP_B 1791298996.888322034
SNAP_BEGIN S2_J0_B gen=29
W0   0x20   rx_stat_frames         0x00486332
W1   0x24   rx_stat_bytes          0xace8e0a2
W3   0x2C   rx_stat_crc_err        0x00000000
W5   0x34   gmii_free_FE           0xc689a0ac
W8   0x40   udpapp_tx_frames       0x0754ac55
W9   0x44   udpapp_tx_bytes        0x26deec98
W20  0x70   mac_tx_frames          0x07551c76
W24  0x80   dp_free_DP             0xc69f1d26
W43  0xCC   mtx_stat_tx_words      0xc67e9de7
W56  0x100  udpapp_tx_ovf_stat_tx_ovf 0x00000000
W3   0x2C   rx_stat_crc_err        0x00000000
W4   0x30   rx_stat_drop           0x00000000
W21  0x74   tx_stat_abort          0x00000000
W32  0xA0   rx_stat_drop_partial   0x00000000
W33  0xA4   rx_stat_orphan_bytes[34]=rx_stat_drop_full 0x00000000
W34  0xA8   ?                      0x00000000
W35  0xAC   rx_stat_fifo_ovf       0x00000000
W46  0xD8   cls_dbg_stat_ovf       0x00000000
W47  0xDC   cls_dbg_stat_route_ovf 0x00000000
W48  0xE0   cls_dbg_stat_stall_in[49]=cls_dbg_occ 0x00000000
W49  0xE4   ?                      0x00000000
SNAP_END S2_J0_B nff=0
### NIC_POST 1791298996.955132301
     port_tx_bytes: 7223027504
     port_tx_packets: 4948280
     port_rx_good_bytes: 186205070144
     port_rx_packets: 122700118
     port_rx_bad: 0
     port_rx_nodesc_drops: 502171
     rx_eth_crc_err: 0
S2_J0_DONE 1791298996.957049873
