### INIT_OFF 3153518592
SNAP_BEGIN S2_U5_p0 gen=20
W0   0x20   rx_stat_frames         0x0021147d
W1   0x24   rx_stat_bytes          0xc3d5d7de
W3   0x2C   rx_stat_crc_err        0x00000000
W4   0x30   rx_stat_drop           0x00000000
W10  0x48   udpapp_rx_frames       0x0020b080
W11  0x4C   udpapp_rx_bytes        0xbbf6e000
W12  0x50   udpapp_rx_null         0x00000000
W13  0x54   udpapp_mismatch        0x00000000
W20  0x70   mac_tx_frames          0x01d540f6
W21  0x74   tx_stat_abort          0x00000000
W32  0xA0   rx_stat_drop_partial   0x00000000
W33  0xA4   rx_stat_orphan_bytes[34]=rx_stat_drop_full 0x00000000
W34  0xA8   ?                      0x00000000
W35  0xAC   rx_stat_fifo_ovf       0x00000000
W36  0xB0   mrx_stat_rx_words      0xa1229959
W37  0xB4   mrx_stat_rx_pay_bytes[38]=rxcdc_ovf_cnt 0xc35185ea
W43  0xCC   mtx_stat_tx_words      0xa11a27c8
W46  0xD8   cls_dbg_stat_ovf       0x00000000
W47  0xDC   cls_dbg_stat_route_ovf 0x00000000
W48  0xE0   cls_dbg_stat_stall_in[49]=cls_dbg_occ 0x00000000
W49  0xE4   ?                      0x00000000
W53  0xF4   ?                      0x01e4f50c
W54  0xF8   ?                      0x00000000
W55  0xFC   ?                      0x00000012
W56  0x100  udpapp_tx_ovf_stat_tx_ovf 0x00000000
W60  0x110  srx_stat_fifo_ovf      0x00000000
SNAP_END S2_U5_p0 nff=0
### SEG_SEND p1 off_in=3153518592 1791298883.008311944
UDP_T 1.000 pkts=129632 pay_MB=181.979 pps=129614 Mbps=1526.339 (limit=2000.0)
UDP_SUM pkts=259200 pay_bytes=381542400 dur_s=2.000 pps=129595 pay_Mbps=1526.116 wire_Mbps=1569.660 off_start=3153518592 off_end=3535060992 call_errors=0 skip_pkts=0 skip_bytes=0 skip_actual_off=-1
UDP_DONE
### SEG_DONE p1 off_out=3535060992
SNAP_BEGIN S2_U5_p1 gen=21
W0   0x20   rx_stat_frames         0x00250904
W1   0x24   rx_stat_bytes          0xdb49b71c
W3   0x2C   rx_stat_crc_err        0x00000000
W4   0x30   rx_stat_drop           0x00000000
W10  0x48   udpapp_rx_frames       0x0024a500
W11  0x4C   udpapp_rx_bytes        0xd2b4c000
W12  0x50   udpapp_rx_null         0x00000000
W13  0x54   udpapp_mismatch        0x00000000
W20  0x70   mac_tx_frames          0x022b8191
W21  0x74   tx_stat_abort          0x00000000
W32  0xA0   rx_stat_drop_partial   0x00000000
W33  0xA4   rx_stat_orphan_bytes[34]=rx_stat_drop_full 0x00000000
W34  0xA8   ?                      0x00000000
W35  0xAC   rx_stat_fifo_ovf       0x00000000
W36  0xB0   mrx_stat_rx_words      0xe2297506
W37  0xB4   mrx_stat_rx_pay_bytes[38]=rxcdc_ovf_cnt 0xdab5930c
W43  0xCC   mtx_stat_tx_words      0xe220db62
W46  0xD8   cls_dbg_stat_ovf       0x00000000
W47  0xDC   cls_dbg_stat_route_ovf 0x00000000
W48  0xE0   cls_dbg_stat_stall_in[49]=cls_dbg_occ 0x00000000
W49  0xE4   ?                      0x00000000
W53  0xF4   ?                      0x01e4f50c
W54  0xF8   ?                      0x00000000
W55  0xFC   ?                      0x00000012
W56  0x100  udpapp_tx_ovf_stat_tx_ovf 0x00000000
W60  0x110  srx_stat_fifo_ovf      0x00000000
SNAP_END S2_U5_p1 nff=0
### SEG_SEND p2 off_in=3535060992 1791298889.999449590
UDP_T 1.000 pkts=249120 pay_MB=349.717 pps=249093 Mbps=2933.315 (limit=0.0)
UDP_T 2.000 pkts=498848 pay_MB=700.287 pps=249398 Mbps=2936.910 (limit=0.0)
UDP_SUM pkts=623872 pay_bytes=918339584 dur_s=2.500 pps=249544 pay_Mbps=2938.630 wire_Mbps=3022.477 off_start=3535060992 off_end=4453400576 call_errors=0 skip_pkts=0 skip_bytes=0 skip_actual_off=-1
UDP_DONE
### SEG_DONE p2 off_out=4453400576
SNAP_BEGIN S2_U5_p2 gen=22
W0   0x20   rx_stat_frames         0x002e8e0d
W1   0x24   rx_stat_bytes          0x13bc71fe
W3   0x2C   rx_stat_crc_err        0x00000000
W4   0x30   rx_stat_drop           0x00000000
W10  0x48   udpapp_rx_frames       0x002e2a00
W11  0x4C   udpapp_rx_bytes        0x09718000
W12  0x50   udpapp_rx_null         0x00000000
W13  0x54   udpapp_mismatch        0x00000000
W20  0x70   mac_tx_frames          0x028fdf8b
W21  0x74   tx_stat_abort          0x00000000
W32  0xA0   rx_stat_drop_partial   0x00000000
W33  0xA4   rx_stat_orphan_bytes[34]=rx_stat_drop_full 0x00000000
W34  0xA8   ?                      0x00000000
W35  0xAC   rx_stat_fifo_ovf       0x00000000
W36  0xB0   mrx_stat_rx_words      0x2dd47cee
W37  0xB4   mrx_stat_rx_pay_bytes[38]=rxcdc_ovf_cnt 0x130239ca
W43  0xCC   mtx_stat_tx_words      0x2dcbb4b2
W46  0xD8   cls_dbg_stat_ovf       0x00000000
W47  0xDC   cls_dbg_stat_route_ovf 0x00000000
W48  0xE0   cls_dbg_stat_stall_in[49]=cls_dbg_occ 0x00000000
W49  0xE4   ?                      0x00000000
W53  0xF4   ?                      0x01e4f50c
W54  0xF8   ?                      0x00000000
W55  0xFC   ?                      0x00000012
W56  0x100  udpapp_tx_ovf_stat_tx_ovf 0x00000000
W60  0x110  srx_stat_fifo_ovf      0x00000000
SNAP_END S2_U5_p2 nff=0
### SEG_SEND p3 off_in=4453400576 1791298898.139321824
UDP_T 1.000 pkts=225024 pay_MB=315.891 pps=224998 Mbps=2649.576 (limit=0.0)
UDP_T 2.000 pkts=453344 pay_MB=636.408 pps=226655 Mbps=2669.086 (limit=0.0)
UDP_SUM pkts=567328 pay_bytes=835106816 dur_s=2.500 pps=226925 pay_Mbps=2672.264 wire_Mbps=2748.511 off_start=4453400576 off_end=5288507392 call_errors=0 skip_pkts=0 skip_bytes=0 skip_actual_off=-1
UDP_DONE
### SEG_DONE p3 off_out=5288507392
SNAP_BEGIN S2_U5_p3 gen=23
W0   0x20   rx_stat_frames         0x00373637
W1   0x24   rx_stat_bytes          0x471174e0
W3   0x2C   rx_stat_crc_err        0x00000000
W4   0x30   rx_stat_drop           0x00000000
W10  0x48   udpapp_rx_frames       0x0036d220
W11  0x4C   udpapp_rx_bytes        0x3b383800
W12  0x50   udpapp_rx_null         0x00000000
W13  0x54   udpapp_mismatch        0x00000000
W20  0x70   mac_tx_frames          0x0306609a
W21  0x74   tx_stat_abort          0x00000000
W32  0xA0   rx_stat_drop_partial   0x00000000
W33  0xA4   rx_stat_orphan_bytes[34]=rx_stat_drop_full 0x00000000
W34  0xA8   ?                      0x00000000
W35  0xAC   rx_stat_fifo_ovf       0x00000000
W36  0xB0   mrx_stat_rx_words      0x872bff24
W37  0xB4   mrx_stat_rx_pay_bytes[38]=rxcdc_ovf_cnt 0x46349c04
W43  0xCC   mtx_stat_tx_words      0x87230009
W46  0xD8   cls_dbg_stat_ovf       0x00000000
W47  0xDC   cls_dbg_stat_route_ovf 0x00000000
W48  0xE0   cls_dbg_stat_stall_in[49]=cls_dbg_occ 0x00000000
W49  0xE4   ?                      0x00000000
W53  0xF4   ?                      0x01e4f50c
W54  0xF8   ?                      0x00000000
W55  0xFC   ?                      0x00000012
W56  0x100  udpapp_tx_ovf_stat_tx_ovf 0x00000000
W60  0x110  srx_stat_fifo_ovf      0x00000000
SNAP_END S2_U5_p3 nff=0
### SEG_SEND p4 off_in=5288507392 1791298907.715177644
UDP_T 1.000 pkts=243456 pay_MB=341.766 pps=243392 Mbps=2866.179 (limit=0.0)
UDP_T 2.001 pkts=485888 pay_MB=682.094 pps=242867 Mbps=2859.996 (limit=0.0)
UDP_SUM pkts=607104 pay_bytes=893657088 dur_s=2.500 pps=242807 pay_Mbps=2859.294 wire_Mbps=2940.878 off_start=5288507392 off_end=6182164480 call_errors=0 skip_pkts=0 skip_bytes=0 skip_actual_off=-1
UDP_DONE
### SEG_DONE p4 off_out=6182164480
SNAP_BEGIN S2_U5_p4 gen=24
W0   0x20   rx_stat_frames         0x004079c2
W1   0x24   rx_stat_bytes          0x7dffcf66
W3   0x2C   rx_stat_crc_err        0x00000000
W4   0x30   rx_stat_drop           0x00000000
W10  0x48   udpapp_rx_frames       0x004015a0
W11  0x4C   udpapp_rx_bytes        0x707c5800
W12  0x50   udpapp_rx_null         0x00000000
W13  0x54   udpapp_mismatch        0x00000000
W20  0x70   mac_tx_frames          0x038c9de2
W21  0x74   tx_stat_abort          0x00000000
W32  0xA0   rx_stat_drop_partial   0x00000000
W33  0xA4   rx_stat_orphan_bytes[34]=rx_stat_drop_full 0x00000000
W34  0xA8   ?                      0x00000000
W35  0xAC   rx_stat_fifo_ovf       0x00000000
W36  0xB0   mrx_stat_rx_words      0xec6070e4
W37  0xB4   mrx_stat_rx_pay_bytes[38]=rxcdc_ovf_cnt 0x7cfde85e
W43  0xCC   mtx_stat_tx_words      0xec5733d1
W46  0xD8   cls_dbg_stat_ovf       0x00000000
W47  0xDC   cls_dbg_stat_route_ovf 0x00000000
W48  0xE0   cls_dbg_stat_stall_in[49]=cls_dbg_occ 0x00000000
W49  0xE4   ?                      0x00000000
W53  0xF4   ?                      0x01e4f50c
W54  0xF8   ?                      0x00000000
W55  0xFC   ?                      0x00000012
W56  0x100  udpapp_tx_ovf_stat_tx_ovf 0x00000000
W60  0x110  srx_stat_fifo_ovf      0x00000000
SNAP_END S2_U5_p4 nff=0
### SEG_SEND p5 off_in=6182164480 1791298918.584127927
UDP_T 1.000 pkts=129504 pay_MB=181.799 pps=129472 Mbps=1524.660 (limit=2000.0)
UDP_SUM pkts=259040 pay_bytes=381306880 dur_s=2.000 pps=129514 pay_Mbps=1525.153 wire_Mbps=1568.670 off_start=6182164480 off_end=6563471360 call_errors=0 skip_pkts=0 skip_bytes=0 skip_actual_off=-1
UDP_DONE
### SEG_DONE p5 off_out=6563471360
SNAP_BEGIN S2_U5_p5 gen=25
W0   0x20   rx_stat_frames         0x00446dae
W1   0x24   rx_stat_bytes          0x9570057e
W3   0x2C   rx_stat_crc_err        0x00000000
W4   0x30   rx_stat_drop           0x00000000
W10  0x48   udpapp_rx_frames       0x00440980
W11  0x4C   udpapp_rx_bytes        0x8736a000
W12  0x50   udpapp_rx_null         0x00000000
W13  0x54   udpapp_mismatch        0x00000000
W20  0x70   mac_tx_frames          0x041cda03
W21  0x74   tx_stat_abort          0x00000000
W32  0xA0   rx_stat_drop_partial   0x00000000
W33  0xA4   rx_stat_orphan_bytes[34]=rx_stat_drop_full 0x00000000
W34  0xA8   ?                      0x00000000
W35  0xAC   rx_stat_fifo_ovf       0x00000000
W36  0xB0   mrx_stat_rx_words      0x591e07c7
W37  0xB4   mrx_stat_rx_pay_bytes[38]=rxcdc_ovf_cnt 0x945e4ec6
W43  0xCC   mtx_stat_tx_words      0x59148852
W46  0xD8   cls_dbg_stat_ovf       0x00000000
W47  0xDC   cls_dbg_stat_route_ovf 0x00000000
W48  0xE0   cls_dbg_stat_stall_in[49]=cls_dbg_occ 0x00000000
W49  0xE4   ?                      0x00000000
W53  0xF4   ?                      0x01e4f50c
W54  0xF8   ?                      0x00000000
W55  0xFC   ?                      0x00000012
W56  0x100  udpapp_tx_ovf_stat_tx_ovf 0x00000000
W60  0x110  srx_stat_fifo_ovf      0x00000000
SNAP_END S2_U5_p5 nff=0
S2_UDP5_DONE 1791298930.250215431
