
****** xsim v2025.2 (64-bit)
  **** SW Build 6299465 on Fri Nov 14 19:35:11 GMT 2025
  **** IP Build 6300035 on Fri Nov 14 10:48:45 MST 2025
  **** SharedData Build 6298862 on Thu Nov 13 04:50:51 MST 2025
  **** Start of session at: Wed Sep 30 16:55:20 2026
    ** Copyright 1986-2022 Xilinx, Inc. All Rights Reserved.
    ** Copyright 2022-2025 Advanced Micro Devices, Inc. All Rights Reserved.

source xsim.dir/tb8/xsim_script.tcl
# xsim {tb8} -autoloadwcfg -runall
Time resolution is 1 ps
run -all
  [info] R0 жіЁе…Ґ q=372 lane1 bit0 (ж»Ўе­—)
  [info] R1 жіЁе…Ґ q=2 lane7 bit4 (ж»Ўе­—, еї…йЎ»жЉ“)
  [info] R1 жіЁе…Ґ q=184 lane7 bit4 (е°ѕе­—ж— ж•€ lane, еї…йЎ»дёЌжЉ“)
--- tb_app8_equiv (CAP=12000 bytes/config, 80000 cycles) ---
  T0: txf=54 txb=79888 | dump=12000 frm=9
  T1: txf=54 txb=79886 | dump=12000 frm=9
  T2: txf=11428 txb=57140 | dump=12000 frm=2400
  T3: txf=8000 txb=64000 | dump=12000 frm=1500
  T4: txf=53 txb=79889 | dump=12000 frm=8
  T5: txf=2 txb=4419 done=1 | dump=4419 frm=2
  T6: txf=54 txb=79512 | dump=12000 frm=9
  L0: txb=45632 rxb=45632 txf=31 mm=0
  L1: txb=45787 rxb=45787 txf=31 mm=0
  R0: rxb=8907 frames=12 null=1 mm=1 (exp 8907 / 12 / 1 / 1)
  R1: rxb=2949 frames=0 null=0 mm=1 (exp bytes 2949 / mm 1; sof жЃ’ 0 ж•…её§ж•°дёЌе€¤)
  [ ok ] dumpяяяѕяяяйяђ (яяяияяяµяяя№яяяйяяяєяяяіяяџ)
  [ ok ] dumpяяяѕяяяйяђ (яяяияяяµяяя№яяяйяяяєяяяіяяџ)
  [ ok ] dumpяяяѕяяяйяђ (яяяияяяµяяя№яяяйяяяєяяяіяяџ)
  [ ok ] dumpяяяѕяяяйяђ (яяяияяяµяяя№яяяйяяяєяяяіяяџ)
  [ ok ] dumpяяяѕяяяйяђ (яяяияяяµяяя№яяяйяяяєяяяіяяџ)
  [ ok ] dumpяяяѕяяяйяђ (яяяияяяµяяя№яяяйяяяєяяяіяяџ)
  [ ok ] Tяяяјяяяќ dump == 441яяяжяяя™яяяљяяяеяяя‡яяяЅяя)
  [ ok ] яяя§яя° > 3 яяя§яяяеяяя€яяяЇяя¤)
  [ ok ] яяя§яя° > 3 яяя§яяяеяяя€яяяЇяя¤)
  [ ok ] яяя§яя° > 3 яяя§яяяеяяя€яяяЇяя¤)
  [ ok ] яяя§яя° > 3 яяя§яяяеяяя€яяяЇяя¤)
  [ ok ] яяя§яя° > 3 яяя§яяяеяяя€яяяЇяя¤)
  [ ok ] яяя§яя° > 3 яяя§яяяеяяя€яяяЇяя¤)
  [ ok ] яяяеяяя•° == 2 (1472 + 2947:яяяўяя‰ remain>=4096яяя­яя‰)
  [ ok ] T5 TX_BYTESяяяљяяяжяяя°ѕ done=1
  [ ok ] T5яяяљяяяея± 4419 яяяия‚ (яяяеяяяЉяяяѕяя®)
  [ ok ] L0 яяязяяя›яяя±яяЌ (147яяяжяяя­яяяЇяя„)
  [ ok ] L0яяяћяяЇ rxb == txb (яяядяяя­яяя—яяяЌяя—)
  [ ok ] L0 яяязяяяЎяяяћяяядя† (txb > 10000: A/Bяяяџяяяжяяя°яяяЌяяЊ)
  [ ok ] L1 яяязяяя›яяя±яяЌ (147яяяеяяя­яяяЇяя„)
  [ ok ] яяяеяяяЋЇ rxb == txb
  [ ok ] R0яяя¶яяяияяя•° ==яяяЁяяяеяяяЉяяя°
  [ ok ] R0яяя§яя° == 1яяяея« 0яяяїяя§)
  [ ok ] R0 яяяжяяя€° 1 яяЄ яяя•яяя§
  [ ok ] R0яяя±яяяжя° 1яяя»яяя— lanяяязяяяЅяяя«яя“)
  [ ok ] R1яяя¶яяяияяя•° ==яяяЁяяяеяяяЉяяя°
  [ ok ] яяяеяяя…яяя° 1 (яяяея— lane7яяя“яяяеяяя­яяя яя€ laneяяяЌяя“)
TB_APP8_EQUIV: OK
TB8 DONE
$finish called at time : 512124800 ps : File "D:/repo/XCKU5PMini/udp_hls_10g/_proj_10g/notes/p7b_rate8/sim/tb_app8_equiv.v" Line 505
exit
INFO: [Common 17-206] Exiting xsim at Wed Sep 30 16:55:23 2026...
