
*** Running vivado
    with args -log macpcs64.vds -m64 -product Vivado -mode batch -messageDb vivado.pb -notrace -source macpcs64.tcl



****** Vivado v2025.2 (64-bit)
  **** SW Build 6299465 on Fri Nov 14 19:35:11 GMT 2025
  **** IP Build 6300035 on Fri Nov 14 10:48:45 MST 2025
  **** SharedData Build 6298862 on Thu Nov 13 04:50:51 MST 2025
  **** Start of session at: Tue Sep 29 19:05:09 2026
    ** Copyright 1986-2022 Xilinx, Inc. All Rights Reserved.
    ** Copyright 2022-2025 Advanced Micro Devices, Inc. All Rights Reserved.

source macpcs64.tcl -notrace
Command: synth_design -top macpcs64 -part xcku5p-ffvb676-1-e -incremental_mode off -mode out_of_context
Starting synth_design
Attempting to get a license for feature 'Synthesis' and/or device 'xcku5p'
INFO: [Common 17-349] Got license for feature 'Synthesis' and/or device 'xcku5p'
INFO: [Device 21-403] Loading part xcku5p-ffvb676-1-e
INFO: [Synth 8-7079] Multithreading enabled for synth_design using a maximum of 4 processes.
INFO: [Synth 8-7078] Launching helper process for spawning children vivado processes
INFO: [Synth 8-7075] Helper process launched with PID 18232
---------------------------------------------------------------------------------
Starting RTL Elaboration : Time (s): cpu = 00:00:04 ; elapsed = 00:00:05 . Memory (MB): peak = 1977.098 ; gain = 247.625
---------------------------------------------------------------------------------
INFO: [Synth 8-11241] undeclared symbol 'gtwiz_reset_qpll0reset_out', assumed default net type 'wire' [d:/repo/XCKU5PMini/udp_hls_10g/_proj_10g/xxv_probe/macpcs64/macpcs64.gen/sources_1/ip/macpcs64/xxv_ethernet_v5_0_2/macpcs64_wrapper.v:315]
INFO: [Synth 8-11241] undeclared symbol 'gtwiz_reset_qpll1reset_out', assumed default net type 'wire' [d:/repo/XCKU5PMini/udp_hls_10g/_proj_10g/xxv_probe/macpcs64/macpcs64.gen/sources_1/ip/macpcs64/xxv_ethernet_v5_0_2/macpcs64_wrapper.v:316]
INFO: [Synth 8-11241] undeclared symbol 'qpll1clk_in', assumed default net type 'wire' [d:/repo/XCKU5PMini/udp_hls_10g/_proj_10g/xxv_probe/macpcs64/macpcs64.gen/sources_1/ip/macpcs64/xxv_ethernet_v5_0_2/macpcs64_wrapper.v:327]
INFO: [Synth 8-11241] undeclared symbol 'qpll1refclk_in', assumed default net type 'wire' [d:/repo/XCKU5PMini/udp_hls_10g/_proj_10g/xxv_probe/macpcs64/macpcs64.gen/sources_1/ip/macpcs64/xxv_ethernet_v5_0_2/macpcs64_wrapper.v:328]
INFO: [Synth 8-11241] undeclared symbol 'qpll0clk_in_0', assumed default net type 'wire' [d:/repo/XCKU5PMini/udp_hls_10g/_proj_10g/xxv_probe/macpcs64/macpcs64.gen/sources_1/ip/macpcs64/xxv_ethernet_v5_0_2/macpcs64_wrapper.v:421]
INFO: [Synth 8-11241] undeclared symbol 'qpll0refclk_in_0', assumed default net type 'wire' [d:/repo/XCKU5PMini/udp_hls_10g/_proj_10g/xxv_probe/macpcs64/macpcs64.gen/sources_1/ip/macpcs64/xxv_ethernet_v5_0_2/macpcs64_wrapper.v:422]
INFO: [Synth 8-11241] undeclared symbol 'qpll1clk_in_0', assumed default net type 'wire' [d:/repo/XCKU5PMini/udp_hls_10g/_proj_10g/xxv_probe/macpcs64/macpcs64.gen/sources_1/ip/macpcs64/xxv_ethernet_v5_0_2/macpcs64_wrapper.v:423]
INFO: [Synth 8-11241] undeclared symbol 'qpll1refclk_in_0', assumed default net type 'wire' [d:/repo/XCKU5PMini/udp_hls_10g/_proj_10g/xxv_probe/macpcs64/macpcs64.gen/sources_1/ip/macpcs64/xxv_ethernet_v5_0_2/macpcs64_wrapper.v:424]
INFO: [Synth 8-11241] undeclared symbol 'gtwiz_reset_qpll0lock_in_0', assumed default net type 'wire' [d:/repo/XCKU5PMini/udp_hls_10g/_proj_10g/xxv_probe/macpcs64/macpcs64.gen/sources_1/ip/macpcs64/xxv_ethernet_v5_0_2/macpcs64_wrapper.v:425]
INFO: [Synth 8-11241] undeclared symbol 'gtwiz_reset_qpll1lock_in_0', assumed default net type 'wire' [d:/repo/XCKU5PMini/udp_hls_10g/_proj_10g/xxv_probe/macpcs64/macpcs64.gen/sources_1/ip/macpcs64/xxv_ethernet_v5_0_2/macpcs64_wrapper.v:426]
INFO: [Synth 8-11241] undeclared symbol 'gtwiz_reset_qpll0reset_out_0', assumed default net type 'wire' [d:/repo/XCKU5PMini/udp_hls_10g/_proj_10g/xxv_probe/macpcs64/macpcs64.gen/sources_1/ip/macpcs64/xxv_ethernet_v5_0_2/macpcs64_wrapper.v:564]
INFO: [Synth 8-11241] undeclared symbol 'gt_txusrclk2_0', assumed default net type 'wire' [d:/repo/XCKU5PMini/udp_hls_10g/_proj_10g/xxv_probe/macpcs64/macpcs64.gen/sources_1/ip/macpcs64/xxv_ethernet_v5_0_2/macpcs64_wrapper.v:693]
INFO: [Synth 8-11241] undeclared symbol 'gt_rxusrclk2_0', assumed default net type 'wire' [d:/repo/XCKU5PMini/udp_hls_10g/_proj_10g/xxv_probe/macpcs64/macpcs64.gen/sources_1/ip/macpcs64/xxv_ethernet_v5_0_2/macpcs64_wrapper.v:694]
INFO: [Synth 8-11241] undeclared symbol 'ctl_ptp_transpclk_mode', assumed default net type 'wire' [d:/repo/XCKU5PMini/udp_hls_10g/_proj_10g/xxv_probe/macpcs64/macpcs64.gen/sources_1/ip/macpcs64/xxv_ethernet_v5_0_2/macpcs64_top.v:314]
INFO: [Synth 8-6157] synthesizing module 'macpcs64' [d:/repo/XCKU5PMini/udp_hls_10g/_proj_10g/xxv_probe/macpcs64/macpcs64.gen/sources_1/ip/macpcs64/macpcs64.v:63]
INFO: [Synth 8-6157] synthesizing module 'macpcs64_wrapper' [d:/repo/XCKU5PMini/udp_hls_10g/_proj_10g/xxv_probe/macpcs64/macpcs64.gen/sources_1/ip/macpcs64/xxv_ethernet_v5_0_2/macpcs64_wrapper.v:63]
INFO: [Synth 8-6157] synthesizing module 'IBUFDS_GTE4' [C:/AMDDesignTools/2025.2/Vivado/scripts/rt/data/unisim_comp.v:83082]
INFO: [Synth 8-6155] done synthesizing module 'IBUFDS_GTE4' (0#1) [C:/AMDDesignTools/2025.2/Vivado/scripts/rt/data/unisim_comp.v:83082]
INFO: [Synth 8-6157] synthesizing module 'macpcs64_common_wrapper' [d:/repo/XCKU5PMini/udp_hls_10g/_proj_10g/xxv_probe/macpcs64/macpcs64.gen/sources_1/ip/macpcs64/xxv_ethernet_v5_0_2/macpcs64_common_wrapper.v:61]
INFO: [Synth 8-6157] synthesizing module 'macpcs64_gt_gtye4_common_wrapper' [d:/repo/XCKU5PMini/udp_hls_10g/_proj_10g/xxv_probe/macpcs64/macpcs64.gen/sources_1/ip/macpcs64/macpcs64/macpcs64_gt_gtye4_common_wrapper.v:4]
INFO: [Synth 8-6157] synthesizing module 'gtwizard_ultrascale_v1_7_22_gtye4_common' [d:/repo/XCKU5PMini/udp_hls_10g/_proj_10g/xxv_probe/macpcs64/macpcs64.gen/sources_1/ip/macpcs64/macpcs64/gtwizard_ultrascale_v1_7_gtye4_common.v:53]
INFO: [Synth 8-6157] synthesizing module 'GTYE4_COMMON' [C:/AMDDesignTools/2025.2/Vivado/scripts/rt/data/unisim_comp.v:64002]
INFO: [Synth 8-6155] done synthesizing module 'GTYE4_COMMON' (0#1) [C:/AMDDesignTools/2025.2/Vivado/scripts/rt/data/unisim_comp.v:64002]
INFO: [Synth 8-6155] done synthesizing module 'gtwizard_ultrascale_v1_7_22_gtye4_common' (0#1) [d:/repo/XCKU5PMini/udp_hls_10g/_proj_10g/xxv_probe/macpcs64/macpcs64.gen/sources_1/ip/macpcs64/macpcs64/gtwizard_ultrascale_v1_7_gtye4_common.v:53]
INFO: [Synth 8-6155] done synthesizing module 'macpcs64_gt_gtye4_common_wrapper' (0#1) [d:/repo/XCKU5PMini/udp_hls_10g/_proj_10g/xxv_probe/macpcs64/macpcs64.gen/sources_1/ip/macpcs64/macpcs64/macpcs64_gt_gtye4_common_wrapper.v:4]
INFO: [Synth 8-6155] done synthesizing module 'macpcs64_common_wrapper' (0#1) [d:/repo/XCKU5PMini/udp_hls_10g/_proj_10g/xxv_probe/macpcs64/macpcs64.gen/sources_1/ip/macpcs64/xxv_ethernet_v5_0_2/macpcs64_common_wrapper.v:61]
INFO: [Synth 8-6157] synthesizing module 'BUFG_GT' [C:/AMDDesignTools/2025.2/Vivado/scripts/rt/data/unisim_comp.v:2855]
INFO: [Synth 8-6155] done synthesizing module 'BUFG_GT' (0#1) [C:/AMDDesignTools/2025.2/Vivado/scripts/rt/data/unisim_comp.v:2855]
INFO: [Synth 8-6157] synthesizing module 'macpcs64_ultrascale_tx_userclk' [d:/repo/XCKU5PMini/udp_hls_10g/_proj_10g/xxv_probe/macpcs64/macpcs64.gen/sources_1/ip/macpcs64/xxv_ethernet_v5_0_2/macpcs64_ultrascale_tx_userclk.v:71]
INFO: [Synth 8-6155] done synthesizing module 'macpcs64_ultrascale_tx_userclk' (0#1) [d:/repo/XCKU5PMini/udp_hls_10g/_proj_10g/xxv_probe/macpcs64/macpcs64.gen/sources_1/ip/macpcs64/xxv_ethernet_v5_0_2/macpcs64_ultrascale_tx_userclk.v:71]
INFO: [Synth 8-6157] synthesizing module 'macpcs64_ultrascale_rx_userclk' [d:/repo/XCKU5PMini/udp_hls_10g/_proj_10g/xxv_probe/macpcs64/macpcs64.gen/sources_1/ip/macpcs64/xxv_ethernet_v5_0_2/macpcs64_ultrascale_rx_userclk.v:70]
INFO: [Synth 8-6155] done synthesizing module 'macpcs64_ultrascale_rx_userclk' (0#1) [d:/repo/XCKU5PMini/udp_hls_10g/_proj_10g/xxv_probe/macpcs64/macpcs64.gen/sources_1/ip/macpcs64/xxv_ethernet_v5_0_2/macpcs64_ultrascale_rx_userclk.v:70]
INFO: [Synth 8-6157] synthesizing module 'macpcs64_gt' [d:/repo/XCKU5PMini/udp_hls_10g/_proj_10g/xxv_probe/macpcs64/macpcs64.gen/sources_1/ip/macpcs64/ip_0/synth/macpcs64_gt.v:53]
INFO: [Synth 8-6157] synthesizing module 'macpcs64_gt_gtwizard_top' [d:/repo/XCKU5PMini/udp_hls_10g/_proj_10g/xxv_probe/macpcs64/macpcs64.gen/sources_1/ip/macpcs64/ip_0/synth/macpcs64_gt_gtwizard_top.v:173]
INFO: [Synth 8-6157] synthesizing module 'macpcs64_gt_gtwizard_gtye4' [d:/repo/XCKU5PMini/udp_hls_10g/_proj_10g/xxv_probe/macpcs64/macpcs64.gen/sources_1/ip/macpcs64/ip_0/synth/macpcs64_gt_gtwizard_gtye4.v:141]
INFO: [Synth 8-6157] synthesizing module 'macpcs64_gt_gtye4_channel_wrapper' [d:/repo/XCKU5PMini/udp_hls_10g/_proj_10g/xxv_probe/macpcs64/macpcs64.gen/sources_1/ip/macpcs64/ip_0/synth/macpcs64_gt_gtye4_channel_wrapper.v:56]
INFO: [Synth 8-6157] synthesizing module 'gtwizard_ultrascale_v1_7_22_gtye4_channel' [d:/repo/XCKU5PMini/udp_hls_10g/_proj_10g/xxv_probe/macpcs64/macpcs64.gen/sources_1/ip/macpcs64/ip_0/synth/gtwizard_ultrascale_v1_7_gtye4_channel.v:53]
INFO: [Synth 8-6157] synthesizing module 'GTYE4_CHANNEL' [C:/AMDDesignTools/2025.2/Vivado/scripts/rt/data/unisim_comp.v:62841]
INFO: [Synth 8-6155] done synthesizing module 'GTYE4_CHANNEL' (0#1) [C:/AMDDesignTools/2025.2/Vivado/scripts/rt/data/unisim_comp.v:62841]
INFO: [Synth 8-6155] done synthesizing module 'gtwizard_ultrascale_v1_7_22_gtye4_channel' (0#1) [d:/repo/XCKU5PMini/udp_hls_10g/_proj_10g/xxv_probe/macpcs64/macpcs64.gen/sources_1/ip/macpcs64/ip_0/synth/gtwizard_ultrascale_v1_7_gtye4_channel.v:53]
INFO: [Synth 8-6155] done synthesizing module 'macpcs64_gt_gtye4_channel_wrapper' (0#1) [d:/repo/XCKU5PMini/udp_hls_10g/_proj_10g/xxv_probe/macpcs64/macpcs64.gen/sources_1/ip/macpcs64/ip_0/synth/macpcs64_gt_gtye4_channel_wrapper.v:56]
INFO: [Synth 8-6157] synthesizing module 'gtwizard_ultrascale_v1_7_22_gtye4_delay_powergood' [d:/repo/XCKU5PMini/udp_hls_10g/_proj_10g/xxv_probe/macpcs64/macpcs64.gen/sources_1/ip/macpcs64/ip_0/hdl/gtwizard_ultrascale_v1_7_gtye4_delay_powergood.v:53]
INFO: [Synth 8-226] default block is never used [d:/repo/XCKU5PMini/udp_hls_10g/_proj_10g/xxv_probe/macpcs64/macpcs64.gen/sources_1/ip/macpcs64/ip_0/hdl/gtwizard_ultrascale_v1_7_gtye4_delay_powergood.v:136]
INFO: [Synth 8-6155] done synthesizing module 'gtwizard_ultrascale_v1_7_22_gtye4_delay_powergood' (0#1) [d:/repo/XCKU5PMini/udp_hls_10g/_proj_10g/xxv_probe/macpcs64/macpcs64.gen/sources_1/ip/macpcs64/ip_0/hdl/gtwizard_ultrascale_v1_7_gtye4_delay_powergood.v:53]
INFO: [Synth 8-6157] synthesizing module 'gtwizard_ultrascale_v1_7_22_bit_synchronizer' [d:/repo/XCKU5PMini/udp_hls_10g/_proj_10g/xxv_probe/macpcs64/macpcs64.gen/sources_1/ip/macpcs64/ip_0/hdl/gtwizard_ultrascale_v1_7_bit_sync.v:53]
INFO: [Synth 8-6155] done synthesizing module 'gtwizard_ultrascale_v1_7_22_bit_synchronizer' (0#1) [d:/repo/XCKU5PMini/udp_hls_10g/_proj_10g/xxv_probe/macpcs64/macpcs64.gen/sources_1/ip/macpcs64/ip_0/hdl/gtwizard_ultrascale_v1_7_bit_sync.v:53]
INFO: [Synth 8-6157] synthesizing module 'gtwizard_ultrascale_v1_7_22_gtwiz_reset' [d:/repo/XCKU5PMini/udp_hls_10g/_proj_10g/xxv_probe/macpcs64/macpcs64.gen/sources_1/ip/macpcs64/ip_0/hdl/gtwizard_ultrascale_v1_7_gtwiz_reset.v:53]
INFO: [Synth 8-6157] synthesizing module 'gtwizard_ultrascale_v1_7_22_reset_synchronizer' [d:/repo/XCKU5PMini/udp_hls_10g/_proj_10g/xxv_probe/macpcs64/macpcs64.gen/sources_1/ip/macpcs64/ip_0/hdl/gtwizard_ultrascale_v1_7_reset_sync.v:53]
INFO: [Synth 8-6155] done synthesizing module 'gtwizard_ultrascale_v1_7_22_reset_synchronizer' (0#1) [d:/repo/XCKU5PMini/udp_hls_10g/_proj_10g/xxv_probe/macpcs64/macpcs64.gen/sources_1/ip/macpcs64/ip_0/hdl/gtwizard_ultrascale_v1_7_reset_sync.v:53]
INFO: [Synth 8-155] case statement is not full and has no default [d:/repo/XCKU5PMini/udp_hls_10g/_proj_10g/xxv_probe/macpcs64/macpcs64.gen/sources_1/ip/macpcs64/ip_0/hdl/gtwizard_ultrascale_v1_7_gtwiz_reset.v:162]
INFO: [Synth 8-6157] synthesizing module 'gtwizard_ultrascale_v1_7_22_reset_inv_synchronizer' [d:/repo/XCKU5PMini/udp_hls_10g/_proj_10g/xxv_probe/macpcs64/macpcs64.gen/sources_1/ip/macpcs64/ip_0/hdl/gtwizard_ultrascale_v1_7_reset_inv_sync.v:53]
INFO: [Synth 8-6155] done synthesizing module 'gtwizard_ultrascale_v1_7_22_reset_inv_synchronizer' (0#1) [d:/repo/XCKU5PMini/udp_hls_10g/_proj_10g/xxv_probe/macpcs64/macpcs64.gen/sources_1/ip/macpcs64/ip_0/hdl/gtwizard_ultrascale_v1_7_reset_inv_sync.v:53]
INFO: [Synth 8-6155] done synthesizing module 'gtwizard_ultrascale_v1_7_22_gtwiz_reset' (0#1) [d:/repo/XCKU5PMini/udp_hls_10g/_proj_10g/xxv_probe/macpcs64/macpcs64.gen/sources_1/ip/macpcs64/ip_0/hdl/gtwizard_ultrascale_v1_7_gtwiz_reset.v:53]
INFO: [Synth 8-6155] done synthesizing module 'macpcs64_gt_gtwizard_gtye4' (0#1) [d:/repo/XCKU5PMini/udp_hls_10g/_proj_10g/xxv_probe/macpcs64/macpcs64.gen/sources_1/ip/macpcs64/ip_0/synth/macpcs64_gt_gtwizard_gtye4.v:141]
INFO: [Synth 8-6155] done synthesizing module 'macpcs64_gt_gtwizard_top' (0#1) [d:/repo/XCKU5PMini/udp_hls_10g/_proj_10g/xxv_probe/macpcs64/macpcs64.gen/sources_1/ip/macpcs64/ip_0/synth/macpcs64_gt_gtwizard_top.v:173]
INFO: [Synth 8-6155] done synthesizing module 'macpcs64_gt' (0#1) [d:/repo/XCKU5PMini/udp_hls_10g/_proj_10g/xxv_probe/macpcs64/macpcs64.gen/sources_1/ip/macpcs64/ip_0/synth/macpcs64_gt.v:53]
INFO: [Synth 8-6157] synthesizing module 'macpcs64_cdc_sync' [d:/repo/XCKU5PMini/udp_hls_10g/_proj_10g/xxv_probe/macpcs64/macpcs64.gen/sources_1/ip/macpcs64/xxv_ethernet_v5_0_2/macpcs64_wrapper.v:975]
INFO: [Synth 8-6155] done synthesizing module 'macpcs64_cdc_sync' (0#1) [d:/repo/XCKU5PMini/udp_hls_10g/_proj_10g/xxv_probe/macpcs64/macpcs64.gen/sources_1/ip/macpcs64/xxv_ethernet_v5_0_2/macpcs64_wrapper.v:975]
INFO: [Synth 8-6157] synthesizing module 'macpcs64_gt_pipeline' [d:/repo/XCKU5PMini/udp_hls_10g/_proj_10g/xxv_probe/macpcs64/macpcs64.gen/sources_1/ip/macpcs64/xxv_ethernet_v5_0_2/macpcs64_wrapper.v:1041]
INFO: [Synth 8-6155] done synthesizing module 'macpcs64_gt_pipeline' (0#1) [d:/repo/XCKU5PMini/udp_hls_10g/_proj_10g/xxv_probe/macpcs64/macpcs64.gen/sources_1/ip/macpcs64/xxv_ethernet_v5_0_2/macpcs64_wrapper.v:1041]
INFO: [Synth 8-6157] synthesizing module 'macpcs64_gt_pipeline__parameterized0' [d:/repo/XCKU5PMini/udp_hls_10g/_proj_10g/xxv_probe/macpcs64/macpcs64.gen/sources_1/ip/macpcs64/xxv_ethernet_v5_0_2/macpcs64_wrapper.v:1041]
INFO: [Synth 8-6155] done synthesizing module 'macpcs64_gt_pipeline__parameterized0' (0#1) [d:/repo/XCKU5PMini/udp_hls_10g/_proj_10g/xxv_probe/macpcs64/macpcs64.gen/sources_1/ip/macpcs64/xxv_ethernet_v5_0_2/macpcs64_wrapper.v:1041]
INFO: [Synth 8-6157] synthesizing module 'macpcs64_gt_pipeline__parameterized1' [d:/repo/XCKU5PMini/udp_hls_10g/_proj_10g/xxv_probe/macpcs64/macpcs64.gen/sources_1/ip/macpcs64/xxv_ethernet_v5_0_2/macpcs64_wrapper.v:1041]
INFO: [Synth 8-6155] done synthesizing module 'macpcs64_gt_pipeline__parameterized1' (0#1) [d:/repo/XCKU5PMini/udp_hls_10g/_proj_10g/xxv_probe/macpcs64/macpcs64.gen/sources_1/ip/macpcs64/xxv_ethernet_v5_0_2/macpcs64_wrapper.v:1041]
INFO: [Synth 8-6157] synthesizing module 'macpcs64_top' [d:/repo/XCKU5PMini/udp_hls_10g/_proj_10g/xxv_probe/macpcs64/macpcs64.gen/sources_1/ip/macpcs64/xxv_ethernet_v5_0_2/macpcs64_top.v:63]
INFO: [Synth 8-6157] synthesizing module 'RAM64X1S' [C:/AMDDesignTools/2025.2/Vivado/scripts/rt/data/unisim_comp.v:154656]
INFO: [Synth 8-6155] done synthesizing module 'RAM64X1S' (0#1) [C:/AMDDesignTools/2025.2/Vivado/scripts/rt/data/unisim_comp.v:154656]
INFO: [Synth 8-6157] synthesizing module 'RAM32M' [C:/AMDDesignTools/2025.2/Vivado/scripts/rt/data/unisim_comp.v:154113]
INFO: [Synth 8-6155] done synthesizing module 'RAM32M' (0#1) [C:/AMDDesignTools/2025.2/Vivado/scripts/rt/data/unisim_comp.v:154113]
INFO: [Synth 8-6155] done synthesizing module 'macpcs64_top' (0#1) [d:/repo/XCKU5PMini/udp_hls_10g/_proj_10g/xxv_probe/macpcs64/macpcs64.gen/sources_1/ip/macpcs64/xxv_ethernet_v5_0_2/macpcs64_top.v:63]
INFO: [Synth 8-6155] done synthesizing module 'macpcs64_wrapper' (0#1) [d:/repo/XCKU5PMini/udp_hls_10g/_proj_10g/xxv_probe/macpcs64/macpcs64.gen/sources_1/ip/macpcs64/xxv_ethernet_v5_0_2/macpcs64_wrapper.v:63]
INFO: [Synth 8-6155] done synthesizing module 'macpcs64' (0#1) [d:/repo/XCKU5PMini/udp_hls_10g/_proj_10g/xxv_probe/macpcs64/macpcs64.gen/sources_1/ip/macpcs64/macpcs64.v:63]
INFO: [Synth 8-4490] FSM extraction disabled for register 'waddr_reg' through user attribute
INFO: [Synth 8-4490] FSM extraction disabled for register 'raddr_reg' through user attribute
INFO: [Synth 8-4490] FSM extraction disabled for register 'rlane_fifo_waddr_reg' through user attribute
INFO: [Synth 8-4490] FSM extraction disabled for register 'rlane_fifo_raddr_reg' through user attribute
INFO: [Synth 8-6014] Unused sequential element start_count_5K_reg was removed.  [d:/repo/XCKU5PMini/udp_hls_10g/_proj_10g/xxv_probe/macpcs64/macpcs64.gen/sources_1/ip/macpcs64/xxv_ethernet_v5_0_2/macpcs64_top.v:468]
INFO: [Synth 8-6014] Unused sequential element rx_clk_count_reg was removed.  [d:/repo/XCKU5PMini/udp_hls_10g/_proj_10g/xxv_probe/macpcs64/macpcs64.gen/sources_1/ip/macpcs64/xxv_ethernet_v5_0_2/macpcs64_top.v:469]
INFO: [Synth 8-6014] Unused sequential element rx_clk_noctrlcode_count_reg was removed.  [d:/repo/XCKU5PMini/udp_hls_10g/_proj_10g/xxv_probe/macpcs64/macpcs64.gen/sources_1/ip/macpcs64/xxv_ethernet_v5_0_2/macpcs64_top.v:498]
INFO: [Synth 8-6014] Unused sequential element stat_rx_valid_ctrl_code_5K_reg was removed.  [d:/repo/XCKU5PMini/udp_hls_10g/_proj_10g/xxv_probe/macpcs64/macpcs64.gen/sources_1/ip/macpcs64/xxv_ethernet_v5_0_2/macpcs64_top.v:513]
INFO: [Synth 8-3848] Net ctl_ptp_transpclk_mode in module/entity macpcs64_top does not have driver. [d:/repo/XCKU5PMini/udp_hls_10g/_proj_10g/xxv_probe/macpcs64/macpcs64.gen/sources_1/ip/macpcs64/xxv_ethernet_v5_0_2/macpcs64_top.v:314]
INFO: [Synth 8-3848] Net tx_period_ns in module/entity macpcs64_top does not have driver. [d:/repo/XCKU5PMini/udp_hls_10g/_proj_10g/xxv_probe/macpcs64/macpcs64.gen/sources_1/ip/macpcs64/xxv_ethernet_v5_0_2/macpcs64_top.v:237]
INFO: [Synth 8-3848] Net rx_period_ns in module/entity macpcs64_top does not have driver. [d:/repo/XCKU5PMini/udp_hls_10g/_proj_10g/xxv_probe/macpcs64/macpcs64.gen/sources_1/ip/macpcs64/xxv_ethernet_v5_0_2/macpcs64_top.v:238]
INFO: [Synth 8-7129] Port rx_sop in module xxv_ethernet_v5_0_2_mac_baser_axis_nopause_rx_axis_adapter is either unconnected or has no load
INFO: [Synth 8-7129] Port rd in module xxv_ethernet_v5_0_2_mac_baser_axis_nopause_rlane_fifo_RAM_C2_P1_W214_D8 is either unconnected or has no load
INFO: [Synth 8-7129] Port is_pause in module xxv_ethernet_v5_0_2_mac_baser_axis_nopause_rx_stats is either unconnected or has no load
INFO: [Synth 8-7129] Port is_user_pause in module xxv_ethernet_v5_0_2_mac_baser_axis_nopause_rx_stats is either unconnected or has no load
INFO: [Synth 8-7129] Port i_sop in module xxv_ethernet_v5_0_2_mac_baser_axis_nopause_fcs_64_full is either unconnected or has no load
INFO: [Synth 8-7129] Port ctl_rx_ignore_fcs in module xxv_ethernet_v5_0_2_mac_baser_axis_nopause_rx_64b66b_decoder is either unconnected or has no load
INFO: [Synth 8-7129] Port stat_rx_line_rate in module xxv_ethernet_v5_0_2_mac_baser_axis_nopause_rx_core_destriper is either unconnected or has no load
INFO: [Synth 8-7129] Port albuf_alignmarker in module xxv_ethernet_v5_0_2_mac_baser_axis_nopause_rx_core_destriper is either unconnected or has no load
INFO: [Synth 8-7129] Port serdes_headervalidin in module xxv_ethernet_v5_0_2_mac_baser_axis_nopause_rx_core_lane is either unconnected or has no load
INFO: [Synth 8-7129] Port rd in module xxv_ethernet_v5_0_2_mac_baser_axis_nopause_tx_ptp_tag_fifo_RAM_C1_P1_W16_D16_FL is either unconnected or has no load
INFO: [Synth 8-7129] Port ctl_rx_max_packet_len[14] in module xxv_ethernet_v5_0_2_mac_baser_axis_nopause_tx_stats is either unconnected or has no load
INFO: [Synth 8-7129] Port ctl_rx_max_packet_len[13] in module xxv_ethernet_v5_0_2_mac_baser_axis_nopause_tx_stats is either unconnected or has no load
INFO: [Synth 8-7129] Port ctl_rx_max_packet_len[12] in module xxv_ethernet_v5_0_2_mac_baser_axis_nopause_tx_stats is either unconnected or has no load
INFO: [Synth 8-7129] Port ctl_rx_max_packet_len[11] in module xxv_ethernet_v5_0_2_mac_baser_axis_nopause_tx_stats is either unconnected or has no load
INFO: [Synth 8-7129] Port ctl_rx_max_packet_len[10] in module xxv_ethernet_v5_0_2_mac_baser_axis_nopause_tx_stats is either unconnected or has no load
INFO: [Synth 8-7129] Port ctl_rx_max_packet_len[9] in module xxv_ethernet_v5_0_2_mac_baser_axis_nopause_tx_stats is either unconnected or has no load
INFO: [Synth 8-7129] Port ctl_rx_max_packet_len[8] in module xxv_ethernet_v5_0_2_mac_baser_axis_nopause_tx_stats is either unconnected or has no load
INFO: [Synth 8-7129] Port ctl_rx_max_packet_len[7] in module xxv_ethernet_v5_0_2_mac_baser_axis_nopause_tx_stats is either unconnected or has no load
INFO: [Synth 8-7129] Port ctl_rx_max_packet_len[6] in module xxv_ethernet_v5_0_2_mac_baser_axis_nopause_tx_stats is either unconnected or has no load
INFO: [Synth 8-7129] Port ctl_rx_max_packet_len[5] in module xxv_ethernet_v5_0_2_mac_baser_axis_nopause_tx_stats is either unconnected or has no load
INFO: [Synth 8-7129] Port ctl_rx_max_packet_len[4] in module xxv_ethernet_v5_0_2_mac_baser_axis_nopause_tx_stats is either unconnected or has no load
INFO: [Synth 8-7129] Port ctl_rx_max_packet_len[3] in module xxv_ethernet_v5_0_2_mac_baser_axis_nopause_tx_stats is either unconnected or has no load
INFO: [Synth 8-7129] Port ctl_rx_max_packet_len[2] in module xxv_ethernet_v5_0_2_mac_baser_axis_nopause_tx_stats is either unconnected or has no load
INFO: [Synth 8-7129] Port ctl_rx_max_packet_len[1] in module xxv_ethernet_v5_0_2_mac_baser_axis_nopause_tx_stats is either unconnected or has no load
INFO: [Synth 8-7129] Port ctl_rx_max_packet_len[0] in module xxv_ethernet_v5_0_2_mac_baser_axis_nopause_tx_stats is either unconnected or has no load
INFO: [Synth 8-7129] Port ctl_rx_min_packet_len[7] in module xxv_ethernet_v5_0_2_mac_baser_axis_nopause_tx_stats is either unconnected or has no load
INFO: [Synth 8-7129] Port ctl_rx_min_packet_len[6] in module xxv_ethernet_v5_0_2_mac_baser_axis_nopause_tx_stats is either unconnected or has no load
INFO: [Synth 8-7129] Port ctl_rx_min_packet_len[5] in module xxv_ethernet_v5_0_2_mac_baser_axis_nopause_tx_stats is either unconnected or has no load
INFO: [Synth 8-7129] Port ctl_rx_min_packet_len[4] in module xxv_ethernet_v5_0_2_mac_baser_axis_nopause_tx_stats is either unconnected or has no load
INFO: [Synth 8-7129] Port ctl_rx_min_packet_len[3] in module xxv_ethernet_v5_0_2_mac_baser_axis_nopause_tx_stats is either unconnected or has no load
INFO: [Synth 8-7129] Port ctl_rx_min_packet_len[2] in module xxv_ethernet_v5_0_2_mac_baser_axis_nopause_tx_stats is either unconnected or has no load
INFO: [Synth 8-7129] Port ctl_rx_min_packet_len[1] in module xxv_ethernet_v5_0_2_mac_baser_axis_nopause_tx_stats is either unconnected or has no load
INFO: [Synth 8-7129] Port ctl_rx_min_packet_len[0] in module xxv_ethernet_v5_0_2_mac_baser_axis_nopause_tx_stats is either unconnected or has no load
INFO: [Synth 8-7129] Port fcsstompedin in module xxv_ethernet_v5_0_2_mac_baser_axis_nopause_tx_stats is either unconnected or has no load
INFO: [Synth 8-7129] Port length_field[15] in module xxv_ethernet_v5_0_2_mac_baser_axis_nopause_tx_stats is either unconnected or has no load
INFO: [Synth 8-7129] Port length_field[14] in module xxv_ethernet_v5_0_2_mac_baser_axis_nopause_tx_stats is either unconnected or has no load
INFO: [Synth 8-7129] Port length_field[13] in module xxv_ethernet_v5_0_2_mac_baser_axis_nopause_tx_stats is either unconnected or has no load
INFO: [Synth 8-7129] Port length_field[12] in module xxv_ethernet_v5_0_2_mac_baser_axis_nopause_tx_stats is either unconnected or has no load
INFO: [Synth 8-7129] Port length_field[11] in module xxv_ethernet_v5_0_2_mac_baser_axis_nopause_tx_stats is either unconnected or has no load
INFO: [Synth 8-7129] Port length_field[10] in module xxv_ethernet_v5_0_2_mac_baser_axis_nopause_tx_stats is either unconnected or has no load
INFO: [Synth 8-7129] Port length_field[9] in module xxv_ethernet_v5_0_2_mac_baser_axis_nopause_tx_stats is either unconnected or has no load
INFO: [Synth 8-7129] Port length_field[8] in module xxv_ethernet_v5_0_2_mac_baser_axis_nopause_tx_stats is either unconnected or has no load
INFO: [Synth 8-7129] Port length_field[7] in module xxv_ethernet_v5_0_2_mac_baser_axis_nopause_tx_stats is either unconnected or has no load
INFO: [Synth 8-7129] Port length_field[6] in module xxv_ethernet_v5_0_2_mac_baser_axis_nopause_tx_stats is either unconnected or has no load
INFO: [Synth 8-7129] Port length_field[5] in module xxv_ethernet_v5_0_2_mac_baser_axis_nopause_tx_stats is either unconnected or has no load
INFO: [Synth 8-7129] Port length_field[4] in module xxv_ethernet_v5_0_2_mac_baser_axis_nopause_tx_stats is either unconnected or has no load
INFO: [Synth 8-7129] Port length_field[3] in module xxv_ethernet_v5_0_2_mac_baser_axis_nopause_tx_stats is either unconnected or has no load
INFO: [Synth 8-7129] Port length_field[2] in module xxv_ethernet_v5_0_2_mac_baser_axis_nopause_tx_stats is either unconnected or has no load
INFO: [Synth 8-7129] Port length_field[1] in module xxv_ethernet_v5_0_2_mac_baser_axis_nopause_tx_stats is either unconnected or has no load
INFO: [Synth 8-7129] Port length_field[0] in module xxv_ethernet_v5_0_2_mac_baser_axis_nopause_tx_stats is either unconnected or has no load
INFO: [Synth 8-7129] Port inrange_packet in module xxv_ethernet_v5_0_2_mac_baser_axis_nopause_tx_stats is either unconnected or has no load
INFO: [Synth 8-7129] Port is_pause in module xxv_ethernet_v5_0_2_mac_baser_axis_nopause_tx_stats is either unconnected or has no load
INFO: [Synth 8-7129] Port is_user_pause in module xxv_ethernet_v5_0_2_mac_baser_axis_nopause_tx_stats is either unconnected or has no load
INFO: [Synth 8-7129] Port sopin[0] in module xxv_ethernet_v5_0_2_mac_baser_axis_nopause_tx_64b66b_encoder is either unconnected or has no load
INFO: [Synth 8-7129] Port reset in module xxv_ethernet_v5_0_2_mac_baser_axis_nopause_parity_checker is either unconnected or has no load
INFO: [Synth 8-7129] Port tx_serdes_refclk in module xxv_ethernet_v5_0_2_mac_baser_axis_nopause_tx_core_lane is either unconnected or has no load
INFO: [Synth 8-7129] Port tx_serdes_refclk_reset in module xxv_ethernet_v5_0_2_mac_baser_axis_nopause_tx_core_lane is either unconnected or has no load
INFO: [Synth 8-7129] Port ena0in in module xxv_ethernet_v5_0_2_mac_baser_axis_nopause_tx_core_lane is either unconnected or has no load
INFO: [Synth 8-7129] Port tx_gearbox_seq_e1[5] in module xxv_ethernet_v5_0_2_mac_baser_axis_nopause_tx_core_lane is either unconnected or has no load
INFO: [Synth 8-7129] Port tx_gearbox_seq_e1[4] in module xxv_ethernet_v5_0_2_mac_baser_axis_nopause_tx_core_lane is either unconnected or has no load
INFO: [Synth 8-7129] Port tx_gearbox_seq_e1[3] in module xxv_ethernet_v5_0_2_mac_baser_axis_nopause_tx_core_lane is either unconnected or has no load
INFO: [Synth 8-7129] Port tx_gearbox_seq_e1[2] in module xxv_ethernet_v5_0_2_mac_baser_axis_nopause_tx_core_lane is either unconnected or has no load
INFO: [Synth 8-7129] Port tx_gearbox_seq_e1[1] in module xxv_ethernet_v5_0_2_mac_baser_axis_nopause_tx_core_lane is either unconnected or has no load
INFO: [Synth 8-7129] Port tx_gearbox_seq_e1[0] in module xxv_ethernet_v5_0_2_mac_baser_axis_nopause_tx_core_lane is either unconnected or has no load
INFO: [Synth 8-7129] Port tx_period_ns[63] in module xxv_ethernet_v5_0_2_mac_baser_axis_nopause_hsec_cores is either unconnected or has no load
INFO: [Synth 8-7129] Port tx_period_ns[62] in module xxv_ethernet_v5_0_2_mac_baser_axis_nopause_hsec_cores is either unconnected or has no load
INFO: [Synth 8-7129] Port tx_period_ns[61] in module xxv_ethernet_v5_0_2_mac_baser_axis_nopause_hsec_cores is either unconnected or has no load
INFO: [Synth 8-7129] Port tx_period_ns[60] in module xxv_ethernet_v5_0_2_mac_baser_axis_nopause_hsec_cores is either unconnected or has no load
INFO: [Synth 8-7129] Port tx_period_ns[59] in module xxv_ethernet_v5_0_2_mac_baser_axis_nopause_hsec_cores is either unconnected or has no load
INFO: [Synth 8-7129] Port tx_period_ns[58] in module xxv_ethernet_v5_0_2_mac_baser_axis_nopause_hsec_cores is either unconnected or has no load
INFO: [Synth 8-7129] Port tx_period_ns[57] in module xxv_ethernet_v5_0_2_mac_baser_axis_nopause_hsec_cores is either unconnected or has no load
INFO: [Synth 8-7129] Port tx_period_ns[56] in module xxv_ethernet_v5_0_2_mac_baser_axis_nopause_hsec_cores is either unconnected or has no load
INFO: [Synth 8-7129] Port tx_period_ns[55] in module xxv_ethernet_v5_0_2_mac_baser_axis_nopause_hsec_cores is either unconnected or has no load
INFO: [Synth 8-7129] Port tx_period_ns[54] in module xxv_ethernet_v5_0_2_mac_baser_axis_nopause_hsec_cores is either unconnected or has no load
INFO: [Synth 8-7129] Port tx_period_ns[53] in module xxv_ethernet_v5_0_2_mac_baser_axis_nopause_hsec_cores is either unconnected or has no load
INFO: [Synth 8-7129] Port tx_period_ns[52] in module xxv_ethernet_v5_0_2_mac_baser_axis_nopause_hsec_cores is either unconnected or has no load
INFO: [Synth 8-7129] Port tx_period_ns[51] in module xxv_ethernet_v5_0_2_mac_baser_axis_nopause_hsec_cores is either unconnected or has no load
INFO: [Synth 8-7129] Port tx_period_ns[50] in module xxv_ethernet_v5_0_2_mac_baser_axis_nopause_hsec_cores is either unconnected or has no load
INFO: [Synth 8-7129] Port tx_period_ns[49] in module xxv_ethernet_v5_0_2_mac_baser_axis_nopause_hsec_cores is either unconnected or has no load
INFO: [Synth 8-7129] Port tx_period_ns[48] in module xxv_ethernet_v5_0_2_mac_baser_axis_nopause_hsec_cores is either unconnected or has no load
INFO: [Synth 8-7129] Port tx_period_ns[47] in module xxv_ethernet_v5_0_2_mac_baser_axis_nopause_hsec_cores is either unconnected or has no load
INFO: [Synth 8-7129] Port tx_period_ns[46] in module xxv_ethernet_v5_0_2_mac_baser_axis_nopause_hsec_cores is either unconnected or has no load
INFO: [Synth 8-7129] Port tx_period_ns[45] in module xxv_ethernet_v5_0_2_mac_baser_axis_nopause_hsec_cores is either unconnected or has no load
INFO: [Synth 8-7129] Port tx_period_ns[44] in module xxv_ethernet_v5_0_2_mac_baser_axis_nopause_hsec_cores is either unconnected or has no load
INFO: [Synth 8-7129] Port tx_period_ns[43] in module xxv_ethernet_v5_0_2_mac_baser_axis_nopause_hsec_cores is either unconnected or has no load
INFO: [Synth 8-7129] Port tx_period_ns[42] in module xxv_ethernet_v5_0_2_mac_baser_axis_nopause_hsec_cores is either unconnected or has no load
INFO: [Synth 8-7129] Port tx_period_ns[41] in module xxv_ethernet_v5_0_2_mac_baser_axis_nopause_hsec_cores is either unconnected or has no load
INFO: [Synth 8-7129] Port tx_period_ns[40] in module xxv_ethernet_v5_0_2_mac_baser_axis_nopause_hsec_cores is either unconnected or has no load
INFO: [Synth 8-7129] Port tx_period_ns[39] in module xxv_ethernet_v5_0_2_mac_baser_axis_nopause_hsec_cores is either unconnected or has no load
INFO: [Synth 8-7129] Port tx_period_ns[38] in module xxv_ethernet_v5_0_2_mac_baser_axis_nopause_hsec_cores is either unconnected or has no load
INFO: [Synth 8-7129] Port tx_period_ns[37] in module xxv_ethernet_v5_0_2_mac_baser_axis_nopause_hsec_cores is either unconnected or has no load
INFO: [Synth 8-7129] Port tx_period_ns[36] in module xxv_ethernet_v5_0_2_mac_baser_axis_nopause_hsec_cores is either unconnected or has no load
INFO: [Synth 8-7129] Port tx_period_ns[35] in module xxv_ethernet_v5_0_2_mac_baser_axis_nopause_hsec_cores is either unconnected or has no load
INFO: [Synth 8-7129] Port tx_period_ns[34] in module xxv_ethernet_v5_0_2_mac_baser_axis_nopause_hsec_cores is either unconnected or has no load
INFO: [Synth 8-7129] Port tx_period_ns[33] in module xxv_ethernet_v5_0_2_mac_baser_axis_nopause_hsec_cores is either unconnected or has no load
INFO: [Synth 8-7129] Port tx_period_ns[32] in module xxv_ethernet_v5_0_2_mac_baser_axis_nopause_hsec_cores is either unconnected or has no load
INFO: [Synth 8-7129] Port tx_period_ns[31] in module xxv_ethernet_v5_0_2_mac_baser_axis_nopause_hsec_cores is either unconnected or has no load
INFO: [Synth 8-7129] Port tx_period_ns[30] in module xxv_ethernet_v5_0_2_mac_baser_axis_nopause_hsec_cores is either unconnected or has no load
INFO: [Synth 8-7129] Port tx_period_ns[29] in module xxv_ethernet_v5_0_2_mac_baser_axis_nopause_hsec_cores is either unconnected or has no load
INFO: [Synth 8-7129] Port tx_period_ns[28] in module xxv_ethernet_v5_0_2_mac_baser_axis_nopause_hsec_cores is either unconnected or has no load
INFO: [Common 17-14] Message 'Synth 8-7129' appears 100 times and further instances of the messages will be disabled. Use the Tcl command set_msg_config to change the current settings.
---------------------------------------------------------------------------------
Finished RTL Elaboration : Time (s): cpu = 00:00:11 ; elapsed = 00:00:11 . Memory (MB): peak = 2548.703 ; gain = 819.230
---------------------------------------------------------------------------------
---------------------------------------------------------------------------------
Start Handling Custom Attributes
---------------------------------------------------------------------------------
---------------------------------------------------------------------------------
Finished Handling Custom Attributes : Time (s): cpu = 00:00:11 ; elapsed = 00:00:12 . Memory (MB): peak = 2548.703 ; gain = 819.230
---------------------------------------------------------------------------------
---------------------------------------------------------------------------------
Finished RTL Optimization Phase 1 : Time (s): cpu = 00:00:11 ; elapsed = 00:00:12 . Memory (MB): peak = 2548.703 ; gain = 819.230
---------------------------------------------------------------------------------
Netlist sorting complete. Time (s): cpu = 00:00:00 ; elapsed = 00:00:00.170 . Memory (MB): peak = 2548.703 ; gain = 0.000
INFO: [Netlist 29-17] Analyzing 41 Unisim elements for replacement
INFO: [Netlist 29-28] Unisim Transformation completed in 1 CPU seconds
INFO: [Project 1-570] Preparing netlist for logic optimization

Processing XDC Constraints
Initializing timing engine
Parsing XDC File [d:/repo/XCKU5PMini/udp_hls_10g/_proj_10g/xxv_probe/macpcs64/macpcs64.gen/sources_1/ip/macpcs64/synth/macpcs64_ooc.xdc] for cell 'inst'
Finished Parsing XDC File [d:/repo/XCKU5PMini/udp_hls_10g/_proj_10g/xxv_probe/macpcs64/macpcs64.gen/sources_1/ip/macpcs64/synth/macpcs64_ooc.xdc] for cell 'inst'
Parsing XDC File [d:/repo/XCKU5PMini/udp_hls_10g/_proj_10g/xxv_probe/macpcs64/macpcs64.gen/sources_1/ip/macpcs64/ip_0/synth/macpcs64_gt.xdc] for cell 'inst/i_macpcs64_gt/inst'
Finished Parsing XDC File [d:/repo/XCKU5PMini/udp_hls_10g/_proj_10g/xxv_probe/macpcs64/macpcs64.gen/sources_1/ip/macpcs64/ip_0/synth/macpcs64_gt.xdc] for cell 'inst/i_macpcs64_gt/inst'
INFO: [Project 1-236] Implementation specific constraints were found while reading constraint file [d:/repo/XCKU5PMini/udp_hls_10g/_proj_10g/xxv_probe/macpcs64/macpcs64.gen/sources_1/ip/macpcs64/ip_0/synth/macpcs64_gt.xdc]. These constraints will be ignored for synthesis but will be used in implementation. Impacted constraints are listed in the file [.Xil/macpcs64_propImpl.xdc].
Resolution: To avoid this warning, move constraints listed in [.Xil/macpcs64_propImpl.xdc] to another XDC file and exclude this new file from synthesis with the used_in_synthesis property (File Properties dialog in GUI) and re-run elaboration/synthesis.
Parsing XDC File [d:/repo/XCKU5PMini/udp_hls_10g/_proj_10g/xxv_probe/macpcs64/macpcs64.gen/sources_1/ip/macpcs64/synth/macpcs64_board.xdc] for cell 'inst'
Finished Parsing XDC File [d:/repo/XCKU5PMini/udp_hls_10g/_proj_10g/xxv_probe/macpcs64/macpcs64.gen/sources_1/ip/macpcs64/synth/macpcs64_board.xdc] for cell 'inst'
Parsing XDC File [d:/repo/XCKU5PMini/udp_hls_10g/_proj_10g/xxv_probe/macpcs64/macpcs64.gen/sources_1/ip/macpcs64/synth/macpcs64.xdc] for cell 'inst'
WARNING: [Constraints 18-619] A clock with name 'gt_refclk_p[0]' already exists, overwriting the previous clock with the same name. [d:/repo/XCKU5PMini/udp_hls_10g/_proj_10g/xxv_probe/macpcs64/macpcs64.gen/sources_1/ip/macpcs64/synth/macpcs64.xdc:65]
Finished Parsing XDC File [d:/repo/XCKU5PMini/udp_hls_10g/_proj_10g/xxv_probe/macpcs64/macpcs64.gen/sources_1/ip/macpcs64/synth/macpcs64.xdc] for cell 'inst'
INFO: [Project 1-236] Implementation specific constraints were found while reading constraint file [d:/repo/XCKU5PMini/udp_hls_10g/_proj_10g/xxv_probe/macpcs64/macpcs64.gen/sources_1/ip/macpcs64/synth/macpcs64.xdc]. These constraints will be ignored for synthesis but will be used in implementation. Impacted constraints are listed in the file [.Xil/macpcs64_propImpl.xdc].
Resolution: To avoid this warning, move constraints listed in [.Xil/macpcs64_propImpl.xdc] to another XDC file and exclude this new file from synthesis with the used_in_synthesis property (File Properties dialog in GUI) and re-run elaboration/synthesis.
WARNING: [Timing 38-277] The instance 'inst/i_macpcs64_gt/inst/gen_gtwizard_gtye4_top.macpcs64_gt_gtwizard_gtye4_inst/gen_gtwizard_gtye4.gen_channel_container[1].gen_enabled_channel.gtye4_channel_wrapper_inst/channel_inst/gtye4_channel_gen.gen_gtye4_channel_inst[0].GTYE4_CHANNEL_PRIM_INST' has RXOUTCLKSEL pins that are not constant, so the corresponding mux will select the input(s) having the worst case (highest frequency) clock(s) for automatic derivation of generated clocks
WARNING: [Timing 38-277] The instance 'inst/i_macpcs64_gt/inst/gen_gtwizard_gtye4_top.macpcs64_gt_gtwizard_gtye4_inst/gen_gtwizard_gtye4.gen_channel_container[1].gen_enabled_channel.gtye4_channel_wrapper_inst/channel_inst/gtye4_channel_gen.gen_gtye4_channel_inst[0].GTYE4_CHANNEL_PRIM_INST' has TXOUTCLKSEL pins that are not constant, so the corresponding mux will select the input(s) having the worst case (highest frequency) clock(s) for automatic derivation of generated clocks
WARNING: [Timing 38-277] The instance 'inst/i_macpcs64_gt/inst/gen_gtwizard_gtye4_top.macpcs64_gt_gtwizard_gtye4_inst/gen_gtwizard_gtye4.gen_channel_container[1].gen_enabled_channel.gtye4_channel_wrapper_inst/channel_inst/gtye4_channel_gen.gen_gtye4_channel_inst[0].GTYE4_CHANNEL_PRIM_INST' has RXOUTCLKSEL pins that are not constant, so the corresponding mux will select the input(s) having the worst case (highest frequency) clock(s) for automatic derivation of generated clocks
WARNING: [Timing 38-277] The instance 'inst/i_macpcs64_gt/inst/gen_gtwizard_gtye4_top.macpcs64_gt_gtwizard_gtye4_inst/gen_gtwizard_gtye4.gen_channel_container[1].gen_enabled_channel.gtye4_channel_wrapper_inst/channel_inst/gtye4_channel_gen.gen_gtye4_channel_inst[0].GTYE4_CHANNEL_PRIM_INST' has TXOUTCLKSEL pins that are not constant, so the corresponding mux will select the input(s) having the worst case (highest frequency) clock(s) for automatic derivation of generated clocks
INFO: [Timing 38-2] Deriving generated clocks
Parsing XDC File [D:/repo/XCKU5PMini/udp_hls_10g/_proj_10g/xxv_probe/macpcs64/macpcs64.runs/macpcs64_synth_1/dont_touch.xdc]
Finished Parsing XDC File [D:/repo/XCKU5PMini/udp_hls_10g/_proj_10g/xxv_probe/macpcs64/macpcs64.runs/macpcs64_synth_1/dont_touch.xdc]
INFO: [Project 1-236] Implementation specific constraints were found while reading constraint file [D:/repo/XCKU5PMini/udp_hls_10g/_proj_10g/xxv_probe/macpcs64/macpcs64.runs/macpcs64_synth_1/dont_touch.xdc]. These constraints will be ignored for synthesis but will be used in implementation. Impacted constraints are listed in the file [.Xil/macpcs64_propImpl.xdc].
Resolution: To avoid this warning, move constraints listed in [.Xil/macpcs64_propImpl.xdc] to another XDC file and exclude this new file from synthesis with the used_in_synthesis property (File Properties dialog in GUI) and re-run elaboration/synthesis.
Completed Processing XDC Constraints

Netlist sorting complete. Time (s): cpu = 00:00:00 ; elapsed = 00:00:00.006 . Memory (MB): peak = 2548.703 ; gain = 0.000
INFO: [Project 1-111] Unisim Transformation Summary:
  A total of 41 instances were transformed.
  RAM32M => RAM32M (RAMD32(x6), RAMS32(x2)): 39 instances
  RAM64X1S => RAM64X1S (RAMS64E): 2 instances

Constraint Validation Runtime : Time (s): cpu = 00:00:00 ; elapsed = 00:00:00.117 . Memory (MB): peak = 2548.703 ; gain = 0.000
INFO: [Designutils 20-5008] Incremental synthesis strategy off
---------------------------------------------------------------------------------
Finished Constraint Validation : Time (s): cpu = 00:00:22 ; elapsed = 00:00:22 . Memory (MB): peak = 2548.703 ; gain = 819.230
---------------------------------------------------------------------------------
---------------------------------------------------------------------------------
Start Loading Part and Timing Information
---------------------------------------------------------------------------------
Loading part: xcku5p-ffvb676-1-e
INFO: [Synth 8-6742] Reading net delay rules and data
---------------------------------------------------------------------------------
Finished Loading Part and Timing Information : Time (s): cpu = 00:00:22 ; elapsed = 00:00:22 . Memory (MB): peak = 2548.703 ; gain = 819.230
---------------------------------------------------------------------------------
---------------------------------------------------------------------------------
Start Applying 'set_property' XDC Constraints
---------------------------------------------------------------------------------
---------------------------------------------------------------------------------
Finished applying 'set_property' XDC Constraints : Time (s): cpu = 00:00:22 ; elapsed = 00:00:22 . Memory (MB): peak = 2548.703 ; gain = 819.230
---------------------------------------------------------------------------------
INFO: [Synth 8-802] inferred FSM for state register 'sm_reset_all_reg' in module 'gtwizard_ultrascale_v1_7_22_gtwiz_reset'
INFO: [Synth 8-802] inferred FSM for state register 'sm_reset_tx_reg' in module 'gtwizard_ultrascale_v1_7_22_gtwiz_reset'
INFO: [Synth 8-802] inferred FSM for state register 'sm_reset_rx_reg' in module 'gtwizard_ultrascale_v1_7_22_gtwiz_reset'
INFO: [Synth 8-802] inferred FSM for state register 'state_reg' in module 'xxv_ethernet_v5_0_2_mac_baser_axis_nopause_tx_xgmii_scrambler'
INFO: [Synth 8-4490] FSM extraction disabled for register 'waddr_reg' through user attribute
INFO: [Synth 8-4490] FSM extraction disabled for register 'raddr_reg' through user attribute
INFO: [Synth 8-4490] FSM extraction disabled for register 'waddr_reg' through user attribute
INFO: [Synth 8-4490] FSM extraction disabled for register 'raddr_reg' through user attribute
INFO: [Synth 8-802] inferred FSM for state register 'rx_decoder_state_d3_reg' in module 'xxv_ethernet_v5_0_2_mac_baser_axis_nopause_rx_64b66b_decoder'
INFO: [Synth 8-4490] FSM extraction disabled for register 'rlane_fifo_waddr_reg' through user attribute
INFO: [Synth 8-4490] FSM extraction disabled for register 'rlane_fifo_raddr_reg' through user attribute
INFO: [Synth 8-4490] FSM extraction disabled for register 'rlane_fifo_waddr_reg' through user attribute
INFO: [Synth 8-4490] FSM extraction disabled for register 'rlane_fifo_raddr_reg' through user attribute
---------------------------------------------------------------------------------------------------
                   State |                     New Encoding |                Previous Encoding 
---------------------------------------------------------------------------------------------------
      ST_RESET_TX_BRANCH |                              000 |                              000
         ST_RESET_TX_PLL |                              001 |                              001
    ST_RESET_TX_DATAPATH |                              010 |                              010
   ST_RESET_TX_WAIT_LOCK |                              011 |                              011
ST_RESET_TX_WAIT_USERRDY |                              100 |                              100
ST_RESET_TX_WAIT_RESETDONE |                              101 |                              101
        ST_RESET_TX_IDLE |                              110 |                              110
---------------------------------------------------------------------------------------------------
INFO: [Synth 8-3354] encoded FSM with state register 'sm_reset_tx_reg' using encoding 'sequential' in module 'gtwizard_ultrascale_v1_7_22_gtwiz_reset'
---------------------------------------------------------------------------------------------------
                   State |                     New Encoding |                Previous Encoding 
---------------------------------------------------------------------------------------------------
      ST_RESET_RX_BRANCH |                              000 |                              000
         ST_RESET_RX_PLL |                              001 |                              001
    ST_RESET_RX_DATAPATH |                              010 |                              010
   ST_RESET_RX_WAIT_LOCK |                              011 |                              011
    ST_RESET_RX_WAIT_CDR |                              100 |                              100
ST_RESET_RX_WAIT_USERRDY |                              101 |                              101
ST_RESET_RX_WAIT_RESETDONE |                              110 |                              110
        ST_RESET_RX_IDLE |                              111 |                              111
---------------------------------------------------------------------------------------------------
INFO: [Synth 8-3354] encoded FSM with state register 'sm_reset_rx_reg' using encoding 'sequential' in module 'gtwizard_ultrascale_v1_7_22_gtwiz_reset'
---------------------------------------------------------------------------------------------------
                   State |                     New Encoding |                Previous Encoding 
---------------------------------------------------------------------------------------------------
       ST_RESET_ALL_INIT |                              000 |                              000
     ST_RESET_ALL_BRANCH |                              001 |                              001
     ST_RESET_ALL_TX_PLL |                              010 |                              010
ST_RESET_ALL_TX_PLL_WAIT |                              011 |                              011
      ST_RESET_ALL_RX_DP |                              100 |                              100
     ST_RESET_ALL_RX_PLL |                              101 |                              101
    ST_RESET_ALL_RX_WAIT |                              110 |                              110
                  iSTATE |                              111 |                              111
---------------------------------------------------------------------------------------------------
INFO: [Synth 8-3354] encoded FSM with state register 'sm_reset_all_reg' using encoding 'sequential' in module 'gtwizard_ultrascale_v1_7_22_gtwiz_reset'
INFO: [Synth 8-6904] The RAM "xxv_ethernet_v5_0_2_mac_baser_axis_nopause_tx_lbus_adapter:/tx_1588_fifo_r_reg" of size (depth=40 x width=2) is automatically implemented using LUTRAM. BRAM implementation would be inefficient 
---------------------------------------------------------------------------------------------------
                   State |                     New Encoding |                Previous Encoding 
---------------------------------------------------------------------------------------------------
                  iSTATE |                               00 |                               11
*
                      S0 |                               01 |                               00
                      S1 |                               10 |                               01
                      S2 |                               11 |                               10
---------------------------------------------------------------------------------------------------
INFO: [Synth 8-3354] encoded FSM with state register 'state_reg' using encoding 'sequential' in module 'xxv_ethernet_v5_0_2_mac_baser_axis_nopause_tx_xgmii_scrambler'
---------------------------------------------------------------------------------------------------
                   State |                     New Encoding |                Previous Encoding 
---------------------------------------------------------------------------------------------------
                 RX_INIT |                               01 |                               00
                    RX_E |                               00 |                               11
                    RX_T |                               11 |                               10
                    RX_D |                               10 |                               01
---------------------------------------------------------------------------------------------------
INFO: [Synth 8-3354] encoded FSM with state register 'rx_decoder_state_d3_reg' using encoding 'sequential' in module 'xxv_ethernet_v5_0_2_mac_baser_axis_nopause_rx_64b66b_decoder'
---------------------------------------------------------------------------------
Finished RTL Optimization Phase 2 : Time (s): cpu = 00:00:25 ; elapsed = 00:00:25 . Memory (MB): peak = 2548.703 ; gain = 819.230
---------------------------------------------------------------------------------
---------------------------------------------------------------------------------
Start RTL Component Statistics 
---------------------------------------------------------------------------------
---------------------------------------------------------------------------------
Finished RTL Component Statistics 
---------------------------------------------------------------------------------
---------------------------------------------------------------------------------
Start Part Resource Summary
---------------------------------------------------------------------------------
Part Resources:
DSPs: 1824 (col length:96)
BRAMs: 960 (col length: RAMB18 96 RAMB36 48)
---------------------------------------------------------------------------------
Finished Part Resource Summary
---------------------------------------------------------------------------------
---------------------------------------------------------------------------------
Start Cross Boundary and Area Optimization
---------------------------------------------------------------------------------
INFO: [Synth 8-6904] The RAM "inst/\i_macpcs64_top_0/i_macpcs64_CORE /\i_TX_TOP/i_TX_CORE/i_TX_CORE_STRIPER /i_TX_LBUS_ADAPTER/tx_1588_fifo_r_reg" of size (depth=40 x width=2) is automatically implemented using LUTRAM. BRAM implementation would be inefficient 
INFO: [Synth 8-6904] The RAM "inst/\i_macpcs64_top_0/i_macpcs64_CORE /\i_TX_TOP/i_TX_CORE/i_TX_CORE_STRIPER/i_TX_LBUS_ADAPTER /tx_1588_fifo_r_reg" of size (depth=40 x width=2) is automatically implemented using LUTRAM. BRAM implementation would be inefficient 
---------------------------------------------------------------------------------
Finished Cross Boundary and Area Optimization : Time (s): cpu = 00:00:43 ; elapsed = 00:00:44 . Memory (MB): peak = 2548.703 ; gain = 819.230
---------------------------------------------------------------------------------
---------------------------------------------------------------------------------
Start Applying XDC Timing Constraints
---------------------------------------------------------------------------------
WARNING: [Synth 8-565] redefining clock 'gt_refclk_p[0]'
---------------------------------------------------------------------------------
Finished Applying XDC Timing Constraints : Time (s): cpu = 00:00:49 ; elapsed = 00:00:50 . Memory (MB): peak = 2901.797 ; gain = 1172.324
---------------------------------------------------------------------------------
---------------------------------------------------------------------------------
Start Timing Optimization
---------------------------------------------------------------------------------
---------------------------------------------------------------------------------
Finished Timing Optimization : Time (s): cpu = 00:00:50 ; elapsed = 00:00:51 . Memory (MB): peak = 2939.719 ; gain = 1210.246
---------------------------------------------------------------------------------
---------------------------------------------------------------------------------
Start Technology Mapping
---------------------------------------------------------------------------------
---------------------------------------------------------------------------------
Finished Technology Mapping : Time (s): cpu = 00:00:52 ; elapsed = 00:00:54 . Memory (MB): peak = 3096.527 ; gain = 1367.055
---------------------------------------------------------------------------------
---------------------------------------------------------------------------------
Start IO Insertion
---------------------------------------------------------------------------------
---------------------------------------------------------------------------------
Start Flattening Before IO Insertion
---------------------------------------------------------------------------------
---------------------------------------------------------------------------------
Finished Flattening Before IO Insertion
---------------------------------------------------------------------------------
---------------------------------------------------------------------------------
Start Final Netlist Cleanup
---------------------------------------------------------------------------------
---------------------------------------------------------------------------------
Finished Final Netlist Cleanup
---------------------------------------------------------------------------------
---------------------------------------------------------------------------------
Finished IO Insertion : Time (s): cpu = 00:00:55 ; elapsed = 00:00:56 . Memory (MB): peak = 3176.738 ; gain = 1447.266
---------------------------------------------------------------------------------
---------------------------------------------------------------------------------
Start Renaming Generated Instances
---------------------------------------------------------------------------------
---------------------------------------------------------------------------------
Finished Renaming Generated Instances : Time (s): cpu = 00:00:55 ; elapsed = 00:00:56 . Memory (MB): peak = 3176.738 ; gain = 1447.266
---------------------------------------------------------------------------------
---------------------------------------------------------------------------------
Start Rebuilding User Hierarchy
---------------------------------------------------------------------------------
---------------------------------------------------------------------------------
Finished Rebuilding User Hierarchy : Time (s): cpu = 00:00:55 ; elapsed = 00:00:56 . Memory (MB): peak = 3176.738 ; gain = 1447.266
---------------------------------------------------------------------------------
---------------------------------------------------------------------------------
Start Renaming Generated Ports
---------------------------------------------------------------------------------
---------------------------------------------------------------------------------
Finished Renaming Generated Ports : Time (s): cpu = 00:00:55 ; elapsed = 00:00:56 . Memory (MB): peak = 3176.738 ; gain = 1447.266
---------------------------------------------------------------------------------
---------------------------------------------------------------------------------
Start Handling Custom Attributes
---------------------------------------------------------------------------------
---------------------------------------------------------------------------------
Finished Handling Custom Attributes : Time (s): cpu = 00:00:55 ; elapsed = 00:00:57 . Memory (MB): peak = 3176.738 ; gain = 1447.266
---------------------------------------------------------------------------------
---------------------------------------------------------------------------------
Start Renaming Generated Nets
---------------------------------------------------------------------------------
---------------------------------------------------------------------------------
Finished Renaming Generated Nets : Time (s): cpu = 00:00:55 ; elapsed = 00:00:57 . Memory (MB): peak = 3176.738 ; gain = 1447.266
---------------------------------------------------------------------------------
---------------------------------------------------------------------------------
Start Writing Synthesis Report
---------------------------------------------------------------------------------

Report BlackBoxes: 
+-+--------------+----------+
| |BlackBox name |Instances |
+-+--------------+----------+
+-+--------------+----------+

Report Cell Usage: 
+------+--------------+------+
|      |Cell          |Count |
+------+--------------+------+
|1     |BUFG_GT       |     3|
|2     |CARRY8        |    34|
|3     |GTYE4_CHANNEL |     1|
|4     |GTYE4_COMMON  |     1|
|5     |IBUFDS_GTE4   |     1|
|6     |LUT1          |   118|
|7     |LUT2          |   646|
|8     |LUT3          |   488|
|9     |LUT4          |   766|
|10    |LUT5          |   877|
|11    |LUT6          |  2636|
|12    |MUXF7         |    73|
|13    |RAM32M        |    22|
|14    |RAM64M        |     1|
|15    |RAM64X1S      |     2|
|16    |SRL16E        |   163|
|17    |FDCE          |    18|
|18    |FDPE          |    64|
|19    |FDRE          |  4617|
|20    |FDSE          |   176|
+------+--------------+------+
---------------------------------------------------------------------------------
Finished Writing Synthesis Report : Time (s): cpu = 00:00:55 ; elapsed = 00:00:57 . Memory (MB): peak = 3176.738 ; gain = 1447.266
---------------------------------------------------------------------------------
Synthesis finished with 0 errors, 0 critical warnings and 1 warnings.
Synthesis Optimization Runtime : Time (s): cpu = 00:00:38 ; elapsed = 00:00:51 . Memory (MB): peak = 3176.738 ; gain = 1447.266
Synthesis Optimization Complete : Time (s): cpu = 00:00:56 ; elapsed = 00:00:57 . Memory (MB): peak = 3176.738 ; gain = 1447.266
INFO: [Project 1-571] Translating synthesized netlist
Netlist sorting complete. Time (s): cpu = 00:00:00 ; elapsed = 00:00:00.072 . Memory (MB): peak = 3176.738 ; gain = 0.000
INFO: [Netlist 29-17] Analyzing 132 Unisim elements for replacement
INFO: [Netlist 29-28] Unisim Transformation completed in 0 CPU seconds
INFO: [Project 1-570] Preparing netlist for logic optimization
INFO: [Opt 31-138] Pushed 0 inverter(s) to 0 load pin(s).
INFO: [Opt 31-441] Inserted BUFG_GT_SYNC inst/BUFG_GT_SYNC for BUFG_GT inst/refclk_bufg_gt_i
INFO: [Opt 31-441] Inserted BUFG_GT_SYNC inst/i_macpcs64_gt/inst/gen_gtwizard_gtye4_top.macpcs64_gt_gtwizard_gtye4_inst/gen_gtwizard_gtye4.gen_channel_container[1].gen_enabled_channel.gtye4_channel_wrapper_inst/channel_inst/BUFG_GT_SYNC for BUFG_GT inst/i_core_gtwiz_userclk_rx_inst_0/gen_gtwiz_userclk_rx_main.bufg_gt_usrclk_inst
INFO: [Opt 31-441] Inserted BUFG_GT_SYNC inst/i_macpcs64_gt/inst/gen_gtwizard_gtye4_top.macpcs64_gt_gtwizard_gtye4_inst/gen_gtwizard_gtye4.gen_channel_container[1].gen_enabled_channel.gtye4_channel_wrapper_inst/channel_inst/BUFG_GT_SYNC_1 for BUFG_GT inst/i_core_gtwiz_userclk_tx_inst_0/gen_gtwiz_userclk_tx_main.bufg_gt_usrclk_inst
Netlist sorting complete. Time (s): cpu = 00:00:00 ; elapsed = 00:00:00.002 . Memory (MB): peak = 3176.738 ; gain = 0.000
INFO: [Project 1-111] Unisim Transformation Summary:
  A total of 25 instances were transformed.
  RAM32M => RAM32M (RAMD32(x6), RAMS32(x2)): 22 instances
  RAM64M => RAM64M (RAMD64E(x4)): 1 instance 
  RAM64X1S => RAM64X1S (RAMS64E): 2 instances

Synth Design complete | Checksum: 5a49b423
INFO: [Common 17-83] Releasing license: Synthesis
230 Infos, 6 Warnings, 0 Critical Warnings and 0 Errors encountered.
synth_design completed successfully
synth_design: Time (s): cpu = 00:01:01 ; elapsed = 00:01:04 . Memory (MB): peak = 3176.738 ; gain = 2576.184
Write ShapeDB Complete: Time (s): cpu = 00:00:00 ; elapsed = 00:00:00.006 . Memory (MB): peak = 3176.738 ; gain = 0.000
INFO: [Common 17-1381] The checkpoint 'D:/repo/XCKU5PMini/udp_hls_10g/_proj_10g/xxv_probe/macpcs64/macpcs64.runs/macpcs64_synth_1/macpcs64.dcp' has been generated.
INFO: [Coretcl 2-1648] Added synthesis output to IP cache for IP macpcs64, cache-ID = 6e8a0dc8726865d4
INFO: [Coretcl 2-1174] Renamed 91 cell refs.
Write ShapeDB Complete: Time (s): cpu = 00:00:00 ; elapsed = 00:00:00.006 . Memory (MB): peak = 3176.738 ; gain = 0.000
INFO: [Common 17-1381] The checkpoint 'D:/repo/XCKU5PMini/udp_hls_10g/_proj_10g/xxv_probe/macpcs64/macpcs64.runs/macpcs64_synth_1/macpcs64.dcp' has been generated.
INFO: [Vivado 12-24828] Executing command : report_utilization -file macpcs64_utilization_synth.rpt -pb macpcs64_utilization_synth.pb
INFO: [Common 17-206] Exiting Vivado at Tue Sep 29 19:06:23 2026...
