Vivado Simulator v2025.2
Copyright 1986-2022 Xilinx, Inc. All Rights Reserved.
Copyright 2022-2025 Advanced Micro Devices, Inc. All Rights Reserved.
Running: C:/AMDDesignTools/2025.2/Vivado/bin/unwrapped/win64.o/xelab.exe -debug typical -timescale 1ns/1ps -L xil_defaultlib xil_defaultlib.tb_tx_cdc_chain -s tb_tx_cdc_chain -log xelab_run.log 
Multi-threading is on. Using 18 slave threads.
Starting static elaboration
Pass Through NonSizing Optimizer
WARNING: [VRFC 10-3645] port 'ovf_pulse' remains unconnected for this instance [D:/repo/XCKU5PMini/udp_hls_10g/audit_scratch/t3_txcdc/tb_tx_cdc_chain.v:84]
WARNING: [VRFC 10-3645] port 'stat_flush_words' remains unconnected for this instance [D:/repo/XCKU5PMini/udp_hls_10g/audit_scratch/t3_txcdc/tb_tx_cdc_chain.v:97]
WARNING: [VRFC 10-3645] port 'dbg_wptr' remains unconnected for this instance [D:/repo/XCKU5PMini/udp_hls_10g/rtl/mac_tx_64.v:70]
Completed static elaboration
Starting simulation data flow analysis
Completed simulation data flow analysis
Time Resolution for simulation is 1ps
Compiling module xil_defaultlib.fifo_async(WIDTH=73,DEPTH=256,AW...
Compiling module xil_defaultlib.fifo_sync(W=73,D=16,AW=4)
Compiling module xil_defaultlib.crc32_8b
Compiling module xil_defaultlib.mac_tx_64
Compiling module xil_defaultlib.tb_tx_cdc_chain
Built simulation snapshot tb_tx_cdc_chain
