#-----------------------------------------------------------
# xsim v2025.2 (64-bit)
# SW Build 6299465 on Fri Nov 14 19:35:11 GMT 2025
# IP Build 6300035 on Fri Nov 14 10:48:45 MST 2025
# SharedData Build 6298862 on Thu Nov 13 04:50:51 MST 2025
# Start of session at: Tue Sep 29 11:20:50 2026
# Process ID         : 25392
# Current directory  : D:/repo/XCKU5PMini/udp_hls_10g/audit_scratch/t7_p4chain
# Command line       : xsim.exe -log xsim_run.log -mode tcl -source {xsim.dir/tb_p4_chain/xsim_script.tcl}
# Log file           : D:/repo/XCKU5PMini/udp_hls_10g/audit_scratch/t7_p4chain/xsim_run.log
# Journal file       : D:/repo/XCKU5PMini/udp_hls_10g/audit_scratch/t7_p4chain\xsim.jou
# Running On         : xyz-intel
# Platform           : Windows Server 2016 or Windows 10
# Operating System   : 26200
# Processor Detail   : Intel(R) Core(TM) Ultra 7 265K
# CPU Frequency      : 3878 MHz
# CPU Physical cores : 20
# CPU Logical cores  : 20
# Host memory        : 68053 MB
# Swap memory        : 4294 MB
# Total Virtual      : 72348 MB
# Available Virtual  : 49652 MB
#-----------------------------------------------------------
source xsim.dir/tb_p4_chain/xsim_script.tcl
# xsim {tb_p4_chain} -autoloadwcfg -runall
Time resolution is 1 ps
run -all
WARNING: file txdrop.memh could not be opened
WARNING: file trunc.memh could not be opened
WARNING: file pcslow.memh could not be opened
WARNING: file halfdrop.memh could not be opened
Memory Collision Error on RAMB36E1 : tb_p4_chain.u_slow_rx.u_ff.gen_mem[0].u_main.gen_sdp.gen_wide.INT_RAMB_SDP.chk_for_col_msg at simulation time 160908.000 ns.
A read was performed on address 803f (hex) of port A while a write was requested to the same address on port B.  The write will be successful however the read value on port A is unknown until the next CLKA cycle.
Memory Collision Error on RAMB36E1 : tb_p4_chain.u_slow_tx.u_wf.gen_mem[0].u_main.gen_sdp.gen_wide.INT_RAMB_SDP.chk_for_col_msg at simulation time 184996.000 ns.
A read was performed on address 803f (hex) of port A while a write was requested to the same address on port B.  The write will be successful however the read value on port A is unknown until the next CLKA cycle.
Memory Collision Error on RAMB36E1 : tb_p4_chain.u_slow_rx.u_ff.gen_mem[0].u_main.gen_sdp.gen_wide.INT_RAMB_SDP.chk_for_col_msg at simulation time 321580.000 ns.
A read was performed on address 823f (hex) of port A while a write was requested to the same address on port B.  The write will be successful however the read value on port A is unknown until the next CLKA cycle.
Memory Collision Error on RAMB36E1 : tb_p4_chain.u_slow_tx.u_wf.gen_mem[0].u_main.gen_sdp.gen_wide.INT_RAMB_SDP.chk_for_col_msg at simulation time 350244.000 ns.
A read was performed on address 823f (hex) of port A while a write was requested to the same address on port B.  The write will be successful however the read value on port A is unknown until the next CLKA cycle.
Memory Collision Error on RAMB36E1 : tb_p4_chain.u_slow_rx.u_ff.gen_mem[0].u_main.gen_sdp.gen_wide.INT_RAMB_SDP.chk_for_col_msg at simulation time 482364.000 ns.
A read was performed on address 84bf (hex) of port A while a write was requested to the same address on port B.  The write will be successful however the read value on port A is unknown until the next CLKA cycle.
Memory Collision Error on RAMB36E1 : tb_p4_chain.u_slow_rx.u_ff.gen_mem[0].u_main.gen_sdp.gen_wide.INT_RAMB_SDP.chk_for_col_msg at simulation time 485676.000 ns.
A read was performed on address 86ff (hex) of port A while a write was requested to the same address on port B.  The write will be successful however the read value on port A is unknown until the next CLKA cycle.
Memory Collision Error on RAMB36E1 : tb_p4_chain.u_slow_tx.u_wf.gen_mem[0].u_main.gen_sdp.gen_wide.INT_RAMB_SDP.chk_for_col_msg at simulation time 508700.000 ns.
A read was performed on address 84bf (hex) of port A while a write was requested to the same address on port B.  The write will be successful however the read value on port A is unknown until the next CLKA cycle.
Memory Collision Error on RAMB36E1 : tb_p4_chain.u_slow_tx.u_wf.gen_mem[0].u_main.gen_sdp.gen_wide.INT_RAMB_SDP.chk_for_col_msg at simulation time 528484.000 ns.
A read was performed on address 86ff (hex) of port A while a write was requested to the same address on port B.  The write will be successful however the read value on port A is unknown until the next CLKA cycle.
RXDBG k=80773 seq=000003e8 ack=12345679 plen=0 acc=1 arsp=0 adv=0 dup=0 cam=1 st=1 rn=000003e8 rw=c000 su=12345679 sn=12345679 tk=ff tl=0
RXDBG k=82357 seq=000003e8 ack=12345679 plen=7 acc=1 arsp=0 adv=0 dup=0 cam=1 st=1 rn=000003e8 rw=c000 su=12345679 sn=12345679 tk=ff tl=0
Memory Collision Error on RAMB36E1 : tb_p4_chain.u_echo.u_fifo.gen_mem[0].u_main.gen_sdp.gen_wide.INT_RAMB_SDP.chk_for_col_msg at simulation time 659084.000 ns.
A read was performed on address 803f (hex) of port A while a write was requested to the same address on port B.  The write will be successful however the read value on port A is unknown until the next CLKA cycle.
RXDBG k=83943 seq=000003ef ack=12345679 plen=9 acc=1 arsp=0 adv=0 dup=0 cam=1 st=1 rn=000003ef rw=c000 su=12345679 sn=12345680 tk=ff tl=0
Memory Collision Error on RAMB36E1 : tb_p4_chain.u_echo.u_fifo.gen_mem[0].u_main.gen_sdp.gen_wide.INT_RAMB_SDP.chk_for_col_msg at simulation time 671772.000 ns.
A read was performed on address 807f (hex) of port A while a write was requested to the same address on port B.  The write will be successful however the read value on port A is unknown until the next CLKA cycle.
Memory Collision Error on RAMB36E1 : tb_p4_chain.u_slow_rx.u_ff.gen_mem[0].u_main.gen_sdp.gen_wide.INT_RAMB_SDP.chk_for_col_msg at simulation time 832204.000 ns.
A read was performed on address 88ff (hex) of port A while a write was requested to the same address on port B.  The write will be successful however the read value on port A is unknown until the next CLKA cycle.
RXDBG k=105614 seq=0000004d ack=00000384 plen=20 acc=1 arsp=0 adv=0 dup=0 cam=1 st=1 rn=0000004d rw=1800 su=00000384 sn=00000384 tk=ff tl=0
Memory Collision Error on RAMB36E1 : tb_p4_chain.u_echo.u_fifo.gen_mem[0].u_main.gen_sdp.gen_wide.INT_RAMB_SDP.chk_for_col_msg at simulation time 845196.000 ns.
A read was performed on address 80ff (hex) of port A while a write was requested to the same address on port B.  The write will be successful however the read value on port A is unknown until the next CLKA cycle.
Memory Collision Error on RAMB36E1 : tb_p4_chain.u_slow_tx.u_wf.gen_mem[0].u_main.gen_sdp.gen_wide.INT_RAMB_SDP.chk_for_col_msg at simulation time 857228.000 ns.
A read was performed on address 88ff (hex) of port A while a write was requested to the same address on port B.  The write will be successful however the read value on port A is unknown until the next CLKA cycle.
DONE rx(pass=4 nm=0 ack=3) tx(fr=6 ack=3) eco(echo=3) slow(cmt=5 drp=0 tx=5 pg=0)
GATEPROBE mm=0 wro=0 wrc=0 id0=0 blk=0 eff0=0 runmax=0 oprun=0 clrun=0 strad=0 strmm=0
$finish called at time : 1325276 ns : File "D:/repo/XCKU5PMini/udp_hls_10g/tb/tb_p4_chain.v" Line 1303
run: Time (s): cpu = 00:00:00 ; elapsed = 00:00:26 . Memory (MB): peak = 243.301 ; gain = 0.000
exit
INFO: xsimkernel Simulation Memory Usage: 47324 KB (Peak: 47324 KB), Simulation CPU Usage: 26234 ms
INFO: [Common 17-206] Exiting xsim at Tue Sep 29 11:21:18 2026...
