#-----------------------------------------------------------
# xsim v2025.2 (64-bit)
# SW Build 6299465 on Fri Nov 14 19:35:11 GMT 2025
# IP Build 6300035 on Fri Nov 14 10:48:45 MST 2025
# SharedData Build 6298862 on Thu Nov 13 04:50:51 MST 2025
# Start of session at: Tue Sep 29 09:42:23 2026
# Process ID         : 21276
# Current directory  : D:/repo/XCKU5PMini/udp_hls_10g/review_scratch/rd_macrx
# Command line       : xsim.exe -log xs_rv.log -mode tcl -source {xsim.dir/tb_rvw/xsim_script.tcl}
# Log file           : D:/repo/XCKU5PMini/udp_hls_10g/review_scratch/rd_macrx/xs_rv.log
# Journal file       : D:/repo/XCKU5PMini/udp_hls_10g/review_scratch/rd_macrx\xsim.jou
# Running On         : xyz-intel
# Platform           : Windows Server 2016 or Windows 10
# Operating System   : 26200
# Processor Detail   : Intel(R) Core(TM) Ultra 7 265K
# CPU Frequency      : 3878 MHz
# CPU Physical cores : 20
# CPU Logical cores  : 20
# Host memory        : 68053 MB
# Swap memory        : 4294 MB
# Total Virtual      : 72348 MB
# Available Virtual  : 46642 MB
#-----------------------------------------------------------
source xsim.dir/tb_rvw/xsim_script.tcl
# xsim {tb_rvw} -autoloadwcfg -runall
Time resolution is 1 ps
run -all
=== F1 control: content=200, no stall ===
   [framecnt delta#1] t=1964000 state=0 fbytes=204 bcnt=0 hwv=0 fifo_full=0 wptr=8 rptr=7 | out_words=24
F1 : FE W0=1 W1=204 W4=0 | DP W30=1 W31=204 | gap(W1-W31)=0 gap(W0-W30)=0  [orphan_run=0]
F1  DELTA: dW0=1 dW1=204 dW4=0 | dW30=1 dW31=204
=== F2: content=200, tready stalled cyc[30,300) ===
   t=5148000 st=0 fby=204 bcnt=0 hwv=0 push=0 last=0 full=0 wptr=9 rptr=9 dv=0 sf=1 sb=204 drops=0
   t=5156000 st=0 fby=204 bcnt=0 hwv=0 push=0 last=0 full=0 wptr=9 rptr=9 dv=0 sf=1 sb=204 drops=0
   t=5164000 st=0 fby=204 bcnt=0 hwv=0 push=0 last=0 full=0 wptr=9 rptr=9 dv=1 sf=1 sb=204 drops=0
   t=5172000 st=1 fby=204 bcnt=0 hwv=0 push=0 last=0 full=0 wptr=9 rptr=9 dv=1 sf=1 sb=204 drops=0
   t=5180000 st=1 fby=204 bcnt=0 hwv=0 push=0 last=0 full=0 wptr=9 rptr=9 dv=1 sf=1 sb=204 drops=0
   t=5188000 st=1 fby=204 bcnt=0 hwv=0 push=0 last=0 full=0 wptr=9 rptr=9 dv=1 sf=1 sb=204 drops=0
   t=5196000 st=1 fby=204 bcnt=0 hwv=0 push=0 last=0 full=0 wptr=9 rptr=9 dv=1 sf=1 sb=204 drops=0
   t=5204000 st=1 fby=204 bcnt=0 hwv=0 push=0 last=0 full=0 wptr=9 rptr=9 dv=1 sf=1 sb=204 drops=0
   t=5212000 st=1 fby=204 bcnt=0 hwv=0 push=0 last=0 full=0 wptr=9 rptr=9 dv=1 sf=1 sb=204 drops=0
   t=5220000 st=1 fby=204 bcnt=0 hwv=0 push=0 last=0 full=0 wptr=9 rptr=9 dv=1 sf=1 sb=204 drops=0
   t=5228000 st=1 fby=204 bcnt=0 hwv=0 push=0 last=0 full=0 wptr=9 rptr=9 dv=1 sf=1 sb=204 drops=0
   t=5780000 st=2 fby=68 bcnt=0 hwv=1 push=1 last=0 full=0 wptr=15 rptr=9 dv=1 sf=1 sb=204 drops=0
   t=5788000 st=2 fby=69 bcnt=1 hwv=1 push=0 last=0 full=0 wptr=0 rptr=9 dv=1 sf=1 sb=204 drops=0
   t=5796000 st=2 fby=70 bcnt=2 hwv=1 push=0 last=0 full=0 wptr=0 rptr=9 dv=1 sf=1 sb=204 drops=0
   t=5804000 st=2 fby=71 bcnt=3 hwv=1 push=0 last=0 full=0 wptr=0 rptr=9 dv=1 sf=1 sb=204 drops=0
   t=5812000 st=2 fby=72 bcnt=4 hwv=1 push=0 last=0 full=0 wptr=0 rptr=9 dv=1 sf=1 sb=204 drops=0
   t=5820000 st=2 fby=73 bcnt=5 hwv=1 push=0 last=0 full=0 wptr=0 rptr=9 dv=1 sf=1 sb=204 drops=0
   t=5828000 st=2 fby=74 bcnt=6 hwv=1 push=0 last=0 full=0 wptr=0 rptr=9 dv=1 sf=1 sb=204 drops=0
   t=5836000 st=2 fby=75 bcnt=7 hwv=1 push=0 last=0 full=0 wptr=0 rptr=9 dv=1 sf=1 sb=204 drops=0
   t=5844000 st=2 fby=76 bcnt=0 hwv=1 push=1 last=0 full=0 wptr=0 rptr=9 dv=1 sf=1 sb=204 drops=0
   t=5852000 st=2 fby=77 bcnt=1 hwv=1 push=0 last=0 full=1 wptr=1 rptr=9 dv=1 sf=1 sb=204 drops=0
   t=5860000 st=2 fby=78 bcnt=2 hwv=1 push=0 last=0 full=1 wptr=1 rptr=9 dv=1 sf=1 sb=204 drops=0
   t=5868000 st=2 fby=79 bcnt=3 hwv=1 push=0 last=0 full=1 wptr=1 rptr=9 dv=1 sf=1 sb=204 drops=0
   t=5876000 st=2 fby=80 bcnt=4 hwv=1 push=0 last=0 full=1 wptr=1 rptr=9 dv=1 sf=1 sb=204 drops=0
   t=5884000 st=2 fby=81 bcnt=5 hwv=1 push=0 last=0 full=1 wptr=1 rptr=9 dv=1 sf=1 sb=204 drops=0
   t=5892000 st=2 fby=82 bcnt=6 hwv=1 push=0 last=0 full=1 wptr=1 rptr=9 dv=1 sf=1 sb=204 drops=0
   t=5900000 st=2 fby=83 bcnt=7 hwv=1 push=0 last=0 full=1 wptr=1 rptr=9 dv=1 sf=1 sb=204 drops=0
   [drop #1] t=5908000  dut.state=3  stat_drop=1  stat_frames=1  out_words=25 out_popc=200 out_tlast=1
   t=5908000 st=3 fby=84 bcnt=7 hwv=0 push=0 last=0 full=1 wptr=1 rptr=9 dv=1 sf=1 sb=204 drops=1
   t=5916000 st=3 fby=84 bcnt=7 hwv=0 push=0 last=0 full=1 wptr=1 rptr=9 dv=1 sf=1 sb=204 drops=1
   t=5924000 st=3 fby=84 bcnt=7 hwv=0 push=0 last=0 full=1 wptr=1 rptr=9 dv=1 sf=1 sb=204 drops=1
   t=5932000 st=3 fby=84 bcnt=7 hwv=0 push=0 last=0 full=1 wptr=1 rptr=9 dv=1 sf=1 sb=204 drops=1
   t=5940000 st=3 fby=84 bcnt=7 hwv=0 push=0 last=0 full=1 wptr=1 rptr=9 dv=1 sf=1 sb=204 drops=1
   t=5948000 st=3 fby=84 bcnt=7 hwv=0 push=0 last=0 full=1 wptr=1 rptr=9 dv=1 sf=1 sb=204 drops=1
   t=5956000 st=3 fby=84 bcnt=7 hwv=0 push=0 last=0 full=1 wptr=1 rptr=9 dv=1 sf=1 sb=204 drops=1
   t=5964000 st=3 fby=84 bcnt=7 hwv=0 push=0 last=0 full=1 wptr=1 rptr=9 dv=1 sf=1 sb=204 drops=1
   t=5972000 st=3 fby=84 bcnt=7 hwv=0 push=0 last=0 full=1 wptr=1 rptr=9 dv=1 sf=1 sb=204 drops=1
   t=5980000 st=3 fby=84 bcnt=7 hwv=0 push=0 last=0 full=1 wptr=1 rptr=9 dv=1 sf=1 sb=204 drops=1
   t=5988000 st=3 fby=84 bcnt=7 hwv=0 push=0 last=0 full=1 wptr=1 rptr=9 dv=1 sf=1 sb=204 drops=1
   t=5996000 st=3 fby=84 bcnt=7 hwv=0 push=0 last=0 full=1 wptr=1 rptr=9 dv=1 sf=1 sb=204 drops=1
   t=6004000 st=3 fby=84 bcnt=7 hwv=0 push=0 last=0 full=1 wptr=1 rptr=9 dv=1 sf=1 sb=204 drops=1
   t=6012000 st=3 fby=84 bcnt=7 hwv=0 push=0 last=0 full=1 wptr=1 rptr=9 dv=1 sf=1 sb=204 drops=1
   t=6020000 st=3 fby=84 bcnt=7 hwv=0 push=0 last=0 full=1 wptr=1 rptr=9 dv=1 sf=1 sb=204 drops=1
   t=6028000 st=3 fby=84 bcnt=7 hwv=0 push=0 last=0 full=1 wptr=1 rptr=9 dv=1 sf=1 sb=204 drops=1
   t=6036000 st=3 fby=84 bcnt=7 hwv=0 push=0 last=0 full=1 wptr=1 rptr=9 dv=1 sf=1 sb=204 drops=1
   t=6044000 st=3 fby=84 bcnt=7 hwv=0 push=0 last=0 full=1 wptr=1 rptr=9 dv=1 sf=1 sb=204 drops=1
   t=6052000 st=3 fby=84 bcnt=7 hwv=0 push=0 last=0 full=1 wptr=1 rptr=9 dv=1 sf=1 sb=204 drops=1
   t=6060000 st=3 fby=84 bcnt=7 hwv=0 push=0 last=0 full=1 wptr=1 rptr=9 dv=1 sf=1 sb=204 drops=1
   t=6068000 st=3 fby=84 bcnt=7 hwv=0 push=0 last=0 full=1 wptr=1 rptr=9 dv=1 sf=1 sb=204 drops=1
   t=6076000 st=3 fby=84 bcnt=7 hwv=0 push=0 last=0 full=1 wptr=1 rptr=9 dv=1 sf=1 sb=204 drops=1
   t=6084000 st=3 fby=84 bcnt=7 hwv=0 push=0 last=0 full=1 wptr=1 rptr=9 dv=1 sf=1 sb=204 drops=1
   t=6092000 st=3 fby=84 bcnt=7 hwv=0 push=0 last=0 full=1 wptr=1 rptr=9 dv=1 sf=1 sb=204 drops=1
   t=6100000 st=3 fby=84 bcnt=7 hwv=0 push=0 last=0 full=1 wptr=1 rptr=9 dv=1 sf=1 sb=204 drops=1
   t=6108000 st=3 fby=84 bcnt=7 hwv=0 push=0 last=0 full=1 wptr=1 rptr=9 dv=1 sf=1 sb=204 drops=1
   t=6116000 st=3 fby=84 bcnt=7 hwv=0 push=0 last=0 full=1 wptr=1 rptr=9 dv=1 sf=1 sb=204 drops=1
   t=6124000 st=3 fby=84 bcnt=7 hwv=0 push=0 last=0 full=1 wptr=1 rptr=9 dv=1 sf=1 sb=204 drops=1
   t=6132000 st=3 fby=84 bcnt=7 hwv=0 push=0 last=0 full=1 wptr=1 rptr=9 dv=1 sf=1 sb=204 drops=1
   t=6140000 st=3 fby=84 bcnt=7 hwv=0 push=0 last=0 full=1 wptr=1 rptr=9 dv=1 sf=1 sb=204 drops=1
   t=6148000 st=3 fby=84 bcnt=7 hwv=0 push=0 last=0 full=1 wptr=1 rptr=9 dv=1 sf=1 sb=204 drops=1
   t=6156000 st=3 fby=84 bcnt=7 hwv=0 push=0 last=0 full=1 wptr=1 rptr=9 dv=1 sf=1 sb=204 drops=1
   t=6164000 st=3 fby=84 bcnt=7 hwv=0 push=0 last=0 full=1 wptr=1 rptr=9 dv=1 sf=1 sb=204 drops=1
   t=6172000 st=3 fby=84 bcnt=7 hwv=0 push=0 last=0 full=1 wptr=1 rptr=9 dv=1 sf=1 sb=204 drops=1
   t=6180000 st=3 fby=84 bcnt=7 hwv=0 push=0 last=0 full=1 wptr=1 rptr=9 dv=1 sf=1 sb=204 drops=1
   t=6188000 st=3 fby=84 bcnt=7 hwv=0 push=0 last=0 full=1 wptr=1 rptr=9 dv=1 sf=1 sb=204 drops=1
   t=6196000 st=3 fby=84 bcnt=7 hwv=0 push=0 last=0 full=1 wptr=1 rptr=9 dv=1 sf=1 sb=204 drops=1
   t=6204000 st=3 fby=84 bcnt=7 hwv=0 push=0 last=0 full=1 wptr=1 rptr=9 dv=1 sf=1 sb=204 drops=1
   t=6212000 st=3 fby=84 bcnt=7 hwv=0 push=0 last=0 full=1 wptr=1 rptr=9 dv=1 sf=1 sb=204 drops=1
   t=6220000 st=3 fby=84 bcnt=7 hwv=0 push=0 last=0 full=1 wptr=1 rptr=9 dv=1 sf=1 sb=204 drops=1
   t=6228000 st=3 fby=84 bcnt=7 hwv=0 push=0 last=0 full=1 wptr=1 rptr=9 dv=1 sf=1 sb=204 drops=1
   t=6236000 st=3 fby=84 bcnt=7 hwv=0 push=0 last=0 full=1 wptr=1 rptr=9 dv=1 sf=1 sb=204 drops=1
   t=6244000 st=3 fby=84 bcnt=7 hwv=0 push=0 last=0 full=1 wptr=1 rptr=9 dv=1 sf=1 sb=204 drops=1
   t=6252000 st=3 fby=84 bcnt=7 hwv=0 push=0 last=0 full=1 wptr=1 rptr=9 dv=1 sf=1 sb=204 drops=1
   t=6260000 st=3 fby=84 bcnt=7 hwv=0 push=0 last=0 full=1 wptr=1 rptr=9 dv=1 sf=1 sb=204 drops=1
   t=6268000 st=3 fby=84 bcnt=7 hwv=0 push=0 last=0 full=1 wptr=1 rptr=9 dv=1 sf=1 sb=204 drops=1
   t=6276000 st=3 fby=84 bcnt=7 hwv=0 push=0 last=0 full=1 wptr=1 rptr=9 dv=1 sf=1 sb=204 drops=1
   t=6284000 st=3 fby=84 bcnt=7 hwv=0 push=0 last=0 full=1 wptr=1 rptr=9 dv=1 sf=1 sb=204 drops=1
   t=6292000 st=3 fby=84 bcnt=7 hwv=0 push=0 last=0 full=1 wptr=1 rptr=9 dv=1 sf=1 sb=204 drops=1
   t=6300000 st=3 fby=84 bcnt=7 hwv=0 push=0 last=0 full=1 wptr=1 rptr=9 dv=1 sf=1 sb=204 drops=1
   t=6308000 st=3 fby=84 bcnt=7 hwv=0 push=0 last=0 full=1 wptr=1 rptr=9 dv=1 sf=1 sb=204 drops=1
   t=6316000 st=3 fby=84 bcnt=7 hwv=0 push=0 last=0 full=1 wptr=1 rptr=9 dv=1 sf=1 sb=204 drops=1
   t=6324000 st=3 fby=84 bcnt=7 hwv=0 push=0 last=0 full=1 wptr=1 rptr=9 dv=1 sf=1 sb=204 drops=1
   t=6332000 st=3 fby=84 bcnt=7 hwv=0 push=0 last=0 full=1 wptr=1 rptr=9 dv=1 sf=1 sb=204 drops=1
   t=6340000 st=3 fby=84 bcnt=7 hwv=0 push=0 last=0 full=1 wptr=1 rptr=9 dv=1 sf=1 sb=204 drops=1
   t=6348000 st=3 fby=84 bcnt=7 hwv=0 push=0 last=0 full=1 wptr=1 rptr=9 dv=1 sf=1 sb=204 drops=1
   t=6356000 st=3 fby=84 bcnt=7 hwv=0 push=0 last=0 full=1 wptr=1 rptr=9 dv=1 sf=1 sb=204 drops=1
   t=6364000 st=3 fby=84 bcnt=7 hwv=0 push=0 last=0 full=1 wptr=1 rptr=9 dv=1 sf=1 sb=204 drops=1
   t=6372000 st=3 fby=84 bcnt=7 hwv=0 push=0 last=0 full=1 wptr=1 rptr=9 dv=1 sf=1 sb=204 drops=1
   t=6380000 st=3 fby=84 bcnt=7 hwv=0 push=0 last=0 full=1 wptr=1 rptr=9 dv=1 sf=1 sb=204 drops=1
   t=6388000 st=3 fby=84 bcnt=7 hwv=0 push=0 last=0 full=1 wptr=1 rptr=9 dv=1 sf=1 sb=204 drops=1
   t=6396000 st=3 fby=84 bcnt=7 hwv=0 push=0 last=0 full=1 wptr=1 rptr=9 dv=1 sf=1 sb=204 drops=1
   t=6404000 st=3 fby=84 bcnt=7 hwv=0 push=0 last=0 full=1 wptr=1 rptr=9 dv=1 sf=1 sb=204 drops=1
   t=6412000 st=3 fby=84 bcnt=7 hwv=0 push=0 last=0 full=1 wptr=1 rptr=9 dv=1 sf=1 sb=204 drops=1
   t=6420000 st=3 fby=84 bcnt=7 hwv=0 push=0 last=0 full=1 wptr=1 rptr=9 dv=1 sf=1 sb=204 drops=1
   t=6428000 st=3 fby=84 bcnt=7 hwv=0 push=0 last=0 full=1 wptr=1 rptr=9 dv=1 sf=1 sb=204 drops=1
   t=6436000 st=3 fby=84 bcnt=7 hwv=0 push=0 last=0 full=1 wptr=1 rptr=9 dv=1 sf=1 sb=204 drops=1
   t=6444000 st=3 fby=84 bcnt=7 hwv=0 push=0 last=0 full=1 wptr=1 rptr=9 dv=1 sf=1 sb=204 drops=1
   t=6452000 st=3 fby=84 bcnt=7 hwv=0 push=0 last=0 full=1 wptr=1 rptr=9 dv=1 sf=1 sb=204 drops=1
   t=6460000 st=3 fby=84 bcnt=7 hwv=0 push=0 last=0 full=1 wptr=1 rptr=9 dv=1 sf=1 sb=204 drops=1
   t=6468000 st=3 fby=84 bcnt=7 hwv=0 push=0 last=0 full=1 wptr=1 rptr=9 dv=1 sf=1 sb=204 drops=1
   t=6476000 st=3 fby=84 bcnt=7 hwv=0 push=0 last=0 full=1 wptr=1 rptr=9 dv=1 sf=1 sb=204 drops=1
   t=6484000 st=3 fby=84 bcnt=7 hwv=0 push=0 last=0 full=1 wptr=1 rptr=9 dv=1 sf=1 sb=204 drops=1
   t=6492000 st=3 fby=84 bcnt=7 hwv=0 push=0 last=0 full=1 wptr=1 rptr=9 dv=1 sf=1 sb=204 drops=1
   t=6500000 st=3 fby=84 bcnt=7 hwv=0 push=0 last=0 full=1 wptr=1 rptr=9 dv=1 sf=1 sb=204 drops=1
   t=6508000 st=3 fby=84 bcnt=7 hwv=0 push=0 last=0 full=1 wptr=1 rptr=9 dv=1 sf=1 sb=204 drops=1
   t=6516000 st=3 fby=84 bcnt=7 hwv=0 push=0 last=0 full=1 wptr=1 rptr=9 dv=1 sf=1 sb=204 drops=1
   t=6524000 st=3 fby=84 bcnt=7 hwv=0 push=0 last=0 full=1 wptr=1 rptr=9 dv=1 sf=1 sb=204 drops=1
   t=6532000 st=3 fby=84 bcnt=7 hwv=0 push=0 last=0 full=1 wptr=1 rptr=9 dv=1 sf=1 sb=204 drops=1
   t=6540000 st=3 fby=84 bcnt=7 hwv=0 push=0 last=0 full=1 wptr=1 rptr=9 dv=1 sf=1 sb=204 drops=1
   t=6548000 st=3 fby=84 bcnt=7 hwv=0 push=0 last=0 full=1 wptr=1 rptr=9 dv=1 sf=1 sb=204 drops=1
   t=6556000 st=3 fby=84 bcnt=7 hwv=0 push=0 last=0 full=1 wptr=1 rptr=9 dv=1 sf=1 sb=204 drops=1
   t=6564000 st=3 fby=84 bcnt=7 hwv=0 push=0 last=0 full=1 wptr=1 rptr=9 dv=1 sf=1 sb=204 drops=1
   t=6572000 st=3 fby=84 bcnt=7 hwv=0 push=0 last=0 full=1 wptr=1 rptr=9 dv=1 sf=1 sb=204 drops=1
   t=6580000 st=3 fby=84 bcnt=7 hwv=0 push=0 last=0 full=1 wptr=1 rptr=9 dv=1 sf=1 sb=204 drops=1
   t=6588000 st=3 fby=84 bcnt=7 hwv=0 push=0 last=0 full=1 wptr=1 rptr=9 dv=1 sf=1 sb=204 drops=1
   t=6596000 st=3 fby=84 bcnt=7 hwv=0 push=0 last=0 full=1 wptr=1 rptr=9 dv=1 sf=1 sb=204 drops=1
   t=6604000 st=3 fby=84 bcnt=7 hwv=0 push=0 last=0 full=1 wptr=1 rptr=9 dv=1 sf=1 sb=204 drops=1
   t=6612000 st=3 fby=84 bcnt=7 hwv=0 push=0 last=0 full=1 wptr=1 rptr=9 dv=1 sf=1 sb=204 drops=1
   t=6620000 st=3 fby=84 bcnt=7 hwv=0 push=0 last=0 full=1 wptr=1 rptr=9 dv=1 sf=1 sb=204 drops=1
   t=6628000 st=3 fby=84 bcnt=7 hwv=0 push=0 last=0 full=1 wptr=1 rptr=9 dv=1 sf=1 sb=204 drops=1
   t=6636000 st=3 fby=84 bcnt=7 hwv=0 push=0 last=0 full=1 wptr=1 rptr=9 dv=1 sf=1 sb=204 drops=1
   t=6644000 st=3 fby=84 bcnt=7 hwv=0 push=0 last=0 full=1 wptr=1 rptr=9 dv=1 sf=1 sb=204 drops=1
   t=6652000 st=3 fby=84 bcnt=7 hwv=0 push=0 last=0 full=1 wptr=1 rptr=9 dv=1 sf=1 sb=204 drops=1
   t=6660000 st=3 fby=84 bcnt=7 hwv=0 push=0 last=0 full=1 wptr=1 rptr=9 dv=1 sf=1 sb=204 drops=1
   t=6668000 st=3 fby=84 bcnt=7 hwv=0 push=0 last=0 full=1 wptr=1 rptr=9 dv=1 sf=1 sb=204 drops=1
   t=6676000 st=3 fby=84 bcnt=7 hwv=0 push=0 last=0 full=1 wptr=1 rptr=9 dv=1 sf=1 sb=204 drops=1
   t=6684000 st=3 fby=84 bcnt=7 hwv=0 push=0 last=0 full=1 wptr=1 rptr=9 dv=1 sf=1 sb=204 drops=1
   t=6692000 st=3 fby=84 bcnt=7 hwv=0 push=0 last=0 full=1 wptr=1 rptr=9 dv=1 sf=1 sb=204 drops=1
   t=6700000 st=3 fby=84 bcnt=7 hwv=0 push=0 last=0 full=1 wptr=1 rptr=9 dv=1 sf=1 sb=204 drops=1
   t=6708000 st=3 fby=84 bcnt=7 hwv=0 push=0 last=0 full=1 wptr=1 rptr=9 dv=1 sf=1 sb=204 drops=1
   t=6716000 st=3 fby=84 bcnt=7 hwv=0 push=0 last=0 full=1 wptr=1 rptr=9 dv=1 sf=1 sb=204 drops=1
   t=6724000 st=3 fby=84 bcnt=7 hwv=0 push=0 last=0 full=1 wptr=1 rptr=9 dv=1 sf=1 sb=204 drops=1
   t=6732000 st=3 fby=84 bcnt=7 hwv=0 push=0 last=0 full=1 wptr=1 rptr=9 dv=1 sf=1 sb=204 drops=1
   t=6740000 st=3 fby=84 bcnt=7 hwv=0 push=0 last=0 full=1 wptr=1 rptr=9 dv=1 sf=1 sb=204 drops=1
   t=6748000 st=3 fby=84 bcnt=7 hwv=0 push=0 last=0 full=1 wptr=1 rptr=9 dv=1 sf=1 sb=204 drops=1
   t=6756000 st=3 fby=84 bcnt=7 hwv=0 push=0 last=0 full=1 wptr=1 rptr=9 dv=1 sf=1 sb=204 drops=1
   t=6764000 st=3 fby=84 bcnt=7 hwv=0 push=0 last=0 full=1 wptr=1 rptr=9 dv=1 sf=1 sb=204 drops=1
   t=6772000 st=3 fby=84 bcnt=7 hwv=0 push=0 last=0 full=1 wptr=1 rptr=9 dv=1 sf=1 sb=204 drops=1
   t=6780000 st=3 fby=84 bcnt=7 hwv=0 push=0 last=0 full=1 wptr=1 rptr=9 dv=1 sf=1 sb=204 drops=1
   t=6788000 st=3 fby=84 bcnt=7 hwv=0 push=0 last=0 full=1 wptr=1 rptr=9 dv=1 sf=1 sb=204 drops=1
   t=6796000 st=3 fby=84 bcnt=7 hwv=0 push=0 last=0 full=1 wptr=1 rptr=9 dv=1 sf=1 sb=204 drops=1
   t=6804000 st=3 fby=84 bcnt=7 hwv=0 push=0 last=0 full=1 wptr=1 rptr=9 dv=1 sf=1 sb=204 drops=1
   t=6812000 st=3 fby=84 bcnt=7 hwv=0 push=0 last=0 full=1 wptr=1 rptr=9 dv=1 sf=1 sb=204 drops=1
   t=6820000 st=3 fby=84 bcnt=7 hwv=0 push=0 last=0 full=1 wptr=1 rptr=9 dv=1 sf=1 sb=204 drops=1
   t=6828000 st=3 fby=84 bcnt=7 hwv=0 push=0 last=0 full=1 wptr=1 rptr=9 dv=1 sf=1 sb=204 drops=1
   t=6836000 st=3 fby=84 bcnt=7 hwv=0 push=0 last=0 full=1 wptr=1 rptr=9 dv=1 sf=1 sb=204 drops=1
   t=6844000 st=3 fby=84 bcnt=7 hwv=0 push=0 last=0 full=1 wptr=1 rptr=9 dv=1 sf=1 sb=204 drops=1
   t=6852000 st=3 fby=84 bcnt=7 hwv=0 push=0 last=0 full=1 wptr=1 rptr=9 dv=1 sf=1 sb=204 drops=1
F2s: FE W0=1 W1=204 W4=1 | DP W30=1 W31=204 | gap(W1-W31)=0 gap(W0-W30)=0  [orphan_run=0]
F2 : FE W0=1 W1=204 W4=1 | DP W30=1 W31=268 | gap(W1-W31)=4294967232 gap(W0-W30)=0  [orphan_run=8]
F2  DELTA: dW0=0 dW1=0 dW4=1 | dW30=0 dW31=64
=== F3: content=72 (exactly 9 words), tready stalled cyc[12,300) ===
   t=10220000 st=0 fby=84 bcnt=7 hwv=0 push=0 last=0 full=0 wptr=1 rptr=1 dv=0 sf=1 sb=204 drops=1
   t=10228000 st=0 fby=84 bcnt=7 hwv=0 push=0 last=0 full=0 wptr=1 rptr=1 dv=0 sf=1 sb=204 drops=1
   t=10236000 st=0 fby=84 bcnt=7 hwv=0 push=0 last=0 full=0 wptr=1 rptr=1 dv=1 sf=1 sb=204 drops=1
   t=10244000 st=1 fby=84 bcnt=7 hwv=0 push=0 last=0 full=0 wptr=1 rptr=1 dv=1 sf=1 sb=204 drops=1
   t=10252000 st=1 fby=84 bcnt=7 hwv=0 push=0 last=0 full=0 wptr=1 rptr=1 dv=1 sf=1 sb=204 drops=1
   t=10260000 st=1 fby=84 bcnt=7 hwv=0 push=0 last=0 full=0 wptr=1 rptr=1 dv=1 sf=1 sb=204 drops=1
   t=10268000 st=1 fby=84 bcnt=7 hwv=0 push=0 last=0 full=0 wptr=1 rptr=1 dv=1 sf=1 sb=204 drops=1
   t=10276000 st=1 fby=84 bcnt=7 hwv=0 push=0 last=0 full=0 wptr=1 rptr=1 dv=1 sf=1 sb=204 drops=1
   t=10284000 st=1 fby=84 bcnt=7 hwv=0 push=0 last=0 full=0 wptr=1 rptr=1 dv=1 sf=1 sb=204 drops=1
   t=10292000 st=1 fby=84 bcnt=7 hwv=0 push=0 last=0 full=0 wptr=1 rptr=1 dv=1 sf=1 sb=204 drops=1
   t=10300000 st=1 fby=84 bcnt=7 hwv=0 push=0 last=0 full=0 wptr=1 rptr=1 dv=1 sf=1 sb=204 drops=1
   t=10852000 st=2 fby=68 bcnt=0 hwv=1 push=1 last=0 full=0 wptr=7 rptr=1 dv=1 sf=1 sb=204 drops=1
   t=10860000 st=2 fby=69 bcnt=1 hwv=1 push=0 last=0 full=0 wptr=8 rptr=1 dv=1 sf=1 sb=204 drops=1
   t=10868000 st=2 fby=70 bcnt=2 hwv=1 push=0 last=0 full=0 wptr=8 rptr=1 dv=1 sf=1 sb=204 drops=1
   t=10876000 st=2 fby=71 bcnt=3 hwv=1 push=0 last=0 full=0 wptr=8 rptr=1 dv=1 sf=1 sb=204 drops=1
   t=10884000 st=2 fby=72 bcnt=4 hwv=1 push=0 last=0 full=0 wptr=8 rptr=1 dv=1 sf=1 sb=204 drops=1
   t=10892000 st=2 fby=73 bcnt=5 hwv=1 push=0 last=0 full=0 wptr=8 rptr=1 dv=1 sf=1 sb=204 drops=1
   t=10900000 st=2 fby=74 bcnt=6 hwv=1 push=0 last=0 full=0 wptr=8 rptr=1 dv=1 sf=1 sb=204 drops=1
   t=10908000 st=2 fby=75 bcnt=7 hwv=1 push=0 last=0 full=0 wptr=8 rptr=1 dv=1 sf=1 sb=204 drops=1
   t=10916000 st=2 fby=76 bcnt=0 hwv=1 push=1 last=0 full=0 wptr=8 rptr=1 dv=0 sf=1 sb=204 drops=1
   [framecnt delta#1] t=10924000 state=0 fbytes=76 bcnt=0 hwv=0 fifo_full=1 wptr=9 rptr=1 | out_words=33
   t=10924000 st=0 fby=76 bcnt=0 hwv=0 push=1 last=1 full=1 wptr=9 rptr=1 dv=0 sf=2 sb=280 drops=1
   t=10932000 st=0 fby=76 bcnt=0 hwv=0 push=0 last=0 full=1 wptr=9 rptr=1 dv=0 sf=2 sb=280 drops=1
   t=10940000 st=0 fby=76 bcnt=0 hwv=0 push=0 last=0 full=1 wptr=9 rptr=1 dv=0 sf=2 sb=280 drops=1
   t=10948000 st=0 fby=76 bcnt=0 hwv=0 push=0 last=0 full=1 wptr=9 rptr=1 dv=0 sf=2 sb=280 drops=1
   t=10956000 st=0 fby=76 bcnt=0 hwv=0 push=0 last=0 full=1 wptr=9 rptr=1 dv=0 sf=2 sb=280 drops=1
F3s: FE W0=2 W1=280 W4=1 | DP W30=1 W31=268 | gap(W1-W31)=12 gap(W0-W30)=1  [orphan_run=8]
F3 : FE W0=2 W1=280 W4=1 | DP W30=1 W31=332 | gap(W1-W31)=4294967244 gap(W0-W30)=1  [orphan_run=16]
F3  DELTA: dW0=1 dW1=76 dW4=0 | dW30=0 dW31=64
=== F4 control: content=20, no stall ===
   [framecnt delta#1] t=14452000 state=0 fbytes=24 bcnt=4 hwv=0 fifo_full=0 wptr=11 rptr=10 | out_words=43
F4 : FE W0=3 W1=304 W4=1 | DP W30=2 W31=356 | gap(W1-W31)=4294967244 gap(W0-W30)=1  [orphan_run=0]
F4  DELTA: dW0=1 dW1=24 dW4=0 | dW30=1 dW31=24
------------------------------------------------------------
VERDICT: after F2 (mid-frame drop) and F3 (frame-end drop) the FE/DP
         byte identity W1==W31 is broken by the orphan words that were
         already pushed before the drop. Frame identity W0==W30 survives.
REVIEW_DONE
$finish called at time : 17628 ns : File "D:/repo/XCKU5PMini/udp_hls_10g/review_scratch/rw/tb_rvw_macrx.v" Line 165
exit
INFO: [Common 17-206] Exiting xsim at Tue Sep 29 09:42:25 2026...
